[   +9 ms] executing: sysctl hw.optional.arm64
[   +5 ms] Exit code 0 from: sysctl hw.optional.arm64
[        ] hw.optional.arm64: 1
[  +20 ms] Artifact Instance of 'AndroidGenSnapshotArtifacts' is not required, skipping update.
[        ] Artifact Instance of 'AndroidInternalBuildArtifacts' is not required, skipping update.
[        ] Artifact Instance of 'IOSEngineArtifacts' is not required, skipping update.
[        ] Artifact Instance of 'FlutterWebSdk' is not required, skipping update.
[        ] Artifact Instance of 'LegacyCanvasKitRemover' is not required, skipping update.
[        ] Artifact Instance of 'WindowsEngineArtifacts' is not required, skipping update.
[        ] Artifact Instance of 'MacOSEngineArtifacts' is not required, skipping update.
[        ] Artifact Instance of 'LinuxEngineArtifacts' is not required, skipping update.
[        ] Artifact Instance of 'LinuxFuchsiaSDKArtifacts' is not required, skipping update.
[        ] Artifact Instance of 'MacOSFuchsiaSDKArtifacts' is not required, skipping update.
[        ] Artifact Instance of 'FlutterRunnerSDKArtifacts' is not required, skipping update.
[        ] Artifact Instance of 'FlutterRunnerDebugSymbols' is not required, skipping update.
[  +13 ms] Artifact Instance of 'MaterialFonts' is not required, skipping update.
[        ] Artifact Instance of 'GradleWrapper' is not required, skipping update.
[        ] Artifact Instance of 'AndroidGenSnapshotArtifacts' is not required, skipping update.
[        ] Artifact Instance of 'AndroidInternalBuildArtifacts' is not required, skipping update.
[        ] Artifact Instance of 'FlutterWebSdk' is not required, skipping update.
[        ] Artifact Instance of 'LegacyCanvasKitRemover' is not required, skipping update.
[        ] Artifact Instance of 'FlutterSdk' is not required, skipping update.
[        ] Artifact Instance of 'WindowsEngineArtifacts' is not required, skipping update.
[        ] Artifact Instance of 'MacOSEngineArtifacts' is not required, skipping update.
[        ] Artifact Instance of 'LinuxEngineArtifacts' is not required, skipping update.
[        ] Artifact Instance of 'LinuxFuchsiaSDKArtifacts' is not required, skipping update.
[        ] Artifact Instance of 'MacOSFuchsiaSDKArtifacts' is not required, skipping update.
[        ] Artifact Instance of 'FlutterRunnerSDKArtifacts' is not required, skipping update.
[        ] Artifact Instance of 'FlutterRunnerDebugSymbols' is not required, skipping update.
[        ] Artifact Instance of 'IosUsbArtifacts' is not required, skipping update.
[        ] Artifact Instance of 'IosUsbArtifacts' is not required, skipping update.
[        ] Artifact Instance of 'IosUsbArtifacts' is not required, skipping update.
[        ] Artifact Instance of 'IosUsbArtifacts' is not required, skipping update.
[        ] Artifact Instance of 'IosUsbArtifacts' is not required, skipping update.
[        ] Artifact Instance of 'FontSubsetArtifacts' is not required, skipping update.
[        ] Artifact Instance of 'PubDependencies' is not required, skipping update.
[  +18 ms] Skipping pub get: version match.
[   +5 ms] executing: [/Users/otislewis/arena/] /opt/homebrew/Caskroom/flutter/3.32.0/flutter/bin/cache/dart-sdk/bin/dart pub --suppress-analytics deps --json
[ +143 ms] {
             "root": "arena",
             "packages": [
               {
                 "name": "arena",
                 "version": "1.0.0+1",
                 "kind": "root",
                 "source": "root",
                 "dependencies": [
                   "flutter",
                   "cupertino_icons",
                   "provider",
                   "firebase_core",
                   "firebase_auth",
                   "cloud_firestore",
                   "firebase_storage",
                   "uuid",
                   "image_picker",
                   "flutter_test",
                   "flutter_lints",
                   "firebase_core_web",
                   "firebase_auth_web",
                   "firebase_storage_web",
                   "cloud_firestore_web",
                   "js",
                   "web"
                 ],
                 "directDependencies": [
                   "flutter",
                   "cupertino_icons",
                   "provider",
                   "firebase_core",
                   "firebase_auth",
                   "cloud_firestore",
                   "firebase_storage",
                   "uuid",
                   "image_picker"
                 ],
                 "devDependencies": [
                   "flutter_test",
                   "flutter_lints"
                 ]
               },
               {
                 "name": "web",
                 "version": "0.1.4-beta",
                 "kind": "transitive",
                 "source": "hosted",
                 "dependencies": [],
                 "directDependencies": []
               },
               {
                 "name": "js",
                 "version": "0.6.7",
                 "kind": "transitive",
                 "source": "hosted",
                 "dependencies": [
                   "meta"
                 ],
                 "directDependencies": [
                   "meta"
                 ]
               },
               {
                 "name": "meta",
                 "version": "1.16.0",
                 "kind": "transitive",
                 "source": "hosted",
                 "dependencies": [],
                 "directDependencies": []
               },
               {
                 "name": "cloud_firestore_web",
                 "version": "3.12.5",
                 "kind": "transitive",
                 "source": "hosted",
                 "dependencies": [
                   "_flutterfire_internals",
                   "cloud_firestore_platform_interface",
                   "collection",
                   "firebase_core",
                   "firebase_core_web",
                   "flutter",
                   "flutter_web_plugins"
                 ],
                 "directDependencies": [
                   "_flutterfire_internals",
                   "cloud_firestore_platform_interface",
                   "collection",
                   "firebase_core",
                   "firebase_core_web",
                   "flutter",
                   "flutter_web_plugins"
                 ]
               },
               {
                 "name": "flutter_web_plugins",
                 "version": "0.0.0",
                 "kind": "transitive",
                 "source": "sdk",
                 "dependencies": [
                   "flutter",
                   "characters",
                   "collection",
                   "material_color_utilities",
                   "meta",
                   "vector_math"
                 ],
                 "directDependencies": [
                   "flutter",
                   "characters",
                   "collection",
                   "material_color_utilities",
                   "meta",
                   "vector_math"
                 ]
               },
               {
                 "name": "vector_math",
                 "version": "2.1.4",
                 "kind": "transitive",
                 "source": "hosted",
                 "dependencies": [],
                 "directDependencies": []
               },
               {
                 "name": "material_color_utilities",
                 "version": "0.11.1",
                 "kind": "transitive",
                 "source": "hosted",
                 "dependencies": [
                   "collection"
                 ],
                 "directDependencies": [
                   "collection"
                 ]
               },
               {
                 "name": "collection",
                 "version": "1.19.1",
                 "kind": "transitive",
                 "source": "hosted",
                 "dependencies": [],
                 "directDependencies": []
               },
               {
                 "name": "characters",
                 "version": "1.4.0",
                 "kind": "transitive",
                 "source": "hosted",
                 "dependencies": [],
                 "directDependencies": []
               },
               {
                 "name": "flutter",
                 "version": "0.0.0",
                 "kind": "direct",
                 "source": "sdk",
                 "dependencies": [
                   "characters",
                   "collection",
                   "material_color_utilities",
                   "meta",
                   "vector_math",
                   "sky_engine"
                 ],
                 "directDependencies": [
                   "characters",
                   "collection",
                   "material_color_utilities",
                   "meta",
                   "vector_math",
                   "sky_engine"
                 ]
               },
               {
                 "name": "sky_engine",
                 "version": "0.0.0",
                 "kind": "transitive",
                 "source": "sdk",
                 "dependencies": [],
                 "directDependencies": []
               },
               {
                 "name": "firebase_core_web",
                 "version": "2.23.0",
                 "kind": "transitive",
                 "source": "hosted",
                 "dependencies": [
                   "firebase_core_platform_interface",
                   "flutter",
                   "flutter_web_plugins",
                   "meta",
                   "web"
                 ],
                 "directDependencies": [
                   "firebase_core_platform_interface",
                   "flutter",
                   "flutter_web_plugins",
                   "meta",
                   "web"
                 ]
               },
               {
                 "name": "firebase_core_platform_interface",
                 "version": "5.4.0",
                 "kind": "transitive",
                 "source": "hosted",
                 "dependencies": [
                   "collection",
                   "flutter",
                   "flutter_test",
                   "meta",
                   "plugin_platform_interface"
                 ],
                 "directDependencies": [
                   "collection",
                   "flutter",
                   "flutter_test",
                   "meta",
                   "plugin_platform_interface"
                 ]
               },
               {
                 "name": "plugin_platform_interface",
                 "version": "2.1.8",
                 "kind": "transitive",
                 "source": "hosted",
                 "dependencies": [
                   "meta"
                 ],
                 "directDependencies": [
                   "meta"
                 ]
               },
               {
                 "name": "flutter_test",
                 "version": "0.0.0",
                 "kind": "dev",
                 "source": "sdk",
                 "dependencies": [
                   "flutter",
                   "test_api",
                   "matcher",
                   "path",
                   "fake_async",
                   "clock",
                   "stack_trace",
                   "vector_math",
                   "leak_tracker_flutter_testing",
                   "async",
                   "boolean_selector",
                   "characters",
                   "collection",
                   "leak_tracker",
                   "leak_tracker_testing",
                   "material_color_utilities",
                   "meta",
                   "source_span",
                   "stream_channel",
                   "string_scanner",
                   "term_glyph",
                   "vm_service"
                 ],
                 "directDependencies": [
                   "flutter",
                   "test_api",
                   "matcher",
                   "path",
                   "fake_async",
                   "clock",
                   "stack_trace",
                   "vector_math",
                   "leak_tracker_flutter_testing",
                   "async",
                   "boolean_selector",
                   "characters",
                   "collection",
                   "leak_tracker",
                   "leak_tracker_testing",
                   "material_color_utilities",
                   "meta",
                   "source_span",
                   "stream_channel",
                   "string_scanner",
                   "term_glyph",
                   "vm_service"
                 ]
               },
               {
                 "name": "vm_service",
                 "version": "15.0.0",
                 "kind": "transitive",
                 "source": "hosted",
                 "dependencies": [],
                 "directDependencies": []
               },
               {
                 "name": "term_glyph",
                 "version": "1.2.2",
                 "kind": "transitive",
                 "source": "hosted",
                 "dependencies": [],
                 "directDependencies": []
               },
               {
                 "name": "string_scanner",
                 "version": "1.4.1",
                 "kind": "transitive",
                 "source": "hosted",
                 "dependencies": [
                   "source_span"
                 ],
                 "directDependencies": [
                   "source_span"
                 ]
               },
               {
                 "name": "source_span",
                 "version": "1.10.1",
                 "kind": "transitive",
                 "source": "hosted",
                 "dependencies": [
                   "collection",
                   "path",
                   "term_glyph"
                 ],
                 "directDependencies": [
                   "collection",
                   "path",
                   "term_glyph"
                 ]
               },
               {
                 "name": "path",
                 "version": "1.9.1",
                 "kind": "transitive",
                 "source": "hosted",
                 "dependencies": [],
                 "directDependencies": []
               },
               {
                 "name": "stream_channel",
                 "version": "2.1.4",
                 "kind": "transitive",
                 "source": "hosted",
                 "dependencies": [
                   "async"
                 ],
                 "directDependencies": [
                   "async"
                 ]
               },
               {
                 "name": "async",
                 "version": "2.13.0",
                 "kind": "transitive",
                 "source": "hosted",
                 "dependencies": [
                   "collection",
                   "meta"
                 ],
                 "directDependencies": [
                   "collection",
                   "meta"
                 ]
               },
               {
                 "name": "leak_tracker_testing",
                 "version": "3.0.1",
                 "kind": "transitive",
                 "source": "hosted",
                 "dependencies": [
                   "leak_tracker",
                   "matcher",
                   "meta"
                 ],
                 "directDependencies": [
                   "leak_tracker",
                   "matcher",
                   "meta"
                 ]
               },
               {
                 "name": "matcher",
                 "version": "0.12.17",
                 "kind": "transitive",
                 "source": "hosted",
                 "dependencies": [
                   "async",
                   "meta",
                   "stack_trace",
                   "term_glyph",
                   "test_api"
                 ],
                 "directDependencies": [
                   "async",
                   "meta",
                   "stack_trace",
                   "term_glyph",
                   "test_api"
                 ]
               },
               {
                 "name": "test_api",
                 "version": "0.7.4",
                 "kind": "transitive",
                 "source": "hosted",
                 "dependencies": [
                   "async",
                   "boolean_selector",
                   "collection",
                   "meta",
                   "source_span",
                   "stack_trace",
                   "stream_channel",
                   "string_scanner",
                   "term_glyph"
                 ],
                 "directDependencies": [
                   "async",
                   "boolean_selector",
                   "collection",
                   "meta",
                   "source_span",
                   "stack_trace",
                   "stream_channel",
                   "string_scanner",
                   "term_glyph"
                 ]
               },
               {
                 "name": "stack_trace",
                 "version": "1.12.1",
                 "kind": "transitive",
                 "source": "hosted",
                 "dependencies": [
                   "path"
                 ],
                 "directDependencies": [
                   "path"
                 ]
               },
               {
                 "name": "boolean_selector",
                 "version": "2.1.2",
                 "kind": "transitive",
                 "source": "hosted",
                 "dependencies": [
                   "source_span",
                   "string_scanner"
                 ],
                 "directDependencies": [
                   "source_span",
                   "string_scanner"
                 ]
               },
               {
                 "name": "leak_tracker",
                 "version": "10.0.9",
                 "kind": "transitive",
                 "source": "hosted",
                 "dependencies": [
                   "clock",
                   "collection",
                   "meta",
                   "path",
                   "vm_service"
                 ],
                 "directDependencies": [
                   "clock",
                   "collection",
                   "meta",
                   "path",
                   "vm_service"
                 ]
               },
               {
                 "name": "clock",
                 "version": "1.1.2",
                 "kind": "transitive",
                 "source": "hosted",
                 "dependencies": [],
                 "directDependencies": []
               },
               {
                 "name": "leak_tracker_flutter_testing",
                 "version": "3.0.9",
                 "kind": "transitive",
                 "source": "hosted",
                 "dependencies": [
                   "flutter",
                   "leak_tracker",
                   "leak_tracker_testing",
                   "matcher",
                   "meta"
                 ],
                 "directDependencies": [
                   "flutter",
                   "leak_tracker",
                   "leak_tracker_testing",
                   "matcher",
                   "meta"
                 ]
               },
               {
                 "name": "fake_async",
                 "version": "1.3.3",
                 "kind": "transitive",
                 "source": "hosted",
                 "dependencies": [
                   "clock",
                   "collection"
                 ],
                 "directDependencies": [
                   "clock",
                   "collection"
                 ]
               },
               {
                 "name": "firebase_core",
                 "version": "2.32.0",
                 "kind": "direct",
                 "source": "hosted",
                 "dependencies": [
                   "firebase_core_platform_interface",
                   "firebase_core_web",
                   "flutter",
                   "meta"
                 ],
                 "directDependencies": [
                   "firebase_core_platform_interface",
                   "firebase_core_web",
                   "flutter",
                   "meta"
                 ]
               },
               {
                 "name": "cloud_firestore_platform_interface",
                 "version": "6.2.5",
                 "kind": "transitive",
                 "source": "hosted",
                 "dependencies": [
                   "_flutterfire_internals",
                   "collection",
                   "firebase_core",
                   "flutter",
                   "meta",
                   "plugin_platform_interface"
                 ],
                 "directDependencies": [
                   "_flutterfire_internals",
                   "collection",
                   "firebase_core",
                   "flutter",
                   "meta",
                   "plugin_platform_interface"
                 ]
               },
               {
                 "name": "_flutterfire_internals",
                 "version": "1.3.35",
                 "kind": "transitive",
                 "source": "hosted",
                 "dependencies": [
                   "collection",
                   "firebase_core",
                   "firebase_core_platform_interface",
                   "flutter",
                   "meta"
                 ],
                 "directDependencies": [
                   "collection",
                   "firebase_core",
                   "firebase_core_platform_interface",
                   "flutter",
                   "meta"
                 ]
               },
               {
                 "name": "firebase_storage_web",
                 "version": "3.6.22",
                 "kind": "transitive",
                 "source": "hosted",
                 "dependencies": [
                   "_flutterfire_internals",
                   "async",
                   "firebase_core",
                   "firebase_core_web",
                   "firebase_storage_platform_interface",
                   "flutter",
                   "flutter_web_plugins",
                   "http",
                   "js",
                   "meta"
                 ],
                 "directDependencies": [
                   "_flutterfire_internals",
                   "async",
                   "firebase_core",
                   "firebase_core_web",
                   "firebase_storage_platform_interface",
                   "flutter",
                   "flutter_web_plugins",
                   "http",
                   "js",
                   "meta"
                 ]
               },
               {
                 "name": "http",
                 "version": "1.4.0",
                 "kind": "transitive",
                 "source": "hosted",
                 "dependencies": [
                   "async",
                   "http_parser",
                   "meta",
                   "web"
                 ],
                 "directDependencies": [
                   "async",
                   "http_parser",
                   "meta",
                   "web"
                 ]
               },
               {
                 "name": "http_parser",
                 "version": "4.1.2",
                 "kind": "transitive",
                 "source": "hosted",
                 "dependencies": [
                   "collection",
                   "source_span",
                   "string_scanner",
                   "typed_data"
                 ],
                 "directDependencies": [
                   "collection",
                   "source_span",
                   "string_scanner",
                   "typed_data"
                 ]
               },
               {
                 "name": "typed_data",
                 "version": "1.4.0",
                 "kind": "transitive",
                 "source": "hosted",
                 "dependencies": [
                   "collection"
                 ],
                 "directDependencies": [
                   "collection"
                 ]
               },
               {
                 "name": "firebase_storage_platform_interface",
                 "version": "5.1.22",
                 "kind": "transitive",
                 "source": "hosted",
                 "dependencies": [
                   "_flutterfire_internals",
                   "collection",
                   "firebase_core",
                   "flutter",
                   "meta",
                   "plugin_platform_interface"
                 ],
                 "directDependencies": [
                   "_flutterfire_internals",
                   "collection",
                   "firebase_core",
                   "flutter",
                   "meta",
                   "plugin_platform_interface"
                 ]
               },
               {
                 "name": "firebase_auth_web",
                 "version": "5.8.13",
                 "kind": "transitive",
                 "source": "hosted",
                 "dependencies": [
                   "firebase_auth_platform_interface",
                   "firebase_core",
                   "firebase_core_web",
                   "flutter",
                   "flutter_web_plugins",
                   "http_parser",
                   "js",
                   "meta"
                 ],
                 "directDependencies": [
                   "firebase_auth_platform_interface",
                   "firebase_core",
                   "firebase_core_web",
                   "flutter",
                   "flutter_web_plugins",
                   "http_parser",
                   "js",
                   "meta"
                 ]
               },
               {
                 "name": "firebase_auth_platform_interface",
                 "version": "7.3.0",
                 "kind": "transitive",
                 "source": "hosted",
                 "dependencies": [
                   "_flutterfire_internals",
                   "collection",
                   "firebase_core",
                   "flutter",
                   "meta",
                   "plugin_platform_interface"
                 ],
                 "directDependencies": [
                   "_flutterfire_internals",
                   "collection",
                   "firebase_core",
                   "flutter",
                   "meta",
                   "plugin_platform_interface"
                 ]
               },
               {
                 "name": "flutter_lints",
                 "version": "5.0.0",
                 "kind": "dev",
                 "source": "hosted",
                 "dependencies": [
                   "lints"
                 ],
                 "directDependencies": [
                   "lints"
                 ]
               },
               {
                 "name": "lints",
                 "version": "5.1.1",
                 "kind": "transitive",
                 "source": "hosted",
                 "dependencies": [],
                 "directDependencies": []
               },
               {
                 "name": "image_picker",
                 "version": "1.1.2",
                 "kind": "direct",
                 "source": "hosted",
                 "dependencies": [
                   "flutter",
                   "image_picker_android",
                   "image_picker_for_web",
                   "image_picker_ios",
                   "image_picker_linux",
                   "image_picker_macos",
                   "image_picker_platform_interface",
                   "image_picker_windows"
                 ],
                 "directDependencies": [
                   "flutter",
                   "image_picker_android",
                   "image_picker_for_web",
                   "image_picker_ios",
                   "image_picker_linux",
                   "image_picker_macos",
                   "image_picker_platform_interface",
                   "image_picker_windows"
                 ]
               },
               {
                 "name": "image_picker_windows",
                 "version": "0.2.1+1",
                 "kind": "transitive",
                 "source": "hosted",
                 "dependencies": [
                   "file_selector_platform_interface",
                   "file_selector_windows",
                   "flutter",
                   "image_picker_platform_interface"
                 ],
                 "directDependencies": [
                   "file_selector_platform_interface",
                   "file_selector_windows",
                   "flutter",
                   "image_picker_platform_interface"
                 ]
               },
               {
                 "name": "image_picker_platform_interface",
                 "version": "2.10.1",
                 "kind": "transitive",
                 "source": "hosted",
                 "dependencies": [
                   "cross_file",
                   "flutter",
                   "http",
                   "plugin_platform_interface"
                 ],
                 "directDependencies": [
                   "cross_file",
                   "flutter",
                   "http",
                   "plugin_platform_interface"
                 ]
               },
               {
                 "name": "cross_file",
                 "version": "0.3.4+2",
                 "kind": "transitive",
                 "source": "hosted",
                 "dependencies": [
                   "meta",
                   "web"
                 ],
                 "directDependencies": [
                   "meta",
                   "web"
                 ]
               },
               {
                 "name": "file_selector_windows",
                 "version": "0.9.3+4",
                 "kind": "transitive",
                 "source": "hosted",
                 "dependencies": [
                   "cross_file",
                   "file_selector_platform_interface",
                   "flutter"
                 ],
                 "directDependencies": [
                   "cross_file",
                   "file_selector_platform_interface",
                   "flutter"
                 ]
               },
               {
                 "name": "file_selector_platform_interface",
                 "version": "2.6.2",
                 "kind": "transitive",
                 "source": "hosted",
                 "dependencies": [
                   "cross_file",
                   "flutter",
                   "http",
                   "plugin_platform_interface"
                 ],
                 "directDependencies": [
                   "cross_file",
                   "flutter",
                   "http",
                   "plugin_platform_interface"
                 ]
               },
               {
                 "name": "image_picker_macos",
                 "version": "0.2.1+2",
                 "kind": "transitive",
                 "source": "hosted",
                 "dependencies": [
                   "file_selector_macos",
                   "file_selector_platform_interface",
                   "flutter",
                   "image_picker_platform_interface"
                 ],
                 "directDependencies": [
                   "file_selector_macos",
                   "file_selector_platform_interface",
                   "flutter",
                   "image_picker_platform_interface"
                 ]
               },
               {
                 "name": "file_selector_macos",
                 "version": "0.9.4+3",
                 "kind": "transitive",
                 "source": "hosted",
                 "dependencies": [
                   "cross_file",
                   "file_selector_platform_interface",
                   "flutter"
                 ],
                 "directDependencies": [
                   "cross_file",
                   "file_selector_platform_interface",
                   "flutter"
                 ]
               },
               {
                 "name": "image_picker_linux",
                 "version": "0.2.1+2",
                 "kind": "transitive",
                 "source": "hosted",
                 "dependencies": [
                   "file_selector_linux",
                   "file_selector_platform_interface",
                   "flutter",
                   "image_picker_platform_interface"
                 ],
                 "directDependencies": [
                   "file_selector_linux",
                   "file_selector_platform_interface",
                   "flutter",
                   "image_picker_platform_interface"
                 ]
               },
               {
                 "name": "file_selector_linux",
                 "version": "0.9.3+2",
                 "kind": "transitive",
                 "source": "hosted",
                 "dependencies": [
                   "cross_file",
                   "file_selector_platform_interface",
                   "flutter"
                 ],
                 "directDependencies": [
                   "cross_file",
                   "file_selector_platform_interface",
                   "flutter"
                 ]
               },
               {
                 "name": "image_picker_ios",
                 "version": "0.8.12+2",
                 "kind": "transitive",
                 "source": "hosted",
                 "dependencies": [
                   "flutter",
                   "image_picker_platform_interface"
                 ],
                 "directDependencies": [
                   "flutter",
                   "image_picker_platform_interface"
                 ]
               },
               {
                 "name": "image_picker_for_web",
                 "version": "3.0.6",
                 "kind": "transitive",
                 "source": "hosted",
                 "dependencies": [
                   "flutter",
                   "flutter_web_plugins",
                   "image_picker_platform_interface",
                   "mime",
                   "web"
                 ],
                 "directDependencies": [
                   "flutter",
                   "flutter_web_plugins",
                   "image_picker_platform_interface",
                   "mime",
                   "web"
                 ]
               },
               {
                 "name": "mime",
                 "version": "2.0.0",
                 "kind": "transitive",
                 "source": "hosted",
                 "dependencies": [],
                 "directDependencies": []
               },
               {
                 "name": "image_picker_android",
                 "version": "0.8.12+23",
                 "kind": "transitive",
                 "source": "hosted",
                 "dependencies": [
                   "flutter",
                   "flutter_plugin_android_lifecycle",
                   "image_picker_platform_interface"
                 ],
                 "directDependencies": [
                   "flutter",
                   "flutter_plugin_android_lifecycle",
                   "image_picker_platform_interface"
                 ]
               },
               {
                 "name": "flutter_plugin_android_lifecycle",
                 "version": "2.0.28",
                 "kind": "transitive",
                 "source": "hosted",
                 "dependencies": [
                   "flutter"
                 ],
                 "directDependencies": [
                   "flutter"
                 ]
               },
               {
                 "name": "uuid",
                 "version": "4.5.1",
                 "kind": "direct",
                 "source": "hosted",
                 "dependencies": [
                   "crypto",
                   "sprintf",
                   "meta",
                   "fixnum"
                 ],
                 "directDependencies": [
                   "crypto",
                   "sprintf",
                   "meta",
                   "fixnum"
                 ]
               },
               {
                 "name": "fixnum",
                 "version": "1.1.1",
                 "kind": "transitive",
                 "source": "hosted",
                 "dependencies": [],
                 "directDependencies": []
               },
               {
                 "name": "sprintf",
                 "version": "7.0.0",
                 "kind": "transitive",
                 "source": "hosted",
                 "dependencies": [],
                 "directDependencies": []
               },
               {
                 "name": "crypto",
                 "version": "3.0.6",
                 "kind": "transitive",
                 "source": "hosted",
                 "dependencies": [
                   "typed_data"
                 ],
                 "directDependencies": [
                   "typed_data"
                 ]
               },
               {
                 "name": "firebase_storage",
                 "version": "11.6.5",
                 "kind": "direct",
                 "source": "hosted",
                 "dependencies": [
                   "firebase_core",
                   "firebase_core_platform_interface",
                   "firebase_storage_platform_interface",
                   "firebase_storage_web",
                   "flutter"
                 ],
                 "directDependencies": [
                   "firebase_core",
                   "firebase_core_platform_interface",
                   "firebase_storage_platform_interface",
                   "firebase_storage_web",
                   "flutter"
                 ]
               },
               {
                 "name": "cloud_firestore",
                 "version": "4.17.5",
                 "kind": "direct",
                 "source": "hosted",
                 "dependencies": [
                   "cloud_firestore_platform_interface",
                   "cloud_firestore_web",
                   "collection",
                   "firebase_core",
                   "firebase_core_platform_interface",
                   "flutter",
                   "meta"
                 ],
                 "directDependencies": [
                   "cloud_firestore_platform_interface",
                   "cloud_firestore_web",
                   "collection",
                   "firebase_core",
                   "firebase_core_platform_interface",
                   "flutter",
                   "meta"
                 ]
               },
               {
                 "name": "firebase_auth",
                 "version": "4.16.0",
                 "kind": "direct",
                 "source": "hosted",
                 "dependencies": [
                   "firebase_auth_platform_interface",
                   "firebase_auth_web",
                   "firebase_core",
                   "firebase_core_platform_interface",
                   "flutter",
                   "meta"
                 ],
                 "directDependencies": [
                   "firebase_auth_platform_interface",
                   "firebase_auth_web",
                   "firebase_core",
                   "firebase_core_platform_interface",
                   "flutter",
                   "meta"
                 ]
               },
               {
                 "name": "provider",
                 "version": "6.1.5",
                 "kind": "direct",
                 "source": "hosted",
                 "dependencies": [
                   "collection",
                   "flutter",
                   "nested"
                 ],
                 "directDependencies": [
                   "collection",
                   "flutter",
                   "nested"
                 ]
               },
               {
                 "name": "nested",
                 "version": "1.0.0",
                 "kind": "transitive",
                 "source": "hosted",
                 "dependencies": [
                   "flutter"
                 ],
                 "directDependencies": [
                   "flutter"
                 ]
               },
               {
                 "name": "cupertino_icons",
                 "version": "1.0.8",
                 "kind": "direct",
                 "source": "hosted",
                 "dependencies": [],
                 "directDependencies": []
               }
             ],
             "sdks": [
               {
                 "name": "Dart",
                 "version": "3.8.1"
               },
               {
                 "name": "Flutter",
                 "version": "3.32.1"
               }
             ],
             "executables": []
           }
[  +12 ms] Found plugin cloud_firestore at /Users/otislewis/.pub-cache/hosted/pub.dev/cloud_firestore-4.17.5/
[   +2 ms] Found plugin cloud_firestore_web at /Users/otislewis/.pub-cache/hosted/pub.dev/cloud_firestore_web-3.12.5/
[   +2 ms] Found plugin file_selector_linux at /Users/otislewis/.pub-cache/hosted/pub.dev/file_selector_linux-0.9.3+2/
[        ] Found plugin file_selector_macos at /Users/otislewis/.pub-cache/hosted/pub.dev/file_selector_macos-0.9.4+3/
[   +1 ms] Found plugin file_selector_windows at /Users/otislewis/.pub-cache/hosted/pub.dev/file_selector_windows-0.9.3+4/
[        ] Found plugin firebase_auth at /Users/otislewis/.pub-cache/hosted/pub.dev/firebase_auth-4.16.0/
[   +1 ms] Found plugin firebase_auth_web at /Users/otislewis/.pub-cache/hosted/pub.dev/firebase_auth_web-5.8.13/
[        ] Found plugin firebase_core at /Users/otislewis/.pub-cache/hosted/pub.dev/firebase_core-2.32.0/
[   +1 ms] Found plugin firebase_core_web at /Users/otislewis/.pub-cache/hosted/pub.dev/firebase_core_web-2.23.0/
[        ] Found plugin firebase_storage at /Users/otislewis/.pub-cache/hosted/pub.dev/firebase_storage-11.6.5/
[   +1 ms] Found plugin firebase_storage_web at /Users/otislewis/.pub-cache/hosted/pub.dev/firebase_storage_web-3.6.22/
[   +1 ms] Found plugin flutter_plugin_android_lifecycle at /Users/otislewis/.pub-cache/hosted/pub.dev/flutter_plugin_android_lifecycle-2.0.28/
[   +1 ms] Found plugin image_picker at /Users/otislewis/.pub-cache/hosted/pub.dev/image_picker-1.1.2/
[        ] Found plugin image_picker_android at /Users/otislewis/.pub-cache/hosted/pub.dev/image_picker_android-0.8.12+23/
[        ] Found plugin image_picker_for_web at /Users/otislewis/.pub-cache/hosted/pub.dev/image_picker_for_web-3.0.6/
[        ] Found plugin image_picker_ios at /Users/otislewis/.pub-cache/hosted/pub.dev/image_picker_ios-0.8.12+2/
[        ] Found plugin image_picker_linux at /Users/otislewis/.pub-cache/hosted/pub.dev/image_picker_linux-0.2.1+2/
[        ] Found plugin image_picker_macos at /Users/otislewis/.pub-cache/hosted/pub.dev/image_picker_macos-0.2.1+2/
[   +1 ms] Found plugin image_picker_windows at /Users/otislewis/.pub-cache/hosted/pub.dev/image_picker_windows-0.2.1+1/
[  +21 ms] executing: [/Users/otislewis/arena/] /opt/homebrew/Caskroom/flutter/3.32.0/flutter/bin/cache/dart-sdk/bin/dart pub --suppress-analytics deps --json
[ +106 ms] {
             "root": "arena",
             "packages": [
               {
                 "name": "arena",
                 "version": "1.0.0+1",
                 "kind": "root",
                 "source": "root",
                 "dependencies": [
                   "flutter",
                   "cupertino_icons",
                   "provider",
                   "firebase_core",
                   "firebase_auth",
                   "cloud_firestore",
                   "firebase_storage",
                   "uuid",
                   "image_picker",
                   "flutter_test",
                   "flutter_lints",
                   "firebase_core_web",
                   "firebase_auth_web",
                   "firebase_storage_web",
                   "cloud_firestore_web",
                   "js",
                   "web"
                 ],
                 "directDependencies": [
                   "flutter",
                   "cupertino_icons",
                   "provider",
                   "firebase_core",
                   "firebase_auth",
                   "cloud_firestore",
                   "firebase_storage",
                   "uuid",
                   "image_picker"
                 ],
                 "devDependencies": [
                   "flutter_test",
                   "flutter_lints"
                 ]
               },
               {
                 "name": "web",
                 "version": "0.1.4-beta",
                 "kind": "transitive",
                 "source": "hosted",
                 "dependencies": [],
                 "directDependencies": []
               },
               {
                 "name": "js",
                 "version": "0.6.7",
                 "kind": "transitive",
                 "source": "hosted",
                 "dependencies": [
                   "meta"
                 ],
                 "directDependencies": [
                   "meta"
                 ]
               },
               {
                 "name": "meta",
                 "version": "1.16.0",
                 "kind": "transitive",
                 "source": "hosted",
                 "dependencies": [],
                 "directDependencies": []
               },
               {
                 "name": "cloud_firestore_web",
                 "version": "3.12.5",
                 "kind": "transitive",
                 "source": "hosted",
                 "dependencies": [
                   "_flutterfire_internals",
                   "cloud_firestore_platform_interface",
                   "collection",
                   "firebase_core",
                   "firebase_core_web",
                   "flutter",
                   "flutter_web_plugins"
                 ],
                 "directDependencies": [
                   "_flutterfire_internals",
                   "cloud_firestore_platform_interface",
                   "collection",
                   "firebase_core",
                   "firebase_core_web",
                   "flutter",
                   "flutter_web_plugins"
                 ]
               },
               {
                 "name": "flutter_web_plugins",
                 "version": "0.0.0",
                 "kind": "transitive",
                 "source": "sdk",
                 "dependencies": [
                   "flutter",
                   "characters",
                   "collection",
                   "material_color_utilities",
                   "meta",
                   "vector_math"
                 ],
                 "directDependencies": [
                   "flutter",
                   "characters",
                   "collection",
                   "material_color_utilities",
                   "meta",
                   "vector_math"
                 ]
               },
               {
                 "name": "vector_math",
                 "version": "2.1.4",
                 "kind": "transitive",
                 "source": "hosted",
                 "dependencies": [],
                 "directDependencies": []
               },
               {
                 "name": "material_color_utilities",
                 "version": "0.11.1",
                 "kind": "transitive",
                 "source": "hosted",
                 "dependencies": [
                   "collection"
                 ],
                 "directDependencies": [
                   "collection"
                 ]
               },
               {
                 "name": "collection",
                 "version": "1.19.1",
                 "kind": "transitive",
                 "source": "hosted",
                 "dependencies": [],
                 "directDependencies": []
               },
               {
                 "name": "characters",
                 "version": "1.4.0",
                 "kind": "transitive",
                 "source": "hosted",
                 "dependencies": [],
                 "directDependencies": []
               },
               {
                 "name": "flutter",
                 "version": "0.0.0",
                 "kind": "direct",
                 "source": "sdk",
                 "dependencies": [
                   "characters",
                   "collection",
                   "material_color_utilities",
                   "meta",
                   "vector_math",
                   "sky_engine"
                 ],
                 "directDependencies": [
                   "characters",
                   "collection",
                   "material_color_utilities",
                   "meta",
                   "vector_math",
                   "sky_engine"
                 ]
               },
               {
                 "name": "sky_engine",
                 "version": "0.0.0",
                 "kind": "transitive",
                 "source": "sdk",
                 "dependencies": [],
                 "directDependencies": []
               },
               {
                 "name": "firebase_core_web",
                 "version": "2.23.0",
                 "kind": "transitive",
                 "source": "hosted",
                 "dependencies": [
                   "firebase_core_platform_interface",
                   "flutter",
                   "flutter_web_plugins",
                   "meta",
                   "web"
                 ],
                 "directDependencies": [
                   "firebase_core_platform_interface",
                   "flutter",
                   "flutter_web_plugins",
                   "meta",
                   "web"
                 ]
               },
               {
                 "name": "firebase_core_platform_interface",
                 "version": "5.4.0",
                 "kind": "transitive",
                 "source": "hosted",
                 "dependencies": [
                   "collection",
                   "flutter",
                   "flutter_test",
                   "meta",
                   "plugin_platform_interface"
                 ],
                 "directDependencies": [
                   "collection",
                   "flutter",
                   "flutter_test",
                   "meta",
                   "plugin_platform_interface"
                 ]
               },
               {
                 "name": "plugin_platform_interface",
                 "version": "2.1.8",
                 "kind": "transitive",
                 "source": "hosted",
                 "dependencies": [
                   "meta"
                 ],
                 "directDependencies": [
                   "meta"
                 ]
               },
               {
                 "name": "flutter_test",
                 "version": "0.0.0",
                 "kind": "dev",
                 "source": "sdk",
                 "dependencies": [
                   "flutter",
                   "test_api",
                   "matcher",
                   "path",
                   "fake_async",
                   "clock",
                   "stack_trace",
                   "vector_math",
                   "leak_tracker_flutter_testing",
                   "async",
                   "boolean_selector",
                   "characters",
                   "collection",
                   "leak_tracker",
                   "leak_tracker_testing",
                   "material_color_utilities",
                   "meta",
                   "source_span",
                   "stream_channel",
                   "string_scanner",
                   "term_glyph",
                   "vm_service"
                 ],
                 "directDependencies": [
                   "flutter",
                   "test_api",
                   "matcher",
                   "path",
                   "fake_async",
                   "clock",
                   "stack_trace",
                   "vector_math",
                   "leak_tracker_flutter_testing",
                   "async",
                   "boolean_selector",
                   "characters",
                   "collection",
                   "leak_tracker",
                   "leak_tracker_testing",
                   "material_color_utilities",
                   "meta",
                   "source_span",
                   "stream_channel",
                   "string_scanner",
                   "term_glyph",
                   "vm_service"
                 ]
               },
               {
                 "name": "vm_service",
                 "version": "15.0.0",
                 "kind": "transitive",
                 "source": "hosted",
                 "dependencies": [],
                 "directDependencies": []
               },
               {
                 "name": "term_glyph",
                 "version": "1.2.2",
                 "kind": "transitive",
                 "source": "hosted",
                 "dependencies": [],
                 "directDependencies": []
               },
               {
                 "name": "string_scanner",
                 "version": "1.4.1",
                 "kind": "transitive",
                 "source": "hosted",
                 "dependencies": [
                   "source_span"
                 ],
                 "directDependencies": [
                   "source_span"
                 ]
               },
               {
                 "name": "source_span",
                 "version": "1.10.1",
                 "kind": "transitive",
                 "source": "hosted",
                 "dependencies": [
                   "collection",
                   "path",
                   "term_glyph"
                 ],
                 "directDependencies": [
                   "collection",
                   "path",
                   "term_glyph"
                 ]
               },
               {
                 "name": "path",
                 "version": "1.9.1",
                 "kind": "transitive",
                 "source": "hosted",
                 "dependencies": [],
                 "directDependencies": []
               },
               {
                 "name": "stream_channel",
                 "version": "2.1.4",
                 "kind": "transitive",
                 "source": "hosted",
                 "dependencies": [
                   "async"
                 ],
                 "directDependencies": [
                   "async"
                 ]
               },
               {
                 "name": "async",
                 "version": "2.13.0",
                 "kind": "transitive",
                 "source": "hosted",
                 "dependencies": [
                   "collection",
                   "meta"
                 ],
                 "directDependencies": [
                   "collection",
                   "meta"
                 ]
               },
               {
                 "name": "leak_tracker_testing",
                 "version": "3.0.1",
                 "kind": "transitive",
                 "source": "hosted",
                 "dependencies": [
                   "leak_tracker",
                   "matcher",
                   "meta"
                 ],
                 "directDependencies": [
                   "leak_tracker",
                   "matcher",
                   "meta"
                 ]
               },
               {
                 "name": "matcher",
                 "version": "0.12.17",
                 "kind": "transitive",
                 "source": "hosted",
                 "dependencies": [
                   "async",
                   "meta",
                   "stack_trace",
                   "term_glyph",
                   "test_api"
                 ],
                 "directDependencies": [
                   "async",
                   "meta",
                   "stack_trace",
                   "term_glyph",
                   "test_api"
                 ]
               },
               {
                 "name": "test_api",
                 "version": "0.7.4",
                 "kind": "transitive",
                 "source": "hosted",
                 "dependencies": [
                   "async",
                   "boolean_selector",
                   "collection",
                   "meta",
                   "source_span",
                   "stack_trace",
                   "stream_channel",
                   "string_scanner",
                   "term_glyph"
                 ],
                 "directDependencies": [
                   "async",
                   "boolean_selector",
                   "collection",
                   "meta",
                   "source_span",
                   "stack_trace",
                   "stream_channel",
                   "string_scanner",
                   "term_glyph"
                 ]
               },
               {
                 "name": "stack_trace",
                 "version": "1.12.1",
                 "kind": "transitive",
                 "source": "hosted",
                 "dependencies": [
                   "path"
                 ],
                 "directDependencies": [
                   "path"
                 ]
               },
               {
                 "name": "boolean_selector",
                 "version": "2.1.2",
                 "kind": "transitive",
                 "source": "hosted",
                 "dependencies": [
                   "source_span",
                   "string_scanner"
                 ],
                 "directDependencies": [
                   "source_span",
                   "string_scanner"
                 ]
               },
               {
                 "name": "leak_tracker",
                 "version": "10.0.9",
                 "kind": "transitive",
                 "source": "hosted",
                 "dependencies": [
                   "clock",
                   "collection",
                   "meta",
                   "path",
                   "vm_service"
                 ],
                 "directDependencies": [
                   "clock",
                   "collection",
                   "meta",
                   "path",
                   "vm_service"
                 ]
               },
               {
                 "name": "clock",
                 "version": "1.1.2",
                 "kind": "transitive",
                 "source": "hosted",
                 "dependencies": [],
                 "directDependencies": []
               },
               {
                 "name": "leak_tracker_flutter_testing",
                 "version": "3.0.9",
                 "kind": "transitive",
                 "source": "hosted",
                 "dependencies": [
                   "flutter",
                   "leak_tracker",
                   "leak_tracker_testing",
                   "matcher",
                   "meta"
                 ],
                 "directDependencies": [
                   "flutter",
                   "leak_tracker",
                   "leak_tracker_testing",
                   "matcher",
                   "meta"
                 ]
               },
               {
                 "name": "fake_async",
                 "version": "1.3.3",
                 "kind": "transitive",
                 "source": "hosted",
                 "dependencies": [
                   "clock",
                   "collection"
                 ],
                 "directDependencies": [
                   "clock",
                   "collection"
                 ]
               },
               {
                 "name": "firebase_core",
                 "version": "2.32.0",
                 "kind": "direct",
                 "source": "hosted",
                 "dependencies": [
                   "firebase_core_platform_interface",
                   "firebase_core_web",
                   "flutter",
                   "meta"
                 ],
                 "directDependencies": [
                   "firebase_core_platform_interface",
                   "firebase_core_web",
                   "flutter",
                   "meta"
                 ]
               },
               {
                 "name": "cloud_firestore_platform_interface",
                 "version": "6.2.5",
                 "kind": "transitive",
                 "source": "hosted",
                 "dependencies": [
                   "_flutterfire_internals",
                   "collection",
                   "firebase_core",
                   "flutter",
                   "meta",
                   "plugin_platform_interface"
                 ],
                 "directDependencies": [
                   "_flutterfire_internals",
                   "collection",
                   "firebase_core",
                   "flutter",
                   "meta",
                   "plugin_platform_interface"
                 ]
               },
               {
                 "name": "_flutterfire_internals",
                 "version": "1.3.35",
                 "kind": "transitive",
                 "source": "hosted",
                 "dependencies": [
                   "collection",
                   "firebase_core",
                   "firebase_core_platform_interface",
                   "flutter",
                   "meta"
                 ],
                 "directDependencies": [
                   "collection",
                   "firebase_core",
                   "firebase_core_platform_interface",
                   "flutter",
                   "meta"
                 ]
               },
               {
                 "name": "firebase_storage_web",
                 "version": "3.6.22",
                 "kind": "transitive",
                 "source": "hosted",
                 "dependencies": [
                   "_flutterfire_internals",
                   "async",
                   "firebase_core",
                   "firebase_core_web",
                   "firebase_storage_platform_interface",
                   "flutter",
                   "flutter_web_plugins",
                   "http",
                   "js",
                   "meta"
                 ],
                 "directDependencies": [
                   "_flutterfire_internals",
                   "async",
                   "firebase_core",
                   "firebase_core_web",
                   "firebase_storage_platform_interface",
                   "flutter",
                   "flutter_web_plugins",
                   "http",
                   "js",
                   "meta"
                 ]
               },
               {
                 "name": "http",
                 "version": "1.4.0",
                 "kind": "transitive",
                 "source": "hosted",
                 "dependencies": [
                   "async",
                   "http_parser",
                   "meta",
                   "web"
                 ],
                 "directDependencies": [
                   "async",
                   "http_parser",
                   "meta",
                   "web"
                 ]
               },
               {
                 "name": "http_parser",
                 "version": "4.1.2",
                 "kind": "transitive",
                 "source": "hosted",
                 "dependencies": [
                   "collection",
                   "source_span",
                   "string_scanner",
                   "typed_data"
                 ],
                 "directDependencies": [
                   "collection",
                   "source_span",
                   "string_scanner",
                   "typed_data"
                 ]
               },
               {
                 "name": "typed_data",
                 "version": "1.4.0",
                 "kind": "transitive",
                 "source": "hosted",
                 "dependencies": [
                   "collection"
                 ],
                 "directDependencies": [
                   "collection"
                 ]
               },
               {
                 "name": "firebase_storage_platform_interface",
                 "version": "5.1.22",
                 "kind": "transitive",
                 "source": "hosted",
                 "dependencies": [
                   "_flutterfire_internals",
                   "collection",
                   "firebase_core",
                   "flutter",
                   "meta",
                   "plugin_platform_interface"
                 ],
                 "directDependencies": [
                   "_flutterfire_internals",
                   "collection",
                   "firebase_core",
                   "flutter",
                   "meta",
                   "plugin_platform_interface"
                 ]
               },
               {
                 "name": "firebase_auth_web",
                 "version": "5.8.13",
                 "kind": "transitive",
                 "source": "hosted",
                 "dependencies": [
                   "firebase_auth_platform_interface",
                   "firebase_core",
                   "firebase_core_web",
                   "flutter",
                   "flutter_web_plugins",
                   "http_parser",
                   "js",
                   "meta"
                 ],
                 "directDependencies": [
                   "firebase_auth_platform_interface",
                   "firebase_core",
                   "firebase_core_web",
                   "flutter",
                   "flutter_web_plugins",
                   "http_parser",
                   "js",
                   "meta"
                 ]
               },
               {
                 "name": "firebase_auth_platform_interface",
                 "version": "7.3.0",
                 "kind": "transitive",
                 "source": "hosted",
                 "dependencies": [
                   "_flutterfire_internals",
                   "collection",
                   "firebase_core",
                   "flutter",
                   "meta",
                   "plugin_platform_interface"
                 ],
                 "directDependencies": [
                   "_flutterfire_internals",
                   "collection",
                   "firebase_core",
                   "flutter",
                   "meta",
                   "plugin_platform_interface"
                 ]
               },
               {
                 "name": "flutter_lints",
                 "version": "5.0.0",
                 "kind": "dev",
                 "source": "hosted",
                 "dependencies": [
                   "lints"
                 ],
                 "directDependencies": [
                   "lints"
                 ]
               },
               {
                 "name": "lints",
                 "version": "5.1.1",
                 "kind": "transitive",
                 "source": "hosted",
                 "dependencies": [],
                 "directDependencies": []
               },
               {
                 "name": "image_picker",
                 "version": "1.1.2",
                 "kind": "direct",
                 "source": "hosted",
                 "dependencies": [
                   "flutter",
                   "image_picker_android",
                   "image_picker_for_web",
                   "image_picker_ios",
                   "image_picker_linux",
                   "image_picker_macos",
                   "image_picker_platform_interface",
                   "image_picker_windows"
                 ],
                 "directDependencies": [
                   "flutter",
                   "image_picker_android",
                   "image_picker_for_web",
                   "image_picker_ios",
                   "image_picker_linux",
                   "image_picker_macos",
                   "image_picker_platform_interface",
                   "image_picker_windows"
                 ]
               },
               {
                 "name": "image_picker_windows",
                 "version": "0.2.1+1",
                 "kind": "transitive",
                 "source": "hosted",
                 "dependencies": [
                   "file_selector_platform_interface",
                   "file_selector_windows",
                   "flutter",
                   "image_picker_platform_interface"
                 ],
                 "directDependencies": [
                   "file_selector_platform_interface",
                   "file_selector_windows",
                   "flutter",
                   "image_picker_platform_interface"
                 ]
               },
               {
                 "name": "image_picker_platform_interface",
                 "version": "2.10.1",
                 "kind": "transitive",
                 "source": "hosted",
                 "dependencies": [
                   "cross_file",
                   "flutter",
                   "http",
                   "plugin_platform_interface"
                 ],
                 "directDependencies": [
                   "cross_file",
                   "flutter",
                   "http",
                   "plugin_platform_interface"
                 ]
               },
               {
                 "name": "cross_file",
                 "version": "0.3.4+2",
                 "kind": "transitive",
                 "source": "hosted",
                 "dependencies": [
                   "meta",
                   "web"
                 ],
                 "directDependencies": [
                   "meta",
                   "web"
                 ]
               },
               {
                 "name": "file_selector_windows",
                 "version": "0.9.3+4",
                 "kind": "transitive",
                 "source": "hosted",
                 "dependencies": [
                   "cross_file",
                   "file_selector_platform_interface",
                   "flutter"
                 ],
                 "directDependencies": [
                   "cross_file",
                   "file_selector_platform_interface",
                   "flutter"
                 ]
               },
               {
                 "name": "file_selector_platform_interface",
                 "version": "2.6.2",
                 "kind": "transitive",
                 "source": "hosted",
                 "dependencies": [
                   "cross_file",
                   "flutter",
                   "http",
                   "plugin_platform_interface"
                 ],
                 "directDependencies": [
                   "cross_file",
                   "flutter",
                   "http",
                   "plugin_platform_interface"
                 ]
               },
               {
                 "name": "image_picker_macos",
                 "version": "0.2.1+2",
                 "kind": "transitive",
                 "source": "hosted",
                 "dependencies": [
                   "file_selector_macos",
                   "file_selector_platform_interface",
                   "flutter",
                   "image_picker_platform_interface"
                 ],
                 "directDependencies": [
                   "file_selector_macos",
                   "file_selector_platform_interface",
                   "flutter",
                   "image_picker_platform_interface"
                 ]
               },
               {
                 "name": "file_selector_macos",
                 "version": "0.9.4+3",
                 "kind": "transitive",
                 "source": "hosted",
                 "dependencies": [
                   "cross_file",
                   "file_selector_platform_interface",
                   "flutter"
                 ],
                 "directDependencies": [
                   "cross_file",
                   "file_selector_platform_interface",
                   "flutter"
                 ]
               },
               {
                 "name": "image_picker_linux",
                 "version": "0.2.1+2",
                 "kind": "transitive",
                 "source": "hosted",
                 "dependencies": [
                   "file_selector_linux",
                   "file_selector_platform_interface",
                   "flutter",
                   "image_picker_platform_interface"
                 ],
                 "directDependencies": [
                   "file_selector_linux",
                   "file_selector_platform_interface",
                   "flutter",
                   "image_picker_platform_interface"
                 ]
               },
               {
                 "name": "file_selector_linux",
                 "version": "0.9.3+2",
                 "kind": "transitive",
                 "source": "hosted",
                 "dependencies": [
                   "cross_file",
                   "file_selector_platform_interface",
                   "flutter"
                 ],
                 "directDependencies": [
                   "cross_file",
                   "file_selector_platform_interface",
                   "flutter"
                 ]
               },
               {
                 "name": "image_picker_ios",
                 "version": "0.8.12+2",
                 "kind": "transitive",
                 "source": "hosted",
                 "dependencies": [
                   "flutter",
                   "image_picker_platform_interface"
                 ],
                 "directDependencies": [
                   "flutter",
                   "image_picker_platform_interface"
                 ]
               },
               {
                 "name": "image_picker_for_web",
                 "version": "3.0.6",
                 "kind": "transitive",
                 "source": "hosted",
                 "dependencies": [
                   "flutter",
                   "flutter_web_plugins",
                   "image_picker_platform_interface",
                   "mime",
                   "web"
                 ],
                 "directDependencies": [
                   "flutter",
                   "flutter_web_plugins",
                   "image_picker_platform_interface",
                   "mime",
                   "web"
                 ]
               },
               {
                 "name": "mime",
                 "version": "2.0.0",
                 "kind": "transitive",
                 "source": "hosted",
                 "dependencies": [],
                 "directDependencies": []
               },
               {
                 "name": "image_picker_android",
                 "version": "0.8.12+23",
                 "kind": "transitive",
                 "source": "hosted",
                 "dependencies": [
                   "flutter",
                   "flutter_plugin_android_lifecycle",
                   "image_picker_platform_interface"
                 ],
                 "directDependencies": [
                   "flutter",
                   "flutter_plugin_android_lifecycle",
                   "image_picker_platform_interface"
                 ]
               },
               {
                 "name": "flutter_plugin_android_lifecycle",
                 "version": "2.0.28",
                 "kind": "transitive",
                 "source": "hosted",
                 "dependencies": [
                   "flutter"
                 ],
                 "directDependencies": [
                   "flutter"
                 ]
               },
               {
                 "name": "uuid",
                 "version": "4.5.1",
                 "kind": "direct",
                 "source": "hosted",
                 "dependencies": [
                   "crypto",
                   "sprintf",
                   "meta",
                   "fixnum"
                 ],
                 "directDependencies": [
                   "crypto",
                   "sprintf",
                   "meta",
                   "fixnum"
                 ]
               },
               {
                 "name": "fixnum",
                 "version": "1.1.1",
                 "kind": "transitive",
                 "source": "hosted",
                 "dependencies": [],
                 "directDependencies": []
               },
               {
                 "name": "sprintf",
                 "version": "7.0.0",
                 "kind": "transitive",
                 "source": "hosted",
                 "dependencies": [],
                 "directDependencies": []
               },
               {
                 "name": "crypto",
                 "version": "3.0.6",
                 "kind": "transitive",
                 "source": "hosted",
                 "dependencies": [
                   "typed_data"
                 ],
                 "directDependencies": [
                   "typed_data"
                 ]
               },
               {
                 "name": "firebase_storage",
                 "version": "11.6.5",
                 "kind": "direct",
                 "source": "hosted",
                 "dependencies": [
                   "firebase_core",
                   "firebase_core_platform_interface",
                   "firebase_storage_platform_interface",
                   "firebase_storage_web",
                   "flutter"
                 ],
                 "directDependencies": [
                   "firebase_core",
                   "firebase_core_platform_interface",
                   "firebase_storage_platform_interface",
                   "firebase_storage_web",
                   "flutter"
                 ]
               },
               {
                 "name": "cloud_firestore",
                 "version": "4.17.5",
                 "kind": "direct",
                 "source": "hosted",
                 "dependencies": [
                   "cloud_firestore_platform_interface",
                   "cloud_firestore_web",
                   "collection",
                   "firebase_core",
                   "firebase_core_platform_interface",
                   "flutter",
                   "meta"
                 ],
                 "directDependencies": [
                   "cloud_firestore_platform_interface",
                   "cloud_firestore_web",
                   "collection",
                   "firebase_core",
                   "firebase_core_platform_interface",
                   "flutter",
                   "meta"
                 ]
               },
               {
                 "name": "firebase_auth",
                 "version": "4.16.0",
                 "kind": "direct",
                 "source": "hosted",
                 "dependencies": [
                   "firebase_auth_platform_interface",
                   "firebase_auth_web",
                   "firebase_core",
                   "firebase_core_platform_interface",
                   "flutter",
                   "meta"
                 ],
                 "directDependencies": [
                   "firebase_auth_platform_interface",
                   "firebase_auth_web",
                   "firebase_core",
                   "firebase_core_platform_interface",
                   "flutter",
                   "meta"
                 ]
               },
               {
                 "name": "provider",
                 "version": "6.1.5",
                 "kind": "direct",
                 "source": "hosted",
                 "dependencies": [
                   "collection",
                   "flutter",
                   "nested"
                 ],
                 "directDependencies": [
                   "collection",
                   "flutter",
                   "nested"
                 ]
               },
               {
                 "name": "nested",
                 "version": "1.0.0",
                 "kind": "transitive",
                 "source": "hosted",
                 "dependencies": [
                   "flutter"
                 ],
                 "directDependencies": [
                   "flutter"
                 ]
               },
               {
                 "name": "cupertino_icons",
                 "version": "1.0.8",
                 "kind": "direct",
                 "source": "hosted",
                 "dependencies": [],
                 "directDependencies": []
               }
             ],
             "sdks": [
               {
                 "name": "Dart",
                 "version": "3.8.1"
               },
               {
                 "name": "Flutter",
                 "version": "3.32.1"
               }
             ],
             "executables": []
           }
[   +4 ms] Found plugin cloud_firestore at /Users/otislewis/.pub-cache/hosted/pub.dev/cloud_firestore-4.17.5/
[        ] Found plugin cloud_firestore_web at /Users/otislewis/.pub-cache/hosted/pub.dev/cloud_firestore_web-3.12.5/
[   +1 ms] Found plugin file_selector_linux at /Users/otislewis/.pub-cache/hosted/pub.dev/file_selector_linux-0.9.3+2/
[        ] Found plugin file_selector_macos at /Users/otislewis/.pub-cache/hosted/pub.dev/file_selector_macos-0.9.4+3/
[        ] Found plugin file_selector_windows at /Users/otislewis/.pub-cache/hosted/pub.dev/file_selector_windows-0.9.3+4/
[        ] Found plugin firebase_auth at /Users/otislewis/.pub-cache/hosted/pub.dev/firebase_auth-4.16.0/
[        ] Found plugin firebase_auth_web at /Users/otislewis/.pub-cache/hosted/pub.dev/firebase_auth_web-5.8.13/
[        ] Found plugin firebase_core at /Users/otislewis/.pub-cache/hosted/pub.dev/firebase_core-2.32.0/
[        ] Found plugin firebase_core_web at /Users/otislewis/.pub-cache/hosted/pub.dev/firebase_core_web-2.23.0/
[        ] Found plugin firebase_storage at /Users/otislewis/.pub-cache/hosted/pub.dev/firebase_storage-11.6.5/
[        ] Found plugin firebase_storage_web at /Users/otislewis/.pub-cache/hosted/pub.dev/firebase_storage_web-3.6.22/
[        ] Found plugin flutter_plugin_android_lifecycle at /Users/otislewis/.pub-cache/hosted/pub.dev/flutter_plugin_android_lifecycle-2.0.28/
[   +1 ms] Found plugin image_picker at /Users/otislewis/.pub-cache/hosted/pub.dev/image_picker-1.1.2/
[        ] Found plugin image_picker_android at /Users/otislewis/.pub-cache/hosted/pub.dev/image_picker_android-0.8.12+23/
[        ] Found plugin image_picker_for_web at /Users/otislewis/.pub-cache/hosted/pub.dev/image_picker_for_web-3.0.6/
[        ] Found plugin image_picker_ios at /Users/otislewis/.pub-cache/hosted/pub.dev/image_picker_ios-0.8.12+2/
[        ] Found plugin image_picker_linux at /Users/otislewis/.pub-cache/hosted/pub.dev/image_picker_linux-0.2.1+2/
[        ] Found plugin image_picker_macos at /Users/otislewis/.pub-cache/hosted/pub.dev/image_picker_macos-0.2.1+2/
[        ] Found plugin image_picker_windows at /Users/otislewis/.pub-cache/hosted/pub.dev/image_picker_windows-0.2.1+1/
[  +12 ms] executing: [/Users/otislewis/arena/] /opt/homebrew/Caskroom/flutter/3.32.0/flutter/bin/cache/dart-sdk/bin/dart pub --suppress-analytics deps --json
[ +106 ms] {
             "root": "arena",
             "packages": [
               {
                 "name": "arena",
                 "version": "1.0.0+1",
                 "kind": "root",
                 "source": "root",
                 "dependencies": [
                   "flutter",
                   "cupertino_icons",
                   "provider",
                   "firebase_core",
                   "firebase_auth",
                   "cloud_firestore",
                   "firebase_storage",
                   "uuid",
                   "image_picker",
                   "flutter_test",
                   "flutter_lints",
                   "firebase_core_web",
                   "firebase_auth_web",
                   "firebase_storage_web",
                   "cloud_firestore_web",
                   "js",
                   "web"
                 ],
                 "directDependencies": [
                   "flutter",
                   "cupertino_icons",
                   "provider",
                   "firebase_core",
                   "firebase_auth",
                   "cloud_firestore",
                   "firebase_storage",
                   "uuid",
                   "image_picker"
                 ],
                 "devDependencies": [
                   "flutter_test",
                   "flutter_lints"
                 ]
               },
               {
                 "name": "web",
                 "version": "0.1.4-beta",
                 "kind": "transitive",
                 "source": "hosted",
                 "dependencies": [],
                 "directDependencies": []
               },
               {
                 "name": "js",
                 "version": "0.6.7",
                 "kind": "transitive",
                 "source": "hosted",
                 "dependencies": [
                   "meta"
                 ],
                 "directDependencies": [
                   "meta"
                 ]
               },
               {
                 "name": "meta",
                 "version": "1.16.0",
                 "kind": "transitive",
                 "source": "hosted",
                 "dependencies": [],
                 "directDependencies": []
               },
               {
                 "name": "cloud_firestore_web",
                 "version": "3.12.5",
                 "kind": "transitive",
                 "source": "hosted",
                 "dependencies": [
                   "_flutterfire_internals",
                   "cloud_firestore_platform_interface",
                   "collection",
                   "firebase_core",
                   "firebase_core_web",
                   "flutter",
                   "flutter_web_plugins"
                 ],
                 "directDependencies": [
                   "_flutterfire_internals",
                   "cloud_firestore_platform_interface",
                   "collection",
                   "firebase_core",
                   "firebase_core_web",
                   "flutter",
                   "flutter_web_plugins"
                 ]
               },
               {
                 "name": "flutter_web_plugins",
                 "version": "0.0.0",
                 "kind": "transitive",
                 "source": "sdk",
                 "dependencies": [
                   "flutter",
                   "characters",
                   "collection",
                   "material_color_utilities",
                   "meta",
                   "vector_math"
                 ],
                 "directDependencies": [
                   "flutter",
                   "characters",
                   "collection",
                   "material_color_utilities",
                   "meta",
                   "vector_math"
                 ]
               },
               {
                 "name": "vector_math",
                 "version": "2.1.4",
                 "kind": "transitive",
                 "source": "hosted",
                 "dependencies": [],
                 "directDependencies": []
               },
               {
                 "name": "material_color_utilities",
                 "version": "0.11.1",
                 "kind": "transitive",
                 "source": "hosted",
                 "dependencies": [
                   "collection"
                 ],
                 "directDependencies": [
                   "collection"
                 ]
               },
               {
                 "name": "collection",
                 "version": "1.19.1",
                 "kind": "transitive",
                 "source": "hosted",
                 "dependencies": [],
                 "directDependencies": []
               },
               {
                 "name": "characters",
                 "version": "1.4.0",
                 "kind": "transitive",
                 "source": "hosted",
                 "dependencies": [],
                 "directDependencies": []
               },
               {
                 "name": "flutter",
                 "version": "0.0.0",
                 "kind": "direct",
                 "source": "sdk",
                 "dependencies": [
                   "characters",
                   "collection",
                   "material_color_utilities",
                   "meta",
                   "vector_math",
                   "sky_engine"
                 ],
                 "directDependencies": [
                   "characters",
                   "collection",
                   "material_color_utilities",
                   "meta",
                   "vector_math",
                   "sky_engine"
                 ]
               },
               {
                 "name": "sky_engine",
                 "version": "0.0.0",
                 "kind": "transitive",
                 "source": "sdk",
                 "dependencies": [],
                 "directDependencies": []
               },
               {
                 "name": "firebase_core_web",
                 "version": "2.23.0",
                 "kind": "transitive",
                 "source": "hosted",
                 "dependencies": [
                   "firebase_core_platform_interface",
                   "flutter",
                   "flutter_web_plugins",
                   "meta",
                   "web"
                 ],
                 "directDependencies": [
                   "firebase_core_platform_interface",
                   "flutter",
                   "flutter_web_plugins",
                   "meta",
                   "web"
                 ]
               },
               {
                 "name": "firebase_core_platform_interface",
                 "version": "5.4.0",
                 "kind": "transitive",
                 "source": "hosted",
                 "dependencies": [
                   "collection",
                   "flutter",
                   "flutter_test",
                   "meta",
                   "plugin_platform_interface"
                 ],
                 "directDependencies": [
                   "collection",
                   "flutter",
                   "flutter_test",
                   "meta",
                   "plugin_platform_interface"
                 ]
               },
               {
                 "name": "plugin_platform_interface",
                 "version": "2.1.8",
                 "kind": "transitive",
                 "source": "hosted",
                 "dependencies": [
                   "meta"
                 ],
                 "directDependencies": [
                   "meta"
                 ]
               },
               {
                 "name": "flutter_test",
                 "version": "0.0.0",
                 "kind": "dev",
                 "source": "sdk",
                 "dependencies": [
                   "flutter",
                   "test_api",
                   "matcher",
                   "path",
                   "fake_async",
                   "clock",
                   "stack_trace",
                   "vector_math",
                   "leak_tracker_flutter_testing",
                   "async",
                   "boolean_selector",
                   "characters",
                   "collection",
                   "leak_tracker",
                   "leak_tracker_testing",
                   "material_color_utilities",
                   "meta",
                   "source_span",
                   "stream_channel",
                   "string_scanner",
                   "term_glyph",
                   "vm_service"
                 ],
                 "directDependencies": [
                   "flutter",
                   "test_api",
                   "matcher",
                   "path",
                   "fake_async",
                   "clock",
                   "stack_trace",
                   "vector_math",
                   "leak_tracker_flutter_testing",
                   "async",
                   "boolean_selector",
                   "characters",
                   "collection",
                   "leak_tracker",
                   "leak_tracker_testing",
                   "material_color_utilities",
                   "meta",
                   "source_span",
                   "stream_channel",
                   "string_scanner",
                   "term_glyph",
                   "vm_service"
                 ]
               },
               {
                 "name": "vm_service",
                 "version": "15.0.0",
                 "kind": "transitive",
                 "source": "hosted",
                 "dependencies": [],
                 "directDependencies": []
               },
               {
                 "name": "term_glyph",
                 "version": "1.2.2",
                 "kind": "transitive",
                 "source": "hosted",
                 "dependencies": [],
                 "directDependencies": []
               },
               {
                 "name": "string_scanner",
                 "version": "1.4.1",
                 "kind": "transitive",
                 "source": "hosted",
                 "dependencies": [
                   "source_span"
                 ],
                 "directDependencies": [
                   "source_span"
                 ]
               },
               {
                 "name": "source_span",
                 "version": "1.10.1",
                 "kind": "transitive",
                 "source": "hosted",
                 "dependencies": [
                   "collection",
                   "path",
                   "term_glyph"
                 ],
                 "directDependencies": [
                   "collection",
                   "path",
                   "term_glyph"
                 ]
               },
               {
                 "name": "path",
                 "version": "1.9.1",
                 "kind": "transitive",
                 "source": "hosted",
                 "dependencies": [],
                 "directDependencies": []
               },
               {
                 "name": "stream_channel",
                 "version": "2.1.4",
                 "kind": "transitive",
                 "source": "hosted",
                 "dependencies": [
                   "async"
                 ],
                 "directDependencies": [
                   "async"
                 ]
               },
               {
                 "name": "async",
                 "version": "2.13.0",
                 "kind": "transitive",
                 "source": "hosted",
                 "dependencies": [
                   "collection",
                   "meta"
                 ],
                 "directDependencies": [
                   "collection",
                   "meta"
                 ]
               },
               {
                 "name": "leak_tracker_testing",
                 "version": "3.0.1",
                 "kind": "transitive",
                 "source": "hosted",
                 "dependencies": [
                   "leak_tracker",
                   "matcher",
                   "meta"
                 ],
                 "directDependencies": [
                   "leak_tracker",
                   "matcher",
                   "meta"
                 ]
               },
               {
                 "name": "matcher",
                 "version": "0.12.17",
                 "kind": "transitive",
                 "source": "hosted",
                 "dependencies": [
                   "async",
                   "meta",
                   "stack_trace",
                   "term_glyph",
                   "test_api"
                 ],
                 "directDependencies": [
                   "async",
                   "meta",
                   "stack_trace",
                   "term_glyph",
                   "test_api"
                 ]
               },
               {
                 "name": "test_api",
                 "version": "0.7.4",
                 "kind": "transitive",
                 "source": "hosted",
                 "dependencies": [
                   "async",
                   "boolean_selector",
                   "collection",
                   "meta",
                   "source_span",
                   "stack_trace",
                   "stream_channel",
                   "string_scanner",
                   "term_glyph"
                 ],
                 "directDependencies": [
                   "async",
                   "boolean_selector",
                   "collection",
                   "meta",
                   "source_span",
                   "stack_trace",
                   "stream_channel",
                   "string_scanner",
                   "term_glyph"
                 ]
               },
               {
                 "name": "stack_trace",
                 "version": "1.12.1",
                 "kind": "transitive",
                 "source": "hosted",
                 "dependencies": [
                   "path"
                 ],
                 "directDependencies": [
                   "path"
                 ]
               },
               {
                 "name": "boolean_selector",
                 "version": "2.1.2",
                 "kind": "transitive",
                 "source": "hosted",
                 "dependencies": [
                   "source_span",
                   "string_scanner"
                 ],
                 "directDependencies": [
                   "source_span",
                   "string_scanner"
                 ]
               },
               {
                 "name": "leak_tracker",
                 "version": "10.0.9",
                 "kind": "transitive",
                 "source": "hosted",
                 "dependencies": [
                   "clock",
                   "collection",
                   "meta",
                   "path",
                   "vm_service"
                 ],
                 "directDependencies": [
                   "clock",
                   "collection",
                   "meta",
                   "path",
                   "vm_service"
                 ]
               },
               {
                 "name": "clock",
                 "version": "1.1.2",
                 "kind": "transitive",
                 "source": "hosted",
                 "dependencies": [],
                 "directDependencies": []
               },
               {
                 "name": "leak_tracker_flutter_testing",
                 "version": "3.0.9",
                 "kind": "transitive",
                 "source": "hosted",
                 "dependencies": [
                   "flutter",
                   "leak_tracker",
                   "leak_tracker_testing",
                   "matcher",
                   "meta"
                 ],
                 "directDependencies": [
                   "flutter",
                   "leak_tracker",
                   "leak_tracker_testing",
                   "matcher",
                   "meta"
                 ]
               },
               {
                 "name": "fake_async",
                 "version": "1.3.3",
                 "kind": "transitive",
                 "source": "hosted",
                 "dependencies": [
                   "clock",
                   "collection"
                 ],
                 "directDependencies": [
                   "clock",
                   "collection"
                 ]
               },
               {
                 "name": "firebase_core",
                 "version": "2.32.0",
                 "kind": "direct",
                 "source": "hosted",
                 "dependencies": [
                   "firebase_core_platform_interface",
                   "firebase_core_web",
                   "flutter",
                   "meta"
                 ],
                 "directDependencies": [
                   "firebase_core_platform_interface",
                   "firebase_core_web",
                   "flutter",
                   "meta"
                 ]
               },
               {
                 "name": "cloud_firestore_platform_interface",
                 "version": "6.2.5",
                 "kind": "transitive",
                 "source": "hosted",
                 "dependencies": [
                   "_flutterfire_internals",
                   "collection",
                   "firebase_core",
                   "flutter",
                   "meta",
                   "plugin_platform_interface"
                 ],
                 "directDependencies": [
                   "_flutterfire_internals",
                   "collection",
                   "firebase_core",
                   "flutter",
                   "meta",
                   "plugin_platform_interface"
                 ]
               },
               {
                 "name": "_flutterfire_internals",
                 "version": "1.3.35",
                 "kind": "transitive",
                 "source": "hosted",
                 "dependencies": [
                   "collection",
                   "firebase_core",
                   "firebase_core_platform_interface",
                   "flutter",
                   "meta"
                 ],
                 "directDependencies": [
                   "collection",
                   "firebase_core",
                   "firebase_core_platform_interface",
                   "flutter",
                   "meta"
                 ]
               },
               {
                 "name": "firebase_storage_web",
                 "version": "3.6.22",
                 "kind": "transitive",
                 "source": "hosted",
                 "dependencies": [
                   "_flutterfire_internals",
                   "async",
                   "firebase_core",
                   "firebase_core_web",
                   "firebase_storage_platform_interface",
                   "flutter",
                   "flutter_web_plugins",
                   "http",
                   "js",
                   "meta"
                 ],
                 "directDependencies": [
                   "_flutterfire_internals",
                   "async",
                   "firebase_core",
                   "firebase_core_web",
                   "firebase_storage_platform_interface",
                   "flutter",
                   "flutter_web_plugins",
                   "http",
                   "js",
                   "meta"
                 ]
               },
               {
                 "name": "http",
                 "version": "1.4.0",
                 "kind": "transitive",
                 "source": "hosted",
                 "dependencies": [
                   "async",
                   "http_parser",
                   "meta",
                   "web"
                 ],
                 "directDependencies": [
                   "async",
                   "http_parser",
                   "meta",
                   "web"
                 ]
               },
               {
                 "name": "http_parser",
                 "version": "4.1.2",
                 "kind": "transitive",
                 "source": "hosted",
                 "dependencies": [
                   "collection",
                   "source_span",
                   "string_scanner",
                   "typed_data"
                 ],
                 "directDependencies": [
                   "collection",
                   "source_span",
                   "string_scanner",
                   "typed_data"
                 ]
               },
               {
                 "name": "typed_data",
                 "version": "1.4.0",
                 "kind": "transitive",
                 "source": "hosted",
                 "dependencies": [
                   "collection"
                 ],
                 "directDependencies": [
                   "collection"
                 ]
               },
               {
                 "name": "firebase_storage_platform_interface",
                 "version": "5.1.22",
                 "kind": "transitive",
                 "source": "hosted",
                 "dependencies": [
                   "_flutterfire_internals",
                   "collection",
                   "firebase_core",
                   "flutter",
                   "meta",
                   "plugin_platform_interface"
                 ],
                 "directDependencies": [
                   "_flutterfire_internals",
                   "collection",
                   "firebase_core",
                   "flutter",
                   "meta",
                   "plugin_platform_interface"
                 ]
               },
               {
                 "name": "firebase_auth_web",
                 "version": "5.8.13",
                 "kind": "transitive",
                 "source": "hosted",
                 "dependencies": [
                   "firebase_auth_platform_interface",
                   "firebase_core",
                   "firebase_core_web",
                   "flutter",
                   "flutter_web_plugins",
                   "http_parser",
                   "js",
                   "meta"
                 ],
                 "directDependencies": [
                   "firebase_auth_platform_interface",
                   "firebase_core",
                   "firebase_core_web",
                   "flutter",
                   "flutter_web_plugins",
                   "http_parser",
                   "js",
                   "meta"
                 ]
               },
               {
                 "name": "firebase_auth_platform_interface",
                 "version": "7.3.0",
                 "kind": "transitive",
                 "source": "hosted",
                 "dependencies": [
                   "_flutterfire_internals",
                   "collection",
                   "firebase_core",
                   "flutter",
                   "meta",
                   "plugin_platform_interface"
                 ],
                 "directDependencies": [
                   "_flutterfire_internals",
                   "collection",
                   "firebase_core",
                   "flutter",
                   "meta",
                   "plugin_platform_interface"
                 ]
               },
               {
                 "name": "flutter_lints",
                 "version": "5.0.0",
                 "kind": "dev",
                 "source": "hosted",
                 "dependencies": [
                   "lints"
                 ],
                 "directDependencies": [
                   "lints"
                 ]
               },
               {
                 "name": "lints",
                 "version": "5.1.1",
                 "kind": "transitive",
                 "source": "hosted",
                 "dependencies": [],
                 "directDependencies": []
               },
               {
                 "name": "image_picker",
                 "version": "1.1.2",
                 "kind": "direct",
                 "source": "hosted",
                 "dependencies": [
                   "flutter",
                   "image_picker_android",
                   "image_picker_for_web",
                   "image_picker_ios",
                   "image_picker_linux",
                   "image_picker_macos",
                   "image_picker_platform_interface",
                   "image_picker_windows"
                 ],
                 "directDependencies": [
                   "flutter",
                   "image_picker_android",
                   "image_picker_for_web",
                   "image_picker_ios",
                   "image_picker_linux",
                   "image_picker_macos",
                   "image_picker_platform_interface",
                   "image_picker_windows"
                 ]
               },
               {
                 "name": "image_picker_windows",
                 "version": "0.2.1+1",
                 "kind": "transitive",
                 "source": "hosted",
                 "dependencies": [
                   "file_selector_platform_interface",
                   "file_selector_windows",
                   "flutter",
                   "image_picker_platform_interface"
                 ],
                 "directDependencies": [
                   "file_selector_platform_interface",
                   "file_selector_windows",
                   "flutter",
                   "image_picker_platform_interface"
                 ]
               },
               {
                 "name": "image_picker_platform_interface",
                 "version": "2.10.1",
                 "kind": "transitive",
                 "source": "hosted",
                 "dependencies": [
                   "cross_file",
                   "flutter",
                   "http",
                   "plugin_platform_interface"
                 ],
                 "directDependencies": [
                   "cross_file",
                   "flutter",
                   "http",
                   "plugin_platform_interface"
                 ]
               },
               {
                 "name": "cross_file",
                 "version": "0.3.4+2",
                 "kind": "transitive",
                 "source": "hosted",
                 "dependencies": [
                   "meta",
                   "web"
                 ],
                 "directDependencies": [
                   "meta",
                   "web"
                 ]
               },
               {
                 "name": "file_selector_windows",
                 "version": "0.9.3+4",
                 "kind": "transitive",
                 "source": "hosted",
                 "dependencies": [
                   "cross_file",
                   "file_selector_platform_interface",
                   "flutter"
                 ],
                 "directDependencies": [
                   "cross_file",
                   "file_selector_platform_interface",
                   "flutter"
                 ]
               },
               {
                 "name": "file_selector_platform_interface",
                 "version": "2.6.2",
                 "kind": "transitive",
                 "source": "hosted",
                 "dependencies": [
                   "cross_file",
                   "flutter",
                   "http",
                   "plugin_platform_interface"
                 ],
                 "directDependencies": [
                   "cross_file",
                   "flutter",
                   "http",
                   "plugin_platform_interface"
                 ]
               },
               {
                 "name": "image_picker_macos",
                 "version": "0.2.1+2",
                 "kind": "transitive",
                 "source": "hosted",
                 "dependencies": [
                   "file_selector_macos",
                   "file_selector_platform_interface",
                   "flutter",
                   "image_picker_platform_interface"
                 ],
                 "directDependencies": [
                   "file_selector_macos",
                   "file_selector_platform_interface",
                   "flutter",
                   "image_picker_platform_interface"
                 ]
               },
               {
                 "name": "file_selector_macos",
                 "version": "0.9.4+3",
                 "kind": "transitive",
                 "source": "hosted",
                 "dependencies": [
                   "cross_file",
                   "file_selector_platform_interface",
                   "flutter"
                 ],
                 "directDependencies": [
                   "cross_file",
                   "file_selector_platform_interface",
                   "flutter"
                 ]
               },
               {
                 "name": "image_picker_linux",
                 "version": "0.2.1+2",
                 "kind": "transitive",
                 "source": "hosted",
                 "dependencies": [
                   "file_selector_linux",
                   "file_selector_platform_interface",
                   "flutter",
                   "image_picker_platform_interface"
                 ],
                 "directDependencies": [
                   "file_selector_linux",
                   "file_selector_platform_interface",
                   "flutter",
                   "image_picker_platform_interface"
                 ]
               },
               {
                 "name": "file_selector_linux",
                 "version": "0.9.3+2",
                 "kind": "transitive",
                 "source": "hosted",
                 "dependencies": [
                   "cross_file",
                   "file_selector_platform_interface",
                   "flutter"
                 ],
                 "directDependencies": [
                   "cross_file",
                   "file_selector_platform_interface",
                   "flutter"
                 ]
               },
               {
                 "name": "image_picker_ios",
                 "version": "0.8.12+2",
                 "kind": "transitive",
                 "source": "hosted",
                 "dependencies": [
                   "flutter",
                   "image_picker_platform_interface"
                 ],
                 "directDependencies": [
                   "flutter",
                   "image_picker_platform_interface"
                 ]
               },
               {
                 "name": "image_picker_for_web",
                 "version": "3.0.6",
                 "kind": "transitive",
                 "source": "hosted",
                 "dependencies": [
                   "flutter",
                   "flutter_web_plugins",
                   "image_picker_platform_interface",
                   "mime",
                   "web"
                 ],
                 "directDependencies": [
                   "flutter",
                   "flutter_web_plugins",
                   "image_picker_platform_interface",
                   "mime",
                   "web"
                 ]
               },
               {
                 "name": "mime",
                 "version": "2.0.0",
                 "kind": "transitive",
                 "source": "hosted",
                 "dependencies": [],
                 "directDependencies": []
               },
               {
                 "name": "image_picker_android",
                 "version": "0.8.12+23",
                 "kind": "transitive",
                 "source": "hosted",
                 "dependencies": [
                   "flutter",
                   "flutter_plugin_android_lifecycle",
                   "image_picker_platform_interface"
                 ],
                 "directDependencies": [
                   "flutter",
                   "flutter_plugin_android_lifecycle",
                   "image_picker_platform_interface"
                 ]
               },
               {
                 "name": "flutter_plugin_android_lifecycle",
                 "version": "2.0.28",
                 "kind": "transitive",
                 "source": "hosted",
                 "dependencies": [
                   "flutter"
                 ],
                 "directDependencies": [
                   "flutter"
                 ]
               },
               {
                 "name": "uuid",
                 "version": "4.5.1",
                 "kind": "direct",
                 "source": "hosted",
                 "dependencies": [
                   "crypto",
                   "sprintf",
                   "meta",
                   "fixnum"
                 ],
                 "directDependencies": [
                   "crypto",
                   "sprintf",
                   "meta",
                   "fixnum"
                 ]
               },
               {
                 "name": "fixnum",
                 "version": "1.1.1",
                 "kind": "transitive",
                 "source": "hosted",
                 "dependencies": [],
                 "directDependencies": []
               },
               {
                 "name": "sprintf",
                 "version": "7.0.0",
                 "kind": "transitive",
                 "source": "hosted",
                 "dependencies": [],
                 "directDependencies": []
               },
               {
                 "name": "crypto",
                 "version": "3.0.6",
                 "kind": "transitive",
                 "source": "hosted",
                 "dependencies": [
                   "typed_data"
                 ],
                 "directDependencies": [
                   "typed_data"
                 ]
               },
               {
                 "name": "firebase_storage",
                 "version": "11.6.5",
                 "kind": "direct",
                 "source": "hosted",
                 "dependencies": [
                   "firebase_core",
                   "firebase_core_platform_interface",
                   "firebase_storage_platform_interface",
                   "firebase_storage_web",
                   "flutter"
                 ],
                 "directDependencies": [
                   "firebase_core",
                   "firebase_core_platform_interface",
                   "firebase_storage_platform_interface",
                   "firebase_storage_web",
                   "flutter"
                 ]
               },
               {
                 "name": "cloud_firestore",
                 "version": "4.17.5",
                 "kind": "direct",
                 "source": "hosted",
                 "dependencies": [
                   "cloud_firestore_platform_interface",
                   "cloud_firestore_web",
                   "collection",
                   "firebase_core",
                   "firebase_core_platform_interface",
                   "flutter",
                   "meta"
                 ],
                 "directDependencies": [
                   "cloud_firestore_platform_interface",
                   "cloud_firestore_web",
                   "collection",
                   "firebase_core",
                   "firebase_core_platform_interface",
                   "flutter",
                   "meta"
                 ]
               },
               {
                 "name": "firebase_auth",
                 "version": "4.16.0",
                 "kind": "direct",
                 "source": "hosted",
                 "dependencies": [
                   "firebase_auth_platform_interface",
                   "firebase_auth_web",
                   "firebase_core",
                   "firebase_core_platform_interface",
                   "flutter",
                   "meta"
                 ],
                 "directDependencies": [
                   "firebase_auth_platform_interface",
                   "firebase_auth_web",
                   "firebase_core",
                   "firebase_core_platform_interface",
                   "flutter",
                   "meta"
                 ]
               },
               {
                 "name": "provider",
                 "version": "6.1.5",
                 "kind": "direct",
                 "source": "hosted",
                 "dependencies": [
                   "collection",
                   "flutter",
                   "nested"
                 ],
                 "directDependencies": [
                   "collection",
                   "flutter",
                   "nested"
                 ]
               },
               {
                 "name": "nested",
                 "version": "1.0.0",
                 "kind": "transitive",
                 "source": "hosted",
                 "dependencies": [
                   "flutter"
                 ],
                 "directDependencies": [
                   "flutter"
                 ]
               },
               {
                 "name": "cupertino_icons",
                 "version": "1.0.8",
                 "kind": "direct",
                 "source": "hosted",
                 "dependencies": [],
                 "directDependencies": []
               }
             ],
             "sdks": [
               {
                 "name": "Dart",
                 "version": "3.8.1"
               },
               {
                 "name": "Flutter",
                 "version": "3.32.1"
               }
             ],
             "executables": []
           }
[   +3 ms] Found plugin cloud_firestore at /Users/otislewis/.pub-cache/hosted/pub.dev/cloud_firestore-4.17.5/
[        ] Found plugin cloud_firestore_web at /Users/otislewis/.pub-cache/hosted/pub.dev/cloud_firestore_web-3.12.5/
[   +1 ms] Found plugin file_selector_linux at /Users/otislewis/.pub-cache/hosted/pub.dev/file_selector_linux-0.9.3+2/
[        ] Found plugin file_selector_macos at /Users/otislewis/.pub-cache/hosted/pub.dev/file_selector_macos-0.9.4+3/
[        ] Found plugin file_selector_windows at /Users/otislewis/.pub-cache/hosted/pub.dev/file_selector_windows-0.9.3+4/
[        ] Found plugin firebase_auth at /Users/otislewis/.pub-cache/hosted/pub.dev/firebase_auth-4.16.0/
[        ] Found plugin firebase_auth_web at /Users/otislewis/.pub-cache/hosted/pub.dev/firebase_auth_web-5.8.13/
[        ] Found plugin firebase_core at /Users/otislewis/.pub-cache/hosted/pub.dev/firebase_core-2.32.0/
[        ] Found plugin firebase_core_web at /Users/otislewis/.pub-cache/hosted/pub.dev/firebase_core_web-2.23.0/
[        ] Found plugin firebase_storage at /Users/otislewis/.pub-cache/hosted/pub.dev/firebase_storage-11.6.5/
[        ] Found plugin firebase_storage_web at /Users/otislewis/.pub-cache/hosted/pub.dev/firebase_storage_web-3.6.22/
[        ] Found plugin flutter_plugin_android_lifecycle at /Users/otislewis/.pub-cache/hosted/pub.dev/flutter_plugin_android_lifecycle-2.0.28/
[        ] Found plugin image_picker at /Users/otislewis/.pub-cache/hosted/pub.dev/image_picker-1.1.2/
[        ] Found plugin image_picker_android at /Users/otislewis/.pub-cache/hosted/pub.dev/image_picker_android-0.8.12+23/
[        ] Found plugin image_picker_for_web at /Users/otislewis/.pub-cache/hosted/pub.dev/image_picker_for_web-3.0.6/
[        ] Found plugin image_picker_ios at /Users/otislewis/.pub-cache/hosted/pub.dev/image_picker_ios-0.8.12+2/
[        ] Found plugin image_picker_linux at /Users/otislewis/.pub-cache/hosted/pub.dev/image_picker_linux-0.2.1+2/
[        ] Found plugin image_picker_macos at /Users/otislewis/.pub-cache/hosted/pub.dev/image_picker_macos-0.2.1+2/
[        ] Found plugin image_picker_windows at /Users/otislewis/.pub-cache/hosted/pub.dev/image_picker_windows-0.2.1+1/
[   +8 ms] Generating /Users/otislewis/arena/android/app/src/main/java/io/flutter/plugins/GeneratedPluginRegistrant.java
[  +10 ms] executing: sysctl hw.optional.arm64
[   +2 ms] Exit code 0 from: sysctl hw.optional.arm64
[        ] hw.optional.arm64: 1
[        ] executing: /usr/bin/arch -arm64e xcrun xcodebuild -version
[  +32 ms] Exit code 0 from: /usr/bin/arch -arm64e xcrun xcodebuild -version
[        ] Xcode 16.3
           Build version 16E140
[  +17 ms] executing: [/Users/otislewis/arena/ios/] /usr/bin/arch -arm64e xcrun xcodebuild -list
[ +381 ms] Command line invocation:
               /Applications/Xcode.app/Contents/Developer/usr/bin/xcodebuild -list

           Information about project "Runner":
               Targets:
                   Runner
                   RunnerTests

               Build Configurations:
                   Debug
                   Release
                   Profile

               If no build configuration is specified and -scheme is not passed then "Release" is used.

               Schemes:
                   Runner
[   +2 ms] executing: [/Users/otislewis/arena/ios/Runner.xcodeproj/] /usr/bin/arch -arm64e xcrun xcodebuild -project /Users/otislewis/arena/ios/Runner.xcodeproj -scheme Runner -configuration Release -destination generic/platform=iOS -showBuildSettings BUILD_DIR=/Users/otislewis/arena/build/ios
[        ] executing: [/Users/otislewis/arena/ios/Runner.xcodeproj/] /usr/bin/arch -arm64e xcrun xcodebuild -project /Users/otislewis/arena/ios/Runner.xcodeproj -scheme Runner -configuration Release -destination generic/platform=iOS -showBuildSettings BUILD_DIR=/Users/otislewis/arena/build/ios
[ +465 ms] Command line invocation:
               /Applications/Xcode.app/Contents/Developer/usr/bin/xcodebuild -project /Users/otislewis/arena/ios/Runner.xcodeproj -scheme Runner -configuration Release -destination generic/platform=iOS -showBuildSettings BUILD_DIR=/Users/otislewis/arena/build/ios

           Build settings from command line:
               BUILD_DIR = /Users/otislewis/arena/build/ios

           Build settings for action build and target Runner:
               ACTION = build
               AD_HOC_CODE_SIGNING_ALLOWED = NO
               AGGREGATE_TRACKED_DOMAINS = YES
               ALLOW_BUILD_REQUEST_OVERRIDES = NO
               ALLOW_TARGET_PLATFORM_SPECIALIZATION = NO
               ALTERNATE_GROUP = staff
               ALTERNATE_MODE = u+w,go-w,a+rX
               ALTERNATE_OWNER = otislewis
               ALTERNATIVE_DISTRIBUTION_WEB = NO
               ALWAYS_EMBED_SWIFT_STANDARD_LIBRARIES = YES
               ALWAYS_SEARCH_USER_PATHS = NO
               ALWAYS_USE_SEPARATE_HEADERMAPS = NO
               APPLICATION_EXTENSION_API_ONLY = NO
               APPLY_RULES_IN_COPY_FILES = NO
               APPLY_RULES_IN_COPY_HEADERS = NO
               APP_SHORTCUTS_ENABLE_FLEXIBLE_MATCHING = YES
               ARCHS = arm64
               ARCHS_STANDARD = arm64
               ARCHS_STANDARD_32_64_BIT = armv7 arm64
               ARCHS_STANDARD_32_BIT = armv7
               ARCHS_STANDARD_64_BIT = arm64
               ARCHS_STANDARD_INCLUDING_64_BIT = arm64
               ARCHS_UNIVERSAL_IPHONE_OS = armv7 arm64
               ASSETCATALOG_COMPILER_APPICON_NAME = AppIcon
               ASSETCATALOG_COMPILER_GENERATE_SWIFT_ASSET_SYMBOL_EXTENSIONS = YES
               AUTOMATICALLY_MERGE_DEPENDENCIES = NO
               AVAILABLE_PLATFORMS = android appletvos appletvsimulator driverkit iphoneos iphonesimulator macosx qnx watchos watchsimulator xros xrsimulator
               BITCODE_GENERATION_MODE = marker
               BUILD_ACTIVE_RESOURCES_ONLY = NO
               BUILD_COMPONENTS = headers build
               BUILD_DIR = /Users/otislewis/arena/build/ios
               BUILD_LIBRARY_FOR_DISTRIBUTION = NO
               BUILD_ROOT = /Users/otislewis/Library/Developer/Xcode/DerivedData/Runner-hhkjvqxuiwhkszfvishttxwvclzj/Build/Products
               BUILD_STYLE = 
               BUILD_VARIANTS = normal
               BUILT_PRODUCTS_DIR = /Users/otislewis/arena/build/ios/Release-iphoneos
               BUNDLE_CONTENTS_FOLDER_PATH_deep = Contents/
               BUNDLE_EXECUTABLE_FOLDER_NAME_deep = MacOS
               BUNDLE_EXTENSIONS_FOLDER_PATH = Extensions
               BUNDLE_FORMAT = shallow
               BUNDLE_FRAMEWORKS_FOLDER_PATH = Frameworks
               BUNDLE_PLUGINS_FOLDER_PATH = PlugIns
               BUNDLE_PRIVATE_HEADERS_FOLDER_PATH = PrivateHeaders
               BUNDLE_PUBLIC_HEADERS_FOLDER_PATH = Headers
               CACHE_ROOT = /var/folders/4y/xy3fflts0nqfk1tsxg0t3mmr0000gn/C/com.apple.DeveloperTools/16.3-16E140/Xcode
               CCHROOT = /var/folders/4y/xy3fflts0nqfk1tsxg0t3mmr0000gn/C/com.apple.DeveloperTools/16.3-16E140/Xcode
               CHMOD = /bin/chmod
               CHOWN = /usr/sbin/chown
               CLANG_ANALYZER_NONNULL = YES
               CLANG_CACHE_FINE_GRAINED_OUTPUTS = YES
               CLANG_CXX_LANGUAGE_STANDARD = gnu++0x
               CLANG_CXX_LIBRARY = libc++
               CLANG_ENABLE_EXPLICIT_MODULES = YES
               CLANG_ENABLE_MODULES = YES
               CLANG_ENABLE_OBJC_ARC = YES
               CLANG_MODULES_BUILD_SESSION_FILE = /Users/otislewis/Library/Developer/Xcode/DerivedData/ModuleCache.noindex/Session.modulevalidation
               CLANG_WARN_BLOCK_CAPTURE_AUTORELEASING = YES
               CLANG_WARN_BOOL_CONVERSION = YES
               CLANG_WARN_COMMA = YES
               CLANG_WARN_CONSTANT_CONVERSION = YES
               CLANG_WARN_DEPRECATED_OBJC_IMPLEMENTATIONS = YES
               CLANG_WARN_DIRECT_OBJC_ISA_USAGE = YES_ERROR
               CLANG_WARN_EMPTY_BODY = YES
               CLANG_WARN_ENUM_CONVERSION = YES
               CLANG_WARN_INFINITE_RECURSION = YES
               CLANG_WARN_INT_CONVERSION = YES
               CLANG_WARN_NON_LITERAL_NULL_CONVERSION = YES
               CLANG_WARN_OBJC_IMPLICIT_RETAIN_SELF = YES
               CLANG_WARN_OBJC_LITERAL_CONVERSION = YES
               CLANG_WARN_OBJC_ROOT_CLASS = YES_ERROR
               CLANG_WARN_QUOTED_INCLUDE_IN_FRAMEWORK_HEADER = NO
               CLANG_WARN_RANGE_LOOP_ANALYSIS = YES
               CLANG_WARN_STRICT_PROTOTYPES = YES
               CLANG_WARN_SUSPICIOUS_MOVE = YES
               CLANG_WARN_UNREACHABLE_CODE = YES
               CLANG_WARN__DUPLICATE_METHOD_MATCH = YES
               CLASS_FILE_DIR = /Users/otislewis/Library/Developer/Xcode/DerivedData/Runner-hhkjvqxuiwhkszfvishttxwvclzj/Build/Intermediates.noindex/Runner.build/Release-iphoneos/Runner.build/JavaClasses
               CLEAN_PRECOMPS = YES
               CLONE_HEADERS = NO
               COCOAPODS_PARALLEL_CODE_SIGN = true
               CODESIGNING_FOLDER_PATH = /Users/otislewis/arena/build/ios/Release-iphoneos/Runner.app
               CODE_SIGNING_ALLOWED = YES
               CODE_SIGNING_REQUIRED = YES
               CODE_SIGN_CONTEXT_CLASS = XCiPhoneOSCodeSignContext
               CODE_SIGN_IDENTITY = iPhone Developer
               CODE_SIGN_INJECT_BASE_ENTITLEMENTS = YES
               COLOR_DIAGNOSTICS = NO
               COMBINE_HIDPI_IMAGES = NO
               COMPILATION_CACHE_CAS_PATH = /Users/otislewis/Library/Developer/Xcode/DerivedData/CompilationCache.noindex
               COMPILATION_CACHE_KEEP_CAS_DIRECTORY = YES
               COMPILER_INDEX_STORE_ENABLE = Default
               COMPOSITE_SDK_DIRS = /Users/otislewis/Library/Developer/Xcode/DerivedData/Runner-hhkjvqxuiwhkszfvishttxwvclzj/Build/Intermediates.noindex/CompositeSDKs
               COMPRESS_PNG_FILES = YES
               CONFIGURATION = Release
               CONFIGURATION_BUILD_DIR = /Users/otislewis/arena/build/ios/Release-iphoneos
               CONFIGURATION_TEMP_DIR = /Users/otislewis/Library/Developer/Xcode/DerivedData/Runner-hhkjvqxuiwhkszfvishttxwvclzj/Build/Intermediates.noindex/Runner.build/Release-iphoneos
               CONTENTS_FOLDER_PATH = Runner.app
               CONTENTS_FOLDER_PATH_SHALLOW_BUNDLE_NO = Runner.app/Contents
               CONTENTS_FOLDER_PATH_SHALLOW_BUNDLE_YES = Runner.app
               COPYING_PRESERVES_HFS_DATA = NO
               COPY_HEADERS_RUN_UNIFDEF = NO
               COPY_PHASE_STRIP = NO
               CORRESPONDING_SIMULATOR_PLATFORM_DIR = /Applications/Xcode.app/Contents/Developer/Platforms/iPhoneSimulator.platform
               CORRESPONDING_SIMULATOR_PLATFORM_NAME = iphonesimulator
               CORRESPONDING_SIMULATOR_SDK_DIR = /Applications/Xcode.app/Contents/Developer/Platforms/iPhoneSimulator.platform/Developer/SDKs/iPhoneSimulator18.4.sdk
               CORRESPONDING_SIMULATOR_SDK_NAME = iphonesimulator18.4
               CP = /bin/cp
               CREATE_INFOPLIST_SECTION_IN_BINARY = NO
               CURRENT_ARCH = undefined_arch
               CURRENT_PROJECT_VERSION = 1
               CURRENT_VARIANT = normal
               DART_DEFINES = RkxVVFRFUl9WRVJTSU9OPTMuMzIuMQ==,RkxVVFRFUl9DSEFOTkVMPXN0YWJsZQ==,RkxVVFRFUl9HSVRfVVJMPWh0dHBzOi8vZ2l0aHViLmNvbS9mbHV0dGVyL2ZsdXR0ZXIuZ2l0,RkxVVFRFUl9GUkFNRVdPUktfUkVWSVNJT049YjI1MzA1YTg4Mw==,RkxVVFRFUl9FTkdJTkVfUkVWSVNJT049MTQyNWU1ZTllYw==,RkxVVFRFUl9EQVJUX1ZFUlNJT049My44LjE=
               DART_OBFUSCATION = false
               DEAD_CODE_STRIPPING = YES
               DEBUGGING_SYMBOLS = YES
               DEBUG_INFORMATION_FORMAT = dwarf-with-dsym
               DEBUG_INFORMATION_VERSION = compiler-default
               DEFAULT_COMPILER = com.apple.compilers.llvm.clang.1_0
               DEFAULT_DEXT_INSTALL_PATH = /System/Library/DriverExtensions
               DEFAULT_KEXT_INSTALL_PATH = /System/Library/Extensions
               DEFINES_MODULE = NO
               DEPLOYMENT_LOCATION = NO
               DEPLOYMENT_POSTPROCESSING = NO
               DEPLOYMENT_TARGET_SETTING_NAME = IPHONEOS_DEPLOYMENT_TARGET
               DEPLOYMENT_TARGET_SUGGESTED_VALUES = 12.0 12.1 12.2 12.3 12.4 13.0 13.1 13.2 13.3 13.4 13.5 13.6 14.0 14.1 14.2 14.3 14.4 14.5 14.6 14.7 15.0 15.1 15.2 15.3 15.4 15.5 15.6 16.0 16.1 16.2 16.3 16.4 16.5 16.6 17.0 17.1 17.2 17.3 17.4 17.5 17.6 18.0 18.1 18.2 18.3 18.4
               DERIVED_FILES_DIR = /Users/otislewis/Library/Developer/Xcode/DerivedData/Runner-hhkjvqxuiwhkszfvishttxwvclzj/Build/Intermediates.noindex/Runner.build/Release-iphoneos/Runner.build/DerivedSources
               DERIVED_FILE_DIR = /Users/otislewis/Library/Developer/Xcode/DerivedData/Runner-hhkjvqxuiwhkszfvishttxwvclzj/Build/Intermediates.noindex/Runner.build/Release-iphoneos/Runner.build/DerivedSources
               DERIVED_SOURCES_DIR = /Users/otislewis/Library/Developer/Xcode/DerivedData/Runner-hhkjvqxuiwhkszfvishttxwvclzj/Build/Intermediates.noindex/Runner.build/Release-iphoneos/Runner.build/DerivedSources
               DERIVE_MACCATALYST_PRODUCT_BUNDLE_IDENTIFIER = NO
               DEVELOPER_APPLICATIONS_DIR = /Applications/Xcode.app/Contents/Developer/Applications
               DEVELOPER_BIN_DIR = /Applications/Xcode.app/Contents/Developer/usr/bin
               DEVELOPER_DIR = /Applications/Xcode.app/Contents/Developer
               DEVELOPER_FRAMEWORKS_DIR = /Applications/Xcode.app/Contents/Developer/Library/Frameworks
               DEVELOPER_FRAMEWORKS_DIR_QUOTED = /Applications/Xcode.app/Contents/Developer/Library/Frameworks
               DEVELOPER_LIBRARY_DIR = /Applications/Xcode.app/Contents/Developer/Library
               DEVELOPER_SDK_DIR = /Applications/Xcode.app/Contents/Developer/Platforms/MacOSX.platform/Developer/SDKs
               DEVELOPER_TOOLS_DIR = /Applications/Xcode.app/Contents/Developer/Tools
               DEVELOPER_USR_DIR = /Applications/Xcode.app/Contents/Developer/usr
               DEVELOPMENT_LANGUAGE = en
               DEVELOPMENT_TEAM = Y596YA67NN
               DIAGNOSE_MISSING_TARGET_DEPENDENCIES = YES
               DIFF = /usr/bin/diff
               DOCUMENTATION_FOLDER_PATH = Runner.app/en.lproj/Documentation
               DONT_GENERATE_INFOPLIST_FILE = NO
               DSTROOT = /tmp/Runner.dst
               DT_TOOLCHAIN_DIR = /Applications/Xcode.app/Contents/Developer/Toolchains/XcodeDefault.xctoolchain
               DWARF_DSYM_FILE_NAME = Runner.app.dSYM
               DWARF_DSYM_FILE_SHOULD_ACCOMPANY_PRODUCT = NO
               DWARF_DSYM_FOLDER_PATH = /Users/otislewis/arena/build/ios/Release-iphoneos
               DYNAMIC_LIBRARY_EXTENSION = dylib
               EAGER_COMPILATION_ALLOW_SCRIPTS = NO
               EAGER_LINKING = NO
               EFFECTIVE_PLATFORM_NAME = -iphoneos
               EMBEDDED_CONTENT_CONTAINS_SWIFT = NO
               EMBEDDED_PROFILE_NAME = embedded.mobileprovision
               EMBED_ASSET_PACKS_IN_PRODUCT_BUNDLE = NO
               ENABLE_APP_SANDBOX = NO
               ENABLE_BITCODE = NO
               ENABLE_CODE_COVERAGE = YES
               ENABLE_DEBUG_DYLIB = YES
               ENABLE_DEFAULT_HEADER_SEARCH_PATHS = YES
               ENABLE_DEFAULT_SEARCH_PATHS = YES
               ENABLE_HARDENED_RUNTIME = NO
               ENABLE_HEADER_DEPENDENCIES = YES
               ENABLE_INCOMING_NETWORK_CONNECTIONS = NO
               ENABLE_NS_ASSERTIONS = NO
               ENABLE_ON_DEMAND_RESOURCES = YES
               ENABLE_OUTGOING_NETWORK_CONNECTIONS = NO
               ENABLE_RESOURCE_ACCESS_AUDIO_INPUT = NO
               ENABLE_RESOURCE_ACCESS_BLUETOOTH = NO
               ENABLE_RESOURCE_ACCESS_CALENDARS = NO
               ENABLE_RESOURCE_ACCESS_CAMERA = NO
               ENABLE_RESOURCE_ACCESS_CONTACTS = NO
               ENABLE_RESOURCE_ACCESS_LOCATION = NO
               ENABLE_RESOURCE_ACCESS_PRINTING = NO
               ENABLE_RESOURCE_ACCESS_USB = NO
               ENABLE_SDK_IMPORTS = NO
               ENABLE_STRICT_OBJC_MSGSEND = YES
               ENABLE_TESTABILITY = NO
               ENABLE_TESTING_SEARCH_PATHS = NO
               ENABLE_USER_SCRIPT_SANDBOXING = NO
               ENFORCE_VALID_ARCHS = YES
               ENTITLEMENTS_ALLOWED = YES
               ENTITLEMENTS_DESTINATION = Signature
               ENTITLEMENTS_REQUIRED = NO
               EXCLUDED_ARCHS = armv7
               EXCLUDED_INSTALLSRC_SUBDIRECTORY_PATTERNS = .DS_Store .svn .git .hg CVS
               EXCLUDED_RECURSIVE_SEARCH_PATH_SUBDIRECTORIES = *.nib *.lproj *.framework *.gch *.xcode* *.xcassets (*) .DS_Store CVS .svn .git .hg *.pbproj *.pbxproj
               EXECUTABLES_FOLDER_PATH = Runner.app/Executables
               EXECUTABLE_FOLDER_PATH = Runner.app
               EXECUTABLE_FOLDER_PATH_SHALLOW_BUNDLE_NO = Runner.app/MacOS
               EXECUTABLE_FOLDER_PATH_SHALLOW_BUNDLE_YES = Runner.app
               EXECUTABLE_NAME = Runner
               EXECUTABLE_PATH = Runner.app/Runner
               EXTENSIONS_FOLDER_PATH = Runner.app/Extensions
               FILE_LIST = /Users/otislewis/Library/Developer/Xcode/DerivedData/Runner-hhkjvqxuiwhkszfvishttxwvclzj/Build/Intermediates.noindex/Runner.build/Release-iphoneos/Runner.build/Objects/LinkFileList
               FIXED_FILES_DIR = /Users/otislewis/Library/Developer/Xcode/DerivedData/Runner-hhkjvqxuiwhkszfvishttxwvclzj/Build/Intermediates.noindex/Runner.build/Release-iphoneos/Runner.build/FixedFiles
               FLUTTER_APPLICATION_PATH = /Users/otislewis/arena
               FLUTTER_BUILD_DIR = build
               FLUTTER_BUILD_NAME = 1.0.0
               FLUTTER_BUILD_NUMBER = 1
               FLUTTER_ROOT = /opt/homebrew/Caskroom/flutter/3.32.0/flutter
               FLUTTER_TARGET = lib/main.dart
               FRAMEWORKS_FOLDER_PATH = Runner.app/Frameworks
               FRAMEWORK_FLAG_PREFIX = -framework
               FRAMEWORK_SEARCH_PATHS = /Users/otislewis/arena/build/ios/Release-iphoneos  "/Users/otislewis/arena/build/ios/Release-iphoneos/BoringSSL-GRPC" "/Users/otislewis/arena/build/ios/Release-iphoneos/FirebaseAppCheckInterop" "/Users/otislewis/arena/build/ios/Release-iphoneos/FirebaseAuth" "/Users/otislewis/arena/build/ios/Release-iphoneos/FirebaseAuthInterop" "/Users/otislewis/arena/build/ios/Release-iphoneos/FirebaseCore" "/Users/otislewis/arena/build/ios/Release-iphoneos/FirebaseCoreExtension" "/Users/otislewis/arena/build/ios/Release-iphoneos/FirebaseCoreInternal" "/Users/otislewis/arena/build/ios/Release-iphoneos/FirebaseFirestore" "/Users/otislewis/arena/build/ios/Release-iphoneos/FirebaseFirestoreInternal" "/Users/otislewis/arena/build/ios/Release-iphoneos/FirebaseSharedSwift" "/Users/otislewis/arena/build/ios/Release-iphoneos/FirebaseStorage" "/Users/otislewis/arena/build/ios/Release-iphoneos/GTMSessionFetcher" "/Users/otislewis/arena/build/ios/Release-iphoneos/GoogleUtilities" "/Users/otislewis/arena/build/ios/Release-iphoneos/PromisesObjC" "/Users/otislewis/arena/build/ios/Release-iphoneos/RecaptchaInterop" "/Users/otislewis/arena/build/ios/Release-iphoneos/abseil" "/Users/otislewis/arena/build/ios/Release-iphoneos/cloud_firestore" "/Users/otislewis/arena/build/ios/Release-iphoneos/firebase_auth" "/Users/otislewis/arena/build/ios/Release-iphoneos/firebase_core" "/Users/otislewis/arena/build/ios/Release-iphoneos/firebase_storage" "/Users/otislewis/arena/build/ios/Release-iphoneos/gRPC-C++" "/Users/otislewis/arena/build/ios/Release-iphoneos/gRPC-Core" "/Users/otislewis/arena/build/ios/Release-iphoneos/image_picker_ios" "/Users/otislewis/arena/build/ios/Release-iphoneos/leveldb-library" "/Users/otislewis/arena/build/ios/Release-iphoneos/nanopb"
               FRAMEWORK_VERSION = A
               FULL_PRODUCT_NAME = Runner.app
               FUSE_BUILD_PHASES = YES
               FUSE_BUILD_SCRIPT_PHASES = NO
               GCC3_VERSION = 3.3
               GCC_C_LANGUAGE_STANDARD = gnu99
               GCC_DYNAMIC_NO_PIC = NO
               GCC_INLINES_ARE_PRIVATE_EXTERN = YES
               GCC_NO_COMMON_BLOCKS = YES
               GCC_PFE_FILE_C_DIALECTS = c objective-c c++ objective-c++
               GCC_PREPROCESSOR_DEFINITIONS =  COCOAPODS=1  PB_FIELD_32BIT=1 PB_NO_PACKED_STRUCTS=1 PB_ENABLE_MALLOC=1
               GCC_SYMBOLS_PRIVATE_EXTERN = YES
               GCC_THUMB_SUPPORT = YES
               GCC_TREAT_WARNINGS_AS_ERRORS = NO
               GCC_VERSION = com.apple.compilers.llvm.clang.1_0
               GCC_VERSION_IDENTIFIER = com_apple_compilers_llvm_clang_1_0
               GCC_WARN_64_TO_32_BIT_CONVERSION = YES
               GCC_WARN_ABOUT_RETURN_TYPE = YES_ERROR
               GCC_WARN_UNDECLARED_SELECTOR = YES
               GCC_WARN_UNINITIALIZED_AUTOS = YES_AGGRESSIVE
               GCC_WARN_UNUSED_FUNCTION = YES
               GCC_WARN_UNUSED_VARIABLE = YES
               GENERATED_MODULEMAP_DIR = /Users/otislewis/Library/Developer/Xcode/DerivedData/Runner-hhkjvqxuiwhkszfvishttxwvclzj/Build/Intermediates.noindex/GeneratedModuleMaps-iphoneos
               GENERATE_INFOPLIST_FILE = NO
               GENERATE_INTERMEDIATE_TEXT_BASED_STUBS = YES
               GENERATE_MASTER_OBJECT_FILE = NO
               GENERATE_PKGINFO_FILE = YES
               GENERATE_PROFILING_CODE = NO
               GENERATE_TEXT_BASED_STUBS = NO
               GID = 20
               GROUP = staff
               HEADERMAP_INCLUDES_FLAT_ENTRIES_FOR_TARGET_BEING_BUILT = YES
               HEADERMAP_INCLUDES_FRAMEWORK_ENTRIES_FOR_ALL_PRODUCT_TYPES = YES
               HEADERMAP_INCLUDES_FRAMEWORK_ENTRIES_FOR_TARGETS_NOT_BEING_BUILT = YES
               HEADERMAP_INCLUDES_NONPUBLIC_NONPRIVATE_HEADERS = YES
               HEADERMAP_INCLUDES_PROJECT_HEADERS = YES
               HEADERMAP_USES_FRAMEWORK_PREFIX_ENTRIES = YES
               HEADERMAP_USES_VFS = NO
               HEADER_SEARCH_PATHS = /Users/otislewis/arena/build/ios/Release-iphoneos/include  "/Users/otislewis/arena/build/ios/Release-iphoneos/BoringSSL-GRPC/openssl_grpc.framework/Headers" "/Users/otislewis/arena/build/ios/Release-iphoneos/FirebaseAppCheckInterop/FirebaseAppCheckInterop.framework/Headers" "/Users/otislewis/arena/build/ios/Release-iphoneos/FirebaseAuth/FirebaseAuth.framework/Headers" "/Users/otislewis/arena/build/ios/Release-iphoneos/FirebaseAuthInterop/FirebaseAuthInterop.framework/Headers" "/Users/otislewis/arena/build/ios/Release-iphoneos/FirebaseCore/FirebaseCore.framework/Headers" "/Users/otislewis/arena/build/ios/Release-iphoneos/FirebaseCoreExtension/FirebaseCoreExtension.framework/Headers" "/Users/otislewis/arena/build/ios/Release-iphoneos/FirebaseCoreInternal/FirebaseCoreInternal.framework/Headers" "/Users/otislewis/arena/build/ios/Release-iphoneos/FirebaseFirestore/FirebaseFirestore.framework/Headers" "/Users/otislewis/arena/build/ios/Release-iphoneos/FirebaseFirestoreInternal/FirebaseFirestoreInternal.framework/Headers" "/Users/otislewis/arena/build/ios/Release-iphoneos/FirebaseSharedSwift/FirebaseSharedSwift.framework/Headers" "/Users/otislewis/arena/build/ios/Release-iphoneos/FirebaseStorage/FirebaseStorage.framework/Headers" "/Users/otislewis/arena/build/ios/Release-iphoneos/GTMSessionFetcher/GTMSessionFetcher.framework/Headers" "/Users/otislewis/arena/build/ios/Release-iphoneos/GoogleUtilities/GoogleUtilities.framework/Headers" "/Users/otislewis/arena/build/ios/Release-iphoneos/PromisesObjC/FBLPromises.framework/Headers" "/Users/otislewis/arena/build/ios/Release-iphoneos/RecaptchaInterop/RecaptchaInterop.framework/Headers" "/Users/otislewis/arena/build/ios/Release-iphoneos/abseil/absl.framework/Headers" "/Users/otislewis/arena/build/ios/Release-iphoneos/cloud_firestore/cloud_firestore.framework/Headers" "/Users/otislewis/arena/build/ios/Release-iphoneos/firebase_auth/firebase_auth.framework/Headers" "/Users/otislewis/arena/build/ios/Release-iphoneos/firebase_core/firebase_core.framework/Headers" "/Users/otislewis/arena/build/ios/Release-iphoneos/firebase_storage/firebase_storage.framework/Headers" "/Users/otislewis/arena/build/ios/Release-iphoneos/gRPC-C++/grpcpp.framework/Headers" "/Users/otislewis/arena/build/ios/Release-iphoneos/gRPC-Core/grpc.framework/Headers" "/Users/otislewis/arena/build/ios/Release-iphoneos/image_picker_ios/image_picker_ios.framework/Headers" "/Users/otislewis/arena/build/ios/Release-iphoneos/leveldb-library/leveldb.framework/Headers" "/Users/otislewis/arena/build/ios/Release-iphoneos/nanopb/nanopb.framework/Headers" "/Users/otislewis/arena/ios/Pods/Headers/Public" "/Users/otislewis/arena/ios/Pods/Headers/Public/Firebase"  /Users/otislewis/arena/ios/Pods/Firebase/CoreOnly/Sources
               HIDE_BITCODE_SYMBOLS = YES
               HOME = /Users/otislewis
               HOST_ARCH = arm64
               HOST_PLATFORM = macosx
               ICONV = /usr/bin/iconv
               IMPLICIT_DEPENDENCY_DOMAIN = default
               INFOPLIST_ENABLE_CFBUNDLEICONS_MERGE = YES
               INFOPLIST_EXPAND_BUILD_SETTINGS = YES
               INFOPLIST_FILE = Runner/Info.plist
               INFOPLIST_OUTPUT_FORMAT = binary
               INFOPLIST_PATH = Runner.app/Info.plist
               INFOPLIST_PREPROCESS = NO
               INFOSTRINGS_PATH = Runner.app/en.lproj/InfoPlist.strings
               INLINE_PRIVATE_FRAMEWORKS = NO
               INSTALLAPI_IGNORE_SKIP_INSTALL = YES
               INSTALLHDRS_COPY_PHASE = NO
               INSTALLHDRS_SCRIPT_PHASE = NO
               INSTALL_DIR = /tmp/Runner.dst/Applications
               INSTALL_GROUP = staff
               INSTALL_MODE_FLAG = u+w,go-w,a+rX
               INSTALL_OWNER = otislewis
               INSTALL_PATH = /Applications
               INSTALL_ROOT = /tmp/Runner.dst
               IPHONEOS_DEPLOYMENT_TARGET = 12.0
               IS_UNOPTIMIZED_BUILD = NO
               JAVAC_DEFAULT_FLAGS = -J-Xms64m -J-XX:NewSize=4M -J-Dfile.encoding=UTF8
               JAVA_APP_STUB = /System/Library/Frameworks/JavaVM.framework/Resources/MacOS/JavaApplicationStub
               JAVA_ARCHIVE_CLASSES = YES
               JAVA_ARCHIVE_TYPE = JAR
               JAVA_COMPILER = /usr/bin/javac
               JAVA_FOLDER_PATH = Runner.app/Java
               JAVA_FRAMEWORK_RESOURCES_DIRS = Resources
               JAVA_JAR_FLAGS = cv
               JAVA_SOURCE_SUBDIR = .
               JAVA_USE_DEPENDENCIES = YES
               JAVA_ZIP_FLAGS = -urg
               JIKES_DEFAULT_FLAGS = +E +OLDCSO
               KASAN_CFLAGS_CLASSIC = -DKASAN=1 -DKASAN_CLASSIC=1 -fsanitize=address -mllvm -asan-globals-live-support -mllvm -asan-force-dynamic-shadow
               KASAN_CFLAGS_TBI = -DKASAN=1 -DKASAN_TBI=1 -fsanitize=kernel-hwaddress -mllvm -hwasan-recover=0 -mllvm -hwasan-instrument-atomics=0 -mllvm -hwasan-instrument-stack=1 -mllvm -hwasan-generate-tags-with-calls=1 -mllvm -hwasan-instrument-with-calls=1 -mllvm -hwasan-use-short-granules=0 -mllvm -hwasan-memory-access-callback-prefix=__asan_
               KASAN_DEFAULT_CFLAGS = -DKASAN=1 -DKASAN_CLASSIC=1 -fsanitize=address -mllvm -asan-globals-live-support -mllvm -asan-force-dynamic-shadow
               KEEP_PRIVATE_EXTERNS = NO
               LD_DEPENDENCY_INFO_FILE = /Users/otislewis/Library/Developer/Xcode/DerivedData/Runner-hhkjvqxuiwhkszfvishttxwvclzj/Build/Intermediates.noindex/Runner.build/Release-iphoneos/Runner.build/Objects-normal/undefined_arch/Runner_dependency_info.dat
               LD_EXPORT_SYMBOLS = YES
               LD_GENERATE_MAP_FILE = NO
               LD_MAP_FILE_PATH = /Users/otislewis/Library/Developer/Xcode/DerivedData/Runner-hhkjvqxuiwhkszfvishttxwvclzj/Build/Intermediates.noindex/Runner.build/Release-iphoneos/Runner.build/Runner-LinkMap-normal-undefined_arch.txt
               LD_NO_PIE = NO
               LD_QUOTE_LINKER_ARGUMENTS_FOR_COMPILER_DRIVER = YES
               LD_RUNPATH_SEARCH_PATHS =  /usr/lib/swift '@executable_path/Frameworks' '@loader_path/Frameworks' @executable_path/Frameworks
               LD_RUNPATH_SEARCH_PATHS_YES = @loader_path/../Frameworks
               LD_SHARED_CACHE_ELIGIBLE = Automatic
               LD_WARN_DUPLICATE_LIBRARIES = NO
               LD_WARN_UNUSED_DYLIBS = NO
               LEGACY_DEVELOPER_DIR = /Applications/Xcode.app/Contents/PlugIns/Xcode3Core.ideplugin/Contents/SharedSupport/Developer
               LEX = lex
               LIBRARY_DEXT_INSTALL_PATH = /Library/DriverExtensions
               LIBRARY_FLAG_NOSPACE = YES
               LIBRARY_FLAG_PREFIX = -l
               LIBRARY_KEXT_INSTALL_PATH = /Library/Extensions
               LIBRARY_SEARCH_PATHS = /Users/otislewis/arena/build/ios/Release-iphoneos /Applications/Xcode.app/Contents/Developer/Toolchains/XcodeDefault.xctoolchain/usr/lib/swift/iphoneos /Applications/Xcode.app/Contents/Developer/Platforms/iPhoneOS.platform/Developer/SDKs/iPhoneOS18.4.sdk/usr/lib/swift
               LINKER_DISPLAYS_MANGLED_NAMES = NO
               LINK_FILE_LIST_normal_arm64 = /Users/otislewis/Library/Developer/Xcode/DerivedData/Runner-hhkjvqxuiwhkszfvishttxwvclzj/Build/Intermediates.noindex/Runner.build/Release-iphoneos/Runner.build/Objects-normal/arm64/Runner.LinkFileList
               LINK_OBJC_RUNTIME = YES
               LINK_WITH_STANDARD_LIBRARIES = YES
               LLVM_TARGET_TRIPLE_OS_VERSION = ios12.0
               LLVM_TARGET_TRIPLE_VENDOR = apple
               LM_AUX_CONST_METADATA_LIST_PATH_normal_arm64 = /Users/otislewis/Library/Developer/Xcode/DerivedData/Runner-hhkjvqxuiwhkszfvishttxwvclzj/Build/Intermediates.noindex/Runner.build/Release-iphoneos/Runner.build/Objects-normal/arm64/Runner.SwiftConstValuesFileList
               LOCALIZATION_EXPORT_SUPPORTED = YES
               LOCALIZATION_PREFERS_STRING_CATALOGS = NO
               LOCALIZED_RESOURCES_FOLDER_PATH = Runner.app/en.lproj
               LOCALIZED_STRING_MACRO_NAMES = NSLocalizedString CFCopyLocalizedString
               LOCALIZED_STRING_SWIFTUI_SUPPORT = YES
               LOCAL_ADMIN_APPS_DIR = /Applications/Utilities
               LOCAL_APPS_DIR = /Applications
               LOCAL_DEVELOPER_DIR = /Library/Developer
               LOCAL_LIBRARY_DIR = /Library
               LOCROOT = /Users/otislewis/arena/ios
               LOCSYMROOT = /Users/otislewis/arena/ios
               MACH_O_TYPE = mh_execute
               MAC_OS_X_PRODUCT_BUILD_VERSION = 24F74
               MAC_OS_X_VERSION_ACTUAL = 150500
               MAC_OS_X_VERSION_MAJOR = 150000
               MAC_OS_X_VERSION_MINOR = 150500
               MAKE_MERGEABLE = NO
               MERGEABLE_LIBRARY = NO
               MERGED_BINARY_TYPE = none
               MERGE_LINKED_LIBRARIES = NO
               METAL_LIBRARY_FILE_BASE = default
               METAL_LIBRARY_OUTPUT_DIR = /Users/otislewis/arena/build/ios/Release-iphoneos/Runner.app
               MODULES_FOLDER_PATH = Runner.app/Modules
               MODULE_CACHE_DIR = /Users/otislewis/Library/Developer/Xcode/DerivedData/ModuleCache.noindex
               MTL_ENABLE_DEBUG_INFO = NO
               NATIVE_ARCH = arm64
               NATIVE_ARCH_32_BIT = arm
               NATIVE_ARCH_64_BIT = arm64
               NATIVE_ARCH_ACTUAL = arm64
               NO_COMMON = YES
               OBJECT_FILE_DIR = /Users/otislewis/Library/Developer/Xcode/DerivedData/Runner-hhkjvqxuiwhkszfvishttxwvclzj/Build/Intermediates.noindex/Runner.build/Release-iphoneos/Runner.build/Objects
               OBJECT_FILE_DIR_normal = /Users/otislewis/Library/Developer/Xcode/DerivedData/Runner-hhkjvqxuiwhkszfvishttxwvclzj/Build/Intermediates.noindex/Runner.build/Release-iphoneos/Runner.build/Objects-normal
               OBJROOT = /Users/otislewis/Library/Developer/Xcode/DerivedData/Runner-hhkjvqxuiwhkszfvishttxwvclzj/Build/Intermediates.noindex
               ONLY_ACTIVE_ARCH = NO
               OS = MACOS
               OSAC = /usr/bin/osacompile
               OTHER_LDFLAGS =  -ObjC -l"c++" -l"z" -framework "FBLPromises" -framework "FirebaseAppCheckInterop" -framework "FirebaseAuth" -framework "FirebaseAuthInterop" -framework "FirebaseCore" -framework "FirebaseCoreExtension" -framework "FirebaseCoreInternal" -framework "FirebaseFirestore" -framework "FirebaseFirestoreInternal" -framework "FirebaseSharedSwift" -framework "FirebaseStorage" -framework "Foundation" -framework "GTMSessionFetcher" -framework "GoogleUtilities" -framework "RecaptchaInterop" -framework "SafariServices" -framework "Security" -framework "SystemConfiguration" -framework "UIKit" -framework "absl" -framework "cloud_firestore" -framework "firebase_auth" -framework "firebase_core" -framework "firebase_storage" -framework "grpc" -framework "grpcpp" -framework "image_picker_ios" -framework "leveldb" -framework "nanopb" -framework "openssl_grpc" -weak_framework "FirebaseFirestoreInternal"
               OTHER_MODULE_VERIFIER_FLAGS =  "-F/Users/otislewis/arena/build/ios/Release-iphoneos/BoringSSL-GRPC" "-F/Users/otislewis/arena/build/ios/Release-iphoneos/Firebase" "-F/Users/otislewis/arena/build/ios/Release-iphoneos/FirebaseAppCheckInterop" "-F/Users/otislewis/arena/build/ios/Release-iphoneos/FirebaseAuth" "-F/Users/otislewis/arena/build/ios/Release-iphoneos/FirebaseAuthInterop" "-F/Users/otislewis/arena/build/ios/Release-iphoneos/FirebaseCore" "-F/Users/otislewis/arena/build/ios/Release-iphoneos/FirebaseCoreExtension" "-F/Users/otislewis/arena/build/ios/Release-iphoneos/FirebaseCoreInternal" "-F/Users/otislewis/arena/build/ios/Release-iphoneos/FirebaseFirestore" "-F/Users/otislewis/arena/build/ios/Release-iphoneos/FirebaseFirestoreInternal" "-F/Users/otislewis/arena/build/ios/Release-iphoneos/FirebaseSharedSwift" "-F/Users/otislewis/arena/build/ios/Release-iphoneos/FirebaseStorage" "-F/Users/otislewis/arena/build/ios/Release-iphoneos/Flutter" "-F/Users/otislewis/arena/build/ios/Release-iphoneos/GTMSessionFetcher" "-F/Users/otislewis/arena/build/ios/Release-iphoneos/GoogleUtilities" "-F/Users/otislewis/arena/build/ios/Release-iphoneos/PromisesObjC" "-F/Users/otislewis/arena/build/ios/Release-iphoneos/RecaptchaInterop" "-F/Users/otislewis/arena/build/ios/Release-iphoneos/abseil" "-F/Users/otislewis/arena/build/ios/Release-iphoneos/cloud_firestore" "-F/Users/otislewis/arena/build/ios/Release-iphoneos/firebase_auth" "-F/Users/otislewis/arena/build/ios/Release-iphoneos/firebase_core" "-F/Users/otislewis/arena/build/ios/Release-iphoneos/firebase_storage" "-F/Users/otislewis/arena/build/ios/Release-iphoneos/gRPC-C++" "-F/Users/otislewis/arena/build/ios/Release-iphoneos/gRPC-Core" "-F/Users/otislewis/arena/build/ios/Release-iphoneos/image_picker_ios" "-F/Users/otislewis/arena/build/ios/Release-iphoneos/leveldb-library" "-F/Users/otislewis/arena/build/ios/Release-iphoneos/nanopb"
               OTHER_SWIFT_FLAGS =  -D COCOAPODS
               PACKAGE_CONFIG = /Users/otislewis/arena/.dart_tool/package_config.json
               PACKAGE_TYPE = com.apple.package-type.wrapper.application
               PASCAL_STRINGS = YES
               PATH = /Applications/Xcode.app/Contents/SharedFrameworks/SwiftBuild.framework/Versions/A/PlugIns/SWBBuildService.bundle/Contents/PlugIns/SWBUniversalPlatformPlugin.bundle/Contents/Frameworks/SWBUniversalPlatform.framework/Resources:/Applications/Xcode.app/Contents/Developer/Toolchains/XcodeDefault.xctoolchain/usr/bin:/Applications/Xcode.app/Contents/Developer/Toolchains/XcodeDefault.xctoolchain/usr/local/bin:/Applications/Xcode.app/Contents/Developer/Toolchains/XcodeDefault.xctoolchain/usr/libexec:/Applications/Xcode.app/Contents/Developer/Platforms/iPhoneOS.platform/usr/bin:/Applications/Xcode.app/Contents/Developer/Platforms/iPhoneOS.platform/usr/local/bin:/Applications/Xcode.app/Contents/Developer/Platforms/iPhoneOS.platform/Developer/usr/bin:/Applications/Xcode.app/Contents/Developer/Platforms/iPhoneOS.platform/Developer/usr/local/bin:/Applications/Xcode.app/Contents/Developer/usr/bin:/Applications/Xcode.app/Contents/Developer/usr/local/bin:/Users/otislewis/.gem/ruby/3.3.0/bin:/opt/homebrew/bin:/opt/homebrew/sbin:/usr/local/bin:/System/Cryptexes/App/usr/bin:/usr/bin:/bin:/usr/sbin:/sbin:/var/run/com.apple.security.cryptexd/codex.system/bootstrap/usr/local/bin:/var/run/com.apple.security.cryptexd/codex.system/bootstrap/usr/bin:/var/run/com.apple.security.cryptexd/codex.system/bootstrap/usr/appleinternal/bin:/Library/Apple/usr/bin:/opt/homebrew/Caskroom/flutter/3.32.0/flutter/bin:/Users/otislewis/Library/Android/sdk/emulator:/Users/otislewis/Library/Android/sdk/tools:/Users/otislewis/Library/Android/sdk/tools/bin:/Users/otislewis/Library/Android/sdk/platform-tools:/opt/homebrew/Caskroom/flutter/3.32.0/flutter/bin/cache/dart-sdk/bin
               PATH_PREFIXES_EXCLUDED_FROM_HEADER_DEPENDENCIES = /usr/include /usr/local/include /System/Library/Frameworks /System/Library/PrivateFrameworks /Applications/Xcode.app/Contents/Developer/Headers /Applications/Xcode.app/Contents/Developer/SDKs /Applications/Xcode.app/Contents/Developer/Platforms
               PBDEVELOPMENTPLIST_PATH = Runner.app/pbdevelopment.plist
               PER_ARCH_MODULE_FILE_DIR = /Users/otislewis/Library/Developer/Xcode/DerivedData/Runner-hhkjvqxuiwhkszfvishttxwvclzj/Build/Intermediates.noindex/Runner.build/Release-iphoneos/Runner.build/Objects-normal/undefined_arch
               PER_ARCH_OBJECT_FILE_DIR = /Users/otislewis/Library/Developer/Xcode/DerivedData/Runner-hhkjvqxuiwhkszfvishttxwvclzj/Build/Intermediates.noindex/Runner.build/Release-iphoneos/Runner.build/Objects-normal/undefined_arch
               PER_VARIANT_OBJECT_FILE_DIR = /Users/otislewis/Library/Developer/Xcode/DerivedData/Runner-hhkjvqxuiwhkszfvishttxwvclzj/Build/Intermediates.noindex/Runner.build/Release-iphoneos/Runner.build/Objects-normal
               PKGINFO_FILE_PATH = /Users/otislewis/Library/Developer/Xcode/DerivedData/Runner-hhkjvqxuiwhkszfvishttxwvclzj/Build/Intermediates.noindex/Runner.build/Release-iphoneos/Runner.build/PkgInfo
               PKGINFO_PATH = Runner.app/PkgInfo
               PLATFORM_DEVELOPER_APPLICATIONS_DIR = /Applications/Xcode.app/Contents/Developer/Platforms/iPhoneOS.platform/Developer/Applications
               PLATFORM_DEVELOPER_BIN_DIR = /Applications/Xcode.app/Contents/Developer/Platforms/iPhoneOS.platform/Developer/usr/bin
               PLATFORM_DEVELOPER_LIBRARY_DIR = /Applications/Xcode.app/Contents/Developer/Platforms/iPhoneOS.platform/Developer/Library
               PLATFORM_DEVELOPER_SDK_DIR = /Applications/Xcode.app/Contents/Developer/Platforms/iPhoneOS.platform/Developer/SDKs
               PLATFORM_DEVELOPER_TOOLS_DIR = /Applications/Xcode.app/Contents/Developer/Platforms/iPhoneOS.platform/Developer/Tools
               PLATFORM_DEVELOPER_USR_DIR = /Applications/Xcode.app/Contents/Developer/Platforms/iPhoneOS.platform/Developer/usr
               PLATFORM_DIR = /Applications/Xcode.app/Contents/Developer/Platforms/iPhoneOS.platform
               PLATFORM_DISPLAY_NAME = iOS
               PLATFORM_FAMILY_NAME = iOS
               PLATFORM_NAME = iphoneos
               PLATFORM_PREFERRED_ARCH = arm64
               PLATFORM_PRODUCT_BUILD_VERSION = 22E235
               PLATFORM_REQUIRES_SWIFT_AUTOLINK_EXTRACT = NO
               PLATFORM_REQUIRES_SWIFT_MODULEWRAP = NO
               PLIST_FILE_OUTPUT_FORMAT = binary
               PLUGINS_FOLDER_PATH = Runner.app/PlugIns
               PODS_BUILD_DIR = /Users/otislewis/arena/build/ios
               PODS_CONFIGURATION_BUILD_DIR = /Users/otislewis/arena/build/ios/Release-iphoneos
               PODS_PODFILE_DIR_PATH = /Users/otislewis/arena/ios/.
               PODS_ROOT = /Users/otislewis/arena/ios/Pods
               PODS_XCFRAMEWORKS_BUILD_DIR = /Users/otislewis/arena/build/ios/Release-iphoneos/XCFrameworkIntermediates
               PRECOMPS_INCLUDE_HEADERS_FROM_BUILT_PRODUCTS_DIR = YES
               PRECOMP_DESTINATION_DIR = /Users/otislewis/Library/Developer/Xcode/DerivedData/Runner-hhkjvqxuiwhkszfvishttxwvclzj/Build/Intermediates.noindex/Runner.build/Release-iphoneos/Runner.build/PrefixHeaders
               PRIVATE_HEADERS_FOLDER_PATH = Runner.app/PrivateHeaders
               PROCESSED_INFOPLIST_PATH = /Users/otislewis/Library/Developer/Xcode/DerivedData/Runner-hhkjvqxuiwhkszfvishttxwvclzj/Build/Intermediates.noindex/Runner.build/Release-iphoneos/Runner.build/Objects-normal/undefined_arch/Processed-Info.plist
               PRODUCT_BUNDLE_IDENTIFIER = com.example.arena
               PRODUCT_BUNDLE_PACKAGE_TYPE = APPL
               PRODUCT_MODULE_NAME = Runner
               PRODUCT_NAME = Runner
               PRODUCT_SETTINGS_PATH = /Users/otislewis/arena/ios/Runner/Info.plist
               PRODUCT_TYPE = com.apple.product-type.application
               PROFILING_CODE = NO
               PROJECT = Runner
               PROJECT_DERIVED_FILE_DIR = /Users/otislewis/Library/Developer/Xcode/DerivedData/Runner-hhkjvqxuiwhkszfvishttxwvclzj/Build/Intermediates.noindex/Runner.build/DerivedSources
               PROJECT_DIR = /Users/otislewis/arena/ios
               PROJECT_FILE_PATH = /Users/otislewis/arena/ios/Runner.xcodeproj
               PROJECT_GUID = 18c1723432283e0cc55f10a6dcfd9e02
               PROJECT_NAME = Runner
               PROJECT_TEMP_DIR = /Users/otislewis/Library/Developer/Xcode/DerivedData/Runner-hhkjvqxuiwhkszfvishttxwvclzj/Build/Intermediates.noindex/Runner.build
               PROJECT_TEMP_ROOT = /Users/otislewis/Library/Developer/Xcode/DerivedData/Runner-hhkjvqxuiwhkszfvishttxwvclzj/Build/Intermediates.noindex
               PROVISIONING_PROFILE_REQUIRED = YES
               PROVISIONING_PROFILE_REQUIRED_YES_YES = YES
               PROVISIONING_PROFILE_SUPPORTED = YES
               PUBLIC_HEADERS_FOLDER_PATH = Runner.app/Headers
               RECOMMENDED_IPHONEOS_DEPLOYMENT_TARGET = 15.0
               RECURSIVE_SEARCH_PATHS_FOLLOW_SYMLINKS = YES
               REMOVE_CVS_FROM_RESOURCES = YES
               REMOVE_GIT_FROM_RESOURCES = YES
               REMOVE_HEADERS_FROM_EMBEDDED_BUNDLES = YES
               REMOVE_HG_FROM_RESOURCES = YES
               REMOVE_STATIC_EXECUTABLES_FROM_EMBEDDED_BUNDLES = YES
               REMOVE_SVN_FROM_RESOURCES = YES
               RESCHEDULE_INDEPENDENT_HEADERS_PHASES = YES
               REZ_COLLECTOR_DIR = /Users/otislewis/Library/Developer/Xcode/DerivedData/Runner-hhkjvqxuiwhkszfvishttxwvclzj/Build/Intermediates.noindex/Runner.build/Release-iphoneos/Runner.build/ResourceManagerResources
               REZ_OBJECTS_DIR = /Users/otislewis/Library/Developer/Xcode/DerivedData/Runner-hhkjvqxuiwhkszfvishttxwvclzj/Build/Intermediates.noindex/Runner.build/Release-iphoneos/Runner.build/ResourceManagerResources/Objects
               REZ_SEARCH_PATHS = /Users/otislewis/arena/build/ios/Release-iphoneos 
               SCAN_ALL_SOURCE_FILES_FOR_INCLUDES = NO
               SCRIPTS_FOLDER_PATH = Runner.app/Scripts
               SDKROOT = /Applications/Xcode.app/Contents/Developer/Platforms/iPhoneOS.platform/Developer/SDKs/iPhoneOS18.4.sdk
               SDK_DIR = /Applications/Xcode.app/Contents/Developer/Platforms/iPhoneOS.platform/Developer/SDKs/iPhoneOS18.4.sdk
               SDK_DIR_iphoneos = /Applications/Xcode.app/Contents/Developer/Platforms/iPhoneOS.platform/Developer/SDKs/iPhoneOS18.4.sdk
               SDK_DIR_iphoneos18_4 = /Applications/Xcode.app/Contents/Developer/Platforms/iPhoneOS.platform/Developer/SDKs/iPhoneOS18.4.sdk
               SDK_NAME = iphoneos18.4
               SDK_NAMES = iphoneos18.4
               SDK_PRODUCT_BUILD_VERSION = 22E235
               SDK_STAT_CACHE_DIR = /Users/otislewis/Library/Developer/Xcode/DerivedData
               SDK_STAT_CACHE_ENABLE = YES
               SDK_STAT_CACHE_PATH = /Users/otislewis/Library/Developer/Xcode/DerivedData/SDKStatCaches.noindex/iphoneos18.4-22E235-a09501eccf75f892bc376f81961b27ba.sdkstatcache
               SDK_VERSION = 18.4
               SDK_VERSION_ACTUAL = 180400
               SDK_VERSION_MAJOR = 180000
               SDK_VERSION_MINOR = 180400
               SED = /usr/bin/sed
               SEPARATE_STRIP = NO
               SEPARATE_SYMBOL_EDIT = NO
               SET_DIR_MODE_OWNER_GROUP = YES
               SET_FILE_MODE_OWNER_GROUP = NO
               SHALLOW_BUNDLE = YES
               SHALLOW_BUNDLE_TRIPLE = ios
               SHALLOW_BUNDLE_ios_macabi = NO
               SHALLOW_BUNDLE_macos = NO
               SHARED_DERIVED_FILE_DIR = /Users/otislewis/arena/build/ios/Release-iphoneos/DerivedSources
               SHARED_FRAMEWORKS_FOLDER_PATH = Runner.app/SharedFrameworks
               SHARED_PRECOMPS_DIR = /Users/otislewis/Library/Developer/Xcode/DerivedData/Runner-hhkjvqxuiwhkszfvishttxwvclzj/Build/Intermediates.noindex/PrecompiledHeaders
               SHARED_SUPPORT_FOLDER_PATH = Runner.app/SharedSupport
               SKIP_INSTALL = NO
               SOURCE_ROOT = /Users/otislewis/arena/ios
               SRCROOT = /Users/otislewis/arena/ios
               STRINGSDATA_DIR = /Users/otislewis/Library/Developer/Xcode/DerivedData/Runner-hhkjvqxuiwhkszfvishttxwvclzj/Build/Intermediates.noindex/Runner.build/Release-iphoneos/Runner.build/Objects-normal/undefined_arch
               STRINGSDATA_ROOT = /Users/otislewis/Library/Developer/Xcode/DerivedData/Runner-hhkjvqxuiwhkszfvishttxwvclzj/Build/Intermediates.noindex/Runner.build/Release-iphoneos/Runner.build
               STRINGS_FILE_INFOPLIST_RENAME = YES
               STRINGS_FILE_OUTPUT_ENCODING = binary
               STRIP_BITCODE_FROM_COPIED_FILES = YES
               STRIP_INSTALLED_PRODUCT = YES
               STRIP_STYLE = all
               STRIP_SWIFT_SYMBOLS = YES
               SUPPORTED_DEVICE_FAMILIES = 1,2
               SUPPORTED_PLATFORMS = iphoneos
               SUPPORTS_MACCATALYST = NO
               SUPPORTS_MAC_DESIGNED_FOR_IPHONE_IPAD = YES
               SUPPORTS_ON_DEMAND_RESOURCES = YES
               SUPPORTS_TEXT_BASED_API = NO
               SUPPORTS_XR_DESIGNED_FOR_IPHONE_IPAD = YES
               SUPPRESS_WARNINGS = NO
               SWIFT_COMPILATION_MODE = wholemodule
               SWIFT_EMIT_LOC_STRINGS = NO
               SWIFT_OBJC_BRIDGING_HEADER = Runner/Runner-Bridging-Header.h
               SWIFT_OPTIMIZATION_LEVEL = -O
               SWIFT_PLATFORM_TARGET_PREFIX = ios
               SWIFT_RESPONSE_FILE_PATH_normal_arm64 = /Users/otislewis/Library/Developer/Xcode/DerivedData/Runner-hhkjvqxuiwhkszfvishttxwvclzj/Build/Intermediates.noindex/Runner.build/Release-iphoneos/Runner.build/Objects-normal/arm64/Runner.SwiftFileList
               SWIFT_VERSION = 5.0
               SYMROOT = /Users/otislewis/Library/Developer/Xcode/DerivedData/Runner-hhkjvqxuiwhkszfvishttxwvclzj/Build/Products
               SYSTEM_ADMIN_APPS_DIR = /Applications/Utilities
               SYSTEM_APPS_DIR = /Applications
               SYSTEM_CORE_SERVICES_DIR = /System/Library/CoreServices
               SYSTEM_DEMOS_DIR = /Applications/Extras
               SYSTEM_DEVELOPER_APPS_DIR = /Applications/Xcode.app/Contents/Developer/Applications
               SYSTEM_DEVELOPER_BIN_DIR = /Applications/Xcode.app/Contents/Developer/usr/bin
               SYSTEM_DEVELOPER_DEMOS_DIR = /Applications/Xcode.app/Contents/Developer/Applications/Utilities/Built Examples
               SYSTEM_DEVELOPER_DIR = /Applications/Xcode.app/Contents/Developer
               SYSTEM_DEVELOPER_DOC_DIR = /Applications/Xcode.app/Contents/Developer/ADC Reference Library
               SYSTEM_DEVELOPER_GRAPHICS_TOOLS_DIR = /Applications/Xcode.app/Contents/Developer/Applications/Graphics Tools
               SYSTEM_DEVELOPER_JAVA_TOOLS_DIR = /Applications/Xcode.app/Contents/Developer/Applications/Java Tools
               SYSTEM_DEVELOPER_PERFORMANCE_TOOLS_DIR = /Applications/Xcode.app/Contents/Developer/Applications/Performance Tools
               SYSTEM_DEVELOPER_RELEASENOTES_DIR = /Applications/Xcode.app/Contents/Developer/ADC Reference Library/releasenotes
               SYSTEM_DEVELOPER_TOOLS = /Applications/Xcode.app/Contents/Developer/Tools
               SYSTEM_DEVELOPER_TOOLS_DOC_DIR = /Applications/Xcode.app/Contents/Developer/ADC Reference Library/documentation/DeveloperTools
               SYSTEM_DEVELOPER_TOOLS_RELEASENOTES_DIR = /Applications/Xcode.app/Contents/Developer/ADC Reference Library/releasenotes/DeveloperTools
               SYSTEM_DEVELOPER_USR_DIR = /Applications/Xcode.app/Contents/Developer/usr
               SYSTEM_DEVELOPER_UTILITIES_DIR = /Applications/Xcode.app/Contents/Developer/Applications/Utilities
               SYSTEM_DEXT_INSTALL_PATH = /System/Library/DriverExtensions
               SYSTEM_DOCUMENTATION_DIR = /Library/Documentation
               SYSTEM_EXTENSIONS_FOLDER_PATH = Runner.app/SystemExtensions
               SYSTEM_EXTENSIONS_FOLDER_PATH_SHALLOW_BUNDLE_NO = Runner.app/Library/SystemExtensions
               SYSTEM_EXTENSIONS_FOLDER_PATH_SHALLOW_BUNDLE_YES = Runner.app/SystemExtensions
               SYSTEM_KEXT_INSTALL_PATH = /System/Library/Extensions
               SYSTEM_LIBRARY_DIR = /System/Library
               TAPI_DEMANGLE = YES
               TAPI_ENABLE_PROJECT_HEADERS = NO
               TAPI_LANGUAGE = objective-c
               TAPI_LANGUAGE_STANDARD = compiler-default
               TAPI_USE_SRCROOT = YES
               TAPI_VERIFY_MODE = Pedantic
               TARGETED_DEVICE_FAMILY = 1,2
               TARGETNAME = Runner
               TARGET_BUILD_DIR = /Users/otislewis/arena/build/ios/Release-iphoneos
               TARGET_NAME = Runner
               TARGET_TEMP_DIR = /Users/otislewis/Library/Developer/Xcode/DerivedData/Runner-hhkjvqxuiwhkszfvishttxwvclzj/Build/Intermediates.noindex/Runner.build/Release-iphoneos/Runner.build
               TEMP_DIR = /Users/otislewis/Library/Developer/Xcode/DerivedData/Runner-hhkjvqxuiwhkszfvishttxwvclzj/Build/Intermediates.noindex/Runner.build/Release-iphoneos/Runner.build
               TEMP_FILES_DIR = /Users/otislewis/Library/Developer/Xcode/DerivedData/Runner-hhkjvqxuiwhkszfvishttxwvclzj/Build/Intermediates.noindex/Runner.build/Release-iphoneos/Runner.build
               TEMP_FILE_DIR = /Users/otislewis/Library/Developer/Xcode/DerivedData/Runner-hhkjvqxuiwhkszfvishttxwvclzj/Build/Intermediates.noindex/Runner.build/Release-iphoneos/Runner.build
               TEMP_ROOT = /Users/otislewis/Library/Developer/Xcode/DerivedData/Runner-hhkjvqxuiwhkszfvishttxwvclzj/Build/Intermediates.noindex
               TEMP_SANDBOX_DIR = /Users/otislewis/Library/Developer/Xcode/DerivedData/Runner-hhkjvqxuiwhkszfvishttxwvclzj/Build/Intermediates.noindex/TemporaryTaskSandboxes
               TEST_FRAMEWORK_SEARCH_PATHS =  /Applications/Xcode.app/Contents/Developer/Platforms/iPhoneOS.platform/Developer/Library/Frameworks /Applications/Xcode.app/Contents/Developer/Platforms/iPhoneOS.platform/Developer/SDKs/iPhoneOS18.4.sdk/Developer/Library/Frameworks
               TEST_LIBRARY_SEARCH_PATHS =  /Applications/Xcode.app/Contents/Developer/Platforms/iPhoneOS.platform/Developer/usr/lib
               TOOLCHAINS = com.apple.dt.toolchain.XcodeDefault
               TOOLCHAIN_DIR = /Applications/Xcode.app/Contents/Developer/Toolchains/XcodeDefault.xctoolchain
               TRACK_WIDGET_CREATION = false
               TREAT_MISSING_BASELINES_AS_TEST_FAILURES = NO
               TREAT_MISSING_SCRIPT_PHASE_OUTPUTS_AS_ERRORS = NO
               TREE_SHAKE_ICONS = true
               UID = 501
               UNINSTALLED_PRODUCTS_DIR = /Users/otislewis/Library/Developer/Xcode/DerivedData/Runner-hhkjvqxuiwhkszfvishttxwvclzj/Build/Intermediates.noindex/UninstalledProducts
               UNLOCALIZED_RESOURCES_FOLDER_PATH = Runner.app
               UNLOCALIZED_RESOURCES_FOLDER_PATH_SHALLOW_BUNDLE_NO = Runner.app/Resources
               UNLOCALIZED_RESOURCES_FOLDER_PATH_SHALLOW_BUNDLE_YES = Runner.app
               UNSTRIPPED_PRODUCT = NO
               USER = otislewis
               USER_APPS_DIR = /Users/otislewis/Applications
               USER_LIBRARY_DIR = /Users/otislewis/Library
               USE_DYNAMIC_NO_PIC = YES
               USE_HEADERMAP = YES
               USE_HEADER_SYMLINKS = NO
               USE_RECURSIVE_SCRIPT_INPUTS_IN_SCRIPT_PHASES = YES
               VALIDATE_DEVELOPMENT_ASSET_PATHS = YES_ERROR
               VALIDATE_PRODUCT = YES
               VALID_ARCHS = arm64 arm64e armv7 armv7s
               VERBOSE_PBXCP = NO
               VERSIONING_SYSTEM = apple-generic
               VERSIONPLIST_PATH = Runner.app/version.plist
               VERSION_INFO_BUILDER = otislewis
               VERSION_INFO_FILE = Runner_vers.c
               VERSION_INFO_STRING = "@(#)PROGRAM:Runner  PROJECT:Runner-1"
               WORKSPACE_DIR = /Users/otislewis/arena/ios/Runner.xcodeproj
               WRAPPER_EXTENSION = app
               WRAPPER_NAME = Runner.app
               WRAPPER_SUFFIX = .app
               WRAP_ASSET_PACKS_IN_SEPARATE_DIRECTORIES = NO
               XCODE_APP_SUPPORT_DIR = /Applications/Xcode.app/Contents/Developer/Library/Xcode
               XCODE_PRODUCT_BUILD_VERSION = 16E140
               XCODE_VERSION_ACTUAL = 1630
               XCODE_VERSION_MAJOR = 1600
               XCODE_VERSION_MINOR = 1630
               XPCSERVICES_FOLDER_PATH = Runner.app/XPCServices
               YACC = yacc
               _DISCOVER_COMMAND_LINE_LINKER_INPUTS = YES
               _DISCOVER_COMMAND_LINE_LINKER_INPUTS_INCLUDE_WL = YES
               _WRAPPER_CONTENTS_DIR_SHALLOW_BUNDLE_NO = /Contents
               _WRAPPER_PARENT_PATH_SHALLOW_BUNDLE_NO = /..
               _WRAPPER_RESOURCES_DIR_SHALLOW_BUNDLE_NO = /Resources
               __DIAGNOSE_DEPRECATED_ARCHS = YES
               __IS_NOT_MACOS = YES
               __IS_NOT_MACOS_macosx = NO
               __IS_NOT_SIMULATOR = YES
               __IS_NOT_SIMULATOR_simulator = NO
               arch = undefined_arch
               variant = normal
[   +3 ms] executing: /usr/bin/plutil -convert xml1 -o - /Users/otislewis/arena/ios/Runner/Info.plist
[   +4 ms] Exit code 0 from: /usr/bin/plutil -convert xml1 -o - /Users/otislewis/arena/ios/Runner/Info.plist
[        ] <?xml version="1.0" encoding="UTF-8"?>
           <!DOCTYPE plist PUBLIC "-//Apple//DTD PLIST 1.0//EN" "http://www.apple.com/DTDs/PropertyList-1.0.dtd">
           <plist version="1.0">
           <dict>
           	<key>CADisableMinimumFrameDurationOnPhone</key>
           	<true/>
           	<key>CFBundleDevelopmentRegion</key>
           	<string>$(DEVELOPMENT_LANGUAGE)</string>
           	<key>CFBundleDisplayName</key>
           	<string>Arena</string>
           	<key>CFBundleExecutable</key>
           	<string>$(EXECUTABLE_NAME)</string>
           	<key>CFBundleIdentifier</key>
           	<string>$(PRODUCT_BUNDLE_IDENTIFIER)</string>
           	<key>CFBundleInfoDictionaryVersion</key>
           	<string>6.0</string>
           	<key>CFBundleName</key>
           	<string>arena</string>
           	<key>CFBundlePackageType</key>
           	<string>APPL</string>
           	<key>CFBundleShortVersionString</key>
           	<string>$(FLUTTER_BUILD_NAME)</string>
           	<key>CFBundleSignature</key>
           	<string>????</string>
           	<key>CFBundleVersion</key>
           	<string>$(FLUTTER_BUILD_NUMBER)</string>
           	<key>LSRequiresIPhoneOS</key>
           	<true/>
           	<key>NSCameraUsageDescription</key>
           	<string>Arena needs camera access to take profile pictures and enable video streaming during debates.</string>
           	<key>NSMicrophoneUsageDescription</key>
           	<string>Arena needs microphone access to record audio during live debates and discussions.</string>
           	<key>NSPhotoLibraryAddUsageDescription</key>
           	<string>Arena needs permission to save photos you take to your photo library.</string>
           	<key>NSPhotoLibraryUsageDescription</key>
           	<string>Arena needs photo library access to let you select images for your profile and share visual content in debates.</string>
           	<key>UIApplicationSupportsIndirectInputEvents</key>
           	<true/>
           	<key>UILaunchStoryboardName</key>
           	<string>LaunchScreen</string>
           	<key>UIMainStoryboardFile</key>
           	<string>Main</string>
           	<key>UISupportedInterfaceOrientations</key>
           	<array>
           		<string>UIInterfaceOrientationPortrait</string>
           		<string>UIInterfaceOrientationLandscapeLeft</string>
           		<string>UIInterfaceOrientationLandscapeRight</string>
           	</array>
           	<key>UISupportedInterfaceOrientations~ipad</key>
           	<array>
           		<string>UIInterfaceOrientationPortrait</string>
           		<string>UIInterfaceOrientationPortraitUpsideDown</string>
           		<string>UIInterfaceOrientationLandscapeLeft</string>
           		<string>UIInterfaceOrientationLandscapeRight</string>
           	</array>
           </dict>
           </plist>
[  +17 ms] Building com.example.arena for device (ios-release)...
[  +18 ms] The Swift Package Manager feature is off. Skipping the migration that adds Swift Package Manager integration...
[   +7 ms] executing: xattr -r -d com.apple.FinderInfo /Users/otislewis/arena
[ +204 ms] Failed to remove xattr com.apple.FinderInfo from /Users/otislewis/arena
[   +1 ms] Automatically signing iOS for device deployment using specified development team in Xcode project: Y596YA67NN
[        ] executing: [/Users/otislewis/arena/ios/Pods/Pods.xcodeproj/] /usr/bin/arch -arm64e xcrun xcodebuild -alltargets -sdk iphonesimulator -project /Users/otislewis/arena/ios/Pods/Pods.xcodeproj -showBuildSettings BUILD_DIR=/Users/otislewis/arena/build/ios OBJROOT=/Users/otislewis/arena/build/ios
[        ] executing: [/Users/otislewis/arena/ios/Pods/Pods.xcodeproj/] /usr/bin/arch -arm64e xcrun xcodebuild -alltargets -sdk iphonesimulator -project /Users/otislewis/arena/ios/Pods/Pods.xcodeproj -showBuildSettings BUILD_DIR=/Users/otislewis/arena/build/ios OBJROOT=/Users/otislewis/arena/build/ios
[+1131 ms] Command line invocation:
               /Applications/Xcode.app/Contents/Developer/usr/bin/xcodebuild -alltargets -sdk iphonesimulator -project /Users/otislewis/arena/ios/Pods/Pods.xcodeproj -showBuildSettings BUILD_DIR=/Users/otislewis/arena/build/ios OBJROOT=/Users/otislewis/arena/build/ios

           Build settings from command line:
               BUILD_DIR = /Users/otislewis/arena/build/ios
               OBJROOT = /Users/otislewis/arena/build/ios
               SDKROOT = iphonesimulator18.4

           Build settings for action build and target abseil:
               ACTION = build
               AD_HOC_CODE_SIGNING_ALLOWED = YES
               ALLOW_BUILD_REQUEST_OVERRIDES = NO
               ALLOW_TARGET_PLATFORM_SPECIALIZATION = NO
               ALTERNATE_GROUP = staff
               ALTERNATE_MODE = u+w,go-w,a+rX
               ALTERNATE_OWNER = otislewis
               ALTERNATIVE_DISTRIBUTION_WEB = NO
               ALWAYS_EMBED_SWIFT_STANDARD_LIBRARIES = NO
               ALWAYS_SEARCH_USER_PATHS = NO
               ALWAYS_USE_SEPARATE_HEADERMAPS = NO
               APPLICATION_EXTENSION_API_ONLY = NO
               APPLY_RULES_IN_COPY_FILES = NO
               APPLY_RULES_IN_COPY_HEADERS = NO
               APP_SHORTCUTS_ENABLE_FLEXIBLE_MATCHING = YES
               ARCHS_STANDARD = arm64 x86_64
               ARCHS_STANDARD_32_64_BIT = arm64 x86_64
               ARCHS_STANDARD_64_BIT = arm64 x86_64
               ARCHS_STANDARD_INCLUDING_64_BIT = arm64 x86_64
               ARCHS_UNIVERSAL_IPHONE_OS = arm64 x86_64
               AUTOMATICALLY_MERGE_DEPENDENCIES = NO
               AVAILABLE_PLATFORMS = android appletvos appletvsimulator driverkit iphoneos iphonesimulator macosx qnx watchos watchsimulator xros xrsimulator
               BITCODE_GENERATION_MODE = marker
               BUILD_ACTIVE_RESOURCES_ONLY = NO
               BUILD_COMPONENTS = headers build
               BUILD_DIR = /Users/otislewis/arena/build/ios
               BUILD_LIBRARY_FOR_DISTRIBUTION = NO
               BUILD_ROOT = /Users/otislewis/arena/ios/build
               BUILD_STYLE = 
               BUILD_VARIANTS = normal
               BUILT_PRODUCTS_DIR = /Users/otislewis/arena/build/ios/Release-iphonesimulator/abseil
               BUNDLE_CONTENTS_FOLDER_PATH_deep = Contents/
               BUNDLE_EXECUTABLE_FOLDER_NAME_deep = MacOS
               BUNDLE_EXTENSIONS_FOLDER_PATH = Extensions
               BUNDLE_FORMAT = shallow
               BUNDLE_FRAMEWORKS_FOLDER_PATH = Frameworks
               BUNDLE_PLUGINS_FOLDER_PATH = PlugIns
               BUNDLE_PRIVATE_HEADERS_FOLDER_PATH = PrivateHeaders
               BUNDLE_PUBLIC_HEADERS_FOLDER_PATH = Headers
               CACHE_ROOT = /var/folders/4y/xy3fflts0nqfk1tsxg0t3mmr0000gn/C/com.apple.DeveloperTools/16.3-16E140/Xcode
               CCHROOT = /var/folders/4y/xy3fflts0nqfk1tsxg0t3mmr0000gn/C/com.apple.DeveloperTools/16.3-16E140/Xcode
               CHMOD = /bin/chmod
               CHOWN = /usr/sbin/chown
               CLANG_ANALYZER_LOCALIZABILITY_NONLOCALIZED = YES
               CLANG_ANALYZER_NONNULL = YES
               CLANG_ANALYZER_NUMBER_OBJECT_CONVERSION = YES_AGGRESSIVE
               CLANG_CACHE_FINE_GRAINED_OUTPUTS = YES
               CLANG_CXX_LANGUAGE_STANDARD = gnu++14
               CLANG_CXX_LIBRARY = libc++
               CLANG_ENABLE_EXPLICIT_MODULES = YES
               CLANG_ENABLE_MODULES = YES
               CLANG_ENABLE_OBJC_ARC = YES
               CLANG_ENABLE_OBJC_WEAK = YES
               CLANG_MODULES_BUILD_SESSION_FILE = /var/folders/4y/xy3fflts0nqfk1tsxg0t3mmr0000gn/C/org.llvm.clang/ModuleCache.noindex/Session.modulevalidation
               CLANG_WARN_BLOCK_CAPTURE_AUTORELEASING = YES
               CLANG_WARN_BOOL_CONVERSION = YES
               CLANG_WARN_COMMA = YES
               CLANG_WARN_CONSTANT_CONVERSION = YES
               CLANG_WARN_DEPRECATED_OBJC_IMPLEMENTATIONS = YES
               CLANG_WARN_DIRECT_OBJC_ISA_USAGE = YES_ERROR
               CLANG_WARN_DOCUMENTATION_COMMENTS = YES
               CLANG_WARN_EMPTY_BODY = YES
               CLANG_WARN_ENUM_CONVERSION = YES
               CLANG_WARN_INFINITE_RECURSION = YES
               CLANG_WARN_INT_CONVERSION = YES
               CLANG_WARN_NON_LITERAL_NULL_CONVERSION = YES
               CLANG_WARN_OBJC_IMPLICIT_RETAIN_SELF = YES
               CLANG_WARN_OBJC_LITERAL_CONVERSION = YES
               CLANG_WARN_OBJC_ROOT_CLASS = YES_ERROR
               CLANG_WARN_QUOTED_INCLUDE_IN_FRAMEWORK_HEADER = NO
               CLANG_WARN_RANGE_LOOP_ANALYSIS = YES
               CLANG_WARN_STRICT_PROTOTYPES = YES
               CLANG_WARN_SUSPICIOUS_MOVE = YES
               CLANG_WARN_UNGUARDED_AVAILABILITY = YES_AGGRESSIVE
               CLANG_WARN_UNREACHABLE_CODE = YES
               CLANG_WARN__DUPLICATE_METHOD_MATCH = YES
               CLASS_FILE_DIR = /Users/otislewis/arena/build/ios/Pods.build/Release-iphonesimulator/abseil.build/JavaClasses
               CLEAN_PRECOMPS = YES
               CLONE_HEADERS = NO
               CODESIGNING_FOLDER_PATH = /Users/otislewis/arena/build/ios/Release-iphonesimulator/abseil/absl.framework
               CODE_SIGNING_ALLOWED = YES
               CODE_SIGNING_REQUIRED = NO
               CODE_SIGNING_REQUIRES_TEAM = YES
               CODE_SIGN_CONTEXT_CLASS = XCiPhoneSimulatorCodeSignContext
               CODE_SIGN_IDENTITY = -
               CODE_SIGN_INJECT_BASE_ENTITLEMENTS = YES
               COLOR_DIAGNOSTICS = NO
               COMBINE_HIDPI_IMAGES = NO
               COMPILATION_CACHE_CAS_PATH = /var/folders/4y/xy3fflts0nqfk1tsxg0t3mmr0000gn/C/com.apple.DeveloperTools/16.3-16E140/Xcode/CompilationCache.noindex
               COMPILATION_CACHE_KEEP_CAS_DIRECTORY = YES
               COMPILER_INDEX_STORE_ENABLE = Default
               COMPOSITE_SDK_DIRS = /Users/otislewis/arena/build/ios/CompositeSDKs
               COMPRESS_PNG_FILES = YES
               CONFIGURATION = Release
               CONFIGURATION_BUILD_DIR = /Users/otislewis/arena/build/ios/Release-iphonesimulator/abseil
               CONFIGURATION_TEMP_DIR = /Users/otislewis/arena/build/ios/Pods.build/Release-iphonesimulator
               CONTENTS_FOLDER_PATH = absl.framework
               CONTENTS_FOLDER_PATH_SHALLOW_BUNDLE_NO = absl.framework/A
               CONTENTS_FOLDER_PATH_SHALLOW_BUNDLE_YES = absl.framework
               COPYING_PRESERVES_HFS_DATA = NO
               COPY_HEADERS_RUN_UNIFDEF = NO
               COPY_PHASE_STRIP = NO
               CORRESPONDING_DEVICE_PLATFORM_DIR = /Applications/Xcode.app/Contents/Developer/Platforms/iPhoneOS.platform
               CORRESPONDING_DEVICE_PLATFORM_NAME = iphoneos
               CORRESPONDING_DEVICE_SDK_DIR = /Applications/Xcode.app/Contents/Developer/Platforms/iPhoneOS.platform/Developer/SDKs/iPhoneOS18.4.sdk
               CORRESPONDING_DEVICE_SDK_NAME = iphoneos18.4
               CP = /bin/cp
               CREATE_INFOPLIST_SECTION_IN_BINARY = NO
               CURRENT_ARCH = undefined_arch
               CURRENT_PROJECT_VERSION = 1
               CURRENT_VARIANT = normal
               CURRENT_VERSION = Current
               DEAD_CODE_STRIPPING = YES
               DEBUGGING_SYMBOLS = YES
               DEBUG_INFORMATION_FORMAT = dwarf-with-dsym
               DEBUG_INFORMATION_VERSION = compiler-default
               DEFAULT_COMPILER = com.apple.compilers.llvm.clang.1_0
               DEFAULT_DEXT_INSTALL_PATH = /System/Library/DriverExtensions
               DEFAULT_KEXT_INSTALL_PATH = /System/Library/Extensions
               DEFINES_MODULE = YES
               DEPLOYMENT_LOCATION = NO
               DEPLOYMENT_POSTPROCESSING = NO
               DEPLOYMENT_TARGET_SETTING_NAME = IPHONEOS_DEPLOYMENT_TARGET
               DEPLOYMENT_TARGET_SUGGESTED_VALUES = 12.0 12.1 12.2 12.3 12.4 13.0 13.1 13.2 13.3 13.4 13.5 13.6 14.0 14.1 14.2 14.3 14.4 14.5 14.6 14.7 15.0 15.1 15.2 15.3 15.4 15.5 15.6 16.0 16.1 16.2 16.3 16.4 16.5 16.6 17.0 17.1 17.2 17.3 17.4 17.5 17.6 18.0 18.1 18.2 18.3 18.4
               DERIVED_FILES_DIR = /Users/otislewis/arena/build/ios/Pods.build/Release-iphonesimulator/abseil.build/DerivedSources
               DERIVED_FILE_DIR = /Users/otislewis/arena/build/ios/Pods.build/Release-iphonesimulator/abseil.build/DerivedSources
               DERIVED_SOURCES_DIR = /Users/otislewis/arena/build/ios/Pods.build/Release-iphonesimulator/abseil.build/DerivedSources
               DEVELOPER_APPLICATIONS_DIR = /Applications/Xcode.app/Contents/Developer/Applications
               DEVELOPER_BIN_DIR = /Applications/Xcode.app/Contents/Developer/usr/bin
               DEVELOPER_DIR = /Applications/Xcode.app/Contents/Developer
               DEVELOPER_FRAMEWORKS_DIR = /Applications/Xcode.app/Contents/Developer/Library/Frameworks
               DEVELOPER_FRAMEWORKS_DIR_QUOTED = /Applications/Xcode.app/Contents/Developer/Library/Frameworks
               DEVELOPER_LIBRARY_DIR = /Applications/Xcode.app/Contents/Developer/Library
               DEVELOPER_SDK_DIR = /Applications/Xcode.app/Contents/Developer/Platforms/MacOSX.platform/Developer/SDKs
               DEVELOPER_TOOLS_DIR = /Applications/Xcode.app/Contents/Developer/Tools
               DEVELOPER_USR_DIR = /Applications/Xcode.app/Contents/Developer/usr
               DEVELOPMENT_LANGUAGE = en
               DIAGNOSE_MISSING_TARGET_DEPENDENCIES = YES
               DIFF = /usr/bin/diff
               DOCUMENTATION_FOLDER_PATH = absl.framework/en.lproj/Documentation
               DONT_GENERATE_INFOPLIST_FILE = NO
               DSTROOT = /tmp/Pods.dst
               DT_TOOLCHAIN_DIR = /Applications/Xcode.app/Contents/Developer/Toolchains/XcodeDefault.xctoolchain
               DWARF_DSYM_FILE_NAME = absl.framework.dSYM
               DWARF_DSYM_FILE_SHOULD_ACCOMPANY_PRODUCT = NO
               DWARF_DSYM_FOLDER_PATH = /Users/otislewis/arena/build/ios/Release-iphonesimulator/abseil
               DYLIB_COMPATIBILITY_VERSION = 1
               DYLIB_CURRENT_VERSION = 1
               DYLIB_INSTALL_NAME_BASE = @rpath
               DYNAMIC_LIBRARY_EXTENSION = dylib
               EAGER_COMPILATION_ALLOW_SCRIPTS = NO
               EAGER_LINKING = NO
               EFFECTIVE_PLATFORM_NAME = -iphonesimulator
               EMBEDDED_CONTENT_CONTAINS_SWIFT = NO
               EMBED_ASSET_PACKS_IN_PRODUCT_BUNDLE = NO
               ENABLE_APP_SANDBOX = NO
               ENABLE_BITCODE = NO
               ENABLE_CODE_COVERAGE = YES
               ENABLE_DEFAULT_HEADER_SEARCH_PATHS = YES
               ENABLE_DEFAULT_SEARCH_PATHS = YES
               ENABLE_HARDENED_RUNTIME = NO
               ENABLE_HEADER_DEPENDENCIES = YES
               ENABLE_INCOMING_NETWORK_CONNECTIONS = NO
               ENABLE_MODULE_VERIFIER = NO
               ENABLE_NS_ASSERTIONS = NO
               ENABLE_ON_DEMAND_RESOURCES = NO
               ENABLE_OUTGOING_NETWORK_CONNECTIONS = NO
               ENABLE_RESOURCE_ACCESS_AUDIO_INPUT = NO
               ENABLE_RESOURCE_ACCESS_BLUETOOTH = NO
               ENABLE_RESOURCE_ACCESS_CALENDARS = NO
               ENABLE_RESOURCE_ACCESS_CAMERA = NO
               ENABLE_RESOURCE_ACCESS_CONTACTS = NO
               ENABLE_RESOURCE_ACCESS_LOCATION = NO
               ENABLE_RESOURCE_ACCESS_PRINTING = NO
               ENABLE_RESOURCE_ACCESS_USB = NO
               ENABLE_SDK_IMPORTS = NO
               ENABLE_STRICT_OBJC_MSGSEND = YES
               ENABLE_TESTABILITY = NO
               ENABLE_TESTING_SEARCH_PATHS = NO
               ENABLE_USER_SCRIPT_SANDBOXING = NO
               ENFORCE_VALID_ARCHS = YES
               ENTITLEMENTS_DESTINATION = __entitlements
               ENTITLEMENTS_REQUIRED = NO
               EXCLUDED_ARCHS = arm64
               EXCLUDED_INSTALLSRC_SUBDIRECTORY_PATTERNS = .DS_Store .svn .git .hg CVS
               EXCLUDED_RECURSIVE_SEARCH_PATH_SUBDIRECTORIES = *.nib *.lproj *.framework *.gch *.xcode* *.xcassets (*) .DS_Store CVS .svn .git .hg *.pbproj *.pbxproj
               EXECUTABLES_FOLDER_PATH = absl.framework/en.lproj
               EXECUTABLE_FOLDER_PATH = absl.framework
               EXECUTABLE_FOLDER_PATH_SHALLOW_BUNDLE_NO = absl.framework
               EXECUTABLE_FOLDER_PATH_SHALLOW_BUNDLE_YES = absl.framework
               EXECUTABLE_NAME = absl
               EXECUTABLE_PATH = absl.framework/absl
               EXTENSIONS_FOLDER_PATH = absl.framework/Extensions
               FILE_LIST = /Users/otislewis/arena/build/ios/Pods.build/Release-iphonesimulator/abseil.build/Objects/LinkFileList
               FIXED_FILES_DIR = /Users/otislewis/arena/build/ios/Pods.build/Release-iphonesimulator/abseil.build/FixedFiles
               FRAMEWORKS_FOLDER_PATH = absl.framework/Frameworks
               FRAMEWORK_FLAG_PREFIX = -framework
               FRAMEWORK_SEARCH_PATHS = /Users/otislewis/arena/build/ios/Release-iphonesimulator/abseil 
               FRAMEWORK_VERSION = A
               FULL_PRODUCT_NAME = absl.framework
               FUSE_BUILD_PHASES = YES
               FUSE_BUILD_SCRIPT_PHASES = NO
               GCC3_VERSION = 3.3
               GCC_C_LANGUAGE_STANDARD = gnu11
               GCC_INLINES_ARE_PRIVATE_EXTERN = YES
               GCC_NO_COMMON_BLOCKS = YES
               GCC_OBJC_LEGACY_DISPATCH = YES
               GCC_PFE_FILE_C_DIALECTS = c objective-c c++ objective-c++
               GCC_PREFIX_HEADER = Target Support Files/abseil/abseil-prefix.pch
               GCC_PREPROCESSOR_DEFINITIONS = POD_CONFIGURATION_RELEASE=1  COCOAPODS=1
               GCC_TREAT_WARNINGS_AS_ERRORS = NO
               GCC_VERSION = com.apple.compilers.llvm.clang.1_0
               GCC_VERSION_IDENTIFIER = com_apple_compilers_llvm_clang_1_0
               GCC_WARN_64_TO_32_BIT_CONVERSION = YES
               GCC_WARN_ABOUT_RETURN_TYPE = YES_ERROR
               GCC_WARN_UNDECLARED_SELECTOR = YES
               GCC_WARN_UNINITIALIZED_AUTOS = YES_AGGRESSIVE
               GCC_WARN_UNUSED_FUNCTION = YES
               GCC_WARN_UNUSED_VARIABLE = YES
               GENERATED_MODULEMAP_DIR = /Users/otislewis/arena/build/ios/GeneratedModuleMaps-iphonesimulator
               GENERATE_INFOPLIST_FILE = NO
               GENERATE_INTERMEDIATE_TEXT_BASED_STUBS = YES
               GENERATE_MASTER_OBJECT_FILE = NO
               GENERATE_PKGINFO_FILE = NO
               GENERATE_PROFILING_CODE = NO
               GENERATE_TEXT_BASED_STUBS = NO
               GID = 20
               GROUP = staff
               HEADERMAP_INCLUDES_FLAT_ENTRIES_FOR_TARGET_BEING_BUILT = YES
               HEADERMAP_INCLUDES_FRAMEWORK_ENTRIES_FOR_ALL_PRODUCT_TYPES = YES
               HEADERMAP_INCLUDES_FRAMEWORK_ENTRIES_FOR_TARGETS_NOT_BEING_BUILT = YES
               HEADERMAP_INCLUDES_NONPUBLIC_NONPRIVATE_HEADERS = YES
               HEADERMAP_INCLUDES_PROJECT_HEADERS = YES
               HEADERMAP_USES_FRAMEWORK_PREFIX_ENTRIES = YES
               HEADERMAP_USES_VFS = YES
               HEADER_SEARCH_PATHS = /Users/otislewis/arena/build/ios/Release-iphonesimulator/abseil/include 
               HIDE_BITCODE_SYMBOLS = YES
               HOME = /Users/otislewis
               HOST_ARCH = arm64
               HOST_PLATFORM = macosx
               ICONV = /usr/bin/iconv
               IMPLICIT_DEPENDENCY_DOMAIN = default
               INFOPLIST_ENABLE_CFBUNDLEICONS_MERGE = YES
               INFOPLIST_EXPAND_BUILD_SETTINGS = YES
               INFOPLIST_FILE = Target Support Files/abseil/abseil-Info.plist
               INFOPLIST_OUTPUT_FORMAT = binary
               INFOPLIST_PATH = absl.framework/Info.plist
               INFOPLIST_PREPROCESS = NO
               INFOSTRINGS_PATH = absl.framework/en.lproj/InfoPlist.strings
               INLINE_PRIVATE_FRAMEWORKS = NO
               INSTALLAPI_IGNORE_SKIP_INSTALL = YES
               INSTALLHDRS_COPY_PHASE = NO
               INSTALLHDRS_SCRIPT_PHASE = NO
               INSTALL_DIR = /tmp/Pods.dst/Library/Frameworks
               INSTALL_GROUP = staff
               INSTALL_MODE_FLAG = u+w,go-w,a+rX
               INSTALL_OWNER = otislewis
               INSTALL_PATH = /Library/Frameworks
               INSTALL_ROOT = /tmp/Pods.dst
               IPHONEOS_DEPLOYMENT_TARGET = 13.0
               IS_UNOPTIMIZED_BUILD = NO
               JAVAC_DEFAULT_FLAGS = -J-Xms64m -J-XX:NewSize=4M -J-Dfile.encoding=UTF8
               JAVA_APP_STUB = /System/Library/Frameworks/JavaVM.framework/Resources/MacOS/JavaApplicationStub
               JAVA_ARCHIVE_CLASSES = YES
               JAVA_ARCHIVE_TYPE = JAR
               JAVA_COMPILER = /usr/bin/javac
               JAVA_FOLDER_PATH = absl.framework/Java
               JAVA_FRAMEWORK_RESOURCES_DIRS = Resources
               JAVA_JAR_FLAGS = cv
               JAVA_SOURCE_SUBDIR = .
               JAVA_USE_DEPENDENCIES = YES
               JAVA_ZIP_FLAGS = -urg
               JIKES_DEFAULT_FLAGS = +E +OLDCSO
               KEEP_PRIVATE_EXTERNS = NO
               LD_DEPENDENCY_INFO_FILE = /Users/otislewis/arena/build/ios/Pods.build/Release-iphonesimulator/abseil.build/Objects-normal/undefined_arch/absl_dependency_info.dat
               LD_DYLIB_INSTALL_NAME = @rpath/absl.framework/absl
               LD_EXPORT_SYMBOLS = YES
               LD_GENERATE_MAP_FILE = NO
               LD_MAP_FILE_PATH = /Users/otislewis/arena/build/ios/Pods.build/Release-iphonesimulator/abseil.build/absl-LinkMap-normal-undefined_arch.txt
               LD_NO_PIE = NO
               LD_QUOTE_LINKER_ARGUMENTS_FOR_COMPILER_DRIVER = YES
               LD_RUNPATH_SEARCH_PATHS =  @executable_path/Frameworks @loader_path/Frameworks
               LD_SHARED_CACHE_ELIGIBLE = Automatic
               LD_WARN_DUPLICATE_LIBRARIES = NO
               LD_WARN_UNUSED_DYLIBS = NO
               LEGACY_DEVELOPER_DIR = /Applications/Xcode.app/Contents/PlugIns/Xcode3Core.ideplugin/Contents/SharedSupport/Developer
               LEX = lex
               LIBRARY_DEXT_INSTALL_PATH = /Library/DriverExtensions
               LIBRARY_FLAG_NOSPACE = YES
               LIBRARY_FLAG_PREFIX = -l
               LIBRARY_KEXT_INSTALL_PATH = /Library/Extensions
               LIBRARY_SEARCH_PATHS = /Users/otislewis/arena/build/ios/Release-iphonesimulator/abseil 
               LINKER_DISPLAYS_MANGLED_NAMES = NO
               LINK_OBJC_RUNTIME = YES
               LINK_WITH_STANDARD_LIBRARIES = YES
               LLVM_TARGET_TRIPLE_OS_VERSION = ios13.0
               LLVM_TARGET_TRIPLE_SUFFIX = -simulator
               LLVM_TARGET_TRIPLE_VENDOR = apple
               LOCALIZATION_EXPORT_SUPPORTED = YES
               LOCALIZATION_PREFERS_STRING_CATALOGS = NO
               LOCALIZED_RESOURCES_FOLDER_PATH = absl.framework/en.lproj
               LOCALIZED_STRING_MACRO_NAMES = NSLocalizedString CFCopyLocalizedString
               LOCALIZED_STRING_SWIFTUI_SUPPORT = YES
               LOCAL_ADMIN_APPS_DIR = /Applications/Utilities
               LOCAL_APPS_DIR = /Applications
               LOCAL_DEVELOPER_DIR = /Library/Developer
               LOCAL_LIBRARY_DIR = /Library
               LOCROOT = /Users/otislewis/arena/ios/Pods
               LOCSYMROOT = /Users/otislewis/arena/ios/Pods
               MACH_O_TYPE = mh_dylib
               MAC_OS_X_PRODUCT_BUILD_VERSION = 24F74
               MAC_OS_X_VERSION_ACTUAL = 150500
               MAC_OS_X_VERSION_MAJOR = 150000
               MAC_OS_X_VERSION_MINOR = 150500
               MAKE_MERGEABLE = NO
               MERGEABLE_LIBRARY = NO
               MERGED_BINARY_TYPE = none
               MERGE_LINKED_LIBRARIES = NO
               METAL_LIBRARY_FILE_BASE = default
               METAL_LIBRARY_OUTPUT_DIR = /Users/otislewis/arena/build/ios/Release-iphonesimulator/abseil/absl.framework
               MODULEMAP_FILE = Target Support Files/abseil/abseil.modulemap
               MODULES_FOLDER_PATH = absl.framework/Modules
               MTL_ENABLE_DEBUG_INFO = NO
               MTL_FAST_MATH = YES
               NATIVE_ARCH = arm64
               NATIVE_ARCH_32_BIT = arm
               NATIVE_ARCH_64_BIT = arm64
               NATIVE_ARCH_ACTUAL = arm64
               NO_COMMON = YES
               OBJC_ABI_VERSION = 2
               OBJECT_FILE_DIR = /Users/otislewis/arena/build/ios/Pods.build/Release-iphonesimulator/abseil.build/Objects
               OBJECT_FILE_DIR_normal = /Users/otislewis/arena/build/ios/Pods.build/Release-iphonesimulator/abseil.build/Objects-normal
               OBJROOT = /Users/otislewis/arena/build/ios
               ONLY_ACTIVE_ARCH = NO
               OS = MACOS
               OSAC = /usr/bin/osacompile
               OTHER_LDFLAGS =  -l"c++"
               PACKAGE_TYPE = com.apple.package-type.wrapper.framework
               PASCAL_STRINGS = YES
               PATH = /Applications/Xcode.app/Contents/SharedFrameworks/SwiftBuild.framework/Versions/A/PlugIns/SWBBuildService.bundle/Contents/PlugIns/SWBUniversalPlatformPlugin.bundle/Contents/Frameworks/SWBUniversalPlatform.framework/Resources:/Applications/Xcode.app/Contents/Developer/Toolchains/XcodeDefault.xctoolchain/usr/bin:/Applications/Xcode.app/Contents/Developer/Toolchains/XcodeDefault.xctoolchain/usr/local/bin:/Applications/Xcode.app/Contents/Developer/Toolchains/XcodeDefault.xctoolchain/usr/libexec:/Applications/Xcode.app/Contents/Developer/Platforms/iPhoneSimulator.platform/usr/bin:/Applications/Xcode.app/Contents/Developer/Platforms/iPhoneSimulator.platform/usr/local/bin:/Applications/Xcode.app/Contents/Developer/Platforms/iPhoneSimulator.platform/Developer/usr/bin:/Applications/Xcode.app/Contents/Developer/Platforms/iPhoneSimulator.platform/Developer/usr/local/bin:/Applications/Xcode.app/Contents/Developer/usr/bin:/Applications/Xcode.app/Contents/Developer/usr/local/bin:/Users/otislewis/.gem/ruby/3.3.0/bin:/opt/homebrew/bin:/opt/homebrew/sbin:/usr/local/bin:/System/Cryptexes/App/usr/bin:/usr/bin:/bin:/usr/sbin:/sbin:/var/run/com.apple.security.cryptexd/codex.system/bootstrap/usr/local/bin:/var/run/com.apple.security.cryptexd/codex.system/bootstrap/usr/bin:/var/run/com.apple.security.cryptexd/codex.system/bootstrap/usr/appleinternal/bin:/Library/Apple/usr/bin:/opt/homebrew/Caskroom/flutter/3.32.0/flutter/bin:/Users/otislewis/Library/Android/sdk/emulator:/Users/otislewis/Library/Android/sdk/tools:/Users/otislewis/Library/Android/sdk/tools/bin:/Users/otislewis/Library/Android/sdk/platform-tools:/opt/homebrew/Caskroom/flutter/3.32.0/flutter/bin/cache/dart-sdk/bin
               PATH_PREFIXES_EXCLUDED_FROM_HEADER_DEPENDENCIES = /usr/include /usr/local/include /System/Library/Frameworks /System/Library/PrivateFrameworks /Applications/Xcode.app/Contents/Developer/Headers /Applications/Xcode.app/Contents/Developer/SDKs /Applications/Xcode.app/Contents/Developer/Platforms
               PBDEVELOPMENTPLIST_PATH = absl.framework/pbdevelopment.plist
               PER_ARCH_MODULE_FILE_DIR = /Users/otislewis/arena/build/ios/Pods.build/Release-iphonesimulator/abseil.build/Objects-normal/undefined_arch
               PER_ARCH_OBJECT_FILE_DIR = /Users/otislewis/arena/build/ios/Pods.build/Release-iphonesimulator/abseil.build/Objects-normal/undefined_arch
               PER_VARIANT_OBJECT_FILE_DIR = /Users/otislewis/arena/build/ios/Pods.build/Release-iphonesimulator/abseil.build/Objects-normal
               PKGINFO_FILE_PATH = /Users/otislewis/arena/build/ios/Pods.build/Release-iphonesimulator/abseil.build/PkgInfo
               PKGINFO_PATH = absl.framework/PkgInfo
               PLATFORM_DEVELOPER_APPLICATIONS_DIR = /Applications/Xcode.app/Contents/Developer/Platforms/iPhoneSimulator.platform/Developer/Applications
               PLATFORM_DEVELOPER_BIN_DIR = /Applications/Xcode.app/Contents/Developer/Platforms/iPhoneSimulator.platform/Developer/usr/bin
               PLATFORM_DEVELOPER_LIBRARY_DIR = /Applications/Xcode.app/Contents/Developer/Platforms/iPhoneSimulator.platform/Developer/Library
               PLATFORM_DEVELOPER_SDK_DIR = /Applications/Xcode.app/Contents/Developer/Platforms/iPhoneSimulator.platform/Developer/SDKs
               PLATFORM_DEVELOPER_TOOLS_DIR = /Applications/Xcode.app/Contents/Developer/Platforms/iPhoneSimulator.platform/Developer/Tools
               PLATFORM_DEVELOPER_USR_DIR = /Applications/Xcode.app/Contents/Developer/Platforms/iPhoneSimulator.platform/Developer/usr
               PLATFORM_DIR = /Applications/Xcode.app/Contents/Developer/Platforms/iPhoneSimulator.platform
               PLATFORM_DISPLAY_NAME = iOS Simulator
               PLATFORM_FAMILY_NAME = iOS
               PLATFORM_NAME = iphonesimulator
               PLATFORM_PREFERRED_ARCH = x86_64
               PLATFORM_PRODUCT_BUILD_VERSION = 22E235
               PLATFORM_REQUIRES_SWIFT_AUTOLINK_EXTRACT = NO
               PLATFORM_REQUIRES_SWIFT_MODULEWRAP = NO
               PLIST_FILE_OUTPUT_FORMAT = binary
               PLUGINS_FOLDER_PATH = absl.framework/PlugIns
               PODS_BUILD_DIR = /Users/otislewis/arena/build/ios
               PODS_CONFIGURATION_BUILD_DIR = /Users/otislewis/arena/build/ios/Release-iphonesimulator
               PODS_DEVELOPMENT_LANGUAGE = en
               PODS_ROOT = /Users/otislewis/arena/ios/Pods
               PODS_TARGET_SRCROOT = /Users/otislewis/arena/ios/Pods/abseil
               PODS_XCFRAMEWORKS_BUILD_DIR = /Users/otislewis/arena/build/ios/Release-iphonesimulator/XCFrameworkIntermediates
               PRECOMPS_INCLUDE_HEADERS_FROM_BUILT_PRODUCTS_DIR = YES
               PRECOMP_DESTINATION_DIR = /Users/otislewis/arena/build/ios/Pods.build/Release-iphonesimulator/abseil.build/PrefixHeaders
               PRIVATE_HEADERS_FOLDER_PATH = absl.framework/PrivateHeaders
               PROCESSED_INFOPLIST_PATH = /Users/otislewis/arena/build/ios/Pods.build/Release-iphonesimulator/abseil.build/Objects-normal/undefined_arch/Processed-Info.plist
               PRODUCT_BUNDLE_IDENTIFIER = org.cocoapods.absl
               PRODUCT_BUNDLE_PACKAGE_TYPE = FMWK
               PRODUCT_MODULE_NAME = absl
               PRODUCT_NAME = absl
               PRODUCT_SETTINGS_PATH = /Users/otislewis/arena/ios/Pods/Target Support Files/abseil/abseil-Info.plist
               PRODUCT_TYPE = com.apple.product-type.framework
               PROFILING_CODE = NO
               PROJECT = Pods
               PROJECT_DERIVED_FILE_DIR = /Users/otislewis/arena/build/ios/Pods.build/DerivedSources
               PROJECT_DIR = /Users/otislewis/arena/ios/Pods
               PROJECT_FILE_PATH = /Users/otislewis/arena/ios/Pods/Pods.xcodeproj
               PROJECT_GUID = bfdfe7dc352907fc980b868725387e98
               PROJECT_NAME = Pods
               PROJECT_TEMP_DIR = /Users/otislewis/arena/build/ios/Pods.build
               PROJECT_TEMP_ROOT = /Users/otislewis/arena/build/ios
               PUBLIC_HEADERS_FOLDER_PATH = absl.framework/Headers
               RECOMMENDED_IPHONEOS_DEPLOYMENT_TARGET = 15.0
               RECURSIVE_SEARCH_PATHS_FOLLOW_SYMLINKS = YES
               REMOVE_CVS_FROM_RESOURCES = YES
               REMOVE_GIT_FROM_RESOURCES = YES
               REMOVE_HEADERS_FROM_EMBEDDED_BUNDLES = YES
               REMOVE_HG_FROM_RESOURCES = YES
               REMOVE_STATIC_EXECUTABLES_FROM_EMBEDDED_BUNDLES = YES
               REMOVE_SVN_FROM_RESOURCES = YES
               RESCHEDULE_INDEPENDENT_HEADERS_PHASES = YES
               REZ_COLLECTOR_DIR = /Users/otislewis/arena/build/ios/Pods.build/Release-iphonesimulator/abseil.build/ResourceManagerResources
               REZ_OBJECTS_DIR = /Users/otislewis/arena/build/ios/Pods.build/Release-iphonesimulator/abseil.build/ResourceManagerResources/Objects
               REZ_SEARCH_PATHS = /Users/otislewis/arena/build/ios/Release-iphonesimulator/abseil 
               SCAN_ALL_SOURCE_FILES_FOR_INCLUDES = NO
               SCRIPTS_FOLDER_PATH = absl.framework/Scripts
               SDKROOT = /Applications/Xcode.app/Contents/Developer/Platforms/iPhoneSimulator.platform/Developer/SDKs/iPhoneSimulator18.4.sdk
               SDK_DIR = /Applications/Xcode.app/Contents/Developer/Platforms/iPhoneSimulator.platform/Developer/SDKs/iPhoneSimulator18.4.sdk
               SDK_DIR_iphonesimulator = /Applications/Xcode.app/Contents/Developer/Platforms/iPhoneSimulator.platform/Developer/SDKs/iPhoneSimulator18.4.sdk
               SDK_DIR_iphonesimulator18_4 = /Applications/Xcode.app/Contents/Developer/Platforms/iPhoneSimulator.platform/Developer/SDKs/iPhoneSimulator18.4.sdk
               SDK_NAME = iphonesimulator18.4
               SDK_NAMES = iphonesimulator18.4
               SDK_PRODUCT_BUILD_VERSION = 22E235
               SDK_STAT_CACHE_DIR = /var/folders/4y/xy3fflts0nqfk1tsxg0t3mmr0000gn/C/com.apple.DeveloperTools/16.3-16E140/Xcode
               SDK_STAT_CACHE_ENABLE = YES
               SDK_STAT_CACHE_PATH = /var/folders/4y/xy3fflts0nqfk1tsxg0t3mmr0000gn/C/com.apple.DeveloperTools/16.3-16E140/Xcode/SDKStatCaches.noindex/iphonesimulator18.4-22E235-71825a6d136aa4733edcbe86ece5525b.sdkstatcache
               SDK_VERSION = 18.4
               SDK_VERSION_ACTUAL = 180400
               SDK_VERSION_MAJOR = 180000
               SDK_VERSION_MINOR = 180400
               SED = /usr/bin/sed
               SEPARATE_STRIP = NO
               SEPARATE_SYMBOL_EDIT = NO
               SET_DIR_MODE_OWNER_GROUP = YES
               SET_FILE_MODE_OWNER_GROUP = NO
               SHALLOW_BUNDLE = YES
               SHALLOW_BUNDLE_TRIPLE = ios-simulator
               SHALLOW_BUNDLE_ios_macabi = NO
               SHALLOW_BUNDLE_macos = NO
               SHARED_DERIVED_FILE_DIR = /Users/otislewis/arena/build/ios/Release-iphonesimulator/abseil/DerivedSources
               SHARED_FRAMEWORKS_FOLDER_PATH = absl.framework/SharedFrameworks
               SHARED_PRECOMPS_DIR = /Users/otislewis/arena/build/ios/SharedPrecompiledHeaders
               SHARED_SUPPORT_FOLDER_PATH = absl.framework
               SKIP_INSTALL = YES
               SOURCE_ROOT = /Users/otislewis/arena/ios/Pods
               SRCROOT = /Users/otislewis/arena/ios/Pods
               STRINGSDATA_DIR = /Users/otislewis/arena/build/ios/Pods.build/Release-iphonesimulator/abseil.build/Objects-normal/undefined_arch
               STRINGSDATA_ROOT = /Users/otislewis/arena/build/ios/Pods.build/Release-iphonesimulator/abseil.build
               STRINGS_FILE_INFOPLIST_RENAME = YES
               STRINGS_FILE_OUTPUT_ENCODING = binary
               STRIP_BITCODE_FROM_COPIED_FILES = NO
               STRIP_INSTALLED_PRODUCT = NO
               STRIP_STYLE = debugging
               STRIP_SWIFT_SYMBOLS = YES
               SUPPORTED_DEVICE_FAMILIES = 1,2
               SUPPORTED_PLATFORMS = iphoneos iphonesimulator
               SUPPORTS_TEXT_BASED_API = NO
               SUPPRESS_WARNINGS = NO
               SWIFT_ACTIVE_COMPILATION_CONDITIONS =  
               SWIFT_COMPILATION_MODE = wholemodule
               SWIFT_EMIT_LOC_STRINGS = NO
               SWIFT_INSTALL_MODULE_FOR_DEPLOYMENT = YES
               SWIFT_INSTALL_OBJC_HEADER = YES
               SWIFT_OPTIMIZATION_LEVEL = -O
               SWIFT_PLATFORM_TARGET_PREFIX = ios
               SWIFT_VERSION = 5.0
               SYMROOT = /Users/otislewis/arena/ios/build
               SYSTEM_ADMIN_APPS_DIR = /Applications/Utilities
               SYSTEM_APPS_DIR = /Applications
               SYSTEM_CORE_SERVICES_DIR = /System/Library/CoreServices
               SYSTEM_DEMOS_DIR = /Applications/Extras
               SYSTEM_DEVELOPER_APPS_DIR = /Applications/Xcode.app/Contents/Developer/Applications
               SYSTEM_DEVELOPER_BIN_DIR = /Applications/Xcode.app/Contents/Developer/usr/bin
               SYSTEM_DEVELOPER_DEMOS_DIR = /Applications/Xcode.app/Contents/Developer/Applications/Utilities/Built Examples
               SYSTEM_DEVELOPER_DIR = /Applications/Xcode.app/Contents/Developer
               SYSTEM_DEVELOPER_DOC_DIR = /Applications/Xcode.app/Contents/Developer/ADC Reference Library
               SYSTEM_DEVELOPER_GRAPHICS_TOOLS_DIR = /Applications/Xcode.app/Contents/Developer/Applications/Graphics Tools
               SYSTEM_DEVELOPER_JAVA_TOOLS_DIR = /Applications/Xcode.app/Contents/Developer/Applications/Java Tools
               SYSTEM_DEVELOPER_PERFORMANCE_TOOLS_DIR = /Applications/Xcode.app/Contents/Developer/Applications/Performance Tools
               SYSTEM_DEVELOPER_RELEASENOTES_DIR = /Applications/Xcode.app/Contents/Developer/ADC Reference Library/releasenotes
               SYSTEM_DEVELOPER_TOOLS = /Applications/Xcode.app/Contents/Developer/Tools
               SYSTEM_DEVELOPER_TOOLS_DOC_DIR = /Applications/Xcode.app/Contents/Developer/ADC Reference Library/documentation/DeveloperTools
               SYSTEM_DEVELOPER_TOOLS_RELEASENOTES_DIR = /Applications/Xcode.app/Contents/Developer/ADC Reference Library/releasenotes/DeveloperTools
               SYSTEM_DEVELOPER_USR_DIR = /Applications/Xcode.app/Contents/Developer/usr
               SYSTEM_DEVELOPER_UTILITIES_DIR = /Applications/Xcode.app/Contents/Developer/Applications/Utilities
               SYSTEM_DEXT_INSTALL_PATH = /System/Library/DriverExtensions
               SYSTEM_DOCUMENTATION_DIR = /Library/Documentation
               SYSTEM_EXTENSIONS_FOLDER_PATH = absl.framework/SystemExtensions
               SYSTEM_EXTENSIONS_FOLDER_PATH_SHALLOW_BUNDLE_NO = absl.framework/Library/SystemExtensions
               SYSTEM_EXTENSIONS_FOLDER_PATH_SHALLOW_BUNDLE_YES = absl.framework/SystemExtensions
               SYSTEM_KEXT_INSTALL_PATH = /System/Library/Extensions
               SYSTEM_LIBRARY_DIR = /System/Library
               TAPI_DEMANGLE = YES
               TAPI_ENABLE_PROJECT_HEADERS = NO
               TAPI_LANGUAGE = objective-c
               TAPI_LANGUAGE_STANDARD = compiler-default
               TAPI_USE_SRCROOT = YES
               TAPI_VERIFY_MODE = Pedantic
               TARGETED_DEVICE_FAMILY = 1,2
               TARGETNAME = abseil
               TARGET_BUILD_DIR = /Users/otislewis/arena/build/ios/Release-iphonesimulator/abseil
               TARGET_NAME = abseil
               TARGET_TEMP_DIR = /Users/otislewis/arena/build/ios/Pods.build/Release-iphonesimulator/abseil.build
               TEMP_DIR = /Users/otislewis/arena/build/ios/Pods.build/Release-iphonesimulator/abseil.build
               TEMP_FILES_DIR = /Users/otislewis/arena/build/ios/Pods.build/Release-iphonesimulator/abseil.build
               TEMP_FILE_DIR = /Users/otislewis/arena/build/ios/Pods.build/Release-iphonesimulator/abseil.build
               TEMP_ROOT = /Users/otislewis/arena/build/ios
               TEMP_SANDBOX_DIR = /Users/otislewis/arena/build/ios/TemporaryTaskSandboxes
               TEST_FRAMEWORK_SEARCH_PATHS =  /Applications/Xcode.app/Contents/Developer/Platforms/iPhoneSimulator.platform/Developer/Library/Frameworks /Applications/Xcode.app/Contents/Developer/Platforms/iPhoneSimulator.platform/Developer/SDKs/iPhoneSimulator18.4.sdk/Developer/Library/Frameworks
               TEST_LIBRARY_SEARCH_PATHS =  /Applications/Xcode.app/Contents/Developer/Platforms/iPhoneSimulator.platform/Developer/usr/lib
               TOOLCHAINS = com.apple.dt.toolchain.XcodeDefault
               TOOLCHAIN_DIR = /Applications/Xcode.app/Contents/Developer/Toolchains/XcodeDefault.xctoolchain
               TREAT_MISSING_BASELINES_AS_TEST_FAILURES = NO
               TREAT_MISSING_SCRIPT_PHASE_OUTPUTS_AS_ERRORS = NO
               UID = 501
               UNINSTALLED_PRODUCTS_DIR = /Users/otislewis/arena/build/ios/UninstalledProducts
               UNLOCALIZED_RESOURCES_FOLDER_PATH = absl.framework
               UNLOCALIZED_RESOURCES_FOLDER_PATH_SHALLOW_BUNDLE_NO = absl.framework/Resources
               UNLOCALIZED_RESOURCES_FOLDER_PATH_SHALLOW_BUNDLE_YES = absl.framework
               UNSTRIPPED_PRODUCT = NO
               USER = otislewis
               USER_APPS_DIR = /Users/otislewis/Applications
               USER_HEADER_SEARCH_PATHS =  "/Users/otislewis/arena/ios/Pods/abseil"
               USER_LIBRARY_DIR = /Users/otislewis/Library
               USE_DYNAMIC_NO_PIC = YES
               USE_HEADERMAP = NO
               USE_HEADER_SYMLINKS = NO
               USE_RECURSIVE_SCRIPT_INPUTS_IN_SCRIPT_PHASES = YES
               VALIDATE_DEVELOPMENT_ASSET_PATHS = YES_ERROR
               VALIDATE_PRODUCT = YES
               VALID_ARCHS = arm64
               VERBOSE_PBXCP = NO
               VERSIONING_SYSTEM = apple-generic
               VERSIONPLIST_PATH = absl.framework/version.plist
               VERSIONS_FOLDER_PATH = absl.framework
               VERSIONS_FOLDER_PATH_SHALLOW_BUNDLE_NO = absl.framework/Versions
               VERSIONS_FOLDER_PATH_SHALLOW_BUNDLE_YES = absl.framework
               VERSION_INFO_BUILDER = otislewis
               VERSION_INFO_FILE = absl_vers.c
               VERSION_INFO_STRING = "@(#)PROGRAM:absl  PROJECT:Pods-1"
               WORKSPACE_DIR = /Users/otislewis/arena/ios/Pods/Pods.xcodeproj
               WRAPPER_EXTENSION = framework
               WRAPPER_NAME = absl.framework
               WRAPPER_SUFFIX = .framework
               WRAP_ASSET_PACKS_IN_SEPARATE_DIRECTORIES = NO
               XCODE_APP_SUPPORT_DIR = /Applications/Xcode.app/Contents/Developer/Library/Xcode
               XCODE_PRODUCT_BUILD_VERSION = 16E140
               XCODE_VERSION_ACTUAL = 1630
               XCODE_VERSION_MAJOR = 1600
               XCODE_VERSION_MINOR = 1630
               XPCSERVICES_FOLDER_PATH = absl.framework/XPCServices
               YACC = yacc
               _DISCOVER_COMMAND_LINE_LINKER_INPUTS = YES
               _DISCOVER_COMMAND_LINE_LINKER_INPUTS_INCLUDE_WL = YES
               _WRAPPER_CONTENTS_DIR_SHALLOW_BUNDLE_NO = /Contents
               _WRAPPER_PARENT_PATH_SHALLOW_BUNDLE_NO = /..
               _WRAPPER_RESOURCES_DIR_SHALLOW_BUNDLE_NO = /Resources
               __DIAGNOSE_DEPRECATED_ARCHS = YES
               arch = undefined_arch
               variant = normal

           Build settings for action build and target abseil-xcprivacy:
               ACTION = build
               AD_HOC_CODE_SIGNING_ALLOWED = YES
               ALLOW_BUILD_REQUEST_OVERRIDES = NO
               ALLOW_TARGET_PLATFORM_SPECIALIZATION = NO
               ALTERNATE_GROUP = staff
               ALTERNATE_MODE = u+w,go-w,a+rX
               ALTERNATE_OWNER = otislewis
               ALTERNATIVE_DISTRIBUTION_WEB = NO
               ALWAYS_EMBED_SWIFT_STANDARD_LIBRARIES = NO
               ALWAYS_SEARCH_USER_PATHS = NO
               ALWAYS_USE_SEPARATE_HEADERMAPS = NO
               APPLICATION_EXTENSION_API_ONLY = NO
               APPLY_RULES_IN_COPY_FILES = NO
               APPLY_RULES_IN_COPY_HEADERS = NO
               APP_SHORTCUTS_ENABLE_FLEXIBLE_MATCHING = YES
               ARCHS_STANDARD = arm64 x86_64
               ARCHS_STANDARD_32_64_BIT = arm64 x86_64
               ARCHS_STANDARD_64_BIT = arm64 x86_64
               ARCHS_STANDARD_INCLUDING_64_BIT = arm64 x86_64
               ARCHS_UNIVERSAL_IPHONE_OS = arm64 x86_64
               AUTOMATICALLY_MERGE_DEPENDENCIES = NO
               AVAILABLE_PLATFORMS = android appletvos appletvsimulator driverkit iphoneos iphonesimulator macosx qnx watchos watchsimulator xros xrsimulator
               BITCODE_GENERATION_MODE = marker
               BUILD_ACTIVE_RESOURCES_ONLY = NO
               BUILD_COMPONENTS = headers build
               BUILD_DIR = /Users/otislewis/arena/build/ios
               BUILD_LIBRARY_FOR_DISTRIBUTION = NO
               BUILD_ROOT = /Users/otislewis/arena/ios/build
               BUILD_STYLE = 
               BUILD_VARIANTS = normal
               BUILT_PRODUCTS_DIR = /Users/otislewis/arena/build/ios/Release-iphonesimulator/abseil
               BUNDLE_CONTENTS_FOLDER_PATH_deep = Contents/
               BUNDLE_EXECUTABLE_FOLDER_NAME_deep = MacOS
               BUNDLE_EXTENSIONS_FOLDER_PATH = Extensions
               BUNDLE_FORMAT = shallow
               BUNDLE_FRAMEWORKS_FOLDER_PATH = Frameworks
               BUNDLE_PLUGINS_FOLDER_PATH = PlugIns
               BUNDLE_PRIVATE_HEADERS_FOLDER_PATH = PrivateHeaders
               BUNDLE_PUBLIC_HEADERS_FOLDER_PATH = Headers
               CACHE_ROOT = /var/folders/4y/xy3fflts0nqfk1tsxg0t3mmr0000gn/C/com.apple.DeveloperTools/16.3-16E140/Xcode
               CCHROOT = /var/folders/4y/xy3fflts0nqfk1tsxg0t3mmr0000gn/C/com.apple.DeveloperTools/16.3-16E140/Xcode
               CHMOD = /bin/chmod
               CHOWN = /usr/sbin/chown
               CLANG_ANALYZER_LOCALIZABILITY_NONLOCALIZED = YES
               CLANG_ANALYZER_NONNULL = YES
               CLANG_ANALYZER_NUMBER_OBJECT_CONVERSION = YES_AGGRESSIVE
               CLANG_CACHE_FINE_GRAINED_OUTPUTS = YES
               CLANG_CXX_LANGUAGE_STANDARD = gnu++14
               CLANG_CXX_LIBRARY = libc++
               CLANG_ENABLE_EXPLICIT_MODULES = YES
               CLANG_ENABLE_MODULES = YES
               CLANG_ENABLE_OBJC_ARC = YES
               CLANG_ENABLE_OBJC_WEAK = YES
               CLANG_MODULES_BUILD_SESSION_FILE = /var/folders/4y/xy3fflts0nqfk1tsxg0t3mmr0000gn/C/org.llvm.clang/ModuleCache.noindex/Session.modulevalidation
               CLANG_WARN_BLOCK_CAPTURE_AUTORELEASING = YES
               CLANG_WARN_BOOL_CONVERSION = YES
               CLANG_WARN_COMMA = YES
               CLANG_WARN_CONSTANT_CONVERSION = YES
               CLANG_WARN_DEPRECATED_OBJC_IMPLEMENTATIONS = YES
               CLANG_WARN_DIRECT_OBJC_ISA_USAGE = YES_ERROR
               CLANG_WARN_DOCUMENTATION_COMMENTS = YES
               CLANG_WARN_EMPTY_BODY = YES
               CLANG_WARN_ENUM_CONVERSION = YES
               CLANG_WARN_INFINITE_RECURSION = YES
               CLANG_WARN_INT_CONVERSION = YES
               CLANG_WARN_NON_LITERAL_NULL_CONVERSION = YES
               CLANG_WARN_OBJC_IMPLICIT_RETAIN_SELF = YES
               CLANG_WARN_OBJC_LITERAL_CONVERSION = YES
               CLANG_WARN_OBJC_ROOT_CLASS = YES_ERROR
               CLANG_WARN_QUOTED_INCLUDE_IN_FRAMEWORK_HEADER = NO
               CLANG_WARN_RANGE_LOOP_ANALYSIS = YES
               CLANG_WARN_STRICT_PROTOTYPES = YES
               CLANG_WARN_SUSPICIOUS_MOVE = YES
               CLANG_WARN_UNGUARDED_AVAILABILITY = YES_AGGRESSIVE
               CLANG_WARN_UNREACHABLE_CODE = YES
               CLANG_WARN__DUPLICATE_METHOD_MATCH = YES
               CLASS_FILE_DIR = /Users/otislewis/arena/build/ios/Pods.build/Release-iphonesimulator/abseil-xcprivacy.build/JavaClasses
               CLEAN_PRECOMPS = YES
               CLONE_HEADERS = NO
               CODESIGNING_FOLDER_PATH = /Users/otislewis/arena/build/ios/Release-iphonesimulator/abseil/xcprivacy.bundle
               CODE_SIGNING_ALLOWED = NO
               CODE_SIGNING_IDENTITY = -
               CODE_SIGNING_REQUIRED = NO
               CODE_SIGN_CONTEXT_CLASS = XCiPhoneSimulatorCodeSignContext
               CODE_SIGN_IDENTITY = -
               CODE_SIGN_INJECT_BASE_ENTITLEMENTS = YES
               COLOR_DIAGNOSTICS = NO
               COMBINE_HIDPI_IMAGES = NO
               COMPILATION_CACHE_CAS_PATH = /var/folders/4y/xy3fflts0nqfk1tsxg0t3mmr0000gn/C/com.apple.DeveloperTools/16.3-16E140/Xcode/CompilationCache.noindex
               COMPILATION_CACHE_KEEP_CAS_DIRECTORY = YES
               COMPILER_INDEX_STORE_ENABLE = Default
               COMPOSITE_SDK_DIRS = /Users/otislewis/arena/build/ios/CompositeSDKs
               COMPRESS_PNG_FILES = YES
               CONFIGURATION = Release
               CONFIGURATION_BUILD_DIR = /Users/otislewis/arena/build/ios/Release-iphonesimulator/abseil
               CONFIGURATION_TEMP_DIR = /Users/otislewis/arena/build/ios/Pods.build/Release-iphonesimulator
               CONTENTS_FOLDER_PATH = xcprivacy.bundle
               CONTENTS_FOLDER_PATH_SHALLOW_BUNDLE_NO = xcprivacy.bundle/Contents
               CONTENTS_FOLDER_PATH_SHALLOW_BUNDLE_YES = xcprivacy.bundle
               COPYING_PRESERVES_HFS_DATA = NO
               COPY_HEADERS_RUN_UNIFDEF = NO
               COPY_PHASE_STRIP = NO
               CORRESPONDING_DEVICE_PLATFORM_DIR = /Applications/Xcode.app/Contents/Developer/Platforms/iPhoneOS.platform
               CORRESPONDING_DEVICE_PLATFORM_NAME = iphoneos
               CORRESPONDING_DEVICE_SDK_DIR = /Applications/Xcode.app/Contents/Developer/Platforms/iPhoneOS.platform/Developer/SDKs/iPhoneOS18.4.sdk
               CORRESPONDING_DEVICE_SDK_NAME = iphoneos18.4
               CP = /bin/cp
               CREATE_INFOPLIST_SECTION_IN_BINARY = NO
               CURRENT_ARCH = undefined_arch
               CURRENT_VARIANT = normal
               DEAD_CODE_STRIPPING = YES
               DEBUGGING_SYMBOLS = YES
               DEBUG_INFORMATION_FORMAT = dwarf-with-dsym
               DEBUG_INFORMATION_VERSION = compiler-default
               DEFAULT_COMPILER = com.apple.compilers.llvm.clang.1_0
               DEFAULT_DEXT_INSTALL_PATH = /System/Library/DriverExtensions
               DEFAULT_KEXT_INSTALL_PATH = /System/Library/Extensions
               DEFINES_MODULE = NO
               DEPLOYMENT_LOCATION = NO
               DEPLOYMENT_POSTPROCESSING = NO
               DEPLOYMENT_TARGET_SETTING_NAME = IPHONEOS_DEPLOYMENT_TARGET
               DEPLOYMENT_TARGET_SUGGESTED_VALUES = 12.0 12.1 12.2 12.3 12.4 13.0 13.1 13.2 13.3 13.4 13.5 13.6 14.0 14.1 14.2 14.3 14.4 14.5 14.6 14.7 15.0 15.1 15.2 15.3 15.4 15.5 15.6 16.0 16.1 16.2 16.3 16.4 16.5 16.6 17.0 17.1 17.2 17.3 17.4 17.5 17.6 18.0 18.1 18.2 18.3 18.4
               DERIVED_FILES_DIR = /Users/otislewis/arena/build/ios/Pods.build/Release-iphonesimulator/abseil-xcprivacy.build/DerivedSources
               DERIVED_FILE_DIR = /Users/otislewis/arena/build/ios/Pods.build/Release-iphonesimulator/abseil-xcprivacy.build/DerivedSources
               DERIVED_SOURCES_DIR = /Users/otislewis/arena/build/ios/Pods.build/Release-iphonesimulator/abseil-xcprivacy.build/DerivedSources
               DEVELOPER_APPLICATIONS_DIR = /Applications/Xcode.app/Contents/Developer/Applications
               DEVELOPER_BIN_DIR = /Applications/Xcode.app/Contents/Developer/usr/bin
               DEVELOPER_DIR = /Applications/Xcode.app/Contents/Developer
               DEVELOPER_FRAMEWORKS_DIR = /Applications/Xcode.app/Contents/Developer/Library/Frameworks
               DEVELOPER_FRAMEWORKS_DIR_QUOTED = /Applications/Xcode.app/Contents/Developer/Library/Frameworks
               DEVELOPER_LIBRARY_DIR = /Applications/Xcode.app/Contents/Developer/Library
               DEVELOPER_SDK_DIR = /Applications/Xcode.app/Contents/Developer/Platforms/MacOSX.platform/Developer/SDKs
               DEVELOPER_TOOLS_DIR = /Applications/Xcode.app/Contents/Developer/Tools
               DEVELOPER_USR_DIR = /Applications/Xcode.app/Contents/Developer/usr
               DEVELOPMENT_LANGUAGE = en
               DIAGNOSE_MISSING_TARGET_DEPENDENCIES = YES
               DIFF = /usr/bin/diff
               DOCUMENTATION_FOLDER_PATH = xcprivacy.bundle/en.lproj/Documentation
               DONT_GENERATE_INFOPLIST_FILE = NO
               DSTROOT = /tmp/Pods.dst
               DT_TOOLCHAIN_DIR = /Applications/Xcode.app/Contents/Developer/Toolchains/XcodeDefault.xctoolchain
               DWARF_DSYM_FILE_NAME = xcprivacy.bundle.dSYM
               DWARF_DSYM_FILE_SHOULD_ACCOMPANY_PRODUCT = NO
               DWARF_DSYM_FOLDER_PATH = /Users/otislewis/arena/build/ios/Release-iphonesimulator/abseil
               DYNAMIC_LIBRARY_EXTENSION = dylib
               EAGER_COMPILATION_ALLOW_SCRIPTS = NO
               EAGER_LINKING = NO
               EFFECTIVE_PLATFORM_NAME = -iphonesimulator
               EMBEDDED_CONTENT_CONTAINS_SWIFT = NO
               EMBED_ASSET_PACKS_IN_PRODUCT_BUNDLE = NO
               ENABLE_APP_SANDBOX = NO
               ENABLE_BITCODE = NO
               ENABLE_CODE_COVERAGE = YES
               ENABLE_DEFAULT_HEADER_SEARCH_PATHS = YES
               ENABLE_DEFAULT_SEARCH_PATHS = YES
               ENABLE_HARDENED_RUNTIME = NO
               ENABLE_HEADER_DEPENDENCIES = YES
               ENABLE_INCOMING_NETWORK_CONNECTIONS = NO
               ENABLE_NS_ASSERTIONS = NO
               ENABLE_ON_DEMAND_RESOURCES = NO
               ENABLE_OUTGOING_NETWORK_CONNECTIONS = NO
               ENABLE_RESOURCE_ACCESS_AUDIO_INPUT = NO
               ENABLE_RESOURCE_ACCESS_BLUETOOTH = NO
               ENABLE_RESOURCE_ACCESS_CALENDARS = NO
               ENABLE_RESOURCE_ACCESS_CAMERA = NO
               ENABLE_RESOURCE_ACCESS_CONTACTS = NO
               ENABLE_RESOURCE_ACCESS_LOCATION = NO
               ENABLE_RESOURCE_ACCESS_PRINTING = NO
               ENABLE_RESOURCE_ACCESS_USB = NO
               ENABLE_SDK_IMPORTS = NO
               ENABLE_STRICT_OBJC_MSGSEND = YES
               ENABLE_TESTABILITY = NO
               ENABLE_TESTING_SEARCH_PATHS = NO
               ENABLE_USER_SCRIPT_SANDBOXING = NO
               ENFORCE_VALID_ARCHS = YES
               ENTITLEMENTS_DESTINATION = __entitlements
               ENTITLEMENTS_REQUIRED = NO
               EXCLUDED_ARCHS = arm64
               EXCLUDED_INSTALLSRC_SUBDIRECTORY_PATTERNS = .DS_Store .svn .git .hg CVS
               EXCLUDED_RECURSIVE_SEARCH_PATH_SUBDIRECTORIES = *.nib *.lproj *.framework *.gch *.xcode* *.xcassets (*) .DS_Store CVS .svn .git .hg *.pbproj *.pbxproj
               EXECUTABLES_FOLDER_PATH = xcprivacy.bundle/Executables
               EXECUTABLE_FOLDER_PATH = xcprivacy.bundle
               EXECUTABLE_FOLDER_PATH_SHALLOW_BUNDLE_NO = xcprivacy.bundle/MacOS
               EXECUTABLE_FOLDER_PATH_SHALLOW_BUNDLE_YES = xcprivacy.bundle
               EXECUTABLE_NAME = xcprivacy
               EXECUTABLE_PATH = xcprivacy.bundle/xcprivacy
               EXPANDED_CODE_SIGN_IDENTITY = -
               EXTENSIONS_FOLDER_PATH = xcprivacy.bundle/Extensions
               FILE_LIST = /Users/otislewis/arena/build/ios/Pods.build/Release-iphonesimulator/abseil-xcprivacy.build/Objects/LinkFileList
               FIXED_FILES_DIR = /Users/otislewis/arena/build/ios/Pods.build/Release-iphonesimulator/abseil-xcprivacy.build/FixedFiles
               FRAMEWORKS_FOLDER_PATH = xcprivacy.bundle/Frameworks
               FRAMEWORK_FLAG_PREFIX = -framework
               FRAMEWORK_SEARCH_PATHS = /Users/otislewis/arena/build/ios/Release-iphonesimulator/abseil 
               FRAMEWORK_VERSION = A
               FULL_PRODUCT_NAME = xcprivacy.bundle
               FUSE_BUILD_PHASES = YES
               FUSE_BUILD_SCRIPT_PHASES = NO
               GCC3_VERSION = 3.3
               GCC_C_LANGUAGE_STANDARD = gnu11
               GCC_INLINES_ARE_PRIVATE_EXTERN = YES
               GCC_NO_COMMON_BLOCKS = YES
               GCC_OBJC_LEGACY_DISPATCH = YES
               GCC_PFE_FILE_C_DIALECTS = c objective-c c++ objective-c++
               GCC_PREPROCESSOR_DEFINITIONS = POD_CONFIGURATION_RELEASE=1  COCOAPODS=1
               GCC_TREAT_WARNINGS_AS_ERRORS = NO
               GCC_VERSION = com.apple.compilers.llvm.clang.1_0
               GCC_VERSION_IDENTIFIER = com_apple_compilers_llvm_clang_1_0
               GCC_WARN_64_TO_32_BIT_CONVERSION = YES
               GCC_WARN_ABOUT_RETURN_TYPE = YES_ERROR
               GCC_WARN_UNDECLARED_SELECTOR = YES
               GCC_WARN_UNINITIALIZED_AUTOS = YES_AGGRESSIVE
               GCC_WARN_UNUSED_FUNCTION = YES
               GCC_WARN_UNUSED_VARIABLE = YES
               GENERATED_MODULEMAP_DIR = /Users/otislewis/arena/build/ios/GeneratedModuleMaps-iphonesimulator
               GENERATE_INFOPLIST_FILE = NO
               GENERATE_INTERMEDIATE_TEXT_BASED_STUBS = YES
               GENERATE_MASTER_OBJECT_FILE = NO
               GENERATE_PKGINFO_FILE = NO
               GENERATE_PROFILING_CODE = NO
               GENERATE_TEXT_BASED_STUBS = NO
               GID = 20
               GROUP = staff
               HEADERMAP_INCLUDES_FLAT_ENTRIES_FOR_TARGET_BEING_BUILT = YES
               HEADERMAP_INCLUDES_FRAMEWORK_ENTRIES_FOR_ALL_PRODUCT_TYPES = YES
               HEADERMAP_INCLUDES_FRAMEWORK_ENTRIES_FOR_TARGETS_NOT_BEING_BUILT = YES
               HEADERMAP_INCLUDES_NONPUBLIC_NONPRIVATE_HEADERS = YES
               HEADERMAP_INCLUDES_PROJECT_HEADERS = YES
               HEADERMAP_USES_FRAMEWORK_PREFIX_ENTRIES = YES
               HEADERMAP_USES_VFS = NO
               HEADER_SEARCH_PATHS = /Users/otislewis/arena/build/ios/Release-iphonesimulator/abseil/include 
               HIDE_BITCODE_SYMBOLS = YES
               HOME = /Users/otislewis
               HOST_ARCH = arm64
               HOST_PLATFORM = macosx
               IBSC_MODULE = absl
               ICONV = /usr/bin/iconv
               IMPLICIT_DEPENDENCY_DOMAIN = default
               INFOPLIST_ENABLE_CFBUNDLEICONS_MERGE = YES
               INFOPLIST_EXPAND_BUILD_SETTINGS = YES
               INFOPLIST_FILE = Target Support Files/abseil/ResourceBundle-xcprivacy-abseil-Info.plist
               INFOPLIST_OUTPUT_FORMAT = binary
               INFOPLIST_PATH = xcprivacy.bundle/Info.plist
               INFOPLIST_PREPROCESS = NO
               INFOSTRINGS_PATH = xcprivacy.bundle/en.lproj/InfoPlist.strings
               INLINE_PRIVATE_FRAMEWORKS = NO
               INSTALLAPI_IGNORE_SKIP_INSTALL = YES
               INSTALLHDRS_COPY_PHASE = NO
               INSTALLHDRS_SCRIPT_PHASE = NO
               INSTALL_DIR = /tmp/Pods.dst
               INSTALL_GROUP = staff
               INSTALL_MODE_FLAG = u+w,go-w,a+rX
               INSTALL_OWNER = otislewis
               INSTALL_ROOT = /tmp/Pods.dst
               IPHONEOS_DEPLOYMENT_TARGET = 13.0
               IS_UNOPTIMIZED_BUILD = NO
               JAVAC_DEFAULT_FLAGS = -J-Xms64m -J-XX:NewSize=4M -J-Dfile.encoding=UTF8
               JAVA_APP_STUB = /System/Library/Frameworks/JavaVM.framework/Resources/MacOS/JavaApplicationStub
               JAVA_ARCHIVE_CLASSES = YES
               JAVA_ARCHIVE_TYPE = JAR
               JAVA_COMPILER = /usr/bin/javac
               JAVA_FOLDER_PATH = xcprivacy.bundle/Java
               JAVA_FRAMEWORK_RESOURCES_DIRS = Resources
               JAVA_JAR_FLAGS = cv
               JAVA_SOURCE_SUBDIR = .
               JAVA_USE_DEPENDENCIES = YES
               JAVA_ZIP_FLAGS = -urg
               JIKES_DEFAULT_FLAGS = +E +OLDCSO
               KEEP_PRIVATE_EXTERNS = NO
               LD_DEPENDENCY_INFO_FILE = /Users/otislewis/arena/build/ios/Pods.build/Release-iphonesimulator/abseil-xcprivacy.build/Objects-normal/undefined_arch/xcprivacy_dependency_info.dat
               LD_EXPORT_SYMBOLS = YES
               LD_GENERATE_MAP_FILE = NO
               LD_MAP_FILE_PATH = /Users/otislewis/arena/build/ios/Pods.build/Release-iphonesimulator/abseil-xcprivacy.build/xcprivacy-LinkMap-normal-undefined_arch.txt
               LD_NO_PIE = NO
               LD_QUOTE_LINKER_ARGUMENTS_FOR_COMPILER_DRIVER = YES
               LD_SHARED_CACHE_ELIGIBLE = Automatic
               LD_WARN_DUPLICATE_LIBRARIES = NO
               LD_WARN_UNUSED_DYLIBS = NO
               LEGACY_DEVELOPER_DIR = /Applications/Xcode.app/Contents/PlugIns/Xcode3Core.ideplugin/Contents/SharedSupport/Developer
               LEX = lex
               LIBRARY_DEXT_INSTALL_PATH = /Library/DriverExtensions
               LIBRARY_FLAG_NOSPACE = YES
               LIBRARY_FLAG_PREFIX = -l
               LIBRARY_KEXT_INSTALL_PATH = /Library/Extensions
               LIBRARY_SEARCH_PATHS = /Users/otislewis/arena/build/ios/Release-iphonesimulator/abseil 
               LINKER_DISPLAYS_MANGLED_NAMES = NO
               LINK_OBJC_RUNTIME = YES
               LINK_WITH_STANDARD_LIBRARIES = YES
               LLVM_TARGET_TRIPLE_OS_VERSION = ios13.0
               LLVM_TARGET_TRIPLE_SUFFIX = -simulator
               LLVM_TARGET_TRIPLE_VENDOR = apple
               LOCALIZATION_EXPORT_SUPPORTED = YES
               LOCALIZATION_PREFERS_STRING_CATALOGS = NO
               LOCALIZED_RESOURCES_FOLDER_PATH = xcprivacy.bundle/en.lproj
               LOCALIZED_STRING_MACRO_NAMES = NSLocalizedString CFCopyLocalizedString
               LOCALIZED_STRING_SWIFTUI_SUPPORT = YES
               LOCAL_ADMIN_APPS_DIR = /Applications/Utilities
               LOCAL_APPS_DIR = /Applications
               LOCAL_DEVELOPER_DIR = /Library/Developer
               LOCAL_LIBRARY_DIR = /Library
               LOCROOT = /Users/otislewis/arena/ios/Pods
               LOCSYMROOT = /Users/otislewis/arena/ios/Pods
               MACH_O_TYPE = mh_bundle
               MAC_OS_X_PRODUCT_BUILD_VERSION = 24F74
               MAC_OS_X_VERSION_ACTUAL = 150500
               MAC_OS_X_VERSION_MAJOR = 150000
               MAC_OS_X_VERSION_MINOR = 150500
               MAKE_MERGEABLE = NO
               MERGEABLE_LIBRARY = NO
               MERGED_BINARY_TYPE = none
               MERGE_LINKED_LIBRARIES = NO
               METAL_LIBRARY_FILE_BASE = default
               METAL_LIBRARY_OUTPUT_DIR = /Users/otislewis/arena/build/ios/Release-iphonesimulator/abseil/xcprivacy.bundle
               MODULES_FOLDER_PATH = xcprivacy.bundle/Modules
               MTL_ENABLE_DEBUG_INFO = NO
               MTL_FAST_MATH = YES
               NATIVE_ARCH = arm64
               NATIVE_ARCH_32_BIT = arm
               NATIVE_ARCH_64_BIT = arm64
               NATIVE_ARCH_ACTUAL = arm64
               NO_COMMON = YES
               OBJC_ABI_VERSION = 2
               OBJECT_FILE_DIR = /Users/otislewis/arena/build/ios/Pods.build/Release-iphonesimulator/abseil-xcprivacy.build/Objects
               OBJECT_FILE_DIR_normal = /Users/otislewis/arena/build/ios/Pods.build/Release-iphonesimulator/abseil-xcprivacy.build/Objects-normal
               OBJROOT = /Users/otislewis/arena/build/ios
               ONLY_ACTIVE_ARCH = NO
               OS = MACOS
               OSAC = /usr/bin/osacompile
               OTHER_LDFLAGS =  -l"c++"
               PACKAGE_TYPE = com.apple.package-type.wrapper
               PASCAL_STRINGS = YES
               PATH = /Applications/Xcode.app/Contents/SharedFrameworks/SwiftBuild.framework/Versions/A/PlugIns/SWBBuildService.bundle/Contents/PlugIns/SWBUniversalPlatformPlugin.bundle/Contents/Frameworks/SWBUniversalPlatform.framework/Resources:/Applications/Xcode.app/Contents/Developer/Toolchains/XcodeDefault.xctoolchain/usr/bin:/Applications/Xcode.app/Contents/Developer/Toolchains/XcodeDefault.xctoolchain/usr/local/bin:/Applications/Xcode.app/Contents/Developer/Toolchains/XcodeDefault.xctoolchain/usr/libexec:/Applications/Xcode.app/Contents/Developer/Platforms/iPhoneSimulator.platform/usr/bin:/Applications/Xcode.app/Contents/Developer/Platforms/iPhoneSimulator.platform/usr/local/bin:/Applications/Xcode.app/Contents/Developer/Platforms/iPhoneSimulator.platform/Developer/usr/bin:/Applications/Xcode.app/Contents/Developer/Platforms/iPhoneSimulator.platform/Developer/usr/local/bin:/Applications/Xcode.app/Contents/Developer/usr/bin:/Applications/Xcode.app/Contents/Developer/usr/local/bin:/Users/otislewis/.gem/ruby/3.3.0/bin:/opt/homebrew/bin:/opt/homebrew/sbin:/usr/local/bin:/System/Cryptexes/App/usr/bin:/usr/bin:/bin:/usr/sbin:/sbin:/var/run/com.apple.security.cryptexd/codex.system/bootstrap/usr/local/bin:/var/run/com.apple.security.cryptexd/codex.system/bootstrap/usr/bin:/var/run/com.apple.security.cryptexd/codex.system/bootstrap/usr/appleinternal/bin:/Library/Apple/usr/bin:/opt/homebrew/Caskroom/flutter/3.32.0/flutter/bin:/Users/otislewis/Library/Android/sdk/emulator:/Users/otislewis/Library/Android/sdk/tools:/Users/otislewis/Library/Android/sdk/tools/bin:/Users/otislewis/Library/Android/sdk/platform-tools:/opt/homebrew/Caskroom/flutter/3.32.0/flutter/bin/cache/dart-sdk/bin
               PATH_PREFIXES_EXCLUDED_FROM_HEADER_DEPENDENCIES = /usr/include /usr/local/include /System/Library/Frameworks /System/Library/PrivateFrameworks /Applications/Xcode.app/Contents/Developer/Headers /Applications/Xcode.app/Contents/Developer/SDKs /Applications/Xcode.app/Contents/Developer/Platforms
               PBDEVELOPMENTPLIST_PATH = xcprivacy.bundle/pbdevelopment.plist
               PER_ARCH_MODULE_FILE_DIR = /Users/otislewis/arena/build/ios/Pods.build/Release-iphonesimulator/abseil-xcprivacy.build/Objects-normal/undefined_arch
               PER_ARCH_OBJECT_FILE_DIR = /Users/otislewis/arena/build/ios/Pods.build/Release-iphonesimulator/abseil-xcprivacy.build/Objects-normal/undefined_arch
               PER_VARIANT_OBJECT_FILE_DIR = /Users/otislewis/arena/build/ios/Pods.build/Release-iphonesimulator/abseil-xcprivacy.build/Objects-normal
               PKGINFO_FILE_PATH = /Users/otislewis/arena/build/ios/Pods.build/Release-iphonesimulator/abseil-xcprivacy.build/PkgInfo
               PKGINFO_PATH = xcprivacy.bundle/PkgInfo
               PLATFORM_DEVELOPER_APPLICATIONS_DIR = /Applications/Xcode.app/Contents/Developer/Platforms/iPhoneSimulator.platform/Developer/Applications
               PLATFORM_DEVELOPER_BIN_DIR = /Applications/Xcode.app/Contents/Developer/Platforms/iPhoneSimulator.platform/Developer/usr/bin
               PLATFORM_DEVELOPER_LIBRARY_DIR = /Applications/Xcode.app/Contents/Developer/Platforms/iPhoneSimulator.platform/Developer/Library
               PLATFORM_DEVELOPER_SDK_DIR = /Applications/Xcode.app/Contents/Developer/Platforms/iPhoneSimulator.platform/Developer/SDKs
               PLATFORM_DEVELOPER_TOOLS_DIR = /Applications/Xcode.app/Contents/Developer/Platforms/iPhoneSimulator.platform/Developer/Tools
               PLATFORM_DEVELOPER_USR_DIR = /Applications/Xcode.app/Contents/Developer/Platforms/iPhoneSimulator.platform/Developer/usr
               PLATFORM_DIR = /Applications/Xcode.app/Contents/Developer/Platforms/iPhoneSimulator.platform
               PLATFORM_DISPLAY_NAME = iOS Simulator
               PLATFORM_FAMILY_NAME = iOS
               PLATFORM_NAME = iphonesimulator
               PLATFORM_PREFERRED_ARCH = x86_64
               PLATFORM_PRODUCT_BUILD_VERSION = 22E235
               PLATFORM_REQUIRES_SWIFT_AUTOLINK_EXTRACT = NO
               PLATFORM_REQUIRES_SWIFT_MODULEWRAP = NO
               PLIST_FILE_OUTPUT_FORMAT = binary
               PLUGINS_FOLDER_PATH = xcprivacy.bundle/PlugIns
               PODS_BUILD_DIR = /Users/otislewis/arena/build/ios
               PODS_CONFIGURATION_BUILD_DIR = /Users/otislewis/arena/build/ios/Release-iphonesimulator
               PODS_DEVELOPMENT_LANGUAGE = en
               PODS_ROOT = /Users/otislewis/arena/ios/Pods
               PODS_TARGET_SRCROOT = /Users/otislewis/arena/ios/Pods/abseil
               PODS_XCFRAMEWORKS_BUILD_DIR = /Users/otislewis/arena/build/ios/Release-iphonesimulator/XCFrameworkIntermediates
               PRECOMPS_INCLUDE_HEADERS_FROM_BUILT_PRODUCTS_DIR = YES
               PRECOMP_DESTINATION_DIR = /Users/otislewis/arena/build/ios/Pods.build/Release-iphonesimulator/abseil-xcprivacy.build/PrefixHeaders
               PRIVATE_HEADERS_FOLDER_PATH = xcprivacy.bundle/PrivateHeaders
               PROCESSED_INFOPLIST_PATH = /Users/otislewis/arena/build/ios/Pods.build/Release-iphonesimulator/abseil-xcprivacy.build/Objects-normal/undefined_arch/Processed-Info.plist
               PRODUCT_BUNDLE_IDENTIFIER = org.cocoapods.xcprivacy
               PRODUCT_BUNDLE_PACKAGE_TYPE = BNDL
               PRODUCT_MODULE_NAME = xcprivacy
               PRODUCT_NAME = xcprivacy
               PRODUCT_SETTINGS_PATH = /Users/otislewis/arena/ios/Pods/Target Support Files/abseil/ResourceBundle-xcprivacy-abseil-Info.plist
               PRODUCT_TYPE = com.apple.product-type.bundle
               PROFILING_CODE = NO
               PROJECT = Pods
               PROJECT_DERIVED_FILE_DIR = /Users/otislewis/arena/build/ios/Pods.build/DerivedSources
               PROJECT_DIR = /Users/otislewis/arena/ios/Pods
               PROJECT_FILE_PATH = /Users/otislewis/arena/ios/Pods/Pods.xcodeproj
               PROJECT_GUID = bfdfe7dc352907fc980b868725387e98
               PROJECT_NAME = Pods
               PROJECT_TEMP_DIR = /Users/otislewis/arena/build/ios/Pods.build
               PROJECT_TEMP_ROOT = /Users/otislewis/arena/build/ios
               PUBLIC_HEADERS_FOLDER_PATH = xcprivacy.bundle/Headers
               RECOMMENDED_IPHONEOS_DEPLOYMENT_TARGET = 15.0
               RECURSIVE_SEARCH_PATHS_FOLLOW_SYMLINKS = YES
               REMOVE_CVS_FROM_RESOURCES = YES
               REMOVE_GIT_FROM_RESOURCES = YES
               REMOVE_HEADERS_FROM_EMBEDDED_BUNDLES = YES
               REMOVE_HG_FROM_RESOURCES = YES
               REMOVE_STATIC_EXECUTABLES_FROM_EMBEDDED_BUNDLES = YES
               REMOVE_SVN_FROM_RESOURCES = YES
               RESCHEDULE_INDEPENDENT_HEADERS_PHASES = YES
               REZ_COLLECTOR_DIR = /Users/otislewis/arena/build/ios/Pods.build/Release-iphonesimulator/abseil-xcprivacy.build/ResourceManagerResources
               REZ_OBJECTS_DIR = /Users/otislewis/arena/build/ios/Pods.build/Release-iphonesimulator/abseil-xcprivacy.build/ResourceManagerResources/Objects
               REZ_SEARCH_PATHS = /Users/otislewis/arena/build/ios/Release-iphonesimulator/abseil 
               SCAN_ALL_SOURCE_FILES_FOR_INCLUDES = NO
               SCRIPTS_FOLDER_PATH = xcprivacy.bundle/Scripts
               SDKROOT = /Applications/Xcode.app/Contents/Developer/Platforms/iPhoneSimulator.platform/Developer/SDKs/iPhoneSimulator18.4.sdk
               SDK_DIR = /Applications/Xcode.app/Contents/Developer/Platforms/iPhoneSimulator.platform/Developer/SDKs/iPhoneSimulator18.4.sdk
               SDK_DIR_iphonesimulator = /Applications/Xcode.app/Contents/Developer/Platforms/iPhoneSimulator.platform/Developer/SDKs/iPhoneSimulator18.4.sdk
               SDK_DIR_iphonesimulator18_4 = /Applications/Xcode.app/Contents/Developer/Platforms/iPhoneSimulator.platform/Developer/SDKs/iPhoneSimulator18.4.sdk
               SDK_NAME = iphonesimulator18.4
               SDK_NAMES = iphonesimulator18.4
               SDK_PRODUCT_BUILD_VERSION = 22E235
               SDK_STAT_CACHE_DIR = /var/folders/4y/xy3fflts0nqfk1tsxg0t3mmr0000gn/C/com.apple.DeveloperTools/16.3-16E140/Xcode
               SDK_STAT_CACHE_ENABLE = YES
               SDK_STAT_CACHE_PATH = /var/folders/4y/xy3fflts0nqfk1tsxg0t3mmr0000gn/C/com.apple.DeveloperTools/16.3-16E140/Xcode/SDKStatCaches.noindex/iphonesimulator18.4-22E235-71825a6d136aa4733edcbe86ece5525b.sdkstatcache
               SDK_VERSION = 18.4
               SDK_VERSION_ACTUAL = 180400
               SDK_VERSION_MAJOR = 180000
               SDK_VERSION_MINOR = 180400
               SED = /usr/bin/sed
               SEPARATE_STRIP = NO
               SEPARATE_SYMBOL_EDIT = NO
               SET_DIR_MODE_OWNER_GROUP = YES
               SET_FILE_MODE_OWNER_GROUP = NO
               SHALLOW_BUNDLE = YES
               SHALLOW_BUNDLE_TRIPLE = ios-simulator
               SHALLOW_BUNDLE_ios_macabi = NO
               SHALLOW_BUNDLE_macos = NO
               SHARED_DERIVED_FILE_DIR = /Users/otislewis/arena/build/ios/Release-iphonesimulator/abseil/DerivedSources
               SHARED_FRAMEWORKS_FOLDER_PATH = xcprivacy.bundle/SharedFrameworks
               SHARED_PRECOMPS_DIR = /Users/otislewis/arena/build/ios/SharedPrecompiledHeaders
               SHARED_SUPPORT_FOLDER_PATH = xcprivacy.bundle/SharedSupport
               SKIP_INSTALL = YES
               SOURCE_ROOT = /Users/otislewis/arena/ios/Pods
               SRCROOT = /Users/otislewis/arena/ios/Pods
               STRINGSDATA_DIR = /Users/otislewis/arena/build/ios/Pods.build/Release-iphonesimulator/abseil-xcprivacy.build/Objects-normal/undefined_arch
               STRINGSDATA_ROOT = /Users/otislewis/arena/build/ios/Pods.build/Release-iphonesimulator/abseil-xcprivacy.build
               STRINGS_FILE_INFOPLIST_RENAME = YES
               STRINGS_FILE_OUTPUT_ENCODING = binary
               STRIP_BITCODE_FROM_COPIED_FILES = NO
               STRIP_INSTALLED_PRODUCT = NO
               STRIP_STYLE = non-global
               STRIP_SWIFT_SYMBOLS = YES
               SUPPORTED_DEVICE_FAMILIES = 1,2
               SUPPORTED_PLATFORMS = iphoneos iphonesimulator
               SUPPORTS_TEXT_BASED_API = NO
               SUPPRESS_WARNINGS = NO
               SWIFT_COMPILATION_MODE = wholemodule
               SWIFT_EMIT_LOC_STRINGS = NO
               SWIFT_OPTIMIZATION_LEVEL = -O
               SWIFT_PLATFORM_TARGET_PREFIX = ios
               SWIFT_VERSION = 5.0
               SYMROOT = /Users/otislewis/arena/ios/build
               SYSTEM_ADMIN_APPS_DIR = /Applications/Utilities
               SYSTEM_APPS_DIR = /Applications
               SYSTEM_CORE_SERVICES_DIR = /System/Library/CoreServices
               SYSTEM_DEMOS_DIR = /Applications/Extras
               SYSTEM_DEVELOPER_APPS_DIR = /Applications/Xcode.app/Contents/Developer/Applications
               SYSTEM_DEVELOPER_BIN_DIR = /Applications/Xcode.app/Contents/Developer/usr/bin
               SYSTEM_DEVELOPER_DEMOS_DIR = /Applications/Xcode.app/Contents/Developer/Applications/Utilities/Built Examples
               SYSTEM_DEVELOPER_DIR = /Applications/Xcode.app/Contents/Developer
               SYSTEM_DEVELOPER_DOC_DIR = /Applications/Xcode.app/Contents/Developer/ADC Reference Library
               SYSTEM_DEVELOPER_GRAPHICS_TOOLS_DIR = /Applications/Xcode.app/Contents/Developer/Applications/Graphics Tools
               SYSTEM_DEVELOPER_JAVA_TOOLS_DIR = /Applications/Xcode.app/Contents/Developer/Applications/Java Tools
               SYSTEM_DEVELOPER_PERFORMANCE_TOOLS_DIR = /Applications/Xcode.app/Contents/Developer/Applications/Performance Tools
               SYSTEM_DEVELOPER_RELEASENOTES_DIR = /Applications/Xcode.app/Contents/Developer/ADC Reference Library/releasenotes
               SYSTEM_DEVELOPER_TOOLS = /Applications/Xcode.app/Contents/Developer/Tools
               SYSTEM_DEVELOPER_TOOLS_DOC_DIR = /Applications/Xcode.app/Contents/Developer/ADC Reference Library/documentation/DeveloperTools
               SYSTEM_DEVELOPER_TOOLS_RELEASENOTES_DIR = /Applications/Xcode.app/Contents/Developer/ADC Reference Library/releasenotes/DeveloperTools
               SYSTEM_DEVELOPER_USR_DIR = /Applications/Xcode.app/Contents/Developer/usr
               SYSTEM_DEVELOPER_UTILITIES_DIR = /Applications/Xcode.app/Contents/Developer/Applications/Utilities
               SYSTEM_DEXT_INSTALL_PATH = /System/Library/DriverExtensions
               SYSTEM_DOCUMENTATION_DIR = /Library/Documentation
               SYSTEM_EXTENSIONS_FOLDER_PATH = xcprivacy.bundle/SystemExtensions
               SYSTEM_EXTENSIONS_FOLDER_PATH_SHALLOW_BUNDLE_NO = xcprivacy.bundle/Library/SystemExtensions
               SYSTEM_EXTENSIONS_FOLDER_PATH_SHALLOW_BUNDLE_YES = xcprivacy.bundle/SystemExtensions
               SYSTEM_KEXT_INSTALL_PATH = /System/Library/Extensions
               SYSTEM_LIBRARY_DIR = /System/Library
               TAPI_DEMANGLE = YES
               TAPI_ENABLE_PROJECT_HEADERS = NO
               TAPI_LANGUAGE = objective-c
               TAPI_LANGUAGE_STANDARD = compiler-default
               TAPI_USE_SRCROOT = YES
               TAPI_VERIFY_MODE = Pedantic
               TARGETED_DEVICE_FAMILY = 1,2
               TARGETNAME = abseil-xcprivacy
               TARGET_BUILD_DIR = /Users/otislewis/arena/build/ios/Release-iphonesimulator/abseil
               TARGET_NAME = abseil-xcprivacy
               TARGET_TEMP_DIR = /Users/otislewis/arena/build/ios/Pods.build/Release-iphonesimulator/abseil-xcprivacy.build
               TEMP_DIR = /Users/otislewis/arena/build/ios/Pods.build/Release-iphonesimulator/abseil-xcprivacy.build
               TEMP_FILES_DIR = /Users/otislewis/arena/build/ios/Pods.build/Release-iphonesimulator/abseil-xcprivacy.build
               TEMP_FILE_DIR = /Users/otislewis/arena/build/ios/Pods.build/Release-iphonesimulator/abseil-xcprivacy.build
               TEMP_ROOT = /Users/otislewis/arena/build/ios
               TEMP_SANDBOX_DIR = /Users/otislewis/arena/build/ios/TemporaryTaskSandboxes
               TEST_FRAMEWORK_SEARCH_PATHS =  /Applications/Xcode.app/Contents/Developer/Platforms/iPhoneSimulator.platform/Developer/Library/Frameworks /Applications/Xcode.app/Contents/Developer/Platforms/iPhoneSimulator.platform/Developer/SDKs/iPhoneSimulator18.4.sdk/Developer/Library/Frameworks
               TEST_LIBRARY_SEARCH_PATHS =  /Applications/Xcode.app/Contents/Developer/Platforms/iPhoneSimulator.platform/Developer/usr/lib
               TOOLCHAINS = com.apple.dt.toolchain.XcodeDefault
               TOOLCHAIN_DIR = /Applications/Xcode.app/Contents/Developer/Toolchains/XcodeDefault.xctoolchain
               TREAT_MISSING_BASELINES_AS_TEST_FAILURES = NO
               TREAT_MISSING_SCRIPT_PHASE_OUTPUTS_AS_ERRORS = NO
               UID = 501
               UNINSTALLED_PRODUCTS_DIR = /Users/otislewis/arena/build/ios/UninstalledProducts
               UNLOCALIZED_RESOURCES_FOLDER_PATH = xcprivacy.bundle
               UNLOCALIZED_RESOURCES_FOLDER_PATH_SHALLOW_BUNDLE_NO = xcprivacy.bundle/Resources
               UNLOCALIZED_RESOURCES_FOLDER_PATH_SHALLOW_BUNDLE_YES = xcprivacy.bundle
               UNSTRIPPED_PRODUCT = NO
               USER = otislewis
               USER_APPS_DIR = /Users/otislewis/Applications
               USER_HEADER_SEARCH_PATHS =  "/Users/otislewis/arena/ios/Pods/abseil"
               USER_LIBRARY_DIR = /Users/otislewis/Library
               USE_DYNAMIC_NO_PIC = YES
               USE_HEADERMAP = NO
               USE_HEADER_SYMLINKS = NO
               USE_RECURSIVE_SCRIPT_INPUTS_IN_SCRIPT_PHASES = YES
               VALIDATE_DEVELOPMENT_ASSET_PATHS = YES_ERROR
               VALIDATE_PRODUCT = NO
               VALID_ARCHS = arm64
               VERBOSE_PBXCP = NO
               VERSIONPLIST_PATH = xcprivacy.bundle/version.plist
               VERSION_INFO_BUILDER = otislewis
               VERSION_INFO_FILE = xcprivacy_vers.c
               VERSION_INFO_STRING = "@(#)PROGRAM:xcprivacy  PROJECT:Pods-"
               WORKSPACE_DIR = /Users/otislewis/arena/ios/Pods/Pods.xcodeproj
               WRAPPER_EXTENSION = bundle
               WRAPPER_NAME = xcprivacy.bundle
               WRAPPER_SUFFIX = .bundle
               WRAP_ASSET_PACKS_IN_SEPARATE_DIRECTORIES = NO
               XCODE_APP_SUPPORT_DIR = /Applications/Xcode.app/Contents/Developer/Library/Xcode
               XCODE_PRODUCT_BUILD_VERSION = 16E140
               XCODE_VERSION_ACTUAL = 1630
               XCODE_VERSION_MAJOR = 1600
               XCODE_VERSION_MINOR = 1630
               XPCSERVICES_FOLDER_PATH = xcprivacy.bundle/XPCServices
               YACC = yacc
               _DISCOVER_COMMAND_LINE_LINKER_INPUTS = YES
               _DISCOVER_COMMAND_LINE_LINKER_INPUTS_INCLUDE_WL = YES
               _WRAPPER_CONTENTS_DIR_SHALLOW_BUNDLE_NO = /Contents
               _WRAPPER_PARENT_PATH_SHALLOW_BUNDLE_NO = /..
               _WRAPPER_RESOURCES_DIR_SHALLOW_BUNDLE_NO = /Resources
               __DIAGNOSE_DEPRECATED_ARCHS = YES
               arch = undefined_arch
               variant = normal

           Build settings for action build and target BoringSSL-GRPC:
               ACTION = build
               AD_HOC_CODE_SIGNING_ALLOWED = YES
               ALLOW_BUILD_REQUEST_OVERRIDES = NO
               ALLOW_TARGET_PLATFORM_SPECIALIZATION = NO
               ALTERNATE_GROUP = staff
               ALTERNATE_MODE = u+w,go-w,a+rX
               ALTERNATE_OWNER = otislewis
               ALTERNATIVE_DISTRIBUTION_WEB = NO
               ALWAYS_EMBED_SWIFT_STANDARD_LIBRARIES = NO
               ALWAYS_SEARCH_USER_PATHS = NO
               ALWAYS_USE_SEPARATE_HEADERMAPS = NO
               APPLICATION_EXTENSION_API_ONLY = NO
               APPLY_RULES_IN_COPY_FILES = NO
               APPLY_RULES_IN_COPY_HEADERS = NO
               APP_SHORTCUTS_ENABLE_FLEXIBLE_MATCHING = YES
               ARCHS_STANDARD = arm64 x86_64
               ARCHS_STANDARD_32_64_BIT = arm64 x86_64
               ARCHS_STANDARD_64_BIT = arm64 x86_64
               ARCHS_STANDARD_INCLUDING_64_BIT = arm64 x86_64
               ARCHS_UNIVERSAL_IPHONE_OS = arm64 x86_64
               AUTOMATICALLY_MERGE_DEPENDENCIES = NO
               AVAILABLE_PLATFORMS = android appletvos appletvsimulator driverkit iphoneos iphonesimulator macosx qnx watchos watchsimulator xros xrsimulator
               BITCODE_GENERATION_MODE = marker
               BUILD_ACTIVE_RESOURCES_ONLY = NO
               BUILD_COMPONENTS = headers build
               BUILD_DIR = /Users/otislewis/arena/build/ios
               BUILD_LIBRARY_FOR_DISTRIBUTION = NO
               BUILD_ROOT = /Users/otislewis/arena/ios/build
               BUILD_STYLE = 
               BUILD_VARIANTS = normal
               BUILT_PRODUCTS_DIR = /Users/otislewis/arena/build/ios/Release-iphonesimulator/BoringSSL-GRPC
               BUNDLE_CONTENTS_FOLDER_PATH_deep = Contents/
               BUNDLE_EXECUTABLE_FOLDER_NAME_deep = MacOS
               BUNDLE_EXTENSIONS_FOLDER_PATH = Extensions
               BUNDLE_FORMAT = shallow
               BUNDLE_FRAMEWORKS_FOLDER_PATH = Frameworks
               BUNDLE_PLUGINS_FOLDER_PATH = PlugIns
               BUNDLE_PRIVATE_HEADERS_FOLDER_PATH = PrivateHeaders
               BUNDLE_PUBLIC_HEADERS_FOLDER_PATH = Headers
               CACHE_ROOT = /var/folders/4y/xy3fflts0nqfk1tsxg0t3mmr0000gn/C/com.apple.DeveloperTools/16.3-16E140/Xcode
               CCHROOT = /var/folders/4y/xy3fflts0nqfk1tsxg0t3mmr0000gn/C/com.apple.DeveloperTools/16.3-16E140/Xcode
               CHMOD = /bin/chmod
               CHOWN = /usr/sbin/chown
               CLANG_ANALYZER_LOCALIZABILITY_NONLOCALIZED = YES
               CLANG_ANALYZER_NONNULL = YES
               CLANG_ANALYZER_NUMBER_OBJECT_CONVERSION = YES_AGGRESSIVE
               CLANG_CACHE_FINE_GRAINED_OUTPUTS = YES
               CLANG_CXX_LANGUAGE_STANDARD = gnu++14
               CLANG_CXX_LIBRARY = libc++
               CLANG_ENABLE_EXPLICIT_MODULES = YES
               CLANG_ENABLE_MODULES = YES
               CLANG_ENABLE_OBJC_ARC = YES
               CLANG_ENABLE_OBJC_WEAK = NO
               CLANG_MODULES_BUILD_SESSION_FILE = /var/folders/4y/xy3fflts0nqfk1tsxg0t3mmr0000gn/C/org.llvm.clang/ModuleCache.noindex/Session.modulevalidation
               CLANG_WARN_BLOCK_CAPTURE_AUTORELEASING = YES
               CLANG_WARN_BOOL_CONVERSION = YES
               CLANG_WARN_COMMA = YES
               CLANG_WARN_CONSTANT_CONVERSION = YES
               CLANG_WARN_DEPRECATED_OBJC_IMPLEMENTATIONS = YES
               CLANG_WARN_DIRECT_OBJC_ISA_USAGE = YES_ERROR
               CLANG_WARN_DOCUMENTATION_COMMENTS = YES
               CLANG_WARN_EMPTY_BODY = YES
               CLANG_WARN_ENUM_CONVERSION = YES
               CLANG_WARN_INFINITE_RECURSION = YES
               CLANG_WARN_INT_CONVERSION = YES
               CLANG_WARN_NON_LITERAL_NULL_CONVERSION = YES
               CLANG_WARN_OBJC_IMPLICIT_RETAIN_SELF = YES
               CLANG_WARN_OBJC_LITERAL_CONVERSION = YES
               CLANG_WARN_OBJC_ROOT_CLASS = YES_ERROR
               CLANG_WARN_QUOTED_INCLUDE_IN_FRAMEWORK_HEADER = NO
               CLANG_WARN_RANGE_LOOP_ANALYSIS = YES
               CLANG_WARN_STRICT_PROTOTYPES = YES
               CLANG_WARN_SUSPICIOUS_MOVE = YES
               CLANG_WARN_UNGUARDED_AVAILABILITY = YES_AGGRESSIVE
               CLANG_WARN_UNREACHABLE_CODE = YES
               CLANG_WARN__DUPLICATE_METHOD_MATCH = YES
               CLASS_FILE_DIR = /Users/otislewis/arena/build/ios/Pods.build/Release-iphonesimulator/BoringSSL-GRPC.build/JavaClasses
               CLEAN_PRECOMPS = YES
               CLONE_HEADERS = NO
               CODESIGNING_FOLDER_PATH = /Users/otislewis/arena/build/ios/Release-iphonesimulator/BoringSSL-GRPC/openssl_grpc.framework
               CODE_SIGNING_ALLOWED = YES
               CODE_SIGNING_REQUIRED = NO
               CODE_SIGNING_REQUIRES_TEAM = YES
               CODE_SIGN_CONTEXT_CLASS = XCiPhoneSimulatorCodeSignContext
               CODE_SIGN_IDENTITY = -
               CODE_SIGN_INJECT_BASE_ENTITLEMENTS = YES
               COLOR_DIAGNOSTICS = NO
               COMBINE_HIDPI_IMAGES = NO
               COMPILATION_CACHE_CAS_PATH = /var/folders/4y/xy3fflts0nqfk1tsxg0t3mmr0000gn/C/com.apple.DeveloperTools/16.3-16E140/Xcode/CompilationCache.noindex
               COMPILATION_CACHE_KEEP_CAS_DIRECTORY = YES
               COMPILER_INDEX_STORE_ENABLE = Default
               COMPOSITE_SDK_DIRS = /Users/otislewis/arena/build/ios/CompositeSDKs
               COMPRESS_PNG_FILES = YES
               CONFIGURATION = Release
               CONFIGURATION_BUILD_DIR = /Users/otislewis/arena/build/ios/Release-iphonesimulator/BoringSSL-GRPC
               CONFIGURATION_TEMP_DIR = /Users/otislewis/arena/build/ios/Pods.build/Release-iphonesimulator
               CONTENTS_FOLDER_PATH = openssl_grpc.framework
               CONTENTS_FOLDER_PATH_SHALLOW_BUNDLE_NO = openssl_grpc.framework/A
               CONTENTS_FOLDER_PATH_SHALLOW_BUNDLE_YES = openssl_grpc.framework
               COPYING_PRESERVES_HFS_DATA = NO
               COPY_HEADERS_RUN_UNIFDEF = NO
               COPY_PHASE_STRIP = NO
               CORRESPONDING_DEVICE_PLATFORM_DIR = /Applications/Xcode.app/Contents/Developer/Platforms/iPhoneOS.platform
               CORRESPONDING_DEVICE_PLATFORM_NAME = iphoneos
               CORRESPONDING_DEVICE_SDK_DIR = /Applications/Xcode.app/Contents/Developer/Platforms/iPhoneOS.platform/Developer/SDKs/iPhoneOS18.4.sdk
               CORRESPONDING_DEVICE_SDK_NAME = iphoneos18.4
               CP = /bin/cp
               CREATE_INFOPLIST_SECTION_IN_BINARY = NO
               CURRENT_ARCH = undefined_arch
               CURRENT_PROJECT_VERSION = 1
               CURRENT_VARIANT = normal
               CURRENT_VERSION = Current
               DEAD_CODE_STRIPPING = YES
               DEBUGGING_SYMBOLS = YES
               DEBUG_INFORMATION_FORMAT = dwarf-with-dsym
               DEBUG_INFORMATION_VERSION = compiler-default
               DEFAULT_COMPILER = com.apple.compilers.llvm.clang.1_0
               DEFAULT_DEXT_INSTALL_PATH = /System/Library/DriverExtensions
               DEFAULT_KEXT_INSTALL_PATH = /System/Library/Extensions
               DEFINES_MODULE = YES
               DEPLOYMENT_LOCATION = NO
               DEPLOYMENT_POSTPROCESSING = NO
               DEPLOYMENT_TARGET_SETTING_NAME = IPHONEOS_DEPLOYMENT_TARGET
               DEPLOYMENT_TARGET_SUGGESTED_VALUES = 12.0 12.1 12.2 12.3 12.4 13.0 13.1 13.2 13.3 13.4 13.5 13.6 14.0 14.1 14.2 14.3 14.4 14.5 14.6 14.7 15.0 15.1 15.2 15.3 15.4 15.5 15.6 16.0 16.1 16.2 16.3 16.4 16.5 16.6 17.0 17.1 17.2 17.3 17.4 17.5 17.6 18.0 18.1 18.2 18.3 18.4
               DERIVED_FILES_DIR = /Users/otislewis/arena/build/ios/Pods.build/Release-iphonesimulator/BoringSSL-GRPC.build/DerivedSources
               DERIVED_FILE_DIR = /Users/otislewis/arena/build/ios/Pods.build/Release-iphonesimulator/BoringSSL-GRPC.build/DerivedSources
               DERIVED_SOURCES_DIR = /Users/otislewis/arena/build/ios/Pods.build/Release-iphonesimulator/BoringSSL-GRPC.build/DerivedSources
               DEVELOPER_APPLICATIONS_DIR = /Applications/Xcode.app/Contents/Developer/Applications
               DEVELOPER_BIN_DIR = /Applications/Xcode.app/Contents/Developer/usr/bin
               DEVELOPER_DIR = /Applications/Xcode.app/Contents/Developer
               DEVELOPER_FRAMEWORKS_DIR = /Applications/Xcode.app/Contents/Developer/Library/Frameworks
               DEVELOPER_FRAMEWORKS_DIR_QUOTED = /Applications/Xcode.app/Contents/Developer/Library/Frameworks
               DEVELOPER_LIBRARY_DIR = /Applications/Xcode.app/Contents/Developer/Library
               DEVELOPER_SDK_DIR = /Applications/Xcode.app/Contents/Developer/Platforms/MacOSX.platform/Developer/SDKs
               DEVELOPER_TOOLS_DIR = /Applications/Xcode.app/Contents/Developer/Tools
               DEVELOPER_USR_DIR = /Applications/Xcode.app/Contents/Developer/usr
               DEVELOPMENT_LANGUAGE = en
               DIAGNOSE_MISSING_TARGET_DEPENDENCIES = YES
               DIFF = /usr/bin/diff
               DOCUMENTATION_FOLDER_PATH = openssl_grpc.framework/en.lproj/Documentation
               DONT_GENERATE_INFOPLIST_FILE = NO
               DSTROOT = /tmp/Pods.dst
               DT_TOOLCHAIN_DIR = /Applications/Xcode.app/Contents/Developer/Toolchains/XcodeDefault.xctoolchain
               DWARF_DSYM_FILE_NAME = openssl_grpc.framework.dSYM
               DWARF_DSYM_FILE_SHOULD_ACCOMPANY_PRODUCT = NO
               DWARF_DSYM_FOLDER_PATH = /Users/otislewis/arena/build/ios/Release-iphonesimulator/BoringSSL-GRPC
               DYLIB_COMPATIBILITY_VERSION = 1
               DYLIB_CURRENT_VERSION = 1
               DYLIB_INSTALL_NAME_BASE = @rpath
               DYNAMIC_LIBRARY_EXTENSION = dylib
               EAGER_COMPILATION_ALLOW_SCRIPTS = NO
               EAGER_LINKING = NO
               EFFECTIVE_PLATFORM_NAME = -iphonesimulator
               EMBEDDED_CONTENT_CONTAINS_SWIFT = NO
               EMBED_ASSET_PACKS_IN_PRODUCT_BUNDLE = NO
               ENABLE_APP_SANDBOX = NO
               ENABLE_BITCODE = NO
               ENABLE_CODE_COVERAGE = YES
               ENABLE_DEFAULT_HEADER_SEARCH_PATHS = YES
               ENABLE_DEFAULT_SEARCH_PATHS = YES
               ENABLE_HARDENED_RUNTIME = NO
               ENABLE_HEADER_DEPENDENCIES = YES
               ENABLE_INCOMING_NETWORK_CONNECTIONS = NO
               ENABLE_MODULE_VERIFIER = NO
               ENABLE_NS_ASSERTIONS = NO
               ENABLE_ON_DEMAND_RESOURCES = NO
               ENABLE_OUTGOING_NETWORK_CONNECTIONS = NO
               ENABLE_RESOURCE_ACCESS_AUDIO_INPUT = NO
               ENABLE_RESOURCE_ACCESS_BLUETOOTH = NO
               ENABLE_RESOURCE_ACCESS_CALENDARS = NO
               ENABLE_RESOURCE_ACCESS_CAMERA = NO
               ENABLE_RESOURCE_ACCESS_CONTACTS = NO
               ENABLE_RESOURCE_ACCESS_LOCATION = NO
               ENABLE_RESOURCE_ACCESS_PRINTING = NO
               ENABLE_RESOURCE_ACCESS_USB = NO
               ENABLE_SDK_IMPORTS = NO
               ENABLE_STRICT_OBJC_MSGSEND = YES
               ENABLE_TESTABILITY = NO
               ENABLE_TESTING_SEARCH_PATHS = NO
               ENABLE_USER_SCRIPT_SANDBOXING = NO
               ENFORCE_VALID_ARCHS = YES
               ENTITLEMENTS_DESTINATION = __entitlements
               ENTITLEMENTS_REQUIRED = NO
               EXCLUDED_ARCHS = arm64
               EXCLUDED_INSTALLSRC_SUBDIRECTORY_PATTERNS = .DS_Store .svn .git .hg CVS
               EXCLUDED_RECURSIVE_SEARCH_PATH_SUBDIRECTORIES = *.nib *.lproj *.framework *.gch *.xcode* *.xcassets (*) .DS_Store CVS .svn .git .hg *.pbproj *.pbxproj
               EXECUTABLES_FOLDER_PATH = openssl_grpc.framework/en.lproj
               EXECUTABLE_FOLDER_PATH = openssl_grpc.framework
               EXECUTABLE_FOLDER_PATH_SHALLOW_BUNDLE_NO = openssl_grpc.framework
               EXECUTABLE_FOLDER_PATH_SHALLOW_BUNDLE_YES = openssl_grpc.framework
               EXECUTABLE_NAME = openssl_grpc
               EXECUTABLE_PATH = openssl_grpc.framework/openssl_grpc
               EXTENSIONS_FOLDER_PATH = openssl_grpc.framework/Extensions
               FILE_LIST = /Users/otislewis/arena/build/ios/Pods.build/Release-iphonesimulator/BoringSSL-GRPC.build/Objects/LinkFileList
               FIXED_FILES_DIR = /Users/otislewis/arena/build/ios/Pods.build/Release-iphonesimulator/BoringSSL-GRPC.build/FixedFiles
               FRAMEWORKS_FOLDER_PATH = openssl_grpc.framework/Frameworks
               FRAMEWORK_FLAG_PREFIX = -framework
               FRAMEWORK_SEARCH_PATHS = /Users/otislewis/arena/build/ios/Release-iphonesimulator/BoringSSL-GRPC 
               FRAMEWORK_VERSION = A
               FULL_PRODUCT_NAME = openssl_grpc.framework
               FUSE_BUILD_PHASES = YES
               FUSE_BUILD_SCRIPT_PHASES = NO
               GCC3_VERSION = 3.3
               GCC_C_LANGUAGE_STANDARD = gnu11
               GCC_INLINES_ARE_PRIVATE_EXTERN = YES
               GCC_NO_COMMON_BLOCKS = YES
               GCC_OBJC_LEGACY_DISPATCH = YES
               GCC_PFE_FILE_C_DIALECTS = c objective-c c++ objective-c++
               GCC_PREFIX_HEADER = Target Support Files/BoringSSL-GRPC/BoringSSL-GRPC-prefix.pch
               GCC_PREPROCESSOR_DEFINITIONS = POD_CONFIGURATION_RELEASE=1  COCOAPODS=1
               GCC_TREAT_WARNINGS_AS_ERRORS = NO
               GCC_VERSION = com.apple.compilers.llvm.clang.1_0
               GCC_VERSION_IDENTIFIER = com_apple_compilers_llvm_clang_1_0
               GCC_WARN_64_TO_32_BIT_CONVERSION = YES
               GCC_WARN_ABOUT_RETURN_TYPE = YES_ERROR
               GCC_WARN_UNDECLARED_SELECTOR = YES
               GCC_WARN_UNINITIALIZED_AUTOS = YES_AGGRESSIVE
               GCC_WARN_UNUSED_FUNCTION = YES
               GCC_WARN_UNUSED_VARIABLE = YES
               GENERATED_MODULEMAP_DIR = /Users/otislewis/arena/build/ios/GeneratedModuleMaps-iphonesimulator
               GENERATE_INFOPLIST_FILE = NO
               GENERATE_INTERMEDIATE_TEXT_BASED_STUBS = YES
               GENERATE_MASTER_OBJECT_FILE = NO
               GENERATE_PKGINFO_FILE = NO
               GENERATE_PROFILING_CODE = NO
               GENERATE_TEXT_BASED_STUBS = NO
               GID = 20
               GROUP = staff
               HEADERMAP_INCLUDES_FLAT_ENTRIES_FOR_TARGET_BEING_BUILT = YES
               HEADERMAP_INCLUDES_FRAMEWORK_ENTRIES_FOR_ALL_PRODUCT_TYPES = YES
               HEADERMAP_INCLUDES_FRAMEWORK_ENTRIES_FOR_TARGETS_NOT_BEING_BUILT = YES
               HEADERMAP_INCLUDES_NONPUBLIC_NONPRIVATE_HEADERS = YES
               HEADERMAP_INCLUDES_PROJECT_HEADERS = YES
               HEADERMAP_USES_FRAMEWORK_PREFIX_ENTRIES = YES
               HEADERMAP_USES_VFS = YES
               HEADER_SEARCH_PATHS = /Users/otislewis/arena/build/ios/Release-iphonesimulator/BoringSSL-GRPC/include 
               HIDE_BITCODE_SYMBOLS = YES
               HOME = /Users/otislewis
               HOST_ARCH = arm64
               HOST_PLATFORM = macosx
               ICONV = /usr/bin/iconv
               IMPLICIT_DEPENDENCY_DOMAIN = default
               INFOPLIST_ENABLE_CFBUNDLEICONS_MERGE = YES
               INFOPLIST_EXPAND_BUILD_SETTINGS = YES
               INFOPLIST_FILE = Target Support Files/BoringSSL-GRPC/BoringSSL-GRPC-Info.plist
               INFOPLIST_OUTPUT_FORMAT = binary
               INFOPLIST_PATH = openssl_grpc.framework/Info.plist
               INFOPLIST_PREPROCESS = NO
               INFOSTRINGS_PATH = openssl_grpc.framework/en.lproj/InfoPlist.strings
               INLINE_PRIVATE_FRAMEWORKS = NO
               INSTALLAPI_IGNORE_SKIP_INSTALL = YES
               INSTALLHDRS_COPY_PHASE = NO
               INSTALLHDRS_SCRIPT_PHASE = NO
               INSTALL_DIR = /tmp/Pods.dst/Library/Frameworks
               INSTALL_GROUP = staff
               INSTALL_MODE_FLAG = u+w,go-w,a+rX
               INSTALL_OWNER = otislewis
               INSTALL_PATH = /Library/Frameworks
               INSTALL_ROOT = /tmp/Pods.dst
               IPHONEOS_DEPLOYMENT_TARGET = 13.0
               IS_UNOPTIMIZED_BUILD = NO
               JAVAC_DEFAULT_FLAGS = -J-Xms64m -J-XX:NewSize=4M -J-Dfile.encoding=UTF8
               JAVA_APP_STUB = /System/Library/Frameworks/JavaVM.framework/Resources/MacOS/JavaApplicationStub
               JAVA_ARCHIVE_CLASSES = YES
               JAVA_ARCHIVE_TYPE = JAR
               JAVA_COMPILER = /usr/bin/javac
               JAVA_FOLDER_PATH = openssl_grpc.framework/Java
               JAVA_FRAMEWORK_RESOURCES_DIRS = Resources
               JAVA_JAR_FLAGS = cv
               JAVA_SOURCE_SUBDIR = .
               JAVA_USE_DEPENDENCIES = YES
               JAVA_ZIP_FLAGS = -urg
               JIKES_DEFAULT_FLAGS = +E +OLDCSO
               KEEP_PRIVATE_EXTERNS = NO
               LD_DEPENDENCY_INFO_FILE = /Users/otislewis/arena/build/ios/Pods.build/Release-iphonesimulator/BoringSSL-GRPC.build/Objects-normal/undefined_arch/openssl_grpc_dependency_info.dat
               LD_DYLIB_INSTALL_NAME = @rpath/openssl_grpc.framework/openssl_grpc
               LD_EXPORT_SYMBOLS = YES
               LD_GENERATE_MAP_FILE = NO
               LD_MAP_FILE_PATH = /Users/otislewis/arena/build/ios/Pods.build/Release-iphonesimulator/BoringSSL-GRPC.build/openssl_grpc-LinkMap-normal-undefined_arch.txt
               LD_NO_PIE = NO
               LD_QUOTE_LINKER_ARGUMENTS_FOR_COMPILER_DRIVER = YES
               LD_RUNPATH_SEARCH_PATHS =  @executable_path/Frameworks @loader_path/Frameworks
               LD_SHARED_CACHE_ELIGIBLE = Automatic
               LD_WARN_DUPLICATE_LIBRARIES = NO
               LD_WARN_UNUSED_DYLIBS = NO
               LEGACY_DEVELOPER_DIR = /Applications/Xcode.app/Contents/PlugIns/Xcode3Core.ideplugin/Contents/SharedSupport/Developer
               LEX = lex
               LIBRARY_DEXT_INSTALL_PATH = /Library/DriverExtensions
               LIBRARY_FLAG_NOSPACE = YES
               LIBRARY_FLAG_PREFIX = -l
               LIBRARY_KEXT_INSTALL_PATH = /Library/Extensions
               LIBRARY_SEARCH_PATHS = /Users/otislewis/arena/build/ios/Release-iphonesimulator/BoringSSL-GRPC 
               LINKER_DISPLAYS_MANGLED_NAMES = NO
               LINK_OBJC_RUNTIME = YES
               LINK_WITH_STANDARD_LIBRARIES = YES
               LLVM_TARGET_TRIPLE_OS_VERSION = ios13.0
               LLVM_TARGET_TRIPLE_SUFFIX = -simulator
               LLVM_TARGET_TRIPLE_VENDOR = apple
               LOCALIZATION_EXPORT_SUPPORTED = YES
               LOCALIZATION_PREFERS_STRING_CATALOGS = NO
               LOCALIZED_RESOURCES_FOLDER_PATH = openssl_grpc.framework/en.lproj
               LOCALIZED_STRING_MACRO_NAMES = NSLocalizedString CFCopyLocalizedString
               LOCALIZED_STRING_SWIFTUI_SUPPORT = YES
               LOCAL_ADMIN_APPS_DIR = /Applications/Utilities
               LOCAL_APPS_DIR = /Applications
               LOCAL_DEVELOPER_DIR = /Library/Developer
               LOCAL_LIBRARY_DIR = /Library
               LOCROOT = /Users/otislewis/arena/ios/Pods
               LOCSYMROOT = /Users/otislewis/arena/ios/Pods
               MACH_O_TYPE = mh_dylib
               MAC_OS_X_PRODUCT_BUILD_VERSION = 24F74
               MAC_OS_X_VERSION_ACTUAL = 150500
               MAC_OS_X_VERSION_MAJOR = 150000
               MAC_OS_X_VERSION_MINOR = 150500
               MAKE_MERGEABLE = NO
               MERGEABLE_LIBRARY = NO
               MERGED_BINARY_TYPE = none
               MERGE_LINKED_LIBRARIES = NO
               METAL_LIBRARY_FILE_BASE = default
               METAL_LIBRARY_OUTPUT_DIR = /Users/otislewis/arena/build/ios/Release-iphonesimulator/BoringSSL-GRPC/openssl_grpc.framework
               MODULEMAP_FILE = Target Support Files/BoringSSL-GRPC/BoringSSL-GRPC.modulemap
               MODULES_FOLDER_PATH = openssl_grpc.framework/Modules
               MTL_ENABLE_DEBUG_INFO = NO
               MTL_FAST_MATH = YES
               NATIVE_ARCH = arm64
               NATIVE_ARCH_32_BIT = arm
               NATIVE_ARCH_64_BIT = arm64
               NATIVE_ARCH_ACTUAL = arm64
               NO_COMMON = YES
               OBJC_ABI_VERSION = 2
               OBJECT_FILE_DIR = /Users/otislewis/arena/build/ios/Pods.build/Release-iphonesimulator/BoringSSL-GRPC.build/Objects
               OBJECT_FILE_DIR_normal = /Users/otislewis/arena/build/ios/Pods.build/Release-iphonesimulator/BoringSSL-GRPC.build/Objects-normal
               OBJROOT = /Users/otislewis/arena/build/ios
               ONLY_ACTIVE_ARCH = NO
               OS = MACOS
               OSAC = /usr/bin/osacompile
               PACKAGE_TYPE = com.apple.package-type.wrapper.framework
               PASCAL_STRINGS = YES
               PATH = /Applications/Xcode.app/Contents/SharedFrameworks/SwiftBuild.framework/Versions/A/PlugIns/SWBBuildService.bundle/Contents/PlugIns/SWBUniversalPlatformPlugin.bundle/Contents/Frameworks/SWBUniversalPlatform.framework/Resources:/Applications/Xcode.app/Contents/Developer/Toolchains/XcodeDefault.xctoolchain/usr/bin:/Applications/Xcode.app/Contents/Developer/Toolchains/XcodeDefault.xctoolchain/usr/local/bin:/Applications/Xcode.app/Contents/Developer/Toolchains/XcodeDefault.xctoolchain/usr/libexec:/Applications/Xcode.app/Contents/Developer/Platforms/iPhoneSimulator.platform/usr/bin:/Applications/Xcode.app/Contents/Developer/Platforms/iPhoneSimulator.platform/usr/local/bin:/Applications/Xcode.app/Contents/Developer/Platforms/iPhoneSimulator.platform/Developer/usr/bin:/Applications/Xcode.app/Contents/Developer/Platforms/iPhoneSimulator.platform/Developer/usr/local/bin:/Applications/Xcode.app/Contents/Developer/usr/bin:/Applications/Xcode.app/Contents/Developer/usr/local/bin:/Users/otislewis/.gem/ruby/3.3.0/bin:/opt/homebrew/bin:/opt/homebrew/sbin:/usr/local/bin:/System/Cryptexes/App/usr/bin:/usr/bin:/bin:/usr/sbin:/sbin:/var/run/com.apple.security.cryptexd/codex.system/bootstrap/usr/local/bin:/var/run/com.apple.security.cryptexd/codex.system/bootstrap/usr/bin:/var/run/com.apple.security.cryptexd/codex.system/bootstrap/usr/appleinternal/bin:/Library/Apple/usr/bin:/opt/homebrew/Caskroom/flutter/3.32.0/flutter/bin:/Users/otislewis/Library/Android/sdk/emulator:/Users/otislewis/Library/Android/sdk/tools:/Users/otislewis/Library/Android/sdk/tools/bin:/Users/otislewis/Library/Android/sdk/platform-tools:/opt/homebrew/Caskroom/flutter/3.32.0/flutter/bin/cache/dart-sdk/bin
               PATH_PREFIXES_EXCLUDED_FROM_HEADER_DEPENDENCIES = /usr/include /usr/local/include /System/Library/Frameworks /System/Library/PrivateFrameworks /Applications/Xcode.app/Contents/Developer/Headers /Applications/Xcode.app/Contents/Developer/SDKs /Applications/Xcode.app/Contents/Developer/Platforms
               PBDEVELOPMENTPLIST_PATH = openssl_grpc.framework/pbdevelopment.plist
               PER_ARCH_MODULE_FILE_DIR = /Users/otislewis/arena/build/ios/Pods.build/Release-iphonesimulator/BoringSSL-GRPC.build/Objects-normal/undefined_arch
               PER_ARCH_OBJECT_FILE_DIR = /Users/otislewis/arena/build/ios/Pods.build/Release-iphonesimulator/BoringSSL-GRPC.build/Objects-normal/undefined_arch
               PER_VARIANT_OBJECT_FILE_DIR = /Users/otislewis/arena/build/ios/Pods.build/Release-iphonesimulator/BoringSSL-GRPC.build/Objects-normal
               PKGINFO_FILE_PATH = /Users/otislewis/arena/build/ios/Pods.build/Release-iphonesimulator/BoringSSL-GRPC.build/PkgInfo
               PKGINFO_PATH = openssl_grpc.framework/PkgInfo
               PLATFORM_DEVELOPER_APPLICATIONS_DIR = /Applications/Xcode.app/Contents/Developer/Platforms/iPhoneSimulator.platform/Developer/Applications
               PLATFORM_DEVELOPER_BIN_DIR = /Applications/Xcode.app/Contents/Developer/Platforms/iPhoneSimulator.platform/Developer/usr/bin
               PLATFORM_DEVELOPER_LIBRARY_DIR = /Applications/Xcode.app/Contents/Developer/Platforms/iPhoneSimulator.platform/Developer/Library
               PLATFORM_DEVELOPER_SDK_DIR = /Applications/Xcode.app/Contents/Developer/Platforms/iPhoneSimulator.platform/Developer/SDKs
               PLATFORM_DEVELOPER_TOOLS_DIR = /Applications/Xcode.app/Contents/Developer/Platforms/iPhoneSimulator.platform/Developer/Tools
               PLATFORM_DEVELOPER_USR_DIR = /Applications/Xcode.app/Contents/Developer/Platforms/iPhoneSimulator.platform/Developer/usr
               PLATFORM_DIR = /Applications/Xcode.app/Contents/Developer/Platforms/iPhoneSimulator.platform
               PLATFORM_DISPLAY_NAME = iOS Simulator
               PLATFORM_FAMILY_NAME = iOS
               PLATFORM_NAME = iphonesimulator
               PLATFORM_PREFERRED_ARCH = x86_64
               PLATFORM_PRODUCT_BUILD_VERSION = 22E235
               PLATFORM_REQUIRES_SWIFT_AUTOLINK_EXTRACT = NO
               PLATFORM_REQUIRES_SWIFT_MODULEWRAP = NO
               PLIST_FILE_OUTPUT_FORMAT = binary
               PLUGINS_FOLDER_PATH = openssl_grpc.framework/PlugIns
               PODS_BUILD_DIR = /Users/otislewis/arena/build/ios
               PODS_CONFIGURATION_BUILD_DIR = /Users/otislewis/arena/build/ios/Release-iphonesimulator
               PODS_DEVELOPMENT_LANGUAGE = en
               PODS_ROOT = /Users/otislewis/arena/ios/Pods
               PODS_TARGET_SRCROOT = /Users/otislewis/arena/ios/Pods/BoringSSL-GRPC
               PODS_XCFRAMEWORKS_BUILD_DIR = /Users/otislewis/arena/build/ios/Release-iphonesimulator/XCFrameworkIntermediates
               PRECOMPS_INCLUDE_HEADERS_FROM_BUILT_PRODUCTS_DIR = YES
               PRECOMP_DESTINATION_DIR = /Users/otislewis/arena/build/ios/Pods.build/Release-iphonesimulator/BoringSSL-GRPC.build/PrefixHeaders
               PRIVATE_HEADERS_FOLDER_PATH = openssl_grpc.framework/PrivateHeaders
               PROCESSED_INFOPLIST_PATH = /Users/otislewis/arena/build/ios/Pods.build/Release-iphonesimulator/BoringSSL-GRPC.build/Objects-normal/undefined_arch/Processed-Info.plist
               PRODUCT_BUNDLE_IDENTIFIER = org.cocoapods.openssl-grpc
               PRODUCT_BUNDLE_PACKAGE_TYPE = FMWK
               PRODUCT_MODULE_NAME = openssl_grpc
               PRODUCT_NAME = openssl_grpc
               PRODUCT_SETTINGS_PATH = /Users/otislewis/arena/ios/Pods/Target Support Files/BoringSSL-GRPC/BoringSSL-GRPC-Info.plist
               PRODUCT_TYPE = com.apple.product-type.framework
               PROFILING_CODE = NO
               PROJECT = Pods
               PROJECT_DERIVED_FILE_DIR = /Users/otislewis/arena/build/ios/Pods.build/DerivedSources
               PROJECT_DIR = /Users/otislewis/arena/ios/Pods
               PROJECT_FILE_PATH = /Users/otislewis/arena/ios/Pods/Pods.xcodeproj
               PROJECT_GUID = bfdfe7dc352907fc980b868725387e98
               PROJECT_NAME = Pods
               PROJECT_TEMP_DIR = /Users/otislewis/arena/build/ios/Pods.build
               PROJECT_TEMP_ROOT = /Users/otislewis/arena/build/ios
               PUBLIC_HEADERS_FOLDER_PATH = openssl_grpc.framework/Headers
               RECOMMENDED_IPHONEOS_DEPLOYMENT_TARGET = 15.0
               RECURSIVE_SEARCH_PATHS_FOLLOW_SYMLINKS = YES
               REMOVE_CVS_FROM_RESOURCES = YES
               REMOVE_GIT_FROM_RESOURCES = YES
               REMOVE_HEADERS_FROM_EMBEDDED_BUNDLES = YES
               REMOVE_HG_FROM_RESOURCES = YES
               REMOVE_STATIC_EXECUTABLES_FROM_EMBEDDED_BUNDLES = YES
               REMOVE_SVN_FROM_RESOURCES = YES
               RESCHEDULE_INDEPENDENT_HEADERS_PHASES = YES
               REZ_COLLECTOR_DIR = /Users/otislewis/arena/build/ios/Pods.build/Release-iphonesimulator/BoringSSL-GRPC.build/ResourceManagerResources
               REZ_OBJECTS_DIR = /Users/otislewis/arena/build/ios/Pods.build/Release-iphonesimulator/BoringSSL-GRPC.build/ResourceManagerResources/Objects
               REZ_SEARCH_PATHS = /Users/otislewis/arena/build/ios/Release-iphonesimulator/BoringSSL-GRPC 
               SCAN_ALL_SOURCE_FILES_FOR_INCLUDES = NO
               SCRIPTS_FOLDER_PATH = openssl_grpc.framework/Scripts
               SDKROOT = /Applications/Xcode.app/Contents/Developer/Platforms/iPhoneSimulator.platform/Developer/SDKs/iPhoneSimulator18.4.sdk
               SDK_DIR = /Applications/Xcode.app/Contents/Developer/Platforms/iPhoneSimulator.platform/Developer/SDKs/iPhoneSimulator18.4.sdk
               SDK_DIR_iphonesimulator = /Applications/Xcode.app/Contents/Developer/Platforms/iPhoneSimulator.platform/Developer/SDKs/iPhoneSimulator18.4.sdk
               SDK_DIR_iphonesimulator18_4 = /Applications/Xcode.app/Contents/Developer/Platforms/iPhoneSimulator.platform/Developer/SDKs/iPhoneSimulator18.4.sdk
               SDK_NAME = iphonesimulator18.4
               SDK_NAMES = iphonesimulator18.4
               SDK_PRODUCT_BUILD_VERSION = 22E235
               SDK_STAT_CACHE_DIR = /var/folders/4y/xy3fflts0nqfk1tsxg0t3mmr0000gn/C/com.apple.DeveloperTools/16.3-16E140/Xcode
               SDK_STAT_CACHE_ENABLE = YES
               SDK_STAT_CACHE_PATH = /var/folders/4y/xy3fflts0nqfk1tsxg0t3mmr0000gn/C/com.apple.DeveloperTools/16.3-16E140/Xcode/SDKStatCaches.noindex/iphonesimulator18.4-22E235-71825a6d136aa4733edcbe86ece5525b.sdkstatcache
               SDK_VERSION = 18.4
               SDK_VERSION_ACTUAL = 180400
               SDK_VERSION_MAJOR = 180000
               SDK_VERSION_MINOR = 180400
               SED = /usr/bin/sed
               SEPARATE_STRIP = NO
               SEPARATE_SYMBOL_EDIT = NO
               SET_DIR_MODE_OWNER_GROUP = YES
               SET_FILE_MODE_OWNER_GROUP = NO
               SHALLOW_BUNDLE = YES
               SHALLOW_BUNDLE_TRIPLE = ios-simulator
               SHALLOW_BUNDLE_ios_macabi = NO
               SHALLOW_BUNDLE_macos = NO
               SHARED_DERIVED_FILE_DIR = /Users/otislewis/arena/build/ios/Release-iphonesimulator/BoringSSL-GRPC/DerivedSources
               SHARED_FRAMEWORKS_FOLDER_PATH = openssl_grpc.framework/SharedFrameworks
               SHARED_PRECOMPS_DIR = /Users/otislewis/arena/build/ios/SharedPrecompiledHeaders
               SHARED_SUPPORT_FOLDER_PATH = openssl_grpc.framework
               SKIP_INSTALL = YES
               SOURCE_ROOT = /Users/otislewis/arena/ios/Pods
               SRCROOT = /Users/otislewis/arena/ios/Pods
               STRINGSDATA_DIR = /Users/otislewis/arena/build/ios/Pods.build/Release-iphonesimulator/BoringSSL-GRPC.build/Objects-normal/undefined_arch
               STRINGSDATA_ROOT = /Users/otislewis/arena/build/ios/Pods.build/Release-iphonesimulator/BoringSSL-GRPC.build
               STRINGS_FILE_INFOPLIST_RENAME = YES
               STRINGS_FILE_OUTPUT_ENCODING = binary
               STRIP_BITCODE_FROM_COPIED_FILES = NO
               STRIP_INSTALLED_PRODUCT = NO
               STRIP_STYLE = debugging
               STRIP_SWIFT_SYMBOLS = YES
               SUPPORTED_DEVICE_FAMILIES = 1,2
               SUPPORTED_PLATFORMS = iphoneos iphonesimulator
               SUPPORTS_TEXT_BASED_API = NO
               SUPPRESS_WARNINGS = NO
               SWIFT_ACTIVE_COMPILATION_CONDITIONS =  
               SWIFT_COMPILATION_MODE = wholemodule
               SWIFT_EMIT_LOC_STRINGS = NO
               SWIFT_INSTALL_MODULE_FOR_DEPLOYMENT = YES
               SWIFT_INSTALL_OBJC_HEADER = YES
               SWIFT_OPTIMIZATION_LEVEL = -O
               SWIFT_PLATFORM_TARGET_PREFIX = ios
               SWIFT_VERSION = 5.0
               SYMROOT = /Users/otislewis/arena/ios/build
               SYSTEM_ADMIN_APPS_DIR = /Applications/Utilities
               SYSTEM_APPS_DIR = /Applications
               SYSTEM_CORE_SERVICES_DIR = /System/Library/CoreServices
               SYSTEM_DEMOS_DIR = /Applications/Extras
               SYSTEM_DEVELOPER_APPS_DIR = /Applications/Xcode.app/Contents/Developer/Applications
               SYSTEM_DEVELOPER_BIN_DIR = /Applications/Xcode.app/Contents/Developer/usr/bin
               SYSTEM_DEVELOPER_DEMOS_DIR = /Applications/Xcode.app/Contents/Developer/Applications/Utilities/Built Examples
               SYSTEM_DEVELOPER_DIR = /Applications/Xcode.app/Contents/Developer
               SYSTEM_DEVELOPER_DOC_DIR = /Applications/Xcode.app/Contents/Developer/ADC Reference Library
               SYSTEM_DEVELOPER_GRAPHICS_TOOLS_DIR = /Applications/Xcode.app/Contents/Developer/Applications/Graphics Tools
               SYSTEM_DEVELOPER_JAVA_TOOLS_DIR = /Applications/Xcode.app/Contents/Developer/Applications/Java Tools
               SYSTEM_DEVELOPER_PERFORMANCE_TOOLS_DIR = /Applications/Xcode.app/Contents/Developer/Applications/Performance Tools
               SYSTEM_DEVELOPER_RELEASENOTES_DIR = /Applications/Xcode.app/Contents/Developer/ADC Reference Library/releasenotes
               SYSTEM_DEVELOPER_TOOLS = /Applications/Xcode.app/Contents/Developer/Tools
               SYSTEM_DEVELOPER_TOOLS_DOC_DIR = /Applications/Xcode.app/Contents/Developer/ADC Reference Library/documentation/DeveloperTools
               SYSTEM_DEVELOPER_TOOLS_RELEASENOTES_DIR = /Applications/Xcode.app/Contents/Developer/ADC Reference Library/releasenotes/DeveloperTools
               SYSTEM_DEVELOPER_USR_DIR = /Applications/Xcode.app/Contents/Developer/usr
               SYSTEM_DEVELOPER_UTILITIES_DIR = /Applications/Xcode.app/Contents/Developer/Applications/Utilities
               SYSTEM_DEXT_INSTALL_PATH = /System/Library/DriverExtensions
               SYSTEM_DOCUMENTATION_DIR = /Library/Documentation
               SYSTEM_EXTENSIONS_FOLDER_PATH = openssl_grpc.framework/SystemExtensions
               SYSTEM_EXTENSIONS_FOLDER_PATH_SHALLOW_BUNDLE_NO = openssl_grpc.framework/Library/SystemExtensions
               SYSTEM_EXTENSIONS_FOLDER_PATH_SHALLOW_BUNDLE_YES = openssl_grpc.framework/SystemExtensions
               SYSTEM_KEXT_INSTALL_PATH = /System/Library/Extensions
               SYSTEM_LIBRARY_DIR = /System/Library
               TAPI_DEMANGLE = YES
               TAPI_ENABLE_PROJECT_HEADERS = NO
               TAPI_LANGUAGE = objective-c
               TAPI_LANGUAGE_STANDARD = compiler-default
               TAPI_USE_SRCROOT = YES
               TAPI_VERIFY_MODE = Pedantic
               TARGETED_DEVICE_FAMILY = 1,2
               TARGETNAME = BoringSSL-GRPC
               TARGET_BUILD_DIR = /Users/otislewis/arena/build/ios/Release-iphonesimulator/BoringSSL-GRPC
               TARGET_NAME = BoringSSL-GRPC
               TARGET_TEMP_DIR = /Users/otislewis/arena/build/ios/Pods.build/Release-iphonesimulator/BoringSSL-GRPC.build
               TEMP_DIR = /Users/otislewis/arena/build/ios/Pods.build/Release-iphonesimulator/BoringSSL-GRPC.build
               TEMP_FILES_DIR = /Users/otislewis/arena/build/ios/Pods.build/Release-iphonesimulator/BoringSSL-GRPC.build
               TEMP_FILE_DIR = /Users/otislewis/arena/build/ios/Pods.build/Release-iphonesimulator/BoringSSL-GRPC.build
               TEMP_ROOT = /Users/otislewis/arena/build/ios
               TEMP_SANDBOX_DIR = /Users/otislewis/arena/build/ios/TemporaryTaskSandboxes
               TEST_FRAMEWORK_SEARCH_PATHS =  /Applications/Xcode.app/Contents/Developer/Platforms/iPhoneSimulator.platform/Developer/Library/Frameworks /Applications/Xcode.app/Contents/Developer/Platforms/iPhoneSimulator.platform/Developer/SDKs/iPhoneSimulator18.4.sdk/Developer/Library/Frameworks
               TEST_LIBRARY_SEARCH_PATHS =  /Applications/Xcode.app/Contents/Developer/Platforms/iPhoneSimulator.platform/Developer/usr/lib
               TOOLCHAINS = com.apple.dt.toolchain.XcodeDefault
               TOOLCHAIN_DIR = /Applications/Xcode.app/Contents/Developer/Toolchains/XcodeDefault.xctoolchain
               TREAT_MISSING_BASELINES_AS_TEST_FAILURES = NO
               TREAT_MISSING_SCRIPT_PHASE_OUTPUTS_AS_ERRORS = NO
               UID = 501
               UNINSTALLED_PRODUCTS_DIR = /Users/otislewis/arena/build/ios/UninstalledProducts
               UNLOCALIZED_RESOURCES_FOLDER_PATH = openssl_grpc.framework
               UNLOCALIZED_RESOURCES_FOLDER_PATH_SHALLOW_BUNDLE_NO = openssl_grpc.framework/Resources
               UNLOCALIZED_RESOURCES_FOLDER_PATH_SHALLOW_BUNDLE_YES = openssl_grpc.framework
               UNSTRIPPED_PRODUCT = NO
               USER = otislewis
               USER_APPS_DIR = /Users/otislewis/Applications
               USER_LIBRARY_DIR = /Users/otislewis/Library
               USE_DYNAMIC_NO_PIC = YES
               USE_HEADERMAP = NO
               USE_HEADER_SYMLINKS = NO
               USE_RECURSIVE_SCRIPT_INPUTS_IN_SCRIPT_PHASES = YES
               VALIDATE_DEVELOPMENT_ASSET_PATHS = YES_ERROR
               VALIDATE_PRODUCT = YES
               VALID_ARCHS = arm64
               VERBOSE_PBXCP = NO
               VERSIONING_SYSTEM = apple-generic
               VERSIONPLIST_PATH = openssl_grpc.framework/version.plist
               VERSIONS_FOLDER_PATH = openssl_grpc.framework
               VERSIONS_FOLDER_PATH_SHALLOW_BUNDLE_NO = openssl_grpc.framework/Versions
               VERSIONS_FOLDER_PATH_SHALLOW_BUNDLE_YES = openssl_grpc.framework
               VERSION_INFO_BUILDER = otislewis
               VERSION_INFO_FILE = openssl_grpc_vers.c
               VERSION_INFO_STRING = "@(#)PROGRAM:openssl_grpc  PROJECT:Pods-1"
               WORKSPACE_DIR = /Users/otislewis/arena/ios/Pods/Pods.xcodeproj
               WRAPPER_EXTENSION = framework
               WRAPPER_NAME = openssl_grpc.framework
               WRAPPER_SUFFIX = .framework
               WRAP_ASSET_PACKS_IN_SEPARATE_DIRECTORIES = NO
               XCODE_APP_SUPPORT_DIR = /Applications/Xcode.app/Contents/Developer/Library/Xcode
               XCODE_PRODUCT_BUILD_VERSION = 16E140
               XCODE_VERSION_ACTUAL = 1630
               XCODE_VERSION_MAJOR = 1600
               XCODE_VERSION_MINOR = 1630
               XPCSERVICES_FOLDER_PATH = openssl_grpc.framework/XPCServices
               YACC = yacc
               _DISCOVER_COMMAND_LINE_LINKER_INPUTS = YES
               _DISCOVER_COMMAND_LINE_LINKER_INPUTS_INCLUDE_WL = YES
               _WRAPPER_CONTENTS_DIR_SHALLOW_BUNDLE_NO = /Contents
               _WRAPPER_PARENT_PATH_SHALLOW_BUNDLE_NO = /..
               _WRAPPER_RESOURCES_DIR_SHALLOW_BUNDLE_NO = /Resources
               __DIAGNOSE_DEPRECATED_ARCHS = YES
               arch = undefined_arch
               variant = normal

           Build settings for action build and target BoringSSL-GRPC-openssl_grpc:
               ACTION = build
               AD_HOC_CODE_SIGNING_ALLOWED = YES
               ALLOW_BUILD_REQUEST_OVERRIDES = NO
               ALLOW_TARGET_PLATFORM_SPECIALIZATION = NO
               ALTERNATE_GROUP = staff
               ALTERNATE_MODE = u+w,go-w,a+rX
               ALTERNATE_OWNER = otislewis
               ALTERNATIVE_DISTRIBUTION_WEB = NO
               ALWAYS_EMBED_SWIFT_STANDARD_LIBRARIES = NO
               ALWAYS_SEARCH_USER_PATHS = NO
               ALWAYS_USE_SEPARATE_HEADERMAPS = NO
               APPLICATION_EXTENSION_API_ONLY = NO
               APPLY_RULES_IN_COPY_FILES = NO
               APPLY_RULES_IN_COPY_HEADERS = NO
               APP_SHORTCUTS_ENABLE_FLEXIBLE_MATCHING = YES
               ARCHS_STANDARD = arm64 x86_64
               ARCHS_STANDARD_32_64_BIT = arm64 x86_64
               ARCHS_STANDARD_64_BIT = arm64 x86_64
               ARCHS_STANDARD_INCLUDING_64_BIT = arm64 x86_64
               ARCHS_UNIVERSAL_IPHONE_OS = arm64 x86_64
               AUTOMATICALLY_MERGE_DEPENDENCIES = NO
               AVAILABLE_PLATFORMS = android appletvos appletvsimulator driverkit iphoneos iphonesimulator macosx qnx watchos watchsimulator xros xrsimulator
               BITCODE_GENERATION_MODE = marker
               BUILD_ACTIVE_RESOURCES_ONLY = NO
               BUILD_COMPONENTS = headers build
               BUILD_DIR = /Users/otislewis/arena/build/ios
               BUILD_LIBRARY_FOR_DISTRIBUTION = NO
               BUILD_ROOT = /Users/otislewis/arena/ios/build
               BUILD_STYLE = 
               BUILD_VARIANTS = normal
               BUILT_PRODUCTS_DIR = /Users/otislewis/arena/build/ios/Release-iphonesimulator/BoringSSL-GRPC
               BUNDLE_CONTENTS_FOLDER_PATH_deep = Contents/
               BUNDLE_EXECUTABLE_FOLDER_NAME_deep = MacOS
               BUNDLE_EXTENSIONS_FOLDER_PATH = Extensions
               BUNDLE_FORMAT = shallow
               BUNDLE_FRAMEWORKS_FOLDER_PATH = Frameworks
               BUNDLE_PLUGINS_FOLDER_PATH = PlugIns
               BUNDLE_PRIVATE_HEADERS_FOLDER_PATH = PrivateHeaders
               BUNDLE_PUBLIC_HEADERS_FOLDER_PATH = Headers
               CACHE_ROOT = /var/folders/4y/xy3fflts0nqfk1tsxg0t3mmr0000gn/C/com.apple.DeveloperTools/16.3-16E140/Xcode
               CCHROOT = /var/folders/4y/xy3fflts0nqfk1tsxg0t3mmr0000gn/C/com.apple.DeveloperTools/16.3-16E140/Xcode
               CHMOD = /bin/chmod
               CHOWN = /usr/sbin/chown
               CLANG_ANALYZER_LOCALIZABILITY_NONLOCALIZED = YES
               CLANG_ANALYZER_NONNULL = YES
               CLANG_ANALYZER_NUMBER_OBJECT_CONVERSION = YES_AGGRESSIVE
               CLANG_CACHE_FINE_GRAINED_OUTPUTS = YES
               CLANG_CXX_LANGUAGE_STANDARD = gnu++14
               CLANG_CXX_LIBRARY = libc++
               CLANG_ENABLE_EXPLICIT_MODULES = YES
               CLANG_ENABLE_MODULES = YES
               CLANG_ENABLE_OBJC_ARC = YES
               CLANG_ENABLE_OBJC_WEAK = YES
               CLANG_MODULES_BUILD_SESSION_FILE = /var/folders/4y/xy3fflts0nqfk1tsxg0t3mmr0000gn/C/org.llvm.clang/ModuleCache.noindex/Session.modulevalidation
               CLANG_WARN_BLOCK_CAPTURE_AUTORELEASING = YES
               CLANG_WARN_BOOL_CONVERSION = YES
               CLANG_WARN_COMMA = YES
               CLANG_WARN_CONSTANT_CONVERSION = YES
               CLANG_WARN_DEPRECATED_OBJC_IMPLEMENTATIONS = YES
               CLANG_WARN_DIRECT_OBJC_ISA_USAGE = YES_ERROR
               CLANG_WARN_DOCUMENTATION_COMMENTS = YES
               CLANG_WARN_EMPTY_BODY = YES
               CLANG_WARN_ENUM_CONVERSION = YES
               CLANG_WARN_INFINITE_RECURSION = YES
               CLANG_WARN_INT_CONVERSION = YES
               CLANG_WARN_NON_LITERAL_NULL_CONVERSION = YES
               CLANG_WARN_OBJC_IMPLICIT_RETAIN_SELF = YES
               CLANG_WARN_OBJC_LITERAL_CONVERSION = YES
               CLANG_WARN_OBJC_ROOT_CLASS = YES_ERROR
               CLANG_WARN_QUOTED_INCLUDE_IN_FRAMEWORK_HEADER = NO
               CLANG_WARN_RANGE_LOOP_ANALYSIS = YES
               CLANG_WARN_STRICT_PROTOTYPES = YES
               CLANG_WARN_SUSPICIOUS_MOVE = YES
               CLANG_WARN_UNGUARDED_AVAILABILITY = YES_AGGRESSIVE
               CLANG_WARN_UNREACHABLE_CODE = YES
               CLANG_WARN__DUPLICATE_METHOD_MATCH = YES
               CLASS_FILE_DIR = /Users/otislewis/arena/build/ios/Pods.build/Release-iphonesimulator/BoringSSL-GRPC-openssl_grpc.build/JavaClasses
               CLEAN_PRECOMPS = YES
               CLONE_HEADERS = NO
               CODESIGNING_FOLDER_PATH = /Users/otislewis/arena/build/ios/Release-iphonesimulator/BoringSSL-GRPC/openssl_grpc.bundle
               CODE_SIGNING_ALLOWED = NO
               CODE_SIGNING_IDENTITY = -
               CODE_SIGNING_REQUIRED = NO
               CODE_SIGN_CONTEXT_CLASS = XCiPhoneSimulatorCodeSignContext
               CODE_SIGN_IDENTITY = -
               CODE_SIGN_INJECT_BASE_ENTITLEMENTS = YES
               COLOR_DIAGNOSTICS = NO
               COMBINE_HIDPI_IMAGES = NO
               COMPILATION_CACHE_CAS_PATH = /var/folders/4y/xy3fflts0nqfk1tsxg0t3mmr0000gn/C/com.apple.DeveloperTools/16.3-16E140/Xcode/CompilationCache.noindex
               COMPILATION_CACHE_KEEP_CAS_DIRECTORY = YES
               COMPILER_INDEX_STORE_ENABLE = Default
               COMPOSITE_SDK_DIRS = /Users/otislewis/arena/build/ios/CompositeSDKs
               COMPRESS_PNG_FILES = YES
               CONFIGURATION = Release
               CONFIGURATION_BUILD_DIR = /Users/otislewis/arena/build/ios/Release-iphonesimulator/BoringSSL-GRPC
               CONFIGURATION_TEMP_DIR = /Users/otislewis/arena/build/ios/Pods.build/Release-iphonesimulator
               CONTENTS_FOLDER_PATH = openssl_grpc.bundle
               CONTENTS_FOLDER_PATH_SHALLOW_BUNDLE_NO = openssl_grpc.bundle/Contents
               CONTENTS_FOLDER_PATH_SHALLOW_BUNDLE_YES = openssl_grpc.bundle
               COPYING_PRESERVES_HFS_DATA = NO
               COPY_HEADERS_RUN_UNIFDEF = NO
               COPY_PHASE_STRIP = NO
               CORRESPONDING_DEVICE_PLATFORM_DIR = /Applications/Xcode.app/Contents/Developer/Platforms/iPhoneOS.platform
               CORRESPONDING_DEVICE_PLATFORM_NAME = iphoneos
               CORRESPONDING_DEVICE_SDK_DIR = /Applications/Xcode.app/Contents/Developer/Platforms/iPhoneOS.platform/Developer/SDKs/iPhoneOS18.4.sdk
               CORRESPONDING_DEVICE_SDK_NAME = iphoneos18.4
               CP = /bin/cp
               CREATE_INFOPLIST_SECTION_IN_BINARY = NO
               CURRENT_ARCH = undefined_arch
               CURRENT_VARIANT = normal
               DEAD_CODE_STRIPPING = YES
               DEBUGGING_SYMBOLS = YES
               DEBUG_INFORMATION_FORMAT = dwarf-with-dsym
               DEBUG_INFORMATION_VERSION = compiler-default
               DEFAULT_COMPILER = com.apple.compilers.llvm.clang.1_0
               DEFAULT_DEXT_INSTALL_PATH = /System/Library/DriverExtensions
               DEFAULT_KEXT_INSTALL_PATH = /System/Library/Extensions
               DEFINES_MODULE = NO
               DEPLOYMENT_LOCATION = NO
               DEPLOYMENT_POSTPROCESSING = NO
               DEPLOYMENT_TARGET_SETTING_NAME = IPHONEOS_DEPLOYMENT_TARGET
               DEPLOYMENT_TARGET_SUGGESTED_VALUES = 12.0 12.1 12.2 12.3 12.4 13.0 13.1 13.2 13.3 13.4 13.5 13.6 14.0 14.1 14.2 14.3 14.4 14.5 14.6 14.7 15.0 15.1 15.2 15.3 15.4 15.5 15.6 16.0 16.1 16.2 16.3 16.4 16.5 16.6 17.0 17.1 17.2 17.3 17.4 17.5 17.6 18.0 18.1 18.2 18.3 18.4
               DERIVED_FILES_DIR = /Users/otislewis/arena/build/ios/Pods.build/Release-iphonesimulator/BoringSSL-GRPC-openssl_grpc.build/DerivedSources
               DERIVED_FILE_DIR = /Users/otislewis/arena/build/ios/Pods.build/Release-iphonesimulator/BoringSSL-GRPC-openssl_grpc.build/DerivedSources
               DERIVED_SOURCES_DIR = /Users/otislewis/arena/build/ios/Pods.build/Release-iphonesimulator/BoringSSL-GRPC-openssl_grpc.build/DerivedSources
               DEVELOPER_APPLICATIONS_DIR = /Applications/Xcode.app/Contents/Developer/Applications
               DEVELOPER_BIN_DIR = /Applications/Xcode.app/Contents/Developer/usr/bin
               DEVELOPER_DIR = /Applications/Xcode.app/Contents/Developer
               DEVELOPER_FRAMEWORKS_DIR = /Applications/Xcode.app/Contents/Developer/Library/Frameworks
               DEVELOPER_FRAMEWORKS_DIR_QUOTED = /Applications/Xcode.app/Contents/Developer/Library/Frameworks
               DEVELOPER_LIBRARY_DIR = /Applications/Xcode.app/Contents/Developer/Library
               DEVELOPER_SDK_DIR = /Applications/Xcode.app/Contents/Developer/Platforms/MacOSX.platform/Developer/SDKs
               DEVELOPER_TOOLS_DIR = /Applications/Xcode.app/Contents/Developer/Tools
               DEVELOPER_USR_DIR = /Applications/Xcode.app/Contents/Developer/usr
               DEVELOPMENT_LANGUAGE = en
               DIAGNOSE_MISSING_TARGET_DEPENDENCIES = YES
               DIFF = /usr/bin/diff
               DOCUMENTATION_FOLDER_PATH = openssl_grpc.bundle/en.lproj/Documentation
               DONT_GENERATE_INFOPLIST_FILE = NO
               DSTROOT = /tmp/Pods.dst
               DT_TOOLCHAIN_DIR = /Applications/Xcode.app/Contents/Developer/Toolchains/XcodeDefault.xctoolchain
               DWARF_DSYM_FILE_NAME = openssl_grpc.bundle.dSYM
               DWARF_DSYM_FILE_SHOULD_ACCOMPANY_PRODUCT = NO
               DWARF_DSYM_FOLDER_PATH = /Users/otislewis/arena/build/ios/Release-iphonesimulator/BoringSSL-GRPC
               DYNAMIC_LIBRARY_EXTENSION = dylib
               EAGER_COMPILATION_ALLOW_SCRIPTS = NO
               EAGER_LINKING = NO
               EFFECTIVE_PLATFORM_NAME = -iphonesimulator
               EMBEDDED_CONTENT_CONTAINS_SWIFT = NO
               EMBED_ASSET_PACKS_IN_PRODUCT_BUNDLE = NO
               ENABLE_APP_SANDBOX = NO
               ENABLE_BITCODE = NO
               ENABLE_CODE_COVERAGE = YES
               ENABLE_DEFAULT_HEADER_SEARCH_PATHS = YES
               ENABLE_DEFAULT_SEARCH_PATHS = YES
               ENABLE_HARDENED_RUNTIME = NO
               ENABLE_HEADER_DEPENDENCIES = YES
               ENABLE_INCOMING_NETWORK_CONNECTIONS = NO
               ENABLE_NS_ASSERTIONS = NO
               ENABLE_ON_DEMAND_RESOURCES = NO
               ENABLE_OUTGOING_NETWORK_CONNECTIONS = NO
               ENABLE_RESOURCE_ACCESS_AUDIO_INPUT = NO
               ENABLE_RESOURCE_ACCESS_BLUETOOTH = NO
               ENABLE_RESOURCE_ACCESS_CALENDARS = NO
               ENABLE_RESOURCE_ACCESS_CAMERA = NO
               ENABLE_RESOURCE_ACCESS_CONTACTS = NO
               ENABLE_RESOURCE_ACCESS_LOCATION = NO
               ENABLE_RESOURCE_ACCESS_PRINTING = NO
               ENABLE_RESOURCE_ACCESS_USB = NO
               ENABLE_SDK_IMPORTS = NO
               ENABLE_STRICT_OBJC_MSGSEND = YES
               ENABLE_TESTABILITY = NO
               ENABLE_TESTING_SEARCH_PATHS = NO
               ENABLE_USER_SCRIPT_SANDBOXING = NO
               ENFORCE_VALID_ARCHS = YES
               ENTITLEMENTS_DESTINATION = __entitlements
               ENTITLEMENTS_REQUIRED = NO
               EXCLUDED_ARCHS = arm64
               EXCLUDED_INSTALLSRC_SUBDIRECTORY_PATTERNS = .DS_Store .svn .git .hg CVS
               EXCLUDED_RECURSIVE_SEARCH_PATH_SUBDIRECTORIES = *.nib *.lproj *.framework *.gch *.xcode* *.xcassets (*) .DS_Store CVS .svn .git .hg *.pbproj *.pbxproj
               EXECUTABLES_FOLDER_PATH = openssl_grpc.bundle/Executables
               EXECUTABLE_FOLDER_PATH = openssl_grpc.bundle
               EXECUTABLE_FOLDER_PATH_SHALLOW_BUNDLE_NO = openssl_grpc.bundle/MacOS
               EXECUTABLE_FOLDER_PATH_SHALLOW_BUNDLE_YES = openssl_grpc.bundle
               EXECUTABLE_NAME = openssl_grpc
               EXECUTABLE_PATH = openssl_grpc.bundle/openssl_grpc
               EXPANDED_CODE_SIGN_IDENTITY = -
               EXTENSIONS_FOLDER_PATH = openssl_grpc.bundle/Extensions
               FILE_LIST = /Users/otislewis/arena/build/ios/Pods.build/Release-iphonesimulator/BoringSSL-GRPC-openssl_grpc.build/Objects/LinkFileList
               FIXED_FILES_DIR = /Users/otislewis/arena/build/ios/Pods.build/Release-iphonesimulator/BoringSSL-GRPC-openssl_grpc.build/FixedFiles
               FRAMEWORKS_FOLDER_PATH = openssl_grpc.bundle/Frameworks
               FRAMEWORK_FLAG_PREFIX = -framework
               FRAMEWORK_SEARCH_PATHS = /Users/otislewis/arena/build/ios/Release-iphonesimulator/BoringSSL-GRPC 
               FRAMEWORK_VERSION = A
               FULL_PRODUCT_NAME = openssl_grpc.bundle
               FUSE_BUILD_PHASES = YES
               FUSE_BUILD_SCRIPT_PHASES = NO
               GCC3_VERSION = 3.3
               GCC_C_LANGUAGE_STANDARD = gnu11
               GCC_INLINES_ARE_PRIVATE_EXTERN = YES
               GCC_NO_COMMON_BLOCKS = YES
               GCC_OBJC_LEGACY_DISPATCH = YES
               GCC_PFE_FILE_C_DIALECTS = c objective-c c++ objective-c++
               GCC_PREPROCESSOR_DEFINITIONS = POD_CONFIGURATION_RELEASE=1  COCOAPODS=1
               GCC_TREAT_WARNINGS_AS_ERRORS = NO
               GCC_VERSION = com.apple.compilers.llvm.clang.1_0
               GCC_VERSION_IDENTIFIER = com_apple_compilers_llvm_clang_1_0
               GCC_WARN_64_TO_32_BIT_CONVERSION = YES
               GCC_WARN_ABOUT_RETURN_TYPE = YES_ERROR
               GCC_WARN_UNDECLARED_SELECTOR = YES
               GCC_WARN_UNINITIALIZED_AUTOS = YES_AGGRESSIVE
               GCC_WARN_UNUSED_FUNCTION = YES
               GCC_WARN_UNUSED_VARIABLE = YES
               GENERATED_MODULEMAP_DIR = /Users/otislewis/arena/build/ios/GeneratedModuleMaps-iphonesimulator
               GENERATE_INFOPLIST_FILE = NO
               GENERATE_INTERMEDIATE_TEXT_BASED_STUBS = YES
               GENERATE_MASTER_OBJECT_FILE = NO
               GENERATE_PKGINFO_FILE = NO
               GENERATE_PROFILING_CODE = NO
               GENERATE_TEXT_BASED_STUBS = NO
               GID = 20
               GROUP = staff
               HEADERMAP_INCLUDES_FLAT_ENTRIES_FOR_TARGET_BEING_BUILT = YES
               HEADERMAP_INCLUDES_FRAMEWORK_ENTRIES_FOR_ALL_PRODUCT_TYPES = YES
               HEADERMAP_INCLUDES_FRAMEWORK_ENTRIES_FOR_TARGETS_NOT_BEING_BUILT = YES
               HEADERMAP_INCLUDES_NONPUBLIC_NONPRIVATE_HEADERS = YES
               HEADERMAP_INCLUDES_PROJECT_HEADERS = YES
               HEADERMAP_USES_FRAMEWORK_PREFIX_ENTRIES = YES
               HEADERMAP_USES_VFS = NO
               HEADER_SEARCH_PATHS = /Users/otislewis/arena/build/ios/Release-iphonesimulator/BoringSSL-GRPC/include 
               HIDE_BITCODE_SYMBOLS = YES
               HOME = /Users/otislewis
               HOST_ARCH = arm64
               HOST_PLATFORM = macosx
               IBSC_MODULE = openssl_grpc
               ICONV = /usr/bin/iconv
               IMPLICIT_DEPENDENCY_DOMAIN = default
               INFOPLIST_ENABLE_CFBUNDLEICONS_MERGE = YES
               INFOPLIST_EXPAND_BUILD_SETTINGS = YES
               INFOPLIST_FILE = Target Support Files/BoringSSL-GRPC/ResourceBundle-openssl_grpc-BoringSSL-GRPC-Info.plist
               INFOPLIST_OUTPUT_FORMAT = binary
               INFOPLIST_PATH = openssl_grpc.bundle/Info.plist
               INFOPLIST_PREPROCESS = NO
               INFOSTRINGS_PATH = openssl_grpc.bundle/en.lproj/InfoPlist.strings
               INLINE_PRIVATE_FRAMEWORKS = NO
               INSTALLAPI_IGNORE_SKIP_INSTALL = YES
               INSTALLHDRS_COPY_PHASE = NO
               INSTALLHDRS_SCRIPT_PHASE = NO
               INSTALL_DIR = /tmp/Pods.dst
               INSTALL_GROUP = staff
               INSTALL_MODE_FLAG = u+w,go-w,a+rX
               INSTALL_OWNER = otislewis
               INSTALL_ROOT = /tmp/Pods.dst
               IPHONEOS_DEPLOYMENT_TARGET = 13.0
               IS_UNOPTIMIZED_BUILD = NO
               JAVAC_DEFAULT_FLAGS = -J-Xms64m -J-XX:NewSize=4M -J-Dfile.encoding=UTF8
               JAVA_APP_STUB = /System/Library/Frameworks/JavaVM.framework/Resources/MacOS/JavaApplicationStub
               JAVA_ARCHIVE_CLASSES = YES
               JAVA_ARCHIVE_TYPE = JAR
               JAVA_COMPILER = /usr/bin/javac
               JAVA_FOLDER_PATH = openssl_grpc.bundle/Java
               JAVA_FRAMEWORK_RESOURCES_DIRS = Resources
               JAVA_JAR_FLAGS = cv
               JAVA_SOURCE_SUBDIR = .
               JAVA_USE_DEPENDENCIES = YES
               JAVA_ZIP_FLAGS = -urg
               JIKES_DEFAULT_FLAGS = +E +OLDCSO
               KEEP_PRIVATE_EXTERNS = NO
               LD_DEPENDENCY_INFO_FILE = /Users/otislewis/arena/build/ios/Pods.build/Release-iphonesimulator/BoringSSL-GRPC-openssl_grpc.build/Objects-normal/undefined_arch/openssl_grpc_dependency_info.dat
               LD_EXPORT_SYMBOLS = YES
               LD_GENERATE_MAP_FILE = NO
               LD_MAP_FILE_PATH = /Users/otislewis/arena/build/ios/Pods.build/Release-iphonesimulator/BoringSSL-GRPC-openssl_grpc.build/openssl_grpc-LinkMap-normal-undefined_arch.txt
               LD_NO_PIE = NO
               LD_QUOTE_LINKER_ARGUMENTS_FOR_COMPILER_DRIVER = YES
               LD_SHARED_CACHE_ELIGIBLE = Automatic
               LD_WARN_DUPLICATE_LIBRARIES = NO
               LD_WARN_UNUSED_DYLIBS = NO
               LEGACY_DEVELOPER_DIR = /Applications/Xcode.app/Contents/PlugIns/Xcode3Core.ideplugin/Contents/SharedSupport/Developer
               LEX = lex
               LIBRARY_DEXT_INSTALL_PATH = /Library/DriverExtensions
               LIBRARY_FLAG_NOSPACE = YES
               LIBRARY_FLAG_PREFIX = -l
               LIBRARY_KEXT_INSTALL_PATH = /Library/Extensions
               LIBRARY_SEARCH_PATHS = /Users/otislewis/arena/build/ios/Release-iphonesimulator/BoringSSL-GRPC 
               LINKER_DISPLAYS_MANGLED_NAMES = NO
               LINK_OBJC_RUNTIME = YES
               LINK_WITH_STANDARD_LIBRARIES = YES
               LLVM_TARGET_TRIPLE_OS_VERSION = ios13.0
               LLVM_TARGET_TRIPLE_SUFFIX = -simulator
               LLVM_TARGET_TRIPLE_VENDOR = apple
               LOCALIZATION_EXPORT_SUPPORTED = YES
               LOCALIZATION_PREFERS_STRING_CATALOGS = NO
               LOCALIZED_RESOURCES_FOLDER_PATH = openssl_grpc.bundle/en.lproj
               LOCALIZED_STRING_MACRO_NAMES = NSLocalizedString CFCopyLocalizedString
               LOCALIZED_STRING_SWIFTUI_SUPPORT = YES
               LOCAL_ADMIN_APPS_DIR = /Applications/Utilities
               LOCAL_APPS_DIR = /Applications
               LOCAL_DEVELOPER_DIR = /Library/Developer
               LOCAL_LIBRARY_DIR = /Library
               LOCROOT = /Users/otislewis/arena/ios/Pods
               LOCSYMROOT = /Users/otislewis/arena/ios/Pods
               MACH_O_TYPE = mh_bundle
               MAC_OS_X_PRODUCT_BUILD_VERSION = 24F74
               MAC_OS_X_VERSION_ACTUAL = 150500
               MAC_OS_X_VERSION_MAJOR = 150000
               MAC_OS_X_VERSION_MINOR = 150500
               MAKE_MERGEABLE = NO
               MERGEABLE_LIBRARY = NO
               MERGED_BINARY_TYPE = none
               MERGE_LINKED_LIBRARIES = NO
               METAL_LIBRARY_FILE_BASE = default
               METAL_LIBRARY_OUTPUT_DIR = /Users/otislewis/arena/build/ios/Release-iphonesimulator/BoringSSL-GRPC/openssl_grpc.bundle
               MODULES_FOLDER_PATH = openssl_grpc.bundle/Modules
               MTL_ENABLE_DEBUG_INFO = NO
               MTL_FAST_MATH = YES
               NATIVE_ARCH = arm64
               NATIVE_ARCH_32_BIT = arm
               NATIVE_ARCH_64_BIT = arm64
               NATIVE_ARCH_ACTUAL = arm64
               NO_COMMON = YES
               OBJC_ABI_VERSION = 2
               OBJECT_FILE_DIR = /Users/otislewis/arena/build/ios/Pods.build/Release-iphonesimulator/BoringSSL-GRPC-openssl_grpc.build/Objects
               OBJECT_FILE_DIR_normal = /Users/otislewis/arena/build/ios/Pods.build/Release-iphonesimulator/BoringSSL-GRPC-openssl_grpc.build/Objects-normal
               OBJROOT = /Users/otislewis/arena/build/ios
               ONLY_ACTIVE_ARCH = NO
               OS = MACOS
               OSAC = /usr/bin/osacompile
               PACKAGE_TYPE = com.apple.package-type.wrapper
               PASCAL_STRINGS = YES
               PATH = /Applications/Xcode.app/Contents/SharedFrameworks/SwiftBuild.framework/Versions/A/PlugIns/SWBBuildService.bundle/Contents/PlugIns/SWBUniversalPlatformPlugin.bundle/Contents/Frameworks/SWBUniversalPlatform.framework/Resources:/Applications/Xcode.app/Contents/Developer/Toolchains/XcodeDefault.xctoolchain/usr/bin:/Applications/Xcode.app/Contents/Developer/Toolchains/XcodeDefault.xctoolchain/usr/local/bin:/Applications/Xcode.app/Contents/Developer/Toolchains/XcodeDefault.xctoolchain/usr/libexec:/Applications/Xcode.app/Contents/Developer/Platforms/iPhoneSimulator.platform/usr/bin:/Applications/Xcode.app/Contents/Developer/Platforms/iPhoneSimulator.platform/usr/local/bin:/Applications/Xcode.app/Contents/Developer/Platforms/iPhoneSimulator.platform/Developer/usr/bin:/Applications/Xcode.app/Contents/Developer/Platforms/iPhoneSimulator.platform/Developer/usr/local/bin:/Applications/Xcode.app/Contents/Developer/usr/bin:/Applications/Xcode.app/Contents/Developer/usr/local/bin:/Users/otislewis/.gem/ruby/3.3.0/bin:/opt/homebrew/bin:/opt/homebrew/sbin:/usr/local/bin:/System/Cryptexes/App/usr/bin:/usr/bin:/bin:/usr/sbin:/sbin:/var/run/com.apple.security.cryptexd/codex.system/bootstrap/usr/local/bin:/var/run/com.apple.security.cryptexd/codex.system/bootstrap/usr/bin:/var/run/com.apple.security.cryptexd/codex.system/bootstrap/usr/appleinternal/bin:/Library/Apple/usr/bin:/opt/homebrew/Caskroom/flutter/3.32.0/flutter/bin:/Users/otislewis/Library/Android/sdk/emulator:/Users/otislewis/Library/Android/sdk/tools:/Users/otislewis/Library/Android/sdk/tools/bin:/Users/otislewis/Library/Android/sdk/platform-tools:/opt/homebrew/Caskroom/flutter/3.32.0/flutter/bin/cache/dart-sdk/bin
               PATH_PREFIXES_EXCLUDED_FROM_HEADER_DEPENDENCIES = /usr/include /usr/local/include /System/Library/Frameworks /System/Library/PrivateFrameworks /Applications/Xcode.app/Contents/Developer/Headers /Applications/Xcode.app/Contents/Developer/SDKs /Applications/Xcode.app/Contents/Developer/Platforms
               PBDEVELOPMENTPLIST_PATH = openssl_grpc.bundle/pbdevelopment.plist
               PER_ARCH_MODULE_FILE_DIR = /Users/otislewis/arena/build/ios/Pods.build/Release-iphonesimulator/BoringSSL-GRPC-openssl_grpc.build/Objects-normal/undefined_arch
               PER_ARCH_OBJECT_FILE_DIR = /Users/otislewis/arena/build/ios/Pods.build/Release-iphonesimulator/BoringSSL-GRPC-openssl_grpc.build/Objects-normal/undefined_arch
               PER_VARIANT_OBJECT_FILE_DIR = /Users/otislewis/arena/build/ios/Pods.build/Release-iphonesimulator/BoringSSL-GRPC-openssl_grpc.build/Objects-normal
               PKGINFO_FILE_PATH = /Users/otislewis/arena/build/ios/Pods.build/Release-iphonesimulator/BoringSSL-GRPC-openssl_grpc.build/PkgInfo
               PKGINFO_PATH = openssl_grpc.bundle/PkgInfo
               PLATFORM_DEVELOPER_APPLICATIONS_DIR = /Applications/Xcode.app/Contents/Developer/Platforms/iPhoneSimulator.platform/Developer/Applications
               PLATFORM_DEVELOPER_BIN_DIR = /Applications/Xcode.app/Contents/Developer/Platforms/iPhoneSimulator.platform/Developer/usr/bin
               PLATFORM_DEVELOPER_LIBRARY_DIR = /Applications/Xcode.app/Contents/Developer/Platforms/iPhoneSimulator.platform/Developer/Library
               PLATFORM_DEVELOPER_SDK_DIR = /Applications/Xcode.app/Contents/Developer/Platforms/iPhoneSimulator.platform/Developer/SDKs
               PLATFORM_DEVELOPER_TOOLS_DIR = /Applications/Xcode.app/Contents/Developer/Platforms/iPhoneSimulator.platform/Developer/Tools
               PLATFORM_DEVELOPER_USR_DIR = /Applications/Xcode.app/Contents/Developer/Platforms/iPhoneSimulator.platform/Developer/usr
               PLATFORM_DIR = /Applications/Xcode.app/Contents/Developer/Platforms/iPhoneSimulator.platform
               PLATFORM_DISPLAY_NAME = iOS Simulator
               PLATFORM_FAMILY_NAME = iOS
               PLATFORM_NAME = iphonesimulator
               PLATFORM_PREFERRED_ARCH = x86_64
               PLATFORM_PRODUCT_BUILD_VERSION = 22E235
               PLATFORM_REQUIRES_SWIFT_AUTOLINK_EXTRACT = NO
               PLATFORM_REQUIRES_SWIFT_MODULEWRAP = NO
               PLIST_FILE_OUTPUT_FORMAT = binary
               PLUGINS_FOLDER_PATH = openssl_grpc.bundle/PlugIns
               PODS_BUILD_DIR = /Users/otislewis/arena/build/ios
               PODS_CONFIGURATION_BUILD_DIR = /Users/otislewis/arena/build/ios/Release-iphonesimulator
               PODS_DEVELOPMENT_LANGUAGE = en
               PODS_ROOT = /Users/otislewis/arena/ios/Pods
               PODS_TARGET_SRCROOT = /Users/otislewis/arena/ios/Pods/BoringSSL-GRPC
               PODS_XCFRAMEWORKS_BUILD_DIR = /Users/otislewis/arena/build/ios/Release-iphonesimulator/XCFrameworkIntermediates
               PRECOMPS_INCLUDE_HEADERS_FROM_BUILT_PRODUCTS_DIR = YES
               PRECOMP_DESTINATION_DIR = /Users/otislewis/arena/build/ios/Pods.build/Release-iphonesimulator/BoringSSL-GRPC-openssl_grpc.build/PrefixHeaders
               PRIVATE_HEADERS_FOLDER_PATH = openssl_grpc.bundle/PrivateHeaders
               PROCESSED_INFOPLIST_PATH = /Users/otislewis/arena/build/ios/Pods.build/Release-iphonesimulator/BoringSSL-GRPC-openssl_grpc.build/Objects-normal/undefined_arch/Processed-Info.plist
               PRODUCT_BUNDLE_IDENTIFIER = org.cocoapods.openssl-grpc
               PRODUCT_BUNDLE_PACKAGE_TYPE = BNDL
               PRODUCT_MODULE_NAME = openssl_grpc
               PRODUCT_NAME = openssl_grpc
               PRODUCT_SETTINGS_PATH = /Users/otislewis/arena/ios/Pods/Target Support Files/BoringSSL-GRPC/ResourceBundle-openssl_grpc-BoringSSL-GRPC-Info.plist
               PRODUCT_TYPE = com.apple.product-type.bundle
               PROFILING_CODE = NO
               PROJECT = Pods
               PROJECT_DERIVED_FILE_DIR = /Users/otislewis/arena/build/ios/Pods.build/DerivedSources
               PROJECT_DIR = /Users/otislewis/arena/ios/Pods
               PROJECT_FILE_PATH = /Users/otislewis/arena/ios/Pods/Pods.xcodeproj
               PROJECT_GUID = bfdfe7dc352907fc980b868725387e98
               PROJECT_NAME = Pods
               PROJECT_TEMP_DIR = /Users/otislewis/arena/build/ios/Pods.build
               PROJECT_TEMP_ROOT = /Users/otislewis/arena/build/ios
               PUBLIC_HEADERS_FOLDER_PATH = openssl_grpc.bundle/Headers
               RECOMMENDED_IPHONEOS_DEPLOYMENT_TARGET = 15.0
               RECURSIVE_SEARCH_PATHS_FOLLOW_SYMLINKS = YES
               REMOVE_CVS_FROM_RESOURCES = YES
               REMOVE_GIT_FROM_RESOURCES = YES
               REMOVE_HEADERS_FROM_EMBEDDED_BUNDLES = YES
               REMOVE_HG_FROM_RESOURCES = YES
               REMOVE_STATIC_EXECUTABLES_FROM_EMBEDDED_BUNDLES = YES
               REMOVE_SVN_FROM_RESOURCES = YES
               RESCHEDULE_INDEPENDENT_HEADERS_PHASES = YES
               REZ_COLLECTOR_DIR = /Users/otislewis/arena/build/ios/Pods.build/Release-iphonesimulator/BoringSSL-GRPC-openssl_grpc.build/ResourceManagerResources
               REZ_OBJECTS_DIR = /Users/otislewis/arena/build/ios/Pods.build/Release-iphonesimulator/BoringSSL-GRPC-openssl_grpc.build/ResourceManagerResources/Objects
               REZ_SEARCH_PATHS = /Users/otislewis/arena/build/ios/Release-iphonesimulator/BoringSSL-GRPC 
               SCAN_ALL_SOURCE_FILES_FOR_INCLUDES = NO
               SCRIPTS_FOLDER_PATH = openssl_grpc.bundle/Scripts
               SDKROOT = /Applications/Xcode.app/Contents/Developer/Platforms/iPhoneSimulator.platform/Developer/SDKs/iPhoneSimulator18.4.sdk
               SDK_DIR = /Applications/Xcode.app/Contents/Developer/Platforms/iPhoneSimulator.platform/Developer/SDKs/iPhoneSimulator18.4.sdk
               SDK_DIR_iphonesimulator = /Applications/Xcode.app/Contents/Developer/Platforms/iPhoneSimulator.platform/Developer/SDKs/iPhoneSimulator18.4.sdk
               SDK_DIR_iphonesimulator18_4 = /Applications/Xcode.app/Contents/Developer/Platforms/iPhoneSimulator.platform/Developer/SDKs/iPhoneSimulator18.4.sdk
               SDK_NAME = iphonesimulator18.4
               SDK_NAMES = iphonesimulator18.4
               SDK_PRODUCT_BUILD_VERSION = 22E235
               SDK_STAT_CACHE_DIR = /var/folders/4y/xy3fflts0nqfk1tsxg0t3mmr0000gn/C/com.apple.DeveloperTools/16.3-16E140/Xcode
               SDK_STAT_CACHE_ENABLE = YES
               SDK_STAT_CACHE_PATH = /var/folders/4y/xy3fflts0nqfk1tsxg0t3mmr0000gn/C/com.apple.DeveloperTools/16.3-16E140/Xcode/SDKStatCaches.noindex/iphonesimulator18.4-22E235-71825a6d136aa4733edcbe86ece5525b.sdkstatcache
               SDK_VERSION = 18.4
               SDK_VERSION_ACTUAL = 180400
               SDK_VERSION_MAJOR = 180000
               SDK_VERSION_MINOR = 180400
               SED = /usr/bin/sed
               SEPARATE_STRIP = NO
               SEPARATE_SYMBOL_EDIT = NO
               SET_DIR_MODE_OWNER_GROUP = YES
               SET_FILE_MODE_OWNER_GROUP = NO
               SHALLOW_BUNDLE = YES
               SHALLOW_BUNDLE_TRIPLE = ios-simulator
               SHALLOW_BUNDLE_ios_macabi = NO
               SHALLOW_BUNDLE_macos = NO
               SHARED_DERIVED_FILE_DIR = /Users/otislewis/arena/build/ios/Release-iphonesimulator/BoringSSL-GRPC/DerivedSources
               SHARED_FRAMEWORKS_FOLDER_PATH = openssl_grpc.bundle/SharedFrameworks
               SHARED_PRECOMPS_DIR = /Users/otislewis/arena/build/ios/SharedPrecompiledHeaders
               SHARED_SUPPORT_FOLDER_PATH = openssl_grpc.bundle/SharedSupport
               SKIP_INSTALL = YES
               SOURCE_ROOT = /Users/otislewis/arena/ios/Pods
               SRCROOT = /Users/otislewis/arena/ios/Pods
               STRINGSDATA_DIR = /Users/otislewis/arena/build/ios/Pods.build/Release-iphonesimulator/BoringSSL-GRPC-openssl_grpc.build/Objects-normal/undefined_arch
               STRINGSDATA_ROOT = /Users/otislewis/arena/build/ios/Pods.build/Release-iphonesimulator/BoringSSL-GRPC-openssl_grpc.build
               STRINGS_FILE_INFOPLIST_RENAME = YES
               STRINGS_FILE_OUTPUT_ENCODING = binary
               STRIP_BITCODE_FROM_COPIED_FILES = NO
               STRIP_INSTALLED_PRODUCT = NO
               STRIP_STYLE = non-global
               STRIP_SWIFT_SYMBOLS = YES
               SUPPORTED_DEVICE_FAMILIES = 1,2
               SUPPORTED_PLATFORMS = iphoneos iphonesimulator
               SUPPORTS_TEXT_BASED_API = NO
               SUPPRESS_WARNINGS = NO
               SWIFT_COMPILATION_MODE = wholemodule
               SWIFT_EMIT_LOC_STRINGS = NO
               SWIFT_OPTIMIZATION_LEVEL = -O
               SWIFT_PLATFORM_TARGET_PREFIX = ios
               SWIFT_VERSION = 5.0
               SYMROOT = /Users/otislewis/arena/ios/build
               SYSTEM_ADMIN_APPS_DIR = /Applications/Utilities
               SYSTEM_APPS_DIR = /Applications
               SYSTEM_CORE_SERVICES_DIR = /System/Library/CoreServices
               SYSTEM_DEMOS_DIR = /Applications/Extras
               SYSTEM_DEVELOPER_APPS_DIR = /Applications/Xcode.app/Contents/Developer/Applications
               SYSTEM_DEVELOPER_BIN_DIR = /Applications/Xcode.app/Contents/Developer/usr/bin
               SYSTEM_DEVELOPER_DEMOS_DIR = /Applications/Xcode.app/Contents/Developer/Applications/Utilities/Built Examples
               SYSTEM_DEVELOPER_DIR = /Applications/Xcode.app/Contents/Developer
               SYSTEM_DEVELOPER_DOC_DIR = /Applications/Xcode.app/Contents/Developer/ADC Reference Library
               SYSTEM_DEVELOPER_GRAPHICS_TOOLS_DIR = /Applications/Xcode.app/Contents/Developer/Applications/Graphics Tools
               SYSTEM_DEVELOPER_JAVA_TOOLS_DIR = /Applications/Xcode.app/Contents/Developer/Applications/Java Tools
               SYSTEM_DEVELOPER_PERFORMANCE_TOOLS_DIR = /Applications/Xcode.app/Contents/Developer/Applications/Performance Tools
               SYSTEM_DEVELOPER_RELEASENOTES_DIR = /Applications/Xcode.app/Contents/Developer/ADC Reference Library/releasenotes
               SYSTEM_DEVELOPER_TOOLS = /Applications/Xcode.app/Contents/Developer/Tools
               SYSTEM_DEVELOPER_TOOLS_DOC_DIR = /Applications/Xcode.app/Contents/Developer/ADC Reference Library/documentation/DeveloperTools
               SYSTEM_DEVELOPER_TOOLS_RELEASENOTES_DIR = /Applications/Xcode.app/Contents/Developer/ADC Reference Library/releasenotes/DeveloperTools
               SYSTEM_DEVELOPER_USR_DIR = /Applications/Xcode.app/Contents/Developer/usr
               SYSTEM_DEVELOPER_UTILITIES_DIR = /Applications/Xcode.app/Contents/Developer/Applications/Utilities
               SYSTEM_DEXT_INSTALL_PATH = /System/Library/DriverExtensions
               SYSTEM_DOCUMENTATION_DIR = /Library/Documentation
               SYSTEM_EXTENSIONS_FOLDER_PATH = openssl_grpc.bundle/SystemExtensions
               SYSTEM_EXTENSIONS_FOLDER_PATH_SHALLOW_BUNDLE_NO = openssl_grpc.bundle/Library/SystemExtensions
               SYSTEM_EXTENSIONS_FOLDER_PATH_SHALLOW_BUNDLE_YES = openssl_grpc.bundle/SystemExtensions
               SYSTEM_KEXT_INSTALL_PATH = /System/Library/Extensions
               SYSTEM_LIBRARY_DIR = /System/Library
               TAPI_DEMANGLE = YES
               TAPI_ENABLE_PROJECT_HEADERS = NO
               TAPI_LANGUAGE = objective-c
               TAPI_LANGUAGE_STANDARD = compiler-default
               TAPI_USE_SRCROOT = YES
               TAPI_VERIFY_MODE = Pedantic
               TARGETED_DEVICE_FAMILY = 1,2
               TARGETNAME = BoringSSL-GRPC-openssl_grpc
               TARGET_BUILD_DIR = /Users/otislewis/arena/build/ios/Release-iphonesimulator/BoringSSL-GRPC
               TARGET_NAME = BoringSSL-GRPC-openssl_grpc
               TARGET_TEMP_DIR = /Users/otislewis/arena/build/ios/Pods.build/Release-iphonesimulator/BoringSSL-GRPC-openssl_grpc.build
               TEMP_DIR = /Users/otislewis/arena/build/ios/Pods.build/Release-iphonesimulator/BoringSSL-GRPC-openssl_grpc.build
               TEMP_FILES_DIR = /Users/otislewis/arena/build/ios/Pods.build/Release-iphonesimulator/BoringSSL-GRPC-openssl_grpc.build
               TEMP_FILE_DIR = /Users/otislewis/arena/build/ios/Pods.build/Release-iphonesimulator/BoringSSL-GRPC-openssl_grpc.build
               TEMP_ROOT = /Users/otislewis/arena/build/ios
               TEMP_SANDBOX_DIR = /Users/otislewis/arena/build/ios/TemporaryTaskSandboxes
               TEST_FRAMEWORK_SEARCH_PATHS =  /Applications/Xcode.app/Contents/Developer/Platforms/iPhoneSimulator.platform/Developer/Library/Frameworks /Applications/Xcode.app/Contents/Developer/Platforms/iPhoneSimulator.platform/Developer/SDKs/iPhoneSimulator18.4.sdk/Developer/Library/Frameworks
               TEST_LIBRARY_SEARCH_PATHS =  /Applications/Xcode.app/Contents/Developer/Platforms/iPhoneSimulator.platform/Developer/usr/lib
               TOOLCHAINS = com.apple.dt.toolchain.XcodeDefault
               TOOLCHAIN_DIR = /Applications/Xcode.app/Contents/Developer/Toolchains/XcodeDefault.xctoolchain
               TREAT_MISSING_BASELINES_AS_TEST_FAILURES = NO
               TREAT_MISSING_SCRIPT_PHASE_OUTPUTS_AS_ERRORS = NO
               UID = 501
               UNINSTALLED_PRODUCTS_DIR = /Users/otislewis/arena/build/ios/UninstalledProducts
               UNLOCALIZED_RESOURCES_FOLDER_PATH = openssl_grpc.bundle
               UNLOCALIZED_RESOURCES_FOLDER_PATH_SHALLOW_BUNDLE_NO = openssl_grpc.bundle/Resources
               UNLOCALIZED_RESOURCES_FOLDER_PATH_SHALLOW_BUNDLE_YES = openssl_grpc.bundle
               UNSTRIPPED_PRODUCT = NO
               USER = otislewis
               USER_APPS_DIR = /Users/otislewis/Applications
               USER_LIBRARY_DIR = /Users/otislewis/Library
               USE_DYNAMIC_NO_PIC = YES
               USE_HEADERMAP = NO
               USE_HEADER_SYMLINKS = NO
               USE_RECURSIVE_SCRIPT_INPUTS_IN_SCRIPT_PHASES = YES
               VALIDATE_DEVELOPMENT_ASSET_PATHS = YES_ERROR
               VALIDATE_PRODUCT = NO
               VALID_ARCHS = arm64
               VERBOSE_PBXCP = NO
               VERSIONPLIST_PATH = openssl_grpc.bundle/version.plist
               VERSION_INFO_BUILDER = otislewis
               VERSION_INFO_FILE = openssl_grpc_vers.c
               VERSION_INFO_STRING = "@(#)PROGRAM:openssl_grpc  PROJECT:Pods-"
               WORKSPACE_DIR = /Users/otislewis/arena/ios/Pods/Pods.xcodeproj
               WRAPPER_EXTENSION = bundle
               WRAPPER_NAME = openssl_grpc.bundle
               WRAPPER_SUFFIX = .bundle
               WRAP_ASSET_PACKS_IN_SEPARATE_DIRECTORIES = NO
               XCODE_APP_SUPPORT_DIR = /Applications/Xcode.app/Contents/Developer/Library/Xcode
               XCODE_PRODUCT_BUILD_VERSION = 16E140
               XCODE_VERSION_ACTUAL = 1630
               XCODE_VERSION_MAJOR = 1600
               XCODE_VERSION_MINOR = 1630
               XPCSERVICES_FOLDER_PATH = openssl_grpc.bundle/XPCServices
               YACC = yacc
               _DISCOVER_COMMAND_LINE_LINKER_INPUTS = YES
               _DISCOVER_COMMAND_LINE_LINKER_INPUTS_INCLUDE_WL = YES
               _WRAPPER_CONTENTS_DIR_SHALLOW_BUNDLE_NO = /Contents
               _WRAPPER_PARENT_PATH_SHALLOW_BUNDLE_NO = /..
               _WRAPPER_RESOURCES_DIR_SHALLOW_BUNDLE_NO = /Resources
               __DIAGNOSE_DEPRECATED_ARCHS = YES
               arch = undefined_arch
               variant = normal

           Build settings for action build and target cloud_firestore:
               ACTION = build
               AD_HOC_CODE_SIGNING_ALLOWED = YES
               ALLOW_BUILD_REQUEST_OVERRIDES = NO
               ALLOW_TARGET_PLATFORM_SPECIALIZATION = NO
               ALTERNATE_GROUP = staff
               ALTERNATE_MODE = u+w,go-w,a+rX
               ALTERNATE_OWNER = otislewis
               ALTERNATIVE_DISTRIBUTION_WEB = NO
               ALWAYS_EMBED_SWIFT_STANDARD_LIBRARIES = NO
               ALWAYS_SEARCH_USER_PATHS = NO
               ALWAYS_USE_SEPARATE_HEADERMAPS = NO
               APPLICATION_EXTENSION_API_ONLY = NO
               APPLY_RULES_IN_COPY_FILES = NO
               APPLY_RULES_IN_COPY_HEADERS = NO
               APP_SHORTCUTS_ENABLE_FLEXIBLE_MATCHING = YES
               ARCHS = x86_64
               ARCHS_STANDARD = arm64 x86_64
               ARCHS_STANDARD_32_64_BIT = arm64 x86_64
               ARCHS_STANDARD_64_BIT = arm64 x86_64
               ARCHS_STANDARD_INCLUDING_64_BIT = arm64 x86_64
               ARCHS_UNIVERSAL_IPHONE_OS = arm64 x86_64
               AUTOMATICALLY_MERGE_DEPENDENCIES = NO
               AVAILABLE_PLATFORMS = android appletvos appletvsimulator driverkit iphoneos iphonesimulator macosx qnx watchos watchsimulator xros xrsimulator
               BITCODE_GENERATION_MODE = marker
               BUILD_ACTIVE_RESOURCES_ONLY = NO
               BUILD_COMPONENTS = headers build
               BUILD_DIR = /Users/otislewis/arena/build/ios
               BUILD_LIBRARY_FOR_DISTRIBUTION = NO
               BUILD_ROOT = /Users/otislewis/arena/ios/build
               BUILD_STYLE = 
               BUILD_VARIANTS = normal
               BUILT_PRODUCTS_DIR = /Users/otislewis/arena/build/ios/Release-iphonesimulator/cloud_firestore
               BUNDLE_CONTENTS_FOLDER_PATH_deep = Contents/
               BUNDLE_EXECUTABLE_FOLDER_NAME_deep = MacOS
               BUNDLE_EXTENSIONS_FOLDER_PATH = Extensions
               BUNDLE_FORMAT = shallow
               BUNDLE_FRAMEWORKS_FOLDER_PATH = Frameworks
               BUNDLE_PLUGINS_FOLDER_PATH = PlugIns
               BUNDLE_PRIVATE_HEADERS_FOLDER_PATH = PrivateHeaders
               BUNDLE_PUBLIC_HEADERS_FOLDER_PATH = Headers
               CACHE_ROOT = /var/folders/4y/xy3fflts0nqfk1tsxg0t3mmr0000gn/C/com.apple.DeveloperTools/16.3-16E140/Xcode
               CCHROOT = /var/folders/4y/xy3fflts0nqfk1tsxg0t3mmr0000gn/C/com.apple.DeveloperTools/16.3-16E140/Xcode
               CHMOD = /bin/chmod
               CHOWN = /usr/sbin/chown
               CLANG_ANALYZER_LOCALIZABILITY_NONLOCALIZED = YES
               CLANG_ANALYZER_NONNULL = YES
               CLANG_ANALYZER_NUMBER_OBJECT_CONVERSION = YES_AGGRESSIVE
               CLANG_CACHE_FINE_GRAINED_OUTPUTS = YES
               CLANG_CXX_LANGUAGE_STANDARD = gnu++14
               CLANG_CXX_LIBRARY = libc++
               CLANG_ENABLE_EXPLICIT_MODULES = YES
               CLANG_ENABLE_MODULES = YES
               CLANG_ENABLE_OBJC_ARC = YES
               CLANG_ENABLE_OBJC_WEAK = NO
               CLANG_MODULES_BUILD_SESSION_FILE = /var/folders/4y/xy3fflts0nqfk1tsxg0t3mmr0000gn/C/org.llvm.clang/ModuleCache.noindex/Session.modulevalidation
               CLANG_WARN_BLOCK_CAPTURE_AUTORELEASING = YES
               CLANG_WARN_BOOL_CONVERSION = YES
               CLANG_WARN_COMMA = YES
               CLANG_WARN_CONSTANT_CONVERSION = YES
               CLANG_WARN_DEPRECATED_OBJC_IMPLEMENTATIONS = YES
               CLANG_WARN_DIRECT_OBJC_ISA_USAGE = YES_ERROR
               CLANG_WARN_DOCUMENTATION_COMMENTS = YES
               CLANG_WARN_EMPTY_BODY = YES
               CLANG_WARN_ENUM_CONVERSION = YES
               CLANG_WARN_INFINITE_RECURSION = YES
               CLANG_WARN_INT_CONVERSION = YES
               CLANG_WARN_NON_LITERAL_NULL_CONVERSION = YES
               CLANG_WARN_OBJC_IMPLICIT_RETAIN_SELF = YES
               CLANG_WARN_OBJC_LITERAL_CONVERSION = YES
               CLANG_WARN_OBJC_ROOT_CLASS = YES_ERROR
               CLANG_WARN_QUOTED_INCLUDE_IN_FRAMEWORK_HEADER = NO
               CLANG_WARN_RANGE_LOOP_ANALYSIS = YES
               CLANG_WARN_STRICT_PROTOTYPES = YES
               CLANG_WARN_SUSPICIOUS_MOVE = YES
               CLANG_WARN_UNGUARDED_AVAILABILITY = YES_AGGRESSIVE
               CLANG_WARN_UNREACHABLE_CODE = YES
               CLANG_WARN__DUPLICATE_METHOD_MATCH = YES
               CLASS_FILE_DIR = /Users/otislewis/arena/build/ios/Pods.build/Release-iphonesimulator/cloud_firestore.build/JavaClasses
               CLEAN_PRECOMPS = YES
               CLONE_HEADERS = NO
               CODESIGNING_FOLDER_PATH = /Users/otislewis/arena/build/ios/Release-iphonesimulator/cloud_firestore/cloud_firestore.framework
               CODE_SIGNING_ALLOWED = YES
               CODE_SIGNING_REQUIRED = NO
               CODE_SIGNING_REQUIRES_TEAM = YES
               CODE_SIGN_CONTEXT_CLASS = XCiPhoneSimulatorCodeSignContext
               CODE_SIGN_IDENTITY = -
               CODE_SIGN_INJECT_BASE_ENTITLEMENTS = YES
               COLOR_DIAGNOSTICS = NO
               COMBINE_HIDPI_IMAGES = NO
               COMPILATION_CACHE_CAS_PATH = /var/folders/4y/xy3fflts0nqfk1tsxg0t3mmr0000gn/C/com.apple.DeveloperTools/16.3-16E140/Xcode/CompilationCache.noindex
               COMPILATION_CACHE_KEEP_CAS_DIRECTORY = YES
               COMPILER_INDEX_STORE_ENABLE = Default
               COMPOSITE_SDK_DIRS = /Users/otislewis/arena/build/ios/CompositeSDKs
               COMPRESS_PNG_FILES = YES
               CONFIGURATION = Release
               CONFIGURATION_BUILD_DIR = /Users/otislewis/arena/build/ios/Release-iphonesimulator/cloud_firestore
               CONFIGURATION_TEMP_DIR = /Users/otislewis/arena/build/ios/Pods.build/Release-iphonesimulator
               CONTENTS_FOLDER_PATH = cloud_firestore.framework
               CONTENTS_FOLDER_PATH_SHALLOW_BUNDLE_NO = cloud_firestore.framework/A
               CONTENTS_FOLDER_PATH_SHALLOW_BUNDLE_YES = cloud_firestore.framework
               COPYING_PRESERVES_HFS_DATA = NO
               COPY_HEADERS_RUN_UNIFDEF = NO
               COPY_PHASE_STRIP = NO
               CORRESPONDING_DEVICE_PLATFORM_DIR = /Applications/Xcode.app/Contents/Developer/Platforms/iPhoneOS.platform
               CORRESPONDING_DEVICE_PLATFORM_NAME = iphoneos
               CORRESPONDING_DEVICE_SDK_DIR = /Applications/Xcode.app/Contents/Developer/Platforms/iPhoneOS.platform/Developer/SDKs/iPhoneOS18.4.sdk
               CORRESPONDING_DEVICE_SDK_NAME = iphoneos18.4
               CP = /bin/cp
               CREATE_INFOPLIST_SECTION_IN_BINARY = NO
               CURRENT_ARCH = undefined_arch
               CURRENT_PROJECT_VERSION = 1
               CURRENT_VARIANT = normal
               CURRENT_VERSION = Current
               DEAD_CODE_STRIPPING = YES
               DEBUGGING_SYMBOLS = YES
               DEBUG_INFORMATION_FORMAT = dwarf-with-dsym
               DEBUG_INFORMATION_VERSION = compiler-default
               DEFAULT_COMPILER = com.apple.compilers.llvm.clang.1_0
               DEFAULT_DEXT_INSTALL_PATH = /System/Library/DriverExtensions
               DEFAULT_KEXT_INSTALL_PATH = /System/Library/Extensions
               DEFINES_MODULE = YES
               DEPLOYMENT_LOCATION = NO
               DEPLOYMENT_POSTPROCESSING = NO
               DEPLOYMENT_TARGET_SETTING_NAME = IPHONEOS_DEPLOYMENT_TARGET
               DEPLOYMENT_TARGET_SUGGESTED_VALUES = 12.0 12.1 12.2 12.3 12.4 13.0 13.1 13.2 13.3 13.4 13.5 13.6 14.0 14.1 14.2 14.3 14.4 14.5 14.6 14.7 15.0 15.1 15.2 15.3 15.4 15.5 15.6 16.0 16.1 16.2 16.3 16.4 16.5 16.6 17.0 17.1 17.2 17.3 17.4 17.5 17.6 18.0 18.1 18.2 18.3 18.4
               DERIVED_FILES_DIR = /Users/otislewis/arena/build/ios/Pods.build/Release-iphonesimulator/cloud_firestore.build/DerivedSources
               DERIVED_FILE_DIR = /Users/otislewis/arena/build/ios/Pods.build/Release-iphonesimulator/cloud_firestore.build/DerivedSources
               DERIVED_SOURCES_DIR = /Users/otislewis/arena/build/ios/Pods.build/Release-iphonesimulator/cloud_firestore.build/DerivedSources
               DEVELOPER_APPLICATIONS_DIR = /Applications/Xcode.app/Contents/Developer/Applications
               DEVELOPER_BIN_DIR = /Applications/Xcode.app/Contents/Developer/usr/bin
               DEVELOPER_DIR = /Applications/Xcode.app/Contents/Developer
               DEVELOPER_FRAMEWORKS_DIR = /Applications/Xcode.app/Contents/Developer/Library/Frameworks
               DEVELOPER_FRAMEWORKS_DIR_QUOTED = /Applications/Xcode.app/Contents/Developer/Library/Frameworks
               DEVELOPER_LIBRARY_DIR = /Applications/Xcode.app/Contents/Developer/Library
               DEVELOPER_SDK_DIR = /Applications/Xcode.app/Contents/Developer/Platforms/MacOSX.platform/Developer/SDKs
               DEVELOPER_TOOLS_DIR = /Applications/Xcode.app/Contents/Developer/Tools
               DEVELOPER_USR_DIR = /Applications/Xcode.app/Contents/Developer/usr
               DEVELOPMENT_LANGUAGE = en
               DIAGNOSE_MISSING_TARGET_DEPENDENCIES = YES
               DIFF = /usr/bin/diff
               DOCUMENTATION_FOLDER_PATH = cloud_firestore.framework/en.lproj/Documentation
               DONT_GENERATE_INFOPLIST_FILE = NO
               DSTROOT = /tmp/Pods.dst
               DT_TOOLCHAIN_DIR = /Applications/Xcode.app/Contents/Developer/Toolchains/XcodeDefault.xctoolchain
               DWARF_DSYM_FILE_NAME = cloud_firestore.framework.dSYM
               DWARF_DSYM_FILE_SHOULD_ACCOMPANY_PRODUCT = NO
               DWARF_DSYM_FOLDER_PATH = /Users/otislewis/arena/build/ios/Release-iphonesimulator/cloud_firestore
               DYLIB_COMPATIBILITY_VERSION = 1
               DYLIB_CURRENT_VERSION = 1
               DYLIB_INSTALL_NAME_BASE = @rpath
               DYNAMIC_LIBRARY_EXTENSION = dylib
               EAGER_COMPILATION_ALLOW_SCRIPTS = NO
               EAGER_LINKING = NO
               EFFECTIVE_PLATFORM_NAME = -iphonesimulator
               EMBEDDED_CONTENT_CONTAINS_SWIFT = NO
               EMBED_ASSET_PACKS_IN_PRODUCT_BUNDLE = NO
               ENABLE_APP_SANDBOX = NO
               ENABLE_BITCODE = NO
               ENABLE_CODE_COVERAGE = YES
               ENABLE_DEFAULT_HEADER_SEARCH_PATHS = YES
               ENABLE_DEFAULT_SEARCH_PATHS = YES
               ENABLE_HARDENED_RUNTIME = NO
               ENABLE_HEADER_DEPENDENCIES = YES
               ENABLE_INCOMING_NETWORK_CONNECTIONS = NO
               ENABLE_MODULE_VERIFIER = NO
               ENABLE_NS_ASSERTIONS = NO
               ENABLE_ON_DEMAND_RESOURCES = NO
               ENABLE_OUTGOING_NETWORK_CONNECTIONS = NO
               ENABLE_RESOURCE_ACCESS_AUDIO_INPUT = NO
               ENABLE_RESOURCE_ACCESS_BLUETOOTH = NO
               ENABLE_RESOURCE_ACCESS_CALENDARS = NO
               ENABLE_RESOURCE_ACCESS_CAMERA = NO
               ENABLE_RESOURCE_ACCESS_CONTACTS = NO
               ENABLE_RESOURCE_ACCESS_LOCATION = NO
               ENABLE_RESOURCE_ACCESS_PRINTING = NO
               ENABLE_RESOURCE_ACCESS_USB = NO
               ENABLE_SDK_IMPORTS = NO
               ENABLE_STRICT_OBJC_MSGSEND = YES
               ENABLE_TESTABILITY = NO
               ENABLE_TESTING_SEARCH_PATHS = NO
               ENABLE_USER_SCRIPT_SANDBOXING = NO
               ENFORCE_VALID_ARCHS = YES
               ENTITLEMENTS_DESTINATION = __entitlements
               ENTITLEMENTS_REQUIRED = NO
               EXCLUDED_ARCHS = arm64
               EXCLUDED_INSTALLSRC_SUBDIRECTORY_PATTERNS = .DS_Store .svn .git .hg CVS
               EXCLUDED_RECURSIVE_SEARCH_PATH_SUBDIRECTORIES = *.nib *.lproj *.framework *.gch *.xcode* *.xcassets (*) .DS_Store CVS .svn .git .hg *.pbproj *.pbxproj
               EXECUTABLES_FOLDER_PATH = cloud_firestore.framework/en.lproj
               EXECUTABLE_FOLDER_PATH = cloud_firestore.framework
               EXECUTABLE_FOLDER_PATH_SHALLOW_BUNDLE_NO = cloud_firestore.framework
               EXECUTABLE_FOLDER_PATH_SHALLOW_BUNDLE_YES = cloud_firestore.framework
               EXECUTABLE_NAME = cloud_firestore
               EXECUTABLE_PATH = cloud_firestore.framework/cloud_firestore
               EXTENSIONS_FOLDER_PATH = cloud_firestore.framework/Extensions
               FILE_LIST = /Users/otislewis/arena/build/ios/Pods.build/Release-iphonesimulator/cloud_firestore.build/Objects/LinkFileList
               FIXED_FILES_DIR = /Users/otislewis/arena/build/ios/Pods.build/Release-iphonesimulator/cloud_firestore.build/FixedFiles
               FRAMEWORKS_FOLDER_PATH = cloud_firestore.framework/Frameworks
               FRAMEWORK_FLAG_PREFIX = -framework
               FRAMEWORK_SEARCH_PATHS = /Users/otislewis/arena/build/ios/Release-iphonesimulator/cloud_firestore "/opt/homebrew/Caskroom/flutter/3.32.0/flutter/bin/cache/artifacts/engine/ios-release/Flutter.xcframework/ios-arm64_x86_64-simulator"  "/Users/otislewis/arena/build/ios/Release-iphonesimulator/BoringSSL-GRPC" "/Users/otislewis/arena/build/ios/Release-iphonesimulator/FirebaseAppCheckInterop" "/Users/otislewis/arena/build/ios/Release-iphonesimulator/FirebaseAuth" "/Users/otislewis/arena/build/ios/Release-iphonesimulator/FirebaseAuthInterop" "/Users/otislewis/arena/build/ios/Release-iphonesimulator/FirebaseCore" "/Users/otislewis/arena/build/ios/Release-iphonesimulator/FirebaseCoreExtension" "/Users/otislewis/arena/build/ios/Release-iphonesimulator/FirebaseCoreInternal" "/Users/otislewis/arena/build/ios/Release-iphonesimulator/FirebaseFirestore" "/Users/otislewis/arena/build/ios/Release-iphonesimulator/FirebaseFirestoreInternal" "/Users/otislewis/arena/build/ios/Release-iphonesimulator/FirebaseSharedSwift" "/Users/otislewis/arena/build/ios/Release-iphonesimulator/FirebaseStorage" "/Users/otislewis/arena/build/ios/Release-iphonesimulator/GTMSessionFetcher" "/Users/otislewis/arena/build/ios/Release-iphonesimulator/GoogleUtilities" "/Users/otislewis/arena/build/ios/Release-iphonesimulator/PromisesObjC" "/Users/otislewis/arena/build/ios/Release-iphonesimulator/RecaptchaInterop" "/Users/otislewis/arena/build/ios/Release-iphonesimulator/abseil" "/Users/otislewis/arena/build/ios/Release-iphonesimulator/firebase_core" "/Users/otislewis/arena/build/ios/Release-iphonesimulator/gRPC-C++" "/Users/otislewis/arena/build/ios/Release-iphonesimulator/gRPC-Core" "/Users/otislewis/arena/build/ios/Release-iphonesimulator/leveldb-library" "/Users/otislewis/arena/build/ios/Release-iphonesimulator/nanopb"
               FRAMEWORK_VERSION = A
               FULL_PRODUCT_NAME = cloud_firestore.framework
               FUSE_BUILD_PHASES = YES
               FUSE_BUILD_SCRIPT_PHASES = NO
               GCC3_VERSION = 3.3
               GCC_C_LANGUAGE_STANDARD = gnu11
               GCC_INLINES_ARE_PRIVATE_EXTERN = YES
               GCC_NO_COMMON_BLOCKS = YES
               GCC_OBJC_LEGACY_DISPATCH = YES
               GCC_PFE_FILE_C_DIALECTS = c objective-c c++ objective-c++
               GCC_PREFIX_HEADER = Target Support Files/cloud_firestore/cloud_firestore-prefix.pch
               GCC_PREPROCESSOR_DEFINITIONS = POD_CONFIGURATION_RELEASE=1  COCOAPODS=1 LIBRARY_VERSION=\@\"4.17.5\" LIBRARY_NAME=\@\"flutter-fire-fst\"
               GCC_TREAT_WARNINGS_AS_ERRORS = NO
               GCC_VERSION = com.apple.compilers.llvm.clang.1_0
               GCC_VERSION_IDENTIFIER = com_apple_compilers_llvm_clang_1_0
               GCC_WARN_64_TO_32_BIT_CONVERSION = YES
               GCC_WARN_ABOUT_RETURN_TYPE = YES_ERROR
               GCC_WARN_UNDECLARED_SELECTOR = YES
               GCC_WARN_UNINITIALIZED_AUTOS = YES_AGGRESSIVE
               GCC_WARN_UNUSED_FUNCTION = YES
               GCC_WARN_UNUSED_VARIABLE = YES
               GENERATED_MODULEMAP_DIR = /Users/otislewis/arena/build/ios/GeneratedModuleMaps-iphonesimulator
               GENERATE_INFOPLIST_FILE = NO
               GENERATE_INTERMEDIATE_TEXT_BASED_STUBS = YES
               GENERATE_MASTER_OBJECT_FILE = NO
               GENERATE_PKGINFO_FILE = NO
               GENERATE_PROFILING_CODE = NO
               GENERATE_TEXT_BASED_STUBS = NO
               GID = 20
               GROUP = staff
               HEADERMAP_INCLUDES_FLAT_ENTRIES_FOR_TARGET_BEING_BUILT = YES
               HEADERMAP_INCLUDES_FRAMEWORK_ENTRIES_FOR_ALL_PRODUCT_TYPES = YES
               HEADERMAP_INCLUDES_FRAMEWORK_ENTRIES_FOR_TARGETS_NOT_BEING_BUILT = YES
               HEADERMAP_INCLUDES_NONPUBLIC_NONPRIVATE_HEADERS = YES
               HEADERMAP_INCLUDES_PROJECT_HEADERS = YES
               HEADERMAP_USES_FRAMEWORK_PREFIX_ENTRIES = YES
               HEADERMAP_USES_VFS = YES
               HEADER_SEARCH_PATHS = /Users/otislewis/arena/build/ios/Release-iphonesimulator/cloud_firestore/include  "/Users/otislewis/arena/ios/Pods/Headers/Public"
               HIDE_BITCODE_SYMBOLS = YES
               HOME = /Users/otislewis
               HOST_ARCH = arm64
               HOST_PLATFORM = macosx
               ICONV = /usr/bin/iconv
               IMPLICIT_DEPENDENCY_DOMAIN = default
               INFOPLIST_ENABLE_CFBUNDLEICONS_MERGE = YES
               INFOPLIST_EXPAND_BUILD_SETTINGS = YES
               INFOPLIST_FILE = Target Support Files/cloud_firestore/cloud_firestore-Info.plist
               INFOPLIST_OUTPUT_FORMAT = binary
               INFOPLIST_PATH = cloud_firestore.framework/Info.plist
               INFOPLIST_PREPROCESS = NO
               INFOSTRINGS_PATH = cloud_firestore.framework/en.lproj/InfoPlist.strings
               INLINE_PRIVATE_FRAMEWORKS = NO
               INSTALLAPI_IGNORE_SKIP_INSTALL = YES
               INSTALLHDRS_COPY_PHASE = NO
               INSTALLHDRS_SCRIPT_PHASE = NO
               INSTALL_DIR = /tmp/Pods.dst/Library/Frameworks
               INSTALL_GROUP = staff
               INSTALL_MODE_FLAG = u+w,go-w,a+rX
               INSTALL_OWNER = otislewis
               INSTALL_PATH = /Library/Frameworks
               INSTALL_ROOT = /tmp/Pods.dst
               IPHONEOS_DEPLOYMENT_TARGET = 13.0
               IS_UNOPTIMIZED_BUILD = NO
               JAVAC_DEFAULT_FLAGS = -J-Xms64m -J-XX:NewSize=4M -J-Dfile.encoding=UTF8
               JAVA_APP_STUB = /System/Library/Frameworks/JavaVM.framework/Resources/MacOS/JavaApplicationStub
               JAVA_ARCHIVE_CLASSES = YES
               JAVA_ARCHIVE_TYPE = JAR
               JAVA_COMPILER = /usr/bin/javac
               JAVA_FOLDER_PATH = cloud_firestore.framework/Java
               JAVA_FRAMEWORK_RESOURCES_DIRS = Resources
               JAVA_JAR_FLAGS = cv
               JAVA_SOURCE_SUBDIR = .
               JAVA_USE_DEPENDENCIES = YES
               JAVA_ZIP_FLAGS = -urg
               JIKES_DEFAULT_FLAGS = +E +OLDCSO
               KEEP_PRIVATE_EXTERNS = NO
               LD_DEPENDENCY_INFO_FILE = /Users/otislewis/arena/build/ios/Pods.build/Release-iphonesimulator/cloud_firestore.build/Objects-normal/undefined_arch/cloud_firestore_dependency_info.dat
               LD_DYLIB_INSTALL_NAME = @rpath/cloud_firestore.framework/cloud_firestore
               LD_EXPORT_SYMBOLS = YES
               LD_GENERATE_MAP_FILE = NO
               LD_MAP_FILE_PATH = /Users/otislewis/arena/build/ios/Pods.build/Release-iphonesimulator/cloud_firestore.build/cloud_firestore-LinkMap-normal-undefined_arch.txt
               LD_NO_PIE = NO
               LD_QUOTE_LINKER_ARGUMENTS_FOR_COMPILER_DRIVER = YES
               LD_RUNPATH_SEARCH_PATHS =  @executable_path/Frameworks @loader_path/Frameworks
               LD_SHARED_CACHE_ELIGIBLE = Automatic
               LD_WARN_DUPLICATE_LIBRARIES = NO
               LD_WARN_UNUSED_DYLIBS = NO
               LEGACY_DEVELOPER_DIR = /Applications/Xcode.app/Contents/PlugIns/Xcode3Core.ideplugin/Contents/SharedSupport/Developer
               LEX = lex
               LIBRARY_DEXT_INSTALL_PATH = /Library/DriverExtensions
               LIBRARY_FLAG_NOSPACE = YES
               LIBRARY_FLAG_PREFIX = -l
               LIBRARY_KEXT_INSTALL_PATH = /Library/Extensions
               LIBRARY_SEARCH_PATHS = /Users/otislewis/arena/build/ios/Release-iphonesimulator/cloud_firestore 
               LINKER_DISPLAYS_MANGLED_NAMES = NO
               LINK_FILE_LIST_normal_x86_64 = /Users/otislewis/arena/build/ios/Pods.build/Release-iphonesimulator/cloud_firestore.build/Objects-normal/x86_64/cloud_firestore.LinkFileList
               LINK_OBJC_RUNTIME = YES
               LINK_WITH_STANDARD_LIBRARIES = YES
               LLVM_TARGET_TRIPLE_OS_VERSION = ios13.0
               LLVM_TARGET_TRIPLE_SUFFIX = -simulator
               LLVM_TARGET_TRIPLE_VENDOR = apple
               LM_AUX_CONST_METADATA_LIST_PATH_normal_x86_64 = /Users/otislewis/arena/build/ios/Pods.build/Release-iphonesimulator/cloud_firestore.build/Objects-normal/x86_64/cloud_firestore.SwiftConstValuesFileList
               LOCALIZATION_EXPORT_SUPPORTED = YES
               LOCALIZATION_PREFERS_STRING_CATALOGS = NO
               LOCALIZED_RESOURCES_FOLDER_PATH = cloud_firestore.framework/en.lproj
               LOCALIZED_STRING_MACRO_NAMES = NSLocalizedString CFCopyLocalizedString
               LOCALIZED_STRING_SWIFTUI_SUPPORT = YES
               LOCAL_ADMIN_APPS_DIR = /Applications/Utilities
               LOCAL_APPS_DIR = /Applications
               LOCAL_DEVELOPER_DIR = /Library/Developer
               LOCAL_LIBRARY_DIR = /Library
               LOCROOT = /Users/otislewis/arena/ios/Pods
               LOCSYMROOT = /Users/otislewis/arena/ios/Pods
               MACH_O_TYPE = staticlib
               MAC_OS_X_PRODUCT_BUILD_VERSION = 24F74
               MAC_OS_X_VERSION_ACTUAL = 150500
               MAC_OS_X_VERSION_MAJOR = 150000
               MAC_OS_X_VERSION_MINOR = 150500
               MAKE_MERGEABLE = NO
               MERGEABLE_LIBRARY = NO
               MERGED_BINARY_TYPE = none
               MERGE_LINKED_LIBRARIES = NO
               METAL_LIBRARY_FILE_BASE = default
               METAL_LIBRARY_OUTPUT_DIR = /Users/otislewis/arena/build/ios/Release-iphonesimulator/cloud_firestore/cloud_firestore.framework
               MODULEMAP_FILE = Target Support Files/cloud_firestore/cloud_firestore.modulemap
               MODULES_FOLDER_PATH = cloud_firestore.framework/Modules
               MTL_ENABLE_DEBUG_INFO = NO
               MTL_FAST_MATH = YES
               NATIVE_ARCH = arm64
               NATIVE_ARCH_32_BIT = arm
               NATIVE_ARCH_64_BIT = arm64
               NATIVE_ARCH_ACTUAL = arm64
               NO_COMMON = YES
               OBJC_ABI_VERSION = 2
               OBJECT_FILE_DIR = /Users/otislewis/arena/build/ios/Pods.build/Release-iphonesimulator/cloud_firestore.build/Objects
               OBJECT_FILE_DIR_normal = /Users/otislewis/arena/build/ios/Pods.build/Release-iphonesimulator/cloud_firestore.build/Objects-normal
               OBJROOT = /Users/otislewis/arena/build/ios
               ONLY_ACTIVE_ARCH = NO
               OS = MACOS
               OSAC = /usr/bin/osacompile
               OTHER_LDFLAGS =  -framework Flutter
               PACKAGE_TYPE = com.apple.package-type.wrapper.framework
               PASCAL_STRINGS = YES
               PATH = /Applications/Xcode.app/Contents/SharedFrameworks/SwiftBuild.framework/Versions/A/PlugIns/SWBBuildService.bundle/Contents/PlugIns/SWBUniversalPlatformPlugin.bundle/Contents/Frameworks/SWBUniversalPlatform.framework/Resources:/Applications/Xcode.app/Contents/Developer/Toolchains/XcodeDefault.xctoolchain/usr/bin:/Applications/Xcode.app/Contents/Developer/Toolchains/XcodeDefault.xctoolchain/usr/local/bin:/Applications/Xcode.app/Contents/Developer/Toolchains/XcodeDefault.xctoolchain/usr/libexec:/Applications/Xcode.app/Contents/Developer/Platforms/iPhoneSimulator.platform/usr/bin:/Applications/Xcode.app/Contents/Developer/Platforms/iPhoneSimulator.platform/usr/local/bin:/Applications/Xcode.app/Contents/Developer/Platforms/iPhoneSimulator.platform/Developer/usr/bin:/Applications/Xcode.app/Contents/Developer/Platforms/iPhoneSimulator.platform/Developer/usr/local/bin:/Applications/Xcode.app/Contents/Developer/usr/bin:/Applications/Xcode.app/Contents/Developer/usr/local/bin:/Users/otislewis/.gem/ruby/3.3.0/bin:/opt/homebrew/bin:/opt/homebrew/sbin:/usr/local/bin:/System/Cryptexes/App/usr/bin:/usr/bin:/bin:/usr/sbin:/sbin:/var/run/com.apple.security.cryptexd/codex.system/bootstrap/usr/local/bin:/var/run/com.apple.security.cryptexd/codex.system/bootstrap/usr/bin:/var/run/com.apple.security.cryptexd/codex.system/bootstrap/usr/appleinternal/bin:/Library/Apple/usr/bin:/opt/homebrew/Caskroom/flutter/3.32.0/flutter/bin:/Users/otislewis/Library/Android/sdk/emulator:/Users/otislewis/Library/Android/sdk/tools:/Users/otislewis/Library/Android/sdk/tools/bin:/Users/otislewis/Library/Android/sdk/platform-tools:/opt/homebrew/Caskroom/flutter/3.32.0/flutter/bin/cache/dart-sdk/bin
               PATH_PREFIXES_EXCLUDED_FROM_HEADER_DEPENDENCIES = /usr/include /usr/local/include /System/Library/Frameworks /System/Library/PrivateFrameworks /Applications/Xcode.app/Contents/Developer/Headers /Applications/Xcode.app/Contents/Developer/SDKs /Applications/Xcode.app/Contents/Developer/Platforms
               PBDEVELOPMENTPLIST_PATH = cloud_firestore.framework/pbdevelopment.plist
               PER_ARCH_MODULE_FILE_DIR = /Users/otislewis/arena/build/ios/Pods.build/Release-iphonesimulator/cloud_firestore.build/Objects-normal/undefined_arch
               PER_ARCH_OBJECT_FILE_DIR = /Users/otislewis/arena/build/ios/Pods.build/Release-iphonesimulator/cloud_firestore.build/Objects-normal/undefined_arch
               PER_VARIANT_OBJECT_FILE_DIR = /Users/otislewis/arena/build/ios/Pods.build/Release-iphonesimulator/cloud_firestore.build/Objects-normal
               PKGINFO_FILE_PATH = /Users/otislewis/arena/build/ios/Pods.build/Release-iphonesimulator/cloud_firestore.build/PkgInfo
               PKGINFO_PATH = cloud_firestore.framework/PkgInfo
               PLATFORM_DEVELOPER_APPLICATIONS_DIR = /Applications/Xcode.app/Contents/Developer/Platforms/iPhoneSimulator.platform/Developer/Applications
               PLATFORM_DEVELOPER_BIN_DIR = /Applications/Xcode.app/Contents/Developer/Platforms/iPhoneSimulator.platform/Developer/usr/bin
               PLATFORM_DEVELOPER_LIBRARY_DIR = /Applications/Xcode.app/Contents/Developer/Platforms/iPhoneSimulator.platform/Developer/Library
               PLATFORM_DEVELOPER_SDK_DIR = /Applications/Xcode.app/Contents/Developer/Platforms/iPhoneSimulator.platform/Developer/SDKs
               PLATFORM_DEVELOPER_TOOLS_DIR = /Applications/Xcode.app/Contents/Developer/Platforms/iPhoneSimulator.platform/Developer/Tools
               PLATFORM_DEVELOPER_USR_DIR = /Applications/Xcode.app/Contents/Developer/Platforms/iPhoneSimulator.platform/Developer/usr
               PLATFORM_DIR = /Applications/Xcode.app/Contents/Developer/Platforms/iPhoneSimulator.platform
               PLATFORM_DISPLAY_NAME = iOS Simulator
               PLATFORM_FAMILY_NAME = iOS
               PLATFORM_NAME = iphonesimulator
               PLATFORM_PREFERRED_ARCH = x86_64
               PLATFORM_PRODUCT_BUILD_VERSION = 22E235
               PLATFORM_REQUIRES_SWIFT_AUTOLINK_EXTRACT = NO
               PLATFORM_REQUIRES_SWIFT_MODULEWRAP = NO
               PLIST_FILE_OUTPUT_FORMAT = binary
               PLUGINS_FOLDER_PATH = cloud_firestore.framework/PlugIns
               PODS_BUILD_DIR = /Users/otislewis/arena/build/ios
               PODS_CONFIGURATION_BUILD_DIR = /Users/otislewis/arena/build/ios/Release-iphonesimulator
               PODS_DEVELOPMENT_LANGUAGE = en
               PODS_ROOT = /Users/otislewis/arena/ios/Pods
               PODS_TARGET_SRCROOT = /Users/otislewis/arena/ios/Pods/../.symlinks/plugins/cloud_firestore/ios
               PODS_XCFRAMEWORKS_BUILD_DIR = /Users/otislewis/arena/build/ios/Release-iphonesimulator/XCFrameworkIntermediates
               PRECOMPS_INCLUDE_HEADERS_FROM_BUILT_PRODUCTS_DIR = YES
               PRECOMP_DESTINATION_DIR = /Users/otislewis/arena/build/ios/Pods.build/Release-iphonesimulator/cloud_firestore.build/PrefixHeaders
               PRIVATE_HEADERS_FOLDER_PATH = cloud_firestore.framework/PrivateHeaders
               PROCESSED_INFOPLIST_PATH = /Users/otislewis/arena/build/ios/Pods.build/Release-iphonesimulator/cloud_firestore.build/Objects-normal/undefined_arch/Processed-Info.plist
               PRODUCT_BUNDLE_IDENTIFIER = org.cocoapods.cloud-firestore
               PRODUCT_BUNDLE_PACKAGE_TYPE = FMWK
               PRODUCT_MODULE_NAME = cloud_firestore
               PRODUCT_NAME = cloud_firestore
               PRODUCT_SETTINGS_PATH = /Users/otislewis/arena/ios/Pods/Target Support Files/cloud_firestore/cloud_firestore-Info.plist
               PRODUCT_TYPE = com.apple.product-type.framework
               PROFILING_CODE = NO
               PROJECT = Pods
               PROJECT_DERIVED_FILE_DIR = /Users/otislewis/arena/build/ios/Pods.build/DerivedSources
               PROJECT_DIR = /Users/otislewis/arena/ios/Pods
               PROJECT_FILE_PATH = /Users/otislewis/arena/ios/Pods/Pods.xcodeproj
               PROJECT_GUID = bfdfe7dc352907fc980b868725387e98
               PROJECT_NAME = Pods
               PROJECT_TEMP_DIR = /Users/otislewis/arena/build/ios/Pods.build
               PROJECT_TEMP_ROOT = /Users/otislewis/arena/build/ios
               PUBLIC_HEADERS_FOLDER_PATH = cloud_firestore.framework/Headers
               RECOMMENDED_IPHONEOS_DEPLOYMENT_TARGET = 15.0
               RECURSIVE_SEARCH_PATHS_FOLLOW_SYMLINKS = YES
               REMOVE_CVS_FROM_RESOURCES = YES
               REMOVE_GIT_FROM_RESOURCES = YES
               REMOVE_HEADERS_FROM_EMBEDDED_BUNDLES = YES
               REMOVE_HG_FROM_RESOURCES = YES
               REMOVE_STATIC_EXECUTABLES_FROM_EMBEDDED_BUNDLES = YES
               REMOVE_SVN_FROM_RESOURCES = YES
               RESCHEDULE_INDEPENDENT_HEADERS_PHASES = YES
               REZ_COLLECTOR_DIR = /Users/otislewis/arena/build/ios/Pods.build/Release-iphonesimulator/cloud_firestore.build/ResourceManagerResources
               REZ_OBJECTS_DIR = /Users/otislewis/arena/build/ios/Pods.build/Release-iphonesimulator/cloud_firestore.build/ResourceManagerResources/Objects
               REZ_SEARCH_PATHS = /Users/otislewis/arena/build/ios/Release-iphonesimulator/cloud_firestore 
               SCAN_ALL_SOURCE_FILES_FOR_INCLUDES = NO
               SCRIPTS_FOLDER_PATH = cloud_firestore.framework/Scripts
               SDKROOT = /Applications/Xcode.app/Contents/Developer/Platforms/iPhoneSimulator.platform/Developer/SDKs/iPhoneSimulator18.4.sdk
               SDK_DIR = /Applications/Xcode.app/Contents/Developer/Platforms/iPhoneSimulator.platform/Developer/SDKs/iPhoneSimulator18.4.sdk
               SDK_DIR_iphonesimulator = /Applications/Xcode.app/Contents/Developer/Platforms/iPhoneSimulator.platform/Developer/SDKs/iPhoneSimulator18.4.sdk
               SDK_DIR_iphonesimulator18_4 = /Applications/Xcode.app/Contents/Developer/Platforms/iPhoneSimulator.platform/Developer/SDKs/iPhoneSimulator18.4.sdk
               SDK_NAME = iphonesimulator18.4
               SDK_NAMES = iphonesimulator18.4
               SDK_PRODUCT_BUILD_VERSION = 22E235
               SDK_STAT_CACHE_DIR = /var/folders/4y/xy3fflts0nqfk1tsxg0t3mmr0000gn/C/com.apple.DeveloperTools/16.3-16E140/Xcode
               SDK_STAT_CACHE_ENABLE = YES
               SDK_STAT_CACHE_PATH = /var/folders/4y/xy3fflts0nqfk1tsxg0t3mmr0000gn/C/com.apple.DeveloperTools/16.3-16E140/Xcode/SDKStatCaches.noindex/iphonesimulator18.4-22E235-71825a6d136aa4733edcbe86ece5525b.sdkstatcache
               SDK_VERSION = 18.4
               SDK_VERSION_ACTUAL = 180400
               SDK_VERSION_MAJOR = 180000
               SDK_VERSION_MINOR = 180400
               SED = /usr/bin/sed
               SEPARATE_STRIP = NO
               SEPARATE_SYMBOL_EDIT = NO
               SET_DIR_MODE_OWNER_GROUP = YES
               SET_FILE_MODE_OWNER_GROUP = NO
               SHALLOW_BUNDLE = YES
               SHALLOW_BUNDLE_TRIPLE = ios-simulator
               SHALLOW_BUNDLE_ios_macabi = NO
               SHALLOW_BUNDLE_macos = NO
               SHARED_DERIVED_FILE_DIR = /Users/otislewis/arena/build/ios/Release-iphonesimulator/cloud_firestore/DerivedSources
               SHARED_FRAMEWORKS_FOLDER_PATH = cloud_firestore.framework/SharedFrameworks
               SHARED_PRECOMPS_DIR = /Users/otislewis/arena/build/ios/SharedPrecompiledHeaders
               SHARED_SUPPORT_FOLDER_PATH = cloud_firestore.framework
               SKIP_INSTALL = YES
               SOURCE_ROOT = /Users/otislewis/arena/ios/Pods
               SRCROOT = /Users/otislewis/arena/ios/Pods
               STRINGSDATA_DIR = /Users/otislewis/arena/build/ios/Pods.build/Release-iphonesimulator/cloud_firestore.build/Objects-normal/undefined_arch
               STRINGSDATA_ROOT = /Users/otislewis/arena/build/ios/Pods.build/Release-iphonesimulator/cloud_firestore.build
               STRINGS_FILE_INFOPLIST_RENAME = YES
               STRINGS_FILE_OUTPUT_ENCODING = binary
               STRIP_BITCODE_FROM_COPIED_FILES = NO
               STRIP_INSTALLED_PRODUCT = NO
               STRIP_STYLE = debugging
               STRIP_SWIFT_SYMBOLS = YES
               SUPPORTED_DEVICE_FAMILIES = 1,2
               SUPPORTED_PLATFORMS = iphoneos iphonesimulator
               SUPPORTS_TEXT_BASED_API = NO
               SUPPRESS_WARNINGS = NO
               SWIFT_ACTIVE_COMPILATION_CONDITIONS =  
               SWIFT_COMPILATION_MODE = wholemodule
               SWIFT_EMIT_LOC_STRINGS = NO
               SWIFT_INSTALL_MODULE_FOR_DEPLOYMENT = YES
               SWIFT_INSTALL_OBJC_HEADER = YES
               SWIFT_OPTIMIZATION_LEVEL = -O
               SWIFT_PLATFORM_TARGET_PREFIX = ios
               SWIFT_RESPONSE_FILE_PATH_normal_x86_64 = /Users/otislewis/arena/build/ios/Pods.build/Release-iphonesimulator/cloud_firestore.build/Objects-normal/x86_64/cloud_firestore.SwiftFileList
               SWIFT_VERSION = 5.0
               SYMROOT = /Users/otislewis/arena/ios/build
               SYSTEM_ADMIN_APPS_DIR = /Applications/Utilities
               SYSTEM_APPS_DIR = /Applications
               SYSTEM_CORE_SERVICES_DIR = /System/Library/CoreServices
               SYSTEM_DEMOS_DIR = /Applications/Extras
               SYSTEM_DEVELOPER_APPS_DIR = /Applications/Xcode.app/Contents/Developer/Applications
               SYSTEM_DEVELOPER_BIN_DIR = /Applications/Xcode.app/Contents/Developer/usr/bin
               SYSTEM_DEVELOPER_DEMOS_DIR = /Applications/Xcode.app/Contents/Developer/Applications/Utilities/Built Examples
               SYSTEM_DEVELOPER_DIR = /Applications/Xcode.app/Contents/Developer
               SYSTEM_DEVELOPER_DOC_DIR = /Applications/Xcode.app/Contents/Developer/ADC Reference Library
               SYSTEM_DEVELOPER_GRAPHICS_TOOLS_DIR = /Applications/Xcode.app/Contents/Developer/Applications/Graphics Tools
               SYSTEM_DEVELOPER_JAVA_TOOLS_DIR = /Applications/Xcode.app/Contents/Developer/Applications/Java Tools
               SYSTEM_DEVELOPER_PERFORMANCE_TOOLS_DIR = /Applications/Xcode.app/Contents/Developer/Applications/Performance Tools
               SYSTEM_DEVELOPER_RELEASENOTES_DIR = /Applications/Xcode.app/Contents/Developer/ADC Reference Library/releasenotes
               SYSTEM_DEVELOPER_TOOLS = /Applications/Xcode.app/Contents/Developer/Tools
               SYSTEM_DEVELOPER_TOOLS_DOC_DIR = /Applications/Xcode.app/Contents/Developer/ADC Reference Library/documentation/DeveloperTools
               SYSTEM_DEVELOPER_TOOLS_RELEASENOTES_DIR = /Applications/Xcode.app/Contents/Developer/ADC Reference Library/releasenotes/DeveloperTools
               SYSTEM_DEVELOPER_USR_DIR = /Applications/Xcode.app/Contents/Developer/usr
               SYSTEM_DEVELOPER_UTILITIES_DIR = /Applications/Xcode.app/Contents/Developer/Applications/Utilities
               SYSTEM_DEXT_INSTALL_PATH = /System/Library/DriverExtensions
               SYSTEM_DOCUMENTATION_DIR = /Library/Documentation
               SYSTEM_EXTENSIONS_FOLDER_PATH = cloud_firestore.framework/SystemExtensions
               SYSTEM_EXTENSIONS_FOLDER_PATH_SHALLOW_BUNDLE_NO = cloud_firestore.framework/Library/SystemExtensions
               SYSTEM_EXTENSIONS_FOLDER_PATH_SHALLOW_BUNDLE_YES = cloud_firestore.framework/SystemExtensions
               SYSTEM_KEXT_INSTALL_PATH = /System/Library/Extensions
               SYSTEM_LIBRARY_DIR = /System/Library
               TAPI_DEMANGLE = YES
               TAPI_ENABLE_PROJECT_HEADERS = NO
               TAPI_LANGUAGE = objective-c
               TAPI_LANGUAGE_STANDARD = compiler-default
               TAPI_USE_SRCROOT = YES
               TAPI_VERIFY_MODE = Pedantic
               TARGETED_DEVICE_FAMILY = 1,2
               TARGETNAME = cloud_firestore
               TARGET_BUILD_DIR = /Users/otislewis/arena/build/ios/Release-iphonesimulator/cloud_firestore
               TARGET_NAME = cloud_firestore
               TARGET_TEMP_DIR = /Users/otislewis/arena/build/ios/Pods.build/Release-iphonesimulator/cloud_firestore.build
               TEMP_DIR = /Users/otislewis/arena/build/ios/Pods.build/Release-iphonesimulator/cloud_firestore.build
               TEMP_FILES_DIR = /Users/otislewis/arena/build/ios/Pods.build/Release-iphonesimulator/cloud_firestore.build
               TEMP_FILE_DIR = /Users/otislewis/arena/build/ios/Pods.build/Release-iphonesimulator/cloud_firestore.build
               TEMP_ROOT = /Users/otislewis/arena/build/ios
               TEMP_SANDBOX_DIR = /Users/otislewis/arena/build/ios/TemporaryTaskSandboxes
               TEST_FRAMEWORK_SEARCH_PATHS =  /Applications/Xcode.app/Contents/Developer/Platforms/iPhoneSimulator.platform/Developer/Library/Frameworks /Applications/Xcode.app/Contents/Developer/Platforms/iPhoneSimulator.platform/Developer/SDKs/iPhoneSimulator18.4.sdk/Developer/Library/Frameworks
               TEST_LIBRARY_SEARCH_PATHS =  /Applications/Xcode.app/Contents/Developer/Platforms/iPhoneSimulator.platform/Developer/usr/lib
               TOOLCHAINS = com.apple.dt.toolchain.XcodeDefault
               TOOLCHAIN_DIR = /Applications/Xcode.app/Contents/Developer/Toolchains/XcodeDefault.xctoolchain
               TREAT_MISSING_BASELINES_AS_TEST_FAILURES = NO
               TREAT_MISSING_SCRIPT_PHASE_OUTPUTS_AS_ERRORS = NO
               UID = 501
               UNINSTALLED_PRODUCTS_DIR = /Users/otislewis/arena/build/ios/UninstalledProducts
               UNLOCALIZED_RESOURCES_FOLDER_PATH = cloud_firestore.framework
               UNLOCALIZED_RESOURCES_FOLDER_PATH_SHALLOW_BUNDLE_NO = cloud_firestore.framework/Resources
               UNLOCALIZED_RESOURCES_FOLDER_PATH_SHALLOW_BUNDLE_YES = cloud_firestore.framework
               UNSTRIPPED_PRODUCT = NO
               USER = otislewis
               USER_APPS_DIR = /Users/otislewis/Applications
               USER_LIBRARY_DIR = /Users/otislewis/Library
               USE_DYNAMIC_NO_PIC = YES
               USE_HEADERMAP = YES
               USE_HEADER_SYMLINKS = NO
               USE_RECURSIVE_SCRIPT_INPUTS_IN_SCRIPT_PHASES = YES
               VALIDATE_DEVELOPMENT_ASSET_PATHS = YES_ERROR
               VALIDATE_PRODUCT = YES
               VALID_ARCHS = arm64 x86_64
               VERBOSE_PBXCP = NO
               VERSIONING_SYSTEM = apple-generic
               VERSIONPLIST_PATH = cloud_firestore.framework/version.plist
               VERSIONS_FOLDER_PATH = cloud_firestore.framework
               VERSIONS_FOLDER_PATH_SHALLOW_BUNDLE_NO = cloud_firestore.framework/Versions
               VERSIONS_FOLDER_PATH_SHALLOW_BUNDLE_YES = cloud_firestore.framework
               VERSION_INFO_BUILDER = otislewis
               VERSION_INFO_FILE = cloud_firestore_vers.c
               VERSION_INFO_STRING = "@(#)PROGRAM:cloud_firestore  PROJECT:Pods-1"
               WORKSPACE_DIR = /Users/otislewis/arena/ios/Pods/Pods.xcodeproj
               WRAPPER_EXTENSION = framework
               WRAPPER_NAME = cloud_firestore.framework
               WRAPPER_SUFFIX = .framework
               WRAP_ASSET_PACKS_IN_SEPARATE_DIRECTORIES = NO
               XCODE_APP_SUPPORT_DIR = /Applications/Xcode.app/Contents/Developer/Library/Xcode
               XCODE_PRODUCT_BUILD_VERSION = 16E140
               XCODE_VERSION_ACTUAL = 1630
               XCODE_VERSION_MAJOR = 1600
               XCODE_VERSION_MINOR = 1630
               XPCSERVICES_FOLDER_PATH = cloud_firestore.framework/XPCServices
               YACC = yacc
               _DISCOVER_COMMAND_LINE_LINKER_INPUTS = YES
               _DISCOVER_COMMAND_LINE_LINKER_INPUTS_INCLUDE_WL = YES
               _WRAPPER_CONTENTS_DIR_SHALLOW_BUNDLE_NO = /Contents
               _WRAPPER_PARENT_PATH_SHALLOW_BUNDLE_NO = /..
               _WRAPPER_RESOURCES_DIR_SHALLOW_BUNDLE_NO = /Resources
               __DIAGNOSE_DEPRECATED_ARCHS = YES
               arch = undefined_arch
               variant = normal

           Build settings for action build and target Firebase:
               ACTION = build
               AD_HOC_CODE_SIGNING_ALLOWED = YES
               ALLOW_BUILD_REQUEST_OVERRIDES = NO
               ALLOW_TARGET_PLATFORM_SPECIALIZATION = NO
               ALTERNATE_GROUP = staff
               ALTERNATE_MODE = u+w,go-w,a+rX
               ALTERNATE_OWNER = otislewis
               ALTERNATIVE_DISTRIBUTION_WEB = NO
               ALWAYS_EMBED_SWIFT_STANDARD_LIBRARIES = NO
               ALWAYS_SEARCH_USER_PATHS = NO
               ALWAYS_USE_SEPARATE_HEADERMAPS = NO
               APPLICATION_EXTENSION_API_ONLY = NO
               APPLY_RULES_IN_COPY_FILES = NO
               APPLY_RULES_IN_COPY_HEADERS = NO
               APP_SHORTCUTS_ENABLE_FLEXIBLE_MATCHING = YES
               ARCHS_STANDARD = arm64 x86_64
               ARCHS_STANDARD_32_64_BIT = arm64 x86_64
               ARCHS_STANDARD_64_BIT = arm64 x86_64
               ARCHS_STANDARD_INCLUDING_64_BIT = arm64 x86_64
               ARCHS_UNIVERSAL_IPHONE_OS = arm64 x86_64
               ASSETCATALOG_COMPILER_APPICON_NAME = AppIcon
               ASSETCATALOG_COMPILER_GLOBAL_ACCENT_COLOR_NAME = AccentColor
               AUTOMATICALLY_MERGE_DEPENDENCIES = NO
               AVAILABLE_PLATFORMS = android appletvos appletvsimulator driverkit iphoneos iphonesimulator macosx qnx watchos watchsimulator xros xrsimulator
               BITCODE_GENERATION_MODE = marker
               BUILD_ACTIVE_RESOURCES_ONLY = NO
               BUILD_COMPONENTS = headers build
               BUILD_DIR = /Users/otislewis/arena/build/ios
               BUILD_LIBRARY_FOR_DISTRIBUTION = NO
               BUILD_ROOT = /Users/otislewis/arena/ios/build
               BUILD_STYLE = 
               BUILD_VARIANTS = normal
               BUILT_PRODUCTS_DIR = /Users/otislewis/arena/build/ios/Release-iphonesimulator/Firebase
               BUNDLE_CONTENTS_FOLDER_PATH_deep = Contents/
               BUNDLE_EXECUTABLE_FOLDER_NAME_deep = MacOS
               BUNDLE_EXTENSIONS_FOLDER_PATH = Extensions
               BUNDLE_FORMAT = shallow
               BUNDLE_FRAMEWORKS_FOLDER_PATH = Frameworks
               BUNDLE_PLUGINS_FOLDER_PATH = PlugIns
               BUNDLE_PRIVATE_HEADERS_FOLDER_PATH = PrivateHeaders
               BUNDLE_PUBLIC_HEADERS_FOLDER_PATH = Headers
               CACHE_ROOT = /var/folders/4y/xy3fflts0nqfk1tsxg0t3mmr0000gn/C/com.apple.DeveloperTools/16.3-16E140/Xcode
               CCHROOT = /var/folders/4y/xy3fflts0nqfk1tsxg0t3mmr0000gn/C/com.apple.DeveloperTools/16.3-16E140/Xcode
               CHMOD = /bin/chmod
               CHOWN = /usr/sbin/chown
               CLANG_ANALYZER_LOCALIZABILITY_NONLOCALIZED = YES
               CLANG_ANALYZER_NONNULL = YES
               CLANG_ANALYZER_NUMBER_OBJECT_CONVERSION = YES_AGGRESSIVE
               CLANG_CACHE_FINE_GRAINED_OUTPUTS = YES
               CLANG_CXX_LANGUAGE_STANDARD = gnu++14
               CLANG_CXX_LIBRARY = libc++
               CLANG_ENABLE_EXPLICIT_MODULES = YES
               CLANG_ENABLE_MODULES = YES
               CLANG_ENABLE_OBJC_ARC = YES
               CLANG_ENABLE_OBJC_WEAK = NO
               CLANG_MODULES_BUILD_SESSION_FILE = /var/folders/4y/xy3fflts0nqfk1tsxg0t3mmr0000gn/C/org.llvm.clang/ModuleCache.noindex/Session.modulevalidation
               CLANG_WARN_BLOCK_CAPTURE_AUTORELEASING = YES
               CLANG_WARN_BOOL_CONVERSION = YES
               CLANG_WARN_COMMA = YES
               CLANG_WARN_CONSTANT_CONVERSION = YES
               CLANG_WARN_DEPRECATED_OBJC_IMPLEMENTATIONS = YES
               CLANG_WARN_DIRECT_OBJC_ISA_USAGE = YES_ERROR
               CLANG_WARN_DOCUMENTATION_COMMENTS = YES
               CLANG_WARN_EMPTY_BODY = YES
               CLANG_WARN_ENUM_CONVERSION = YES
               CLANG_WARN_INFINITE_RECURSION = YES
               CLANG_WARN_INT_CONVERSION = YES
               CLANG_WARN_NON_LITERAL_NULL_CONVERSION = YES
               CLANG_WARN_OBJC_IMPLICIT_RETAIN_SELF = YES
               CLANG_WARN_OBJC_LITERAL_CONVERSION = YES
               CLANG_WARN_OBJC_ROOT_CLASS = YES_ERROR
               CLANG_WARN_QUOTED_INCLUDE_IN_FRAMEWORK_HEADER = NO
               CLANG_WARN_RANGE_LOOP_ANALYSIS = YES
               CLANG_WARN_STRICT_PROTOTYPES = YES
               CLANG_WARN_SUSPICIOUS_MOVE = YES
               CLANG_WARN_UNGUARDED_AVAILABILITY = YES_AGGRESSIVE
               CLANG_WARN_UNREACHABLE_CODE = YES
               CLANG_WARN__DUPLICATE_METHOD_MATCH = YES
               CLASS_FILE_DIR = /Users/otislewis/arena/build/ios/Pods.build/Release-iphonesimulator/Firebase.build/JavaClasses
               CLEAN_PRECOMPS = YES
               CLONE_HEADERS = NO
               CODESIGNING_FOLDER_PATH = /Users/otislewis/arena/build/ios/Release-iphonesimulator/Firebase/
               CODE_SIGNING_ALLOWED = NO
               CODE_SIGNING_REQUIRED = YES
               CODE_SIGN_CONTEXT_CLASS = XCiPhoneSimulatorCodeSignContext
               CODE_SIGN_IDENTITY = -
               CODE_SIGN_INJECT_BASE_ENTITLEMENTS = YES
               COLOR_DIAGNOSTICS = NO
               COMBINE_HIDPI_IMAGES = NO
               COMPILATION_CACHE_CAS_PATH = /var/folders/4y/xy3fflts0nqfk1tsxg0t3mmr0000gn/C/com.apple.DeveloperTools/16.3-16E140/Xcode/CompilationCache.noindex
               COMPILATION_CACHE_KEEP_CAS_DIRECTORY = YES
               COMPILER_INDEX_STORE_ENABLE = Default
               COMPOSITE_SDK_DIRS = /Users/otislewis/arena/build/ios/CompositeSDKs
               COMPRESS_PNG_FILES = YES
               CONFIGURATION = Release
               CONFIGURATION_BUILD_DIR = /Users/otislewis/arena/build/ios/Release-iphonesimulator/Firebase
               CONFIGURATION_TEMP_DIR = /Users/otislewis/arena/build/ios/Pods.build/Release-iphonesimulator
               COPYING_PRESERVES_HFS_DATA = NO
               COPY_HEADERS_RUN_UNIFDEF = NO
               COPY_PHASE_STRIP = NO
               CORRESPONDING_DEVICE_PLATFORM_DIR = /Applications/Xcode.app/Contents/Developer/Platforms/iPhoneOS.platform
               CORRESPONDING_DEVICE_PLATFORM_NAME = iphoneos
               CORRESPONDING_DEVICE_SDK_DIR = /Applications/Xcode.app/Contents/Developer/Platforms/iPhoneOS.platform/Developer/SDKs/iPhoneOS18.4.sdk
               CORRESPONDING_DEVICE_SDK_NAME = iphoneos18.4
               CP = /bin/cp
               CREATE_INFOPLIST_SECTION_IN_BINARY = NO
               CURRENT_ARCH = undefined_arch
               CURRENT_VARIANT = normal
               DEAD_CODE_STRIPPING = YES
               DEBUGGING_SYMBOLS = YES
               DEBUG_INFORMATION_FORMAT = dwarf-with-dsym
               DEBUG_INFORMATION_VERSION = compiler-default
               DEFAULT_COMPILER = com.apple.compilers.llvm.clang.1_0
               DEFAULT_DEXT_INSTALL_PATH = /System/Library/DriverExtensions
               DEFAULT_KEXT_INSTALL_PATH = /System/Library/Extensions
               DEFINES_MODULE = NO
               DEPLOYMENT_LOCATION = NO
               DEPLOYMENT_POSTPROCESSING = NO
               DEPLOYMENT_TARGET_SETTING_NAME = IPHONEOS_DEPLOYMENT_TARGET
               DEPLOYMENT_TARGET_SUGGESTED_VALUES = 12.0 12.1 12.2 12.3 12.4 13.0 13.1 13.2 13.3 13.4 13.5 13.6 14.0 14.1 14.2 14.3 14.4 14.5 14.6 14.7 15.0 15.1 15.2 15.3 15.4 15.5 15.6 16.0 16.1 16.2 16.3 16.4 16.5 16.6 17.0 17.1 17.2 17.3 17.4 17.5 17.6 18.0 18.1 18.2 18.3 18.4
               DERIVED_FILES_DIR = /Users/otislewis/arena/build/ios/Pods.build/Release-iphonesimulator/Firebase.build/DerivedSources
               DERIVED_FILE_DIR = /Users/otislewis/arena/build/ios/Pods.build/Release-iphonesimulator/Firebase.build/DerivedSources
               DERIVED_SOURCES_DIR = /Users/otislewis/arena/build/ios/Pods.build/Release-iphonesimulator/Firebase.build/DerivedSources
               DEVELOPER_APPLICATIONS_DIR = /Applications/Xcode.app/Contents/Developer/Applications
               DEVELOPER_BIN_DIR = /Applications/Xcode.app/Contents/Developer/usr/bin
               DEVELOPER_DIR = /Applications/Xcode.app/Contents/Developer
               DEVELOPER_FRAMEWORKS_DIR = /Applications/Xcode.app/Contents/Developer/Library/Frameworks
               DEVELOPER_FRAMEWORKS_DIR_QUOTED = /Applications/Xcode.app/Contents/Developer/Library/Frameworks
               DEVELOPER_LIBRARY_DIR = /Applications/Xcode.app/Contents/Developer/Library
               DEVELOPER_SDK_DIR = /Applications/Xcode.app/Contents/Developer/Platforms/MacOSX.platform/Developer/SDKs
               DEVELOPER_TOOLS_DIR = /Applications/Xcode.app/Contents/Developer/Tools
               DEVELOPER_USR_DIR = /Applications/Xcode.app/Contents/Developer/usr
               DEVELOPMENT_LANGUAGE = en
               DIAGNOSE_MISSING_TARGET_DEPENDENCIES = YES
               DIFF = /usr/bin/diff
               DONT_GENERATE_INFOPLIST_FILE = NO
               DSTROOT = /tmp/Pods.dst
               DT_TOOLCHAIN_DIR = /Applications/Xcode.app/Contents/Developer/Toolchains/XcodeDefault.xctoolchain
               DWARF_DSYM_FILE_NAME = .dSYM
               DWARF_DSYM_FILE_SHOULD_ACCOMPANY_PRODUCT = NO
               DWARF_DSYM_FOLDER_PATH = /Users/otislewis/arena/build/ios/Release-iphonesimulator/Firebase
               DYNAMIC_LIBRARY_EXTENSION = dylib
               EAGER_COMPILATION_ALLOW_SCRIPTS = NO
               EAGER_LINKING = NO
               EFFECTIVE_PLATFORM_NAME = -iphonesimulator
               EMBEDDED_CONTENT_CONTAINS_SWIFT = NO
               EMBED_ASSET_PACKS_IN_PRODUCT_BUNDLE = NO
               ENABLE_APP_SANDBOX = NO
               ENABLE_BITCODE = NO
               ENABLE_CODE_COVERAGE = YES
               ENABLE_DEFAULT_HEADER_SEARCH_PATHS = YES
               ENABLE_DEFAULT_SEARCH_PATHS = YES
               ENABLE_HARDENED_RUNTIME = NO
               ENABLE_HEADER_DEPENDENCIES = YES
               ENABLE_INCOMING_NETWORK_CONNECTIONS = NO
               ENABLE_NS_ASSERTIONS = NO
               ENABLE_ON_DEMAND_RESOURCES = NO
               ENABLE_OUTGOING_NETWORK_CONNECTIONS = NO
               ENABLE_RESOURCE_ACCESS_AUDIO_INPUT = NO
               ENABLE_RESOURCE_ACCESS_BLUETOOTH = NO
               ENABLE_RESOURCE_ACCESS_CALENDARS = NO
               ENABLE_RESOURCE_ACCESS_CAMERA = NO
               ENABLE_RESOURCE_ACCESS_CONTACTS = NO
               ENABLE_RESOURCE_ACCESS_LOCATION = NO
               ENABLE_RESOURCE_ACCESS_PRINTING = NO
               ENABLE_RESOURCE_ACCESS_USB = NO
               ENABLE_SDK_IMPORTS = NO
               ENABLE_STRICT_OBJC_MSGSEND = YES
               ENABLE_TESTABILITY = NO
               ENABLE_TESTING_SEARCH_PATHS = NO
               ENABLE_USER_SCRIPT_SANDBOXING = NO
               ENFORCE_VALID_ARCHS = YES
               ENTITLEMENTS_DESTINATION = __entitlements
               ENTITLEMENTS_REQUIRED = YES
               EXCLUDED_ARCHS = arm64
               EXCLUDED_INSTALLSRC_SUBDIRECTORY_PATTERNS = .DS_Store .svn .git .hg CVS
               EXCLUDED_RECURSIVE_SEARCH_PATH_SUBDIRECTORIES = *.nib *.lproj *.framework *.gch *.xcode* *.xcassets (*) .DS_Store CVS .svn .git .hg *.pbproj *.pbxproj
               FILE_LIST = /Users/otislewis/arena/build/ios/Pods.build/Release-iphonesimulator/Firebase.build/Objects/LinkFileList
               FIXED_FILES_DIR = /Users/otislewis/arena/build/ios/Pods.build/Release-iphonesimulator/Firebase.build/FixedFiles
               FRAMEWORK_SEARCH_PATHS =  "/Users/otislewis/arena/build/ios/Release-iphonesimulator/BoringSSL-GRPC" "/Users/otislewis/arena/build/ios/Release-iphonesimulator/FirebaseAppCheckInterop" "/Users/otislewis/arena/build/ios/Release-iphonesimulator/FirebaseAuth" "/Users/otislewis/arena/build/ios/Release-iphonesimulator/FirebaseAuthInterop" "/Users/otislewis/arena/build/ios/Release-iphonesimulator/FirebaseCore" "/Users/otislewis/arena/build/ios/Release-iphonesimulator/FirebaseCoreExtension" "/Users/otislewis/arena/build/ios/Release-iphonesimulator/FirebaseCoreInternal" "/Users/otislewis/arena/build/ios/Release-iphonesimulator/FirebaseFirestore" "/Users/otislewis/arena/build/ios/Release-iphonesimulator/FirebaseFirestoreInternal" "/Users/otislewis/arena/build/ios/Release-iphonesimulator/FirebaseSharedSwift" "/Users/otislewis/arena/build/ios/Release-iphonesimulator/FirebaseStorage" "/Users/otislewis/arena/build/ios/Release-iphonesimulator/GTMSessionFetcher" "/Users/otislewis/arena/build/ios/Release-iphonesimulator/GoogleUtilities" "/Users/otislewis/arena/build/ios/Release-iphonesimulator/PromisesObjC" "/Users/otislewis/arena/build/ios/Release-iphonesimulator/RecaptchaInterop" "/Users/otislewis/arena/build/ios/Release-iphonesimulator/abseil" "/Users/otislewis/arena/build/ios/Release-iphonesimulator/gRPC-C++" "/Users/otislewis/arena/build/ios/Release-iphonesimulator/gRPC-Core" "/Users/otislewis/arena/build/ios/Release-iphonesimulator/leveldb-library" "/Users/otislewis/arena/build/ios/Release-iphonesimulator/nanopb"
               FRAMEWORK_VERSION = A
               FUSE_BUILD_PHASES = YES
               FUSE_BUILD_SCRIPT_PHASES = NO
               GCC3_VERSION = 3.3
               GCC_C_LANGUAGE_STANDARD = gnu11
               GCC_NO_COMMON_BLOCKS = YES
               GCC_OBJC_LEGACY_DISPATCH = YES
               GCC_PFE_FILE_C_DIALECTS = c objective-c c++ objective-c++
               GCC_PREPROCESSOR_DEFINITIONS = POD_CONFIGURATION_RELEASE=1  COCOAPODS=1
               GCC_TREAT_WARNINGS_AS_ERRORS = NO
               GCC_VERSION = com.apple.compilers.llvm.clang.1_0
               GCC_VERSION_IDENTIFIER = com_apple_compilers_llvm_clang_1_0
               GCC_WARN_64_TO_32_BIT_CONVERSION = YES
               GCC_WARN_ABOUT_RETURN_TYPE = YES_ERROR
               GCC_WARN_UNDECLARED_SELECTOR = YES
               GCC_WARN_UNINITIALIZED_AUTOS = YES_AGGRESSIVE
               GCC_WARN_UNUSED_FUNCTION = YES
               GCC_WARN_UNUSED_VARIABLE = YES
               GENERATED_MODULEMAP_DIR = /Users/otislewis/arena/build/ios/GeneratedModuleMaps-iphonesimulator
               GENERATE_INFOPLIST_FILE = NO
               GENERATE_INTERMEDIATE_TEXT_BASED_STUBS = YES
               GENERATE_MASTER_OBJECT_FILE = NO
               GENERATE_PKGINFO_FILE = NO
               GENERATE_PROFILING_CODE = NO
               GENERATE_TEXT_BASED_STUBS = NO
               GID = 20
               GROUP = staff
               HEADERMAP_INCLUDES_FLAT_ENTRIES_FOR_TARGET_BEING_BUILT = YES
               HEADERMAP_INCLUDES_FRAMEWORK_ENTRIES_FOR_ALL_PRODUCT_TYPES = YES
               HEADERMAP_INCLUDES_FRAMEWORK_ENTRIES_FOR_TARGETS_NOT_BEING_BUILT = YES
               HEADERMAP_INCLUDES_NONPUBLIC_NONPRIVATE_HEADERS = YES
               HEADERMAP_INCLUDES_PROJECT_HEADERS = YES
               HEADERMAP_USES_FRAMEWORK_PREFIX_ENTRIES = YES
               HEADERMAP_USES_VFS = NO
               HEADER_SEARCH_PATHS =  "/Users/otislewis/arena/ios/Pods/Headers/Private" "/Users/otislewis/arena/ios/Pods/Headers/Private/Firebase" "/Users/otislewis/arena/ios/Pods/Headers/Public"
               HIDE_BITCODE_SYMBOLS = YES
               HOME = /Users/otislewis
               HOST_ARCH = arm64
               HOST_PLATFORM = macosx
               ICONV = /usr/bin/iconv
               IMPLICIT_DEPENDENCY_DOMAIN = default
               INFOPLIST_ENABLE_CFBUNDLEICONS_MERGE = YES
               INFOPLIST_EXPAND_BUILD_SETTINGS = YES
               INFOPLIST_OUTPUT_FORMAT = binary
               INFOPLIST_PREPROCESS = NO
               INLINE_PRIVATE_FRAMEWORKS = NO
               INSTALLAPI_IGNORE_SKIP_INSTALL = YES
               INSTALLHDRS_COPY_PHASE = NO
               INSTALLHDRS_SCRIPT_PHASE = NO
               INSTALL_DIR = /tmp/Pods.dst
               INSTALL_GROUP = staff
               INSTALL_MODE_FLAG = u+w,go-w,a+rX
               INSTALL_OWNER = otislewis
               INSTALL_ROOT = /tmp/Pods.dst
               IPHONEOS_DEPLOYMENT_TARGET = 13.0
               IS_UNOPTIMIZED_BUILD = NO
               JAVAC_DEFAULT_FLAGS = -J-Xms64m -J-XX:NewSize=4M -J-Dfile.encoding=UTF8
               JAVA_APP_STUB = /System/Library/Frameworks/JavaVM.framework/Resources/MacOS/JavaApplicationStub
               JAVA_ARCHIVE_CLASSES = YES
               JAVA_ARCHIVE_TYPE = JAR
               JAVA_COMPILER = /usr/bin/javac
               JAVA_FRAMEWORK_RESOURCES_DIRS = Resources
               JAVA_JAR_FLAGS = cv
               JAVA_SOURCE_SUBDIR = .
               JAVA_USE_DEPENDENCIES = YES
               JAVA_ZIP_FLAGS = -urg
               JIKES_DEFAULT_FLAGS = +E +OLDCSO
               KEEP_PRIVATE_EXTERNS = NO
               LD_DEPENDENCY_INFO_FILE = /Users/otislewis/arena/build/ios/Pods.build/Release-iphonesimulator/Firebase.build/Objects-normal/undefined_arch/Firebase_dependency_info.dat
               LD_EXPORT_SYMBOLS = YES
               LD_GENERATE_MAP_FILE = NO
               LD_MAP_FILE_PATH = /Users/otislewis/arena/build/ios/Pods.build/Release-iphonesimulator/Firebase.build/Firebase-LinkMap-normal-undefined_arch.txt
               LD_NO_PIE = NO
               LD_QUOTE_LINKER_ARGUMENTS_FOR_COMPILER_DRIVER = YES
               LD_RUNPATH_SEARCH_PATHS =  @executable_path/Frameworks
               LD_SHARED_CACHE_ELIGIBLE = Automatic
               LD_WARN_DUPLICATE_LIBRARIES = NO
               LD_WARN_UNUSED_DYLIBS = NO
               LEGACY_DEVELOPER_DIR = /Applications/Xcode.app/Contents/PlugIns/Xcode3Core.ideplugin/Contents/SharedSupport/Developer
               LEX = lex
               LIBRARY_DEXT_INSTALL_PATH = /Library/DriverExtensions
               LIBRARY_FLAG_NOSPACE = YES
               LIBRARY_KEXT_INSTALL_PATH = /Library/Extensions
               LIBRARY_SEARCH_PATHS =  "/Applications/Xcode.app/Contents/Developer/Toolchains/XcodeDefault.xctoolchain/usr/lib/swift/iphonesimulator" /usr/lib/swift
               LINKER_DISPLAYS_MANGLED_NAMES = NO
               LINK_OBJC_RUNTIME = YES
               LINK_WITH_STANDARD_LIBRARIES = YES
               LLVM_TARGET_TRIPLE_OS_VERSION = ios13.0
               LLVM_TARGET_TRIPLE_SUFFIX = -simulator
               LLVM_TARGET_TRIPLE_VENDOR = apple
               LOCALIZATION_EXPORT_SUPPORTED = YES
               LOCALIZATION_PREFERS_STRING_CATALOGS = NO
               LOCALIZED_STRING_MACRO_NAMES = NSLocalizedString CFCopyLocalizedString
               LOCALIZED_STRING_SWIFTUI_SUPPORT = YES
               LOCAL_ADMIN_APPS_DIR = /Applications/Utilities
               LOCAL_APPS_DIR = /Applications
               LOCAL_DEVELOPER_DIR = /Library/Developer
               LOCAL_LIBRARY_DIR = /Library
               LOCROOT = /Users/otislewis/arena/ios/Pods
               LOCSYMROOT = /Users/otislewis/arena/ios/Pods
               MAC_OS_X_PRODUCT_BUILD_VERSION = 24F74
               MAC_OS_X_VERSION_ACTUAL = 150500
               MAC_OS_X_VERSION_MAJOR = 150000
               MAC_OS_X_VERSION_MINOR = 150500
               MAKE_MERGEABLE = NO
               MERGEABLE_LIBRARY = NO
               MERGED_BINARY_TYPE = none
               MERGE_LINKED_LIBRARIES = NO
               METAL_LIBRARY_FILE_BASE = default
               METAL_LIBRARY_OUTPUT_DIR = /Users/otislewis/arena/build/ios/Release-iphonesimulator/Firebase/
               MTL_ENABLE_DEBUG_INFO = NO
               MTL_FAST_MATH = YES
               NATIVE_ARCH = arm64
               NATIVE_ARCH_32_BIT = arm
               NATIVE_ARCH_64_BIT = arm64
               NATIVE_ARCH_ACTUAL = arm64
               NO_COMMON = YES
               OBJC_ABI_VERSION = 2
               OBJECT_FILE_DIR = /Users/otislewis/arena/build/ios/Pods.build/Release-iphonesimulator/Firebase.build/Objects
               OBJECT_FILE_DIR_normal = /Users/otislewis/arena/build/ios/Pods.build/Release-iphonesimulator/Firebase.build/Objects-normal
               OBJROOT = /Users/otislewis/arena/build/ios
               ONLY_ACTIVE_ARCH = NO
               OS = MACOS
               OSAC = /usr/bin/osacompile
               OTHER_LDFLAGS =  -weak_framework "FirebaseFirestoreInternal"
               OTHER_SWIFT_FLAGS =  -D COCOAPODS
               PASCAL_STRINGS = YES
               PATH = /Applications/Xcode.app/Contents/SharedFrameworks/SwiftBuild.framework/Versions/A/PlugIns/SWBBuildService.bundle/Contents/PlugIns/SWBUniversalPlatformPlugin.bundle/Contents/Frameworks/SWBUniversalPlatform.framework/Resources:/Applications/Xcode.app/Contents/Developer/Toolchains/XcodeDefault.xctoolchain/usr/bin:/Applications/Xcode.app/Contents/Developer/Toolchains/XcodeDefault.xctoolchain/usr/local/bin:/Applications/Xcode.app/Contents/Developer/Toolchains/XcodeDefault.xctoolchain/usr/libexec:/Applications/Xcode.app/Contents/Developer/Platforms/iPhoneSimulator.platform/usr/bin:/Applications/Xcode.app/Contents/Developer/Platforms/iPhoneSimulator.platform/usr/local/bin:/Applications/Xcode.app/Contents/Developer/Platforms/iPhoneSimulator.platform/Developer/usr/bin:/Applications/Xcode.app/Contents/Developer/Platforms/iPhoneSimulator.platform/Developer/usr/local/bin:/Applications/Xcode.app/Contents/Developer/usr/bin:/Applications/Xcode.app/Contents/Developer/usr/local/bin:/Users/otislewis/.gem/ruby/3.3.0/bin:/opt/homebrew/bin:/opt/homebrew/sbin:/usr/local/bin:/System/Cryptexes/App/usr/bin:/usr/bin:/bin:/usr/sbin:/sbin:/var/run/com.apple.security.cryptexd/codex.system/bootstrap/usr/local/bin:/var/run/com.apple.security.cryptexd/codex.system/bootstrap/usr/bin:/var/run/com.apple.security.cryptexd/codex.system/bootstrap/usr/appleinternal/bin:/Library/Apple/usr/bin:/opt/homebrew/Caskroom/flutter/3.32.0/flutter/bin:/Users/otislewis/Library/Android/sdk/emulator:/Users/otislewis/Library/Android/sdk/tools:/Users/otislewis/Library/Android/sdk/tools/bin:/Users/otislewis/Library/Android/sdk/platform-tools:/opt/homebrew/Caskroom/flutter/3.32.0/flutter/bin/cache/dart-sdk/bin
               PATH_PREFIXES_EXCLUDED_FROM_HEADER_DEPENDENCIES = /usr/include /usr/local/include /System/Library/Frameworks /System/Library/PrivateFrameworks /Applications/Xcode.app/Contents/Developer/Headers /Applications/Xcode.app/Contents/Developer/SDKs /Applications/Xcode.app/Contents/Developer/Platforms
               PER_ARCH_MODULE_FILE_DIR = /Users/otislewis/arena/build/ios/Pods.build/Release-iphonesimulator/Firebase.build/Objects-normal/undefined_arch
               PER_ARCH_OBJECT_FILE_DIR = /Users/otislewis/arena/build/ios/Pods.build/Release-iphonesimulator/Firebase.build/Objects-normal/undefined_arch
               PER_VARIANT_OBJECT_FILE_DIR = /Users/otislewis/arena/build/ios/Pods.build/Release-iphonesimulator/Firebase.build/Objects-normal
               PKGINFO_FILE_PATH = /Users/otislewis/arena/build/ios/Pods.build/Release-iphonesimulator/Firebase.build/PkgInfo
               PLATFORM_DEVELOPER_APPLICATIONS_DIR = /Applications/Xcode.app/Contents/Developer/Platforms/iPhoneSimulator.platform/Developer/Applications
               PLATFORM_DEVELOPER_BIN_DIR = /Applications/Xcode.app/Contents/Developer/Platforms/iPhoneSimulator.platform/Developer/usr/bin
               PLATFORM_DEVELOPER_LIBRARY_DIR = /Applications/Xcode.app/Contents/Developer/Platforms/iPhoneSimulator.platform/Developer/Library
               PLATFORM_DEVELOPER_SDK_DIR = /Applications/Xcode.app/Contents/Developer/Platforms/iPhoneSimulator.platform/Developer/SDKs
               PLATFORM_DEVELOPER_TOOLS_DIR = /Applications/Xcode.app/Contents/Developer/Platforms/iPhoneSimulator.platform/Developer/Tools
               PLATFORM_DEVELOPER_USR_DIR = /Applications/Xcode.app/Contents/Developer/Platforms/iPhoneSimulator.platform/Developer/usr
               PLATFORM_DIR = /Applications/Xcode.app/Contents/Developer/Platforms/iPhoneSimulator.platform
               PLATFORM_DISPLAY_NAME = iOS Simulator
               PLATFORM_FAMILY_NAME = iOS
               PLATFORM_NAME = iphonesimulator
               PLATFORM_PREFERRED_ARCH = x86_64
               PLATFORM_PRODUCT_BUILD_VERSION = 22E235
               PLATFORM_REQUIRES_SWIFT_AUTOLINK_EXTRACT = NO
               PLATFORM_REQUIRES_SWIFT_MODULEWRAP = NO
               PLIST_FILE_OUTPUT_FORMAT = binary
               PODS_BUILD_DIR = /Users/otislewis/arena/build/ios
               PODS_CONFIGURATION_BUILD_DIR = /Users/otislewis/arena/build/ios/Release-iphonesimulator
               PODS_DEVELOPMENT_LANGUAGE = en
               PODS_ROOT = /Users/otislewis/arena/ios/Pods
               PODS_TARGET_SRCROOT = /Users/otislewis/arena/ios/Pods/Firebase
               PODS_XCFRAMEWORKS_BUILD_DIR = /Users/otislewis/arena/build/ios/Release-iphonesimulator/XCFrameworkIntermediates
               PRECOMPS_INCLUDE_HEADERS_FROM_BUILT_PRODUCTS_DIR = YES
               PRECOMP_DESTINATION_DIR = /Users/otislewis/arena/build/ios/Pods.build/Release-iphonesimulator/Firebase.build/PrefixHeaders
               PROCESSED_INFOPLIST_PATH = /Users/otislewis/arena/build/ios/Pods.build/Release-iphonesimulator/Firebase.build/Objects-normal/undefined_arch/Processed-Info.plist
               PRODUCT_BUNDLE_IDENTIFIER = org.cocoapods.Firebase
               PRODUCT_MODULE_NAME = Firebase
               PRODUCT_NAME = Firebase
               PRODUCT_SETTINGS_PATH = 
               PROFILING_CODE = NO
               PROJECT = Pods
               PROJECT_DERIVED_FILE_DIR = /Users/otislewis/arena/build/ios/Pods.build/DerivedSources
               PROJECT_DIR = /Users/otislewis/arena/ios/Pods
               PROJECT_FILE_PATH = /Users/otislewis/arena/ios/Pods/Pods.xcodeproj
               PROJECT_GUID = bfdfe7dc352907fc980b868725387e98
               PROJECT_NAME = Pods
               PROJECT_TEMP_DIR = /Users/otislewis/arena/build/ios/Pods.build
               PROJECT_TEMP_ROOT = /Users/otislewis/arena/build/ios
               RECOMMENDED_IPHONEOS_DEPLOYMENT_TARGET = 15.0
               RECURSIVE_SEARCH_PATHS_FOLLOW_SYMLINKS = YES
               REMOVE_CVS_FROM_RESOURCES = YES
               REMOVE_GIT_FROM_RESOURCES = YES
               REMOVE_HEADERS_FROM_EMBEDDED_BUNDLES = YES
               REMOVE_HG_FROM_RESOURCES = YES
               REMOVE_STATIC_EXECUTABLES_FROM_EMBEDDED_BUNDLES = YES
               REMOVE_SVN_FROM_RESOURCES = YES
               RESCHEDULE_INDEPENDENT_HEADERS_PHASES = YES
               REZ_COLLECTOR_DIR = /Users/otislewis/arena/build/ios/Pods.build/Release-iphonesimulator/Firebase.build/ResourceManagerResources
               REZ_OBJECTS_DIR = /Users/otislewis/arena/build/ios/Pods.build/Release-iphonesimulator/Firebase.build/ResourceManagerResources/Objects
               SCAN_ALL_SOURCE_FILES_FOR_INCLUDES = NO
               SDKROOT = /Applications/Xcode.app/Contents/Developer/Platforms/iPhoneSimulator.platform/Developer/SDKs/iPhoneSimulator18.4.sdk
               SDK_DIR = /Applications/Xcode.app/Contents/Developer/Platforms/iPhoneSimulator.platform/Developer/SDKs/iPhoneSimulator18.4.sdk
               SDK_DIR_iphonesimulator = /Applications/Xcode.app/Contents/Developer/Platforms/iPhoneSimulator.platform/Developer/SDKs/iPhoneSimulator18.4.sdk
               SDK_DIR_iphonesimulator18_4 = /Applications/Xcode.app/Contents/Developer/Platforms/iPhoneSimulator.platform/Developer/SDKs/iPhoneSimulator18.4.sdk
               SDK_NAME = iphonesimulator18.4
               SDK_NAMES = iphonesimulator18.4
               SDK_PRODUCT_BUILD_VERSION = 22E235
               SDK_STAT_CACHE_DIR = /var/folders/4y/xy3fflts0nqfk1tsxg0t3mmr0000gn/C/com.apple.DeveloperTools/16.3-16E140/Xcode
               SDK_STAT_CACHE_ENABLE = YES
               SDK_STAT_CACHE_PATH = /var/folders/4y/xy3fflts0nqfk1tsxg0t3mmr0000gn/C/com.apple.DeveloperTools/16.3-16E140/Xcode/SDKStatCaches.noindex/iphonesimulator18.4-22E235-71825a6d136aa4733edcbe86ece5525b.sdkstatcache
               SDK_VERSION = 18.4
               SDK_VERSION_ACTUAL = 180400
               SDK_VERSION_MAJOR = 180000
               SDK_VERSION_MINOR = 180400
               SED = /usr/bin/sed
               SEPARATE_STRIP = NO
               SEPARATE_SYMBOL_EDIT = NO
               SET_DIR_MODE_OWNER_GROUP = YES
               SET_FILE_MODE_OWNER_GROUP = NO
               SHALLOW_BUNDLE = NO
               SHARED_DERIVED_FILE_DIR = /Users/otislewis/arena/build/ios/Release-iphonesimulator/Firebase/DerivedSources
               SHARED_PRECOMPS_DIR = /Users/otislewis/arena/build/ios/SharedPrecompiledHeaders
               SKIP_INSTALL = YES
               SOURCE_ROOT = /Users/otislewis/arena/ios/Pods
               SRCROOT = /Users/otislewis/arena/ios/Pods
               STRINGSDATA_DIR = /Users/otislewis/arena/build/ios/Pods.build/Release-iphonesimulator/Firebase.build/Objects-normal/undefined_arch
               STRINGSDATA_ROOT = /Users/otislewis/arena/build/ios/Pods.build/Release-iphonesimulator/Firebase.build
               STRINGS_FILE_INFOPLIST_RENAME = YES
               STRINGS_FILE_OUTPUT_ENCODING = binary
               STRIP_BITCODE_FROM_COPIED_FILES = NO
               STRIP_INSTALLED_PRODUCT = NO
               STRIP_STYLE = all
               STRIP_SWIFT_SYMBOLS = YES
               SUPPORTED_DEVICE_FAMILIES = 1,2
               SUPPORTED_PLATFORMS = iphoneos iphonesimulator
               SUPPORTS_TEXT_BASED_API = NO
               SUPPRESS_WARNINGS = NO
               SWIFT_COMPILATION_MODE = wholemodule
               SWIFT_EMIT_LOC_STRINGS = NO
               SWIFT_OPTIMIZATION_LEVEL = -O
               SWIFT_PLATFORM_TARGET_PREFIX = ios
               SWIFT_VERSION = 5.0
               SYMROOT = /Users/otislewis/arena/ios/build
               SYSTEM_ADMIN_APPS_DIR = /Applications/Utilities
               SYSTEM_APPS_DIR = /Applications
               SYSTEM_CORE_SERVICES_DIR = /System/Library/CoreServices
               SYSTEM_DEMOS_DIR = /Applications/Extras
               SYSTEM_DEVELOPER_APPS_DIR = /Applications/Xcode.app/Contents/Developer/Applications
               SYSTEM_DEVELOPER_BIN_DIR = /Applications/Xcode.app/Contents/Developer/usr/bin
               SYSTEM_DEVELOPER_DEMOS_DIR = /Applications/Xcode.app/Contents/Developer/Applications/Utilities/Built Examples
               SYSTEM_DEVELOPER_DIR = /Applications/Xcode.app/Contents/Developer
               SYSTEM_DEVELOPER_DOC_DIR = /Applications/Xcode.app/Contents/Developer/ADC Reference Library
               SYSTEM_DEVELOPER_GRAPHICS_TOOLS_DIR = /Applications/Xcode.app/Contents/Developer/Applications/Graphics Tools
               SYSTEM_DEVELOPER_JAVA_TOOLS_DIR = /Applications/Xcode.app/Contents/Developer/Applications/Java Tools
               SYSTEM_DEVELOPER_PERFORMANCE_TOOLS_DIR = /Applications/Xcode.app/Contents/Developer/Applications/Performance Tools
               SYSTEM_DEVELOPER_RELEASENOTES_DIR = /Applications/Xcode.app/Contents/Developer/ADC Reference Library/releasenotes
               SYSTEM_DEVELOPER_TOOLS = /Applications/Xcode.app/Contents/Developer/Tools
               SYSTEM_DEVELOPER_TOOLS_DOC_DIR = /Applications/Xcode.app/Contents/Developer/ADC Reference Library/documentation/DeveloperTools
               SYSTEM_DEVELOPER_TOOLS_RELEASENOTES_DIR = /Applications/Xcode.app/Contents/Developer/ADC Reference Library/releasenotes/DeveloperTools
               SYSTEM_DEVELOPER_USR_DIR = /Applications/Xcode.app/Contents/Developer/usr
               SYSTEM_DEVELOPER_UTILITIES_DIR = /Applications/Xcode.app/Contents/Developer/Applications/Utilities
               SYSTEM_DEXT_INSTALL_PATH = /System/Library/DriverExtensions
               SYSTEM_DOCUMENTATION_DIR = /Library/Documentation
               SYSTEM_KEXT_INSTALL_PATH = /System/Library/Extensions
               SYSTEM_LIBRARY_DIR = /System/Library
               TAPI_DEMANGLE = YES
               TAPI_ENABLE_PROJECT_HEADERS = NO
               TAPI_LANGUAGE = objective-c
               TAPI_LANGUAGE_STANDARD = compiler-default
               TAPI_USE_SRCROOT = YES
               TAPI_VERIFY_MODE = Pedantic
               TARGETED_DEVICE_FAMILY = 1,2
               TARGETNAME = Firebase
               TARGET_BUILD_DIR = /Users/otislewis/arena/build/ios/Release-iphonesimulator/Firebase
               TARGET_NAME = Firebase
               TARGET_TEMP_DIR = /Users/otislewis/arena/build/ios/Pods.build/Release-iphonesimulator/Firebase.build
               TEMP_DIR = /Users/otislewis/arena/build/ios/Pods.build/Release-iphonesimulator/Firebase.build
               TEMP_FILES_DIR = /Users/otislewis/arena/build/ios/Pods.build/Release-iphonesimulator/Firebase.build
               TEMP_FILE_DIR = /Users/otislewis/arena/build/ios/Pods.build/Release-iphonesimulator/Firebase.build
               TEMP_ROOT = /Users/otislewis/arena/build/ios
               TEMP_SANDBOX_DIR = /Users/otislewis/arena/build/ios/TemporaryTaskSandboxes
               TEST_FRAMEWORK_SEARCH_PATHS =  /Applications/Xcode.app/Contents/Developer/Platforms/iPhoneSimulator.platform/Developer/Library/Frameworks /Applications/Xcode.app/Contents/Developer/Platforms/iPhoneSimulator.platform/Developer/SDKs/iPhoneSimulator18.4.sdk/Developer/Library/Frameworks
               TEST_LIBRARY_SEARCH_PATHS =  /Applications/Xcode.app/Contents/Developer/Platforms/iPhoneSimulator.platform/Developer/usr/lib
               TOOLCHAINS = com.apple.dt.toolchain.XcodeDefault
               TOOLCHAIN_DIR = /Applications/Xcode.app/Contents/Developer/Toolchains/XcodeDefault.xctoolchain
               TREAT_MISSING_BASELINES_AS_TEST_FAILURES = NO
               TREAT_MISSING_SCRIPT_PHASE_OUTPUTS_AS_ERRORS = NO
               UID = 501
               UNINSTALLED_PRODUCTS_DIR = /Users/otislewis/arena/build/ios/UninstalledProducts
               UNSTRIPPED_PRODUCT = NO
               USER = otislewis
               USER_APPS_DIR = /Users/otislewis/Applications
               USER_LIBRARY_DIR = /Users/otislewis/Library
               USE_DYNAMIC_NO_PIC = YES
               USE_HEADERMAP = YES
               USE_HEADER_SYMLINKS = NO
               USE_RECURSIVE_SCRIPT_INPUTS_IN_SCRIPT_PHASES = YES
               VALIDATE_DEVELOPMENT_ASSET_PATHS = YES_ERROR
               VALIDATE_PRODUCT = YES
               VALID_ARCHS = arm64
               VERBOSE_PBXCP = NO
               VERSION_INFO_BUILDER = otislewis
               VERSION_INFO_FILE = Firebase_vers.c
               VERSION_INFO_STRING = "@(#)PROGRAM:Firebase  PROJECT:Pods-"
               WORKSPACE_DIR = /Users/otislewis/arena/ios/Pods/Pods.xcodeproj
               WRAP_ASSET_PACKS_IN_SEPARATE_DIRECTORIES = NO
               XCODE_APP_SUPPORT_DIR = /Applications/Xcode.app/Contents/Developer/Library/Xcode
               XCODE_PRODUCT_BUILD_VERSION = 16E140
               XCODE_VERSION_ACTUAL = 1630
               XCODE_VERSION_MAJOR = 1600
               XCODE_VERSION_MINOR = 1630
               XPCSERVICES_FOLDER_PATH = /XPCServices
               YACC = yacc
               _DISCOVER_COMMAND_LINE_LINKER_INPUTS = YES
               _DISCOVER_COMMAND_LINE_LINKER_INPUTS_INCLUDE_WL = YES
               __DIAGNOSE_DEPRECATED_ARCHS = YES
               arch = undefined_arch
               variant = normal

           Build settings for action build and target firebase_auth:
               ACTION = build
               AD_HOC_CODE_SIGNING_ALLOWED = YES
               ALLOW_BUILD_REQUEST_OVERRIDES = NO
               ALLOW_TARGET_PLATFORM_SPECIALIZATION = NO
               ALTERNATE_GROUP = staff
               ALTERNATE_MODE = u+w,go-w,a+rX
               ALTERNATE_OWNER = otislewis
               ALTERNATIVE_DISTRIBUTION_WEB = NO
               ALWAYS_EMBED_SWIFT_STANDARD_LIBRARIES = NO
               ALWAYS_SEARCH_USER_PATHS = NO
               ALWAYS_USE_SEPARATE_HEADERMAPS = NO
               APPLICATION_EXTENSION_API_ONLY = NO
               APPLY_RULES_IN_COPY_FILES = NO
               APPLY_RULES_IN_COPY_HEADERS = NO
               APP_SHORTCUTS_ENABLE_FLEXIBLE_MATCHING = YES
               ARCHS = x86_64
               ARCHS_STANDARD = arm64 x86_64
               ARCHS_STANDARD_32_64_BIT = arm64 x86_64
               ARCHS_STANDARD_64_BIT = arm64 x86_64
               ARCHS_STANDARD_INCLUDING_64_BIT = arm64 x86_64
               ARCHS_UNIVERSAL_IPHONE_OS = arm64 x86_64
               AUTOMATICALLY_MERGE_DEPENDENCIES = NO
               AVAILABLE_PLATFORMS = android appletvos appletvsimulator driverkit iphoneos iphonesimulator macosx qnx watchos watchsimulator xros xrsimulator
               BITCODE_GENERATION_MODE = marker
               BUILD_ACTIVE_RESOURCES_ONLY = NO
               BUILD_COMPONENTS = headers build
               BUILD_DIR = /Users/otislewis/arena/build/ios
               BUILD_LIBRARY_FOR_DISTRIBUTION = NO
               BUILD_ROOT = /Users/otislewis/arena/ios/build
               BUILD_STYLE = 
               BUILD_VARIANTS = normal
               BUILT_PRODUCTS_DIR = /Users/otislewis/arena/build/ios/Release-iphonesimulator/firebase_auth
               BUNDLE_CONTENTS_FOLDER_PATH_deep = Contents/
               BUNDLE_EXECUTABLE_FOLDER_NAME_deep = MacOS
               BUNDLE_EXTENSIONS_FOLDER_PATH = Extensions
               BUNDLE_FORMAT = shallow
               BUNDLE_FRAMEWORKS_FOLDER_PATH = Frameworks
               BUNDLE_PLUGINS_FOLDER_PATH = PlugIns
               BUNDLE_PRIVATE_HEADERS_FOLDER_PATH = PrivateHeaders
               BUNDLE_PUBLIC_HEADERS_FOLDER_PATH = Headers
               CACHE_ROOT = /var/folders/4y/xy3fflts0nqfk1tsxg0t3mmr0000gn/C/com.apple.DeveloperTools/16.3-16E140/Xcode
               CCHROOT = /var/folders/4y/xy3fflts0nqfk1tsxg0t3mmr0000gn/C/com.apple.DeveloperTools/16.3-16E140/Xcode
               CHMOD = /bin/chmod
               CHOWN = /usr/sbin/chown
               CLANG_ANALYZER_LOCALIZABILITY_NONLOCALIZED = YES
               CLANG_ANALYZER_NONNULL = YES
               CLANG_ANALYZER_NUMBER_OBJECT_CONVERSION = YES_AGGRESSIVE
               CLANG_CACHE_FINE_GRAINED_OUTPUTS = YES
               CLANG_CXX_LANGUAGE_STANDARD = gnu++14
               CLANG_CXX_LIBRARY = libc++
               CLANG_ENABLE_EXPLICIT_MODULES = YES
               CLANG_ENABLE_MODULES = YES
               CLANG_ENABLE_OBJC_ARC = YES
               CLANG_ENABLE_OBJC_WEAK = NO
               CLANG_MODULES_BUILD_SESSION_FILE = /var/folders/4y/xy3fflts0nqfk1tsxg0t3mmr0000gn/C/org.llvm.clang/ModuleCache.noindex/Session.modulevalidation
               CLANG_WARN_BLOCK_CAPTURE_AUTORELEASING = YES
               CLANG_WARN_BOOL_CONVERSION = YES
               CLANG_WARN_COMMA = YES
               CLANG_WARN_CONSTANT_CONVERSION = YES
               CLANG_WARN_DEPRECATED_OBJC_IMPLEMENTATIONS = YES
               CLANG_WARN_DIRECT_OBJC_ISA_USAGE = YES_ERROR
               CLANG_WARN_DOCUMENTATION_COMMENTS = YES
               CLANG_WARN_EMPTY_BODY = YES
               CLANG_WARN_ENUM_CONVERSION = YES
               CLANG_WARN_INFINITE_RECURSION = YES
               CLANG_WARN_INT_CONVERSION = YES
               CLANG_WARN_NON_LITERAL_NULL_CONVERSION = YES
               CLANG_WARN_OBJC_IMPLICIT_RETAIN_SELF = YES
               CLANG_WARN_OBJC_LITERAL_CONVERSION = YES
               CLANG_WARN_OBJC_ROOT_CLASS = YES_ERROR
               CLANG_WARN_QUOTED_INCLUDE_IN_FRAMEWORK_HEADER = NO
               CLANG_WARN_RANGE_LOOP_ANALYSIS = YES
               CLANG_WARN_STRICT_PROTOTYPES = YES
               CLANG_WARN_SUSPICIOUS_MOVE = YES
               CLANG_WARN_UNGUARDED_AVAILABILITY = YES_AGGRESSIVE
               CLANG_WARN_UNREACHABLE_CODE = YES
               CLANG_WARN__DUPLICATE_METHOD_MATCH = YES
               CLASS_FILE_DIR = /Users/otislewis/arena/build/ios/Pods.build/Release-iphonesimulator/firebase_auth.build/JavaClasses
               CLEAN_PRECOMPS = YES
               CLONE_HEADERS = NO
               CODESIGNING_FOLDER_PATH = /Users/otislewis/arena/build/ios/Release-iphonesimulator/firebase_auth/firebase_auth.framework
               CODE_SIGNING_ALLOWED = YES
               CODE_SIGNING_REQUIRED = NO
               CODE_SIGNING_REQUIRES_TEAM = YES
               CODE_SIGN_CONTEXT_CLASS = XCiPhoneSimulatorCodeSignContext
               CODE_SIGN_IDENTITY = -
               CODE_SIGN_INJECT_BASE_ENTITLEMENTS = YES
               COLOR_DIAGNOSTICS = NO
               COMBINE_HIDPI_IMAGES = NO
               COMPILATION_CACHE_CAS_PATH = /var/folders/4y/xy3fflts0nqfk1tsxg0t3mmr0000gn/C/com.apple.DeveloperTools/16.3-16E140/Xcode/CompilationCache.noindex
               COMPILATION_CACHE_KEEP_CAS_DIRECTORY = YES
               COMPILER_INDEX_STORE_ENABLE = Default
               COMPOSITE_SDK_DIRS = /Users/otislewis/arena/build/ios/CompositeSDKs
               COMPRESS_PNG_FILES = YES
               CONFIGURATION = Release
               CONFIGURATION_BUILD_DIR = /Users/otislewis/arena/build/ios/Release-iphonesimulator/firebase_auth
               CONFIGURATION_TEMP_DIR = /Users/otislewis/arena/build/ios/Pods.build/Release-iphonesimulator
               CONTENTS_FOLDER_PATH = firebase_auth.framework
               CONTENTS_FOLDER_PATH_SHALLOW_BUNDLE_NO = firebase_auth.framework/A
               CONTENTS_FOLDER_PATH_SHALLOW_BUNDLE_YES = firebase_auth.framework
               COPYING_PRESERVES_HFS_DATA = NO
               COPY_HEADERS_RUN_UNIFDEF = NO
               COPY_PHASE_STRIP = NO
               CORRESPONDING_DEVICE_PLATFORM_DIR = /Applications/Xcode.app/Contents/Developer/Platforms/iPhoneOS.platform
               CORRESPONDING_DEVICE_PLATFORM_NAME = iphoneos
               CORRESPONDING_DEVICE_SDK_DIR = /Applications/Xcode.app/Contents/Developer/Platforms/iPhoneOS.platform/Developer/SDKs/iPhoneOS18.4.sdk
               CORRESPONDING_DEVICE_SDK_NAME = iphoneos18.4
               CP = /bin/cp
               CREATE_INFOPLIST_SECTION_IN_BINARY = NO
               CURRENT_ARCH = undefined_arch
               CURRENT_PROJECT_VERSION = 1
               CURRENT_VARIANT = normal
               CURRENT_VERSION = Current
               DEAD_CODE_STRIPPING = YES
               DEBUGGING_SYMBOLS = YES
               DEBUG_INFORMATION_FORMAT = dwarf-with-dsym
               DEBUG_INFORMATION_VERSION = compiler-default
               DEFAULT_COMPILER = com.apple.compilers.llvm.clang.1_0
               DEFAULT_DEXT_INSTALL_PATH = /System/Library/DriverExtensions
               DEFAULT_KEXT_INSTALL_PATH = /System/Library/Extensions
               DEFINES_MODULE = YES
               DEPLOYMENT_LOCATION = NO
               DEPLOYMENT_POSTPROCESSING = NO
               DEPLOYMENT_TARGET_SETTING_NAME = IPHONEOS_DEPLOYMENT_TARGET
               DEPLOYMENT_TARGET_SUGGESTED_VALUES = 12.0 12.1 12.2 12.3 12.4 13.0 13.1 13.2 13.3 13.4 13.5 13.6 14.0 14.1 14.2 14.3 14.4 14.5 14.6 14.7 15.0 15.1 15.2 15.3 15.4 15.5 15.6 16.0 16.1 16.2 16.3 16.4 16.5 16.6 17.0 17.1 17.2 17.3 17.4 17.5 17.6 18.0 18.1 18.2 18.3 18.4
               DERIVED_FILES_DIR = /Users/otislewis/arena/build/ios/Pods.build/Release-iphonesimulator/firebase_auth.build/DerivedSources
               DERIVED_FILE_DIR = /Users/otislewis/arena/build/ios/Pods.build/Release-iphonesimulator/firebase_auth.build/DerivedSources
               DERIVED_SOURCES_DIR = /Users/otislewis/arena/build/ios/Pods.build/Release-iphonesimulator/firebase_auth.build/DerivedSources
               DEVELOPER_APPLICATIONS_DIR = /Applications/Xcode.app/Contents/Developer/Applications
               DEVELOPER_BIN_DIR = /Applications/Xcode.app/Contents/Developer/usr/bin
               DEVELOPER_DIR = /Applications/Xcode.app/Contents/Developer
               DEVELOPER_FRAMEWORKS_DIR = /Applications/Xcode.app/Contents/Developer/Library/Frameworks
               DEVELOPER_FRAMEWORKS_DIR_QUOTED = /Applications/Xcode.app/Contents/Developer/Library/Frameworks
               DEVELOPER_LIBRARY_DIR = /Applications/Xcode.app/Contents/Developer/Library
               DEVELOPER_SDK_DIR = /Applications/Xcode.app/Contents/Developer/Platforms/MacOSX.platform/Developer/SDKs
               DEVELOPER_TOOLS_DIR = /Applications/Xcode.app/Contents/Developer/Tools
               DEVELOPER_USR_DIR = /Applications/Xcode.app/Contents/Developer/usr
               DEVELOPMENT_LANGUAGE = en
               DIAGNOSE_MISSING_TARGET_DEPENDENCIES = YES
               DIFF = /usr/bin/diff
               DOCUMENTATION_FOLDER_PATH = firebase_auth.framework/en.lproj/Documentation
               DONT_GENERATE_INFOPLIST_FILE = NO
               DSTROOT = /tmp/Pods.dst
               DT_TOOLCHAIN_DIR = /Applications/Xcode.app/Contents/Developer/Toolchains/XcodeDefault.xctoolchain
               DWARF_DSYM_FILE_NAME = firebase_auth.framework.dSYM
               DWARF_DSYM_FILE_SHOULD_ACCOMPANY_PRODUCT = NO
               DWARF_DSYM_FOLDER_PATH = /Users/otislewis/arena/build/ios/Release-iphonesimulator/firebase_auth
               DYLIB_COMPATIBILITY_VERSION = 1
               DYLIB_CURRENT_VERSION = 1
               DYLIB_INSTALL_NAME_BASE = @rpath
               DYNAMIC_LIBRARY_EXTENSION = dylib
               EAGER_COMPILATION_ALLOW_SCRIPTS = NO
               EAGER_LINKING = NO
               EFFECTIVE_PLATFORM_NAME = -iphonesimulator
               EMBEDDED_CONTENT_CONTAINS_SWIFT = NO
               EMBED_ASSET_PACKS_IN_PRODUCT_BUNDLE = NO
               ENABLE_APP_SANDBOX = NO
               ENABLE_BITCODE = NO
               ENABLE_CODE_COVERAGE = YES
               ENABLE_DEFAULT_HEADER_SEARCH_PATHS = YES
               ENABLE_DEFAULT_SEARCH_PATHS = YES
               ENABLE_HARDENED_RUNTIME = NO
               ENABLE_HEADER_DEPENDENCIES = YES
               ENABLE_INCOMING_NETWORK_CONNECTIONS = NO
               ENABLE_MODULE_VERIFIER = NO
               ENABLE_NS_ASSERTIONS = NO
               ENABLE_ON_DEMAND_RESOURCES = NO
               ENABLE_OUTGOING_NETWORK_CONNECTIONS = NO
               ENABLE_RESOURCE_ACCESS_AUDIO_INPUT = NO
               ENABLE_RESOURCE_ACCESS_BLUETOOTH = NO
               ENABLE_RESOURCE_ACCESS_CALENDARS = NO
               ENABLE_RESOURCE_ACCESS_CAMERA = NO
               ENABLE_RESOURCE_ACCESS_CONTACTS = NO
               ENABLE_RESOURCE_ACCESS_LOCATION = NO
               ENABLE_RESOURCE_ACCESS_PRINTING = NO
               ENABLE_RESOURCE_ACCESS_USB = NO
               ENABLE_SDK_IMPORTS = NO
               ENABLE_STRICT_OBJC_MSGSEND = YES
               ENABLE_TESTABILITY = NO
               ENABLE_TESTING_SEARCH_PATHS = NO
               ENABLE_USER_SCRIPT_SANDBOXING = NO
               ENFORCE_VALID_ARCHS = YES
               ENTITLEMENTS_DESTINATION = __entitlements
               ENTITLEMENTS_REQUIRED = NO
               EXCLUDED_ARCHS = arm64
               EXCLUDED_INSTALLSRC_SUBDIRECTORY_PATTERNS = .DS_Store .svn .git .hg CVS
               EXCLUDED_RECURSIVE_SEARCH_PATH_SUBDIRECTORIES = *.nib *.lproj *.framework *.gch *.xcode* *.xcassets (*) .DS_Store CVS .svn .git .hg *.pbproj *.pbxproj
               EXECUTABLES_FOLDER_PATH = firebase_auth.framework/en.lproj
               EXECUTABLE_FOLDER_PATH = firebase_auth.framework
               EXECUTABLE_FOLDER_PATH_SHALLOW_BUNDLE_NO = firebase_auth.framework
               EXECUTABLE_FOLDER_PATH_SHALLOW_BUNDLE_YES = firebase_auth.framework
               EXECUTABLE_NAME = firebase_auth
               EXECUTABLE_PATH = firebase_auth.framework/firebase_auth
               EXTENSIONS_FOLDER_PATH = firebase_auth.framework/Extensions
               FILE_LIST = /Users/otislewis/arena/build/ios/Pods.build/Release-iphonesimulator/firebase_auth.build/Objects/LinkFileList
               FIXED_FILES_DIR = /Users/otislewis/arena/build/ios/Pods.build/Release-iphonesimulator/firebase_auth.build/FixedFiles
               FRAMEWORKS_FOLDER_PATH = firebase_auth.framework/Frameworks
               FRAMEWORK_FLAG_PREFIX = -framework
               FRAMEWORK_SEARCH_PATHS = /Users/otislewis/arena/build/ios/Release-iphonesimulator/firebase_auth "/opt/homebrew/Caskroom/flutter/3.32.0/flutter/bin/cache/artifacts/engine/ios-release/Flutter.xcframework/ios-arm64_x86_64-simulator"  "/Users/otislewis/arena/build/ios/Release-iphonesimulator/BoringSSL-GRPC" "/Users/otislewis/arena/build/ios/Release-iphonesimulator/FirebaseAppCheckInterop" "/Users/otislewis/arena/build/ios/Release-iphonesimulator/FirebaseAuth" "/Users/otislewis/arena/build/ios/Release-iphonesimulator/FirebaseAuthInterop" "/Users/otislewis/arena/build/ios/Release-iphonesimulator/FirebaseCore" "/Users/otislewis/arena/build/ios/Release-iphonesimulator/FirebaseCoreExtension" "/Users/otislewis/arena/build/ios/Release-iphonesimulator/FirebaseCoreInternal" "/Users/otislewis/arena/build/ios/Release-iphonesimulator/FirebaseFirestore" "/Users/otislewis/arena/build/ios/Release-iphonesimulator/FirebaseFirestoreInternal" "/Users/otislewis/arena/build/ios/Release-iphonesimulator/FirebaseSharedSwift" "/Users/otislewis/arena/build/ios/Release-iphonesimulator/FirebaseStorage" "/Users/otislewis/arena/build/ios/Release-iphonesimulator/GTMSessionFetcher" "/Users/otislewis/arena/build/ios/Release-iphonesimulator/GoogleUtilities" "/Users/otislewis/arena/build/ios/Release-iphonesimulator/PromisesObjC" "/Users/otislewis/arena/build/ios/Release-iphonesimulator/RecaptchaInterop" "/Users/otislewis/arena/build/ios/Release-iphonesimulator/abseil" "/Users/otislewis/arena/build/ios/Release-iphonesimulator/firebase_core" "/Users/otislewis/arena/build/ios/Release-iphonesimulator/gRPC-C++" "/Users/otislewis/arena/build/ios/Release-iphonesimulator/gRPC-Core" "/Users/otislewis/arena/build/ios/Release-iphonesimulator/leveldb-library" "/Users/otislewis/arena/build/ios/Release-iphonesimulator/nanopb"
               FRAMEWORK_VERSION = A
               FULL_PRODUCT_NAME = firebase_auth.framework
               FUSE_BUILD_PHASES = YES
               FUSE_BUILD_SCRIPT_PHASES = NO
               GCC3_VERSION = 3.3
               GCC_C_LANGUAGE_STANDARD = gnu11
               GCC_INLINES_ARE_PRIVATE_EXTERN = YES
               GCC_NO_COMMON_BLOCKS = YES
               GCC_OBJC_LEGACY_DISPATCH = YES
               GCC_PFE_FILE_C_DIALECTS = c objective-c c++ objective-c++
               GCC_PREFIX_HEADER = Target Support Files/firebase_auth/firebase_auth-prefix.pch
               GCC_PREPROCESSOR_DEFINITIONS = POD_CONFIGURATION_RELEASE=1  COCOAPODS=1 LIBRARY_VERSION=\@\"4.16.0\" LIBRARY_NAME=\@\"flutter-fire-auth\"
               GCC_TREAT_WARNINGS_AS_ERRORS = NO
               GCC_VERSION = com.apple.compilers.llvm.clang.1_0
               GCC_VERSION_IDENTIFIER = com_apple_compilers_llvm_clang_1_0
               GCC_WARN_64_TO_32_BIT_CONVERSION = YES
               GCC_WARN_ABOUT_RETURN_TYPE = YES_ERROR
               GCC_WARN_UNDECLARED_SELECTOR = YES
               GCC_WARN_UNINITIALIZED_AUTOS = YES_AGGRESSIVE
               GCC_WARN_UNUSED_FUNCTION = YES
               GCC_WARN_UNUSED_VARIABLE = YES
               GENERATED_MODULEMAP_DIR = /Users/otislewis/arena/build/ios/GeneratedModuleMaps-iphonesimulator
               GENERATE_INFOPLIST_FILE = NO
               GENERATE_INTERMEDIATE_TEXT_BASED_STUBS = YES
               GENERATE_MASTER_OBJECT_FILE = NO
               GENERATE_PKGINFO_FILE = NO
               GENERATE_PROFILING_CODE = NO
               GENERATE_TEXT_BASED_STUBS = NO
               GID = 20
               GROUP = staff
               HEADERMAP_INCLUDES_FLAT_ENTRIES_FOR_TARGET_BEING_BUILT = YES
               HEADERMAP_INCLUDES_FRAMEWORK_ENTRIES_FOR_ALL_PRODUCT_TYPES = YES
               HEADERMAP_INCLUDES_FRAMEWORK_ENTRIES_FOR_TARGETS_NOT_BEING_BUILT = YES
               HEADERMAP_INCLUDES_NONPUBLIC_NONPRIVATE_HEADERS = YES
               HEADERMAP_INCLUDES_PROJECT_HEADERS = YES
               HEADERMAP_USES_FRAMEWORK_PREFIX_ENTRIES = YES
               HEADERMAP_USES_VFS = YES
               HEADER_SEARCH_PATHS = /Users/otislewis/arena/build/ios/Release-iphonesimulator/firebase_auth/include  "/Users/otislewis/arena/ios/Pods/Headers/Public"
               HIDE_BITCODE_SYMBOLS = YES
               HOME = /Users/otislewis
               HOST_ARCH = arm64
               HOST_PLATFORM = macosx
               ICONV = /usr/bin/iconv
               IMPLICIT_DEPENDENCY_DOMAIN = default
               INFOPLIST_ENABLE_CFBUNDLEICONS_MERGE = YES
               INFOPLIST_EXPAND_BUILD_SETTINGS = YES
               INFOPLIST_FILE = Target Support Files/firebase_auth/firebase_auth-Info.plist
               INFOPLIST_OUTPUT_FORMAT = binary
               INFOPLIST_PATH = firebase_auth.framework/Info.plist
               INFOPLIST_PREPROCESS = NO
               INFOSTRINGS_PATH = firebase_auth.framework/en.lproj/InfoPlist.strings
               INLINE_PRIVATE_FRAMEWORKS = NO
               INSTALLAPI_IGNORE_SKIP_INSTALL = YES
               INSTALLHDRS_COPY_PHASE = NO
               INSTALLHDRS_SCRIPT_PHASE = NO
               INSTALL_DIR = /tmp/Pods.dst/Library/Frameworks
               INSTALL_GROUP = staff
               INSTALL_MODE_FLAG = u+w,go-w,a+rX
               INSTALL_OWNER = otislewis
               INSTALL_PATH = /Library/Frameworks
               INSTALL_ROOT = /tmp/Pods.dst
               IPHONEOS_DEPLOYMENT_TARGET = 13.0
               IS_UNOPTIMIZED_BUILD = NO
               JAVAC_DEFAULT_FLAGS = -J-Xms64m -J-XX:NewSize=4M -J-Dfile.encoding=UTF8
               JAVA_APP_STUB = /System/Library/Frameworks/JavaVM.framework/Resources/MacOS/JavaApplicationStub
               JAVA_ARCHIVE_CLASSES = YES
               JAVA_ARCHIVE_TYPE = JAR
               JAVA_COMPILER = /usr/bin/javac
               JAVA_FOLDER_PATH = firebase_auth.framework/Java
               JAVA_FRAMEWORK_RESOURCES_DIRS = Resources
               JAVA_JAR_FLAGS = cv
               JAVA_SOURCE_SUBDIR = .
               JAVA_USE_DEPENDENCIES = YES
               JAVA_ZIP_FLAGS = -urg
               JIKES_DEFAULT_FLAGS = +E +OLDCSO
               KEEP_PRIVATE_EXTERNS = NO
               LD_DEPENDENCY_INFO_FILE = /Users/otislewis/arena/build/ios/Pods.build/Release-iphonesimulator/firebase_auth.build/Objects-normal/undefined_arch/firebase_auth_dependency_info.dat
               LD_DYLIB_INSTALL_NAME = @rpath/firebase_auth.framework/firebase_auth
               LD_EXPORT_SYMBOLS = YES
               LD_GENERATE_MAP_FILE = NO
               LD_MAP_FILE_PATH = /Users/otislewis/arena/build/ios/Pods.build/Release-iphonesimulator/firebase_auth.build/firebase_auth-LinkMap-normal-undefined_arch.txt
               LD_NO_PIE = NO
               LD_QUOTE_LINKER_ARGUMENTS_FOR_COMPILER_DRIVER = YES
               LD_RUNPATH_SEARCH_PATHS =  @executable_path/Frameworks @loader_path/Frameworks
               LD_SHARED_CACHE_ELIGIBLE = Automatic
               LD_WARN_DUPLICATE_LIBRARIES = NO
               LD_WARN_UNUSED_DYLIBS = NO
               LEGACY_DEVELOPER_DIR = /Applications/Xcode.app/Contents/PlugIns/Xcode3Core.ideplugin/Contents/SharedSupport/Developer
               LEX = lex
               LIBRARY_DEXT_INSTALL_PATH = /Library/DriverExtensions
               LIBRARY_FLAG_NOSPACE = YES
               LIBRARY_FLAG_PREFIX = -l
               LIBRARY_KEXT_INSTALL_PATH = /Library/Extensions
               LIBRARY_SEARCH_PATHS = /Users/otislewis/arena/build/ios/Release-iphonesimulator/firebase_auth 
               LINKER_DISPLAYS_MANGLED_NAMES = NO
               LINK_FILE_LIST_normal_x86_64 = /Users/otislewis/arena/build/ios/Pods.build/Release-iphonesimulator/firebase_auth.build/Objects-normal/x86_64/firebase_auth.LinkFileList
               LINK_OBJC_RUNTIME = YES
               LINK_WITH_STANDARD_LIBRARIES = YES
               LLVM_TARGET_TRIPLE_OS_VERSION = ios13.0
               LLVM_TARGET_TRIPLE_SUFFIX = -simulator
               LLVM_TARGET_TRIPLE_VENDOR = apple
               LM_AUX_CONST_METADATA_LIST_PATH_normal_x86_64 = /Users/otislewis/arena/build/ios/Pods.build/Release-iphonesimulator/firebase_auth.build/Objects-normal/x86_64/firebase_auth.SwiftConstValuesFileList
               LOCALIZATION_EXPORT_SUPPORTED = YES
               LOCALIZATION_PREFERS_STRING_CATALOGS = NO
               LOCALIZED_RESOURCES_FOLDER_PATH = firebase_auth.framework/en.lproj
               LOCALIZED_STRING_MACRO_NAMES = NSLocalizedString CFCopyLocalizedString
               LOCALIZED_STRING_SWIFTUI_SUPPORT = YES
               LOCAL_ADMIN_APPS_DIR = /Applications/Utilities
               LOCAL_APPS_DIR = /Applications
               LOCAL_DEVELOPER_DIR = /Library/Developer
               LOCAL_LIBRARY_DIR = /Library
               LOCROOT = /Users/otislewis/arena/ios/Pods
               LOCSYMROOT = /Users/otislewis/arena/ios/Pods
               MACH_O_TYPE = staticlib
               MAC_OS_X_PRODUCT_BUILD_VERSION = 24F74
               MAC_OS_X_VERSION_ACTUAL = 150500
               MAC_OS_X_VERSION_MAJOR = 150000
               MAC_OS_X_VERSION_MINOR = 150500
               MAKE_MERGEABLE = NO
               MERGEABLE_LIBRARY = NO
               MERGED_BINARY_TYPE = none
               MERGE_LINKED_LIBRARIES = NO
               METAL_LIBRARY_FILE_BASE = default
               METAL_LIBRARY_OUTPUT_DIR = /Users/otislewis/arena/build/ios/Release-iphonesimulator/firebase_auth/firebase_auth.framework
               MODULEMAP_FILE = Target Support Files/firebase_auth/firebase_auth.modulemap
               MODULES_FOLDER_PATH = firebase_auth.framework/Modules
               MTL_ENABLE_DEBUG_INFO = NO
               MTL_FAST_MATH = YES
               NATIVE_ARCH = arm64
               NATIVE_ARCH_32_BIT = arm
               NATIVE_ARCH_64_BIT = arm64
               NATIVE_ARCH_ACTUAL = arm64
               NO_COMMON = YES
               OBJC_ABI_VERSION = 2
               OBJECT_FILE_DIR = /Users/otislewis/arena/build/ios/Pods.build/Release-iphonesimulator/firebase_auth.build/Objects
               OBJECT_FILE_DIR_normal = /Users/otislewis/arena/build/ios/Pods.build/Release-iphonesimulator/firebase_auth.build/Objects-normal
               OBJROOT = /Users/otislewis/arena/build/ios
               ONLY_ACTIVE_ARCH = NO
               OS = MACOS
               OSAC = /usr/bin/osacompile
               OTHER_LDFLAGS =  -framework Flutter
               PACKAGE_TYPE = com.apple.package-type.wrapper.framework
               PASCAL_STRINGS = YES
               PATH = /Applications/Xcode.app/Contents/SharedFrameworks/SwiftBuild.framework/Versions/A/PlugIns/SWBBuildService.bundle/Contents/PlugIns/SWBUniversalPlatformPlugin.bundle/Contents/Frameworks/SWBUniversalPlatform.framework/Resources:/Applications/Xcode.app/Contents/Developer/Toolchains/XcodeDefault.xctoolchain/usr/bin:/Applications/Xcode.app/Contents/Developer/Toolchains/XcodeDefault.xctoolchain/usr/local/bin:/Applications/Xcode.app/Contents/Developer/Toolchains/XcodeDefault.xctoolchain/usr/libexec:/Applications/Xcode.app/Contents/Developer/Platforms/iPhoneSimulator.platform/usr/bin:/Applications/Xcode.app/Contents/Developer/Platforms/iPhoneSimulator.platform/usr/local/bin:/Applications/Xcode.app/Contents/Developer/Platforms/iPhoneSimulator.platform/Developer/usr/bin:/Applications/Xcode.app/Contents/Developer/Platforms/iPhoneSimulator.platform/Developer/usr/local/bin:/Applications/Xcode.app/Contents/Developer/usr/bin:/Applications/Xcode.app/Contents/Developer/usr/local/bin:/Users/otislewis/.gem/ruby/3.3.0/bin:/opt/homebrew/bin:/opt/homebrew/sbin:/usr/local/bin:/System/Cryptexes/App/usr/bin:/usr/bin:/bin:/usr/sbin:/sbin:/var/run/com.apple.security.cryptexd/codex.system/bootstrap/usr/local/bin:/var/run/com.apple.security.cryptexd/codex.system/bootstrap/usr/bin:/var/run/com.apple.security.cryptexd/codex.system/bootstrap/usr/appleinternal/bin:/Library/Apple/usr/bin:/opt/homebrew/Caskroom/flutter/3.32.0/flutter/bin:/Users/otislewis/Library/Android/sdk/emulator:/Users/otislewis/Library/Android/sdk/tools:/Users/otislewis/Library/Android/sdk/tools/bin:/Users/otislewis/Library/Android/sdk/platform-tools:/opt/homebrew/Caskroom/flutter/3.32.0/flutter/bin/cache/dart-sdk/bin
               PATH_PREFIXES_EXCLUDED_FROM_HEADER_DEPENDENCIES = /usr/include /usr/local/include /System/Library/Frameworks /System/Library/PrivateFrameworks /Applications/Xcode.app/Contents/Developer/Headers /Applications/Xcode.app/Contents/Developer/SDKs /Applications/Xcode.app/Contents/Developer/Platforms
               PBDEVELOPMENTPLIST_PATH = firebase_auth.framework/pbdevelopment.plist
               PER_ARCH_MODULE_FILE_DIR = /Users/otislewis/arena/build/ios/Pods.build/Release-iphonesimulator/firebase_auth.build/Objects-normal/undefined_arch
               PER_ARCH_OBJECT_FILE_DIR = /Users/otislewis/arena/build/ios/Pods.build/Release-iphonesimulator/firebase_auth.build/Objects-normal/undefined_arch
               PER_VARIANT_OBJECT_FILE_DIR = /Users/otislewis/arena/build/ios/Pods.build/Release-iphonesimulator/firebase_auth.build/Objects-normal
               PKGINFO_FILE_PATH = /Users/otislewis/arena/build/ios/Pods.build/Release-iphonesimulator/firebase_auth.build/PkgInfo
               PKGINFO_PATH = firebase_auth.framework/PkgInfo
               PLATFORM_DEVELOPER_APPLICATIONS_DIR = /Applications/Xcode.app/Contents/Developer/Platforms/iPhoneSimulator.platform/Developer/Applications
               PLATFORM_DEVELOPER_BIN_DIR = /Applications/Xcode.app/Contents/Developer/Platforms/iPhoneSimulator.platform/Developer/usr/bin
               PLATFORM_DEVELOPER_LIBRARY_DIR = /Applications/Xcode.app/Contents/Developer/Platforms/iPhoneSimulator.platform/Developer/Library
               PLATFORM_DEVELOPER_SDK_DIR = /Applications/Xcode.app/Contents/Developer/Platforms/iPhoneSimulator.platform/Developer/SDKs
               PLATFORM_DEVELOPER_TOOLS_DIR = /Applications/Xcode.app/Contents/Developer/Platforms/iPhoneSimulator.platform/Developer/Tools
               PLATFORM_DEVELOPER_USR_DIR = /Applications/Xcode.app/Contents/Developer/Platforms/iPhoneSimulator.platform/Developer/usr
               PLATFORM_DIR = /Applications/Xcode.app/Contents/Developer/Platforms/iPhoneSimulator.platform
               PLATFORM_DISPLAY_NAME = iOS Simulator
               PLATFORM_FAMILY_NAME = iOS
               PLATFORM_NAME = iphonesimulator
               PLATFORM_PREFERRED_ARCH = x86_64
               PLATFORM_PRODUCT_BUILD_VERSION = 22E235
               PLATFORM_REQUIRES_SWIFT_AUTOLINK_EXTRACT = NO
               PLATFORM_REQUIRES_SWIFT_MODULEWRAP = NO
               PLIST_FILE_OUTPUT_FORMAT = binary
               PLUGINS_FOLDER_PATH = firebase_auth.framework/PlugIns
               PODS_BUILD_DIR = /Users/otislewis/arena/build/ios
               PODS_CONFIGURATION_BUILD_DIR = /Users/otislewis/arena/build/ios/Release-iphonesimulator
               PODS_DEVELOPMENT_LANGUAGE = en
               PODS_ROOT = /Users/otislewis/arena/ios/Pods
               PODS_TARGET_SRCROOT = /Users/otislewis/arena/ios/Pods/../.symlinks/plugins/firebase_auth/ios
               PODS_XCFRAMEWORKS_BUILD_DIR = /Users/otislewis/arena/build/ios/Release-iphonesimulator/XCFrameworkIntermediates
               PRECOMPS_INCLUDE_HEADERS_FROM_BUILT_PRODUCTS_DIR = YES
               PRECOMP_DESTINATION_DIR = /Users/otislewis/arena/build/ios/Pods.build/Release-iphonesimulator/firebase_auth.build/PrefixHeaders
               PRIVATE_HEADERS_FOLDER_PATH = firebase_auth.framework/PrivateHeaders
               PROCESSED_INFOPLIST_PATH = /Users/otislewis/arena/build/ios/Pods.build/Release-iphonesimulator/firebase_auth.build/Objects-normal/undefined_arch/Processed-Info.plist
               PRODUCT_BUNDLE_IDENTIFIER = org.cocoapods.firebase-auth
               PRODUCT_BUNDLE_PACKAGE_TYPE = FMWK
               PRODUCT_MODULE_NAME = firebase_auth
               PRODUCT_NAME = firebase_auth
               PRODUCT_SETTINGS_PATH = /Users/otislewis/arena/ios/Pods/Target Support Files/firebase_auth/firebase_auth-Info.plist
               PRODUCT_TYPE = com.apple.product-type.framework
               PROFILING_CODE = NO
               PROJECT = Pods
               PROJECT_DERIVED_FILE_DIR = /Users/otislewis/arena/build/ios/Pods.build/DerivedSources
               PROJECT_DIR = /Users/otislewis/arena/ios/Pods
               PROJECT_FILE_PATH = /Users/otislewis/arena/ios/Pods/Pods.xcodeproj
               PROJECT_GUID = bfdfe7dc352907fc980b868725387e98
               PROJECT_NAME = Pods
               PROJECT_TEMP_DIR = /Users/otislewis/arena/build/ios/Pods.build
               PROJECT_TEMP_ROOT = /Users/otislewis/arena/build/ios
               PUBLIC_HEADERS_FOLDER_PATH = firebase_auth.framework/Headers
               RECOMMENDED_IPHONEOS_DEPLOYMENT_TARGET = 15.0
               RECURSIVE_SEARCH_PATHS_FOLLOW_SYMLINKS = YES
               REMOVE_CVS_FROM_RESOURCES = YES
               REMOVE_GIT_FROM_RESOURCES = YES
               REMOVE_HEADERS_FROM_EMBEDDED_BUNDLES = YES
               REMOVE_HG_FROM_RESOURCES = YES
               REMOVE_STATIC_EXECUTABLES_FROM_EMBEDDED_BUNDLES = YES
               REMOVE_SVN_FROM_RESOURCES = YES
               RESCHEDULE_INDEPENDENT_HEADERS_PHASES = YES
               REZ_COLLECTOR_DIR = /Users/otislewis/arena/build/ios/Pods.build/Release-iphonesimulator/firebase_auth.build/ResourceManagerResources
               REZ_OBJECTS_DIR = /Users/otislewis/arena/build/ios/Pods.build/Release-iphonesimulator/firebase_auth.build/ResourceManagerResources/Objects
               REZ_SEARCH_PATHS = /Users/otislewis/arena/build/ios/Release-iphonesimulator/firebase_auth 
               SCAN_ALL_SOURCE_FILES_FOR_INCLUDES = NO
               SCRIPTS_FOLDER_PATH = firebase_auth.framework/Scripts
               SDKROOT = /Applications/Xcode.app/Contents/Developer/Platforms/iPhoneSimulator.platform/Developer/SDKs/iPhoneSimulator18.4.sdk
               SDK_DIR = /Applications/Xcode.app/Contents/Developer/Platforms/iPhoneSimulator.platform/Developer/SDKs/iPhoneSimulator18.4.sdk
               SDK_DIR_iphonesimulator = /Applications/Xcode.app/Contents/Developer/Platforms/iPhoneSimulator.platform/Developer/SDKs/iPhoneSimulator18.4.sdk
               SDK_DIR_iphonesimulator18_4 = /Applications/Xcode.app/Contents/Developer/Platforms/iPhoneSimulator.platform/Developer/SDKs/iPhoneSimulator18.4.sdk
               SDK_NAME = iphonesimulator18.4
               SDK_NAMES = iphonesimulator18.4
               SDK_PRODUCT_BUILD_VERSION = 22E235
               SDK_STAT_CACHE_DIR = /var/folders/4y/xy3fflts0nqfk1tsxg0t3mmr0000gn/C/com.apple.DeveloperTools/16.3-16E140/Xcode
               SDK_STAT_CACHE_ENABLE = YES
               SDK_STAT_CACHE_PATH = /var/folders/4y/xy3fflts0nqfk1tsxg0t3mmr0000gn/C/com.apple.DeveloperTools/16.3-16E140/Xcode/SDKStatCaches.noindex/iphonesimulator18.4-22E235-71825a6d136aa4733edcbe86ece5525b.sdkstatcache
               SDK_VERSION = 18.4
               SDK_VERSION_ACTUAL = 180400
               SDK_VERSION_MAJOR = 180000
               SDK_VERSION_MINOR = 180400
               SED = /usr/bin/sed
               SEPARATE_STRIP = NO
               SEPARATE_SYMBOL_EDIT = NO
               SET_DIR_MODE_OWNER_GROUP = YES
               SET_FILE_MODE_OWNER_GROUP = NO
               SHALLOW_BUNDLE = YES
               SHALLOW_BUNDLE_TRIPLE = ios-simulator
               SHALLOW_BUNDLE_ios_macabi = NO
               SHALLOW_BUNDLE_macos = NO
               SHARED_DERIVED_FILE_DIR = /Users/otislewis/arena/build/ios/Release-iphonesimulator/firebase_auth/DerivedSources
               SHARED_FRAMEWORKS_FOLDER_PATH = firebase_auth.framework/SharedFrameworks
               SHARED_PRECOMPS_DIR = /Users/otislewis/arena/build/ios/SharedPrecompiledHeaders
               SHARED_SUPPORT_FOLDER_PATH = firebase_auth.framework
               SKIP_INSTALL = YES
               SOURCE_ROOT = /Users/otislewis/arena/ios/Pods
               SRCROOT = /Users/otislewis/arena/ios/Pods
               STRINGSDATA_DIR = /Users/otislewis/arena/build/ios/Pods.build/Release-iphonesimulator/firebase_auth.build/Objects-normal/undefined_arch
               STRINGSDATA_ROOT = /Users/otislewis/arena/build/ios/Pods.build/Release-iphonesimulator/firebase_auth.build
               STRINGS_FILE_INFOPLIST_RENAME = YES
               STRINGS_FILE_OUTPUT_ENCODING = binary
               STRIP_BITCODE_FROM_COPIED_FILES = NO
               STRIP_INSTALLED_PRODUCT = NO
               STRIP_STYLE = debugging
               STRIP_SWIFT_SYMBOLS = YES
               SUPPORTED_DEVICE_FAMILIES = 1,2
               SUPPORTED_PLATFORMS = iphoneos iphonesimulator
               SUPPORTS_TEXT_BASED_API = NO
               SUPPRESS_WARNINGS = NO
               SWIFT_ACTIVE_COMPILATION_CONDITIONS =  
               SWIFT_COMPILATION_MODE = wholemodule
               SWIFT_EMIT_LOC_STRINGS = NO
               SWIFT_INSTALL_MODULE_FOR_DEPLOYMENT = YES
               SWIFT_INSTALL_OBJC_HEADER = YES
               SWIFT_OPTIMIZATION_LEVEL = -O
               SWIFT_PLATFORM_TARGET_PREFIX = ios
               SWIFT_RESPONSE_FILE_PATH_normal_x86_64 = /Users/otislewis/arena/build/ios/Pods.build/Release-iphonesimulator/firebase_auth.build/Objects-normal/x86_64/firebase_auth.SwiftFileList
               SWIFT_VERSION = 5.0
               SYMROOT = /Users/otislewis/arena/ios/build
               SYSTEM_ADMIN_APPS_DIR = /Applications/Utilities
               SYSTEM_APPS_DIR = /Applications
               SYSTEM_CORE_SERVICES_DIR = /System/Library/CoreServices
               SYSTEM_DEMOS_DIR = /Applications/Extras
               SYSTEM_DEVELOPER_APPS_DIR = /Applications/Xcode.app/Contents/Developer/Applications
               SYSTEM_DEVELOPER_BIN_DIR = /Applications/Xcode.app/Contents/Developer/usr/bin
               SYSTEM_DEVELOPER_DEMOS_DIR = /Applications/Xcode.app/Contents/Developer/Applications/Utilities/Built Examples
               SYSTEM_DEVELOPER_DIR = /Applications/Xcode.app/Contents/Developer
               SYSTEM_DEVELOPER_DOC_DIR = /Applications/Xcode.app/Contents/Developer/ADC Reference Library
               SYSTEM_DEVELOPER_GRAPHICS_TOOLS_DIR = /Applications/Xcode.app/Contents/Developer/Applications/Graphics Tools
               SYSTEM_DEVELOPER_JAVA_TOOLS_DIR = /Applications/Xcode.app/Contents/Developer/Applications/Java Tools
               SYSTEM_DEVELOPER_PERFORMANCE_TOOLS_DIR = /Applications/Xcode.app/Contents/Developer/Applications/Performance Tools
               SYSTEM_DEVELOPER_RELEASENOTES_DIR = /Applications/Xcode.app/Contents/Developer/ADC Reference Library/releasenotes
               SYSTEM_DEVELOPER_TOOLS = /Applications/Xcode.app/Contents/Developer/Tools
               SYSTEM_DEVELOPER_TOOLS_DOC_DIR = /Applications/Xcode.app/Contents/Developer/ADC Reference Library/documentation/DeveloperTools
               SYSTEM_DEVELOPER_TOOLS_RELEASENOTES_DIR = /Applications/Xcode.app/Contents/Developer/ADC Reference Library/releasenotes/DeveloperTools
               SYSTEM_DEVELOPER_USR_DIR = /Applications/Xcode.app/Contents/Developer/usr
               SYSTEM_DEVELOPER_UTILITIES_DIR = /Applications/Xcode.app/Contents/Developer/Applications/Utilities
               SYSTEM_DEXT_INSTALL_PATH = /System/Library/DriverExtensions
               SYSTEM_DOCUMENTATION_DIR = /Library/Documentation
               SYSTEM_EXTENSIONS_FOLDER_PATH = firebase_auth.framework/SystemExtensions
               SYSTEM_EXTENSIONS_FOLDER_PATH_SHALLOW_BUNDLE_NO = firebase_auth.framework/Library/SystemExtensions
               SYSTEM_EXTENSIONS_FOLDER_PATH_SHALLOW_BUNDLE_YES = firebase_auth.framework/SystemExtensions
               SYSTEM_KEXT_INSTALL_PATH = /System/Library/Extensions
               SYSTEM_LIBRARY_DIR = /System/Library
               TAPI_DEMANGLE = YES
               TAPI_ENABLE_PROJECT_HEADERS = NO
               TAPI_LANGUAGE = objective-c
               TAPI_LANGUAGE_STANDARD = compiler-default
               TAPI_USE_SRCROOT = YES
               TAPI_VERIFY_MODE = Pedantic
               TARGETED_DEVICE_FAMILY = 1,2
               TARGETNAME = firebase_auth
               TARGET_BUILD_DIR = /Users/otislewis/arena/build/ios/Release-iphonesimulator/firebase_auth
               TARGET_NAME = firebase_auth
               TARGET_TEMP_DIR = /Users/otislewis/arena/build/ios/Pods.build/Release-iphonesimulator/firebase_auth.build
               TEMP_DIR = /Users/otislewis/arena/build/ios/Pods.build/Release-iphonesimulator/firebase_auth.build
               TEMP_FILES_DIR = /Users/otislewis/arena/build/ios/Pods.build/Release-iphonesimulator/firebase_auth.build
               TEMP_FILE_DIR = /Users/otislewis/arena/build/ios/Pods.build/Release-iphonesimulator/firebase_auth.build
               TEMP_ROOT = /Users/otislewis/arena/build/ios
               TEMP_SANDBOX_DIR = /Users/otislewis/arena/build/ios/TemporaryTaskSandboxes
               TEST_FRAMEWORK_SEARCH_PATHS =  /Applications/Xcode.app/Contents/Developer/Platforms/iPhoneSimulator.platform/Developer/Library/Frameworks /Applications/Xcode.app/Contents/Developer/Platforms/iPhoneSimulator.platform/Developer/SDKs/iPhoneSimulator18.4.sdk/Developer/Library/Frameworks
               TEST_LIBRARY_SEARCH_PATHS =  /Applications/Xcode.app/Contents/Developer/Platforms/iPhoneSimulator.platform/Developer/usr/lib
               TOOLCHAINS = com.apple.dt.toolchain.XcodeDefault
               TOOLCHAIN_DIR = /Applications/Xcode.app/Contents/Developer/Toolchains/XcodeDefault.xctoolchain
               TREAT_MISSING_BASELINES_AS_TEST_FAILURES = NO
               TREAT_MISSING_SCRIPT_PHASE_OUTPUTS_AS_ERRORS = NO
               UID = 501
               UNINSTALLED_PRODUCTS_DIR = /Users/otislewis/arena/build/ios/UninstalledProducts
               UNLOCALIZED_RESOURCES_FOLDER_PATH = firebase_auth.framework
               UNLOCALIZED_RESOURCES_FOLDER_PATH_SHALLOW_BUNDLE_NO = firebase_auth.framework/Resources
               UNLOCALIZED_RESOURCES_FOLDER_PATH_SHALLOW_BUNDLE_YES = firebase_auth.framework
               UNSTRIPPED_PRODUCT = NO
               USER = otislewis
               USER_APPS_DIR = /Users/otislewis/Applications
               USER_LIBRARY_DIR = /Users/otislewis/Library
               USE_DYNAMIC_NO_PIC = YES
               USE_HEADERMAP = YES
               USE_HEADER_SYMLINKS = NO
               USE_RECURSIVE_SCRIPT_INPUTS_IN_SCRIPT_PHASES = YES
               VALIDATE_DEVELOPMENT_ASSET_PATHS = YES_ERROR
               VALIDATE_PRODUCT = YES
               VALID_ARCHS = arm64 x86_64
               VERBOSE_PBXCP = NO
               VERSIONING_SYSTEM = apple-generic
               VERSIONPLIST_PATH = firebase_auth.framework/version.plist
               VERSIONS_FOLDER_PATH = firebase_auth.framework
               VERSIONS_FOLDER_PATH_SHALLOW_BUNDLE_NO = firebase_auth.framework/Versions
               VERSIONS_FOLDER_PATH_SHALLOW_BUNDLE_YES = firebase_auth.framework
               VERSION_INFO_BUILDER = otislewis
               VERSION_INFO_FILE = firebase_auth_vers.c
               VERSION_INFO_STRING = "@(#)PROGRAM:firebase_auth  PROJECT:Pods-1"
               WORKSPACE_DIR = /Users/otislewis/arena/ios/Pods/Pods.xcodeproj
               WRAPPER_EXTENSION = framework
               WRAPPER_NAME = firebase_auth.framework
               WRAPPER_SUFFIX = .framework
               WRAP_ASSET_PACKS_IN_SEPARATE_DIRECTORIES = NO
               XCODE_APP_SUPPORT_DIR = /Applications/Xcode.app/Contents/Developer/Library/Xcode
               XCODE_PRODUCT_BUILD_VERSION = 16E140
               XCODE_VERSION_ACTUAL = 1630
               XCODE_VERSION_MAJOR = 1600
               XCODE_VERSION_MINOR = 1630
               XPCSERVICES_FOLDER_PATH = firebase_auth.framework/XPCServices
               YACC = yacc
               _DISCOVER_COMMAND_LINE_LINKER_INPUTS = YES
               _DISCOVER_COMMAND_LINE_LINKER_INPUTS_INCLUDE_WL = YES
               _WRAPPER_CONTENTS_DIR_SHALLOW_BUNDLE_NO = /Contents
               _WRAPPER_PARENT_PATH_SHALLOW_BUNDLE_NO = /..
               _WRAPPER_RESOURCES_DIR_SHALLOW_BUNDLE_NO = /Resources
               __DIAGNOSE_DEPRECATED_ARCHS = YES
               arch = undefined_arch
               variant = normal

           Build settings for action build and target firebase_core:
               ACTION = build
               AD_HOC_CODE_SIGNING_ALLOWED = YES
               ALLOW_BUILD_REQUEST_OVERRIDES = NO
               ALLOW_TARGET_PLATFORM_SPECIALIZATION = NO
               ALTERNATE_GROUP = staff
               ALTERNATE_MODE = u+w,go-w,a+rX
               ALTERNATE_OWNER = otislewis
               ALTERNATIVE_DISTRIBUTION_WEB = NO
               ALWAYS_EMBED_SWIFT_STANDARD_LIBRARIES = NO
               ALWAYS_SEARCH_USER_PATHS = NO
               ALWAYS_USE_SEPARATE_HEADERMAPS = NO
               APPLICATION_EXTENSION_API_ONLY = NO
               APPLY_RULES_IN_COPY_FILES = NO
               APPLY_RULES_IN_COPY_HEADERS = NO
               APP_SHORTCUTS_ENABLE_FLEXIBLE_MATCHING = YES
               ARCHS = x86_64
               ARCHS_STANDARD = arm64 x86_64
               ARCHS_STANDARD_32_64_BIT = arm64 x86_64
               ARCHS_STANDARD_64_BIT = arm64 x86_64
               ARCHS_STANDARD_INCLUDING_64_BIT = arm64 x86_64
               ARCHS_UNIVERSAL_IPHONE_OS = arm64 x86_64
               AUTOMATICALLY_MERGE_DEPENDENCIES = NO
               AVAILABLE_PLATFORMS = android appletvos appletvsimulator driverkit iphoneos iphonesimulator macosx qnx watchos watchsimulator xros xrsimulator
               BITCODE_GENERATION_MODE = marker
               BUILD_ACTIVE_RESOURCES_ONLY = NO
               BUILD_COMPONENTS = headers build
               BUILD_DIR = /Users/otislewis/arena/build/ios
               BUILD_LIBRARY_FOR_DISTRIBUTION = NO
               BUILD_ROOT = /Users/otislewis/arena/ios/build
               BUILD_STYLE = 
               BUILD_VARIANTS = normal
               BUILT_PRODUCTS_DIR = /Users/otislewis/arena/build/ios/Release-iphonesimulator/firebase_core
               BUNDLE_CONTENTS_FOLDER_PATH_deep = Contents/
               BUNDLE_EXECUTABLE_FOLDER_NAME_deep = MacOS
               BUNDLE_EXTENSIONS_FOLDER_PATH = Extensions
               BUNDLE_FORMAT = shallow
               BUNDLE_FRAMEWORKS_FOLDER_PATH = Frameworks
               BUNDLE_PLUGINS_FOLDER_PATH = PlugIns
               BUNDLE_PRIVATE_HEADERS_FOLDER_PATH = PrivateHeaders
               BUNDLE_PUBLIC_HEADERS_FOLDER_PATH = Headers
               CACHE_ROOT = /var/folders/4y/xy3fflts0nqfk1tsxg0t3mmr0000gn/C/com.apple.DeveloperTools/16.3-16E140/Xcode
               CCHROOT = /var/folders/4y/xy3fflts0nqfk1tsxg0t3mmr0000gn/C/com.apple.DeveloperTools/16.3-16E140/Xcode
               CHMOD = /bin/chmod
               CHOWN = /usr/sbin/chown
               CLANG_ANALYZER_LOCALIZABILITY_NONLOCALIZED = YES
               CLANG_ANALYZER_NONNULL = YES
               CLANG_ANALYZER_NUMBER_OBJECT_CONVERSION = YES_AGGRESSIVE
               CLANG_CACHE_FINE_GRAINED_OUTPUTS = YES
               CLANG_CXX_LANGUAGE_STANDARD = gnu++14
               CLANG_CXX_LIBRARY = libc++
               CLANG_ENABLE_EXPLICIT_MODULES = YES
               CLANG_ENABLE_MODULES = YES
               CLANG_ENABLE_OBJC_ARC = YES
               CLANG_ENABLE_OBJC_WEAK = NO
               CLANG_MODULES_BUILD_SESSION_FILE = /var/folders/4y/xy3fflts0nqfk1tsxg0t3mmr0000gn/C/org.llvm.clang/ModuleCache.noindex/Session.modulevalidation
               CLANG_WARN_BLOCK_CAPTURE_AUTORELEASING = YES
               CLANG_WARN_BOOL_CONVERSION = YES
               CLANG_WARN_COMMA = YES
               CLANG_WARN_CONSTANT_CONVERSION = YES
               CLANG_WARN_DEPRECATED_OBJC_IMPLEMENTATIONS = YES
               CLANG_WARN_DIRECT_OBJC_ISA_USAGE = YES_ERROR
               CLANG_WARN_DOCUMENTATION_COMMENTS = YES
               CLANG_WARN_EMPTY_BODY = YES
               CLANG_WARN_ENUM_CONVERSION = YES
               CLANG_WARN_INFINITE_RECURSION = YES
               CLANG_WARN_INT_CONVERSION = YES
               CLANG_WARN_NON_LITERAL_NULL_CONVERSION = YES
               CLANG_WARN_OBJC_IMPLICIT_RETAIN_SELF = YES
               CLANG_WARN_OBJC_LITERAL_CONVERSION = YES
               CLANG_WARN_OBJC_ROOT_CLASS = YES_ERROR
               CLANG_WARN_QUOTED_INCLUDE_IN_FRAMEWORK_HEADER = NO
               CLANG_WARN_RANGE_LOOP_ANALYSIS = YES
               CLANG_WARN_STRICT_PROTOTYPES = YES
               CLANG_WARN_SUSPICIOUS_MOVE = YES
               CLANG_WARN_UNGUARDED_AVAILABILITY = YES_AGGRESSIVE
               CLANG_WARN_UNREACHABLE_CODE = YES
               CLANG_WARN__DUPLICATE_METHOD_MATCH = YES
               CLASS_FILE_DIR = /Users/otislewis/arena/build/ios/Pods.build/Release-iphonesimulator/firebase_core.build/JavaClasses
               CLEAN_PRECOMPS = YES
               CLONE_HEADERS = NO
               CODESIGNING_FOLDER_PATH = /Users/otislewis/arena/build/ios/Release-iphonesimulator/firebase_core/firebase_core.framework
               CODE_SIGNING_ALLOWED = YES
               CODE_SIGNING_REQUIRED = NO
               CODE_SIGNING_REQUIRES_TEAM = YES
               CODE_SIGN_CONTEXT_CLASS = XCiPhoneSimulatorCodeSignContext
               CODE_SIGN_IDENTITY = -
               CODE_SIGN_INJECT_BASE_ENTITLEMENTS = YES
               COLOR_DIAGNOSTICS = NO
               COMBINE_HIDPI_IMAGES = NO
               COMPILATION_CACHE_CAS_PATH = /var/folders/4y/xy3fflts0nqfk1tsxg0t3mmr0000gn/C/com.apple.DeveloperTools/16.3-16E140/Xcode/CompilationCache.noindex
               COMPILATION_CACHE_KEEP_CAS_DIRECTORY = YES
               COMPILER_INDEX_STORE_ENABLE = Default
               COMPOSITE_SDK_DIRS = /Users/otislewis/arena/build/ios/CompositeSDKs
               COMPRESS_PNG_FILES = YES
               CONFIGURATION = Release
               CONFIGURATION_BUILD_DIR = /Users/otislewis/arena/build/ios/Release-iphonesimulator/firebase_core
               CONFIGURATION_TEMP_DIR = /Users/otislewis/arena/build/ios/Pods.build/Release-iphonesimulator
               CONTENTS_FOLDER_PATH = firebase_core.framework
               CONTENTS_FOLDER_PATH_SHALLOW_BUNDLE_NO = firebase_core.framework/A
               CONTENTS_FOLDER_PATH_SHALLOW_BUNDLE_YES = firebase_core.framework
               COPYING_PRESERVES_HFS_DATA = NO
               COPY_HEADERS_RUN_UNIFDEF = NO
               COPY_PHASE_STRIP = NO
               CORRESPONDING_DEVICE_PLATFORM_DIR = /Applications/Xcode.app/Contents/Developer/Platforms/iPhoneOS.platform
               CORRESPONDING_DEVICE_PLATFORM_NAME = iphoneos
               CORRESPONDING_DEVICE_SDK_DIR = /Applications/Xcode.app/Contents/Developer/Platforms/iPhoneOS.platform/Developer/SDKs/iPhoneOS18.4.sdk
               CORRESPONDING_DEVICE_SDK_NAME = iphoneos18.4
               CP = /bin/cp
               CREATE_INFOPLIST_SECTION_IN_BINARY = NO
               CURRENT_ARCH = undefined_arch
               CURRENT_PROJECT_VERSION = 1
               CURRENT_VARIANT = normal
               CURRENT_VERSION = Current
               DEAD_CODE_STRIPPING = YES
               DEBUGGING_SYMBOLS = YES
               DEBUG_INFORMATION_FORMAT = dwarf-with-dsym
               DEBUG_INFORMATION_VERSION = compiler-default
               DEFAULT_COMPILER = com.apple.compilers.llvm.clang.1_0
               DEFAULT_DEXT_INSTALL_PATH = /System/Library/DriverExtensions
               DEFAULT_KEXT_INSTALL_PATH = /System/Library/Extensions
               DEFINES_MODULE = YES
               DEPLOYMENT_LOCATION = NO
               DEPLOYMENT_POSTPROCESSING = NO
               DEPLOYMENT_TARGET_SETTING_NAME = IPHONEOS_DEPLOYMENT_TARGET
               DEPLOYMENT_TARGET_SUGGESTED_VALUES = 12.0 12.1 12.2 12.3 12.4 13.0 13.1 13.2 13.3 13.4 13.5 13.6 14.0 14.1 14.2 14.3 14.4 14.5 14.6 14.7 15.0 15.1 15.2 15.3 15.4 15.5 15.6 16.0 16.1 16.2 16.3 16.4 16.5 16.6 17.0 17.1 17.2 17.3 17.4 17.5 17.6 18.0 18.1 18.2 18.3 18.4
               DERIVED_FILES_DIR = /Users/otislewis/arena/build/ios/Pods.build/Release-iphonesimulator/firebase_core.build/DerivedSources
               DERIVED_FILE_DIR = /Users/otislewis/arena/build/ios/Pods.build/Release-iphonesimulator/firebase_core.build/DerivedSources
               DERIVED_SOURCES_DIR = /Users/otislewis/arena/build/ios/Pods.build/Release-iphonesimulator/firebase_core.build/DerivedSources
               DEVELOPER_APPLICATIONS_DIR = /Applications/Xcode.app/Contents/Developer/Applications
               DEVELOPER_BIN_DIR = /Applications/Xcode.app/Contents/Developer/usr/bin
               DEVELOPER_DIR = /Applications/Xcode.app/Contents/Developer
               DEVELOPER_FRAMEWORKS_DIR = /Applications/Xcode.app/Contents/Developer/Library/Frameworks
               DEVELOPER_FRAMEWORKS_DIR_QUOTED = /Applications/Xcode.app/Contents/Developer/Library/Frameworks
               DEVELOPER_LIBRARY_DIR = /Applications/Xcode.app/Contents/Developer/Library
               DEVELOPER_SDK_DIR = /Applications/Xcode.app/Contents/Developer/Platforms/MacOSX.platform/Developer/SDKs
               DEVELOPER_TOOLS_DIR = /Applications/Xcode.app/Contents/Developer/Tools
               DEVELOPER_USR_DIR = /Applications/Xcode.app/Contents/Developer/usr
               DEVELOPMENT_LANGUAGE = en
               DIAGNOSE_MISSING_TARGET_DEPENDENCIES = YES
               DIFF = /usr/bin/diff
               DOCUMENTATION_FOLDER_PATH = firebase_core.framework/en.lproj/Documentation
               DONT_GENERATE_INFOPLIST_FILE = NO
               DSTROOT = /tmp/Pods.dst
               DT_TOOLCHAIN_DIR = /Applications/Xcode.app/Contents/Developer/Toolchains/XcodeDefault.xctoolchain
               DWARF_DSYM_FILE_NAME = firebase_core.framework.dSYM
               DWARF_DSYM_FILE_SHOULD_ACCOMPANY_PRODUCT = NO
               DWARF_DSYM_FOLDER_PATH = /Users/otislewis/arena/build/ios/Release-iphonesimulator/firebase_core
               DYLIB_COMPATIBILITY_VERSION = 1
               DYLIB_CURRENT_VERSION = 1
               DYLIB_INSTALL_NAME_BASE = @rpath
               DYNAMIC_LIBRARY_EXTENSION = dylib
               EAGER_COMPILATION_ALLOW_SCRIPTS = NO
               EAGER_LINKING = NO
               EFFECTIVE_PLATFORM_NAME = -iphonesimulator
               EMBEDDED_CONTENT_CONTAINS_SWIFT = NO
               EMBED_ASSET_PACKS_IN_PRODUCT_BUNDLE = NO
               ENABLE_APP_SANDBOX = NO
               ENABLE_BITCODE = NO
               ENABLE_CODE_COVERAGE = YES
               ENABLE_DEFAULT_HEADER_SEARCH_PATHS = YES
               ENABLE_DEFAULT_SEARCH_PATHS = YES
               ENABLE_HARDENED_RUNTIME = NO
               ENABLE_HEADER_DEPENDENCIES = YES
               ENABLE_INCOMING_NETWORK_CONNECTIONS = NO
               ENABLE_MODULE_VERIFIER = NO
               ENABLE_NS_ASSERTIONS = NO
               ENABLE_ON_DEMAND_RESOURCES = NO
               ENABLE_OUTGOING_NETWORK_CONNECTIONS = NO
               ENABLE_RESOURCE_ACCESS_AUDIO_INPUT = NO
               ENABLE_RESOURCE_ACCESS_BLUETOOTH = NO
               ENABLE_RESOURCE_ACCESS_CALENDARS = NO
               ENABLE_RESOURCE_ACCESS_CAMERA = NO
               ENABLE_RESOURCE_ACCESS_CONTACTS = NO
               ENABLE_RESOURCE_ACCESS_LOCATION = NO
               ENABLE_RESOURCE_ACCESS_PRINTING = NO
               ENABLE_RESOURCE_ACCESS_USB = NO
               ENABLE_SDK_IMPORTS = NO
               ENABLE_STRICT_OBJC_MSGSEND = YES
               ENABLE_TESTABILITY = NO
               ENABLE_TESTING_SEARCH_PATHS = NO
               ENABLE_USER_SCRIPT_SANDBOXING = NO
               ENFORCE_VALID_ARCHS = YES
               ENTITLEMENTS_DESTINATION = __entitlements
               ENTITLEMENTS_REQUIRED = NO
               EXCLUDED_ARCHS = arm64
               EXCLUDED_INSTALLSRC_SUBDIRECTORY_PATTERNS = .DS_Store .svn .git .hg CVS
               EXCLUDED_RECURSIVE_SEARCH_PATH_SUBDIRECTORIES = *.nib *.lproj *.framework *.gch *.xcode* *.xcassets (*) .DS_Store CVS .svn .git .hg *.pbproj *.pbxproj
               EXECUTABLES_FOLDER_PATH = firebase_core.framework/en.lproj
               EXECUTABLE_FOLDER_PATH = firebase_core.framework
               EXECUTABLE_FOLDER_PATH_SHALLOW_BUNDLE_NO = firebase_core.framework
               EXECUTABLE_FOLDER_PATH_SHALLOW_BUNDLE_YES = firebase_core.framework
               EXECUTABLE_NAME = firebase_core
               EXECUTABLE_PATH = firebase_core.framework/firebase_core
               EXTENSIONS_FOLDER_PATH = firebase_core.framework/Extensions
               FILE_LIST = /Users/otislewis/arena/build/ios/Pods.build/Release-iphonesimulator/firebase_core.build/Objects/LinkFileList
               FIXED_FILES_DIR = /Users/otislewis/arena/build/ios/Pods.build/Release-iphonesimulator/firebase_core.build/FixedFiles
               FRAMEWORKS_FOLDER_PATH = firebase_core.framework/Frameworks
               FRAMEWORK_FLAG_PREFIX = -framework
               FRAMEWORK_SEARCH_PATHS = /Users/otislewis/arena/build/ios/Release-iphonesimulator/firebase_core "/opt/homebrew/Caskroom/flutter/3.32.0/flutter/bin/cache/artifacts/engine/ios-release/Flutter.xcframework/ios-arm64_x86_64-simulator"  "/Users/otislewis/arena/build/ios/Release-iphonesimulator/BoringSSL-GRPC" "/Users/otislewis/arena/build/ios/Release-iphonesimulator/FirebaseAppCheckInterop" "/Users/otislewis/arena/build/ios/Release-iphonesimulator/FirebaseAuth" "/Users/otislewis/arena/build/ios/Release-iphonesimulator/FirebaseAuthInterop" "/Users/otislewis/arena/build/ios/Release-iphonesimulator/FirebaseCore" "/Users/otislewis/arena/build/ios/Release-iphonesimulator/FirebaseCoreExtension" "/Users/otislewis/arena/build/ios/Release-iphonesimulator/FirebaseCoreInternal" "/Users/otislewis/arena/build/ios/Release-iphonesimulator/FirebaseFirestore" "/Users/otislewis/arena/build/ios/Release-iphonesimulator/FirebaseFirestoreInternal" "/Users/otislewis/arena/build/ios/Release-iphonesimulator/FirebaseSharedSwift" "/Users/otislewis/arena/build/ios/Release-iphonesimulator/FirebaseStorage" "/Users/otislewis/arena/build/ios/Release-iphonesimulator/GTMSessionFetcher" "/Users/otislewis/arena/build/ios/Release-iphonesimulator/GoogleUtilities" "/Users/otislewis/arena/build/ios/Release-iphonesimulator/PromisesObjC" "/Users/otislewis/arena/build/ios/Release-iphonesimulator/RecaptchaInterop" "/Users/otislewis/arena/build/ios/Release-iphonesimulator/abseil" "/Users/otislewis/arena/build/ios/Release-iphonesimulator/gRPC-C++" "/Users/otislewis/arena/build/ios/Release-iphonesimulator/gRPC-Core" "/Users/otislewis/arena/build/ios/Release-iphonesimulator/leveldb-library" "/Users/otislewis/arena/build/ios/Release-iphonesimulator/nanopb"
               FRAMEWORK_VERSION = A
               FULL_PRODUCT_NAME = firebase_core.framework
               FUSE_BUILD_PHASES = YES
               FUSE_BUILD_SCRIPT_PHASES = NO
               GCC3_VERSION = 3.3
               GCC_C_LANGUAGE_STANDARD = gnu11
               GCC_INLINES_ARE_PRIVATE_EXTERN = YES
               GCC_NO_COMMON_BLOCKS = YES
               GCC_OBJC_LEGACY_DISPATCH = YES
               GCC_PFE_FILE_C_DIALECTS = c objective-c c++ objective-c++
               GCC_PREFIX_HEADER = Target Support Files/firebase_core/firebase_core-prefix.pch
               GCC_PREPROCESSOR_DEFINITIONS = POD_CONFIGURATION_RELEASE=1  COCOAPODS=1 LIBRARY_VERSION=\@\"2.32.0\" LIBRARY_NAME=\@\"flutter-fire-core\"
               GCC_TREAT_WARNINGS_AS_ERRORS = NO
               GCC_VERSION = com.apple.compilers.llvm.clang.1_0
               GCC_VERSION_IDENTIFIER = com_apple_compilers_llvm_clang_1_0
               GCC_WARN_64_TO_32_BIT_CONVERSION = YES
               GCC_WARN_ABOUT_RETURN_TYPE = YES_ERROR
               GCC_WARN_UNDECLARED_SELECTOR = YES
               GCC_WARN_UNINITIALIZED_AUTOS = YES_AGGRESSIVE
               GCC_WARN_UNUSED_FUNCTION = YES
               GCC_WARN_UNUSED_VARIABLE = YES
               GENERATED_MODULEMAP_DIR = /Users/otislewis/arena/build/ios/GeneratedModuleMaps-iphonesimulator
               GENERATE_INFOPLIST_FILE = NO
               GENERATE_INTERMEDIATE_TEXT_BASED_STUBS = YES
               GENERATE_MASTER_OBJECT_FILE = NO
               GENERATE_PKGINFO_FILE = NO
               GENERATE_PROFILING_CODE = NO
               GENERATE_TEXT_BASED_STUBS = NO
               GID = 20
               GROUP = staff
               HEADERMAP_INCLUDES_FLAT_ENTRIES_FOR_TARGET_BEING_BUILT = YES
               HEADERMAP_INCLUDES_FRAMEWORK_ENTRIES_FOR_ALL_PRODUCT_TYPES = YES
               HEADERMAP_INCLUDES_FRAMEWORK_ENTRIES_FOR_TARGETS_NOT_BEING_BUILT = YES
               HEADERMAP_INCLUDES_NONPUBLIC_NONPRIVATE_HEADERS = YES
               HEADERMAP_INCLUDES_PROJECT_HEADERS = YES
               HEADERMAP_USES_FRAMEWORK_PREFIX_ENTRIES = YES
               HEADERMAP_USES_VFS = YES
               HEADER_SEARCH_PATHS = /Users/otislewis/arena/build/ios/Release-iphonesimulator/firebase_core/include  "/Users/otislewis/arena/ios/Pods/Headers/Public"
               HIDE_BITCODE_SYMBOLS = YES
               HOME = /Users/otislewis
               HOST_ARCH = arm64
               HOST_PLATFORM = macosx
               ICONV = /usr/bin/iconv
               IMPLICIT_DEPENDENCY_DOMAIN = default
               INFOPLIST_ENABLE_CFBUNDLEICONS_MERGE = YES
               INFOPLIST_EXPAND_BUILD_SETTINGS = YES
               INFOPLIST_FILE = Target Support Files/firebase_core/firebase_core-Info.plist
               INFOPLIST_OUTPUT_FORMAT = binary
               INFOPLIST_PATH = firebase_core.framework/Info.plist
               INFOPLIST_PREPROCESS = NO
               INFOSTRINGS_PATH = firebase_core.framework/en.lproj/InfoPlist.strings
               INLINE_PRIVATE_FRAMEWORKS = NO
               INSTALLAPI_IGNORE_SKIP_INSTALL = YES
               INSTALLHDRS_COPY_PHASE = NO
               INSTALLHDRS_SCRIPT_PHASE = NO
               INSTALL_DIR = /tmp/Pods.dst/Library/Frameworks
               INSTALL_GROUP = staff
               INSTALL_MODE_FLAG = u+w,go-w,a+rX
               INSTALL_OWNER = otislewis
               INSTALL_PATH = /Library/Frameworks
               INSTALL_ROOT = /tmp/Pods.dst
               IPHONEOS_DEPLOYMENT_TARGET = 13.0
               IS_UNOPTIMIZED_BUILD = NO
               JAVAC_DEFAULT_FLAGS = -J-Xms64m -J-XX:NewSize=4M -J-Dfile.encoding=UTF8
               JAVA_APP_STUB = /System/Library/Frameworks/JavaVM.framework/Resources/MacOS/JavaApplicationStub
               JAVA_ARCHIVE_CLASSES = YES
               JAVA_ARCHIVE_TYPE = JAR
               JAVA_COMPILER = /usr/bin/javac
               JAVA_FOLDER_PATH = firebase_core.framework/Java
               JAVA_FRAMEWORK_RESOURCES_DIRS = Resources
               JAVA_JAR_FLAGS = cv
               JAVA_SOURCE_SUBDIR = .
               JAVA_USE_DEPENDENCIES = YES
               JAVA_ZIP_FLAGS = -urg
               JIKES_DEFAULT_FLAGS = +E +OLDCSO
               KEEP_PRIVATE_EXTERNS = NO
               LD_DEPENDENCY_INFO_FILE = /Users/otislewis/arena/build/ios/Pods.build/Release-iphonesimulator/firebase_core.build/Objects-normal/undefined_arch/firebase_core_dependency_info.dat
               LD_DYLIB_INSTALL_NAME = @rpath/firebase_core.framework/firebase_core
               LD_EXPORT_SYMBOLS = YES
               LD_GENERATE_MAP_FILE = NO
               LD_MAP_FILE_PATH = /Users/otislewis/arena/build/ios/Pods.build/Release-iphonesimulator/firebase_core.build/firebase_core-LinkMap-normal-undefined_arch.txt
               LD_NO_PIE = NO
               LD_QUOTE_LINKER_ARGUMENTS_FOR_COMPILER_DRIVER = YES
               LD_RUNPATH_SEARCH_PATHS =  @executable_path/Frameworks @loader_path/Frameworks
               LD_SHARED_CACHE_ELIGIBLE = Automatic
               LD_WARN_DUPLICATE_LIBRARIES = NO
               LD_WARN_UNUSED_DYLIBS = NO
               LEGACY_DEVELOPER_DIR = /Applications/Xcode.app/Contents/PlugIns/Xcode3Core.ideplugin/Contents/SharedSupport/Developer
               LEX = lex
               LIBRARY_DEXT_INSTALL_PATH = /Library/DriverExtensions
               LIBRARY_FLAG_NOSPACE = YES
               LIBRARY_FLAG_PREFIX = -l
               LIBRARY_KEXT_INSTALL_PATH = /Library/Extensions
               LIBRARY_SEARCH_PATHS = /Users/otislewis/arena/build/ios/Release-iphonesimulator/firebase_core 
               LINKER_DISPLAYS_MANGLED_NAMES = NO
               LINK_FILE_LIST_normal_x86_64 = /Users/otislewis/arena/build/ios/Pods.build/Release-iphonesimulator/firebase_core.build/Objects-normal/x86_64/firebase_core.LinkFileList
               LINK_OBJC_RUNTIME = YES
               LINK_WITH_STANDARD_LIBRARIES = YES
               LLVM_TARGET_TRIPLE_OS_VERSION = ios13.0
               LLVM_TARGET_TRIPLE_SUFFIX = -simulator
               LLVM_TARGET_TRIPLE_VENDOR = apple
               LM_AUX_CONST_METADATA_LIST_PATH_normal_x86_64 = /Users/otislewis/arena/build/ios/Pods.build/Release-iphonesimulator/firebase_core.build/Objects-normal/x86_64/firebase_core.SwiftConstValuesFileList
               LOCALIZATION_EXPORT_SUPPORTED = YES
               LOCALIZATION_PREFERS_STRING_CATALOGS = NO
               LOCALIZED_RESOURCES_FOLDER_PATH = firebase_core.framework/en.lproj
               LOCALIZED_STRING_MACRO_NAMES = NSLocalizedString CFCopyLocalizedString
               LOCALIZED_STRING_SWIFTUI_SUPPORT = YES
               LOCAL_ADMIN_APPS_DIR = /Applications/Utilities
               LOCAL_APPS_DIR = /Applications
               LOCAL_DEVELOPER_DIR = /Library/Developer
               LOCAL_LIBRARY_DIR = /Library
               LOCROOT = /Users/otislewis/arena/ios/Pods
               LOCSYMROOT = /Users/otislewis/arena/ios/Pods
               MACH_O_TYPE = staticlib
               MAC_OS_X_PRODUCT_BUILD_VERSION = 24F74
               MAC_OS_X_VERSION_ACTUAL = 150500
               MAC_OS_X_VERSION_MAJOR = 150000
               MAC_OS_X_VERSION_MINOR = 150500
               MAKE_MERGEABLE = NO
               MERGEABLE_LIBRARY = NO
               MERGED_BINARY_TYPE = none
               MERGE_LINKED_LIBRARIES = NO
               METAL_LIBRARY_FILE_BASE = default
               METAL_LIBRARY_OUTPUT_DIR = /Users/otislewis/arena/build/ios/Release-iphonesimulator/firebase_core/firebase_core.framework
               MODULEMAP_FILE = Target Support Files/firebase_core/firebase_core.modulemap
               MODULES_FOLDER_PATH = firebase_core.framework/Modules
               MTL_ENABLE_DEBUG_INFO = NO
               MTL_FAST_MATH = YES
               NATIVE_ARCH = arm64
               NATIVE_ARCH_32_BIT = arm
               NATIVE_ARCH_64_BIT = arm64
               NATIVE_ARCH_ACTUAL = arm64
               NO_COMMON = YES
               OBJC_ABI_VERSION = 2
               OBJECT_FILE_DIR = /Users/otislewis/arena/build/ios/Pods.build/Release-iphonesimulator/firebase_core.build/Objects
               OBJECT_FILE_DIR_normal = /Users/otislewis/arena/build/ios/Pods.build/Release-iphonesimulator/firebase_core.build/Objects-normal
               OBJROOT = /Users/otislewis/arena/build/ios
               ONLY_ACTIVE_ARCH = NO
               OS = MACOS
               OSAC = /usr/bin/osacompile
               OTHER_LDFLAGS =  -framework Flutter
               PACKAGE_TYPE = com.apple.package-type.wrapper.framework
               PASCAL_STRINGS = YES
               PATH = /Applications/Xcode.app/Contents/SharedFrameworks/SwiftBuild.framework/Versions/A/PlugIns/SWBBuildService.bundle/Contents/PlugIns/SWBUniversalPlatformPlugin.bundle/Contents/Frameworks/SWBUniversalPlatform.framework/Resources:/Applications/Xcode.app/Contents/Developer/Toolchains/XcodeDefault.xctoolchain/usr/bin:/Applications/Xcode.app/Contents/Developer/Toolchains/XcodeDefault.xctoolchain/usr/local/bin:/Applications/Xcode.app/Contents/Developer/Toolchains/XcodeDefault.xctoolchain/usr/libexec:/Applications/Xcode.app/Contents/Developer/Platforms/iPhoneSimulator.platform/usr/bin:/Applications/Xcode.app/Contents/Developer/Platforms/iPhoneSimulator.platform/usr/local/bin:/Applications/Xcode.app/Contents/Developer/Platforms/iPhoneSimulator.platform/Developer/usr/bin:/Applications/Xcode.app/Contents/Developer/Platforms/iPhoneSimulator.platform/Developer/usr/local/bin:/Applications/Xcode.app/Contents/Developer/usr/bin:/Applications/Xcode.app/Contents/Developer/usr/local/bin:/Users/otislewis/.gem/ruby/3.3.0/bin:/opt/homebrew/bin:/opt/homebrew/sbin:/usr/local/bin:/System/Cryptexes/App/usr/bin:/usr/bin:/bin:/usr/sbin:/sbin:/var/run/com.apple.security.cryptexd/codex.system/bootstrap/usr/local/bin:/var/run/com.apple.security.cryptexd/codex.system/bootstrap/usr/bin:/var/run/com.apple.security.cryptexd/codex.system/bootstrap/usr/appleinternal/bin:/Library/Apple/usr/bin:/opt/homebrew/Caskroom/flutter/3.32.0/flutter/bin:/Users/otislewis/Library/Android/sdk/emulator:/Users/otislewis/Library/Android/sdk/tools:/Users/otislewis/Library/Android/sdk/tools/bin:/Users/otislewis/Library/Android/sdk/platform-tools:/opt/homebrew/Caskroom/flutter/3.32.0/flutter/bin/cache/dart-sdk/bin
               PATH_PREFIXES_EXCLUDED_FROM_HEADER_DEPENDENCIES = /usr/include /usr/local/include /System/Library/Frameworks /System/Library/PrivateFrameworks /Applications/Xcode.app/Contents/Developer/Headers /Applications/Xcode.app/Contents/Developer/SDKs /Applications/Xcode.app/Contents/Developer/Platforms
               PBDEVELOPMENTPLIST_PATH = firebase_core.framework/pbdevelopment.plist
               PER_ARCH_MODULE_FILE_DIR = /Users/otislewis/arena/build/ios/Pods.build/Release-iphonesimulator/firebase_core.build/Objects-normal/undefined_arch
               PER_ARCH_OBJECT_FILE_DIR = /Users/otislewis/arena/build/ios/Pods.build/Release-iphonesimulator/firebase_core.build/Objects-normal/undefined_arch
               PER_VARIANT_OBJECT_FILE_DIR = /Users/otislewis/arena/build/ios/Pods.build/Release-iphonesimulator/firebase_core.build/Objects-normal
               PKGINFO_FILE_PATH = /Users/otislewis/arena/build/ios/Pods.build/Release-iphonesimulator/firebase_core.build/PkgInfo
               PKGINFO_PATH = firebase_core.framework/PkgInfo
               PLATFORM_DEVELOPER_APPLICATIONS_DIR = /Applications/Xcode.app/Contents/Developer/Platforms/iPhoneSimulator.platform/Developer/Applications
               PLATFORM_DEVELOPER_BIN_DIR = /Applications/Xcode.app/Contents/Developer/Platforms/iPhoneSimulator.platform/Developer/usr/bin
               PLATFORM_DEVELOPER_LIBRARY_DIR = /Applications/Xcode.app/Contents/Developer/Platforms/iPhoneSimulator.platform/Developer/Library
               PLATFORM_DEVELOPER_SDK_DIR = /Applications/Xcode.app/Contents/Developer/Platforms/iPhoneSimulator.platform/Developer/SDKs
               PLATFORM_DEVELOPER_TOOLS_DIR = /Applications/Xcode.app/Contents/Developer/Platforms/iPhoneSimulator.platform/Developer/Tools
               PLATFORM_DEVELOPER_USR_DIR = /Applications/Xcode.app/Contents/Developer/Platforms/iPhoneSimulator.platform/Developer/usr
               PLATFORM_DIR = /Applications/Xcode.app/Contents/Developer/Platforms/iPhoneSimulator.platform
               PLATFORM_DISPLAY_NAME = iOS Simulator
               PLATFORM_FAMILY_NAME = iOS
               PLATFORM_NAME = iphonesimulator
               PLATFORM_PREFERRED_ARCH = x86_64
               PLATFORM_PRODUCT_BUILD_VERSION = 22E235
               PLATFORM_REQUIRES_SWIFT_AUTOLINK_EXTRACT = NO
               PLATFORM_REQUIRES_SWIFT_MODULEWRAP = NO
               PLIST_FILE_OUTPUT_FORMAT = binary
               PLUGINS_FOLDER_PATH = firebase_core.framework/PlugIns
               PODS_BUILD_DIR = /Users/otislewis/arena/build/ios
               PODS_CONFIGURATION_BUILD_DIR = /Users/otislewis/arena/build/ios/Release-iphonesimulator
               PODS_DEVELOPMENT_LANGUAGE = en
               PODS_ROOT = /Users/otislewis/arena/ios/Pods
               PODS_TARGET_SRCROOT = /Users/otislewis/arena/ios/Pods/../.symlinks/plugins/firebase_core/ios
               PODS_XCFRAMEWORKS_BUILD_DIR = /Users/otislewis/arena/build/ios/Release-iphonesimulator/XCFrameworkIntermediates
               PRECOMPS_INCLUDE_HEADERS_FROM_BUILT_PRODUCTS_DIR = YES
               PRECOMP_DESTINATION_DIR = /Users/otislewis/arena/build/ios/Pods.build/Release-iphonesimulator/firebase_core.build/PrefixHeaders
               PRIVATE_HEADERS_FOLDER_PATH = firebase_core.framework/PrivateHeaders
               PROCESSED_INFOPLIST_PATH = /Users/otislewis/arena/build/ios/Pods.build/Release-iphonesimulator/firebase_core.build/Objects-normal/undefined_arch/Processed-Info.plist
               PRODUCT_BUNDLE_IDENTIFIER = org.cocoapods.firebase-core
               PRODUCT_BUNDLE_PACKAGE_TYPE = FMWK
               PRODUCT_MODULE_NAME = firebase_core
               PRODUCT_NAME = firebase_core
               PRODUCT_SETTINGS_PATH = /Users/otislewis/arena/ios/Pods/Target Support Files/firebase_core/firebase_core-Info.plist
               PRODUCT_TYPE = com.apple.product-type.framework
               PROFILING_CODE = NO
               PROJECT = Pods
               PROJECT_DERIVED_FILE_DIR = /Users/otislewis/arena/build/ios/Pods.build/DerivedSources
               PROJECT_DIR = /Users/otislewis/arena/ios/Pods
               PROJECT_FILE_PATH = /Users/otislewis/arena/ios/Pods/Pods.xcodeproj
               PROJECT_GUID = bfdfe7dc352907fc980b868725387e98
               PROJECT_NAME = Pods
               PROJECT_TEMP_DIR = /Users/otislewis/arena/build/ios/Pods.build
               PROJECT_TEMP_ROOT = /Users/otislewis/arena/build/ios
               PUBLIC_HEADERS_FOLDER_PATH = firebase_core.framework/Headers
               RECOMMENDED_IPHONEOS_DEPLOYMENT_TARGET = 15.0
               RECURSIVE_SEARCH_PATHS_FOLLOW_SYMLINKS = YES
               REMOVE_CVS_FROM_RESOURCES = YES
               REMOVE_GIT_FROM_RESOURCES = YES
               REMOVE_HEADERS_FROM_EMBEDDED_BUNDLES = YES
               REMOVE_HG_FROM_RESOURCES = YES
               REMOVE_STATIC_EXECUTABLES_FROM_EMBEDDED_BUNDLES = YES
               REMOVE_SVN_FROM_RESOURCES = YES
               RESCHEDULE_INDEPENDENT_HEADERS_PHASES = YES
               REZ_COLLECTOR_DIR = /Users/otislewis/arena/build/ios/Pods.build/Release-iphonesimulator/firebase_core.build/ResourceManagerResources
               REZ_OBJECTS_DIR = /Users/otislewis/arena/build/ios/Pods.build/Release-iphonesimulator/firebase_core.build/ResourceManagerResources/Objects
               REZ_SEARCH_PATHS = /Users/otislewis/arena/build/ios/Release-iphonesimulator/firebase_core 
               SCAN_ALL_SOURCE_FILES_FOR_INCLUDES = NO
               SCRIPTS_FOLDER_PATH = firebase_core.framework/Scripts
               SDKROOT = /Applications/Xcode.app/Contents/Developer/Platforms/iPhoneSimulator.platform/Developer/SDKs/iPhoneSimulator18.4.sdk
               SDK_DIR = /Applications/Xcode.app/Contents/Developer/Platforms/iPhoneSimulator.platform/Developer/SDKs/iPhoneSimulator18.4.sdk
               SDK_DIR_iphonesimulator = /Applications/Xcode.app/Contents/Developer/Platforms/iPhoneSimulator.platform/Developer/SDKs/iPhoneSimulator18.4.sdk
               SDK_DIR_iphonesimulator18_4 = /Applications/Xcode.app/Contents/Developer/Platforms/iPhoneSimulator.platform/Developer/SDKs/iPhoneSimulator18.4.sdk
               SDK_NAME = iphonesimulator18.4
               SDK_NAMES = iphonesimulator18.4
               SDK_PRODUCT_BUILD_VERSION = 22E235
               SDK_STAT_CACHE_DIR = /var/folders/4y/xy3fflts0nqfk1tsxg0t3mmr0000gn/C/com.apple.DeveloperTools/16.3-16E140/Xcode
               SDK_STAT_CACHE_ENABLE = YES
               SDK_STAT_CACHE_PATH = /var/folders/4y/xy3fflts0nqfk1tsxg0t3mmr0000gn/C/com.apple.DeveloperTools/16.3-16E140/Xcode/SDKStatCaches.noindex/iphonesimulator18.4-22E235-71825a6d136aa4733edcbe86ece5525b.sdkstatcache
               SDK_VERSION = 18.4
               SDK_VERSION_ACTUAL = 180400
               SDK_VERSION_MAJOR = 180000
               SDK_VERSION_MINOR = 180400
               SED = /usr/bin/sed
               SEPARATE_STRIP = NO
               SEPARATE_SYMBOL_EDIT = NO
               SET_DIR_MODE_OWNER_GROUP = YES
               SET_FILE_MODE_OWNER_GROUP = NO
               SHALLOW_BUNDLE = YES
               SHALLOW_BUNDLE_TRIPLE = ios-simulator
               SHALLOW_BUNDLE_ios_macabi = NO
               SHALLOW_BUNDLE_macos = NO
               SHARED_DERIVED_FILE_DIR = /Users/otislewis/arena/build/ios/Release-iphonesimulator/firebase_core/DerivedSources
               SHARED_FRAMEWORKS_FOLDER_PATH = firebase_core.framework/SharedFrameworks
               SHARED_PRECOMPS_DIR = /Users/otislewis/arena/build/ios/SharedPrecompiledHeaders
               SHARED_SUPPORT_FOLDER_PATH = firebase_core.framework
               SKIP_INSTALL = YES
               SOURCE_ROOT = /Users/otislewis/arena/ios/Pods
               SRCROOT = /Users/otislewis/arena/ios/Pods
               STRINGSDATA_DIR = /Users/otislewis/arena/build/ios/Pods.build/Release-iphonesimulator/firebase_core.build/Objects-normal/undefined_arch
               STRINGSDATA_ROOT = /Users/otislewis/arena/build/ios/Pods.build/Release-iphonesimulator/firebase_core.build
               STRINGS_FILE_INFOPLIST_RENAME = YES
               STRINGS_FILE_OUTPUT_ENCODING = binary
               STRIP_BITCODE_FROM_COPIED_FILES = NO
               STRIP_INSTALLED_PRODUCT = NO
               STRIP_STYLE = debugging
               STRIP_SWIFT_SYMBOLS = YES
               SUPPORTED_DEVICE_FAMILIES = 1,2
               SUPPORTED_PLATFORMS = iphoneos iphonesimulator
               SUPPORTS_TEXT_BASED_API = NO
               SUPPRESS_WARNINGS = NO
               SWIFT_ACTIVE_COMPILATION_CONDITIONS =  
               SWIFT_COMPILATION_MODE = wholemodule
               SWIFT_EMIT_LOC_STRINGS = NO
               SWIFT_INSTALL_MODULE_FOR_DEPLOYMENT = YES
               SWIFT_INSTALL_OBJC_HEADER = YES
               SWIFT_OPTIMIZATION_LEVEL = -O
               SWIFT_PLATFORM_TARGET_PREFIX = ios
               SWIFT_RESPONSE_FILE_PATH_normal_x86_64 = /Users/otislewis/arena/build/ios/Pods.build/Release-iphonesimulator/firebase_core.build/Objects-normal/x86_64/firebase_core.SwiftFileList
               SWIFT_VERSION = 5.0
               SYMROOT = /Users/otislewis/arena/ios/build
               SYSTEM_ADMIN_APPS_DIR = /Applications/Utilities
               SYSTEM_APPS_DIR = /Applications
               SYSTEM_CORE_SERVICES_DIR = /System/Library/CoreServices
               SYSTEM_DEMOS_DIR = /Applications/Extras
               SYSTEM_DEVELOPER_APPS_DIR = /Applications/Xcode.app/Contents/Developer/Applications
               SYSTEM_DEVELOPER_BIN_DIR = /Applications/Xcode.app/Contents/Developer/usr/bin
               SYSTEM_DEVELOPER_DEMOS_DIR = /Applications/Xcode.app/Contents/Developer/Applications/Utilities/Built Examples
               SYSTEM_DEVELOPER_DIR = /Applications/Xcode.app/Contents/Developer
               SYSTEM_DEVELOPER_DOC_DIR = /Applications/Xcode.app/Contents/Developer/ADC Reference Library
               SYSTEM_DEVELOPER_GRAPHICS_TOOLS_DIR = /Applications/Xcode.app/Contents/Developer/Applications/Graphics Tools
               SYSTEM_DEVELOPER_JAVA_TOOLS_DIR = /Applications/Xcode.app/Contents/Developer/Applications/Java Tools
               SYSTEM_DEVELOPER_PERFORMANCE_TOOLS_DIR = /Applications/Xcode.app/Contents/Developer/Applications/Performance Tools
               SYSTEM_DEVELOPER_RELEASENOTES_DIR = /Applications/Xcode.app/Contents/Developer/ADC Reference Library/releasenotes
               SYSTEM_DEVELOPER_TOOLS = /Applications/Xcode.app/Contents/Developer/Tools
               SYSTEM_DEVELOPER_TOOLS_DOC_DIR = /Applications/Xcode.app/Contents/Developer/ADC Reference Library/documentation/DeveloperTools
               SYSTEM_DEVELOPER_TOOLS_RELEASENOTES_DIR = /Applications/Xcode.app/Contents/Developer/ADC Reference Library/releasenotes/DeveloperTools
               SYSTEM_DEVELOPER_USR_DIR = /Applications/Xcode.app/Contents/Developer/usr
               SYSTEM_DEVELOPER_UTILITIES_DIR = /Applications/Xcode.app/Contents/Developer/Applications/Utilities
               SYSTEM_DEXT_INSTALL_PATH = /System/Library/DriverExtensions
               SYSTEM_DOCUMENTATION_DIR = /Library/Documentation
               SYSTEM_EXTENSIONS_FOLDER_PATH = firebase_core.framework/SystemExtensions
               SYSTEM_EXTENSIONS_FOLDER_PATH_SHALLOW_BUNDLE_NO = firebase_core.framework/Library/SystemExtensions
               SYSTEM_EXTENSIONS_FOLDER_PATH_SHALLOW_BUNDLE_YES = firebase_core.framework/SystemExtensions
               SYSTEM_KEXT_INSTALL_PATH = /System/Library/Extensions
               SYSTEM_LIBRARY_DIR = /System/Library
               TAPI_DEMANGLE = YES
               TAPI_ENABLE_PROJECT_HEADERS = NO
               TAPI_LANGUAGE = objective-c
               TAPI_LANGUAGE_STANDARD = compiler-default
               TAPI_USE_SRCROOT = YES
               TAPI_VERIFY_MODE = Pedantic
               TARGETED_DEVICE_FAMILY = 1,2
               TARGETNAME = firebase_core
               TARGET_BUILD_DIR = /Users/otislewis/arena/build/ios/Release-iphonesimulator/firebase_core
               TARGET_NAME = firebase_core
               TARGET_TEMP_DIR = /Users/otislewis/arena/build/ios/Pods.build/Release-iphonesimulator/firebase_core.build
               TEMP_DIR = /Users/otislewis/arena/build/ios/Pods.build/Release-iphonesimulator/firebase_core.build
               TEMP_FILES_DIR = /Users/otislewis/arena/build/ios/Pods.build/Release-iphonesimulator/firebase_core.build
               TEMP_FILE_DIR = /Users/otislewis/arena/build/ios/Pods.build/Release-iphonesimulator/firebase_core.build
               TEMP_ROOT = /Users/otislewis/arena/build/ios
               TEMP_SANDBOX_DIR = /Users/otislewis/arena/build/ios/TemporaryTaskSandboxes
               TEST_FRAMEWORK_SEARCH_PATHS =  /Applications/Xcode.app/Contents/Developer/Platforms/iPhoneSimulator.platform/Developer/Library/Frameworks /Applications/Xcode.app/Contents/Developer/Platforms/iPhoneSimulator.platform/Developer/SDKs/iPhoneSimulator18.4.sdk/Developer/Library/Frameworks
               TEST_LIBRARY_SEARCH_PATHS =  /Applications/Xcode.app/Contents/Developer/Platforms/iPhoneSimulator.platform/Developer/usr/lib
               TOOLCHAINS = com.apple.dt.toolchain.XcodeDefault
               TOOLCHAIN_DIR = /Applications/Xcode.app/Contents/Developer/Toolchains/XcodeDefault.xctoolchain
               TREAT_MISSING_BASELINES_AS_TEST_FAILURES = NO
               TREAT_MISSING_SCRIPT_PHASE_OUTPUTS_AS_ERRORS = NO
               UID = 501
               UNINSTALLED_PRODUCTS_DIR = /Users/otislewis/arena/build/ios/UninstalledProducts
               UNLOCALIZED_RESOURCES_FOLDER_PATH = firebase_core.framework
               UNLOCALIZED_RESOURCES_FOLDER_PATH_SHALLOW_BUNDLE_NO = firebase_core.framework/Resources
               UNLOCALIZED_RESOURCES_FOLDER_PATH_SHALLOW_BUNDLE_YES = firebase_core.framework
               UNSTRIPPED_PRODUCT = NO
               USER = otislewis
               USER_APPS_DIR = /Users/otislewis/Applications
               USER_LIBRARY_DIR = /Users/otislewis/Library
               USE_DYNAMIC_NO_PIC = YES
               USE_HEADERMAP = YES
               USE_HEADER_SYMLINKS = NO
               USE_RECURSIVE_SCRIPT_INPUTS_IN_SCRIPT_PHASES = YES
               VALIDATE_DEVELOPMENT_ASSET_PATHS = YES_ERROR
               VALIDATE_PRODUCT = YES
               VALID_ARCHS = arm64 x86_64
               VERBOSE_PBXCP = NO
               VERSIONING_SYSTEM = apple-generic
               VERSIONPLIST_PATH = firebase_core.framework/version.plist
               VERSIONS_FOLDER_PATH = firebase_core.framework
               VERSIONS_FOLDER_PATH_SHALLOW_BUNDLE_NO = firebase_core.framework/Versions
               VERSIONS_FOLDER_PATH_SHALLOW_BUNDLE_YES = firebase_core.framework
               VERSION_INFO_BUILDER = otislewis
               VERSION_INFO_FILE = firebase_core_vers.c
               VERSION_INFO_STRING = "@(#)PROGRAM:firebase_core  PROJECT:Pods-1"
               WORKSPACE_DIR = /Users/otislewis/arena/ios/Pods/Pods.xcodeproj
               WRAPPER_EXTENSION = framework
               WRAPPER_NAME = firebase_core.framework
               WRAPPER_SUFFIX = .framework
               WRAP_ASSET_PACKS_IN_SEPARATE_DIRECTORIES = NO
               XCODE_APP_SUPPORT_DIR = /Applications/Xcode.app/Contents/Developer/Library/Xcode
               XCODE_PRODUCT_BUILD_VERSION = 16E140
               XCODE_VERSION_ACTUAL = 1630
               XCODE_VERSION_MAJOR = 1600
               XCODE_VERSION_MINOR = 1630
               XPCSERVICES_FOLDER_PATH = firebase_core.framework/XPCServices
               YACC = yacc
               _DISCOVER_COMMAND_LINE_LINKER_INPUTS = YES
               _DISCOVER_COMMAND_LINE_LINKER_INPUTS_INCLUDE_WL = YES
               _WRAPPER_CONTENTS_DIR_SHALLOW_BUNDLE_NO = /Contents
               _WRAPPER_PARENT_PATH_SHALLOW_BUNDLE_NO = /..
               _WRAPPER_RESOURCES_DIR_SHALLOW_BUNDLE_NO = /Resources
               __DIAGNOSE_DEPRECATED_ARCHS = YES
               arch = undefined_arch
               variant = normal

           Build settings for action build and target firebase_storage:
               ACTION = build
               AD_HOC_CODE_SIGNING_ALLOWED = YES
               ALLOW_BUILD_REQUEST_OVERRIDES = NO
               ALLOW_TARGET_PLATFORM_SPECIALIZATION = NO
               ALTERNATE_GROUP = staff
               ALTERNATE_MODE = u+w,go-w,a+rX
               ALTERNATE_OWNER = otislewis
               ALTERNATIVE_DISTRIBUTION_WEB = NO
               ALWAYS_EMBED_SWIFT_STANDARD_LIBRARIES = NO
               ALWAYS_SEARCH_USER_PATHS = NO
               ALWAYS_USE_SEPARATE_HEADERMAPS = NO
               APPLICATION_EXTENSION_API_ONLY = NO
               APPLY_RULES_IN_COPY_FILES = NO
               APPLY_RULES_IN_COPY_HEADERS = NO
               APP_SHORTCUTS_ENABLE_FLEXIBLE_MATCHING = YES
               ARCHS = x86_64
               ARCHS_STANDARD = arm64 x86_64
               ARCHS_STANDARD_32_64_BIT = arm64 x86_64
               ARCHS_STANDARD_64_BIT = arm64 x86_64
               ARCHS_STANDARD_INCLUDING_64_BIT = arm64 x86_64
               ARCHS_UNIVERSAL_IPHONE_OS = arm64 x86_64
               AUTOMATICALLY_MERGE_DEPENDENCIES = NO
               AVAILABLE_PLATFORMS = android appletvos appletvsimulator driverkit iphoneos iphonesimulator macosx qnx watchos watchsimulator xros xrsimulator
               BITCODE_GENERATION_MODE = marker
               BUILD_ACTIVE_RESOURCES_ONLY = NO
               BUILD_COMPONENTS = headers build
               BUILD_DIR = /Users/otislewis/arena/build/ios
               BUILD_LIBRARY_FOR_DISTRIBUTION = NO
               BUILD_ROOT = /Users/otislewis/arena/ios/build
               BUILD_STYLE = 
               BUILD_VARIANTS = normal
               BUILT_PRODUCTS_DIR = /Users/otislewis/arena/build/ios/Release-iphonesimulator/firebase_storage
               BUNDLE_CONTENTS_FOLDER_PATH_deep = Contents/
               BUNDLE_EXECUTABLE_FOLDER_NAME_deep = MacOS
               BUNDLE_EXTENSIONS_FOLDER_PATH = Extensions
               BUNDLE_FORMAT = shallow
               BUNDLE_FRAMEWORKS_FOLDER_PATH = Frameworks
               BUNDLE_PLUGINS_FOLDER_PATH = PlugIns
               BUNDLE_PRIVATE_HEADERS_FOLDER_PATH = PrivateHeaders
               BUNDLE_PUBLIC_HEADERS_FOLDER_PATH = Headers
               CACHE_ROOT = /var/folders/4y/xy3fflts0nqfk1tsxg0t3mmr0000gn/C/com.apple.DeveloperTools/16.3-16E140/Xcode
               CCHROOT = /var/folders/4y/xy3fflts0nqfk1tsxg0t3mmr0000gn/C/com.apple.DeveloperTools/16.3-16E140/Xcode
               CHMOD = /bin/chmod
               CHOWN = /usr/sbin/chown
               CLANG_ANALYZER_LOCALIZABILITY_NONLOCALIZED = YES
               CLANG_ANALYZER_NONNULL = YES
               CLANG_ANALYZER_NUMBER_OBJECT_CONVERSION = YES_AGGRESSIVE
               CLANG_CACHE_FINE_GRAINED_OUTPUTS = YES
               CLANG_CXX_LANGUAGE_STANDARD = gnu++14
               CLANG_CXX_LIBRARY = libc++
               CLANG_ENABLE_EXPLICIT_MODULES = YES
               CLANG_ENABLE_MODULES = YES
               CLANG_ENABLE_OBJC_ARC = YES
               CLANG_ENABLE_OBJC_WEAK = NO
               CLANG_MODULES_BUILD_SESSION_FILE = /var/folders/4y/xy3fflts0nqfk1tsxg0t3mmr0000gn/C/org.llvm.clang/ModuleCache.noindex/Session.modulevalidation
               CLANG_WARN_BLOCK_CAPTURE_AUTORELEASING = YES
               CLANG_WARN_BOOL_CONVERSION = YES
               CLANG_WARN_COMMA = YES
               CLANG_WARN_CONSTANT_CONVERSION = YES
               CLANG_WARN_DEPRECATED_OBJC_IMPLEMENTATIONS = YES
               CLANG_WARN_DIRECT_OBJC_ISA_USAGE = YES_ERROR
               CLANG_WARN_DOCUMENTATION_COMMENTS = YES
               CLANG_WARN_EMPTY_BODY = YES
               CLANG_WARN_ENUM_CONVERSION = YES
               CLANG_WARN_INFINITE_RECURSION = YES
               CLANG_WARN_INT_CONVERSION = YES
               CLANG_WARN_NON_LITERAL_NULL_CONVERSION = YES
               CLANG_WARN_OBJC_IMPLICIT_RETAIN_SELF = YES
               CLANG_WARN_OBJC_LITERAL_CONVERSION = YES
               CLANG_WARN_OBJC_ROOT_CLASS = YES_ERROR
               CLANG_WARN_QUOTED_INCLUDE_IN_FRAMEWORK_HEADER = NO
               CLANG_WARN_RANGE_LOOP_ANALYSIS = YES
               CLANG_WARN_STRICT_PROTOTYPES = YES
               CLANG_WARN_SUSPICIOUS_MOVE = YES
               CLANG_WARN_UNGUARDED_AVAILABILITY = YES_AGGRESSIVE
               CLANG_WARN_UNREACHABLE_CODE = YES
               CLANG_WARN__DUPLICATE_METHOD_MATCH = YES
               CLASS_FILE_DIR = /Users/otislewis/arena/build/ios/Pods.build/Release-iphonesimulator/firebase_storage.build/JavaClasses
               CLEAN_PRECOMPS = YES
               CLONE_HEADERS = NO
               CODESIGNING_FOLDER_PATH = /Users/otislewis/arena/build/ios/Release-iphonesimulator/firebase_storage/firebase_storage.framework
               CODE_SIGNING_ALLOWED = YES
               CODE_SIGNING_REQUIRED = NO
               CODE_SIGNING_REQUIRES_TEAM = YES
               CODE_SIGN_CONTEXT_CLASS = XCiPhoneSimulatorCodeSignContext
               CODE_SIGN_IDENTITY = -
               CODE_SIGN_INJECT_BASE_ENTITLEMENTS = YES
               COLOR_DIAGNOSTICS = NO
               COMBINE_HIDPI_IMAGES = NO
               COMPILATION_CACHE_CAS_PATH = /var/folders/4y/xy3fflts0nqfk1tsxg0t3mmr0000gn/C/com.apple.DeveloperTools/16.3-16E140/Xcode/CompilationCache.noindex
               COMPILATION_CACHE_KEEP_CAS_DIRECTORY = YES
               COMPILER_INDEX_STORE_ENABLE = Default
               COMPOSITE_SDK_DIRS = /Users/otislewis/arena/build/ios/CompositeSDKs
               COMPRESS_PNG_FILES = YES
               CONFIGURATION = Release
               CONFIGURATION_BUILD_DIR = /Users/otislewis/arena/build/ios/Release-iphonesimulator/firebase_storage
               CONFIGURATION_TEMP_DIR = /Users/otislewis/arena/build/ios/Pods.build/Release-iphonesimulator
               CONTENTS_FOLDER_PATH = firebase_storage.framework
               CONTENTS_FOLDER_PATH_SHALLOW_BUNDLE_NO = firebase_storage.framework/A
               CONTENTS_FOLDER_PATH_SHALLOW_BUNDLE_YES = firebase_storage.framework
               COPYING_PRESERVES_HFS_DATA = NO
               COPY_HEADERS_RUN_UNIFDEF = NO
               COPY_PHASE_STRIP = NO
               CORRESPONDING_DEVICE_PLATFORM_DIR = /Applications/Xcode.app/Contents/Developer/Platforms/iPhoneOS.platform
               CORRESPONDING_DEVICE_PLATFORM_NAME = iphoneos
               CORRESPONDING_DEVICE_SDK_DIR = /Applications/Xcode.app/Contents/Developer/Platforms/iPhoneOS.platform/Developer/SDKs/iPhoneOS18.4.sdk
               CORRESPONDING_DEVICE_SDK_NAME = iphoneos18.4
               CP = /bin/cp
               CREATE_INFOPLIST_SECTION_IN_BINARY = NO
               CURRENT_ARCH = undefined_arch
               CURRENT_PROJECT_VERSION = 1
               CURRENT_VARIANT = normal
               CURRENT_VERSION = Current
               DEAD_CODE_STRIPPING = YES
               DEBUGGING_SYMBOLS = YES
               DEBUG_INFORMATION_FORMAT = dwarf-with-dsym
               DEBUG_INFORMATION_VERSION = compiler-default
               DEFAULT_COMPILER = com.apple.compilers.llvm.clang.1_0
               DEFAULT_DEXT_INSTALL_PATH = /System/Library/DriverExtensions
               DEFAULT_KEXT_INSTALL_PATH = /System/Library/Extensions
               DEFINES_MODULE = YES
               DEPLOYMENT_LOCATION = NO
               DEPLOYMENT_POSTPROCESSING = NO
               DEPLOYMENT_TARGET_SETTING_NAME = IPHONEOS_DEPLOYMENT_TARGET
               DEPLOYMENT_TARGET_SUGGESTED_VALUES = 12.0 12.1 12.2 12.3 12.4 13.0 13.1 13.2 13.3 13.4 13.5 13.6 14.0 14.1 14.2 14.3 14.4 14.5 14.6 14.7 15.0 15.1 15.2 15.3 15.4 15.5 15.6 16.0 16.1 16.2 16.3 16.4 16.5 16.6 17.0 17.1 17.2 17.3 17.4 17.5 17.6 18.0 18.1 18.2 18.3 18.4
               DERIVED_FILES_DIR = /Users/otislewis/arena/build/ios/Pods.build/Release-iphonesimulator/firebase_storage.build/DerivedSources
               DERIVED_FILE_DIR = /Users/otislewis/arena/build/ios/Pods.build/Release-iphonesimulator/firebase_storage.build/DerivedSources
               DERIVED_SOURCES_DIR = /Users/otislewis/arena/build/ios/Pods.build/Release-iphonesimulator/firebase_storage.build/DerivedSources
               DEVELOPER_APPLICATIONS_DIR = /Applications/Xcode.app/Contents/Developer/Applications
               DEVELOPER_BIN_DIR = /Applications/Xcode.app/Contents/Developer/usr/bin
               DEVELOPER_DIR = /Applications/Xcode.app/Contents/Developer
               DEVELOPER_FRAMEWORKS_DIR = /Applications/Xcode.app/Contents/Developer/Library/Frameworks
               DEVELOPER_FRAMEWORKS_DIR_QUOTED = /Applications/Xcode.app/Contents/Developer/Library/Frameworks
               DEVELOPER_LIBRARY_DIR = /Applications/Xcode.app/Contents/Developer/Library
               DEVELOPER_SDK_DIR = /Applications/Xcode.app/Contents/Developer/Platforms/MacOSX.platform/Developer/SDKs
               DEVELOPER_TOOLS_DIR = /Applications/Xcode.app/Contents/Developer/Tools
               DEVELOPER_USR_DIR = /Applications/Xcode.app/Contents/Developer/usr
               DEVELOPMENT_LANGUAGE = en
               DIAGNOSE_MISSING_TARGET_DEPENDENCIES = YES
               DIFF = /usr/bin/diff
               DOCUMENTATION_FOLDER_PATH = firebase_storage.framework/en.lproj/Documentation
               DONT_GENERATE_INFOPLIST_FILE = NO
               DSTROOT = /tmp/Pods.dst
               DT_TOOLCHAIN_DIR = /Applications/Xcode.app/Contents/Developer/Toolchains/XcodeDefault.xctoolchain
               DWARF_DSYM_FILE_NAME = firebase_storage.framework.dSYM
               DWARF_DSYM_FILE_SHOULD_ACCOMPANY_PRODUCT = NO
               DWARF_DSYM_FOLDER_PATH = /Users/otislewis/arena/build/ios/Release-iphonesimulator/firebase_storage
               DYLIB_COMPATIBILITY_VERSION = 1
               DYLIB_CURRENT_VERSION = 1
               DYLIB_INSTALL_NAME_BASE = @rpath
               DYNAMIC_LIBRARY_EXTENSION = dylib
               EAGER_COMPILATION_ALLOW_SCRIPTS = NO
               EAGER_LINKING = NO
               EFFECTIVE_PLATFORM_NAME = -iphonesimulator
               EMBEDDED_CONTENT_CONTAINS_SWIFT = NO
               EMBED_ASSET_PACKS_IN_PRODUCT_BUNDLE = NO
               ENABLE_APP_SANDBOX = NO
               ENABLE_BITCODE = NO
               ENABLE_CODE_COVERAGE = YES
               ENABLE_DEFAULT_HEADER_SEARCH_PATHS = YES
               ENABLE_DEFAULT_SEARCH_PATHS = YES
               ENABLE_HARDENED_RUNTIME = NO
               ENABLE_HEADER_DEPENDENCIES = YES
               ENABLE_INCOMING_NETWORK_CONNECTIONS = NO
               ENABLE_MODULE_VERIFIER = NO
               ENABLE_NS_ASSERTIONS = NO
               ENABLE_ON_DEMAND_RESOURCES = NO
               ENABLE_OUTGOING_NETWORK_CONNECTIONS = NO
               ENABLE_RESOURCE_ACCESS_AUDIO_INPUT = NO
               ENABLE_RESOURCE_ACCESS_BLUETOOTH = NO
               ENABLE_RESOURCE_ACCESS_CALENDARS = NO
               ENABLE_RESOURCE_ACCESS_CAMERA = NO
               ENABLE_RESOURCE_ACCESS_CONTACTS = NO
               ENABLE_RESOURCE_ACCESS_LOCATION = NO
               ENABLE_RESOURCE_ACCESS_PRINTING = NO
               ENABLE_RESOURCE_ACCESS_USB = NO
               ENABLE_SDK_IMPORTS = NO
               ENABLE_STRICT_OBJC_MSGSEND = YES
               ENABLE_TESTABILITY = NO
               ENABLE_TESTING_SEARCH_PATHS = NO
               ENABLE_USER_SCRIPT_SANDBOXING = NO
               ENFORCE_VALID_ARCHS = YES
               ENTITLEMENTS_DESTINATION = __entitlements
               ENTITLEMENTS_REQUIRED = NO
               EXCLUDED_ARCHS = arm64
               EXCLUDED_INSTALLSRC_SUBDIRECTORY_PATTERNS = .DS_Store .svn .git .hg CVS
               EXCLUDED_RECURSIVE_SEARCH_PATH_SUBDIRECTORIES = *.nib *.lproj *.framework *.gch *.xcode* *.xcassets (*) .DS_Store CVS .svn .git .hg *.pbproj *.pbxproj
               EXECUTABLES_FOLDER_PATH = firebase_storage.framework/en.lproj
               EXECUTABLE_FOLDER_PATH = firebase_storage.framework
               EXECUTABLE_FOLDER_PATH_SHALLOW_BUNDLE_NO = firebase_storage.framework
               EXECUTABLE_FOLDER_PATH_SHALLOW_BUNDLE_YES = firebase_storage.framework
               EXECUTABLE_NAME = firebase_storage
               EXECUTABLE_PATH = firebase_storage.framework/firebase_storage
               EXTENSIONS_FOLDER_PATH = firebase_storage.framework/Extensions
               FILE_LIST = /Users/otislewis/arena/build/ios/Pods.build/Release-iphonesimulator/firebase_storage.build/Objects/LinkFileList
               FIXED_FILES_DIR = /Users/otislewis/arena/build/ios/Pods.build/Release-iphonesimulator/firebase_storage.build/FixedFiles
               FRAMEWORKS_FOLDER_PATH = firebase_storage.framework/Frameworks
               FRAMEWORK_FLAG_PREFIX = -framework
               FRAMEWORK_SEARCH_PATHS = /Users/otislewis/arena/build/ios/Release-iphonesimulator/firebase_storage "/opt/homebrew/Caskroom/flutter/3.32.0/flutter/bin/cache/artifacts/engine/ios-release/Flutter.xcframework/ios-arm64_x86_64-simulator"  "/Users/otislewis/arena/build/ios/Release-iphonesimulator/BoringSSL-GRPC" "/Users/otislewis/arena/build/ios/Release-iphonesimulator/FirebaseAppCheckInterop" "/Users/otislewis/arena/build/ios/Release-iphonesimulator/FirebaseAuth" "/Users/otislewis/arena/build/ios/Release-iphonesimulator/FirebaseAuthInterop" "/Users/otislewis/arena/build/ios/Release-iphonesimulator/FirebaseCore" "/Users/otislewis/arena/build/ios/Release-iphonesimulator/FirebaseCoreExtension" "/Users/otislewis/arena/build/ios/Release-iphonesimulator/FirebaseCoreInternal" "/Users/otislewis/arena/build/ios/Release-iphonesimulator/FirebaseFirestore" "/Users/otislewis/arena/build/ios/Release-iphonesimulator/FirebaseFirestoreInternal" "/Users/otislewis/arena/build/ios/Release-iphonesimulator/FirebaseSharedSwift" "/Users/otislewis/arena/build/ios/Release-iphonesimulator/FirebaseStorage" "/Users/otislewis/arena/build/ios/Release-iphonesimulator/GTMSessionFetcher" "/Users/otislewis/arena/build/ios/Release-iphonesimulator/GoogleUtilities" "/Users/otislewis/arena/build/ios/Release-iphonesimulator/PromisesObjC" "/Users/otislewis/arena/build/ios/Release-iphonesimulator/RecaptchaInterop" "/Users/otislewis/arena/build/ios/Release-iphonesimulator/abseil" "/Users/otislewis/arena/build/ios/Release-iphonesimulator/firebase_core" "/Users/otislewis/arena/build/ios/Release-iphonesimulator/gRPC-C++" "/Users/otislewis/arena/build/ios/Release-iphonesimulator/gRPC-Core" "/Users/otislewis/arena/build/ios/Release-iphonesimulator/leveldb-library" "/Users/otislewis/arena/build/ios/Release-iphonesimulator/nanopb"
               FRAMEWORK_VERSION = A
               FULL_PRODUCT_NAME = firebase_storage.framework
               FUSE_BUILD_PHASES = YES
               FUSE_BUILD_SCRIPT_PHASES = NO
               GCC3_VERSION = 3.3
               GCC_C_LANGUAGE_STANDARD = gnu11
               GCC_INLINES_ARE_PRIVATE_EXTERN = YES
               GCC_NO_COMMON_BLOCKS = YES
               GCC_OBJC_LEGACY_DISPATCH = YES
               GCC_PFE_FILE_C_DIALECTS = c objective-c c++ objective-c++
               GCC_PREFIX_HEADER = Target Support Files/firebase_storage/firebase_storage-prefix.pch
               GCC_PREPROCESSOR_DEFINITIONS = POD_CONFIGURATION_RELEASE=1  COCOAPODS=1 LIBRARY_VERSION=\@\"11.6.5\" LIBRARY_NAME=\@\"flutter-fire-gcs\"
               GCC_TREAT_WARNINGS_AS_ERRORS = NO
               GCC_VERSION = com.apple.compilers.llvm.clang.1_0
               GCC_VERSION_IDENTIFIER = com_apple_compilers_llvm_clang_1_0
               GCC_WARN_64_TO_32_BIT_CONVERSION = YES
               GCC_WARN_ABOUT_RETURN_TYPE = YES_ERROR
               GCC_WARN_UNDECLARED_SELECTOR = YES
               GCC_WARN_UNINITIALIZED_AUTOS = YES_AGGRESSIVE
               GCC_WARN_UNUSED_FUNCTION = YES
               GCC_WARN_UNUSED_VARIABLE = YES
               GENERATED_MODULEMAP_DIR = /Users/otislewis/arena/build/ios/GeneratedModuleMaps-iphonesimulator
               GENERATE_INFOPLIST_FILE = NO
               GENERATE_INTERMEDIATE_TEXT_BASED_STUBS = YES
               GENERATE_MASTER_OBJECT_FILE = NO
               GENERATE_PKGINFO_FILE = NO
               GENERATE_PROFILING_CODE = NO
               GENERATE_TEXT_BASED_STUBS = NO
               GID = 20
               GROUP = staff
               HEADERMAP_INCLUDES_FLAT_ENTRIES_FOR_TARGET_BEING_BUILT = YES
               HEADERMAP_INCLUDES_FRAMEWORK_ENTRIES_FOR_ALL_PRODUCT_TYPES = YES
               HEADERMAP_INCLUDES_FRAMEWORK_ENTRIES_FOR_TARGETS_NOT_BEING_BUILT = YES
               HEADERMAP_INCLUDES_NONPUBLIC_NONPRIVATE_HEADERS = YES
               HEADERMAP_INCLUDES_PROJECT_HEADERS = YES
               HEADERMAP_USES_FRAMEWORK_PREFIX_ENTRIES = YES
               HEADERMAP_USES_VFS = YES
               HEADER_SEARCH_PATHS = /Users/otislewis/arena/build/ios/Release-iphonesimulator/firebase_storage/include  "/Users/otislewis/arena/ios/Pods/Headers/Public"
               HIDE_BITCODE_SYMBOLS = YES
               HOME = /Users/otislewis
               HOST_ARCH = arm64
               HOST_PLATFORM = macosx
               ICONV = /usr/bin/iconv
               IMPLICIT_DEPENDENCY_DOMAIN = default
               INFOPLIST_ENABLE_CFBUNDLEICONS_MERGE = YES
               INFOPLIST_EXPAND_BUILD_SETTINGS = YES
               INFOPLIST_FILE = Target Support Files/firebase_storage/firebase_storage-Info.plist
               INFOPLIST_OUTPUT_FORMAT = binary
               INFOPLIST_PATH = firebase_storage.framework/Info.plist
               INFOPLIST_PREPROCESS = NO
               INFOSTRINGS_PATH = firebase_storage.framework/en.lproj/InfoPlist.strings
               INLINE_PRIVATE_FRAMEWORKS = NO
               INSTALLAPI_IGNORE_SKIP_INSTALL = YES
               INSTALLHDRS_COPY_PHASE = NO
               INSTALLHDRS_SCRIPT_PHASE = NO
               INSTALL_DIR = /tmp/Pods.dst/Library/Frameworks
               INSTALL_GROUP = staff
               INSTALL_MODE_FLAG = u+w,go-w,a+rX
               INSTALL_OWNER = otislewis
               INSTALL_PATH = /Library/Frameworks
               INSTALL_ROOT = /tmp/Pods.dst
               IPHONEOS_DEPLOYMENT_TARGET = 13.0
               IS_UNOPTIMIZED_BUILD = NO
               JAVAC_DEFAULT_FLAGS = -J-Xms64m -J-XX:NewSize=4M -J-Dfile.encoding=UTF8
               JAVA_APP_STUB = /System/Library/Frameworks/JavaVM.framework/Resources/MacOS/JavaApplicationStub
               JAVA_ARCHIVE_CLASSES = YES
               JAVA_ARCHIVE_TYPE = JAR
               JAVA_COMPILER = /usr/bin/javac
               JAVA_FOLDER_PATH = firebase_storage.framework/Java
               JAVA_FRAMEWORK_RESOURCES_DIRS = Resources
               JAVA_JAR_FLAGS = cv
               JAVA_SOURCE_SUBDIR = .
               JAVA_USE_DEPENDENCIES = YES
               JAVA_ZIP_FLAGS = -urg
               JIKES_DEFAULT_FLAGS = +E +OLDCSO
               KEEP_PRIVATE_EXTERNS = NO
               LD_DEPENDENCY_INFO_FILE = /Users/otislewis/arena/build/ios/Pods.build/Release-iphonesimulator/firebase_storage.build/Objects-normal/undefined_arch/firebase_storage_dependency_info.dat
               LD_DYLIB_INSTALL_NAME = @rpath/firebase_storage.framework/firebase_storage
               LD_EXPORT_SYMBOLS = YES
               LD_GENERATE_MAP_FILE = NO
               LD_MAP_FILE_PATH = /Users/otislewis/arena/build/ios/Pods.build/Release-iphonesimulator/firebase_storage.build/firebase_storage-LinkMap-normal-undefined_arch.txt
               LD_NO_PIE = NO
               LD_QUOTE_LINKER_ARGUMENTS_FOR_COMPILER_DRIVER = YES
               LD_RUNPATH_SEARCH_PATHS =  @executable_path/Frameworks @loader_path/Frameworks
               LD_SHARED_CACHE_ELIGIBLE = Automatic
               LD_WARN_DUPLICATE_LIBRARIES = NO
               LD_WARN_UNUSED_DYLIBS = NO
               LEGACY_DEVELOPER_DIR = /Applications/Xcode.app/Contents/PlugIns/Xcode3Core.ideplugin/Contents/SharedSupport/Developer
               LEX = lex
               LIBRARY_DEXT_INSTALL_PATH = /Library/DriverExtensions
               LIBRARY_FLAG_NOSPACE = YES
               LIBRARY_FLAG_PREFIX = -l
               LIBRARY_KEXT_INSTALL_PATH = /Library/Extensions
               LIBRARY_SEARCH_PATHS = /Users/otislewis/arena/build/ios/Release-iphonesimulator/firebase_storage 
               LINKER_DISPLAYS_MANGLED_NAMES = NO
               LINK_FILE_LIST_normal_x86_64 = /Users/otislewis/arena/build/ios/Pods.build/Release-iphonesimulator/firebase_storage.build/Objects-normal/x86_64/firebase_storage.LinkFileList
               LINK_OBJC_RUNTIME = YES
               LINK_WITH_STANDARD_LIBRARIES = YES
               LLVM_TARGET_TRIPLE_OS_VERSION = ios13.0
               LLVM_TARGET_TRIPLE_SUFFIX = -simulator
               LLVM_TARGET_TRIPLE_VENDOR = apple
               LM_AUX_CONST_METADATA_LIST_PATH_normal_x86_64 = /Users/otislewis/arena/build/ios/Pods.build/Release-iphonesimulator/firebase_storage.build/Objects-normal/x86_64/firebase_storage.SwiftConstValuesFileList
               LOCALIZATION_EXPORT_SUPPORTED = YES
               LOCALIZATION_PREFERS_STRING_CATALOGS = NO
               LOCALIZED_RESOURCES_FOLDER_PATH = firebase_storage.framework/en.lproj
               LOCALIZED_STRING_MACRO_NAMES = NSLocalizedString CFCopyLocalizedString
               LOCALIZED_STRING_SWIFTUI_SUPPORT = YES
               LOCAL_ADMIN_APPS_DIR = /Applications/Utilities
               LOCAL_APPS_DIR = /Applications
               LOCAL_DEVELOPER_DIR = /Library/Developer
               LOCAL_LIBRARY_DIR = /Library
               LOCROOT = /Users/otislewis/arena/ios/Pods
               LOCSYMROOT = /Users/otislewis/arena/ios/Pods
               MACH_O_TYPE = staticlib
               MAC_OS_X_PRODUCT_BUILD_VERSION = 24F74
               MAC_OS_X_VERSION_ACTUAL = 150500
               MAC_OS_X_VERSION_MAJOR = 150000
               MAC_OS_X_VERSION_MINOR = 150500
               MAKE_MERGEABLE = NO
               MERGEABLE_LIBRARY = NO
               MERGED_BINARY_TYPE = none
               MERGE_LINKED_LIBRARIES = NO
               METAL_LIBRARY_FILE_BASE = default
               METAL_LIBRARY_OUTPUT_DIR = /Users/otislewis/arena/build/ios/Release-iphonesimulator/firebase_storage/firebase_storage.framework
               MODULEMAP_FILE = Target Support Files/firebase_storage/firebase_storage.modulemap
               MODULES_FOLDER_PATH = firebase_storage.framework/Modules
               MTL_ENABLE_DEBUG_INFO = NO
               MTL_FAST_MATH = YES
               NATIVE_ARCH = arm64
               NATIVE_ARCH_32_BIT = arm
               NATIVE_ARCH_64_BIT = arm64
               NATIVE_ARCH_ACTUAL = arm64
               NO_COMMON = YES
               OBJC_ABI_VERSION = 2
               OBJECT_FILE_DIR = /Users/otislewis/arena/build/ios/Pods.build/Release-iphonesimulator/firebase_storage.build/Objects
               OBJECT_FILE_DIR_normal = /Users/otislewis/arena/build/ios/Pods.build/Release-iphonesimulator/firebase_storage.build/Objects-normal
               OBJROOT = /Users/otislewis/arena/build/ios
               ONLY_ACTIVE_ARCH = NO
               OS = MACOS
               OSAC = /usr/bin/osacompile
               OTHER_LDFLAGS =  -framework Flutter
               PACKAGE_TYPE = com.apple.package-type.wrapper.framework
               PASCAL_STRINGS = YES
               PATH = /Applications/Xcode.app/Contents/SharedFrameworks/SwiftBuild.framework/Versions/A/PlugIns/SWBBuildService.bundle/Contents/PlugIns/SWBUniversalPlatformPlugin.bundle/Contents/Frameworks/SWBUniversalPlatform.framework/Resources:/Applications/Xcode.app/Contents/Developer/Toolchains/XcodeDefault.xctoolchain/usr/bin:/Applications/Xcode.app/Contents/Developer/Toolchains/XcodeDefault.xctoolchain/usr/local/bin:/Applications/Xcode.app/Contents/Developer/Toolchains/XcodeDefault.xctoolchain/usr/libexec:/Applications/Xcode.app/Contents/Developer/Platforms/iPhoneSimulator.platform/usr/bin:/Applications/Xcode.app/Contents/Developer/Platforms/iPhoneSimulator.platform/usr/local/bin:/Applications/Xcode.app/Contents/Developer/Platforms/iPhoneSimulator.platform/Developer/usr/bin:/Applications/Xcode.app/Contents/Developer/Platforms/iPhoneSimulator.platform/Developer/usr/local/bin:/Applications/Xcode.app/Contents/Developer/usr/bin:/Applications/Xcode.app/Contents/Developer/usr/local/bin:/Users/otislewis/.gem/ruby/3.3.0/bin:/opt/homebrew/bin:/opt/homebrew/sbin:/usr/local/bin:/System/Cryptexes/App/usr/bin:/usr/bin:/bin:/usr/sbin:/sbin:/var/run/com.apple.security.cryptexd/codex.system/bootstrap/usr/local/bin:/var/run/com.apple.security.cryptexd/codex.system/bootstrap/usr/bin:/var/run/com.apple.security.cryptexd/codex.system/bootstrap/usr/appleinternal/bin:/Library/Apple/usr/bin:/opt/homebrew/Caskroom/flutter/3.32.0/flutter/bin:/Users/otislewis/Library/Android/sdk/emulator:/Users/otislewis/Library/Android/sdk/tools:/Users/otislewis/Library/Android/sdk/tools/bin:/Users/otislewis/Library/Android/sdk/platform-tools:/opt/homebrew/Caskroom/flutter/3.32.0/flutter/bin/cache/dart-sdk/bin
               PATH_PREFIXES_EXCLUDED_FROM_HEADER_DEPENDENCIES = /usr/include /usr/local/include /System/Library/Frameworks /System/Library/PrivateFrameworks /Applications/Xcode.app/Contents/Developer/Headers /Applications/Xcode.app/Contents/Developer/SDKs /Applications/Xcode.app/Contents/Developer/Platforms
               PBDEVELOPMENTPLIST_PATH = firebase_storage.framework/pbdevelopment.plist
               PER_ARCH_MODULE_FILE_DIR = /Users/otislewis/arena/build/ios/Pods.build/Release-iphonesimulator/firebase_storage.build/Objects-normal/undefined_arch
               PER_ARCH_OBJECT_FILE_DIR = /Users/otislewis/arena/build/ios/Pods.build/Release-iphonesimulator/firebase_storage.build/Objects-normal/undefined_arch
               PER_VARIANT_OBJECT_FILE_DIR = /Users/otislewis/arena/build/ios/Pods.build/Release-iphonesimulator/firebase_storage.build/Objects-normal
               PKGINFO_FILE_PATH = /Users/otislewis/arena/build/ios/Pods.build/Release-iphonesimulator/firebase_storage.build/PkgInfo
               PKGINFO_PATH = firebase_storage.framework/PkgInfo
               PLATFORM_DEVELOPER_APPLICATIONS_DIR = /Applications/Xcode.app/Contents/Developer/Platforms/iPhoneSimulator.platform/Developer/Applications
               PLATFORM_DEVELOPER_BIN_DIR = /Applications/Xcode.app/Contents/Developer/Platforms/iPhoneSimulator.platform/Developer/usr/bin
               PLATFORM_DEVELOPER_LIBRARY_DIR = /Applications/Xcode.app/Contents/Developer/Platforms/iPhoneSimulator.platform/Developer/Library
               PLATFORM_DEVELOPER_SDK_DIR = /Applications/Xcode.app/Contents/Developer/Platforms/iPhoneSimulator.platform/Developer/SDKs
               PLATFORM_DEVELOPER_TOOLS_DIR = /Applications/Xcode.app/Contents/Developer/Platforms/iPhoneSimulator.platform/Developer/Tools
               PLATFORM_DEVELOPER_USR_DIR = /Applications/Xcode.app/Contents/Developer/Platforms/iPhoneSimulator.platform/Developer/usr
               PLATFORM_DIR = /Applications/Xcode.app/Contents/Developer/Platforms/iPhoneSimulator.platform
               PLATFORM_DISPLAY_NAME = iOS Simulator
               PLATFORM_FAMILY_NAME = iOS
               PLATFORM_NAME = iphonesimulator
               PLATFORM_PREFERRED_ARCH = x86_64
               PLATFORM_PRODUCT_BUILD_VERSION = 22E235
               PLATFORM_REQUIRES_SWIFT_AUTOLINK_EXTRACT = NO
               PLATFORM_REQUIRES_SWIFT_MODULEWRAP = NO
               PLIST_FILE_OUTPUT_FORMAT = binary
               PLUGINS_FOLDER_PATH = firebase_storage.framework/PlugIns
               PODS_BUILD_DIR = /Users/otislewis/arena/build/ios
               PODS_CONFIGURATION_BUILD_DIR = /Users/otislewis/arena/build/ios/Release-iphonesimulator
               PODS_DEVELOPMENT_LANGUAGE = en
               PODS_ROOT = /Users/otislewis/arena/ios/Pods
               PODS_TARGET_SRCROOT = /Users/otislewis/arena/ios/Pods/../.symlinks/plugins/firebase_storage/ios
               PODS_XCFRAMEWORKS_BUILD_DIR = /Users/otislewis/arena/build/ios/Release-iphonesimulator/XCFrameworkIntermediates
               PRECOMPS_INCLUDE_HEADERS_FROM_BUILT_PRODUCTS_DIR = YES
               PRECOMP_DESTINATION_DIR = /Users/otislewis/arena/build/ios/Pods.build/Release-iphonesimulator/firebase_storage.build/PrefixHeaders
               PRIVATE_HEADERS_FOLDER_PATH = firebase_storage.framework/PrivateHeaders
               PROCESSED_INFOPLIST_PATH = /Users/otislewis/arena/build/ios/Pods.build/Release-iphonesimulator/firebase_storage.build/Objects-normal/undefined_arch/Processed-Info.plist
               PRODUCT_BUNDLE_IDENTIFIER = org.cocoapods.firebase-storage
               PRODUCT_BUNDLE_PACKAGE_TYPE = FMWK
               PRODUCT_MODULE_NAME = firebase_storage
               PRODUCT_NAME = firebase_storage
               PRODUCT_SETTINGS_PATH = /Users/otislewis/arena/ios/Pods/Target Support Files/firebase_storage/firebase_storage-Info.plist
               PRODUCT_TYPE = com.apple.product-type.framework
               PROFILING_CODE = NO
               PROJECT = Pods
               PROJECT_DERIVED_FILE_DIR = /Users/otislewis/arena/build/ios/Pods.build/DerivedSources
               PROJECT_DIR = /Users/otislewis/arena/ios/Pods
               PROJECT_FILE_PATH = /Users/otislewis/arena/ios/Pods/Pods.xcodeproj
               PROJECT_GUID = bfdfe7dc352907fc980b868725387e98
               PROJECT_NAME = Pods
               PROJECT_TEMP_DIR = /Users/otislewis/arena/build/ios/Pods.build
               PROJECT_TEMP_ROOT = /Users/otislewis/arena/build/ios
               PUBLIC_HEADERS_FOLDER_PATH = firebase_storage.framework/Headers
               RECOMMENDED_IPHONEOS_DEPLOYMENT_TARGET = 15.0
               RECURSIVE_SEARCH_PATHS_FOLLOW_SYMLINKS = YES
               REMOVE_CVS_FROM_RESOURCES = YES
               REMOVE_GIT_FROM_RESOURCES = YES
               REMOVE_HEADERS_FROM_EMBEDDED_BUNDLES = YES
               REMOVE_HG_FROM_RESOURCES = YES
               REMOVE_STATIC_EXECUTABLES_FROM_EMBEDDED_BUNDLES = YES
               REMOVE_SVN_FROM_RESOURCES = YES
               RESCHEDULE_INDEPENDENT_HEADERS_PHASES = YES
               REZ_COLLECTOR_DIR = /Users/otislewis/arena/build/ios/Pods.build/Release-iphonesimulator/firebase_storage.build/ResourceManagerResources
               REZ_OBJECTS_DIR = /Users/otislewis/arena/build/ios/Pods.build/Release-iphonesimulator/firebase_storage.build/ResourceManagerResources/Objects
               REZ_SEARCH_PATHS = /Users/otislewis/arena/build/ios/Release-iphonesimulator/firebase_storage 
               SCAN_ALL_SOURCE_FILES_FOR_INCLUDES = NO
               SCRIPTS_FOLDER_PATH = firebase_storage.framework/Scripts
               SDKROOT = /Applications/Xcode.app/Contents/Developer/Platforms/iPhoneSimulator.platform/Developer/SDKs/iPhoneSimulator18.4.sdk
               SDK_DIR = /Applications/Xcode.app/Contents/Developer/Platforms/iPhoneSimulator.platform/Developer/SDKs/iPhoneSimulator18.4.sdk
               SDK_DIR_iphonesimulator = /Applications/Xcode.app/Contents/Developer/Platforms/iPhoneSimulator.platform/Developer/SDKs/iPhoneSimulator18.4.sdk
               SDK_DIR_iphonesimulator18_4 = /Applications/Xcode.app/Contents/Developer/Platforms/iPhoneSimulator.platform/Developer/SDKs/iPhoneSimulator18.4.sdk
               SDK_NAME = iphonesimulator18.4
               SDK_NAMES = iphonesimulator18.4
               SDK_PRODUCT_BUILD_VERSION = 22E235
               SDK_STAT_CACHE_DIR = /var/folders/4y/xy3fflts0nqfk1tsxg0t3mmr0000gn/C/com.apple.DeveloperTools/16.3-16E140/Xcode
               SDK_STAT_CACHE_ENABLE = YES
               SDK_STAT_CACHE_PATH = /var/folders/4y/xy3fflts0nqfk1tsxg0t3mmr0000gn/C/com.apple.DeveloperTools/16.3-16E140/Xcode/SDKStatCaches.noindex/iphonesimulator18.4-22E235-71825a6d136aa4733edcbe86ece5525b.sdkstatcache
               SDK_VERSION = 18.4
               SDK_VERSION_ACTUAL = 180400
               SDK_VERSION_MAJOR = 180000
               SDK_VERSION_MINOR = 180400
               SED = /usr/bin/sed
               SEPARATE_STRIP = NO
               SEPARATE_SYMBOL_EDIT = NO
               SET_DIR_MODE_OWNER_GROUP = YES
               SET_FILE_MODE_OWNER_GROUP = NO
               SHALLOW_BUNDLE = YES
               SHALLOW_BUNDLE_TRIPLE = ios-simulator
               SHALLOW_BUNDLE_ios_macabi = NO
               SHALLOW_BUNDLE_macos = NO
               SHARED_DERIVED_FILE_DIR = /Users/otislewis/arena/build/ios/Release-iphonesimulator/firebase_storage/DerivedSources
               SHARED_FRAMEWORKS_FOLDER_PATH = firebase_storage.framework/SharedFrameworks
               SHARED_PRECOMPS_DIR = /Users/otislewis/arena/build/ios/SharedPrecompiledHeaders
               SHARED_SUPPORT_FOLDER_PATH = firebase_storage.framework
               SKIP_INSTALL = YES
               SOURCE_ROOT = /Users/otislewis/arena/ios/Pods
               SRCROOT = /Users/otislewis/arena/ios/Pods
               STRINGSDATA_DIR = /Users/otislewis/arena/build/ios/Pods.build/Release-iphonesimulator/firebase_storage.build/Objects-normal/undefined_arch
               STRINGSDATA_ROOT = /Users/otislewis/arena/build/ios/Pods.build/Release-iphonesimulator/firebase_storage.build
               STRINGS_FILE_INFOPLIST_RENAME = YES
               STRINGS_FILE_OUTPUT_ENCODING = binary
               STRIP_BITCODE_FROM_COPIED_FILES = NO
               STRIP_INSTALLED_PRODUCT = NO
               STRIP_STYLE = debugging
               STRIP_SWIFT_SYMBOLS = YES
               SUPPORTED_DEVICE_FAMILIES = 1,2
               SUPPORTED_PLATFORMS = iphoneos iphonesimulator
               SUPPORTS_TEXT_BASED_API = NO
               SUPPRESS_WARNINGS = NO
               SWIFT_ACTIVE_COMPILATION_CONDITIONS =  
               SWIFT_COMPILATION_MODE = wholemodule
               SWIFT_EMIT_LOC_STRINGS = NO
               SWIFT_INSTALL_MODULE_FOR_DEPLOYMENT = YES
               SWIFT_INSTALL_OBJC_HEADER = YES
               SWIFT_OPTIMIZATION_LEVEL = -O
               SWIFT_PLATFORM_TARGET_PREFIX = ios
               SWIFT_RESPONSE_FILE_PATH_normal_x86_64 = /Users/otislewis/arena/build/ios/Pods.build/Release-iphonesimulator/firebase_storage.build/Objects-normal/x86_64/firebase_storage.SwiftFileList
               SWIFT_VERSION = 5.0
               SYMROOT = /Users/otislewis/arena/ios/build
               SYSTEM_ADMIN_APPS_DIR = /Applications/Utilities
               SYSTEM_APPS_DIR = /Applications
               SYSTEM_CORE_SERVICES_DIR = /System/Library/CoreServices
               SYSTEM_DEMOS_DIR = /Applications/Extras
               SYSTEM_DEVELOPER_APPS_DIR = /Applications/Xcode.app/Contents/Developer/Applications
               SYSTEM_DEVELOPER_BIN_DIR = /Applications/Xcode.app/Contents/Developer/usr/bin
               SYSTEM_DEVELOPER_DEMOS_DIR = /Applications/Xcode.app/Contents/Developer/Applications/Utilities/Built Examples
               SYSTEM_DEVELOPER_DIR = /Applications/Xcode.app/Contents/Developer
               SYSTEM_DEVELOPER_DOC_DIR = /Applications/Xcode.app/Contents/Developer/ADC Reference Library
               SYSTEM_DEVELOPER_GRAPHICS_TOOLS_DIR = /Applications/Xcode.app/Contents/Developer/Applications/Graphics Tools
               SYSTEM_DEVELOPER_JAVA_TOOLS_DIR = /Applications/Xcode.app/Contents/Developer/Applications/Java Tools
               SYSTEM_DEVELOPER_PERFORMANCE_TOOLS_DIR = /Applications/Xcode.app/Contents/Developer/Applications/Performance Tools
               SYSTEM_DEVELOPER_RELEASENOTES_DIR = /Applications/Xcode.app/Contents/Developer/ADC Reference Library/releasenotes
               SYSTEM_DEVELOPER_TOOLS = /Applications/Xcode.app/Contents/Developer/Tools
               SYSTEM_DEVELOPER_TOOLS_DOC_DIR = /Applications/Xcode.app/Contents/Developer/ADC Reference Library/documentation/DeveloperTools
               SYSTEM_DEVELOPER_TOOLS_RELEASENOTES_DIR = /Applications/Xcode.app/Contents/Developer/ADC Reference Library/releasenotes/DeveloperTools
               SYSTEM_DEVELOPER_USR_DIR = /Applications/Xcode.app/Contents/Developer/usr
               SYSTEM_DEVELOPER_UTILITIES_DIR = /Applications/Xcode.app/Contents/Developer/Applications/Utilities
               SYSTEM_DEXT_INSTALL_PATH = /System/Library/DriverExtensions
               SYSTEM_DOCUMENTATION_DIR = /Library/Documentation
               SYSTEM_EXTENSIONS_FOLDER_PATH = firebase_storage.framework/SystemExtensions
               SYSTEM_EXTENSIONS_FOLDER_PATH_SHALLOW_BUNDLE_NO = firebase_storage.framework/Library/SystemExtensions
               SYSTEM_EXTENSIONS_FOLDER_PATH_SHALLOW_BUNDLE_YES = firebase_storage.framework/SystemExtensions
               SYSTEM_KEXT_INSTALL_PATH = /System/Library/Extensions
               SYSTEM_LIBRARY_DIR = /System/Library
               TAPI_DEMANGLE = YES
               TAPI_ENABLE_PROJECT_HEADERS = NO
               TAPI_LANGUAGE = objective-c
               TAPI_LANGUAGE_STANDARD = compiler-default
               TAPI_USE_SRCROOT = YES
               TAPI_VERIFY_MODE = Pedantic
               TARGETED_DEVICE_FAMILY = 1,2
               TARGETNAME = firebase_storage
               TARGET_BUILD_DIR = /Users/otislewis/arena/build/ios/Release-iphonesimulator/firebase_storage
               TARGET_NAME = firebase_storage
               TARGET_TEMP_DIR = /Users/otislewis/arena/build/ios/Pods.build/Release-iphonesimulator/firebase_storage.build
               TEMP_DIR = /Users/otislewis/arena/build/ios/Pods.build/Release-iphonesimulator/firebase_storage.build
               TEMP_FILES_DIR = /Users/otislewis/arena/build/ios/Pods.build/Release-iphonesimulator/firebase_storage.build
               TEMP_FILE_DIR = /Users/otislewis/arena/build/ios/Pods.build/Release-iphonesimulator/firebase_storage.build
               TEMP_ROOT = /Users/otislewis/arena/build/ios
               TEMP_SANDBOX_DIR = /Users/otislewis/arena/build/ios/TemporaryTaskSandboxes
               TEST_FRAMEWORK_SEARCH_PATHS =  /Applications/Xcode.app/Contents/Developer/Platforms/iPhoneSimulator.platform/Developer/Library/Frameworks /Applications/Xcode.app/Contents/Developer/Platforms/iPhoneSimulator.platform/Developer/SDKs/iPhoneSimulator18.4.sdk/Developer/Library/Frameworks
               TEST_LIBRARY_SEARCH_PATHS =  /Applications/Xcode.app/Contents/Developer/Platforms/iPhoneSimulator.platform/Developer/usr/lib
               TOOLCHAINS = com.apple.dt.toolchain.XcodeDefault
               TOOLCHAIN_DIR = /Applications/Xcode.app/Contents/Developer/Toolchains/XcodeDefault.xctoolchain
               TREAT_MISSING_BASELINES_AS_TEST_FAILURES = NO
               TREAT_MISSING_SCRIPT_PHASE_OUTPUTS_AS_ERRORS = NO
               UID = 501
               UNINSTALLED_PRODUCTS_DIR = /Users/otislewis/arena/build/ios/UninstalledProducts
               UNLOCALIZED_RESOURCES_FOLDER_PATH = firebase_storage.framework
               UNLOCALIZED_RESOURCES_FOLDER_PATH_SHALLOW_BUNDLE_NO = firebase_storage.framework/Resources
               UNLOCALIZED_RESOURCES_FOLDER_PATH_SHALLOW_BUNDLE_YES = firebase_storage.framework
               UNSTRIPPED_PRODUCT = NO
               USER = otislewis
               USER_APPS_DIR = /Users/otislewis/Applications
               USER_LIBRARY_DIR = /Users/otislewis/Library
               USE_DYNAMIC_NO_PIC = YES
               USE_HEADERMAP = YES
               USE_HEADER_SYMLINKS = NO
               USE_RECURSIVE_SCRIPT_INPUTS_IN_SCRIPT_PHASES = YES
               VALIDATE_DEVELOPMENT_ASSET_PATHS = YES_ERROR
               VALIDATE_PRODUCT = YES
               VALID_ARCHS = arm64 x86_64
               VERBOSE_PBXCP = NO
               VERSIONING_SYSTEM = apple-generic
               VERSIONPLIST_PATH = firebase_storage.framework/version.plist
               VERSIONS_FOLDER_PATH = firebase_storage.framework
               VERSIONS_FOLDER_PATH_SHALLOW_BUNDLE_NO = firebase_storage.framework/Versions
               VERSIONS_FOLDER_PATH_SHALLOW_BUNDLE_YES = firebase_storage.framework
               VERSION_INFO_BUILDER = otislewis
               VERSION_INFO_FILE = firebase_storage_vers.c
               VERSION_INFO_STRING = "@(#)PROGRAM:firebase_storage  PROJECT:Pods-1"
               WORKSPACE_DIR = /Users/otislewis/arena/ios/Pods/Pods.xcodeproj
               WRAPPER_EXTENSION = framework
               WRAPPER_NAME = firebase_storage.framework
               WRAPPER_SUFFIX = .framework
               WRAP_ASSET_PACKS_IN_SEPARATE_DIRECTORIES = NO
               XCODE_APP_SUPPORT_DIR = /Applications/Xcode.app/Contents/Developer/Library/Xcode
               XCODE_PRODUCT_BUILD_VERSION = 16E140
               XCODE_VERSION_ACTUAL = 1630
               XCODE_VERSION_MAJOR = 1600
               XCODE_VERSION_MINOR = 1630
               XPCSERVICES_FOLDER_PATH = firebase_storage.framework/XPCServices
               YACC = yacc
               _DISCOVER_COMMAND_LINE_LINKER_INPUTS = YES
               _DISCOVER_COMMAND_LINE_LINKER_INPUTS_INCLUDE_WL = YES
               _WRAPPER_CONTENTS_DIR_SHALLOW_BUNDLE_NO = /Contents
               _WRAPPER_PARENT_PATH_SHALLOW_BUNDLE_NO = /..
               _WRAPPER_RESOURCES_DIR_SHALLOW_BUNDLE_NO = /Resources
               __DIAGNOSE_DEPRECATED_ARCHS = YES
               arch = undefined_arch
               variant = normal

           Build settings for action build and target FirebaseAppCheckInterop:
               ACTION = build
               AD_HOC_CODE_SIGNING_ALLOWED = YES
               ALLOW_BUILD_REQUEST_OVERRIDES = NO
               ALLOW_TARGET_PLATFORM_SPECIALIZATION = NO
               ALTERNATE_GROUP = staff
               ALTERNATE_MODE = u+w,go-w,a+rX
               ALTERNATE_OWNER = otislewis
               ALTERNATIVE_DISTRIBUTION_WEB = NO
               ALWAYS_EMBED_SWIFT_STANDARD_LIBRARIES = NO
               ALWAYS_SEARCH_USER_PATHS = NO
               ALWAYS_USE_SEPARATE_HEADERMAPS = NO
               APPLICATION_EXTENSION_API_ONLY = NO
               APPLY_RULES_IN_COPY_FILES = NO
               APPLY_RULES_IN_COPY_HEADERS = NO
               APP_SHORTCUTS_ENABLE_FLEXIBLE_MATCHING = YES
               ARCHS_STANDARD = arm64 x86_64
               ARCHS_STANDARD_32_64_BIT = arm64 x86_64
               ARCHS_STANDARD_64_BIT = arm64 x86_64
               ARCHS_STANDARD_INCLUDING_64_BIT = arm64 x86_64
               ARCHS_UNIVERSAL_IPHONE_OS = arm64 x86_64
               AUTOMATICALLY_MERGE_DEPENDENCIES = NO
               AVAILABLE_PLATFORMS = android appletvos appletvsimulator driverkit iphoneos iphonesimulator macosx qnx watchos watchsimulator xros xrsimulator
               BITCODE_GENERATION_MODE = marker
               BUILD_ACTIVE_RESOURCES_ONLY = NO
               BUILD_COMPONENTS = headers build
               BUILD_DIR = /Users/otislewis/arena/build/ios
               BUILD_LIBRARY_FOR_DISTRIBUTION = NO
               BUILD_ROOT = /Users/otislewis/arena/ios/build
               BUILD_STYLE = 
               BUILD_VARIANTS = normal
               BUILT_PRODUCTS_DIR = /Users/otislewis/arena/build/ios/Release-iphonesimulator/FirebaseAppCheckInterop
               BUNDLE_CONTENTS_FOLDER_PATH_deep = Contents/
               BUNDLE_EXECUTABLE_FOLDER_NAME_deep = MacOS
               BUNDLE_EXTENSIONS_FOLDER_PATH = Extensions
               BUNDLE_FORMAT = shallow
               BUNDLE_FRAMEWORKS_FOLDER_PATH = Frameworks
               BUNDLE_PLUGINS_FOLDER_PATH = PlugIns
               BUNDLE_PRIVATE_HEADERS_FOLDER_PATH = PrivateHeaders
               BUNDLE_PUBLIC_HEADERS_FOLDER_PATH = Headers
               CACHE_ROOT = /var/folders/4y/xy3fflts0nqfk1tsxg0t3mmr0000gn/C/com.apple.DeveloperTools/16.3-16E140/Xcode
               CCHROOT = /var/folders/4y/xy3fflts0nqfk1tsxg0t3mmr0000gn/C/com.apple.DeveloperTools/16.3-16E140/Xcode
               CHMOD = /bin/chmod
               CHOWN = /usr/sbin/chown
               CLANG_ANALYZER_LOCALIZABILITY_NONLOCALIZED = YES
               CLANG_ANALYZER_NONNULL = YES
               CLANG_ANALYZER_NUMBER_OBJECT_CONVERSION = YES_AGGRESSIVE
               CLANG_CACHE_FINE_GRAINED_OUTPUTS = YES
               CLANG_CXX_LANGUAGE_STANDARD = gnu++14
               CLANG_CXX_LIBRARY = libc++
               CLANG_ENABLE_EXPLICIT_MODULES = YES
               CLANG_ENABLE_MODULES = YES
               CLANG_ENABLE_OBJC_ARC = YES
               CLANG_ENABLE_OBJC_WEAK = NO
               CLANG_MODULES_BUILD_SESSION_FILE = /var/folders/4y/xy3fflts0nqfk1tsxg0t3mmr0000gn/C/org.llvm.clang/ModuleCache.noindex/Session.modulevalidation
               CLANG_WARN_BLOCK_CAPTURE_AUTORELEASING = YES
               CLANG_WARN_BOOL_CONVERSION = YES
               CLANG_WARN_COMMA = YES
               CLANG_WARN_CONSTANT_CONVERSION = YES
               CLANG_WARN_DEPRECATED_OBJC_IMPLEMENTATIONS = YES
               CLANG_WARN_DIRECT_OBJC_ISA_USAGE = YES_ERROR
               CLANG_WARN_DOCUMENTATION_COMMENTS = YES
               CLANG_WARN_EMPTY_BODY = YES
               CLANG_WARN_ENUM_CONVERSION = YES
               CLANG_WARN_INFINITE_RECURSION = YES
               CLANG_WARN_INT_CONVERSION = YES
               CLANG_WARN_NON_LITERAL_NULL_CONVERSION = YES
               CLANG_WARN_OBJC_IMPLICIT_RETAIN_SELF = YES
               CLANG_WARN_OBJC_LITERAL_CONVERSION = YES
               CLANG_WARN_OBJC_ROOT_CLASS = YES_ERROR
               CLANG_WARN_QUOTED_INCLUDE_IN_FRAMEWORK_HEADER = NO
               CLANG_WARN_RANGE_LOOP_ANALYSIS = YES
               CLANG_WARN_STRICT_PROTOTYPES = YES
               CLANG_WARN_SUSPICIOUS_MOVE = YES
               CLANG_WARN_UNGUARDED_AVAILABILITY = YES_AGGRESSIVE
               CLANG_WARN_UNREACHABLE_CODE = YES
               CLANG_WARN__DUPLICATE_METHOD_MATCH = YES
               CLASS_FILE_DIR = /Users/otislewis/arena/build/ios/Pods.build/Release-iphonesimulator/FirebaseAppCheckInterop.build/JavaClasses
               CLEAN_PRECOMPS = YES
               CLONE_HEADERS = NO
               CODESIGNING_FOLDER_PATH = /Users/otislewis/arena/build/ios/Release-iphonesimulator/FirebaseAppCheckInterop/FirebaseAppCheckInterop.framework
               CODE_SIGNING_ALLOWED = YES
               CODE_SIGNING_REQUIRED = NO
               CODE_SIGNING_REQUIRES_TEAM = YES
               CODE_SIGN_CONTEXT_CLASS = XCiPhoneSimulatorCodeSignContext
               CODE_SIGN_IDENTITY = -
               CODE_SIGN_INJECT_BASE_ENTITLEMENTS = YES
               COLOR_DIAGNOSTICS = NO
               COMBINE_HIDPI_IMAGES = NO
               COMPILATION_CACHE_CAS_PATH = /var/folders/4y/xy3fflts0nqfk1tsxg0t3mmr0000gn/C/com.apple.DeveloperTools/16.3-16E140/Xcode/CompilationCache.noindex
               COMPILATION_CACHE_KEEP_CAS_DIRECTORY = YES
               COMPILER_INDEX_STORE_ENABLE = Default
               COMPOSITE_SDK_DIRS = /Users/otislewis/arena/build/ios/CompositeSDKs
               COMPRESS_PNG_FILES = YES
               CONFIGURATION = Release
               CONFIGURATION_BUILD_DIR = /Users/otislewis/arena/build/ios/Release-iphonesimulator/FirebaseAppCheckInterop
               CONFIGURATION_TEMP_DIR = /Users/otislewis/arena/build/ios/Pods.build/Release-iphonesimulator
               CONTENTS_FOLDER_PATH = FirebaseAppCheckInterop.framework
               CONTENTS_FOLDER_PATH_SHALLOW_BUNDLE_NO = FirebaseAppCheckInterop.framework/A
               CONTENTS_FOLDER_PATH_SHALLOW_BUNDLE_YES = FirebaseAppCheckInterop.framework
               COPYING_PRESERVES_HFS_DATA = NO
               COPY_HEADERS_RUN_UNIFDEF = NO
               COPY_PHASE_STRIP = NO
               CORRESPONDING_DEVICE_PLATFORM_DIR = /Applications/Xcode.app/Contents/Developer/Platforms/iPhoneOS.platform
               CORRESPONDING_DEVICE_PLATFORM_NAME = iphoneos
               CORRESPONDING_DEVICE_SDK_DIR = /Applications/Xcode.app/Contents/Developer/Platforms/iPhoneOS.platform/Developer/SDKs/iPhoneOS18.4.sdk
               CORRESPONDING_DEVICE_SDK_NAME = iphoneos18.4
               CP = /bin/cp
               CREATE_INFOPLIST_SECTION_IN_BINARY = NO
               CURRENT_ARCH = undefined_arch
               CURRENT_PROJECT_VERSION = 1
               CURRENT_VARIANT = normal
               CURRENT_VERSION = Current
               DEAD_CODE_STRIPPING = YES
               DEBUGGING_SYMBOLS = YES
               DEBUG_INFORMATION_FORMAT = dwarf-with-dsym
               DEBUG_INFORMATION_VERSION = compiler-default
               DEFAULT_COMPILER = com.apple.compilers.llvm.clang.1_0
               DEFAULT_DEXT_INSTALL_PATH = /System/Library/DriverExtensions
               DEFAULT_KEXT_INSTALL_PATH = /System/Library/Extensions
               DEFINES_MODULE = YES
               DEPLOYMENT_LOCATION = NO
               DEPLOYMENT_POSTPROCESSING = NO
               DEPLOYMENT_TARGET_SETTING_NAME = IPHONEOS_DEPLOYMENT_TARGET
               DEPLOYMENT_TARGET_SUGGESTED_VALUES = 12.0 12.1 12.2 12.3 12.4 13.0 13.1 13.2 13.3 13.4 13.5 13.6 14.0 14.1 14.2 14.3 14.4 14.5 14.6 14.7 15.0 15.1 15.2 15.3 15.4 15.5 15.6 16.0 16.1 16.2 16.3 16.4 16.5 16.6 17.0 17.1 17.2 17.3 17.4 17.5 17.6 18.0 18.1 18.2 18.3 18.4
               DERIVED_FILES_DIR = /Users/otislewis/arena/build/ios/Pods.build/Release-iphonesimulator/FirebaseAppCheckInterop.build/DerivedSources
               DERIVED_FILE_DIR = /Users/otislewis/arena/build/ios/Pods.build/Release-iphonesimulator/FirebaseAppCheckInterop.build/DerivedSources
               DERIVED_SOURCES_DIR = /Users/otislewis/arena/build/ios/Pods.build/Release-iphonesimulator/FirebaseAppCheckInterop.build/DerivedSources
               DEVELOPER_APPLICATIONS_DIR = /Applications/Xcode.app/Contents/Developer/Applications
               DEVELOPER_BIN_DIR = /Applications/Xcode.app/Contents/Developer/usr/bin
               DEVELOPER_DIR = /Applications/Xcode.app/Contents/Developer
               DEVELOPER_FRAMEWORKS_DIR = /Applications/Xcode.app/Contents/Developer/Library/Frameworks
               DEVELOPER_FRAMEWORKS_DIR_QUOTED = /Applications/Xcode.app/Contents/Developer/Library/Frameworks
               DEVELOPER_LIBRARY_DIR = /Applications/Xcode.app/Contents/Developer/Library
               DEVELOPER_SDK_DIR = /Applications/Xcode.app/Contents/Developer/Platforms/MacOSX.platform/Developer/SDKs
               DEVELOPER_TOOLS_DIR = /Applications/Xcode.app/Contents/Developer/Tools
               DEVELOPER_USR_DIR = /Applications/Xcode.app/Contents/Developer/usr
               DEVELOPMENT_LANGUAGE = en
               DIAGNOSE_MISSING_TARGET_DEPENDENCIES = YES
               DIFF = /usr/bin/diff
               DOCUMENTATION_FOLDER_PATH = FirebaseAppCheckInterop.framework/en.lproj/Documentation
               DONT_GENERATE_INFOPLIST_FILE = NO
               DSTROOT = /tmp/Pods.dst
               DT_TOOLCHAIN_DIR = /Applications/Xcode.app/Contents/Developer/Toolchains/XcodeDefault.xctoolchain
               DWARF_DSYM_FILE_NAME = FirebaseAppCheckInterop.framework.dSYM
               DWARF_DSYM_FILE_SHOULD_ACCOMPANY_PRODUCT = NO
               DWARF_DSYM_FOLDER_PATH = /Users/otislewis/arena/build/ios/Release-iphonesimulator/FirebaseAppCheckInterop
               DYLIB_COMPATIBILITY_VERSION = 1
               DYLIB_CURRENT_VERSION = 1
               DYLIB_INSTALL_NAME_BASE = @rpath
               DYNAMIC_LIBRARY_EXTENSION = dylib
               EAGER_COMPILATION_ALLOW_SCRIPTS = NO
               EAGER_LINKING = NO
               EFFECTIVE_PLATFORM_NAME = -iphonesimulator
               EMBEDDED_CONTENT_CONTAINS_SWIFT = NO
               EMBED_ASSET_PACKS_IN_PRODUCT_BUNDLE = NO
               ENABLE_APP_SANDBOX = NO
               ENABLE_BITCODE = NO
               ENABLE_CODE_COVERAGE = YES
               ENABLE_DEFAULT_HEADER_SEARCH_PATHS = YES
               ENABLE_DEFAULT_SEARCH_PATHS = YES
               ENABLE_HARDENED_RUNTIME = NO
               ENABLE_HEADER_DEPENDENCIES = YES
               ENABLE_INCOMING_NETWORK_CONNECTIONS = NO
               ENABLE_MODULE_VERIFIER = NO
               ENABLE_NS_ASSERTIONS = NO
               ENABLE_ON_DEMAND_RESOURCES = NO
               ENABLE_OUTGOING_NETWORK_CONNECTIONS = NO
               ENABLE_RESOURCE_ACCESS_AUDIO_INPUT = NO
               ENABLE_RESOURCE_ACCESS_BLUETOOTH = NO
               ENABLE_RESOURCE_ACCESS_CALENDARS = NO
               ENABLE_RESOURCE_ACCESS_CAMERA = NO
               ENABLE_RESOURCE_ACCESS_CONTACTS = NO
               ENABLE_RESOURCE_ACCESS_LOCATION = NO
               ENABLE_RESOURCE_ACCESS_PRINTING = NO
               ENABLE_RESOURCE_ACCESS_USB = NO
               ENABLE_SDK_IMPORTS = NO
               ENABLE_STRICT_OBJC_MSGSEND = YES
               ENABLE_TESTABILITY = NO
               ENABLE_TESTING_SEARCH_PATHS = NO
               ENABLE_USER_SCRIPT_SANDBOXING = NO
               ENFORCE_VALID_ARCHS = YES
               ENTITLEMENTS_DESTINATION = __entitlements
               ENTITLEMENTS_REQUIRED = NO
               EXCLUDED_ARCHS = arm64
               EXCLUDED_INSTALLSRC_SUBDIRECTORY_PATTERNS = .DS_Store .svn .git .hg CVS
               EXCLUDED_RECURSIVE_SEARCH_PATH_SUBDIRECTORIES = *.nib *.lproj *.framework *.gch *.xcode* *.xcassets (*) .DS_Store CVS .svn .git .hg *.pbproj *.pbxproj
               EXECUTABLES_FOLDER_PATH = FirebaseAppCheckInterop.framework/en.lproj
               EXECUTABLE_FOLDER_PATH = FirebaseAppCheckInterop.framework
               EXECUTABLE_FOLDER_PATH_SHALLOW_BUNDLE_NO = FirebaseAppCheckInterop.framework
               EXECUTABLE_FOLDER_PATH_SHALLOW_BUNDLE_YES = FirebaseAppCheckInterop.framework
               EXECUTABLE_NAME = FirebaseAppCheckInterop
               EXECUTABLE_PATH = FirebaseAppCheckInterop.framework/FirebaseAppCheckInterop
               EXTENSIONS_FOLDER_PATH = FirebaseAppCheckInterop.framework/Extensions
               FILE_LIST = /Users/otislewis/arena/build/ios/Pods.build/Release-iphonesimulator/FirebaseAppCheckInterop.build/Objects/LinkFileList
               FIXED_FILES_DIR = /Users/otislewis/arena/build/ios/Pods.build/Release-iphonesimulator/FirebaseAppCheckInterop.build/FixedFiles
               FRAMEWORKS_FOLDER_PATH = FirebaseAppCheckInterop.framework/Frameworks
               FRAMEWORK_FLAG_PREFIX = -framework
               FRAMEWORK_SEARCH_PATHS = /Users/otislewis/arena/build/ios/Release-iphonesimulator/FirebaseAppCheckInterop 
               FRAMEWORK_VERSION = A
               FULL_PRODUCT_NAME = FirebaseAppCheckInterop.framework
               FUSE_BUILD_PHASES = YES
               FUSE_BUILD_SCRIPT_PHASES = NO
               GCC3_VERSION = 3.3
               GCC_C_LANGUAGE_STANDARD = gnu11
               GCC_INLINES_ARE_PRIVATE_EXTERN = YES
               GCC_NO_COMMON_BLOCKS = YES
               GCC_OBJC_LEGACY_DISPATCH = YES
               GCC_PFE_FILE_C_DIALECTS = c objective-c c++ objective-c++
               GCC_PREFIX_HEADER = Target Support Files/FirebaseAppCheckInterop/FirebaseAppCheckInterop-prefix.pch
               GCC_PREPROCESSOR_DEFINITIONS = POD_CONFIGURATION_RELEASE=1  COCOAPODS=1
               GCC_TREAT_WARNINGS_AS_ERRORS = NO
               GCC_VERSION = com.apple.compilers.llvm.clang.1_0
               GCC_VERSION_IDENTIFIER = com_apple_compilers_llvm_clang_1_0
               GCC_WARN_64_TO_32_BIT_CONVERSION = YES
               GCC_WARN_ABOUT_RETURN_TYPE = YES_ERROR
               GCC_WARN_UNDECLARED_SELECTOR = YES
               GCC_WARN_UNINITIALIZED_AUTOS = YES_AGGRESSIVE
               GCC_WARN_UNUSED_FUNCTION = YES
               GCC_WARN_UNUSED_VARIABLE = YES
               GENERATED_MODULEMAP_DIR = /Users/otislewis/arena/build/ios/GeneratedModuleMaps-iphonesimulator
               GENERATE_INFOPLIST_FILE = NO
               GENERATE_INTERMEDIATE_TEXT_BASED_STUBS = YES
               GENERATE_MASTER_OBJECT_FILE = NO
               GENERATE_PKGINFO_FILE = NO
               GENERATE_PROFILING_CODE = NO
               GENERATE_TEXT_BASED_STUBS = NO
               GID = 20
               GROUP = staff
               HEADERMAP_INCLUDES_FLAT_ENTRIES_FOR_TARGET_BEING_BUILT = YES
               HEADERMAP_INCLUDES_FRAMEWORK_ENTRIES_FOR_ALL_PRODUCT_TYPES = YES
               HEADERMAP_INCLUDES_FRAMEWORK_ENTRIES_FOR_TARGETS_NOT_BEING_BUILT = YES
               HEADERMAP_INCLUDES_NONPUBLIC_NONPRIVATE_HEADERS = YES
               HEADERMAP_INCLUDES_PROJECT_HEADERS = YES
               HEADERMAP_USES_FRAMEWORK_PREFIX_ENTRIES = YES
               HEADERMAP_USES_VFS = YES
               HEADER_SEARCH_PATHS = /Users/otislewis/arena/build/ios/Release-iphonesimulator/FirebaseAppCheckInterop/include 
               HIDE_BITCODE_SYMBOLS = YES
               HOME = /Users/otislewis
               HOST_ARCH = arm64
               HOST_PLATFORM = macosx
               ICONV = /usr/bin/iconv
               IMPLICIT_DEPENDENCY_DOMAIN = default
               INFOPLIST_ENABLE_CFBUNDLEICONS_MERGE = YES
               INFOPLIST_EXPAND_BUILD_SETTINGS = YES
               INFOPLIST_FILE = Target Support Files/FirebaseAppCheckInterop/FirebaseAppCheckInterop-Info.plist
               INFOPLIST_OUTPUT_FORMAT = binary
               INFOPLIST_PATH = FirebaseAppCheckInterop.framework/Info.plist
               INFOPLIST_PREPROCESS = NO
               INFOSTRINGS_PATH = FirebaseAppCheckInterop.framework/en.lproj/InfoPlist.strings
               INLINE_PRIVATE_FRAMEWORKS = NO
               INSTALLAPI_IGNORE_SKIP_INSTALL = YES
               INSTALLHDRS_COPY_PHASE = NO
               INSTALLHDRS_SCRIPT_PHASE = NO
               INSTALL_DIR = /tmp/Pods.dst/Library/Frameworks
               INSTALL_GROUP = staff
               INSTALL_MODE_FLAG = u+w,go-w,a+rX
               INSTALL_OWNER = otislewis
               INSTALL_PATH = /Library/Frameworks
               INSTALL_ROOT = /tmp/Pods.dst
               IPHONEOS_DEPLOYMENT_TARGET = 13.0
               IS_UNOPTIMIZED_BUILD = NO
               JAVAC_DEFAULT_FLAGS = -J-Xms64m -J-XX:NewSize=4M -J-Dfile.encoding=UTF8
               JAVA_APP_STUB = /System/Library/Frameworks/JavaVM.framework/Resources/MacOS/JavaApplicationStub
               JAVA_ARCHIVE_CLASSES = YES
               JAVA_ARCHIVE_TYPE = JAR
               JAVA_COMPILER = /usr/bin/javac
               JAVA_FOLDER_PATH = FirebaseAppCheckInterop.framework/Java
               JAVA_FRAMEWORK_RESOURCES_DIRS = Resources
               JAVA_JAR_FLAGS = cv
               JAVA_SOURCE_SUBDIR = .
               JAVA_USE_DEPENDENCIES = YES
               JAVA_ZIP_FLAGS = -urg
               JIKES_DEFAULT_FLAGS = +E +OLDCSO
               KEEP_PRIVATE_EXTERNS = NO
               LD_DEPENDENCY_INFO_FILE = /Users/otislewis/arena/build/ios/Pods.build/Release-iphonesimulator/FirebaseAppCheckInterop.build/Objects-normal/undefined_arch/FirebaseAppCheckInterop_dependency_info.dat
               LD_DYLIB_INSTALL_NAME = @rpath/FirebaseAppCheckInterop.framework/FirebaseAppCheckInterop
               LD_EXPORT_SYMBOLS = YES
               LD_GENERATE_MAP_FILE = NO
               LD_MAP_FILE_PATH = /Users/otislewis/arena/build/ios/Pods.build/Release-iphonesimulator/FirebaseAppCheckInterop.build/FirebaseAppCheckInterop-LinkMap-normal-undefined_arch.txt
               LD_NO_PIE = NO
               LD_QUOTE_LINKER_ARGUMENTS_FOR_COMPILER_DRIVER = YES
               LD_RUNPATH_SEARCH_PATHS =  @executable_path/Frameworks @loader_path/Frameworks
               LD_SHARED_CACHE_ELIGIBLE = Automatic
               LD_WARN_DUPLICATE_LIBRARIES = NO
               LD_WARN_UNUSED_DYLIBS = NO
               LEGACY_DEVELOPER_DIR = /Applications/Xcode.app/Contents/PlugIns/Xcode3Core.ideplugin/Contents/SharedSupport/Developer
               LEX = lex
               LIBRARY_DEXT_INSTALL_PATH = /Library/DriverExtensions
               LIBRARY_FLAG_NOSPACE = YES
               LIBRARY_FLAG_PREFIX = -l
               LIBRARY_KEXT_INSTALL_PATH = /Library/Extensions
               LIBRARY_SEARCH_PATHS = /Users/otislewis/arena/build/ios/Release-iphonesimulator/FirebaseAppCheckInterop 
               LINKER_DISPLAYS_MANGLED_NAMES = NO
               LINK_OBJC_RUNTIME = YES
               LINK_WITH_STANDARD_LIBRARIES = YES
               LLVM_TARGET_TRIPLE_OS_VERSION = ios13.0
               LLVM_TARGET_TRIPLE_SUFFIX = -simulator
               LLVM_TARGET_TRIPLE_VENDOR = apple
               LOCALIZATION_EXPORT_SUPPORTED = YES
               LOCALIZATION_PREFERS_STRING_CATALOGS = NO
               LOCALIZED_RESOURCES_FOLDER_PATH = FirebaseAppCheckInterop.framework/en.lproj
               LOCALIZED_STRING_MACRO_NAMES = NSLocalizedString CFCopyLocalizedString
               LOCALIZED_STRING_SWIFTUI_SUPPORT = YES
               LOCAL_ADMIN_APPS_DIR = /Applications/Utilities
               LOCAL_APPS_DIR = /Applications
               LOCAL_DEVELOPER_DIR = /Library/Developer
               LOCAL_LIBRARY_DIR = /Library
               LOCROOT = /Users/otislewis/arena/ios/Pods
               LOCSYMROOT = /Users/otislewis/arena/ios/Pods
               MACH_O_TYPE = mh_dylib
               MAC_OS_X_PRODUCT_BUILD_VERSION = 24F74
               MAC_OS_X_VERSION_ACTUAL = 150500
               MAC_OS_X_VERSION_MAJOR = 150000
               MAC_OS_X_VERSION_MINOR = 150500
               MAKE_MERGEABLE = NO
               MERGEABLE_LIBRARY = NO
               MERGED_BINARY_TYPE = none
               MERGE_LINKED_LIBRARIES = NO
               METAL_LIBRARY_FILE_BASE = default
               METAL_LIBRARY_OUTPUT_DIR = /Users/otislewis/arena/build/ios/Release-iphonesimulator/FirebaseAppCheckInterop/FirebaseAppCheckInterop.framework
               MODULEMAP_FILE = Target Support Files/FirebaseAppCheckInterop/FirebaseAppCheckInterop.modulemap
               MODULES_FOLDER_PATH = FirebaseAppCheckInterop.framework/Modules
               MTL_ENABLE_DEBUG_INFO = NO
               MTL_FAST_MATH = YES
               NATIVE_ARCH = arm64
               NATIVE_ARCH_32_BIT = arm
               NATIVE_ARCH_64_BIT = arm64
               NATIVE_ARCH_ACTUAL = arm64
               NO_COMMON = YES
               OBJC_ABI_VERSION = 2
               OBJECT_FILE_DIR = /Users/otislewis/arena/build/ios/Pods.build/Release-iphonesimulator/FirebaseAppCheckInterop.build/Objects
               OBJECT_FILE_DIR_normal = /Users/otislewis/arena/build/ios/Pods.build/Release-iphonesimulator/FirebaseAppCheckInterop.build/Objects-normal
               OBJROOT = /Users/otislewis/arena/build/ios
               ONLY_ACTIVE_ARCH = NO
               OS = MACOS
               OSAC = /usr/bin/osacompile
               PACKAGE_TYPE = com.apple.package-type.wrapper.framework
               PASCAL_STRINGS = YES
               PATH = /Applications/Xcode.app/Contents/SharedFrameworks/SwiftBuild.framework/Versions/A/PlugIns/SWBBuildService.bundle/Contents/PlugIns/SWBUniversalPlatformPlugin.bundle/Contents/Frameworks/SWBUniversalPlatform.framework/Resources:/Applications/Xcode.app/Contents/Developer/Toolchains/XcodeDefault.xctoolchain/usr/bin:/Applications/Xcode.app/Contents/Developer/Toolchains/XcodeDefault.xctoolchain/usr/local/bin:/Applications/Xcode.app/Contents/Developer/Toolchains/XcodeDefault.xctoolchain/usr/libexec:/Applications/Xcode.app/Contents/Developer/Platforms/iPhoneSimulator.platform/usr/bin:/Applications/Xcode.app/Contents/Developer/Platforms/iPhoneSimulator.platform/usr/local/bin:/Applications/Xcode.app/Contents/Developer/Platforms/iPhoneSimulator.platform/Developer/usr/bin:/Applications/Xcode.app/Contents/Developer/Platforms/iPhoneSimulator.platform/Developer/usr/local/bin:/Applications/Xcode.app/Contents/Developer/usr/bin:/Applications/Xcode.app/Contents/Developer/usr/local/bin:/Users/otislewis/.gem/ruby/3.3.0/bin:/opt/homebrew/bin:/opt/homebrew/sbin:/usr/local/bin:/System/Cryptexes/App/usr/bin:/usr/bin:/bin:/usr/sbin:/sbin:/var/run/com.apple.security.cryptexd/codex.system/bootstrap/usr/local/bin:/var/run/com.apple.security.cryptexd/codex.system/bootstrap/usr/bin:/var/run/com.apple.security.cryptexd/codex.system/bootstrap/usr/appleinternal/bin:/Library/Apple/usr/bin:/opt/homebrew/Caskroom/flutter/3.32.0/flutter/bin:/Users/otislewis/Library/Android/sdk/emulator:/Users/otislewis/Library/Android/sdk/tools:/Users/otislewis/Library/Android/sdk/tools/bin:/Users/otislewis/Library/Android/sdk/platform-tools:/opt/homebrew/Caskroom/flutter/3.32.0/flutter/bin/cache/dart-sdk/bin
               PATH_PREFIXES_EXCLUDED_FROM_HEADER_DEPENDENCIES = /usr/include /usr/local/include /System/Library/Frameworks /System/Library/PrivateFrameworks /Applications/Xcode.app/Contents/Developer/Headers /Applications/Xcode.app/Contents/Developer/SDKs /Applications/Xcode.app/Contents/Developer/Platforms
               PBDEVELOPMENTPLIST_PATH = FirebaseAppCheckInterop.framework/pbdevelopment.plist
               PER_ARCH_MODULE_FILE_DIR = /Users/otislewis/arena/build/ios/Pods.build/Release-iphonesimulator/FirebaseAppCheckInterop.build/Objects-normal/undefined_arch
               PER_ARCH_OBJECT_FILE_DIR = /Users/otislewis/arena/build/ios/Pods.build/Release-iphonesimulator/FirebaseAppCheckInterop.build/Objects-normal/undefined_arch
               PER_VARIANT_OBJECT_FILE_DIR = /Users/otislewis/arena/build/ios/Pods.build/Release-iphonesimulator/FirebaseAppCheckInterop.build/Objects-normal
               PKGINFO_FILE_PATH = /Users/otislewis/arena/build/ios/Pods.build/Release-iphonesimulator/FirebaseAppCheckInterop.build/PkgInfo
               PKGINFO_PATH = FirebaseAppCheckInterop.framework/PkgInfo
               PLATFORM_DEVELOPER_APPLICATIONS_DIR = /Applications/Xcode.app/Contents/Developer/Platforms/iPhoneSimulator.platform/Developer/Applications
               PLATFORM_DEVELOPER_BIN_DIR = /Applications/Xcode.app/Contents/Developer/Platforms/iPhoneSimulator.platform/Developer/usr/bin
               PLATFORM_DEVELOPER_LIBRARY_DIR = /Applications/Xcode.app/Contents/Developer/Platforms/iPhoneSimulator.platform/Developer/Library
               PLATFORM_DEVELOPER_SDK_DIR = /Applications/Xcode.app/Contents/Developer/Platforms/iPhoneSimulator.platform/Developer/SDKs
               PLATFORM_DEVELOPER_TOOLS_DIR = /Applications/Xcode.app/Contents/Developer/Platforms/iPhoneSimulator.platform/Developer/Tools
               PLATFORM_DEVELOPER_USR_DIR = /Applications/Xcode.app/Contents/Developer/Platforms/iPhoneSimulator.platform/Developer/usr
               PLATFORM_DIR = /Applications/Xcode.app/Contents/Developer/Platforms/iPhoneSimulator.platform
               PLATFORM_DISPLAY_NAME = iOS Simulator
               PLATFORM_FAMILY_NAME = iOS
               PLATFORM_NAME = iphonesimulator
               PLATFORM_PREFERRED_ARCH = x86_64
               PLATFORM_PRODUCT_BUILD_VERSION = 22E235
               PLATFORM_REQUIRES_SWIFT_AUTOLINK_EXTRACT = NO
               PLATFORM_REQUIRES_SWIFT_MODULEWRAP = NO
               PLIST_FILE_OUTPUT_FORMAT = binary
               PLUGINS_FOLDER_PATH = FirebaseAppCheckInterop.framework/PlugIns
               PODS_BUILD_DIR = /Users/otislewis/arena/build/ios
               PODS_CONFIGURATION_BUILD_DIR = /Users/otislewis/arena/build/ios/Release-iphonesimulator
               PODS_DEVELOPMENT_LANGUAGE = en
               PODS_ROOT = /Users/otislewis/arena/ios/Pods
               PODS_TARGET_SRCROOT = /Users/otislewis/arena/ios/Pods/FirebaseAppCheckInterop
               PODS_XCFRAMEWORKS_BUILD_DIR = /Users/otislewis/arena/build/ios/Release-iphonesimulator/XCFrameworkIntermediates
               PRECOMPS_INCLUDE_HEADERS_FROM_BUILT_PRODUCTS_DIR = YES
               PRECOMP_DESTINATION_DIR = /Users/otislewis/arena/build/ios/Pods.build/Release-iphonesimulator/FirebaseAppCheckInterop.build/PrefixHeaders
               PRIVATE_HEADERS_FOLDER_PATH = FirebaseAppCheckInterop.framework/PrivateHeaders
               PROCESSED_INFOPLIST_PATH = /Users/otislewis/arena/build/ios/Pods.build/Release-iphonesimulator/FirebaseAppCheckInterop.build/Objects-normal/undefined_arch/Processed-Info.plist
               PRODUCT_BUNDLE_IDENTIFIER = org.cocoapods.FirebaseAppCheckInterop
               PRODUCT_BUNDLE_PACKAGE_TYPE = FMWK
               PRODUCT_MODULE_NAME = FirebaseAppCheckInterop
               PRODUCT_NAME = FirebaseAppCheckInterop
               PRODUCT_SETTINGS_PATH = /Users/otislewis/arena/ios/Pods/Target Support Files/FirebaseAppCheckInterop/FirebaseAppCheckInterop-Info.plist
               PRODUCT_TYPE = com.apple.product-type.framework
               PROFILING_CODE = NO
               PROJECT = Pods
               PROJECT_DERIVED_FILE_DIR = /Users/otislewis/arena/build/ios/Pods.build/DerivedSources
               PROJECT_DIR = /Users/otislewis/arena/ios/Pods
               PROJECT_FILE_PATH = /Users/otislewis/arena/ios/Pods/Pods.xcodeproj
               PROJECT_GUID = bfdfe7dc352907fc980b868725387e98
               PROJECT_NAME = Pods
               PROJECT_TEMP_DIR = /Users/otislewis/arena/build/ios/Pods.build
               PROJECT_TEMP_ROOT = /Users/otislewis/arena/build/ios
               PUBLIC_HEADERS_FOLDER_PATH = FirebaseAppCheckInterop.framework/Headers
               RECOMMENDED_IPHONEOS_DEPLOYMENT_TARGET = 15.0
               RECURSIVE_SEARCH_PATHS_FOLLOW_SYMLINKS = YES
               REMOVE_CVS_FROM_RESOURCES = YES
               REMOVE_GIT_FROM_RESOURCES = YES
               REMOVE_HEADERS_FROM_EMBEDDED_BUNDLES = YES
               REMOVE_HG_FROM_RESOURCES = YES
               REMOVE_STATIC_EXECUTABLES_FROM_EMBEDDED_BUNDLES = YES
               REMOVE_SVN_FROM_RESOURCES = YES
               RESCHEDULE_INDEPENDENT_HEADERS_PHASES = YES
               REZ_COLLECTOR_DIR = /Users/otislewis/arena/build/ios/Pods.build/Release-iphonesimulator/FirebaseAppCheckInterop.build/ResourceManagerResources
               REZ_OBJECTS_DIR = /Users/otislewis/arena/build/ios/Pods.build/Release-iphonesimulator/FirebaseAppCheckInterop.build/ResourceManagerResources/Objects
               REZ_SEARCH_PATHS = /Users/otislewis/arena/build/ios/Release-iphonesimulator/FirebaseAppCheckInterop 
               SCAN_ALL_SOURCE_FILES_FOR_INCLUDES = NO
               SCRIPTS_FOLDER_PATH = FirebaseAppCheckInterop.framework/Scripts
               SDKROOT = /Applications/Xcode.app/Contents/Developer/Platforms/iPhoneSimulator.platform/Developer/SDKs/iPhoneSimulator18.4.sdk
               SDK_DIR = /Applications/Xcode.app/Contents/Developer/Platforms/iPhoneSimulator.platform/Developer/SDKs/iPhoneSimulator18.4.sdk
               SDK_DIR_iphonesimulator = /Applications/Xcode.app/Contents/Developer/Platforms/iPhoneSimulator.platform/Developer/SDKs/iPhoneSimulator18.4.sdk
               SDK_DIR_iphonesimulator18_4 = /Applications/Xcode.app/Contents/Developer/Platforms/iPhoneSimulator.platform/Developer/SDKs/iPhoneSimulator18.4.sdk
               SDK_NAME = iphonesimulator18.4
               SDK_NAMES = iphonesimulator18.4
               SDK_PRODUCT_BUILD_VERSION = 22E235
               SDK_STAT_CACHE_DIR = /var/folders/4y/xy3fflts0nqfk1tsxg0t3mmr0000gn/C/com.apple.DeveloperTools/16.3-16E140/Xcode
               SDK_STAT_CACHE_ENABLE = YES
               SDK_STAT_CACHE_PATH = /var/folders/4y/xy3fflts0nqfk1tsxg0t3mmr0000gn/C/com.apple.DeveloperTools/16.3-16E140/Xcode/SDKStatCaches.noindex/iphonesimulator18.4-22E235-71825a6d136aa4733edcbe86ece5525b.sdkstatcache
               SDK_VERSION = 18.4
               SDK_VERSION_ACTUAL = 180400
               SDK_VERSION_MAJOR = 180000
               SDK_VERSION_MINOR = 180400
               SED = /usr/bin/sed
               SEPARATE_STRIP = NO
               SEPARATE_SYMBOL_EDIT = NO
               SET_DIR_MODE_OWNER_GROUP = YES
               SET_FILE_MODE_OWNER_GROUP = NO
               SHALLOW_BUNDLE = YES
               SHALLOW_BUNDLE_TRIPLE = ios-simulator
               SHALLOW_BUNDLE_ios_macabi = NO
               SHALLOW_BUNDLE_macos = NO
               SHARED_DERIVED_FILE_DIR = /Users/otislewis/arena/build/ios/Release-iphonesimulator/FirebaseAppCheckInterop/DerivedSources
               SHARED_FRAMEWORKS_FOLDER_PATH = FirebaseAppCheckInterop.framework/SharedFrameworks
               SHARED_PRECOMPS_DIR = /Users/otislewis/arena/build/ios/SharedPrecompiledHeaders
               SHARED_SUPPORT_FOLDER_PATH = FirebaseAppCheckInterop.framework
               SKIP_INSTALL = YES
               SOURCE_ROOT = /Users/otislewis/arena/ios/Pods
               SRCROOT = /Users/otislewis/arena/ios/Pods
               STRINGSDATA_DIR = /Users/otislewis/arena/build/ios/Pods.build/Release-iphonesimulator/FirebaseAppCheckInterop.build/Objects-normal/undefined_arch
               STRINGSDATA_ROOT = /Users/otislewis/arena/build/ios/Pods.build/Release-iphonesimulator/FirebaseAppCheckInterop.build
               STRINGS_FILE_INFOPLIST_RENAME = YES
               STRINGS_FILE_OUTPUT_ENCODING = binary
               STRIP_BITCODE_FROM_COPIED_FILES = NO
               STRIP_INSTALLED_PRODUCT = NO
               STRIP_STYLE = debugging
               STRIP_SWIFT_SYMBOLS = YES
               SUPPORTED_DEVICE_FAMILIES = 1,2
               SUPPORTED_PLATFORMS = iphoneos iphonesimulator
               SUPPORTS_TEXT_BASED_API = NO
               SUPPRESS_WARNINGS = NO
               SWIFT_ACTIVE_COMPILATION_CONDITIONS =  
               SWIFT_COMPILATION_MODE = wholemodule
               SWIFT_EMIT_LOC_STRINGS = NO
               SWIFT_INSTALL_MODULE_FOR_DEPLOYMENT = YES
               SWIFT_INSTALL_OBJC_HEADER = YES
               SWIFT_OPTIMIZATION_LEVEL = -O
               SWIFT_PLATFORM_TARGET_PREFIX = ios
               SWIFT_VERSION = 5.0
               SYMROOT = /Users/otislewis/arena/ios/build
               SYSTEM_ADMIN_APPS_DIR = /Applications/Utilities
               SYSTEM_APPS_DIR = /Applications
               SYSTEM_CORE_SERVICES_DIR = /System/Library/CoreServices
               SYSTEM_DEMOS_DIR = /Applications/Extras
               SYSTEM_DEVELOPER_APPS_DIR = /Applications/Xcode.app/Contents/Developer/Applications
               SYSTEM_DEVELOPER_BIN_DIR = /Applications/Xcode.app/Contents/Developer/usr/bin
               SYSTEM_DEVELOPER_DEMOS_DIR = /Applications/Xcode.app/Contents/Developer/Applications/Utilities/Built Examples
               SYSTEM_DEVELOPER_DIR = /Applications/Xcode.app/Contents/Developer
               SYSTEM_DEVELOPER_DOC_DIR = /Applications/Xcode.app/Contents/Developer/ADC Reference Library
               SYSTEM_DEVELOPER_GRAPHICS_TOOLS_DIR = /Applications/Xcode.app/Contents/Developer/Applications/Graphics Tools
               SYSTEM_DEVELOPER_JAVA_TOOLS_DIR = /Applications/Xcode.app/Contents/Developer/Applications/Java Tools
               SYSTEM_DEVELOPER_PERFORMANCE_TOOLS_DIR = /Applications/Xcode.app/Contents/Developer/Applications/Performance Tools
               SYSTEM_DEVELOPER_RELEASENOTES_DIR = /Applications/Xcode.app/Contents/Developer/ADC Reference Library/releasenotes
               SYSTEM_DEVELOPER_TOOLS = /Applications/Xcode.app/Contents/Developer/Tools
               SYSTEM_DEVELOPER_TOOLS_DOC_DIR = /Applications/Xcode.app/Contents/Developer/ADC Reference Library/documentation/DeveloperTools
               SYSTEM_DEVELOPER_TOOLS_RELEASENOTES_DIR = /Applications/Xcode.app/Contents/Developer/ADC Reference Library/releasenotes/DeveloperTools
               SYSTEM_DEVELOPER_USR_DIR = /Applications/Xcode.app/Contents/Developer/usr
               SYSTEM_DEVELOPER_UTILITIES_DIR = /Applications/Xcode.app/Contents/Developer/Applications/Utilities
               SYSTEM_DEXT_INSTALL_PATH = /System/Library/DriverExtensions
               SYSTEM_DOCUMENTATION_DIR = /Library/Documentation
               SYSTEM_EXTENSIONS_FOLDER_PATH = FirebaseAppCheckInterop.framework/SystemExtensions
               SYSTEM_EXTENSIONS_FOLDER_PATH_SHALLOW_BUNDLE_NO = FirebaseAppCheckInterop.framework/Library/SystemExtensions
               SYSTEM_EXTENSIONS_FOLDER_PATH_SHALLOW_BUNDLE_YES = FirebaseAppCheckInterop.framework/SystemExtensions
               SYSTEM_KEXT_INSTALL_PATH = /System/Library/Extensions
               SYSTEM_LIBRARY_DIR = /System/Library
               TAPI_DEMANGLE = YES
               TAPI_ENABLE_PROJECT_HEADERS = NO
               TAPI_LANGUAGE = objective-c
               TAPI_LANGUAGE_STANDARD = compiler-default
               TAPI_USE_SRCROOT = YES
               TAPI_VERIFY_MODE = Pedantic
               TARGETED_DEVICE_FAMILY = 1,2
               TARGETNAME = FirebaseAppCheckInterop
               TARGET_BUILD_DIR = /Users/otislewis/arena/build/ios/Release-iphonesimulator/FirebaseAppCheckInterop
               TARGET_NAME = FirebaseAppCheckInterop
               TARGET_TEMP_DIR = /Users/otislewis/arena/build/ios/Pods.build/Release-iphonesimulator/FirebaseAppCheckInterop.build
               TEMP_DIR = /Users/otislewis/arena/build/ios/Pods.build/Release-iphonesimulator/FirebaseAppCheckInterop.build
               TEMP_FILES_DIR = /Users/otislewis/arena/build/ios/Pods.build/Release-iphonesimulator/FirebaseAppCheckInterop.build
               TEMP_FILE_DIR = /Users/otislewis/arena/build/ios/Pods.build/Release-iphonesimulator/FirebaseAppCheckInterop.build
               TEMP_ROOT = /Users/otislewis/arena/build/ios
               TEMP_SANDBOX_DIR = /Users/otislewis/arena/build/ios/TemporaryTaskSandboxes
               TEST_FRAMEWORK_SEARCH_PATHS =  /Applications/Xcode.app/Contents/Developer/Platforms/iPhoneSimulator.platform/Developer/Library/Frameworks /Applications/Xcode.app/Contents/Developer/Platforms/iPhoneSimulator.platform/Developer/SDKs/iPhoneSimulator18.4.sdk/Developer/Library/Frameworks
               TEST_LIBRARY_SEARCH_PATHS =  /Applications/Xcode.app/Contents/Developer/Platforms/iPhoneSimulator.platform/Developer/usr/lib
               TOOLCHAINS = com.apple.dt.toolchain.XcodeDefault
               TOOLCHAIN_DIR = /Applications/Xcode.app/Contents/Developer/Toolchains/XcodeDefault.xctoolchain
               TREAT_MISSING_BASELINES_AS_TEST_FAILURES = NO
               TREAT_MISSING_SCRIPT_PHASE_OUTPUTS_AS_ERRORS = NO
               UID = 501
               UNINSTALLED_PRODUCTS_DIR = /Users/otislewis/arena/build/ios/UninstalledProducts
               UNLOCALIZED_RESOURCES_FOLDER_PATH = FirebaseAppCheckInterop.framework
               UNLOCALIZED_RESOURCES_FOLDER_PATH_SHALLOW_BUNDLE_NO = FirebaseAppCheckInterop.framework/Resources
               UNLOCALIZED_RESOURCES_FOLDER_PATH_SHALLOW_BUNDLE_YES = FirebaseAppCheckInterop.framework
               UNSTRIPPED_PRODUCT = NO
               USER = otislewis
               USER_APPS_DIR = /Users/otislewis/Applications
               USER_LIBRARY_DIR = /Users/otislewis/Library
               USE_DYNAMIC_NO_PIC = YES
               USE_HEADERMAP = YES
               USE_HEADER_SYMLINKS = NO
               USE_RECURSIVE_SCRIPT_INPUTS_IN_SCRIPT_PHASES = YES
               VALIDATE_DEVELOPMENT_ASSET_PATHS = YES_ERROR
               VALIDATE_PRODUCT = YES
               VALID_ARCHS = arm64
               VERBOSE_PBXCP = NO
               VERSIONING_SYSTEM = apple-generic
               VERSIONPLIST_PATH = FirebaseAppCheckInterop.framework/version.plist
               VERSIONS_FOLDER_PATH = FirebaseAppCheckInterop.framework
               VERSIONS_FOLDER_PATH_SHALLOW_BUNDLE_NO = FirebaseAppCheckInterop.framework/Versions
               VERSIONS_FOLDER_PATH_SHALLOW_BUNDLE_YES = FirebaseAppCheckInterop.framework
               VERSION_INFO_BUILDER = otislewis
               VERSION_INFO_FILE = FirebaseAppCheckInterop_vers.c
               VERSION_INFO_STRING = "@(#)PROGRAM:FirebaseAppCheckInterop  PROJECT:Pods-1"
               WORKSPACE_DIR = /Users/otislewis/arena/ios/Pods/Pods.xcodeproj
               WRAPPER_EXTENSION = framework
               WRAPPER_NAME = FirebaseAppCheckInterop.framework
               WRAPPER_SUFFIX = .framework
               WRAP_ASSET_PACKS_IN_SEPARATE_DIRECTORIES = NO
               XCODE_APP_SUPPORT_DIR = /Applications/Xcode.app/Contents/Developer/Library/Xcode
               XCODE_PRODUCT_BUILD_VERSION = 16E140
               XCODE_VERSION_ACTUAL = 1630
               XCODE_VERSION_MAJOR = 1600
               XCODE_VERSION_MINOR = 1630
               XPCSERVICES_FOLDER_PATH = FirebaseAppCheckInterop.framework/XPCServices
               YACC = yacc
               _DISCOVER_COMMAND_LINE_LINKER_INPUTS = YES
               _DISCOVER_COMMAND_LINE_LINKER_INPUTS_INCLUDE_WL = YES
               _WRAPPER_CONTENTS_DIR_SHALLOW_BUNDLE_NO = /Contents
               _WRAPPER_PARENT_PATH_SHALLOW_BUNDLE_NO = /..
               _WRAPPER_RESOURCES_DIR_SHALLOW_BUNDLE_NO = /Resources
               __DIAGNOSE_DEPRECATED_ARCHS = YES
               arch = undefined_arch
               variant = normal

           Build settings for action build and target FirebaseAuth:
               ACTION = build
               AD_HOC_CODE_SIGNING_ALLOWED = YES
               ALLOW_BUILD_REQUEST_OVERRIDES = NO
               ALLOW_TARGET_PLATFORM_SPECIALIZATION = NO
               ALTERNATE_GROUP = staff
               ALTERNATE_MODE = u+w,go-w,a+rX
               ALTERNATE_OWNER = otislewis
               ALTERNATIVE_DISTRIBUTION_WEB = NO
               ALWAYS_EMBED_SWIFT_STANDARD_LIBRARIES = NO
               ALWAYS_SEARCH_USER_PATHS = NO
               ALWAYS_USE_SEPARATE_HEADERMAPS = NO
               APPLICATION_EXTENSION_API_ONLY = NO
               APPLY_RULES_IN_COPY_FILES = NO
               APPLY_RULES_IN_COPY_HEADERS = NO
               APP_SHORTCUTS_ENABLE_FLEXIBLE_MATCHING = YES
               ARCHS_STANDARD = arm64 x86_64
               ARCHS_STANDARD_32_64_BIT = arm64 x86_64
               ARCHS_STANDARD_64_BIT = arm64 x86_64
               ARCHS_STANDARD_INCLUDING_64_BIT = arm64 x86_64
               ARCHS_UNIVERSAL_IPHONE_OS = arm64 x86_64
               AUTOMATICALLY_MERGE_DEPENDENCIES = NO
               AVAILABLE_PLATFORMS = android appletvos appletvsimulator driverkit iphoneos iphonesimulator macosx qnx watchos watchsimulator xros xrsimulator
               BITCODE_GENERATION_MODE = marker
               BUILD_ACTIVE_RESOURCES_ONLY = NO
               BUILD_COMPONENTS = headers build
               BUILD_DIR = /Users/otislewis/arena/build/ios
               BUILD_LIBRARY_FOR_DISTRIBUTION = NO
               BUILD_ROOT = /Users/otislewis/arena/ios/build
               BUILD_STYLE = 
               BUILD_VARIANTS = normal
               BUILT_PRODUCTS_DIR = /Users/otislewis/arena/build/ios/Release-iphonesimulator/FirebaseAuth
               BUNDLE_CONTENTS_FOLDER_PATH_deep = Contents/
               BUNDLE_EXECUTABLE_FOLDER_NAME_deep = MacOS
               BUNDLE_EXTENSIONS_FOLDER_PATH = Extensions
               BUNDLE_FORMAT = shallow
               BUNDLE_FRAMEWORKS_FOLDER_PATH = Frameworks
               BUNDLE_PLUGINS_FOLDER_PATH = PlugIns
               BUNDLE_PRIVATE_HEADERS_FOLDER_PATH = PrivateHeaders
               BUNDLE_PUBLIC_HEADERS_FOLDER_PATH = Headers
               CACHE_ROOT = /var/folders/4y/xy3fflts0nqfk1tsxg0t3mmr0000gn/C/com.apple.DeveloperTools/16.3-16E140/Xcode
               CCHROOT = /var/folders/4y/xy3fflts0nqfk1tsxg0t3mmr0000gn/C/com.apple.DeveloperTools/16.3-16E140/Xcode
               CHMOD = /bin/chmod
               CHOWN = /usr/sbin/chown
               CLANG_ANALYZER_LOCALIZABILITY_NONLOCALIZED = YES
               CLANG_ANALYZER_NONNULL = YES
               CLANG_ANALYZER_NUMBER_OBJECT_CONVERSION = YES_AGGRESSIVE
               CLANG_CACHE_FINE_GRAINED_OUTPUTS = YES
               CLANG_CXX_LANGUAGE_STANDARD = gnu++14
               CLANG_CXX_LIBRARY = libc++
               CLANG_ENABLE_EXPLICIT_MODULES = YES
               CLANG_ENABLE_MODULES = YES
               CLANG_ENABLE_OBJC_ARC = YES
               CLANG_ENABLE_OBJC_WEAK = NO
               CLANG_MODULES_BUILD_SESSION_FILE = /var/folders/4y/xy3fflts0nqfk1tsxg0t3mmr0000gn/C/org.llvm.clang/ModuleCache.noindex/Session.modulevalidation
               CLANG_WARN_BLOCK_CAPTURE_AUTORELEASING = YES
               CLANG_WARN_BOOL_CONVERSION = YES
               CLANG_WARN_COMMA = YES
               CLANG_WARN_CONSTANT_CONVERSION = YES
               CLANG_WARN_DEPRECATED_OBJC_IMPLEMENTATIONS = YES
               CLANG_WARN_DIRECT_OBJC_ISA_USAGE = YES_ERROR
               CLANG_WARN_DOCUMENTATION_COMMENTS = YES
               CLANG_WARN_EMPTY_BODY = YES
               CLANG_WARN_ENUM_CONVERSION = YES
               CLANG_WARN_INFINITE_RECURSION = YES
               CLANG_WARN_INT_CONVERSION = YES
               CLANG_WARN_NON_LITERAL_NULL_CONVERSION = YES
               CLANG_WARN_OBJC_IMPLICIT_RETAIN_SELF = YES
               CLANG_WARN_OBJC_LITERAL_CONVERSION = YES
               CLANG_WARN_OBJC_ROOT_CLASS = YES_ERROR
               CLANG_WARN_QUOTED_INCLUDE_IN_FRAMEWORK_HEADER = NO
               CLANG_WARN_RANGE_LOOP_ANALYSIS = YES
               CLANG_WARN_STRICT_PROTOTYPES = YES
               CLANG_WARN_SUSPICIOUS_MOVE = YES
               CLANG_WARN_UNGUARDED_AVAILABILITY = YES_AGGRESSIVE
               CLANG_WARN_UNREACHABLE_CODE = YES
               CLANG_WARN__DUPLICATE_METHOD_MATCH = YES
               CLASS_FILE_DIR = /Users/otislewis/arena/build/ios/Pods.build/Release-iphonesimulator/FirebaseAuth.build/JavaClasses
               CLEAN_PRECOMPS = YES
               CLONE_HEADERS = NO
               CODESIGNING_FOLDER_PATH = /Users/otislewis/arena/build/ios/Release-iphonesimulator/FirebaseAuth/FirebaseAuth.framework
               CODE_SIGNING_ALLOWED = YES
               CODE_SIGNING_REQUIRED = NO
               CODE_SIGNING_REQUIRES_TEAM = YES
               CODE_SIGN_CONTEXT_CLASS = XCiPhoneSimulatorCodeSignContext
               CODE_SIGN_IDENTITY = -
               CODE_SIGN_INJECT_BASE_ENTITLEMENTS = YES
               COLOR_DIAGNOSTICS = NO
               COMBINE_HIDPI_IMAGES = NO
               COMPILATION_CACHE_CAS_PATH = /var/folders/4y/xy3fflts0nqfk1tsxg0t3mmr0000gn/C/com.apple.DeveloperTools/16.3-16E140/Xcode/CompilationCache.noindex
               COMPILATION_CACHE_KEEP_CAS_DIRECTORY = YES
               COMPILER_INDEX_STORE_ENABLE = Default
               COMPOSITE_SDK_DIRS = /Users/otislewis/arena/build/ios/CompositeSDKs
               COMPRESS_PNG_FILES = YES
               CONFIGURATION = Release
               CONFIGURATION_BUILD_DIR = /Users/otislewis/arena/build/ios/Release-iphonesimulator/FirebaseAuth
               CONFIGURATION_TEMP_DIR = /Users/otislewis/arena/build/ios/Pods.build/Release-iphonesimulator
               CONTENTS_FOLDER_PATH = FirebaseAuth.framework
               CONTENTS_FOLDER_PATH_SHALLOW_BUNDLE_NO = FirebaseAuth.framework/A
               CONTENTS_FOLDER_PATH_SHALLOW_BUNDLE_YES = FirebaseAuth.framework
               COPYING_PRESERVES_HFS_DATA = NO
               COPY_HEADERS_RUN_UNIFDEF = NO
               COPY_PHASE_STRIP = NO
               CORRESPONDING_DEVICE_PLATFORM_DIR = /Applications/Xcode.app/Contents/Developer/Platforms/iPhoneOS.platform
               CORRESPONDING_DEVICE_PLATFORM_NAME = iphoneos
               CORRESPONDING_DEVICE_SDK_DIR = /Applications/Xcode.app/Contents/Developer/Platforms/iPhoneOS.platform/Developer/SDKs/iPhoneOS18.4.sdk
               CORRESPONDING_DEVICE_SDK_NAME = iphoneos18.4
               CP = /bin/cp
               CREATE_INFOPLIST_SECTION_IN_BINARY = NO
               CURRENT_ARCH = undefined_arch
               CURRENT_PROJECT_VERSION = 1
               CURRENT_VARIANT = normal
               CURRENT_VERSION = Current
               DEAD_CODE_STRIPPING = YES
               DEBUGGING_SYMBOLS = YES
               DEBUG_INFORMATION_FORMAT = dwarf-with-dsym
               DEBUG_INFORMATION_VERSION = compiler-default
               DEFAULT_COMPILER = com.apple.compilers.llvm.clang.1_0
               DEFAULT_DEXT_INSTALL_PATH = /System/Library/DriverExtensions
               DEFAULT_KEXT_INSTALL_PATH = /System/Library/Extensions
               DEFINES_MODULE = YES
               DEPLOYMENT_LOCATION = NO
               DEPLOYMENT_POSTPROCESSING = NO
               DEPLOYMENT_TARGET_SETTING_NAME = IPHONEOS_DEPLOYMENT_TARGET
               DEPLOYMENT_TARGET_SUGGESTED_VALUES = 12.0 12.1 12.2 12.3 12.4 13.0 13.1 13.2 13.3 13.4 13.5 13.6 14.0 14.1 14.2 14.3 14.4 14.5 14.6 14.7 15.0 15.1 15.2 15.3 15.4 15.5 15.6 16.0 16.1 16.2 16.3 16.4 16.5 16.6 17.0 17.1 17.2 17.3 17.4 17.5 17.6 18.0 18.1 18.2 18.3 18.4
               DERIVED_FILES_DIR = /Users/otislewis/arena/build/ios/Pods.build/Release-iphonesimulator/FirebaseAuth.build/DerivedSources
               DERIVED_FILE_DIR = /Users/otislewis/arena/build/ios/Pods.build/Release-iphonesimulator/FirebaseAuth.build/DerivedSources
               DERIVED_SOURCES_DIR = /Users/otislewis/arena/build/ios/Pods.build/Release-iphonesimulator/FirebaseAuth.build/DerivedSources
               DEVELOPER_APPLICATIONS_DIR = /Applications/Xcode.app/Contents/Developer/Applications
               DEVELOPER_BIN_DIR = /Applications/Xcode.app/Contents/Developer/usr/bin
               DEVELOPER_DIR = /Applications/Xcode.app/Contents/Developer
               DEVELOPER_FRAMEWORKS_DIR = /Applications/Xcode.app/Contents/Developer/Library/Frameworks
               DEVELOPER_FRAMEWORKS_DIR_QUOTED = /Applications/Xcode.app/Contents/Developer/Library/Frameworks
               DEVELOPER_LIBRARY_DIR = /Applications/Xcode.app/Contents/Developer/Library
               DEVELOPER_SDK_DIR = /Applications/Xcode.app/Contents/Developer/Platforms/MacOSX.platform/Developer/SDKs
               DEVELOPER_TOOLS_DIR = /Applications/Xcode.app/Contents/Developer/Tools
               DEVELOPER_USR_DIR = /Applications/Xcode.app/Contents/Developer/usr
               DEVELOPMENT_LANGUAGE = en
               DIAGNOSE_MISSING_TARGET_DEPENDENCIES = YES
               DIFF = /usr/bin/diff
               DOCUMENTATION_FOLDER_PATH = FirebaseAuth.framework/en.lproj/Documentation
               DONT_GENERATE_INFOPLIST_FILE = NO
               DSTROOT = /tmp/Pods.dst
               DT_TOOLCHAIN_DIR = /Applications/Xcode.app/Contents/Developer/Toolchains/XcodeDefault.xctoolchain
               DWARF_DSYM_FILE_NAME = FirebaseAuth.framework.dSYM
               DWARF_DSYM_FILE_SHOULD_ACCOMPANY_PRODUCT = NO
               DWARF_DSYM_FOLDER_PATH = /Users/otislewis/arena/build/ios/Release-iphonesimulator/FirebaseAuth
               DYLIB_COMPATIBILITY_VERSION = 1
               DYLIB_CURRENT_VERSION = 1
               DYLIB_INSTALL_NAME_BASE = @rpath
               DYNAMIC_LIBRARY_EXTENSION = dylib
               EAGER_COMPILATION_ALLOW_SCRIPTS = NO
               EAGER_LINKING = NO
               EFFECTIVE_PLATFORM_NAME = -iphonesimulator
               EMBEDDED_CONTENT_CONTAINS_SWIFT = NO
               EMBED_ASSET_PACKS_IN_PRODUCT_BUNDLE = NO
               ENABLE_APP_SANDBOX = NO
               ENABLE_BITCODE = NO
               ENABLE_CODE_COVERAGE = YES
               ENABLE_DEFAULT_HEADER_SEARCH_PATHS = YES
               ENABLE_DEFAULT_SEARCH_PATHS = YES
               ENABLE_HARDENED_RUNTIME = NO
               ENABLE_HEADER_DEPENDENCIES = YES
               ENABLE_INCOMING_NETWORK_CONNECTIONS = NO
               ENABLE_MODULE_VERIFIER = NO
               ENABLE_NS_ASSERTIONS = NO
               ENABLE_ON_DEMAND_RESOURCES = NO
               ENABLE_OUTGOING_NETWORK_CONNECTIONS = NO
               ENABLE_RESOURCE_ACCESS_AUDIO_INPUT = NO
               ENABLE_RESOURCE_ACCESS_BLUETOOTH = NO
               ENABLE_RESOURCE_ACCESS_CALENDARS = NO
               ENABLE_RESOURCE_ACCESS_CAMERA = NO
               ENABLE_RESOURCE_ACCESS_CONTACTS = NO
               ENABLE_RESOURCE_ACCESS_LOCATION = NO
               ENABLE_RESOURCE_ACCESS_PRINTING = NO
               ENABLE_RESOURCE_ACCESS_USB = NO
               ENABLE_SDK_IMPORTS = NO
               ENABLE_STRICT_OBJC_MSGSEND = YES
               ENABLE_TESTABILITY = NO
               ENABLE_TESTING_SEARCH_PATHS = NO
               ENABLE_USER_SCRIPT_SANDBOXING = NO
               ENFORCE_VALID_ARCHS = YES
               ENTITLEMENTS_DESTINATION = __entitlements
               ENTITLEMENTS_REQUIRED = NO
               EXCLUDED_ARCHS = arm64
               EXCLUDED_INSTALLSRC_SUBDIRECTORY_PATTERNS = .DS_Store .svn .git .hg CVS
               EXCLUDED_RECURSIVE_SEARCH_PATH_SUBDIRECTORIES = *.nib *.lproj *.framework *.gch *.xcode* *.xcassets (*) .DS_Store CVS .svn .git .hg *.pbproj *.pbxproj
               EXECUTABLES_FOLDER_PATH = FirebaseAuth.framework/en.lproj
               EXECUTABLE_FOLDER_PATH = FirebaseAuth.framework
               EXECUTABLE_FOLDER_PATH_SHALLOW_BUNDLE_NO = FirebaseAuth.framework
               EXECUTABLE_FOLDER_PATH_SHALLOW_BUNDLE_YES = FirebaseAuth.framework
               EXECUTABLE_NAME = FirebaseAuth
               EXECUTABLE_PATH = FirebaseAuth.framework/FirebaseAuth
               EXTENSIONS_FOLDER_PATH = FirebaseAuth.framework/Extensions
               FILE_LIST = /Users/otislewis/arena/build/ios/Pods.build/Release-iphonesimulator/FirebaseAuth.build/Objects/LinkFileList
               FIXED_FILES_DIR = /Users/otislewis/arena/build/ios/Pods.build/Release-iphonesimulator/FirebaseAuth.build/FixedFiles
               FRAMEWORKS_FOLDER_PATH = FirebaseAuth.framework/Frameworks
               FRAMEWORK_FLAG_PREFIX = -framework
               FRAMEWORK_SEARCH_PATHS = /Users/otislewis/arena/build/ios/Release-iphonesimulator/FirebaseAuth  "/Users/otislewis/arena/build/ios/Release-iphonesimulator/FirebaseAppCheckInterop" "/Users/otislewis/arena/build/ios/Release-iphonesimulator/FirebaseCore" "/Users/otislewis/arena/build/ios/Release-iphonesimulator/FirebaseCoreInternal" "/Users/otislewis/arena/build/ios/Release-iphonesimulator/GTMSessionFetcher" "/Users/otislewis/arena/build/ios/Release-iphonesimulator/GoogleUtilities" "/Users/otislewis/arena/build/ios/Release-iphonesimulator/PromisesObjC" "/Users/otislewis/arena/build/ios/Release-iphonesimulator/RecaptchaInterop"
               FRAMEWORK_VERSION = A
               FULL_PRODUCT_NAME = FirebaseAuth.framework
               FUSE_BUILD_PHASES = YES
               FUSE_BUILD_SCRIPT_PHASES = NO
               GCC3_VERSION = 3.3
               GCC_C_LANGUAGE_STANDARD = c99
               GCC_INLINES_ARE_PRIVATE_EXTERN = YES
               GCC_NO_COMMON_BLOCKS = YES
               GCC_OBJC_LEGACY_DISPATCH = YES
               GCC_PFE_FILE_C_DIALECTS = c objective-c c++ objective-c++
               GCC_PREPROCESSOR_DEFINITIONS = POD_CONFIGURATION_RELEASE=1  COCOAPODS=1
               GCC_TREAT_WARNINGS_AS_ERRORS = NO
               GCC_VERSION = com.apple.compilers.llvm.clang.1_0
               GCC_VERSION_IDENTIFIER = com_apple_compilers_llvm_clang_1_0
               GCC_WARN_64_TO_32_BIT_CONVERSION = YES
               GCC_WARN_ABOUT_RETURN_TYPE = YES_ERROR
               GCC_WARN_UNDECLARED_SELECTOR = YES
               GCC_WARN_UNINITIALIZED_AUTOS = YES_AGGRESSIVE
               GCC_WARN_UNUSED_FUNCTION = YES
               GCC_WARN_UNUSED_VARIABLE = YES
               GENERATED_MODULEMAP_DIR = /Users/otislewis/arena/build/ios/GeneratedModuleMaps-iphonesimulator
               GENERATE_INFOPLIST_FILE = NO
               GENERATE_INTERMEDIATE_TEXT_BASED_STUBS = YES
               GENERATE_MASTER_OBJECT_FILE = NO
               GENERATE_PKGINFO_FILE = NO
               GENERATE_PROFILING_CODE = NO
               GENERATE_TEXT_BASED_STUBS = NO
               GID = 20
               GROUP = staff
               HEADERMAP_INCLUDES_FLAT_ENTRIES_FOR_TARGET_BEING_BUILT = YES
               HEADERMAP_INCLUDES_FRAMEWORK_ENTRIES_FOR_ALL_PRODUCT_TYPES = YES
               HEADERMAP_INCLUDES_FRAMEWORK_ENTRIES_FOR_TARGETS_NOT_BEING_BUILT = YES
               HEADERMAP_INCLUDES_NONPUBLIC_NONPRIVATE_HEADERS = YES
               HEADERMAP_INCLUDES_PROJECT_HEADERS = YES
               HEADERMAP_USES_FRAMEWORK_PREFIX_ENTRIES = YES
               HEADERMAP_USES_VFS = YES
               HEADER_SEARCH_PATHS = /Users/otislewis/arena/build/ios/Release-iphonesimulator/FirebaseAuth/include  "/Users/otislewis/arena/ios/Pods/FirebaseAuth"
               HIDE_BITCODE_SYMBOLS = YES
               HOME = /Users/otislewis
               HOST_ARCH = arm64
               HOST_PLATFORM = macosx
               ICONV = /usr/bin/iconv
               IMPLICIT_DEPENDENCY_DOMAIN = default
               INFOPLIST_ENABLE_CFBUNDLEICONS_MERGE = YES
               INFOPLIST_EXPAND_BUILD_SETTINGS = YES
               INFOPLIST_FILE = Target Support Files/FirebaseAuth/FirebaseAuth-Info.plist
               INFOPLIST_OUTPUT_FORMAT = binary
               INFOPLIST_PATH = FirebaseAuth.framework/Info.plist
               INFOPLIST_PREPROCESS = NO
               INFOSTRINGS_PATH = FirebaseAuth.framework/en.lproj/InfoPlist.strings
               INLINE_PRIVATE_FRAMEWORKS = NO
               INSTALLAPI_IGNORE_SKIP_INSTALL = YES
               INSTALLHDRS_COPY_PHASE = NO
               INSTALLHDRS_SCRIPT_PHASE = NO
               INSTALL_DIR = /tmp/Pods.dst/Library/Frameworks
               INSTALL_GROUP = staff
               INSTALL_MODE_FLAG = u+w,go-w,a+rX
               INSTALL_OWNER = otislewis
               INSTALL_PATH = /Library/Frameworks
               INSTALL_ROOT = /tmp/Pods.dst
               IPHONEOS_DEPLOYMENT_TARGET = 13.0
               IS_UNOPTIMIZED_BUILD = NO
               JAVAC_DEFAULT_FLAGS = -J-Xms64m -J-XX:NewSize=4M -J-Dfile.encoding=UTF8
               JAVA_APP_STUB = /System/Library/Frameworks/JavaVM.framework/Resources/MacOS/JavaApplicationStub
               JAVA_ARCHIVE_CLASSES = YES
               JAVA_ARCHIVE_TYPE = JAR
               JAVA_COMPILER = /usr/bin/javac
               JAVA_FOLDER_PATH = FirebaseAuth.framework/Java
               JAVA_FRAMEWORK_RESOURCES_DIRS = Resources
               JAVA_JAR_FLAGS = cv
               JAVA_SOURCE_SUBDIR = .
               JAVA_USE_DEPENDENCIES = YES
               JAVA_ZIP_FLAGS = -urg
               JIKES_DEFAULT_FLAGS = +E +OLDCSO
               KEEP_PRIVATE_EXTERNS = NO
               LD_DEPENDENCY_INFO_FILE = /Users/otislewis/arena/build/ios/Pods.build/Release-iphonesimulator/FirebaseAuth.build/Objects-normal/undefined_arch/FirebaseAuth_dependency_info.dat
               LD_DYLIB_INSTALL_NAME = @rpath/FirebaseAuth.framework/FirebaseAuth
               LD_EXPORT_SYMBOLS = YES
               LD_GENERATE_MAP_FILE = NO
               LD_MAP_FILE_PATH = /Users/otislewis/arena/build/ios/Pods.build/Release-iphonesimulator/FirebaseAuth.build/FirebaseAuth-LinkMap-normal-undefined_arch.txt
               LD_NO_PIE = NO
               LD_QUOTE_LINKER_ARGUMENTS_FOR_COMPILER_DRIVER = YES
               LD_RUNPATH_SEARCH_PATHS =  @executable_path/Frameworks @loader_path/Frameworks
               LD_SHARED_CACHE_ELIGIBLE = Automatic
               LD_WARN_DUPLICATE_LIBRARIES = NO
               LD_WARN_UNUSED_DYLIBS = NO
               LEGACY_DEVELOPER_DIR = /Applications/Xcode.app/Contents/PlugIns/Xcode3Core.ideplugin/Contents/SharedSupport/Developer
               LEX = lex
               LIBRARY_DEXT_INSTALL_PATH = /Library/DriverExtensions
               LIBRARY_FLAG_NOSPACE = YES
               LIBRARY_FLAG_PREFIX = -l
               LIBRARY_KEXT_INSTALL_PATH = /Library/Extensions
               LIBRARY_SEARCH_PATHS = /Users/otislewis/arena/build/ios/Release-iphonesimulator/FirebaseAuth 
               LINKER_DISPLAYS_MANGLED_NAMES = NO
               LINK_OBJC_RUNTIME = YES
               LINK_WITH_STANDARD_LIBRARIES = YES
               LLVM_TARGET_TRIPLE_OS_VERSION = ios13.0
               LLVM_TARGET_TRIPLE_SUFFIX = -simulator
               LLVM_TARGET_TRIPLE_VENDOR = apple
               LOCALIZATION_EXPORT_SUPPORTED = YES
               LOCALIZATION_PREFERS_STRING_CATALOGS = NO
               LOCALIZED_RESOURCES_FOLDER_PATH = FirebaseAuth.framework/en.lproj
               LOCALIZED_STRING_MACRO_NAMES = NSLocalizedString CFCopyLocalizedString
               LOCALIZED_STRING_SWIFTUI_SUPPORT = YES
               LOCAL_ADMIN_APPS_DIR = /Applications/Utilities
               LOCAL_APPS_DIR = /Applications
               LOCAL_DEVELOPER_DIR = /Library/Developer
               LOCAL_LIBRARY_DIR = /Library
               LOCROOT = /Users/otislewis/arena/ios/Pods
               LOCSYMROOT = /Users/otislewis/arena/ios/Pods
               MACH_O_TYPE = mh_dylib
               MAC_OS_X_PRODUCT_BUILD_VERSION = 24F74
               MAC_OS_X_VERSION_ACTUAL = 150500
               MAC_OS_X_VERSION_MAJOR = 150000
               MAC_OS_X_VERSION_MINOR = 150500
               MAKE_MERGEABLE = NO
               MERGEABLE_LIBRARY = NO
               MERGED_BINARY_TYPE = none
               MERGE_LINKED_LIBRARIES = NO
               METAL_LIBRARY_FILE_BASE = default
               METAL_LIBRARY_OUTPUT_DIR = /Users/otislewis/arena/build/ios/Release-iphonesimulator/FirebaseAuth/FirebaseAuth.framework
               MODULEMAP_FILE = Target Support Files/FirebaseAuth/FirebaseAuth.modulemap
               MODULES_FOLDER_PATH = FirebaseAuth.framework/Modules
               MTL_ENABLE_DEBUG_INFO = NO
               MTL_FAST_MATH = YES
               NATIVE_ARCH = arm64
               NATIVE_ARCH_32_BIT = arm
               NATIVE_ARCH_64_BIT = arm64
               NATIVE_ARCH_ACTUAL = arm64
               NO_COMMON = YES
               OBJC_ABI_VERSION = 2
               OBJECT_FILE_DIR = /Users/otislewis/arena/build/ios/Pods.build/Release-iphonesimulator/FirebaseAuth.build/Objects
               OBJECT_FILE_DIR_normal = /Users/otislewis/arena/build/ios/Pods.build/Release-iphonesimulator/FirebaseAuth.build/Objects-normal
               OBJROOT = /Users/otislewis/arena/build/ios
               ONLY_ACTIVE_ARCH = NO
               OS = MACOS
               OSAC = /usr/bin/osacompile
               OTHER_LDFLAGS =  -framework "FirebaseAppCheckInterop" -framework "FirebaseCore" -framework "Foundation" -framework "GTMSessionFetcher" -framework "GoogleUtilities" -framework "RecaptchaInterop" -framework "SafariServices" -framework "Security" -framework "SystemConfiguration" -framework "UIKit"
               PACKAGE_TYPE = com.apple.package-type.wrapper.framework
               PASCAL_STRINGS = YES
               PATH = /Applications/Xcode.app/Contents/SharedFrameworks/SwiftBuild.framework/Versions/A/PlugIns/SWBBuildService.bundle/Contents/PlugIns/SWBUniversalPlatformPlugin.bundle/Contents/Frameworks/SWBUniversalPlatform.framework/Resources:/Applications/Xcode.app/Contents/Developer/Toolchains/XcodeDefault.xctoolchain/usr/bin:/Applications/Xcode.app/Contents/Developer/Toolchains/XcodeDefault.xctoolchain/usr/local/bin:/Applications/Xcode.app/Contents/Developer/Toolchains/XcodeDefault.xctoolchain/usr/libexec:/Applications/Xcode.app/Contents/Developer/Platforms/iPhoneSimulator.platform/usr/bin:/Applications/Xcode.app/Contents/Developer/Platforms/iPhoneSimulator.platform/usr/local/bin:/Applications/Xcode.app/Contents/Developer/Platforms/iPhoneSimulator.platform/Developer/usr/bin:/Applications/Xcode.app/Contents/Developer/Platforms/iPhoneSimulator.platform/Developer/usr/local/bin:/Applications/Xcode.app/Contents/Developer/usr/bin:/Applications/Xcode.app/Contents/Developer/usr/local/bin:/Users/otislewis/.gem/ruby/3.3.0/bin:/opt/homebrew/bin:/opt/homebrew/sbin:/usr/local/bin:/System/Cryptexes/App/usr/bin:/usr/bin:/bin:/usr/sbin:/sbin:/var/run/com.apple.security.cryptexd/codex.system/bootstrap/usr/local/bin:/var/run/com.apple.security.cryptexd/codex.system/bootstrap/usr/bin:/var/run/com.apple.security.cryptexd/codex.system/bootstrap/usr/appleinternal/bin:/Library/Apple/usr/bin:/opt/homebrew/Caskroom/flutter/3.32.0/flutter/bin:/Users/otislewis/Library/Android/sdk/emulator:/Users/otislewis/Library/Android/sdk/tools:/Users/otislewis/Library/Android/sdk/tools/bin:/Users/otislewis/Library/Android/sdk/platform-tools:/opt/homebrew/Caskroom/flutter/3.32.0/flutter/bin/cache/dart-sdk/bin
               PATH_PREFIXES_EXCLUDED_FROM_HEADER_DEPENDENCIES = /usr/include /usr/local/include /System/Library/Frameworks /System/Library/PrivateFrameworks /Applications/Xcode.app/Contents/Developer/Headers /Applications/Xcode.app/Contents/Developer/SDKs /Applications/Xcode.app/Contents/Developer/Platforms
               PBDEVELOPMENTPLIST_PATH = FirebaseAuth.framework/pbdevelopment.plist
               PER_ARCH_MODULE_FILE_DIR = /Users/otislewis/arena/build/ios/Pods.build/Release-iphonesimulator/FirebaseAuth.build/Objects-normal/undefined_arch
               PER_ARCH_OBJECT_FILE_DIR = /Users/otislewis/arena/build/ios/Pods.build/Release-iphonesimulator/FirebaseAuth.build/Objects-normal/undefined_arch
               PER_VARIANT_OBJECT_FILE_DIR = /Users/otislewis/arena/build/ios/Pods.build/Release-iphonesimulator/FirebaseAuth.build/Objects-normal
               PKGINFO_FILE_PATH = /Users/otislewis/arena/build/ios/Pods.build/Release-iphonesimulator/FirebaseAuth.build/PkgInfo
               PKGINFO_PATH = FirebaseAuth.framework/PkgInfo
               PLATFORM_DEVELOPER_APPLICATIONS_DIR = /Applications/Xcode.app/Contents/Developer/Platforms/iPhoneSimulator.platform/Developer/Applications
               PLATFORM_DEVELOPER_BIN_DIR = /Applications/Xcode.app/Contents/Developer/Platforms/iPhoneSimulator.platform/Developer/usr/bin
               PLATFORM_DEVELOPER_LIBRARY_DIR = /Applications/Xcode.app/Contents/Developer/Platforms/iPhoneSimulator.platform/Developer/Library
               PLATFORM_DEVELOPER_SDK_DIR = /Applications/Xcode.app/Contents/Developer/Platforms/iPhoneSimulator.platform/Developer/SDKs
               PLATFORM_DEVELOPER_TOOLS_DIR = /Applications/Xcode.app/Contents/Developer/Platforms/iPhoneSimulator.platform/Developer/Tools
               PLATFORM_DEVELOPER_USR_DIR = /Applications/Xcode.app/Contents/Developer/Platforms/iPhoneSimulator.platform/Developer/usr
               PLATFORM_DIR = /Applications/Xcode.app/Contents/Developer/Platforms/iPhoneSimulator.platform
               PLATFORM_DISPLAY_NAME = iOS Simulator
               PLATFORM_FAMILY_NAME = iOS
               PLATFORM_NAME = iphonesimulator
               PLATFORM_PREFERRED_ARCH = x86_64
               PLATFORM_PRODUCT_BUILD_VERSION = 22E235
               PLATFORM_REQUIRES_SWIFT_AUTOLINK_EXTRACT = NO
               PLATFORM_REQUIRES_SWIFT_MODULEWRAP = NO
               PLIST_FILE_OUTPUT_FORMAT = binary
               PLUGINS_FOLDER_PATH = FirebaseAuth.framework/PlugIns
               PODS_BUILD_DIR = /Users/otislewis/arena/build/ios
               PODS_CONFIGURATION_BUILD_DIR = /Users/otislewis/arena/build/ios/Release-iphonesimulator
               PODS_DEVELOPMENT_LANGUAGE = en
               PODS_ROOT = /Users/otislewis/arena/ios/Pods
               PODS_TARGET_SRCROOT = /Users/otislewis/arena/ios/Pods/FirebaseAuth
               PODS_XCFRAMEWORKS_BUILD_DIR = /Users/otislewis/arena/build/ios/Release-iphonesimulator/XCFrameworkIntermediates
               PRECOMPS_INCLUDE_HEADERS_FROM_BUILT_PRODUCTS_DIR = YES
               PRECOMP_DESTINATION_DIR = /Users/otislewis/arena/build/ios/Pods.build/Release-iphonesimulator/FirebaseAuth.build/PrefixHeaders
               PRIVATE_HEADERS_FOLDER_PATH = FirebaseAuth.framework/PrivateHeaders
               PROCESSED_INFOPLIST_PATH = /Users/otislewis/arena/build/ios/Pods.build/Release-iphonesimulator/FirebaseAuth.build/Objects-normal/undefined_arch/Processed-Info.plist
               PRODUCT_BUNDLE_IDENTIFIER = org.cocoapods.FirebaseAuth
               PRODUCT_BUNDLE_PACKAGE_TYPE = FMWK
               PRODUCT_MODULE_NAME = FirebaseAuth
               PRODUCT_NAME = FirebaseAuth
               PRODUCT_SETTINGS_PATH = /Users/otislewis/arena/ios/Pods/Target Support Files/FirebaseAuth/FirebaseAuth-Info.plist
               PRODUCT_TYPE = com.apple.product-type.framework
               PROFILING_CODE = NO
               PROJECT = Pods
               PROJECT_DERIVED_FILE_DIR = /Users/otislewis/arena/build/ios/Pods.build/DerivedSources
               PROJECT_DIR = /Users/otislewis/arena/ios/Pods
               PROJECT_FILE_PATH = /Users/otislewis/arena/ios/Pods/Pods.xcodeproj
               PROJECT_GUID = bfdfe7dc352907fc980b868725387e98
               PROJECT_NAME = Pods
               PROJECT_TEMP_DIR = /Users/otislewis/arena/build/ios/Pods.build
               PROJECT_TEMP_ROOT = /Users/otislewis/arena/build/ios
               PUBLIC_HEADERS_FOLDER_PATH = FirebaseAuth.framework/Headers
               RECOMMENDED_IPHONEOS_DEPLOYMENT_TARGET = 15.0
               RECURSIVE_SEARCH_PATHS_FOLLOW_SYMLINKS = YES
               REMOVE_CVS_FROM_RESOURCES = YES
               REMOVE_GIT_FROM_RESOURCES = YES
               REMOVE_HEADERS_FROM_EMBEDDED_BUNDLES = YES
               REMOVE_HG_FROM_RESOURCES = YES
               REMOVE_STATIC_EXECUTABLES_FROM_EMBEDDED_BUNDLES = YES
               REMOVE_SVN_FROM_RESOURCES = YES
               RESCHEDULE_INDEPENDENT_HEADERS_PHASES = YES
               REZ_COLLECTOR_DIR = /Users/otislewis/arena/build/ios/Pods.build/Release-iphonesimulator/FirebaseAuth.build/ResourceManagerResources
               REZ_OBJECTS_DIR = /Users/otislewis/arena/build/ios/Pods.build/Release-iphonesimulator/FirebaseAuth.build/ResourceManagerResources/Objects
               REZ_SEARCH_PATHS = /Users/otislewis/arena/build/ios/Release-iphonesimulator/FirebaseAuth 
               SCAN_ALL_SOURCE_FILES_FOR_INCLUDES = NO
               SCRIPTS_FOLDER_PATH = FirebaseAuth.framework/Scripts
               SDKROOT = /Applications/Xcode.app/Contents/Developer/Platforms/iPhoneSimulator.platform/Developer/SDKs/iPhoneSimulator18.4.sdk
               SDK_DIR = /Applications/Xcode.app/Contents/Developer/Platforms/iPhoneSimulator.platform/Developer/SDKs/iPhoneSimulator18.4.sdk
               SDK_DIR_iphonesimulator = /Applications/Xcode.app/Contents/Developer/Platforms/iPhoneSimulator.platform/Developer/SDKs/iPhoneSimulator18.4.sdk
               SDK_DIR_iphonesimulator18_4 = /Applications/Xcode.app/Contents/Developer/Platforms/iPhoneSimulator.platform/Developer/SDKs/iPhoneSimulator18.4.sdk
               SDK_NAME = iphonesimulator18.4
               SDK_NAMES = iphonesimulator18.4
               SDK_PRODUCT_BUILD_VERSION = 22E235
               SDK_STAT_CACHE_DIR = /var/folders/4y/xy3fflts0nqfk1tsxg0t3mmr0000gn/C/com.apple.DeveloperTools/16.3-16E140/Xcode
               SDK_STAT_CACHE_ENABLE = YES
               SDK_STAT_CACHE_PATH = /var/folders/4y/xy3fflts0nqfk1tsxg0t3mmr0000gn/C/com.apple.DeveloperTools/16.3-16E140/Xcode/SDKStatCaches.noindex/iphonesimulator18.4-22E235-71825a6d136aa4733edcbe86ece5525b.sdkstatcache
               SDK_VERSION = 18.4
               SDK_VERSION_ACTUAL = 180400
               SDK_VERSION_MAJOR = 180000
               SDK_VERSION_MINOR = 180400
               SED = /usr/bin/sed
               SEPARATE_STRIP = NO
               SEPARATE_SYMBOL_EDIT = NO
               SET_DIR_MODE_OWNER_GROUP = YES
               SET_FILE_MODE_OWNER_GROUP = NO
               SHALLOW_BUNDLE = YES
               SHALLOW_BUNDLE_TRIPLE = ios-simulator
               SHALLOW_BUNDLE_ios_macabi = NO
               SHALLOW_BUNDLE_macos = NO
               SHARED_DERIVED_FILE_DIR = /Users/otislewis/arena/build/ios/Release-iphonesimulator/FirebaseAuth/DerivedSources
               SHARED_FRAMEWORKS_FOLDER_PATH = FirebaseAuth.framework/SharedFrameworks
               SHARED_PRECOMPS_DIR = /Users/otislewis/arena/build/ios/SharedPrecompiledHeaders
               SHARED_SUPPORT_FOLDER_PATH = FirebaseAuth.framework
               SKIP_INSTALL = YES
               SOURCE_ROOT = /Users/otislewis/arena/ios/Pods
               SRCROOT = /Users/otislewis/arena/ios/Pods
               STRINGSDATA_DIR = /Users/otislewis/arena/build/ios/Pods.build/Release-iphonesimulator/FirebaseAuth.build/Objects-normal/undefined_arch
               STRINGSDATA_ROOT = /Users/otislewis/arena/build/ios/Pods.build/Release-iphonesimulator/FirebaseAuth.build
               STRINGS_FILE_INFOPLIST_RENAME = YES
               STRINGS_FILE_OUTPUT_ENCODING = binary
               STRIP_BITCODE_FROM_COPIED_FILES = NO
               STRIP_INSTALLED_PRODUCT = NO
               STRIP_STYLE = debugging
               STRIP_SWIFT_SYMBOLS = YES
               SUPPORTED_DEVICE_FAMILIES = 1,2
               SUPPORTED_PLATFORMS = iphoneos iphonesimulator
               SUPPORTS_TEXT_BASED_API = NO
               SUPPRESS_WARNINGS = NO
               SWIFT_ACTIVE_COMPILATION_CONDITIONS =  
               SWIFT_COMPILATION_MODE = wholemodule
               SWIFT_EMIT_LOC_STRINGS = NO
               SWIFT_INSTALL_MODULE_FOR_DEPLOYMENT = YES
               SWIFT_INSTALL_OBJC_HEADER = YES
               SWIFT_OPTIMIZATION_LEVEL = -O
               SWIFT_PLATFORM_TARGET_PREFIX = ios
               SWIFT_VERSION = 5.3
               SYMROOT = /Users/otislewis/arena/ios/build
               SYSTEM_ADMIN_APPS_DIR = /Applications/Utilities
               SYSTEM_APPS_DIR = /Applications
               SYSTEM_CORE_SERVICES_DIR = /System/Library/CoreServices
               SYSTEM_DEMOS_DIR = /Applications/Extras
               SYSTEM_DEVELOPER_APPS_DIR = /Applications/Xcode.app/Contents/Developer/Applications
               SYSTEM_DEVELOPER_BIN_DIR = /Applications/Xcode.app/Contents/Developer/usr/bin
               SYSTEM_DEVELOPER_DEMOS_DIR = /Applications/Xcode.app/Contents/Developer/Applications/Utilities/Built Examples
               SYSTEM_DEVELOPER_DIR = /Applications/Xcode.app/Contents/Developer
               SYSTEM_DEVELOPER_DOC_DIR = /Applications/Xcode.app/Contents/Developer/ADC Reference Library
               SYSTEM_DEVELOPER_GRAPHICS_TOOLS_DIR = /Applications/Xcode.app/Contents/Developer/Applications/Graphics Tools
               SYSTEM_DEVELOPER_JAVA_TOOLS_DIR = /Applications/Xcode.app/Contents/Developer/Applications/Java Tools
               SYSTEM_DEVELOPER_PERFORMANCE_TOOLS_DIR = /Applications/Xcode.app/Contents/Developer/Applications/Performance Tools
               SYSTEM_DEVELOPER_RELEASENOTES_DIR = /Applications/Xcode.app/Contents/Developer/ADC Reference Library/releasenotes
               SYSTEM_DEVELOPER_TOOLS = /Applications/Xcode.app/Contents/Developer/Tools
               SYSTEM_DEVELOPER_TOOLS_DOC_DIR = /Applications/Xcode.app/Contents/Developer/ADC Reference Library/documentation/DeveloperTools
               SYSTEM_DEVELOPER_TOOLS_RELEASENOTES_DIR = /Applications/Xcode.app/Contents/Developer/ADC Reference Library/releasenotes/DeveloperTools
               SYSTEM_DEVELOPER_USR_DIR = /Applications/Xcode.app/Contents/Developer/usr
               SYSTEM_DEVELOPER_UTILITIES_DIR = /Applications/Xcode.app/Contents/Developer/Applications/Utilities
               SYSTEM_DEXT_INSTALL_PATH = /System/Library/DriverExtensions
               SYSTEM_DOCUMENTATION_DIR = /Library/Documentation
               SYSTEM_EXTENSIONS_FOLDER_PATH = FirebaseAuth.framework/SystemExtensions
               SYSTEM_EXTENSIONS_FOLDER_PATH_SHALLOW_BUNDLE_NO = FirebaseAuth.framework/Library/SystemExtensions
               SYSTEM_EXTENSIONS_FOLDER_PATH_SHALLOW_BUNDLE_YES = FirebaseAuth.framework/SystemExtensions
               SYSTEM_KEXT_INSTALL_PATH = /System/Library/Extensions
               SYSTEM_LIBRARY_DIR = /System/Library
               TAPI_DEMANGLE = YES
               TAPI_ENABLE_PROJECT_HEADERS = NO
               TAPI_LANGUAGE = objective-c
               TAPI_LANGUAGE_STANDARD = compiler-default
               TAPI_USE_SRCROOT = YES
               TAPI_VERIFY_MODE = Pedantic
               TARGETED_DEVICE_FAMILY = 1,2
               TARGETNAME = FirebaseAuth
               TARGET_BUILD_DIR = /Users/otislewis/arena/build/ios/Release-iphonesimulator/FirebaseAuth
               TARGET_NAME = FirebaseAuth
               TARGET_TEMP_DIR = /Users/otislewis/arena/build/ios/Pods.build/Release-iphonesimulator/FirebaseAuth.build
               TEMP_DIR = /Users/otislewis/arena/build/ios/Pods.build/Release-iphonesimulator/FirebaseAuth.build
               TEMP_FILES_DIR = /Users/otislewis/arena/build/ios/Pods.build/Release-iphonesimulator/FirebaseAuth.build
               TEMP_FILE_DIR = /Users/otislewis/arena/build/ios/Pods.build/Release-iphonesimulator/FirebaseAuth.build
               TEMP_ROOT = /Users/otislewis/arena/build/ios
               TEMP_SANDBOX_DIR = /Users/otislewis/arena/build/ios/TemporaryTaskSandboxes
               TEST_FRAMEWORK_SEARCH_PATHS =  /Applications/Xcode.app/Contents/Developer/Platforms/iPhoneSimulator.platform/Developer/Library/Frameworks /Applications/Xcode.app/Contents/Developer/Platforms/iPhoneSimulator.platform/Developer/SDKs/iPhoneSimulator18.4.sdk/Developer/Library/Frameworks
               TEST_LIBRARY_SEARCH_PATHS =  /Applications/Xcode.app/Contents/Developer/Platforms/iPhoneSimulator.platform/Developer/usr/lib
               TOOLCHAINS = com.apple.dt.toolchain.XcodeDefault
               TOOLCHAIN_DIR = /Applications/Xcode.app/Contents/Developer/Toolchains/XcodeDefault.xctoolchain
               TREAT_MISSING_BASELINES_AS_TEST_FAILURES = NO
               TREAT_MISSING_SCRIPT_PHASE_OUTPUTS_AS_ERRORS = NO
               UID = 501
               UNINSTALLED_PRODUCTS_DIR = /Users/otislewis/arena/build/ios/UninstalledProducts
               UNLOCALIZED_RESOURCES_FOLDER_PATH = FirebaseAuth.framework
               UNLOCALIZED_RESOURCES_FOLDER_PATH_SHALLOW_BUNDLE_NO = FirebaseAuth.framework/Resources
               UNLOCALIZED_RESOURCES_FOLDER_PATH_SHALLOW_BUNDLE_YES = FirebaseAuth.framework
               UNSTRIPPED_PRODUCT = NO
               USER = otislewis
               USER_APPS_DIR = /Users/otislewis/Applications
               USER_LIBRARY_DIR = /Users/otislewis/Library
               USE_DYNAMIC_NO_PIC = YES
               USE_HEADERMAP = YES
               USE_HEADER_SYMLINKS = NO
               USE_RECURSIVE_SCRIPT_INPUTS_IN_SCRIPT_PHASES = YES
               VALIDATE_DEVELOPMENT_ASSET_PATHS = YES_ERROR
               VALIDATE_PRODUCT = YES
               VALID_ARCHS = arm64
               VERBOSE_PBXCP = NO
               VERSIONING_SYSTEM = apple-generic
               VERSIONPLIST_PATH = FirebaseAuth.framework/version.plist
               VERSIONS_FOLDER_PATH = FirebaseAuth.framework
               VERSIONS_FOLDER_PATH_SHALLOW_BUNDLE_NO = FirebaseAuth.framework/Versions
               VERSIONS_FOLDER_PATH_SHALLOW_BUNDLE_YES = FirebaseAuth.framework
               VERSION_INFO_BUILDER = otislewis
               VERSION_INFO_FILE = FirebaseAuth_vers.c
               VERSION_INFO_STRING = "@(#)PROGRAM:FirebaseAuth  PROJECT:Pods-1"
               WORKSPACE_DIR = /Users/otislewis/arena/ios/Pods/Pods.xcodeproj
               WRAPPER_EXTENSION = framework
               WRAPPER_NAME = FirebaseAuth.framework
               WRAPPER_SUFFIX = .framework
               WRAP_ASSET_PACKS_IN_SEPARATE_DIRECTORIES = NO
               XCODE_APP_SUPPORT_DIR = /Applications/Xcode.app/Contents/Developer/Library/Xcode
               XCODE_PRODUCT_BUILD_VERSION = 16E140
               XCODE_VERSION_ACTUAL = 1630
               XCODE_VERSION_MAJOR = 1600
               XCODE_VERSION_MINOR = 1630
               XPCSERVICES_FOLDER_PATH = FirebaseAuth.framework/XPCServices
               YACC = yacc
               _DISCOVER_COMMAND_LINE_LINKER_INPUTS = YES
               _DISCOVER_COMMAND_LINE_LINKER_INPUTS_INCLUDE_WL = YES
               _WRAPPER_CONTENTS_DIR_SHALLOW_BUNDLE_NO = /Contents
               _WRAPPER_PARENT_PATH_SHALLOW_BUNDLE_NO = /..
               _WRAPPER_RESOURCES_DIR_SHALLOW_BUNDLE_NO = /Resources
               __DIAGNOSE_DEPRECATED_ARCHS = YES
               arch = undefined_arch
               variant = normal

           Build settings for action build and target FirebaseAuth-FirebaseAuth_Privacy:
               ACTION = build
               AD_HOC_CODE_SIGNING_ALLOWED = YES
               ALLOW_BUILD_REQUEST_OVERRIDES = NO
               ALLOW_TARGET_PLATFORM_SPECIALIZATION = NO
               ALTERNATE_GROUP = staff
               ALTERNATE_MODE = u+w,go-w,a+rX
               ALTERNATE_OWNER = otislewis
               ALTERNATIVE_DISTRIBUTION_WEB = NO
               ALWAYS_EMBED_SWIFT_STANDARD_LIBRARIES = NO
               ALWAYS_SEARCH_USER_PATHS = NO
               ALWAYS_USE_SEPARATE_HEADERMAPS = NO
               APPLICATION_EXTENSION_API_ONLY = NO
               APPLY_RULES_IN_COPY_FILES = NO
               APPLY_RULES_IN_COPY_HEADERS = NO
               APP_SHORTCUTS_ENABLE_FLEXIBLE_MATCHING = YES
               ARCHS_STANDARD = arm64 x86_64
               ARCHS_STANDARD_32_64_BIT = arm64 x86_64
               ARCHS_STANDARD_64_BIT = arm64 x86_64
               ARCHS_STANDARD_INCLUDING_64_BIT = arm64 x86_64
               ARCHS_UNIVERSAL_IPHONE_OS = arm64 x86_64
               AUTOMATICALLY_MERGE_DEPENDENCIES = NO
               AVAILABLE_PLATFORMS = android appletvos appletvsimulator driverkit iphoneos iphonesimulator macosx qnx watchos watchsimulator xros xrsimulator
               BITCODE_GENERATION_MODE = marker
               BUILD_ACTIVE_RESOURCES_ONLY = NO
               BUILD_COMPONENTS = headers build
               BUILD_DIR = /Users/otislewis/arena/build/ios
               BUILD_LIBRARY_FOR_DISTRIBUTION = NO
               BUILD_ROOT = /Users/otislewis/arena/ios/build
               BUILD_STYLE = 
               BUILD_VARIANTS = normal
               BUILT_PRODUCTS_DIR = /Users/otislewis/arena/build/ios/Release-iphonesimulator/FirebaseAuth
               BUNDLE_CONTENTS_FOLDER_PATH_deep = Contents/
               BUNDLE_EXECUTABLE_FOLDER_NAME_deep = MacOS
               BUNDLE_EXTENSIONS_FOLDER_PATH = Extensions
               BUNDLE_FORMAT = shallow
               BUNDLE_FRAMEWORKS_FOLDER_PATH = Frameworks
               BUNDLE_PLUGINS_FOLDER_PATH = PlugIns
               BUNDLE_PRIVATE_HEADERS_FOLDER_PATH = PrivateHeaders
               BUNDLE_PUBLIC_HEADERS_FOLDER_PATH = Headers
               CACHE_ROOT = /var/folders/4y/xy3fflts0nqfk1tsxg0t3mmr0000gn/C/com.apple.DeveloperTools/16.3-16E140/Xcode
               CCHROOT = /var/folders/4y/xy3fflts0nqfk1tsxg0t3mmr0000gn/C/com.apple.DeveloperTools/16.3-16E140/Xcode
               CHMOD = /bin/chmod
               CHOWN = /usr/sbin/chown
               CLANG_ANALYZER_LOCALIZABILITY_NONLOCALIZED = YES
               CLANG_ANALYZER_NONNULL = YES
               CLANG_ANALYZER_NUMBER_OBJECT_CONVERSION = YES_AGGRESSIVE
               CLANG_CACHE_FINE_GRAINED_OUTPUTS = YES
               CLANG_CXX_LANGUAGE_STANDARD = gnu++14
               CLANG_CXX_LIBRARY = libc++
               CLANG_ENABLE_EXPLICIT_MODULES = YES
               CLANG_ENABLE_MODULES = YES
               CLANG_ENABLE_OBJC_ARC = YES
               CLANG_ENABLE_OBJC_WEAK = YES
               CLANG_MODULES_BUILD_SESSION_FILE = /var/folders/4y/xy3fflts0nqfk1tsxg0t3mmr0000gn/C/org.llvm.clang/ModuleCache.noindex/Session.modulevalidation
               CLANG_WARN_BLOCK_CAPTURE_AUTORELEASING = YES
               CLANG_WARN_BOOL_CONVERSION = YES
               CLANG_WARN_COMMA = YES
               CLANG_WARN_CONSTANT_CONVERSION = YES
               CLANG_WARN_DEPRECATED_OBJC_IMPLEMENTATIONS = YES
               CLANG_WARN_DIRECT_OBJC_ISA_USAGE = YES_ERROR
               CLANG_WARN_DOCUMENTATION_COMMENTS = YES
               CLANG_WARN_EMPTY_BODY = YES
               CLANG_WARN_ENUM_CONVERSION = YES
               CLANG_WARN_INFINITE_RECURSION = YES
               CLANG_WARN_INT_CONVERSION = YES
               CLANG_WARN_NON_LITERAL_NULL_CONVERSION = YES
               CLANG_WARN_OBJC_IMPLICIT_RETAIN_SELF = YES
               CLANG_WARN_OBJC_LITERAL_CONVERSION = YES
               CLANG_WARN_OBJC_ROOT_CLASS = YES_ERROR
               CLANG_WARN_QUOTED_INCLUDE_IN_FRAMEWORK_HEADER = NO
               CLANG_WARN_RANGE_LOOP_ANALYSIS = YES
               CLANG_WARN_STRICT_PROTOTYPES = YES
               CLANG_WARN_SUSPICIOUS_MOVE = YES
               CLANG_WARN_UNGUARDED_AVAILABILITY = YES_AGGRESSIVE
               CLANG_WARN_UNREACHABLE_CODE = YES
               CLANG_WARN__DUPLICATE_METHOD_MATCH = YES
               CLASS_FILE_DIR = /Users/otislewis/arena/build/ios/Pods.build/Release-iphonesimulator/FirebaseAuth-FirebaseAuth_Privacy.build/JavaClasses
               CLEAN_PRECOMPS = YES
               CLONE_HEADERS = NO
               CODESIGNING_FOLDER_PATH = /Users/otislewis/arena/build/ios/Release-iphonesimulator/FirebaseAuth/FirebaseAuth_Privacy.bundle
               CODE_SIGNING_ALLOWED = NO
               CODE_SIGNING_IDENTITY = -
               CODE_SIGNING_REQUIRED = NO
               CODE_SIGN_CONTEXT_CLASS = XCiPhoneSimulatorCodeSignContext
               CODE_SIGN_IDENTITY = -
               CODE_SIGN_INJECT_BASE_ENTITLEMENTS = YES
               COLOR_DIAGNOSTICS = NO
               COMBINE_HIDPI_IMAGES = NO
               COMPILATION_CACHE_CAS_PATH = /var/folders/4y/xy3fflts0nqfk1tsxg0t3mmr0000gn/C/com.apple.DeveloperTools/16.3-16E140/Xcode/CompilationCache.noindex
               COMPILATION_CACHE_KEEP_CAS_DIRECTORY = YES
               COMPILER_INDEX_STORE_ENABLE = Default
               COMPOSITE_SDK_DIRS = /Users/otislewis/arena/build/ios/CompositeSDKs
               COMPRESS_PNG_FILES = YES
               CONFIGURATION = Release
               CONFIGURATION_BUILD_DIR = /Users/otislewis/arena/build/ios/Release-iphonesimulator/FirebaseAuth
               CONFIGURATION_TEMP_DIR = /Users/otislewis/arena/build/ios/Pods.build/Release-iphonesimulator
               CONTENTS_FOLDER_PATH = FirebaseAuth_Privacy.bundle
               CONTENTS_FOLDER_PATH_SHALLOW_BUNDLE_NO = FirebaseAuth_Privacy.bundle/Contents
               CONTENTS_FOLDER_PATH_SHALLOW_BUNDLE_YES = FirebaseAuth_Privacy.bundle
               COPYING_PRESERVES_HFS_DATA = NO
               COPY_HEADERS_RUN_UNIFDEF = NO
               COPY_PHASE_STRIP = NO
               CORRESPONDING_DEVICE_PLATFORM_DIR = /Applications/Xcode.app/Contents/Developer/Platforms/iPhoneOS.platform
               CORRESPONDING_DEVICE_PLATFORM_NAME = iphoneos
               CORRESPONDING_DEVICE_SDK_DIR = /Applications/Xcode.app/Contents/Developer/Platforms/iPhoneOS.platform/Developer/SDKs/iPhoneOS18.4.sdk
               CORRESPONDING_DEVICE_SDK_NAME = iphoneos18.4
               CP = /bin/cp
               CREATE_INFOPLIST_SECTION_IN_BINARY = NO
               CURRENT_ARCH = undefined_arch
               CURRENT_VARIANT = normal
               DEAD_CODE_STRIPPING = YES
               DEBUGGING_SYMBOLS = YES
               DEBUG_INFORMATION_FORMAT = dwarf-with-dsym
               DEBUG_INFORMATION_VERSION = compiler-default
               DEFAULT_COMPILER = com.apple.compilers.llvm.clang.1_0
               DEFAULT_DEXT_INSTALL_PATH = /System/Library/DriverExtensions
               DEFAULT_KEXT_INSTALL_PATH = /System/Library/Extensions
               DEFINES_MODULE = NO
               DEPLOYMENT_LOCATION = NO
               DEPLOYMENT_POSTPROCESSING = NO
               DEPLOYMENT_TARGET_SETTING_NAME = IPHONEOS_DEPLOYMENT_TARGET
               DEPLOYMENT_TARGET_SUGGESTED_VALUES = 12.0 12.1 12.2 12.3 12.4 13.0 13.1 13.2 13.3 13.4 13.5 13.6 14.0 14.1 14.2 14.3 14.4 14.5 14.6 14.7 15.0 15.1 15.2 15.3 15.4 15.5 15.6 16.0 16.1 16.2 16.3 16.4 16.5 16.6 17.0 17.1 17.2 17.3 17.4 17.5 17.6 18.0 18.1 18.2 18.3 18.4
               DERIVED_FILES_DIR = /Users/otislewis/arena/build/ios/Pods.build/Release-iphonesimulator/FirebaseAuth-FirebaseAuth_Privacy.build/DerivedSources
               DERIVED_FILE_DIR = /Users/otislewis/arena/build/ios/Pods.build/Release-iphonesimulator/FirebaseAuth-FirebaseAuth_Privacy.build/DerivedSources
               DERIVED_SOURCES_DIR = /Users/otislewis/arena/build/ios/Pods.build/Release-iphonesimulator/FirebaseAuth-FirebaseAuth_Privacy.build/DerivedSources
               DEVELOPER_APPLICATIONS_DIR = /Applications/Xcode.app/Contents/Developer/Applications
               DEVELOPER_BIN_DIR = /Applications/Xcode.app/Contents/Developer/usr/bin
               DEVELOPER_DIR = /Applications/Xcode.app/Contents/Developer
               DEVELOPER_FRAMEWORKS_DIR = /Applications/Xcode.app/Contents/Developer/Library/Frameworks
               DEVELOPER_FRAMEWORKS_DIR_QUOTED = /Applications/Xcode.app/Contents/Developer/Library/Frameworks
               DEVELOPER_LIBRARY_DIR = /Applications/Xcode.app/Contents/Developer/Library
               DEVELOPER_SDK_DIR = /Applications/Xcode.app/Contents/Developer/Platforms/MacOSX.platform/Developer/SDKs
               DEVELOPER_TOOLS_DIR = /Applications/Xcode.app/Contents/Developer/Tools
               DEVELOPER_USR_DIR = /Applications/Xcode.app/Contents/Developer/usr
               DEVELOPMENT_LANGUAGE = en
               DIAGNOSE_MISSING_TARGET_DEPENDENCIES = YES
               DIFF = /usr/bin/diff
               DOCUMENTATION_FOLDER_PATH = FirebaseAuth_Privacy.bundle/en.lproj/Documentation
               DONT_GENERATE_INFOPLIST_FILE = NO
               DSTROOT = /tmp/Pods.dst
               DT_TOOLCHAIN_DIR = /Applications/Xcode.app/Contents/Developer/Toolchains/XcodeDefault.xctoolchain
               DWARF_DSYM_FILE_NAME = FirebaseAuth_Privacy.bundle.dSYM
               DWARF_DSYM_FILE_SHOULD_ACCOMPANY_PRODUCT = NO
               DWARF_DSYM_FOLDER_PATH = /Users/otislewis/arena/build/ios/Release-iphonesimulator/FirebaseAuth
               DYNAMIC_LIBRARY_EXTENSION = dylib
               EAGER_COMPILATION_ALLOW_SCRIPTS = NO
               EAGER_LINKING = NO
               EFFECTIVE_PLATFORM_NAME = -iphonesimulator
               EMBEDDED_CONTENT_CONTAINS_SWIFT = NO
               EMBED_ASSET_PACKS_IN_PRODUCT_BUNDLE = NO
               ENABLE_APP_SANDBOX = NO
               ENABLE_BITCODE = NO
               ENABLE_CODE_COVERAGE = YES
               ENABLE_DEFAULT_HEADER_SEARCH_PATHS = YES
               ENABLE_DEFAULT_SEARCH_PATHS = YES
               ENABLE_HARDENED_RUNTIME = NO
               ENABLE_HEADER_DEPENDENCIES = YES
               ENABLE_INCOMING_NETWORK_CONNECTIONS = NO
               ENABLE_NS_ASSERTIONS = NO
               ENABLE_ON_DEMAND_RESOURCES = NO
               ENABLE_OUTGOING_NETWORK_CONNECTIONS = NO
               ENABLE_RESOURCE_ACCESS_AUDIO_INPUT = NO
               ENABLE_RESOURCE_ACCESS_BLUETOOTH = NO
               ENABLE_RESOURCE_ACCESS_CALENDARS = NO
               ENABLE_RESOURCE_ACCESS_CAMERA = NO
               ENABLE_RESOURCE_ACCESS_CONTACTS = NO
               ENABLE_RESOURCE_ACCESS_LOCATION = NO
               ENABLE_RESOURCE_ACCESS_PRINTING = NO
               ENABLE_RESOURCE_ACCESS_USB = NO
               ENABLE_SDK_IMPORTS = NO
               ENABLE_STRICT_OBJC_MSGSEND = YES
               ENABLE_TESTABILITY = NO
               ENABLE_TESTING_SEARCH_PATHS = NO
               ENABLE_USER_SCRIPT_SANDBOXING = NO
               ENFORCE_VALID_ARCHS = YES
               ENTITLEMENTS_DESTINATION = __entitlements
               ENTITLEMENTS_REQUIRED = NO
               EXCLUDED_ARCHS = arm64
               EXCLUDED_INSTALLSRC_SUBDIRECTORY_PATTERNS = .DS_Store .svn .git .hg CVS
               EXCLUDED_RECURSIVE_SEARCH_PATH_SUBDIRECTORIES = *.nib *.lproj *.framework *.gch *.xcode* *.xcassets (*) .DS_Store CVS .svn .git .hg *.pbproj *.pbxproj
               EXECUTABLES_FOLDER_PATH = FirebaseAuth_Privacy.bundle/Executables
               EXECUTABLE_FOLDER_PATH = FirebaseAuth_Privacy.bundle
               EXECUTABLE_FOLDER_PATH_SHALLOW_BUNDLE_NO = FirebaseAuth_Privacy.bundle/MacOS
               EXECUTABLE_FOLDER_PATH_SHALLOW_BUNDLE_YES = FirebaseAuth_Privacy.bundle
               EXECUTABLE_NAME = FirebaseAuth_Privacy
               EXECUTABLE_PATH = FirebaseAuth_Privacy.bundle/FirebaseAuth_Privacy
               EXPANDED_CODE_SIGN_IDENTITY = -
               EXTENSIONS_FOLDER_PATH = FirebaseAuth_Privacy.bundle/Extensions
               FILE_LIST = /Users/otislewis/arena/build/ios/Pods.build/Release-iphonesimulator/FirebaseAuth-FirebaseAuth_Privacy.build/Objects/LinkFileList
               FIXED_FILES_DIR = /Users/otislewis/arena/build/ios/Pods.build/Release-iphonesimulator/FirebaseAuth-FirebaseAuth_Privacy.build/FixedFiles
               FRAMEWORKS_FOLDER_PATH = FirebaseAuth_Privacy.bundle/Frameworks
               FRAMEWORK_FLAG_PREFIX = -framework
               FRAMEWORK_SEARCH_PATHS = /Users/otislewis/arena/build/ios/Release-iphonesimulator/FirebaseAuth  "/Users/otislewis/arena/build/ios/Release-iphonesimulator/FirebaseAppCheckInterop" "/Users/otislewis/arena/build/ios/Release-iphonesimulator/FirebaseCore" "/Users/otislewis/arena/build/ios/Release-iphonesimulator/FirebaseCoreInternal" "/Users/otislewis/arena/build/ios/Release-iphonesimulator/GTMSessionFetcher" "/Users/otislewis/arena/build/ios/Release-iphonesimulator/GoogleUtilities" "/Users/otislewis/arena/build/ios/Release-iphonesimulator/PromisesObjC" "/Users/otislewis/arena/build/ios/Release-iphonesimulator/RecaptchaInterop"
               FRAMEWORK_VERSION = A
               FULL_PRODUCT_NAME = FirebaseAuth_Privacy.bundle
               FUSE_BUILD_PHASES = YES
               FUSE_BUILD_SCRIPT_PHASES = NO
               GCC3_VERSION = 3.3
               GCC_C_LANGUAGE_STANDARD = c99
               GCC_INLINES_ARE_PRIVATE_EXTERN = YES
               GCC_NO_COMMON_BLOCKS = YES
               GCC_OBJC_LEGACY_DISPATCH = YES
               GCC_PFE_FILE_C_DIALECTS = c objective-c c++ objective-c++
               GCC_PREPROCESSOR_DEFINITIONS = POD_CONFIGURATION_RELEASE=1  COCOAPODS=1
               GCC_TREAT_WARNINGS_AS_ERRORS = NO
               GCC_VERSION = com.apple.compilers.llvm.clang.1_0
               GCC_VERSION_IDENTIFIER = com_apple_compilers_llvm_clang_1_0
               GCC_WARN_64_TO_32_BIT_CONVERSION = YES
               GCC_WARN_ABOUT_RETURN_TYPE = YES_ERROR
               GCC_WARN_UNDECLARED_SELECTOR = YES
               GCC_WARN_UNINITIALIZED_AUTOS = YES_AGGRESSIVE
               GCC_WARN_UNUSED_FUNCTION = YES
               GCC_WARN_UNUSED_VARIABLE = YES
               GENERATED_MODULEMAP_DIR = /Users/otislewis/arena/build/ios/GeneratedModuleMaps-iphonesimulator
               GENERATE_INFOPLIST_FILE = NO
               GENERATE_INTERMEDIATE_TEXT_BASED_STUBS = YES
               GENERATE_MASTER_OBJECT_FILE = NO
               GENERATE_PKGINFO_FILE = NO
               GENERATE_PROFILING_CODE = NO
               GENERATE_TEXT_BASED_STUBS = NO
               GID = 20
               GROUP = staff
               HEADERMAP_INCLUDES_FLAT_ENTRIES_FOR_TARGET_BEING_BUILT = YES
               HEADERMAP_INCLUDES_FRAMEWORK_ENTRIES_FOR_ALL_PRODUCT_TYPES = YES
               HEADERMAP_INCLUDES_FRAMEWORK_ENTRIES_FOR_TARGETS_NOT_BEING_BUILT = YES
               HEADERMAP_INCLUDES_NONPUBLIC_NONPRIVATE_HEADERS = YES
               HEADERMAP_INCLUDES_PROJECT_HEADERS = YES
               HEADERMAP_USES_FRAMEWORK_PREFIX_ENTRIES = YES
               HEADERMAP_USES_VFS = NO
               HEADER_SEARCH_PATHS = /Users/otislewis/arena/build/ios/Release-iphonesimulator/FirebaseAuth/include  "/Users/otislewis/arena/ios/Pods/FirebaseAuth"
               HIDE_BITCODE_SYMBOLS = YES
               HOME = /Users/otislewis
               HOST_ARCH = arm64
               HOST_PLATFORM = macosx
               IBSC_MODULE = FirebaseAuth
               ICONV = /usr/bin/iconv
               IMPLICIT_DEPENDENCY_DOMAIN = default
               INFOPLIST_ENABLE_CFBUNDLEICONS_MERGE = YES
               INFOPLIST_EXPAND_BUILD_SETTINGS = YES
               INFOPLIST_FILE = Target Support Files/FirebaseAuth/ResourceBundle-FirebaseAuth_Privacy-FirebaseAuth-Info.plist
               INFOPLIST_OUTPUT_FORMAT = binary
               INFOPLIST_PATH = FirebaseAuth_Privacy.bundle/Info.plist
               INFOPLIST_PREPROCESS = NO
               INFOSTRINGS_PATH = FirebaseAuth_Privacy.bundle/en.lproj/InfoPlist.strings
               INLINE_PRIVATE_FRAMEWORKS = NO
               INSTALLAPI_IGNORE_SKIP_INSTALL = YES
               INSTALLHDRS_COPY_PHASE = NO
               INSTALLHDRS_SCRIPT_PHASE = NO
               INSTALL_DIR = /tmp/Pods.dst
               INSTALL_GROUP = staff
               INSTALL_MODE_FLAG = u+w,go-w,a+rX
               INSTALL_OWNER = otislewis
               INSTALL_ROOT = /tmp/Pods.dst
               IPHONEOS_DEPLOYMENT_TARGET = 13.0
               IS_UNOPTIMIZED_BUILD = NO
               JAVAC_DEFAULT_FLAGS = -J-Xms64m -J-XX:NewSize=4M -J-Dfile.encoding=UTF8
               JAVA_APP_STUB = /System/Library/Frameworks/JavaVM.framework/Resources/MacOS/JavaApplicationStub
               JAVA_ARCHIVE_CLASSES = YES
               JAVA_ARCHIVE_TYPE = JAR
               JAVA_COMPILER = /usr/bin/javac
               JAVA_FOLDER_PATH = FirebaseAuth_Privacy.bundle/Java
               JAVA_FRAMEWORK_RESOURCES_DIRS = Resources
               JAVA_JAR_FLAGS = cv
               JAVA_SOURCE_SUBDIR = .
               JAVA_USE_DEPENDENCIES = YES
               JAVA_ZIP_FLAGS = -urg
               JIKES_DEFAULT_FLAGS = +E +OLDCSO
               KEEP_PRIVATE_EXTERNS = NO
               LD_DEPENDENCY_INFO_FILE = /Users/otislewis/arena/build/ios/Pods.build/Release-iphonesimulator/FirebaseAuth-FirebaseAuth_Privacy.build/Objects-normal/undefined_arch/FirebaseAuth_Privacy_dependency_info.dat
               LD_EXPORT_SYMBOLS = YES
               LD_GENERATE_MAP_FILE = NO
               LD_MAP_FILE_PATH = /Users/otislewis/arena/build/ios/Pods.build/Release-iphonesimulator/FirebaseAuth-FirebaseAuth_Privacy.build/FirebaseAuth_Privacy-LinkMap-normal-undefined_arch.txt
               LD_NO_PIE = NO
               LD_QUOTE_LINKER_ARGUMENTS_FOR_COMPILER_DRIVER = YES
               LD_SHARED_CACHE_ELIGIBLE = Automatic
               LD_WARN_DUPLICATE_LIBRARIES = NO
               LD_WARN_UNUSED_DYLIBS = NO
               LEGACY_DEVELOPER_DIR = /Applications/Xcode.app/Contents/PlugIns/Xcode3Core.ideplugin/Contents/SharedSupport/Developer
               LEX = lex
               LIBRARY_DEXT_INSTALL_PATH = /Library/DriverExtensions
               LIBRARY_FLAG_NOSPACE = YES
               LIBRARY_FLAG_PREFIX = -l
               LIBRARY_KEXT_INSTALL_PATH = /Library/Extensions
               LIBRARY_SEARCH_PATHS = /Users/otislewis/arena/build/ios/Release-iphonesimulator/FirebaseAuth 
               LINKER_DISPLAYS_MANGLED_NAMES = NO
               LINK_OBJC_RUNTIME = YES
               LINK_WITH_STANDARD_LIBRARIES = YES
               LLVM_TARGET_TRIPLE_OS_VERSION = ios13.0
               LLVM_TARGET_TRIPLE_SUFFIX = -simulator
               LLVM_TARGET_TRIPLE_VENDOR = apple
               LOCALIZATION_EXPORT_SUPPORTED = YES
               LOCALIZATION_PREFERS_STRING_CATALOGS = NO
               LOCALIZED_RESOURCES_FOLDER_PATH = FirebaseAuth_Privacy.bundle/en.lproj
               LOCALIZED_STRING_MACRO_NAMES = NSLocalizedString CFCopyLocalizedString
               LOCALIZED_STRING_SWIFTUI_SUPPORT = YES
               LOCAL_ADMIN_APPS_DIR = /Applications/Utilities
               LOCAL_APPS_DIR = /Applications
               LOCAL_DEVELOPER_DIR = /Library/Developer
               LOCAL_LIBRARY_DIR = /Library
               LOCROOT = /Users/otislewis/arena/ios/Pods
               LOCSYMROOT = /Users/otislewis/arena/ios/Pods
               MACH_O_TYPE = mh_bundle
               MAC_OS_X_PRODUCT_BUILD_VERSION = 24F74
               MAC_OS_X_VERSION_ACTUAL = 150500
               MAC_OS_X_VERSION_MAJOR = 150000
               MAC_OS_X_VERSION_MINOR = 150500
               MAKE_MERGEABLE = NO
               MERGEABLE_LIBRARY = NO
               MERGED_BINARY_TYPE = none
               MERGE_LINKED_LIBRARIES = NO
               METAL_LIBRARY_FILE_BASE = default
               METAL_LIBRARY_OUTPUT_DIR = /Users/otislewis/arena/build/ios/Release-iphonesimulator/FirebaseAuth/FirebaseAuth_Privacy.bundle
               MODULES_FOLDER_PATH = FirebaseAuth_Privacy.bundle/Modules
               MTL_ENABLE_DEBUG_INFO = NO
               MTL_FAST_MATH = YES
               NATIVE_ARCH = arm64
               NATIVE_ARCH_32_BIT = arm
               NATIVE_ARCH_64_BIT = arm64
               NATIVE_ARCH_ACTUAL = arm64
               NO_COMMON = YES
               OBJC_ABI_VERSION = 2
               OBJECT_FILE_DIR = /Users/otislewis/arena/build/ios/Pods.build/Release-iphonesimulator/FirebaseAuth-FirebaseAuth_Privacy.build/Objects
               OBJECT_FILE_DIR_normal = /Users/otislewis/arena/build/ios/Pods.build/Release-iphonesimulator/FirebaseAuth-FirebaseAuth_Privacy.build/Objects-normal
               OBJROOT = /Users/otislewis/arena/build/ios
               ONLY_ACTIVE_ARCH = NO
               OS = MACOS
               OSAC = /usr/bin/osacompile
               OTHER_LDFLAGS =  -framework "FirebaseAppCheckInterop" -framework "FirebaseCore" -framework "Foundation" -framework "GTMSessionFetcher" -framework "GoogleUtilities" -framework "RecaptchaInterop" -framework "SafariServices" -framework "Security" -framework "SystemConfiguration" -framework "UIKit"
               PACKAGE_TYPE = com.apple.package-type.wrapper
               PASCAL_STRINGS = YES
               PATH = /Applications/Xcode.app/Contents/SharedFrameworks/SwiftBuild.framework/Versions/A/PlugIns/SWBBuildService.bundle/Contents/PlugIns/SWBUniversalPlatformPlugin.bundle/Contents/Frameworks/SWBUniversalPlatform.framework/Resources:/Applications/Xcode.app/Contents/Developer/Toolchains/XcodeDefault.xctoolchain/usr/bin:/Applications/Xcode.app/Contents/Developer/Toolchains/XcodeDefault.xctoolchain/usr/local/bin:/Applications/Xcode.app/Contents/Developer/Toolchains/XcodeDefault.xctoolchain/usr/libexec:/Applications/Xcode.app/Contents/Developer/Platforms/iPhoneSimulator.platform/usr/bin:/Applications/Xcode.app/Contents/Developer/Platforms/iPhoneSimulator.platform/usr/local/bin:/Applications/Xcode.app/Contents/Developer/Platforms/iPhoneSimulator.platform/Developer/usr/bin:/Applications/Xcode.app/Contents/Developer/Platforms/iPhoneSimulator.platform/Developer/usr/local/bin:/Applications/Xcode.app/Contents/Developer/usr/bin:/Applications/Xcode.app/Contents/Developer/usr/local/bin:/Users/otislewis/.gem/ruby/3.3.0/bin:/opt/homebrew/bin:/opt/homebrew/sbin:/usr/local/bin:/System/Cryptexes/App/usr/bin:/usr/bin:/bin:/usr/sbin:/sbin:/var/run/com.apple.security.cryptexd/codex.system/bootstrap/usr/local/bin:/var/run/com.apple.security.cryptexd/codex.system/bootstrap/usr/bin:/var/run/com.apple.security.cryptexd/codex.system/bootstrap/usr/appleinternal/bin:/Library/Apple/usr/bin:/opt/homebrew/Caskroom/flutter/3.32.0/flutter/bin:/Users/otislewis/Library/Android/sdk/emulator:/Users/otislewis/Library/Android/sdk/tools:/Users/otislewis/Library/Android/sdk/tools/bin:/Users/otislewis/Library/Android/sdk/platform-tools:/opt/homebrew/Caskroom/flutter/3.32.0/flutter/bin/cache/dart-sdk/bin
               PATH_PREFIXES_EXCLUDED_FROM_HEADER_DEPENDENCIES = /usr/include /usr/local/include /System/Library/Frameworks /System/Library/PrivateFrameworks /Applications/Xcode.app/Contents/Developer/Headers /Applications/Xcode.app/Contents/Developer/SDKs /Applications/Xcode.app/Contents/Developer/Platforms
               PBDEVELOPMENTPLIST_PATH = FirebaseAuth_Privacy.bundle/pbdevelopment.plist
               PER_ARCH_MODULE_FILE_DIR = /Users/otislewis/arena/build/ios/Pods.build/Release-iphonesimulator/FirebaseAuth-FirebaseAuth_Privacy.build/Objects-normal/undefined_arch
               PER_ARCH_OBJECT_FILE_DIR = /Users/otislewis/arena/build/ios/Pods.build/Release-iphonesimulator/FirebaseAuth-FirebaseAuth_Privacy.build/Objects-normal/undefined_arch
               PER_VARIANT_OBJECT_FILE_DIR = /Users/otislewis/arena/build/ios/Pods.build/Release-iphonesimulator/FirebaseAuth-FirebaseAuth_Privacy.build/Objects-normal
               PKGINFO_FILE_PATH = /Users/otislewis/arena/build/ios/Pods.build/Release-iphonesimulator/FirebaseAuth-FirebaseAuth_Privacy.build/PkgInfo
               PKGINFO_PATH = FirebaseAuth_Privacy.bundle/PkgInfo
               PLATFORM_DEVELOPER_APPLICATIONS_DIR = /Applications/Xcode.app/Contents/Developer/Platforms/iPhoneSimulator.platform/Developer/Applications
               PLATFORM_DEVELOPER_BIN_DIR = /Applications/Xcode.app/Contents/Developer/Platforms/iPhoneSimulator.platform/Developer/usr/bin
               PLATFORM_DEVELOPER_LIBRARY_DIR = /Applications/Xcode.app/Contents/Developer/Platforms/iPhoneSimulator.platform/Developer/Library
               PLATFORM_DEVELOPER_SDK_DIR = /Applications/Xcode.app/Contents/Developer/Platforms/iPhoneSimulator.platform/Developer/SDKs
               PLATFORM_DEVELOPER_TOOLS_DIR = /Applications/Xcode.app/Contents/Developer/Platforms/iPhoneSimulator.platform/Developer/Tools
               PLATFORM_DEVELOPER_USR_DIR = /Applications/Xcode.app/Contents/Developer/Platforms/iPhoneSimulator.platform/Developer/usr
               PLATFORM_DIR = /Applications/Xcode.app/Contents/Developer/Platforms/iPhoneSimulator.platform
               PLATFORM_DISPLAY_NAME = iOS Simulator
               PLATFORM_FAMILY_NAME = iOS
               PLATFORM_NAME = iphonesimulator
               PLATFORM_PREFERRED_ARCH = x86_64
               PLATFORM_PRODUCT_BUILD_VERSION = 22E235
               PLATFORM_REQUIRES_SWIFT_AUTOLINK_EXTRACT = NO
               PLATFORM_REQUIRES_SWIFT_MODULEWRAP = NO
               PLIST_FILE_OUTPUT_FORMAT = binary
               PLUGINS_FOLDER_PATH = FirebaseAuth_Privacy.bundle/PlugIns
               PODS_BUILD_DIR = /Users/otislewis/arena/build/ios
               PODS_CONFIGURATION_BUILD_DIR = /Users/otislewis/arena/build/ios/Release-iphonesimulator
               PODS_DEVELOPMENT_LANGUAGE = en
               PODS_ROOT = /Users/otislewis/arena/ios/Pods
               PODS_TARGET_SRCROOT = /Users/otislewis/arena/ios/Pods/FirebaseAuth
               PODS_XCFRAMEWORKS_BUILD_DIR = /Users/otislewis/arena/build/ios/Release-iphonesimulator/XCFrameworkIntermediates
               PRECOMPS_INCLUDE_HEADERS_FROM_BUILT_PRODUCTS_DIR = YES
               PRECOMP_DESTINATION_DIR = /Users/otislewis/arena/build/ios/Pods.build/Release-iphonesimulator/FirebaseAuth-FirebaseAuth_Privacy.build/PrefixHeaders
               PRIVATE_HEADERS_FOLDER_PATH = FirebaseAuth_Privacy.bundle/PrivateHeaders
               PROCESSED_INFOPLIST_PATH = /Users/otislewis/arena/build/ios/Pods.build/Release-iphonesimulator/FirebaseAuth-FirebaseAuth_Privacy.build/Objects-normal/undefined_arch/Processed-Info.plist
               PRODUCT_BUNDLE_IDENTIFIER = org.cocoapods.FirebaseAuth-Privacy
               PRODUCT_BUNDLE_PACKAGE_TYPE = BNDL
               PRODUCT_MODULE_NAME = FirebaseAuth_Privacy
               PRODUCT_NAME = FirebaseAuth_Privacy
               PRODUCT_SETTINGS_PATH = /Users/otislewis/arena/ios/Pods/Target Support Files/FirebaseAuth/ResourceBundle-FirebaseAuth_Privacy-FirebaseAuth-Info.plist
               PRODUCT_TYPE = com.apple.product-type.bundle
               PROFILING_CODE = NO
               PROJECT = Pods
               PROJECT_DERIVED_FILE_DIR = /Users/otislewis/arena/build/ios/Pods.build/DerivedSources
               PROJECT_DIR = /Users/otislewis/arena/ios/Pods
               PROJECT_FILE_PATH = /Users/otislewis/arena/ios/Pods/Pods.xcodeproj
               PROJECT_GUID = bfdfe7dc352907fc980b868725387e98
               PROJECT_NAME = Pods
               PROJECT_TEMP_DIR = /Users/otislewis/arena/build/ios/Pods.build
               PROJECT_TEMP_ROOT = /Users/otislewis/arena/build/ios
               PUBLIC_HEADERS_FOLDER_PATH = FirebaseAuth_Privacy.bundle/Headers
               RECOMMENDED_IPHONEOS_DEPLOYMENT_TARGET = 15.0
               RECURSIVE_SEARCH_PATHS_FOLLOW_SYMLINKS = YES
               REMOVE_CVS_FROM_RESOURCES = YES
               REMOVE_GIT_FROM_RESOURCES = YES
               REMOVE_HEADERS_FROM_EMBEDDED_BUNDLES = YES
               REMOVE_HG_FROM_RESOURCES = YES
               REMOVE_STATIC_EXECUTABLES_FROM_EMBEDDED_BUNDLES = YES
               REMOVE_SVN_FROM_RESOURCES = YES
               RESCHEDULE_INDEPENDENT_HEADERS_PHASES = YES
               REZ_COLLECTOR_DIR = /Users/otislewis/arena/build/ios/Pods.build/Release-iphonesimulator/FirebaseAuth-FirebaseAuth_Privacy.build/ResourceManagerResources
               REZ_OBJECTS_DIR = /Users/otislewis/arena/build/ios/Pods.build/Release-iphonesimulator/FirebaseAuth-FirebaseAuth_Privacy.build/ResourceManagerResources/Objects
               REZ_SEARCH_PATHS = /Users/otislewis/arena/build/ios/Release-iphonesimulator/FirebaseAuth 
               SCAN_ALL_SOURCE_FILES_FOR_INCLUDES = NO
               SCRIPTS_FOLDER_PATH = FirebaseAuth_Privacy.bundle/Scripts
               SDKROOT = /Applications/Xcode.app/Contents/Developer/Platforms/iPhoneSimulator.platform/Developer/SDKs/iPhoneSimulator18.4.sdk
               SDK_DIR = /Applications/Xcode.app/Contents/Developer/Platforms/iPhoneSimulator.platform/Developer/SDKs/iPhoneSimulator18.4.sdk
               SDK_DIR_iphonesimulator = /Applications/Xcode.app/Contents/Developer/Platforms/iPhoneSimulator.platform/Developer/SDKs/iPhoneSimulator18.4.sdk
               SDK_DIR_iphonesimulator18_4 = /Applications/Xcode.app/Contents/Developer/Platforms/iPhoneSimulator.platform/Developer/SDKs/iPhoneSimulator18.4.sdk
               SDK_NAME = iphonesimulator18.4
               SDK_NAMES = iphonesimulator18.4
               SDK_PRODUCT_BUILD_VERSION = 22E235
               SDK_STAT_CACHE_DIR = /var/folders/4y/xy3fflts0nqfk1tsxg0t3mmr0000gn/C/com.apple.DeveloperTools/16.3-16E140/Xcode
               SDK_STAT_CACHE_ENABLE = YES
               SDK_STAT_CACHE_PATH = /var/folders/4y/xy3fflts0nqfk1tsxg0t3mmr0000gn/C/com.apple.DeveloperTools/16.3-16E140/Xcode/SDKStatCaches.noindex/iphonesimulator18.4-22E235-71825a6d136aa4733edcbe86ece5525b.sdkstatcache
               SDK_VERSION = 18.4
               SDK_VERSION_ACTUAL = 180400
               SDK_VERSION_MAJOR = 180000
               SDK_VERSION_MINOR = 180400
               SED = /usr/bin/sed
               SEPARATE_STRIP = NO
               SEPARATE_SYMBOL_EDIT = NO
               SET_DIR_MODE_OWNER_GROUP = YES
               SET_FILE_MODE_OWNER_GROUP = NO
               SHALLOW_BUNDLE = YES
               SHALLOW_BUNDLE_TRIPLE = ios-simulator
               SHALLOW_BUNDLE_ios_macabi = NO
               SHALLOW_BUNDLE_macos = NO
               SHARED_DERIVED_FILE_DIR = /Users/otislewis/arena/build/ios/Release-iphonesimulator/FirebaseAuth/DerivedSources
               SHARED_FRAMEWORKS_FOLDER_PATH = FirebaseAuth_Privacy.bundle/SharedFrameworks
               SHARED_PRECOMPS_DIR = /Users/otislewis/arena/build/ios/SharedPrecompiledHeaders
               SHARED_SUPPORT_FOLDER_PATH = FirebaseAuth_Privacy.bundle/SharedSupport
               SKIP_INSTALL = YES
               SOURCE_ROOT = /Users/otislewis/arena/ios/Pods
               SRCROOT = /Users/otislewis/arena/ios/Pods
               STRINGSDATA_DIR = /Users/otislewis/arena/build/ios/Pods.build/Release-iphonesimulator/FirebaseAuth-FirebaseAuth_Privacy.build/Objects-normal/undefined_arch
               STRINGSDATA_ROOT = /Users/otislewis/arena/build/ios/Pods.build/Release-iphonesimulator/FirebaseAuth-FirebaseAuth_Privacy.build
               STRINGS_FILE_INFOPLIST_RENAME = YES
               STRINGS_FILE_OUTPUT_ENCODING = binary
               STRIP_BITCODE_FROM_COPIED_FILES = NO
               STRIP_INSTALLED_PRODUCT = NO
               STRIP_STYLE = non-global
               STRIP_SWIFT_SYMBOLS = YES
               SUPPORTED_DEVICE_FAMILIES = 1,2
               SUPPORTED_PLATFORMS = iphoneos iphonesimulator
               SUPPORTS_TEXT_BASED_API = NO
               SUPPRESS_WARNINGS = NO
               SWIFT_COMPILATION_MODE = wholemodule
               SWIFT_EMIT_LOC_STRINGS = NO
               SWIFT_OPTIMIZATION_LEVEL = -O
               SWIFT_PLATFORM_TARGET_PREFIX = ios
               SWIFT_VERSION = 5.0
               SYMROOT = /Users/otislewis/arena/ios/build
               SYSTEM_ADMIN_APPS_DIR = /Applications/Utilities
               SYSTEM_APPS_DIR = /Applications
               SYSTEM_CORE_SERVICES_DIR = /System/Library/CoreServices
               SYSTEM_DEMOS_DIR = /Applications/Extras
               SYSTEM_DEVELOPER_APPS_DIR = /Applications/Xcode.app/Contents/Developer/Applications
               SYSTEM_DEVELOPER_BIN_DIR = /Applications/Xcode.app/Contents/Developer/usr/bin
               SYSTEM_DEVELOPER_DEMOS_DIR = /Applications/Xcode.app/Contents/Developer/Applications/Utilities/Built Examples
               SYSTEM_DEVELOPER_DIR = /Applications/Xcode.app/Contents/Developer
               SYSTEM_DEVELOPER_DOC_DIR = /Applications/Xcode.app/Contents/Developer/ADC Reference Library
               SYSTEM_DEVELOPER_GRAPHICS_TOOLS_DIR = /Applications/Xcode.app/Contents/Developer/Applications/Graphics Tools
               SYSTEM_DEVELOPER_JAVA_TOOLS_DIR = /Applications/Xcode.app/Contents/Developer/Applications/Java Tools
               SYSTEM_DEVELOPER_PERFORMANCE_TOOLS_DIR = /Applications/Xcode.app/Contents/Developer/Applications/Performance Tools
               SYSTEM_DEVELOPER_RELEASENOTES_DIR = /Applications/Xcode.app/Contents/Developer/ADC Reference Library/releasenotes
               SYSTEM_DEVELOPER_TOOLS = /Applications/Xcode.app/Contents/Developer/Tools
               SYSTEM_DEVELOPER_TOOLS_DOC_DIR = /Applications/Xcode.app/Contents/Developer/ADC Reference Library/documentation/DeveloperTools
               SYSTEM_DEVELOPER_TOOLS_RELEASENOTES_DIR = /Applications/Xcode.app/Contents/Developer/ADC Reference Library/releasenotes/DeveloperTools
               SYSTEM_DEVELOPER_USR_DIR = /Applications/Xcode.app/Contents/Developer/usr
               SYSTEM_DEVELOPER_UTILITIES_DIR = /Applications/Xcode.app/Contents/Developer/Applications/Utilities
               SYSTEM_DEXT_INSTALL_PATH = /System/Library/DriverExtensions
               SYSTEM_DOCUMENTATION_DIR = /Library/Documentation
               SYSTEM_EXTENSIONS_FOLDER_PATH = FirebaseAuth_Privacy.bundle/SystemExtensions
               SYSTEM_EXTENSIONS_FOLDER_PATH_SHALLOW_BUNDLE_NO = FirebaseAuth_Privacy.bundle/Library/SystemExtensions
               SYSTEM_EXTENSIONS_FOLDER_PATH_SHALLOW_BUNDLE_YES = FirebaseAuth_Privacy.bundle/SystemExtensions
               SYSTEM_KEXT_INSTALL_PATH = /System/Library/Extensions
               SYSTEM_LIBRARY_DIR = /System/Library
               TAPI_DEMANGLE = YES
               TAPI_ENABLE_PROJECT_HEADERS = NO
               TAPI_LANGUAGE = objective-c
               TAPI_LANGUAGE_STANDARD = compiler-default
               TAPI_USE_SRCROOT = YES
               TAPI_VERIFY_MODE = Pedantic
               TARGETED_DEVICE_FAMILY = 1,2
               TARGETNAME = FirebaseAuth-FirebaseAuth_Privacy
               TARGET_BUILD_DIR = /Users/otislewis/arena/build/ios/Release-iphonesimulator/FirebaseAuth
               TARGET_NAME = FirebaseAuth-FirebaseAuth_Privacy
               TARGET_TEMP_DIR = /Users/otislewis/arena/build/ios/Pods.build/Release-iphonesimulator/FirebaseAuth-FirebaseAuth_Privacy.build
               TEMP_DIR = /Users/otislewis/arena/build/ios/Pods.build/Release-iphonesimulator/FirebaseAuth-FirebaseAuth_Privacy.build
               TEMP_FILES_DIR = /Users/otislewis/arena/build/ios/Pods.build/Release-iphonesimulator/FirebaseAuth-FirebaseAuth_Privacy.build
               TEMP_FILE_DIR = /Users/otislewis/arena/build/ios/Pods.build/Release-iphonesimulator/FirebaseAuth-FirebaseAuth_Privacy.build
               TEMP_ROOT = /Users/otislewis/arena/build/ios
               TEMP_SANDBOX_DIR = /Users/otislewis/arena/build/ios/TemporaryTaskSandboxes
               TEST_FRAMEWORK_SEARCH_PATHS =  /Applications/Xcode.app/Contents/Developer/Platforms/iPhoneSimulator.platform/Developer/Library/Frameworks /Applications/Xcode.app/Contents/Developer/Platforms/iPhoneSimulator.platform/Developer/SDKs/iPhoneSimulator18.4.sdk/Developer/Library/Frameworks
               TEST_LIBRARY_SEARCH_PATHS =  /Applications/Xcode.app/Contents/Developer/Platforms/iPhoneSimulator.platform/Developer/usr/lib
               TOOLCHAINS = com.apple.dt.toolchain.XcodeDefault
               TOOLCHAIN_DIR = /Applications/Xcode.app/Contents/Developer/Toolchains/XcodeDefault.xctoolchain
               TREAT_MISSING_BASELINES_AS_TEST_FAILURES = NO
               TREAT_MISSING_SCRIPT_PHASE_OUTPUTS_AS_ERRORS = NO
               UID = 501
               UNINSTALLED_PRODUCTS_DIR = /Users/otislewis/arena/build/ios/UninstalledProducts
               UNLOCALIZED_RESOURCES_FOLDER_PATH = FirebaseAuth_Privacy.bundle
               UNLOCALIZED_RESOURCES_FOLDER_PATH_SHALLOW_BUNDLE_NO = FirebaseAuth_Privacy.bundle/Resources
               UNLOCALIZED_RESOURCES_FOLDER_PATH_SHALLOW_BUNDLE_YES = FirebaseAuth_Privacy.bundle
               UNSTRIPPED_PRODUCT = NO
               USER = otislewis
               USER_APPS_DIR = /Users/otislewis/Applications
               USER_LIBRARY_DIR = /Users/otislewis/Library
               USE_DYNAMIC_NO_PIC = YES
               USE_HEADERMAP = YES
               USE_HEADER_SYMLINKS = NO
               USE_RECURSIVE_SCRIPT_INPUTS_IN_SCRIPT_PHASES = YES
               VALIDATE_DEVELOPMENT_ASSET_PATHS = YES_ERROR
               VALIDATE_PRODUCT = NO
               VALID_ARCHS = arm64
               VERBOSE_PBXCP = NO
               VERSIONPLIST_PATH = FirebaseAuth_Privacy.bundle/version.plist
               VERSION_INFO_BUILDER = otislewis
               VERSION_INFO_FILE = FirebaseAuth_Privacy_vers.c
               VERSION_INFO_STRING = "@(#)PROGRAM:FirebaseAuth_Privacy  PROJECT:Pods-"
               WORKSPACE_DIR = /Users/otislewis/arena/ios/Pods/Pods.xcodeproj
               WRAPPER_EXTENSION = bundle
               WRAPPER_NAME = FirebaseAuth_Privacy.bundle
               WRAPPER_SUFFIX = .bundle
               WRAP_ASSET_PACKS_IN_SEPARATE_DIRECTORIES = NO
               XCODE_APP_SUPPORT_DIR = /Applications/Xcode.app/Contents/Developer/Library/Xcode
               XCODE_PRODUCT_BUILD_VERSION = 16E140
               XCODE_VERSION_ACTUAL = 1630
               XCODE_VERSION_MAJOR = 1600
               XCODE_VERSION_MINOR = 1630
               XPCSERVICES_FOLDER_PATH = FirebaseAuth_Privacy.bundle/XPCServices
               YACC = yacc
               _DISCOVER_COMMAND_LINE_LINKER_INPUTS = YES
               _DISCOVER_COMMAND_LINE_LINKER_INPUTS_INCLUDE_WL = YES
               _WRAPPER_CONTENTS_DIR_SHALLOW_BUNDLE_NO = /Contents
               _WRAPPER_PARENT_PATH_SHALLOW_BUNDLE_NO = /..
               _WRAPPER_RESOURCES_DIR_SHALLOW_BUNDLE_NO = /Resources
               __DIAGNOSE_DEPRECATED_ARCHS = YES
               arch = undefined_arch
               variant = normal

           Build settings for action build and target FirebaseAuthInterop:
               ACTION = build
               AD_HOC_CODE_SIGNING_ALLOWED = YES
               ALLOW_BUILD_REQUEST_OVERRIDES = NO
               ALLOW_TARGET_PLATFORM_SPECIALIZATION = NO
               ALTERNATE_GROUP = staff
               ALTERNATE_MODE = u+w,go-w,a+rX
               ALTERNATE_OWNER = otislewis
               ALTERNATIVE_DISTRIBUTION_WEB = NO
               ALWAYS_EMBED_SWIFT_STANDARD_LIBRARIES = NO
               ALWAYS_SEARCH_USER_PATHS = NO
               ALWAYS_USE_SEPARATE_HEADERMAPS = NO
               APPLICATION_EXTENSION_API_ONLY = NO
               APPLY_RULES_IN_COPY_FILES = NO
               APPLY_RULES_IN_COPY_HEADERS = NO
               APP_SHORTCUTS_ENABLE_FLEXIBLE_MATCHING = YES
               ARCHS_STANDARD = arm64 x86_64
               ARCHS_STANDARD_32_64_BIT = arm64 x86_64
               ARCHS_STANDARD_64_BIT = arm64 x86_64
               ARCHS_STANDARD_INCLUDING_64_BIT = arm64 x86_64
               ARCHS_UNIVERSAL_IPHONE_OS = arm64 x86_64
               AUTOMATICALLY_MERGE_DEPENDENCIES = NO
               AVAILABLE_PLATFORMS = android appletvos appletvsimulator driverkit iphoneos iphonesimulator macosx qnx watchos watchsimulator xros xrsimulator
               BITCODE_GENERATION_MODE = marker
               BUILD_ACTIVE_RESOURCES_ONLY = NO
               BUILD_COMPONENTS = headers build
               BUILD_DIR = /Users/otislewis/arena/build/ios
               BUILD_LIBRARY_FOR_DISTRIBUTION = NO
               BUILD_ROOT = /Users/otislewis/arena/ios/build
               BUILD_STYLE = 
               BUILD_VARIANTS = normal
               BUILT_PRODUCTS_DIR = /Users/otislewis/arena/build/ios/Release-iphonesimulator/FirebaseAuthInterop
               BUNDLE_CONTENTS_FOLDER_PATH_deep = Contents/
               BUNDLE_EXECUTABLE_FOLDER_NAME_deep = MacOS
               BUNDLE_EXTENSIONS_FOLDER_PATH = Extensions
               BUNDLE_FORMAT = shallow
               BUNDLE_FRAMEWORKS_FOLDER_PATH = Frameworks
               BUNDLE_PLUGINS_FOLDER_PATH = PlugIns
               BUNDLE_PRIVATE_HEADERS_FOLDER_PATH = PrivateHeaders
               BUNDLE_PUBLIC_HEADERS_FOLDER_PATH = Headers
               CACHE_ROOT = /var/folders/4y/xy3fflts0nqfk1tsxg0t3mmr0000gn/C/com.apple.DeveloperTools/16.3-16E140/Xcode
               CCHROOT = /var/folders/4y/xy3fflts0nqfk1tsxg0t3mmr0000gn/C/com.apple.DeveloperTools/16.3-16E140/Xcode
               CHMOD = /bin/chmod
               CHOWN = /usr/sbin/chown
               CLANG_ANALYZER_LOCALIZABILITY_NONLOCALIZED = YES
               CLANG_ANALYZER_NONNULL = YES
               CLANG_ANALYZER_NUMBER_OBJECT_CONVERSION = YES_AGGRESSIVE
               CLANG_CACHE_FINE_GRAINED_OUTPUTS = YES
               CLANG_CXX_LANGUAGE_STANDARD = gnu++14
               CLANG_CXX_LIBRARY = libc++
               CLANG_ENABLE_EXPLICIT_MODULES = YES
               CLANG_ENABLE_MODULES = YES
               CLANG_ENABLE_OBJC_ARC = YES
               CLANG_ENABLE_OBJC_WEAK = NO
               CLANG_MODULES_BUILD_SESSION_FILE = /var/folders/4y/xy3fflts0nqfk1tsxg0t3mmr0000gn/C/org.llvm.clang/ModuleCache.noindex/Session.modulevalidation
               CLANG_WARN_BLOCK_CAPTURE_AUTORELEASING = YES
               CLANG_WARN_BOOL_CONVERSION = YES
               CLANG_WARN_COMMA = YES
               CLANG_WARN_CONSTANT_CONVERSION = YES
               CLANG_WARN_DEPRECATED_OBJC_IMPLEMENTATIONS = YES
               CLANG_WARN_DIRECT_OBJC_ISA_USAGE = YES_ERROR
               CLANG_WARN_DOCUMENTATION_COMMENTS = YES
               CLANG_WARN_EMPTY_BODY = YES
               CLANG_WARN_ENUM_CONVERSION = YES
               CLANG_WARN_INFINITE_RECURSION = YES
               CLANG_WARN_INT_CONVERSION = YES
               CLANG_WARN_NON_LITERAL_NULL_CONVERSION = YES
               CLANG_WARN_OBJC_IMPLICIT_RETAIN_SELF = YES
               CLANG_WARN_OBJC_LITERAL_CONVERSION = YES
               CLANG_WARN_OBJC_ROOT_CLASS = YES_ERROR
               CLANG_WARN_QUOTED_INCLUDE_IN_FRAMEWORK_HEADER = NO
               CLANG_WARN_RANGE_LOOP_ANALYSIS = YES
               CLANG_WARN_STRICT_PROTOTYPES = YES
               CLANG_WARN_SUSPICIOUS_MOVE = YES
               CLANG_WARN_UNGUARDED_AVAILABILITY = YES_AGGRESSIVE
               CLANG_WARN_UNREACHABLE_CODE = YES
               CLANG_WARN__DUPLICATE_METHOD_MATCH = YES
               CLASS_FILE_DIR = /Users/otislewis/arena/build/ios/Pods.build/Release-iphonesimulator/FirebaseAuthInterop.build/JavaClasses
               CLEAN_PRECOMPS = YES
               CLONE_HEADERS = NO
               CODESIGNING_FOLDER_PATH = /Users/otislewis/arena/build/ios/Release-iphonesimulator/FirebaseAuthInterop/FirebaseAuthInterop.framework
               CODE_SIGNING_ALLOWED = YES
               CODE_SIGNING_REQUIRED = NO
               CODE_SIGNING_REQUIRES_TEAM = YES
               CODE_SIGN_CONTEXT_CLASS = XCiPhoneSimulatorCodeSignContext
               CODE_SIGN_IDENTITY = -
               CODE_SIGN_INJECT_BASE_ENTITLEMENTS = YES
               COLOR_DIAGNOSTICS = NO
               COMBINE_HIDPI_IMAGES = NO
               COMPILATION_CACHE_CAS_PATH = /var/folders/4y/xy3fflts0nqfk1tsxg0t3mmr0000gn/C/com.apple.DeveloperTools/16.3-16E140/Xcode/CompilationCache.noindex
               COMPILATION_CACHE_KEEP_CAS_DIRECTORY = YES
               COMPILER_INDEX_STORE_ENABLE = Default
               COMPOSITE_SDK_DIRS = /Users/otislewis/arena/build/ios/CompositeSDKs
               COMPRESS_PNG_FILES = YES
               CONFIGURATION = Release
               CONFIGURATION_BUILD_DIR = /Users/otislewis/arena/build/ios/Release-iphonesimulator/FirebaseAuthInterop
               CONFIGURATION_TEMP_DIR = /Users/otislewis/arena/build/ios/Pods.build/Release-iphonesimulator
               CONTENTS_FOLDER_PATH = FirebaseAuthInterop.framework
               CONTENTS_FOLDER_PATH_SHALLOW_BUNDLE_NO = FirebaseAuthInterop.framework/A
               CONTENTS_FOLDER_PATH_SHALLOW_BUNDLE_YES = FirebaseAuthInterop.framework
               COPYING_PRESERVES_HFS_DATA = NO
               COPY_HEADERS_RUN_UNIFDEF = NO
               COPY_PHASE_STRIP = NO
               CORRESPONDING_DEVICE_PLATFORM_DIR = /Applications/Xcode.app/Contents/Developer/Platforms/iPhoneOS.platform
               CORRESPONDING_DEVICE_PLATFORM_NAME = iphoneos
               CORRESPONDING_DEVICE_SDK_DIR = /Applications/Xcode.app/Contents/Developer/Platforms/iPhoneOS.platform/Developer/SDKs/iPhoneOS18.4.sdk
               CORRESPONDING_DEVICE_SDK_NAME = iphoneos18.4
               CP = /bin/cp
               CREATE_INFOPLIST_SECTION_IN_BINARY = NO
               CURRENT_ARCH = undefined_arch
               CURRENT_PROJECT_VERSION = 1
               CURRENT_VARIANT = normal
               CURRENT_VERSION = Current
               DEAD_CODE_STRIPPING = YES
               DEBUGGING_SYMBOLS = YES
               DEBUG_INFORMATION_FORMAT = dwarf-with-dsym
               DEBUG_INFORMATION_VERSION = compiler-default
               DEFAULT_COMPILER = com.apple.compilers.llvm.clang.1_0
               DEFAULT_DEXT_INSTALL_PATH = /System/Library/DriverExtensions
               DEFAULT_KEXT_INSTALL_PATH = /System/Library/Extensions
               DEFINES_MODULE = YES
               DEPLOYMENT_LOCATION = NO
               DEPLOYMENT_POSTPROCESSING = NO
               DEPLOYMENT_TARGET_SETTING_NAME = IPHONEOS_DEPLOYMENT_TARGET
               DEPLOYMENT_TARGET_SUGGESTED_VALUES = 12.0 12.1 12.2 12.3 12.4 13.0 13.1 13.2 13.3 13.4 13.5 13.6 14.0 14.1 14.2 14.3 14.4 14.5 14.6 14.7 15.0 15.1 15.2 15.3 15.4 15.5 15.6 16.0 16.1 16.2 16.3 16.4 16.5 16.6 17.0 17.1 17.2 17.3 17.4 17.5 17.6 18.0 18.1 18.2 18.3 18.4
               DERIVED_FILES_DIR = /Users/otislewis/arena/build/ios/Pods.build/Release-iphonesimulator/FirebaseAuthInterop.build/DerivedSources
               DERIVED_FILE_DIR = /Users/otislewis/arena/build/ios/Pods.build/Release-iphonesimulator/FirebaseAuthInterop.build/DerivedSources
               DERIVED_SOURCES_DIR = /Users/otislewis/arena/build/ios/Pods.build/Release-iphonesimulator/FirebaseAuthInterop.build/DerivedSources
               DEVELOPER_APPLICATIONS_DIR = /Applications/Xcode.app/Contents/Developer/Applications
               DEVELOPER_BIN_DIR = /Applications/Xcode.app/Contents/Developer/usr/bin
               DEVELOPER_DIR = /Applications/Xcode.app/Contents/Developer
               DEVELOPER_FRAMEWORKS_DIR = /Applications/Xcode.app/Contents/Developer/Library/Frameworks
               DEVELOPER_FRAMEWORKS_DIR_QUOTED = /Applications/Xcode.app/Contents/Developer/Library/Frameworks
               DEVELOPER_LIBRARY_DIR = /Applications/Xcode.app/Contents/Developer/Library
               DEVELOPER_SDK_DIR = /Applications/Xcode.app/Contents/Developer/Platforms/MacOSX.platform/Developer/SDKs
               DEVELOPER_TOOLS_DIR = /Applications/Xcode.app/Contents/Developer/Tools
               DEVELOPER_USR_DIR = /Applications/Xcode.app/Contents/Developer/usr
               DEVELOPMENT_LANGUAGE = en
               DIAGNOSE_MISSING_TARGET_DEPENDENCIES = YES
               DIFF = /usr/bin/diff
               DOCUMENTATION_FOLDER_PATH = FirebaseAuthInterop.framework/en.lproj/Documentation
               DONT_GENERATE_INFOPLIST_FILE = NO
               DSTROOT = /tmp/Pods.dst
               DT_TOOLCHAIN_DIR = /Applications/Xcode.app/Contents/Developer/Toolchains/XcodeDefault.xctoolchain
               DWARF_DSYM_FILE_NAME = FirebaseAuthInterop.framework.dSYM
               DWARF_DSYM_FILE_SHOULD_ACCOMPANY_PRODUCT = NO
               DWARF_DSYM_FOLDER_PATH = /Users/otislewis/arena/build/ios/Release-iphonesimulator/FirebaseAuthInterop
               DYLIB_COMPATIBILITY_VERSION = 1
               DYLIB_CURRENT_VERSION = 1
               DYLIB_INSTALL_NAME_BASE = @rpath
               DYNAMIC_LIBRARY_EXTENSION = dylib
               EAGER_COMPILATION_ALLOW_SCRIPTS = NO
               EAGER_LINKING = NO
               EFFECTIVE_PLATFORM_NAME = -iphonesimulator
               EMBEDDED_CONTENT_CONTAINS_SWIFT = NO
               EMBED_ASSET_PACKS_IN_PRODUCT_BUNDLE = NO
               ENABLE_APP_SANDBOX = NO
               ENABLE_BITCODE = NO
               ENABLE_CODE_COVERAGE = YES
               ENABLE_DEFAULT_HEADER_SEARCH_PATHS = YES
               ENABLE_DEFAULT_SEARCH_PATHS = YES
               ENABLE_HARDENED_RUNTIME = NO
               ENABLE_HEADER_DEPENDENCIES = YES
               ENABLE_INCOMING_NETWORK_CONNECTIONS = NO
               ENABLE_MODULE_VERIFIER = NO
               ENABLE_NS_ASSERTIONS = NO
               ENABLE_ON_DEMAND_RESOURCES = NO
               ENABLE_OUTGOING_NETWORK_CONNECTIONS = NO
               ENABLE_RESOURCE_ACCESS_AUDIO_INPUT = NO
               ENABLE_RESOURCE_ACCESS_BLUETOOTH = NO
               ENABLE_RESOURCE_ACCESS_CALENDARS = NO
               ENABLE_RESOURCE_ACCESS_CAMERA = NO
               ENABLE_RESOURCE_ACCESS_CONTACTS = NO
               ENABLE_RESOURCE_ACCESS_LOCATION = NO
               ENABLE_RESOURCE_ACCESS_PRINTING = NO
               ENABLE_RESOURCE_ACCESS_USB = NO
               ENABLE_SDK_IMPORTS = NO
               ENABLE_STRICT_OBJC_MSGSEND = YES
               ENABLE_TESTABILITY = NO
               ENABLE_TESTING_SEARCH_PATHS = NO
               ENABLE_USER_SCRIPT_SANDBOXING = NO
               ENFORCE_VALID_ARCHS = YES
               ENTITLEMENTS_DESTINATION = __entitlements
               ENTITLEMENTS_REQUIRED = NO
               EXCLUDED_ARCHS = arm64
               EXCLUDED_INSTALLSRC_SUBDIRECTORY_PATTERNS = .DS_Store .svn .git .hg CVS
               EXCLUDED_RECURSIVE_SEARCH_PATH_SUBDIRECTORIES = *.nib *.lproj *.framework *.gch *.xcode* *.xcassets (*) .DS_Store CVS .svn .git .hg *.pbproj *.pbxproj
               EXECUTABLES_FOLDER_PATH = FirebaseAuthInterop.framework/en.lproj
               EXECUTABLE_FOLDER_PATH = FirebaseAuthInterop.framework
               EXECUTABLE_FOLDER_PATH_SHALLOW_BUNDLE_NO = FirebaseAuthInterop.framework
               EXECUTABLE_FOLDER_PATH_SHALLOW_BUNDLE_YES = FirebaseAuthInterop.framework
               EXECUTABLE_NAME = FirebaseAuthInterop
               EXECUTABLE_PATH = FirebaseAuthInterop.framework/FirebaseAuthInterop
               EXTENSIONS_FOLDER_PATH = FirebaseAuthInterop.framework/Extensions
               FILE_LIST = /Users/otislewis/arena/build/ios/Pods.build/Release-iphonesimulator/FirebaseAuthInterop.build/Objects/LinkFileList
               FIXED_FILES_DIR = /Users/otislewis/arena/build/ios/Pods.build/Release-iphonesimulator/FirebaseAuthInterop.build/FixedFiles
               FRAMEWORKS_FOLDER_PATH = FirebaseAuthInterop.framework/Frameworks
               FRAMEWORK_FLAG_PREFIX = -framework
               FRAMEWORK_SEARCH_PATHS = /Users/otislewis/arena/build/ios/Release-iphonesimulator/FirebaseAuthInterop 
               FRAMEWORK_VERSION = A
               FULL_PRODUCT_NAME = FirebaseAuthInterop.framework
               FUSE_BUILD_PHASES = YES
               FUSE_BUILD_SCRIPT_PHASES = NO
               GCC3_VERSION = 3.3
               GCC_C_LANGUAGE_STANDARD = gnu11
               GCC_INLINES_ARE_PRIVATE_EXTERN = YES
               GCC_NO_COMMON_BLOCKS = YES
               GCC_OBJC_LEGACY_DISPATCH = YES
               GCC_PFE_FILE_C_DIALECTS = c objective-c c++ objective-c++
               GCC_PREFIX_HEADER = Target Support Files/FirebaseAuthInterop/FirebaseAuthInterop-prefix.pch
               GCC_PREPROCESSOR_DEFINITIONS = POD_CONFIGURATION_RELEASE=1  COCOAPODS=1
               GCC_TREAT_WARNINGS_AS_ERRORS = NO
               GCC_VERSION = com.apple.compilers.llvm.clang.1_0
               GCC_VERSION_IDENTIFIER = com_apple_compilers_llvm_clang_1_0
               GCC_WARN_64_TO_32_BIT_CONVERSION = YES
               GCC_WARN_ABOUT_RETURN_TYPE = YES_ERROR
               GCC_WARN_UNDECLARED_SELECTOR = YES
               GCC_WARN_UNINITIALIZED_AUTOS = YES_AGGRESSIVE
               GCC_WARN_UNUSED_FUNCTION = YES
               GCC_WARN_UNUSED_VARIABLE = YES
               GENERATED_MODULEMAP_DIR = /Users/otislewis/arena/build/ios/GeneratedModuleMaps-iphonesimulator
               GENERATE_INFOPLIST_FILE = NO
               GENERATE_INTERMEDIATE_TEXT_BASED_STUBS = YES
               GENERATE_MASTER_OBJECT_FILE = NO
               GENERATE_PKGINFO_FILE = NO
               GENERATE_PROFILING_CODE = NO
               GENERATE_TEXT_BASED_STUBS = NO
               GID = 20
               GROUP = staff
               HEADERMAP_INCLUDES_FLAT_ENTRIES_FOR_TARGET_BEING_BUILT = YES
               HEADERMAP_INCLUDES_FRAMEWORK_ENTRIES_FOR_ALL_PRODUCT_TYPES = YES
               HEADERMAP_INCLUDES_FRAMEWORK_ENTRIES_FOR_TARGETS_NOT_BEING_BUILT = YES
               HEADERMAP_INCLUDES_NONPUBLIC_NONPRIVATE_HEADERS = YES
               HEADERMAP_INCLUDES_PROJECT_HEADERS = YES
               HEADERMAP_USES_FRAMEWORK_PREFIX_ENTRIES = YES
               HEADERMAP_USES_VFS = YES
               HEADER_SEARCH_PATHS = /Users/otislewis/arena/build/ios/Release-iphonesimulator/FirebaseAuthInterop/include 
               HIDE_BITCODE_SYMBOLS = YES
               HOME = /Users/otislewis
               HOST_ARCH = arm64
               HOST_PLATFORM = macosx
               ICONV = /usr/bin/iconv
               IMPLICIT_DEPENDENCY_DOMAIN = default
               INFOPLIST_ENABLE_CFBUNDLEICONS_MERGE = YES
               INFOPLIST_EXPAND_BUILD_SETTINGS = YES
               INFOPLIST_FILE = Target Support Files/FirebaseAuthInterop/FirebaseAuthInterop-Info.plist
               INFOPLIST_OUTPUT_FORMAT = binary
               INFOPLIST_PATH = FirebaseAuthInterop.framework/Info.plist
               INFOPLIST_PREPROCESS = NO
               INFOSTRINGS_PATH = FirebaseAuthInterop.framework/en.lproj/InfoPlist.strings
               INLINE_PRIVATE_FRAMEWORKS = NO
               INSTALLAPI_IGNORE_SKIP_INSTALL = YES
               INSTALLHDRS_COPY_PHASE = NO
               INSTALLHDRS_SCRIPT_PHASE = NO
               INSTALL_DIR = /tmp/Pods.dst/Library/Frameworks
               INSTALL_GROUP = staff
               INSTALL_MODE_FLAG = u+w,go-w,a+rX
               INSTALL_OWNER = otislewis
               INSTALL_PATH = /Library/Frameworks
               INSTALL_ROOT = /tmp/Pods.dst
               IPHONEOS_DEPLOYMENT_TARGET = 13.0
               IS_UNOPTIMIZED_BUILD = NO
               JAVAC_DEFAULT_FLAGS = -J-Xms64m -J-XX:NewSize=4M -J-Dfile.encoding=UTF8
               JAVA_APP_STUB = /System/Library/Frameworks/JavaVM.framework/Resources/MacOS/JavaApplicationStub
               JAVA_ARCHIVE_CLASSES = YES
               JAVA_ARCHIVE_TYPE = JAR
               JAVA_COMPILER = /usr/bin/javac
               JAVA_FOLDER_PATH = FirebaseAuthInterop.framework/Java
               JAVA_FRAMEWORK_RESOURCES_DIRS = Resources
               JAVA_JAR_FLAGS = cv
               JAVA_SOURCE_SUBDIR = .
               JAVA_USE_DEPENDENCIES = YES
               JAVA_ZIP_FLAGS = -urg
               JIKES_DEFAULT_FLAGS = +E +OLDCSO
               KEEP_PRIVATE_EXTERNS = NO
               LD_DEPENDENCY_INFO_FILE = /Users/otislewis/arena/build/ios/Pods.build/Release-iphonesimulator/FirebaseAuthInterop.build/Objects-normal/undefined_arch/FirebaseAuthInterop_dependency_info.dat
               LD_DYLIB_INSTALL_NAME = @rpath/FirebaseAuthInterop.framework/FirebaseAuthInterop
               LD_EXPORT_SYMBOLS = YES
               LD_GENERATE_MAP_FILE = NO
               LD_MAP_FILE_PATH = /Users/otislewis/arena/build/ios/Pods.build/Release-iphonesimulator/FirebaseAuthInterop.build/FirebaseAuthInterop-LinkMap-normal-undefined_arch.txt
               LD_NO_PIE = NO
               LD_QUOTE_LINKER_ARGUMENTS_FOR_COMPILER_DRIVER = YES
               LD_RUNPATH_SEARCH_PATHS =  @executable_path/Frameworks @loader_path/Frameworks
               LD_SHARED_CACHE_ELIGIBLE = Automatic
               LD_WARN_DUPLICATE_LIBRARIES = NO
               LD_WARN_UNUSED_DYLIBS = NO
               LEGACY_DEVELOPER_DIR = /Applications/Xcode.app/Contents/PlugIns/Xcode3Core.ideplugin/Contents/SharedSupport/Developer
               LEX = lex
               LIBRARY_DEXT_INSTALL_PATH = /Library/DriverExtensions
               LIBRARY_FLAG_NOSPACE = YES
               LIBRARY_FLAG_PREFIX = -l
               LIBRARY_KEXT_INSTALL_PATH = /Library/Extensions
               LIBRARY_SEARCH_PATHS = /Users/otislewis/arena/build/ios/Release-iphonesimulator/FirebaseAuthInterop 
               LINKER_DISPLAYS_MANGLED_NAMES = NO
               LINK_OBJC_RUNTIME = YES
               LINK_WITH_STANDARD_LIBRARIES = YES
               LLVM_TARGET_TRIPLE_OS_VERSION = ios13.0
               LLVM_TARGET_TRIPLE_SUFFIX = -simulator
               LLVM_TARGET_TRIPLE_VENDOR = apple
               LOCALIZATION_EXPORT_SUPPORTED = YES
               LOCALIZATION_PREFERS_STRING_CATALOGS = NO
               LOCALIZED_RESOURCES_FOLDER_PATH = FirebaseAuthInterop.framework/en.lproj
               LOCALIZED_STRING_MACRO_NAMES = NSLocalizedString CFCopyLocalizedString
               LOCALIZED_STRING_SWIFTUI_SUPPORT = YES
               LOCAL_ADMIN_APPS_DIR = /Applications/Utilities
               LOCAL_APPS_DIR = /Applications
               LOCAL_DEVELOPER_DIR = /Library/Developer
               LOCAL_LIBRARY_DIR = /Library
               LOCROOT = /Users/otislewis/arena/ios/Pods
               LOCSYMROOT = /Users/otislewis/arena/ios/Pods
               MACH_O_TYPE = mh_dylib
               MAC_OS_X_PRODUCT_BUILD_VERSION = 24F74
               MAC_OS_X_VERSION_ACTUAL = 150500
               MAC_OS_X_VERSION_MAJOR = 150000
               MAC_OS_X_VERSION_MINOR = 150500
               MAKE_MERGEABLE = NO
               MERGEABLE_LIBRARY = NO
               MERGED_BINARY_TYPE = none
               MERGE_LINKED_LIBRARIES = NO
               METAL_LIBRARY_FILE_BASE = default
               METAL_LIBRARY_OUTPUT_DIR = /Users/otislewis/arena/build/ios/Release-iphonesimulator/FirebaseAuthInterop/FirebaseAuthInterop.framework
               MODULEMAP_FILE = Target Support Files/FirebaseAuthInterop/FirebaseAuthInterop.modulemap
               MODULES_FOLDER_PATH = FirebaseAuthInterop.framework/Modules
               MTL_ENABLE_DEBUG_INFO = NO
               MTL_FAST_MATH = YES
               NATIVE_ARCH = arm64
               NATIVE_ARCH_32_BIT = arm
               NATIVE_ARCH_64_BIT = arm64
               NATIVE_ARCH_ACTUAL = arm64
               NO_COMMON = YES
               OBJC_ABI_VERSION = 2
               OBJECT_FILE_DIR = /Users/otislewis/arena/build/ios/Pods.build/Release-iphonesimulator/FirebaseAuthInterop.build/Objects
               OBJECT_FILE_DIR_normal = /Users/otislewis/arena/build/ios/Pods.build/Release-iphonesimulator/FirebaseAuthInterop.build/Objects-normal
               OBJROOT = /Users/otislewis/arena/build/ios
               ONLY_ACTIVE_ARCH = NO
               OS = MACOS
               OSAC = /usr/bin/osacompile
               PACKAGE_TYPE = com.apple.package-type.wrapper.framework
               PASCAL_STRINGS = YES
               PATH = /Applications/Xcode.app/Contents/SharedFrameworks/SwiftBuild.framework/Versions/A/PlugIns/SWBBuildService.bundle/Contents/PlugIns/SWBUniversalPlatformPlugin.bundle/Contents/Frameworks/SWBUniversalPlatform.framework/Resources:/Applications/Xcode.app/Contents/Developer/Toolchains/XcodeDefault.xctoolchain/usr/bin:/Applications/Xcode.app/Contents/Developer/Toolchains/XcodeDefault.xctoolchain/usr/local/bin:/Applications/Xcode.app/Contents/Developer/Toolchains/XcodeDefault.xctoolchain/usr/libexec:/Applications/Xcode.app/Contents/Developer/Platforms/iPhoneSimulator.platform/usr/bin:/Applications/Xcode.app/Contents/Developer/Platforms/iPhoneSimulator.platform/usr/local/bin:/Applications/Xcode.app/Contents/Developer/Platforms/iPhoneSimulator.platform/Developer/usr/bin:/Applications/Xcode.app/Contents/Developer/Platforms/iPhoneSimulator.platform/Developer/usr/local/bin:/Applications/Xcode.app/Contents/Developer/usr/bin:/Applications/Xcode.app/Contents/Developer/usr/local/bin:/Users/otislewis/.gem/ruby/3.3.0/bin:/opt/homebrew/bin:/opt/homebrew/sbin:/usr/local/bin:/System/Cryptexes/App/usr/bin:/usr/bin:/bin:/usr/sbin:/sbin:/var/run/com.apple.security.cryptexd/codex.system/bootstrap/usr/local/bin:/var/run/com.apple.security.cryptexd/codex.system/bootstrap/usr/bin:/var/run/com.apple.security.cryptexd/codex.system/bootstrap/usr/appleinternal/bin:/Library/Apple/usr/bin:/opt/homebrew/Caskroom/flutter/3.32.0/flutter/bin:/Users/otislewis/Library/Android/sdk/emulator:/Users/otislewis/Library/Android/sdk/tools:/Users/otislewis/Library/Android/sdk/tools/bin:/Users/otislewis/Library/Android/sdk/platform-tools:/opt/homebrew/Caskroom/flutter/3.32.0/flutter/bin/cache/dart-sdk/bin
               PATH_PREFIXES_EXCLUDED_FROM_HEADER_DEPENDENCIES = /usr/include /usr/local/include /System/Library/Frameworks /System/Library/PrivateFrameworks /Applications/Xcode.app/Contents/Developer/Headers /Applications/Xcode.app/Contents/Developer/SDKs /Applications/Xcode.app/Contents/Developer/Platforms
               PBDEVELOPMENTPLIST_PATH = FirebaseAuthInterop.framework/pbdevelopment.plist
               PER_ARCH_MODULE_FILE_DIR = /Users/otislewis/arena/build/ios/Pods.build/Release-iphonesimulator/FirebaseAuthInterop.build/Objects-normal/undefined_arch
               PER_ARCH_OBJECT_FILE_DIR = /Users/otislewis/arena/build/ios/Pods.build/Release-iphonesimulator/FirebaseAuthInterop.build/Objects-normal/undefined_arch
               PER_VARIANT_OBJECT_FILE_DIR = /Users/otislewis/arena/build/ios/Pods.build/Release-iphonesimulator/FirebaseAuthInterop.build/Objects-normal
               PKGINFO_FILE_PATH = /Users/otislewis/arena/build/ios/Pods.build/Release-iphonesimulator/FirebaseAuthInterop.build/PkgInfo
               PKGINFO_PATH = FirebaseAuthInterop.framework/PkgInfo
               PLATFORM_DEVELOPER_APPLICATIONS_DIR = /Applications/Xcode.app/Contents/Developer/Platforms/iPhoneSimulator.platform/Developer/Applications
               PLATFORM_DEVELOPER_BIN_DIR = /Applications/Xcode.app/Contents/Developer/Platforms/iPhoneSimulator.platform/Developer/usr/bin
               PLATFORM_DEVELOPER_LIBRARY_DIR = /Applications/Xcode.app/Contents/Developer/Platforms/iPhoneSimulator.platform/Developer/Library
               PLATFORM_DEVELOPER_SDK_DIR = /Applications/Xcode.app/Contents/Developer/Platforms/iPhoneSimulator.platform/Developer/SDKs
               PLATFORM_DEVELOPER_TOOLS_DIR = /Applications/Xcode.app/Contents/Developer/Platforms/iPhoneSimulator.platform/Developer/Tools
               PLATFORM_DEVELOPER_USR_DIR = /Applications/Xcode.app/Contents/Developer/Platforms/iPhoneSimulator.platform/Developer/usr
               PLATFORM_DIR = /Applications/Xcode.app/Contents/Developer/Platforms/iPhoneSimulator.platform
               PLATFORM_DISPLAY_NAME = iOS Simulator
               PLATFORM_FAMILY_NAME = iOS
               PLATFORM_NAME = iphonesimulator
               PLATFORM_PREFERRED_ARCH = x86_64
               PLATFORM_PRODUCT_BUILD_VERSION = 22E235
               PLATFORM_REQUIRES_SWIFT_AUTOLINK_EXTRACT = NO
               PLATFORM_REQUIRES_SWIFT_MODULEWRAP = NO
               PLIST_FILE_OUTPUT_FORMAT = binary
               PLUGINS_FOLDER_PATH = FirebaseAuthInterop.framework/PlugIns
               PODS_BUILD_DIR = /Users/otislewis/arena/build/ios
               PODS_CONFIGURATION_BUILD_DIR = /Users/otislewis/arena/build/ios/Release-iphonesimulator
               PODS_DEVELOPMENT_LANGUAGE = en
               PODS_ROOT = /Users/otislewis/arena/ios/Pods
               PODS_TARGET_SRCROOT = /Users/otislewis/arena/ios/Pods/FirebaseAuthInterop
               PODS_XCFRAMEWORKS_BUILD_DIR = /Users/otislewis/arena/build/ios/Release-iphonesimulator/XCFrameworkIntermediates
               PRECOMPS_INCLUDE_HEADERS_FROM_BUILT_PRODUCTS_DIR = YES
               PRECOMP_DESTINATION_DIR = /Users/otislewis/arena/build/ios/Pods.build/Release-iphonesimulator/FirebaseAuthInterop.build/PrefixHeaders
               PRIVATE_HEADERS_FOLDER_PATH = FirebaseAuthInterop.framework/PrivateHeaders
               PROCESSED_INFOPLIST_PATH = /Users/otislewis/arena/build/ios/Pods.build/Release-iphonesimulator/FirebaseAuthInterop.build/Objects-normal/undefined_arch/Processed-Info.plist
               PRODUCT_BUNDLE_IDENTIFIER = org.cocoapods.FirebaseAuthInterop
               PRODUCT_BUNDLE_PACKAGE_TYPE = FMWK
               PRODUCT_MODULE_NAME = FirebaseAuthInterop
               PRODUCT_NAME = FirebaseAuthInterop
               PRODUCT_SETTINGS_PATH = /Users/otislewis/arena/ios/Pods/Target Support Files/FirebaseAuthInterop/FirebaseAuthInterop-Info.plist
               PRODUCT_TYPE = com.apple.product-type.framework
               PROFILING_CODE = NO
               PROJECT = Pods
               PROJECT_DERIVED_FILE_DIR = /Users/otislewis/arena/build/ios/Pods.build/DerivedSources
               PROJECT_DIR = /Users/otislewis/arena/ios/Pods
               PROJECT_FILE_PATH = /Users/otislewis/arena/ios/Pods/Pods.xcodeproj
               PROJECT_GUID = bfdfe7dc352907fc980b868725387e98
               PROJECT_NAME = Pods
               PROJECT_TEMP_DIR = /Users/otislewis/arena/build/ios/Pods.build
               PROJECT_TEMP_ROOT = /Users/otislewis/arena/build/ios
               PUBLIC_HEADERS_FOLDER_PATH = FirebaseAuthInterop.framework/Headers
               RECOMMENDED_IPHONEOS_DEPLOYMENT_TARGET = 15.0
               RECURSIVE_SEARCH_PATHS_FOLLOW_SYMLINKS = YES
               REMOVE_CVS_FROM_RESOURCES = YES
               REMOVE_GIT_FROM_RESOURCES = YES
               REMOVE_HEADERS_FROM_EMBEDDED_BUNDLES = YES
               REMOVE_HG_FROM_RESOURCES = YES
               REMOVE_STATIC_EXECUTABLES_FROM_EMBEDDED_BUNDLES = YES
               REMOVE_SVN_FROM_RESOURCES = YES
               RESCHEDULE_INDEPENDENT_HEADERS_PHASES = YES
               REZ_COLLECTOR_DIR = /Users/otislewis/arena/build/ios/Pods.build/Release-iphonesimulator/FirebaseAuthInterop.build/ResourceManagerResources
               REZ_OBJECTS_DIR = /Users/otislewis/arena/build/ios/Pods.build/Release-iphonesimulator/FirebaseAuthInterop.build/ResourceManagerResources/Objects
               REZ_SEARCH_PATHS = /Users/otislewis/arena/build/ios/Release-iphonesimulator/FirebaseAuthInterop 
               SCAN_ALL_SOURCE_FILES_FOR_INCLUDES = NO
               SCRIPTS_FOLDER_PATH = FirebaseAuthInterop.framework/Scripts
               SDKROOT = /Applications/Xcode.app/Contents/Developer/Platforms/iPhoneSimulator.platform/Developer/SDKs/iPhoneSimulator18.4.sdk
               SDK_DIR = /Applications/Xcode.app/Contents/Developer/Platforms/iPhoneSimulator.platform/Developer/SDKs/iPhoneSimulator18.4.sdk
               SDK_DIR_iphonesimulator = /Applications/Xcode.app/Contents/Developer/Platforms/iPhoneSimulator.platform/Developer/SDKs/iPhoneSimulator18.4.sdk
               SDK_DIR_iphonesimulator18_4 = /Applications/Xcode.app/Contents/Developer/Platforms/iPhoneSimulator.platform/Developer/SDKs/iPhoneSimulator18.4.sdk
               SDK_NAME = iphonesimulator18.4
               SDK_NAMES = iphonesimulator18.4
               SDK_PRODUCT_BUILD_VERSION = 22E235
               SDK_STAT_CACHE_DIR = /var/folders/4y/xy3fflts0nqfk1tsxg0t3mmr0000gn/C/com.apple.DeveloperTools/16.3-16E140/Xcode
               SDK_STAT_CACHE_ENABLE = YES
               SDK_STAT_CACHE_PATH = /var/folders/4y/xy3fflts0nqfk1tsxg0t3mmr0000gn/C/com.apple.DeveloperTools/16.3-16E140/Xcode/SDKStatCaches.noindex/iphonesimulator18.4-22E235-71825a6d136aa4733edcbe86ece5525b.sdkstatcache
               SDK_VERSION = 18.4
               SDK_VERSION_ACTUAL = 180400
               SDK_VERSION_MAJOR = 180000
               SDK_VERSION_MINOR = 180400
               SED = /usr/bin/sed
               SEPARATE_STRIP = NO
               SEPARATE_SYMBOL_EDIT = NO
               SET_DIR_MODE_OWNER_GROUP = YES
               SET_FILE_MODE_OWNER_GROUP = NO
               SHALLOW_BUNDLE = YES
               SHALLOW_BUNDLE_TRIPLE = ios-simulator
               SHALLOW_BUNDLE_ios_macabi = NO
               SHALLOW_BUNDLE_macos = NO
               SHARED_DERIVED_FILE_DIR = /Users/otislewis/arena/build/ios/Release-iphonesimulator/FirebaseAuthInterop/DerivedSources
               SHARED_FRAMEWORKS_FOLDER_PATH = FirebaseAuthInterop.framework/SharedFrameworks
               SHARED_PRECOMPS_DIR = /Users/otislewis/arena/build/ios/SharedPrecompiledHeaders
               SHARED_SUPPORT_FOLDER_PATH = FirebaseAuthInterop.framework
               SKIP_INSTALL = YES
               SOURCE_ROOT = /Users/otislewis/arena/ios/Pods
               SRCROOT = /Users/otislewis/arena/ios/Pods
               STRINGSDATA_DIR = /Users/otislewis/arena/build/ios/Pods.build/Release-iphonesimulator/FirebaseAuthInterop.build/Objects-normal/undefined_arch
               STRINGSDATA_ROOT = /Users/otislewis/arena/build/ios/Pods.build/Release-iphonesimulator/FirebaseAuthInterop.build
               STRINGS_FILE_INFOPLIST_RENAME = YES
               STRINGS_FILE_OUTPUT_ENCODING = binary
               STRIP_BITCODE_FROM_COPIED_FILES = NO
               STRIP_INSTALLED_PRODUCT = NO
               STRIP_STYLE = debugging
               STRIP_SWIFT_SYMBOLS = YES
               SUPPORTED_DEVICE_FAMILIES = 1,2
               SUPPORTED_PLATFORMS = iphoneos iphonesimulator
               SUPPORTS_TEXT_BASED_API = NO
               SUPPRESS_WARNINGS = NO
               SWIFT_ACTIVE_COMPILATION_CONDITIONS =  
               SWIFT_COMPILATION_MODE = wholemodule
               SWIFT_EMIT_LOC_STRINGS = NO
               SWIFT_INSTALL_MODULE_FOR_DEPLOYMENT = YES
               SWIFT_INSTALL_OBJC_HEADER = YES
               SWIFT_OPTIMIZATION_LEVEL = -O
               SWIFT_PLATFORM_TARGET_PREFIX = ios
               SWIFT_VERSION = 5.0
               SYMROOT = /Users/otislewis/arena/ios/build
               SYSTEM_ADMIN_APPS_DIR = /Applications/Utilities
               SYSTEM_APPS_DIR = /Applications
               SYSTEM_CORE_SERVICES_DIR = /System/Library/CoreServices
               SYSTEM_DEMOS_DIR = /Applications/Extras
               SYSTEM_DEVELOPER_APPS_DIR = /Applications/Xcode.app/Contents/Developer/Applications
               SYSTEM_DEVELOPER_BIN_DIR = /Applications/Xcode.app/Contents/Developer/usr/bin
               SYSTEM_DEVELOPER_DEMOS_DIR = /Applications/Xcode.app/Contents/Developer/Applications/Utilities/Built Examples
               SYSTEM_DEVELOPER_DIR = /Applications/Xcode.app/Contents/Developer
               SYSTEM_DEVELOPER_DOC_DIR = /Applications/Xcode.app/Contents/Developer/ADC Reference Library
               SYSTEM_DEVELOPER_GRAPHICS_TOOLS_DIR = /Applications/Xcode.app/Contents/Developer/Applications/Graphics Tools
               SYSTEM_DEVELOPER_JAVA_TOOLS_DIR = /Applications/Xcode.app/Contents/Developer/Applications/Java Tools
               SYSTEM_DEVELOPER_PERFORMANCE_TOOLS_DIR = /Applications/Xcode.app/Contents/Developer/Applications/Performance Tools
               SYSTEM_DEVELOPER_RELEASENOTES_DIR = /Applications/Xcode.app/Contents/Developer/ADC Reference Library/releasenotes
               SYSTEM_DEVELOPER_TOOLS = /Applications/Xcode.app/Contents/Developer/Tools
               SYSTEM_DEVELOPER_TOOLS_DOC_DIR = /Applications/Xcode.app/Contents/Developer/ADC Reference Library/documentation/DeveloperTools
               SYSTEM_DEVELOPER_TOOLS_RELEASENOTES_DIR = /Applications/Xcode.app/Contents/Developer/ADC Reference Library/releasenotes/DeveloperTools
               SYSTEM_DEVELOPER_USR_DIR = /Applications/Xcode.app/Contents/Developer/usr
               SYSTEM_DEVELOPER_UTILITIES_DIR = /Applications/Xcode.app/Contents/Developer/Applications/Utilities
               SYSTEM_DEXT_INSTALL_PATH = /System/Library/DriverExtensions
               SYSTEM_DOCUMENTATION_DIR = /Library/Documentation
               SYSTEM_EXTENSIONS_FOLDER_PATH = FirebaseAuthInterop.framework/SystemExtensions
               SYSTEM_EXTENSIONS_FOLDER_PATH_SHALLOW_BUNDLE_NO = FirebaseAuthInterop.framework/Library/SystemExtensions
               SYSTEM_EXTENSIONS_FOLDER_PATH_SHALLOW_BUNDLE_YES = FirebaseAuthInterop.framework/SystemExtensions
               SYSTEM_KEXT_INSTALL_PATH = /System/Library/Extensions
               SYSTEM_LIBRARY_DIR = /System/Library
               TAPI_DEMANGLE = YES
               TAPI_ENABLE_PROJECT_HEADERS = NO
               TAPI_LANGUAGE = objective-c
               TAPI_LANGUAGE_STANDARD = compiler-default
               TAPI_USE_SRCROOT = YES
               TAPI_VERIFY_MODE = Pedantic
               TARGETED_DEVICE_FAMILY = 1,2
               TARGETNAME = FirebaseAuthInterop
               TARGET_BUILD_DIR = /Users/otislewis/arena/build/ios/Release-iphonesimulator/FirebaseAuthInterop
               TARGET_NAME = FirebaseAuthInterop
               TARGET_TEMP_DIR = /Users/otislewis/arena/build/ios/Pods.build/Release-iphonesimulator/FirebaseAuthInterop.build
               TEMP_DIR = /Users/otislewis/arena/build/ios/Pods.build/Release-iphonesimulator/FirebaseAuthInterop.build
               TEMP_FILES_DIR = /Users/otislewis/arena/build/ios/Pods.build/Release-iphonesimulator/FirebaseAuthInterop.build
               TEMP_FILE_DIR = /Users/otislewis/arena/build/ios/Pods.build/Release-iphonesimulator/FirebaseAuthInterop.build
               TEMP_ROOT = /Users/otislewis/arena/build/ios
               TEMP_SANDBOX_DIR = /Users/otislewis/arena/build/ios/TemporaryTaskSandboxes
               TEST_FRAMEWORK_SEARCH_PATHS =  /Applications/Xcode.app/Contents/Developer/Platforms/iPhoneSimulator.platform/Developer/Library/Frameworks /Applications/Xcode.app/Contents/Developer/Platforms/iPhoneSimulator.platform/Developer/SDKs/iPhoneSimulator18.4.sdk/Developer/Library/Frameworks
               TEST_LIBRARY_SEARCH_PATHS =  /Applications/Xcode.app/Contents/Developer/Platforms/iPhoneSimulator.platform/Developer/usr/lib
               TOOLCHAINS = com.apple.dt.toolchain.XcodeDefault
               TOOLCHAIN_DIR = /Applications/Xcode.app/Contents/Developer/Toolchains/XcodeDefault.xctoolchain
               TREAT_MISSING_BASELINES_AS_TEST_FAILURES = NO
               TREAT_MISSING_SCRIPT_PHASE_OUTPUTS_AS_ERRORS = NO
               UID = 501
               UNINSTALLED_PRODUCTS_DIR = /Users/otislewis/arena/build/ios/UninstalledProducts
               UNLOCALIZED_RESOURCES_FOLDER_PATH = FirebaseAuthInterop.framework
               UNLOCALIZED_RESOURCES_FOLDER_PATH_SHALLOW_BUNDLE_NO = FirebaseAuthInterop.framework/Resources
               UNLOCALIZED_RESOURCES_FOLDER_PATH_SHALLOW_BUNDLE_YES = FirebaseAuthInterop.framework
               UNSTRIPPED_PRODUCT = NO
               USER = otislewis
               USER_APPS_DIR = /Users/otislewis/Applications
               USER_LIBRARY_DIR = /Users/otislewis/Library
               USE_DYNAMIC_NO_PIC = YES
               USE_HEADERMAP = YES
               USE_HEADER_SYMLINKS = NO
               USE_RECURSIVE_SCRIPT_INPUTS_IN_SCRIPT_PHASES = YES
               VALIDATE_DEVELOPMENT_ASSET_PATHS = YES_ERROR
               VALIDATE_PRODUCT = YES
               VALID_ARCHS = arm64
               VERBOSE_PBXCP = NO
               VERSIONING_SYSTEM = apple-generic
               VERSIONPLIST_PATH = FirebaseAuthInterop.framework/version.plist
               VERSIONS_FOLDER_PATH = FirebaseAuthInterop.framework
               VERSIONS_FOLDER_PATH_SHALLOW_BUNDLE_NO = FirebaseAuthInterop.framework/Versions
               VERSIONS_FOLDER_PATH_SHALLOW_BUNDLE_YES = FirebaseAuthInterop.framework
               VERSION_INFO_BUILDER = otislewis
               VERSION_INFO_FILE = FirebaseAuthInterop_vers.c
               VERSION_INFO_STRING = "@(#)PROGRAM:FirebaseAuthInterop  PROJECT:Pods-1"
               WORKSPACE_DIR = /Users/otislewis/arena/ios/Pods/Pods.xcodeproj
               WRAPPER_EXTENSION = framework
               WRAPPER_NAME = FirebaseAuthInterop.framework
               WRAPPER_SUFFIX = .framework
               WRAP_ASSET_PACKS_IN_SEPARATE_DIRECTORIES = NO
               XCODE_APP_SUPPORT_DIR = /Applications/Xcode.app/Contents/Developer/Library/Xcode
               XCODE_PRODUCT_BUILD_VERSION = 16E140
               XCODE_VERSION_ACTUAL = 1630
               XCODE_VERSION_MAJOR = 1600
               XCODE_VERSION_MINOR = 1630
               XPCSERVICES_FOLDER_PATH = FirebaseAuthInterop.framework/XPCServices
               YACC = yacc
               _DISCOVER_COMMAND_LINE_LINKER_INPUTS = YES
               _DISCOVER_COMMAND_LINE_LINKER_INPUTS_INCLUDE_WL = YES
               _WRAPPER_CONTENTS_DIR_SHALLOW_BUNDLE_NO = /Contents
               _WRAPPER_PARENT_PATH_SHALLOW_BUNDLE_NO = /..
               _WRAPPER_RESOURCES_DIR_SHALLOW_BUNDLE_NO = /Resources
               __DIAGNOSE_DEPRECATED_ARCHS = YES
               arch = undefined_arch
               variant = normal

           Build settings for action build and target FirebaseCore:
               ACTION = build
               AD_HOC_CODE_SIGNING_ALLOWED = YES
               ALLOW_BUILD_REQUEST_OVERRIDES = NO
               ALLOW_TARGET_PLATFORM_SPECIALIZATION = NO
               ALTERNATE_GROUP = staff
               ALTERNATE_MODE = u+w,go-w,a+rX
               ALTERNATE_OWNER = otislewis
               ALTERNATIVE_DISTRIBUTION_WEB = NO
               ALWAYS_EMBED_SWIFT_STANDARD_LIBRARIES = NO
               ALWAYS_SEARCH_USER_PATHS = NO
               ALWAYS_USE_SEPARATE_HEADERMAPS = NO
               APPLICATION_EXTENSION_API_ONLY = NO
               APPLY_RULES_IN_COPY_FILES = NO
               APPLY_RULES_IN_COPY_HEADERS = NO
               APP_SHORTCUTS_ENABLE_FLEXIBLE_MATCHING = YES
               ARCHS_STANDARD = arm64 x86_64
               ARCHS_STANDARD_32_64_BIT = arm64 x86_64
               ARCHS_STANDARD_64_BIT = arm64 x86_64
               ARCHS_STANDARD_INCLUDING_64_BIT = arm64 x86_64
               ARCHS_UNIVERSAL_IPHONE_OS = arm64 x86_64
               AUTOMATICALLY_MERGE_DEPENDENCIES = NO
               AVAILABLE_PLATFORMS = android appletvos appletvsimulator driverkit iphoneos iphonesimulator macosx qnx watchos watchsimulator xros xrsimulator
               BITCODE_GENERATION_MODE = marker
               BUILD_ACTIVE_RESOURCES_ONLY = NO
               BUILD_COMPONENTS = headers build
               BUILD_DIR = /Users/otislewis/arena/build/ios
               BUILD_LIBRARY_FOR_DISTRIBUTION = NO
               BUILD_ROOT = /Users/otislewis/arena/ios/build
               BUILD_STYLE = 
               BUILD_VARIANTS = normal
               BUILT_PRODUCTS_DIR = /Users/otislewis/arena/build/ios/Release-iphonesimulator/FirebaseCore
               BUNDLE_CONTENTS_FOLDER_PATH_deep = Contents/
               BUNDLE_EXECUTABLE_FOLDER_NAME_deep = MacOS
               BUNDLE_EXTENSIONS_FOLDER_PATH = Extensions
               BUNDLE_FORMAT = shallow
               BUNDLE_FRAMEWORKS_FOLDER_PATH = Frameworks
               BUNDLE_PLUGINS_FOLDER_PATH = PlugIns
               BUNDLE_PRIVATE_HEADERS_FOLDER_PATH = PrivateHeaders
               BUNDLE_PUBLIC_HEADERS_FOLDER_PATH = Headers
               CACHE_ROOT = /var/folders/4y/xy3fflts0nqfk1tsxg0t3mmr0000gn/C/com.apple.DeveloperTools/16.3-16E140/Xcode
               CCHROOT = /var/folders/4y/xy3fflts0nqfk1tsxg0t3mmr0000gn/C/com.apple.DeveloperTools/16.3-16E140/Xcode
               CHMOD = /bin/chmod
               CHOWN = /usr/sbin/chown
               CLANG_ANALYZER_LOCALIZABILITY_NONLOCALIZED = YES
               CLANG_ANALYZER_NONNULL = YES
               CLANG_ANALYZER_NUMBER_OBJECT_CONVERSION = YES_AGGRESSIVE
               CLANG_CACHE_FINE_GRAINED_OUTPUTS = YES
               CLANG_CXX_LANGUAGE_STANDARD = gnu++14
               CLANG_CXX_LIBRARY = libc++
               CLANG_ENABLE_EXPLICIT_MODULES = YES
               CLANG_ENABLE_MODULES = YES
               CLANG_ENABLE_OBJC_ARC = YES
               CLANG_ENABLE_OBJC_WEAK = NO
               CLANG_MODULES_BUILD_SESSION_FILE = /var/folders/4y/xy3fflts0nqfk1tsxg0t3mmr0000gn/C/org.llvm.clang/ModuleCache.noindex/Session.modulevalidation
               CLANG_WARN_BLOCK_CAPTURE_AUTORELEASING = YES
               CLANG_WARN_BOOL_CONVERSION = YES
               CLANG_WARN_COMMA = YES
               CLANG_WARN_CONSTANT_CONVERSION = YES
               CLANG_WARN_DEPRECATED_OBJC_IMPLEMENTATIONS = YES
               CLANG_WARN_DIRECT_OBJC_ISA_USAGE = YES_ERROR
               CLANG_WARN_DOCUMENTATION_COMMENTS = YES
               CLANG_WARN_EMPTY_BODY = YES
               CLANG_WARN_ENUM_CONVERSION = YES
               CLANG_WARN_INFINITE_RECURSION = YES
               CLANG_WARN_INT_CONVERSION = YES
               CLANG_WARN_NON_LITERAL_NULL_CONVERSION = YES
               CLANG_WARN_OBJC_IMPLICIT_RETAIN_SELF = YES
               CLANG_WARN_OBJC_LITERAL_CONVERSION = YES
               CLANG_WARN_OBJC_ROOT_CLASS = YES_ERROR
               CLANG_WARN_QUOTED_INCLUDE_IN_FRAMEWORK_HEADER = NO
               CLANG_WARN_RANGE_LOOP_ANALYSIS = YES
               CLANG_WARN_STRICT_PROTOTYPES = YES
               CLANG_WARN_SUSPICIOUS_MOVE = YES
               CLANG_WARN_UNGUARDED_AVAILABILITY = YES_AGGRESSIVE
               CLANG_WARN_UNREACHABLE_CODE = YES
               CLANG_WARN__DUPLICATE_METHOD_MATCH = YES
               CLASS_FILE_DIR = /Users/otislewis/arena/build/ios/Pods.build/Release-iphonesimulator/FirebaseCore.build/JavaClasses
               CLEAN_PRECOMPS = YES
               CLONE_HEADERS = NO
               CODESIGNING_FOLDER_PATH = /Users/otislewis/arena/build/ios/Release-iphonesimulator/FirebaseCore/FirebaseCore.framework
               CODE_SIGNING_ALLOWED = YES
               CODE_SIGNING_REQUIRED = NO
               CODE_SIGNING_REQUIRES_TEAM = YES
               CODE_SIGN_CONTEXT_CLASS = XCiPhoneSimulatorCodeSignContext
               CODE_SIGN_IDENTITY = -
               CODE_SIGN_INJECT_BASE_ENTITLEMENTS = YES
               COLOR_DIAGNOSTICS = NO
               COMBINE_HIDPI_IMAGES = NO
               COMPILATION_CACHE_CAS_PATH = /var/folders/4y/xy3fflts0nqfk1tsxg0t3mmr0000gn/C/com.apple.DeveloperTools/16.3-16E140/Xcode/CompilationCache.noindex
               COMPILATION_CACHE_KEEP_CAS_DIRECTORY = YES
               COMPILER_INDEX_STORE_ENABLE = Default
               COMPOSITE_SDK_DIRS = /Users/otislewis/arena/build/ios/CompositeSDKs
               COMPRESS_PNG_FILES = YES
               CONFIGURATION = Release
               CONFIGURATION_BUILD_DIR = /Users/otislewis/arena/build/ios/Release-iphonesimulator/FirebaseCore
               CONFIGURATION_TEMP_DIR = /Users/otislewis/arena/build/ios/Pods.build/Release-iphonesimulator
               CONTENTS_FOLDER_PATH = FirebaseCore.framework
               CONTENTS_FOLDER_PATH_SHALLOW_BUNDLE_NO = FirebaseCore.framework/A
               CONTENTS_FOLDER_PATH_SHALLOW_BUNDLE_YES = FirebaseCore.framework
               COPYING_PRESERVES_HFS_DATA = NO
               COPY_HEADERS_RUN_UNIFDEF = NO
               COPY_PHASE_STRIP = NO
               CORRESPONDING_DEVICE_PLATFORM_DIR = /Applications/Xcode.app/Contents/Developer/Platforms/iPhoneOS.platform
               CORRESPONDING_DEVICE_PLATFORM_NAME = iphoneos
               CORRESPONDING_DEVICE_SDK_DIR = /Applications/Xcode.app/Contents/Developer/Platforms/iPhoneOS.platform/Developer/SDKs/iPhoneOS18.4.sdk
               CORRESPONDING_DEVICE_SDK_NAME = iphoneos18.4
               CP = /bin/cp
               CREATE_INFOPLIST_SECTION_IN_BINARY = NO
               CURRENT_ARCH = undefined_arch
               CURRENT_PROJECT_VERSION = 1
               CURRENT_VARIANT = normal
               CURRENT_VERSION = Current
               DEAD_CODE_STRIPPING = YES
               DEBUGGING_SYMBOLS = YES
               DEBUG_INFORMATION_FORMAT = dwarf-with-dsym
               DEBUG_INFORMATION_VERSION = compiler-default
               DEFAULT_COMPILER = com.apple.compilers.llvm.clang.1_0
               DEFAULT_DEXT_INSTALL_PATH = /System/Library/DriverExtensions
               DEFAULT_KEXT_INSTALL_PATH = /System/Library/Extensions
               DEFINES_MODULE = YES
               DEPLOYMENT_LOCATION = NO
               DEPLOYMENT_POSTPROCESSING = NO
               DEPLOYMENT_TARGET_SETTING_NAME = IPHONEOS_DEPLOYMENT_TARGET
               DEPLOYMENT_TARGET_SUGGESTED_VALUES = 12.0 12.1 12.2 12.3 12.4 13.0 13.1 13.2 13.3 13.4 13.5 13.6 14.0 14.1 14.2 14.3 14.4 14.5 14.6 14.7 15.0 15.1 15.2 15.3 15.4 15.5 15.6 16.0 16.1 16.2 16.3 16.4 16.5 16.6 17.0 17.1 17.2 17.3 17.4 17.5 17.6 18.0 18.1 18.2 18.3 18.4
               DERIVED_FILES_DIR = /Users/otislewis/arena/build/ios/Pods.build/Release-iphonesimulator/FirebaseCore.build/DerivedSources
               DERIVED_FILE_DIR = /Users/otislewis/arena/build/ios/Pods.build/Release-iphonesimulator/FirebaseCore.build/DerivedSources
               DERIVED_SOURCES_DIR = /Users/otislewis/arena/build/ios/Pods.build/Release-iphonesimulator/FirebaseCore.build/DerivedSources
               DEVELOPER_APPLICATIONS_DIR = /Applications/Xcode.app/Contents/Developer/Applications
               DEVELOPER_BIN_DIR = /Applications/Xcode.app/Contents/Developer/usr/bin
               DEVELOPER_DIR = /Applications/Xcode.app/Contents/Developer
               DEVELOPER_FRAMEWORKS_DIR = /Applications/Xcode.app/Contents/Developer/Library/Frameworks
               DEVELOPER_FRAMEWORKS_DIR_QUOTED = /Applications/Xcode.app/Contents/Developer/Library/Frameworks
               DEVELOPER_LIBRARY_DIR = /Applications/Xcode.app/Contents/Developer/Library
               DEVELOPER_SDK_DIR = /Applications/Xcode.app/Contents/Developer/Platforms/MacOSX.platform/Developer/SDKs
               DEVELOPER_TOOLS_DIR = /Applications/Xcode.app/Contents/Developer/Tools
               DEVELOPER_USR_DIR = /Applications/Xcode.app/Contents/Developer/usr
               DEVELOPMENT_LANGUAGE = en
               DIAGNOSE_MISSING_TARGET_DEPENDENCIES = YES
               DIFF = /usr/bin/diff
               DOCUMENTATION_FOLDER_PATH = FirebaseCore.framework/en.lproj/Documentation
               DONT_GENERATE_INFOPLIST_FILE = NO
               DSTROOT = /tmp/Pods.dst
               DT_TOOLCHAIN_DIR = /Applications/Xcode.app/Contents/Developer/Toolchains/XcodeDefault.xctoolchain
               DWARF_DSYM_FILE_NAME = FirebaseCore.framework.dSYM
               DWARF_DSYM_FILE_SHOULD_ACCOMPANY_PRODUCT = NO
               DWARF_DSYM_FOLDER_PATH = /Users/otislewis/arena/build/ios/Release-iphonesimulator/FirebaseCore
               DYLIB_COMPATIBILITY_VERSION = 1
               DYLIB_CURRENT_VERSION = 1
               DYLIB_INSTALL_NAME_BASE = @rpath
               DYNAMIC_LIBRARY_EXTENSION = dylib
               EAGER_COMPILATION_ALLOW_SCRIPTS = NO
               EAGER_LINKING = NO
               EFFECTIVE_PLATFORM_NAME = -iphonesimulator
               EMBEDDED_CONTENT_CONTAINS_SWIFT = NO
               EMBED_ASSET_PACKS_IN_PRODUCT_BUNDLE = NO
               ENABLE_APP_SANDBOX = NO
               ENABLE_BITCODE = NO
               ENABLE_CODE_COVERAGE = YES
               ENABLE_DEFAULT_HEADER_SEARCH_PATHS = YES
               ENABLE_DEFAULT_SEARCH_PATHS = YES
               ENABLE_HARDENED_RUNTIME = NO
               ENABLE_HEADER_DEPENDENCIES = YES
               ENABLE_INCOMING_NETWORK_CONNECTIONS = NO
               ENABLE_MODULE_VERIFIER = NO
               ENABLE_NS_ASSERTIONS = NO
               ENABLE_ON_DEMAND_RESOURCES = NO
               ENABLE_OUTGOING_NETWORK_CONNECTIONS = NO
               ENABLE_RESOURCE_ACCESS_AUDIO_INPUT = NO
               ENABLE_RESOURCE_ACCESS_BLUETOOTH = NO
               ENABLE_RESOURCE_ACCESS_CALENDARS = NO
               ENABLE_RESOURCE_ACCESS_CAMERA = NO
               ENABLE_RESOURCE_ACCESS_CONTACTS = NO
               ENABLE_RESOURCE_ACCESS_LOCATION = NO
               ENABLE_RESOURCE_ACCESS_PRINTING = NO
               ENABLE_RESOURCE_ACCESS_USB = NO
               ENABLE_SDK_IMPORTS = NO
               ENABLE_STRICT_OBJC_MSGSEND = YES
               ENABLE_TESTABILITY = NO
               ENABLE_TESTING_SEARCH_PATHS = NO
               ENABLE_USER_SCRIPT_SANDBOXING = NO
               ENFORCE_VALID_ARCHS = YES
               ENTITLEMENTS_DESTINATION = __entitlements
               ENTITLEMENTS_REQUIRED = NO
               EXCLUDED_ARCHS = arm64
               EXCLUDED_INSTALLSRC_SUBDIRECTORY_PATTERNS = .DS_Store .svn .git .hg CVS
               EXCLUDED_RECURSIVE_SEARCH_PATH_SUBDIRECTORIES = *.nib *.lproj *.framework *.gch *.xcode* *.xcassets (*) .DS_Store CVS .svn .git .hg *.pbproj *.pbxproj
               EXECUTABLES_FOLDER_PATH = FirebaseCore.framework/en.lproj
               EXECUTABLE_FOLDER_PATH = FirebaseCore.framework
               EXECUTABLE_FOLDER_PATH_SHALLOW_BUNDLE_NO = FirebaseCore.framework
               EXECUTABLE_FOLDER_PATH_SHALLOW_BUNDLE_YES = FirebaseCore.framework
               EXECUTABLE_NAME = FirebaseCore
               EXECUTABLE_PATH = FirebaseCore.framework/FirebaseCore
               EXTENSIONS_FOLDER_PATH = FirebaseCore.framework/Extensions
               FILE_LIST = /Users/otislewis/arena/build/ios/Pods.build/Release-iphonesimulator/FirebaseCore.build/Objects/LinkFileList
               FIXED_FILES_DIR = /Users/otislewis/arena/build/ios/Pods.build/Release-iphonesimulator/FirebaseCore.build/FixedFiles
               FRAMEWORKS_FOLDER_PATH = FirebaseCore.framework/Frameworks
               FRAMEWORK_FLAG_PREFIX = -framework
               FRAMEWORK_SEARCH_PATHS = /Users/otislewis/arena/build/ios/Release-iphonesimulator/FirebaseCore  "/Users/otislewis/arena/build/ios/Release-iphonesimulator/FirebaseCoreInternal" "/Users/otislewis/arena/build/ios/Release-iphonesimulator/GoogleUtilities" "/Users/otislewis/arena/build/ios/Release-iphonesimulator/PromisesObjC"
               FRAMEWORK_VERSION = A
               FULL_PRODUCT_NAME = FirebaseCore.framework
               FUSE_BUILD_PHASES = YES
               FUSE_BUILD_SCRIPT_PHASES = NO
               GCC3_VERSION = 3.3
               GCC_C_LANGUAGE_STANDARD = c99
               GCC_INLINES_ARE_PRIVATE_EXTERN = YES
               GCC_NO_COMMON_BLOCKS = YES
               GCC_OBJC_LEGACY_DISPATCH = YES
               GCC_PFE_FILE_C_DIALECTS = c objective-c c++ objective-c++
               GCC_PREPROCESSOR_DEFINITIONS = POD_CONFIGURATION_RELEASE=1  COCOAPODS=1 Firebase_VERSION=10.25.0
               GCC_TREAT_WARNINGS_AS_ERRORS = NO
               GCC_VERSION = com.apple.compilers.llvm.clang.1_0
               GCC_VERSION_IDENTIFIER = com_apple_compilers_llvm_clang_1_0
               GCC_WARN_64_TO_32_BIT_CONVERSION = YES
               GCC_WARN_ABOUT_RETURN_TYPE = YES_ERROR
               GCC_WARN_UNDECLARED_SELECTOR = YES
               GCC_WARN_UNINITIALIZED_AUTOS = YES_AGGRESSIVE
               GCC_WARN_UNUSED_FUNCTION = YES
               GCC_WARN_UNUSED_VARIABLE = YES
               GENERATED_MODULEMAP_DIR = /Users/otislewis/arena/build/ios/GeneratedModuleMaps-iphonesimulator
               GENERATE_INFOPLIST_FILE = NO
               GENERATE_INTERMEDIATE_TEXT_BASED_STUBS = YES
               GENERATE_MASTER_OBJECT_FILE = NO
               GENERATE_PKGINFO_FILE = NO
               GENERATE_PROFILING_CODE = NO
               GENERATE_TEXT_BASED_STUBS = NO
               GID = 20
               GROUP = staff
               HEADERMAP_INCLUDES_FLAT_ENTRIES_FOR_TARGET_BEING_BUILT = YES
               HEADERMAP_INCLUDES_FRAMEWORK_ENTRIES_FOR_ALL_PRODUCT_TYPES = YES
               HEADERMAP_INCLUDES_FRAMEWORK_ENTRIES_FOR_TARGETS_NOT_BEING_BUILT = YES
               HEADERMAP_INCLUDES_NONPUBLIC_NONPRIVATE_HEADERS = YES
               HEADERMAP_INCLUDES_PROJECT_HEADERS = YES
               HEADERMAP_USES_FRAMEWORK_PREFIX_ENTRIES = YES
               HEADERMAP_USES_VFS = YES
               HEADER_SEARCH_PATHS = /Users/otislewis/arena/build/ios/Release-iphonesimulator/FirebaseCore/include  "/Users/otislewis/arena/ios/Pods/FirebaseCore"
               HIDE_BITCODE_SYMBOLS = YES
               HOME = /Users/otislewis
               HOST_ARCH = arm64
               HOST_PLATFORM = macosx
               ICONV = /usr/bin/iconv
               IMPLICIT_DEPENDENCY_DOMAIN = default
               INFOPLIST_ENABLE_CFBUNDLEICONS_MERGE = YES
               INFOPLIST_EXPAND_BUILD_SETTINGS = YES
               INFOPLIST_FILE = Target Support Files/FirebaseCore/FirebaseCore-Info.plist
               INFOPLIST_OUTPUT_FORMAT = binary
               INFOPLIST_PATH = FirebaseCore.framework/Info.plist
               INFOPLIST_PREPROCESS = NO
               INFOSTRINGS_PATH = FirebaseCore.framework/en.lproj/InfoPlist.strings
               INLINE_PRIVATE_FRAMEWORKS = NO
               INSTALLAPI_IGNORE_SKIP_INSTALL = YES
               INSTALLHDRS_COPY_PHASE = NO
               INSTALLHDRS_SCRIPT_PHASE = NO
               INSTALL_DIR = /tmp/Pods.dst/Library/Frameworks
               INSTALL_GROUP = staff
               INSTALL_MODE_FLAG = u+w,go-w,a+rX
               INSTALL_OWNER = otislewis
               INSTALL_PATH = /Library/Frameworks
               INSTALL_ROOT = /tmp/Pods.dst
               IPHONEOS_DEPLOYMENT_TARGET = 13.0
               IS_UNOPTIMIZED_BUILD = NO
               JAVAC_DEFAULT_FLAGS = -J-Xms64m -J-XX:NewSize=4M -J-Dfile.encoding=UTF8
               JAVA_APP_STUB = /System/Library/Frameworks/JavaVM.framework/Resources/MacOS/JavaApplicationStub
               JAVA_ARCHIVE_CLASSES = YES
               JAVA_ARCHIVE_TYPE = JAR
               JAVA_COMPILER = /usr/bin/javac
               JAVA_FOLDER_PATH = FirebaseCore.framework/Java
               JAVA_FRAMEWORK_RESOURCES_DIRS = Resources
               JAVA_JAR_FLAGS = cv
               JAVA_SOURCE_SUBDIR = .
               JAVA_USE_DEPENDENCIES = YES
               JAVA_ZIP_FLAGS = -urg
               JIKES_DEFAULT_FLAGS = +E +OLDCSO
               KEEP_PRIVATE_EXTERNS = NO
               LD_DEPENDENCY_INFO_FILE = /Users/otislewis/arena/build/ios/Pods.build/Release-iphonesimulator/FirebaseCore.build/Objects-normal/undefined_arch/FirebaseCore_dependency_info.dat
               LD_DYLIB_INSTALL_NAME = @rpath/FirebaseCore.framework/FirebaseCore
               LD_EXPORT_SYMBOLS = YES
               LD_GENERATE_MAP_FILE = NO
               LD_MAP_FILE_PATH = /Users/otislewis/arena/build/ios/Pods.build/Release-iphonesimulator/FirebaseCore.build/FirebaseCore-LinkMap-normal-undefined_arch.txt
               LD_NO_PIE = NO
               LD_QUOTE_LINKER_ARGUMENTS_FOR_COMPILER_DRIVER = YES
               LD_RUNPATH_SEARCH_PATHS =  @executable_path/Frameworks @loader_path/Frameworks
               LD_SHARED_CACHE_ELIGIBLE = Automatic
               LD_WARN_DUPLICATE_LIBRARIES = NO
               LD_WARN_UNUSED_DYLIBS = NO
               LEGACY_DEVELOPER_DIR = /Applications/Xcode.app/Contents/PlugIns/Xcode3Core.ideplugin/Contents/SharedSupport/Developer
               LEX = lex
               LIBRARY_DEXT_INSTALL_PATH = /Library/DriverExtensions
               LIBRARY_FLAG_NOSPACE = YES
               LIBRARY_FLAG_PREFIX = -l
               LIBRARY_KEXT_INSTALL_PATH = /Library/Extensions
               LIBRARY_SEARCH_PATHS = /Users/otislewis/arena/build/ios/Release-iphonesimulator/FirebaseCore 
               LINKER_DISPLAYS_MANGLED_NAMES = NO
               LINK_OBJC_RUNTIME = YES
               LINK_WITH_STANDARD_LIBRARIES = YES
               LLVM_TARGET_TRIPLE_OS_VERSION = ios13.0
               LLVM_TARGET_TRIPLE_SUFFIX = -simulator
               LLVM_TARGET_TRIPLE_VENDOR = apple
               LOCALIZATION_EXPORT_SUPPORTED = YES
               LOCALIZATION_PREFERS_STRING_CATALOGS = NO
               LOCALIZED_RESOURCES_FOLDER_PATH = FirebaseCore.framework/en.lproj
               LOCALIZED_STRING_MACRO_NAMES = NSLocalizedString CFCopyLocalizedString
               LOCALIZED_STRING_SWIFTUI_SUPPORT = YES
               LOCAL_ADMIN_APPS_DIR = /Applications/Utilities
               LOCAL_APPS_DIR = /Applications
               LOCAL_DEVELOPER_DIR = /Library/Developer
               LOCAL_LIBRARY_DIR = /Library
               LOCROOT = /Users/otislewis/arena/ios/Pods
               LOCSYMROOT = /Users/otislewis/arena/ios/Pods
               MACH_O_TYPE = mh_dylib
               MAC_OS_X_PRODUCT_BUILD_VERSION = 24F74
               MAC_OS_X_VERSION_ACTUAL = 150500
               MAC_OS_X_VERSION_MAJOR = 150000
               MAC_OS_X_VERSION_MINOR = 150500
               MAKE_MERGEABLE = NO
               MERGEABLE_LIBRARY = NO
               MERGED_BINARY_TYPE = none
               MERGE_LINKED_LIBRARIES = NO
               METAL_LIBRARY_FILE_BASE = default
               METAL_LIBRARY_OUTPUT_DIR = /Users/otislewis/arena/build/ios/Release-iphonesimulator/FirebaseCore/FirebaseCore.framework
               MODULEMAP_FILE = Target Support Files/FirebaseCore/FirebaseCore.modulemap
               MODULES_FOLDER_PATH = FirebaseCore.framework/Modules
               MTL_ENABLE_DEBUG_INFO = NO
               MTL_FAST_MATH = YES
               NATIVE_ARCH = arm64
               NATIVE_ARCH_32_BIT = arm
               NATIVE_ARCH_64_BIT = arm64
               NATIVE_ARCH_ACTUAL = arm64
               NO_COMMON = YES
               OBJC_ABI_VERSION = 2
               OBJECT_FILE_DIR = /Users/otislewis/arena/build/ios/Pods.build/Release-iphonesimulator/FirebaseCore.build/Objects
               OBJECT_FILE_DIR_normal = /Users/otislewis/arena/build/ios/Pods.build/Release-iphonesimulator/FirebaseCore.build/Objects-normal
               OBJROOT = /Users/otislewis/arena/build/ios
               ONLY_ACTIVE_ARCH = NO
               OS = MACOS
               OSAC = /usr/bin/osacompile
               OTHER_CFLAGS =  -fno-autolink
               OTHER_CPLUSPLUSFLAGS =  -fno-autolink
               OTHER_LDFLAGS =  -framework "FirebaseCoreInternal" -framework "Foundation" -framework "GoogleUtilities" -framework "Security" -framework "SystemConfiguration" -framework "UIKit"
               PACKAGE_TYPE = com.apple.package-type.wrapper.framework
               PASCAL_STRINGS = YES
               PATH = /Applications/Xcode.app/Contents/SharedFrameworks/SwiftBuild.framework/Versions/A/PlugIns/SWBBuildService.bundle/Contents/PlugIns/SWBUniversalPlatformPlugin.bundle/Contents/Frameworks/SWBUniversalPlatform.framework/Resources:/Applications/Xcode.app/Contents/Developer/Toolchains/XcodeDefault.xctoolchain/usr/bin:/Applications/Xcode.app/Contents/Developer/Toolchains/XcodeDefault.xctoolchain/usr/local/bin:/Applications/Xcode.app/Contents/Developer/Toolchains/XcodeDefault.xctoolchain/usr/libexec:/Applications/Xcode.app/Contents/Developer/Platforms/iPhoneSimulator.platform/usr/bin:/Applications/Xcode.app/Contents/Developer/Platforms/iPhoneSimulator.platform/usr/local/bin:/Applications/Xcode.app/Contents/Developer/Platforms/iPhoneSimulator.platform/Developer/usr/bin:/Applications/Xcode.app/Contents/Developer/Platforms/iPhoneSimulator.platform/Developer/usr/local/bin:/Applications/Xcode.app/Contents/Developer/usr/bin:/Applications/Xcode.app/Contents/Developer/usr/local/bin:/Users/otislewis/.gem/ruby/3.3.0/bin:/opt/homebrew/bin:/opt/homebrew/sbin:/usr/local/bin:/System/Cryptexes/App/usr/bin:/usr/bin:/bin:/usr/sbin:/sbin:/var/run/com.apple.security.cryptexd/codex.system/bootstrap/usr/local/bin:/var/run/com.apple.security.cryptexd/codex.system/bootstrap/usr/bin:/var/run/com.apple.security.cryptexd/codex.system/bootstrap/usr/appleinternal/bin:/Library/Apple/usr/bin:/opt/homebrew/Caskroom/flutter/3.32.0/flutter/bin:/Users/otislewis/Library/Android/sdk/emulator:/Users/otislewis/Library/Android/sdk/tools:/Users/otislewis/Library/Android/sdk/tools/bin:/Users/otislewis/Library/Android/sdk/platform-tools:/opt/homebrew/Caskroom/flutter/3.32.0/flutter/bin/cache/dart-sdk/bin
               PATH_PREFIXES_EXCLUDED_FROM_HEADER_DEPENDENCIES = /usr/include /usr/local/include /System/Library/Frameworks /System/Library/PrivateFrameworks /Applications/Xcode.app/Contents/Developer/Headers /Applications/Xcode.app/Contents/Developer/SDKs /Applications/Xcode.app/Contents/Developer/Platforms
               PBDEVELOPMENTPLIST_PATH = FirebaseCore.framework/pbdevelopment.plist
               PER_ARCH_MODULE_FILE_DIR = /Users/otislewis/arena/build/ios/Pods.build/Release-iphonesimulator/FirebaseCore.build/Objects-normal/undefined_arch
               PER_ARCH_OBJECT_FILE_DIR = /Users/otislewis/arena/build/ios/Pods.build/Release-iphonesimulator/FirebaseCore.build/Objects-normal/undefined_arch
               PER_VARIANT_OBJECT_FILE_DIR = /Users/otislewis/arena/build/ios/Pods.build/Release-iphonesimulator/FirebaseCore.build/Objects-normal
               PKGINFO_FILE_PATH = /Users/otislewis/arena/build/ios/Pods.build/Release-iphonesimulator/FirebaseCore.build/PkgInfo
               PKGINFO_PATH = FirebaseCore.framework/PkgInfo
               PLATFORM_DEVELOPER_APPLICATIONS_DIR = /Applications/Xcode.app/Contents/Developer/Platforms/iPhoneSimulator.platform/Developer/Applications
               PLATFORM_DEVELOPER_BIN_DIR = /Applications/Xcode.app/Contents/Developer/Platforms/iPhoneSimulator.platform/Developer/usr/bin
               PLATFORM_DEVELOPER_LIBRARY_DIR = /Applications/Xcode.app/Contents/Developer/Platforms/iPhoneSimulator.platform/Developer/Library
               PLATFORM_DEVELOPER_SDK_DIR = /Applications/Xcode.app/Contents/Developer/Platforms/iPhoneSimulator.platform/Developer/SDKs
               PLATFORM_DEVELOPER_TOOLS_DIR = /Applications/Xcode.app/Contents/Developer/Platforms/iPhoneSimulator.platform/Developer/Tools
               PLATFORM_DEVELOPER_USR_DIR = /Applications/Xcode.app/Contents/Developer/Platforms/iPhoneSimulator.platform/Developer/usr
               PLATFORM_DIR = /Applications/Xcode.app/Contents/Developer/Platforms/iPhoneSimulator.platform
               PLATFORM_DISPLAY_NAME = iOS Simulator
               PLATFORM_FAMILY_NAME = iOS
               PLATFORM_NAME = iphonesimulator
               PLATFORM_PREFERRED_ARCH = x86_64
               PLATFORM_PRODUCT_BUILD_VERSION = 22E235
               PLATFORM_REQUIRES_SWIFT_AUTOLINK_EXTRACT = NO
               PLATFORM_REQUIRES_SWIFT_MODULEWRAP = NO
               PLIST_FILE_OUTPUT_FORMAT = binary
               PLUGINS_FOLDER_PATH = FirebaseCore.framework/PlugIns
               PODS_BUILD_DIR = /Users/otislewis/arena/build/ios
               PODS_CONFIGURATION_BUILD_DIR = /Users/otislewis/arena/build/ios/Release-iphonesimulator
               PODS_DEVELOPMENT_LANGUAGE = en
               PODS_ROOT = /Users/otislewis/arena/ios/Pods
               PODS_TARGET_SRCROOT = /Users/otislewis/arena/ios/Pods/FirebaseCore
               PODS_XCFRAMEWORKS_BUILD_DIR = /Users/otislewis/arena/build/ios/Release-iphonesimulator/XCFrameworkIntermediates
               PRECOMPS_INCLUDE_HEADERS_FROM_BUILT_PRODUCTS_DIR = YES
               PRECOMP_DESTINATION_DIR = /Users/otislewis/arena/build/ios/Pods.build/Release-iphonesimulator/FirebaseCore.build/PrefixHeaders
               PRIVATE_HEADERS_FOLDER_PATH = FirebaseCore.framework/PrivateHeaders
               PROCESSED_INFOPLIST_PATH = /Users/otislewis/arena/build/ios/Pods.build/Release-iphonesimulator/FirebaseCore.build/Objects-normal/undefined_arch/Processed-Info.plist
               PRODUCT_BUNDLE_IDENTIFIER = org.cocoapods.FirebaseCore
               PRODUCT_BUNDLE_PACKAGE_TYPE = FMWK
               PRODUCT_MODULE_NAME = FirebaseCore
               PRODUCT_NAME = FirebaseCore
               PRODUCT_SETTINGS_PATH = /Users/otislewis/arena/ios/Pods/Target Support Files/FirebaseCore/FirebaseCore-Info.plist
               PRODUCT_TYPE = com.apple.product-type.framework
               PROFILING_CODE = NO
               PROJECT = Pods
               PROJECT_DERIVED_FILE_DIR = /Users/otislewis/arena/build/ios/Pods.build/DerivedSources
               PROJECT_DIR = /Users/otislewis/arena/ios/Pods
               PROJECT_FILE_PATH = /Users/otislewis/arena/ios/Pods/Pods.xcodeproj
               PROJECT_GUID = bfdfe7dc352907fc980b868725387e98
               PROJECT_NAME = Pods
               PROJECT_TEMP_DIR = /Users/otislewis/arena/build/ios/Pods.build
               PROJECT_TEMP_ROOT = /Users/otislewis/arena/build/ios
               PUBLIC_HEADERS_FOLDER_PATH = FirebaseCore.framework/Headers
               RECOMMENDED_IPHONEOS_DEPLOYMENT_TARGET = 15.0
               RECURSIVE_SEARCH_PATHS_FOLLOW_SYMLINKS = YES
               REMOVE_CVS_FROM_RESOURCES = YES
               REMOVE_GIT_FROM_RESOURCES = YES
               REMOVE_HEADERS_FROM_EMBEDDED_BUNDLES = YES
               REMOVE_HG_FROM_RESOURCES = YES
               REMOVE_STATIC_EXECUTABLES_FROM_EMBEDDED_BUNDLES = YES
               REMOVE_SVN_FROM_RESOURCES = YES
               RESCHEDULE_INDEPENDENT_HEADERS_PHASES = YES
               REZ_COLLECTOR_DIR = /Users/otislewis/arena/build/ios/Pods.build/Release-iphonesimulator/FirebaseCore.build/ResourceManagerResources
               REZ_OBJECTS_DIR = /Users/otislewis/arena/build/ios/Pods.build/Release-iphonesimulator/FirebaseCore.build/ResourceManagerResources/Objects
               REZ_SEARCH_PATHS = /Users/otislewis/arena/build/ios/Release-iphonesimulator/FirebaseCore 
               SCAN_ALL_SOURCE_FILES_FOR_INCLUDES = NO
               SCRIPTS_FOLDER_PATH = FirebaseCore.framework/Scripts
               SDKROOT = /Applications/Xcode.app/Contents/Developer/Platforms/iPhoneSimulator.platform/Developer/SDKs/iPhoneSimulator18.4.sdk
               SDK_DIR = /Applications/Xcode.app/Contents/Developer/Platforms/iPhoneSimulator.platform/Developer/SDKs/iPhoneSimulator18.4.sdk
               SDK_DIR_iphonesimulator = /Applications/Xcode.app/Contents/Developer/Platforms/iPhoneSimulator.platform/Developer/SDKs/iPhoneSimulator18.4.sdk
               SDK_DIR_iphonesimulator18_4 = /Applications/Xcode.app/Contents/Developer/Platforms/iPhoneSimulator.platform/Developer/SDKs/iPhoneSimulator18.4.sdk
               SDK_NAME = iphonesimulator18.4
               SDK_NAMES = iphonesimulator18.4
               SDK_PRODUCT_BUILD_VERSION = 22E235
               SDK_STAT_CACHE_DIR = /var/folders/4y/xy3fflts0nqfk1tsxg0t3mmr0000gn/C/com.apple.DeveloperTools/16.3-16E140/Xcode
               SDK_STAT_CACHE_ENABLE = YES
               SDK_STAT_CACHE_PATH = /var/folders/4y/xy3fflts0nqfk1tsxg0t3mmr0000gn/C/com.apple.DeveloperTools/16.3-16E140/Xcode/SDKStatCaches.noindex/iphonesimulator18.4-22E235-71825a6d136aa4733edcbe86ece5525b.sdkstatcache
               SDK_VERSION = 18.4
               SDK_VERSION_ACTUAL = 180400
               SDK_VERSION_MAJOR = 180000
               SDK_VERSION_MINOR = 180400
               SED = /usr/bin/sed
               SEPARATE_STRIP = NO
               SEPARATE_SYMBOL_EDIT = NO
               SET_DIR_MODE_OWNER_GROUP = YES
               SET_FILE_MODE_OWNER_GROUP = NO
               SHALLOW_BUNDLE = YES
               SHALLOW_BUNDLE_TRIPLE = ios-simulator
               SHALLOW_BUNDLE_ios_macabi = NO
               SHALLOW_BUNDLE_macos = NO
               SHARED_DERIVED_FILE_DIR = /Users/otislewis/arena/build/ios/Release-iphonesimulator/FirebaseCore/DerivedSources
               SHARED_FRAMEWORKS_FOLDER_PATH = FirebaseCore.framework/SharedFrameworks
               SHARED_PRECOMPS_DIR = /Users/otislewis/arena/build/ios/SharedPrecompiledHeaders
               SHARED_SUPPORT_FOLDER_PATH = FirebaseCore.framework
               SKIP_INSTALL = YES
               SOURCE_ROOT = /Users/otislewis/arena/ios/Pods
               SRCROOT = /Users/otislewis/arena/ios/Pods
               STRINGSDATA_DIR = /Users/otislewis/arena/build/ios/Pods.build/Release-iphonesimulator/FirebaseCore.build/Objects-normal/undefined_arch
               STRINGSDATA_ROOT = /Users/otislewis/arena/build/ios/Pods.build/Release-iphonesimulator/FirebaseCore.build
               STRINGS_FILE_INFOPLIST_RENAME = YES
               STRINGS_FILE_OUTPUT_ENCODING = binary
               STRIP_BITCODE_FROM_COPIED_FILES = NO
               STRIP_INSTALLED_PRODUCT = NO
               STRIP_STYLE = debugging
               STRIP_SWIFT_SYMBOLS = YES
               SUPPORTED_DEVICE_FAMILIES = 1,2
               SUPPORTED_PLATFORMS = iphoneos iphonesimulator
               SUPPORTS_TEXT_BASED_API = NO
               SUPPRESS_WARNINGS = NO
               SWIFT_ACTIVE_COMPILATION_CONDITIONS =  
               SWIFT_COMPILATION_MODE = wholemodule
               SWIFT_EMIT_LOC_STRINGS = NO
               SWIFT_INSTALL_MODULE_FOR_DEPLOYMENT = YES
               SWIFT_INSTALL_OBJC_HEADER = YES
               SWIFT_OPTIMIZATION_LEVEL = -O
               SWIFT_PLATFORM_TARGET_PREFIX = ios
               SWIFT_VERSION = 5.3
               SYMROOT = /Users/otislewis/arena/ios/build
               SYSTEM_ADMIN_APPS_DIR = /Applications/Utilities
               SYSTEM_APPS_DIR = /Applications
               SYSTEM_CORE_SERVICES_DIR = /System/Library/CoreServices
               SYSTEM_DEMOS_DIR = /Applications/Extras
               SYSTEM_DEVELOPER_APPS_DIR = /Applications/Xcode.app/Contents/Developer/Applications
               SYSTEM_DEVELOPER_BIN_DIR = /Applications/Xcode.app/Contents/Developer/usr/bin
               SYSTEM_DEVELOPER_DEMOS_DIR = /Applications/Xcode.app/Contents/Developer/Applications/Utilities/Built Examples
               SYSTEM_DEVELOPER_DIR = /Applications/Xcode.app/Contents/Developer
               SYSTEM_DEVELOPER_DOC_DIR = /Applications/Xcode.app/Contents/Developer/ADC Reference Library
               SYSTEM_DEVELOPER_GRAPHICS_TOOLS_DIR = /Applications/Xcode.app/Contents/Developer/Applications/Graphics Tools
               SYSTEM_DEVELOPER_JAVA_TOOLS_DIR = /Applications/Xcode.app/Contents/Developer/Applications/Java Tools
               SYSTEM_DEVELOPER_PERFORMANCE_TOOLS_DIR = /Applications/Xcode.app/Contents/Developer/Applications/Performance Tools
               SYSTEM_DEVELOPER_RELEASENOTES_DIR = /Applications/Xcode.app/Contents/Developer/ADC Reference Library/releasenotes
               SYSTEM_DEVELOPER_TOOLS = /Applications/Xcode.app/Contents/Developer/Tools
               SYSTEM_DEVELOPER_TOOLS_DOC_DIR = /Applications/Xcode.app/Contents/Developer/ADC Reference Library/documentation/DeveloperTools
               SYSTEM_DEVELOPER_TOOLS_RELEASENOTES_DIR = /Applications/Xcode.app/Contents/Developer/ADC Reference Library/releasenotes/DeveloperTools
               SYSTEM_DEVELOPER_USR_DIR = /Applications/Xcode.app/Contents/Developer/usr
               SYSTEM_DEVELOPER_UTILITIES_DIR = /Applications/Xcode.app/Contents/Developer/Applications/Utilities
               SYSTEM_DEXT_INSTALL_PATH = /System/Library/DriverExtensions
               SYSTEM_DOCUMENTATION_DIR = /Library/Documentation
               SYSTEM_EXTENSIONS_FOLDER_PATH = FirebaseCore.framework/SystemExtensions
               SYSTEM_EXTENSIONS_FOLDER_PATH_SHALLOW_BUNDLE_NO = FirebaseCore.framework/Library/SystemExtensions
               SYSTEM_EXTENSIONS_FOLDER_PATH_SHALLOW_BUNDLE_YES = FirebaseCore.framework/SystemExtensions
               SYSTEM_KEXT_INSTALL_PATH = /System/Library/Extensions
               SYSTEM_LIBRARY_DIR = /System/Library
               TAPI_DEMANGLE = YES
               TAPI_ENABLE_PROJECT_HEADERS = NO
               TAPI_LANGUAGE = objective-c
               TAPI_LANGUAGE_STANDARD = compiler-default
               TAPI_USE_SRCROOT = YES
               TAPI_VERIFY_MODE = Pedantic
               TARGETED_DEVICE_FAMILY = 1,2
               TARGETNAME = FirebaseCore
               TARGET_BUILD_DIR = /Users/otislewis/arena/build/ios/Release-iphonesimulator/FirebaseCore
               TARGET_NAME = FirebaseCore
               TARGET_TEMP_DIR = /Users/otislewis/arena/build/ios/Pods.build/Release-iphonesimulator/FirebaseCore.build
               TEMP_DIR = /Users/otislewis/arena/build/ios/Pods.build/Release-iphonesimulator/FirebaseCore.build
               TEMP_FILES_DIR = /Users/otislewis/arena/build/ios/Pods.build/Release-iphonesimulator/FirebaseCore.build
               TEMP_FILE_DIR = /Users/otislewis/arena/build/ios/Pods.build/Release-iphonesimulator/FirebaseCore.build
               TEMP_ROOT = /Users/otislewis/arena/build/ios
               TEMP_SANDBOX_DIR = /Users/otislewis/arena/build/ios/TemporaryTaskSandboxes
               TEST_FRAMEWORK_SEARCH_PATHS =  /Applications/Xcode.app/Contents/Developer/Platforms/iPhoneSimulator.platform/Developer/Library/Frameworks /Applications/Xcode.app/Contents/Developer/Platforms/iPhoneSimulator.platform/Developer/SDKs/iPhoneSimulator18.4.sdk/Developer/Library/Frameworks
               TEST_LIBRARY_SEARCH_PATHS =  /Applications/Xcode.app/Contents/Developer/Platforms/iPhoneSimulator.platform/Developer/usr/lib
               TOOLCHAINS = com.apple.dt.toolchain.XcodeDefault
               TOOLCHAIN_DIR = /Applications/Xcode.app/Contents/Developer/Toolchains/XcodeDefault.xctoolchain
               TREAT_MISSING_BASELINES_AS_TEST_FAILURES = NO
               TREAT_MISSING_SCRIPT_PHASE_OUTPUTS_AS_ERRORS = NO
               UID = 501
               UNINSTALLED_PRODUCTS_DIR = /Users/otislewis/arena/build/ios/UninstalledProducts
               UNLOCALIZED_RESOURCES_FOLDER_PATH = FirebaseCore.framework
               UNLOCALIZED_RESOURCES_FOLDER_PATH_SHALLOW_BUNDLE_NO = FirebaseCore.framework/Resources
               UNLOCALIZED_RESOURCES_FOLDER_PATH_SHALLOW_BUNDLE_YES = FirebaseCore.framework
               UNSTRIPPED_PRODUCT = NO
               USER = otislewis
               USER_APPS_DIR = /Users/otislewis/Applications
               USER_LIBRARY_DIR = /Users/otislewis/Library
               USE_DYNAMIC_NO_PIC = YES
               USE_HEADERMAP = YES
               USE_HEADER_SYMLINKS = NO
               USE_RECURSIVE_SCRIPT_INPUTS_IN_SCRIPT_PHASES = YES
               VALIDATE_DEVELOPMENT_ASSET_PATHS = YES_ERROR
               VALIDATE_PRODUCT = YES
               VALID_ARCHS = arm64
               VERBOSE_PBXCP = NO
               VERSIONING_SYSTEM = apple-generic
               VERSIONPLIST_PATH = FirebaseCore.framework/version.plist
               VERSIONS_FOLDER_PATH = FirebaseCore.framework
               VERSIONS_FOLDER_PATH_SHALLOW_BUNDLE_NO = FirebaseCore.framework/Versions
               VERSIONS_FOLDER_PATH_SHALLOW_BUNDLE_YES = FirebaseCore.framework
               VERSION_INFO_BUILDER = otislewis
               VERSION_INFO_FILE = FirebaseCore_vers.c
               VERSION_INFO_STRING = "@(#)PROGRAM:FirebaseCore  PROJECT:Pods-1"
               WORKSPACE_DIR = /Users/otislewis/arena/ios/Pods/Pods.xcodeproj
               WRAPPER_EXTENSION = framework
               WRAPPER_NAME = FirebaseCore.framework
               WRAPPER_SUFFIX = .framework
               WRAP_ASSET_PACKS_IN_SEPARATE_DIRECTORIES = NO
               XCODE_APP_SUPPORT_DIR = /Applications/Xcode.app/Contents/Developer/Library/Xcode
               XCODE_PRODUCT_BUILD_VERSION = 16E140
               XCODE_VERSION_ACTUAL = 1630
               XCODE_VERSION_MAJOR = 1600
               XCODE_VERSION_MINOR = 1630
               XPCSERVICES_FOLDER_PATH = FirebaseCore.framework/XPCServices
               YACC = yacc
               _DISCOVER_COMMAND_LINE_LINKER_INPUTS = YES
               _DISCOVER_COMMAND_LINE_LINKER_INPUTS_INCLUDE_WL = YES
               _WRAPPER_CONTENTS_DIR_SHALLOW_BUNDLE_NO = /Contents
               _WRAPPER_PARENT_PATH_SHALLOW_BUNDLE_NO = /..
               _WRAPPER_RESOURCES_DIR_SHALLOW_BUNDLE_NO = /Resources
               __DIAGNOSE_DEPRECATED_ARCHS = YES
               arch = undefined_arch
               variant = normal

           Build settings for action build and target FirebaseCore-FirebaseCore_Privacy:
               ACTION = build
               AD_HOC_CODE_SIGNING_ALLOWED = YES
               ALLOW_BUILD_REQUEST_OVERRIDES = NO
               ALLOW_TARGET_PLATFORM_SPECIALIZATION = NO
               ALTERNATE_GROUP = staff
               ALTERNATE_MODE = u+w,go-w,a+rX
               ALTERNATE_OWNER = otislewis
               ALTERNATIVE_DISTRIBUTION_WEB = NO
               ALWAYS_EMBED_SWIFT_STANDARD_LIBRARIES = NO
               ALWAYS_SEARCH_USER_PATHS = NO
               ALWAYS_USE_SEPARATE_HEADERMAPS = NO
               APPLICATION_EXTENSION_API_ONLY = NO
               APPLY_RULES_IN_COPY_FILES = NO
               APPLY_RULES_IN_COPY_HEADERS = NO
               APP_SHORTCUTS_ENABLE_FLEXIBLE_MATCHING = YES
               ARCHS_STANDARD = arm64 x86_64
               ARCHS_STANDARD_32_64_BIT = arm64 x86_64
               ARCHS_STANDARD_64_BIT = arm64 x86_64
               ARCHS_STANDARD_INCLUDING_64_BIT = arm64 x86_64
               ARCHS_UNIVERSAL_IPHONE_OS = arm64 x86_64
               AUTOMATICALLY_MERGE_DEPENDENCIES = NO
               AVAILABLE_PLATFORMS = android appletvos appletvsimulator driverkit iphoneos iphonesimulator macosx qnx watchos watchsimulator xros xrsimulator
               BITCODE_GENERATION_MODE = marker
               BUILD_ACTIVE_RESOURCES_ONLY = NO
               BUILD_COMPONENTS = headers build
               BUILD_DIR = /Users/otislewis/arena/build/ios
               BUILD_LIBRARY_FOR_DISTRIBUTION = NO
               BUILD_ROOT = /Users/otislewis/arena/ios/build
               BUILD_STYLE = 
               BUILD_VARIANTS = normal
               BUILT_PRODUCTS_DIR = /Users/otislewis/arena/build/ios/Release-iphonesimulator/FirebaseCore
               BUNDLE_CONTENTS_FOLDER_PATH_deep = Contents/
               BUNDLE_EXECUTABLE_FOLDER_NAME_deep = MacOS
               BUNDLE_EXTENSIONS_FOLDER_PATH = Extensions
               BUNDLE_FORMAT = shallow
               BUNDLE_FRAMEWORKS_FOLDER_PATH = Frameworks
               BUNDLE_PLUGINS_FOLDER_PATH = PlugIns
               BUNDLE_PRIVATE_HEADERS_FOLDER_PATH = PrivateHeaders
               BUNDLE_PUBLIC_HEADERS_FOLDER_PATH = Headers
               CACHE_ROOT = /var/folders/4y/xy3fflts0nqfk1tsxg0t3mmr0000gn/C/com.apple.DeveloperTools/16.3-16E140/Xcode
               CCHROOT = /var/folders/4y/xy3fflts0nqfk1tsxg0t3mmr0000gn/C/com.apple.DeveloperTools/16.3-16E140/Xcode
               CHMOD = /bin/chmod
               CHOWN = /usr/sbin/chown
               CLANG_ANALYZER_LOCALIZABILITY_NONLOCALIZED = YES
               CLANG_ANALYZER_NONNULL = YES
               CLANG_ANALYZER_NUMBER_OBJECT_CONVERSION = YES_AGGRESSIVE
               CLANG_CACHE_FINE_GRAINED_OUTPUTS = YES
               CLANG_CXX_LANGUAGE_STANDARD = gnu++14
               CLANG_CXX_LIBRARY = libc++
               CLANG_ENABLE_EXPLICIT_MODULES = YES
               CLANG_ENABLE_MODULES = YES
               CLANG_ENABLE_OBJC_ARC = YES
               CLANG_ENABLE_OBJC_WEAK = YES
               CLANG_MODULES_BUILD_SESSION_FILE = /var/folders/4y/xy3fflts0nqfk1tsxg0t3mmr0000gn/C/org.llvm.clang/ModuleCache.noindex/Session.modulevalidation
               CLANG_WARN_BLOCK_CAPTURE_AUTORELEASING = YES
               CLANG_WARN_BOOL_CONVERSION = YES
               CLANG_WARN_COMMA = YES
               CLANG_WARN_CONSTANT_CONVERSION = YES
               CLANG_WARN_DEPRECATED_OBJC_IMPLEMENTATIONS = YES
               CLANG_WARN_DIRECT_OBJC_ISA_USAGE = YES_ERROR
               CLANG_WARN_DOCUMENTATION_COMMENTS = YES
               CLANG_WARN_EMPTY_BODY = YES
               CLANG_WARN_ENUM_CONVERSION = YES
               CLANG_WARN_INFINITE_RECURSION = YES
               CLANG_WARN_INT_CONVERSION = YES
               CLANG_WARN_NON_LITERAL_NULL_CONVERSION = YES
               CLANG_WARN_OBJC_IMPLICIT_RETAIN_SELF = YES
               CLANG_WARN_OBJC_LITERAL_CONVERSION = YES
               CLANG_WARN_OBJC_ROOT_CLASS = YES_ERROR
               CLANG_WARN_QUOTED_INCLUDE_IN_FRAMEWORK_HEADER = NO
               CLANG_WARN_RANGE_LOOP_ANALYSIS = YES
               CLANG_WARN_STRICT_PROTOTYPES = YES
               CLANG_WARN_SUSPICIOUS_MOVE = YES
               CLANG_WARN_UNGUARDED_AVAILABILITY = YES_AGGRESSIVE
               CLANG_WARN_UNREACHABLE_CODE = YES
               CLANG_WARN__DUPLICATE_METHOD_MATCH = YES
               CLASS_FILE_DIR = /Users/otislewis/arena/build/ios/Pods.build/Release-iphonesimulator/FirebaseCore-FirebaseCore_Privacy.build/JavaClasses
               CLEAN_PRECOMPS = YES
               CLONE_HEADERS = NO
               CODESIGNING_FOLDER_PATH = /Users/otislewis/arena/build/ios/Release-iphonesimulator/FirebaseCore/FirebaseCore_Privacy.bundle
               CODE_SIGNING_ALLOWED = NO
               CODE_SIGNING_IDENTITY = -
               CODE_SIGNING_REQUIRED = NO
               CODE_SIGN_CONTEXT_CLASS = XCiPhoneSimulatorCodeSignContext
               CODE_SIGN_IDENTITY = -
               CODE_SIGN_INJECT_BASE_ENTITLEMENTS = YES
               COLOR_DIAGNOSTICS = NO
               COMBINE_HIDPI_IMAGES = NO
               COMPILATION_CACHE_CAS_PATH = /var/folders/4y/xy3fflts0nqfk1tsxg0t3mmr0000gn/C/com.apple.DeveloperTools/16.3-16E140/Xcode/CompilationCache.noindex
               COMPILATION_CACHE_KEEP_CAS_DIRECTORY = YES
               COMPILER_INDEX_STORE_ENABLE = Default
               COMPOSITE_SDK_DIRS = /Users/otislewis/arena/build/ios/CompositeSDKs
               COMPRESS_PNG_FILES = YES
               CONFIGURATION = Release
               CONFIGURATION_BUILD_DIR = /Users/otislewis/arena/build/ios/Release-iphonesimulator/FirebaseCore
               CONFIGURATION_TEMP_DIR = /Users/otislewis/arena/build/ios/Pods.build/Release-iphonesimulator
               CONTENTS_FOLDER_PATH = FirebaseCore_Privacy.bundle
               CONTENTS_FOLDER_PATH_SHALLOW_BUNDLE_NO = FirebaseCore_Privacy.bundle/Contents
               CONTENTS_FOLDER_PATH_SHALLOW_BUNDLE_YES = FirebaseCore_Privacy.bundle
               COPYING_PRESERVES_HFS_DATA = NO
               COPY_HEADERS_RUN_UNIFDEF = NO
               COPY_PHASE_STRIP = NO
               CORRESPONDING_DEVICE_PLATFORM_DIR = /Applications/Xcode.app/Contents/Developer/Platforms/iPhoneOS.platform
               CORRESPONDING_DEVICE_PLATFORM_NAME = iphoneos
               CORRESPONDING_DEVICE_SDK_DIR = /Applications/Xcode.app/Contents/Developer/Platforms/iPhoneOS.platform/Developer/SDKs/iPhoneOS18.4.sdk
               CORRESPONDING_DEVICE_SDK_NAME = iphoneos18.4
               CP = /bin/cp
               CREATE_INFOPLIST_SECTION_IN_BINARY = NO
               CURRENT_ARCH = undefined_arch
               CURRENT_VARIANT = normal
               DEAD_CODE_STRIPPING = YES
               DEBUGGING_SYMBOLS = YES
               DEBUG_INFORMATION_FORMAT = dwarf-with-dsym
               DEBUG_INFORMATION_VERSION = compiler-default
               DEFAULT_COMPILER = com.apple.compilers.llvm.clang.1_0
               DEFAULT_DEXT_INSTALL_PATH = /System/Library/DriverExtensions
               DEFAULT_KEXT_INSTALL_PATH = /System/Library/Extensions
               DEFINES_MODULE = NO
               DEPLOYMENT_LOCATION = NO
               DEPLOYMENT_POSTPROCESSING = NO
               DEPLOYMENT_TARGET_SETTING_NAME = IPHONEOS_DEPLOYMENT_TARGET
               DEPLOYMENT_TARGET_SUGGESTED_VALUES = 12.0 12.1 12.2 12.3 12.4 13.0 13.1 13.2 13.3 13.4 13.5 13.6 14.0 14.1 14.2 14.3 14.4 14.5 14.6 14.7 15.0 15.1 15.2 15.3 15.4 15.5 15.6 16.0 16.1 16.2 16.3 16.4 16.5 16.6 17.0 17.1 17.2 17.3 17.4 17.5 17.6 18.0 18.1 18.2 18.3 18.4
               DERIVED_FILES_DIR = /Users/otislewis/arena/build/ios/Pods.build/Release-iphonesimulator/FirebaseCore-FirebaseCore_Privacy.build/DerivedSources
               DERIVED_FILE_DIR = /Users/otislewis/arena/build/ios/Pods.build/Release-iphonesimulator/FirebaseCore-FirebaseCore_Privacy.build/DerivedSources
               DERIVED_SOURCES_DIR = /Users/otislewis/arena/build/ios/Pods.build/Release-iphonesimulator/FirebaseCore-FirebaseCore_Privacy.build/DerivedSources
               DEVELOPER_APPLICATIONS_DIR = /Applications/Xcode.app/Contents/Developer/Applications
               DEVELOPER_BIN_DIR = /Applications/Xcode.app/Contents/Developer/usr/bin
               DEVELOPER_DIR = /Applications/Xcode.app/Contents/Developer
               DEVELOPER_FRAMEWORKS_DIR = /Applications/Xcode.app/Contents/Developer/Library/Frameworks
               DEVELOPER_FRAMEWORKS_DIR_QUOTED = /Applications/Xcode.app/Contents/Developer/Library/Frameworks
               DEVELOPER_LIBRARY_DIR = /Applications/Xcode.app/Contents/Developer/Library
               DEVELOPER_SDK_DIR = /Applications/Xcode.app/Contents/Developer/Platforms/MacOSX.platform/Developer/SDKs
               DEVELOPER_TOOLS_DIR = /Applications/Xcode.app/Contents/Developer/Tools
               DEVELOPER_USR_DIR = /Applications/Xcode.app/Contents/Developer/usr
               DEVELOPMENT_LANGUAGE = en
               DIAGNOSE_MISSING_TARGET_DEPENDENCIES = YES
               DIFF = /usr/bin/diff
               DOCUMENTATION_FOLDER_PATH = FirebaseCore_Privacy.bundle/en.lproj/Documentation
               DONT_GENERATE_INFOPLIST_FILE = NO
               DSTROOT = /tmp/Pods.dst
               DT_TOOLCHAIN_DIR = /Applications/Xcode.app/Contents/Developer/Toolchains/XcodeDefault.xctoolchain
               DWARF_DSYM_FILE_NAME = FirebaseCore_Privacy.bundle.dSYM
               DWARF_DSYM_FILE_SHOULD_ACCOMPANY_PRODUCT = NO
               DWARF_DSYM_FOLDER_PATH = /Users/otislewis/arena/build/ios/Release-iphonesimulator/FirebaseCore
               DYNAMIC_LIBRARY_EXTENSION = dylib
               EAGER_COMPILATION_ALLOW_SCRIPTS = NO
               EAGER_LINKING = NO
               EFFECTIVE_PLATFORM_NAME = -iphonesimulator
               EMBEDDED_CONTENT_CONTAINS_SWIFT = NO
               EMBED_ASSET_PACKS_IN_PRODUCT_BUNDLE = NO
               ENABLE_APP_SANDBOX = NO
               ENABLE_BITCODE = NO
               ENABLE_CODE_COVERAGE = YES
               ENABLE_DEFAULT_HEADER_SEARCH_PATHS = YES
               ENABLE_DEFAULT_SEARCH_PATHS = YES
               ENABLE_HARDENED_RUNTIME = NO
               ENABLE_HEADER_DEPENDENCIES = YES
               ENABLE_INCOMING_NETWORK_CONNECTIONS = NO
               ENABLE_NS_ASSERTIONS = NO
               ENABLE_ON_DEMAND_RESOURCES = NO
               ENABLE_OUTGOING_NETWORK_CONNECTIONS = NO
               ENABLE_RESOURCE_ACCESS_AUDIO_INPUT = NO
               ENABLE_RESOURCE_ACCESS_BLUETOOTH = NO
               ENABLE_RESOURCE_ACCESS_CALENDARS = NO
               ENABLE_RESOURCE_ACCESS_CAMERA = NO
               ENABLE_RESOURCE_ACCESS_CONTACTS = NO
               ENABLE_RESOURCE_ACCESS_LOCATION = NO
               ENABLE_RESOURCE_ACCESS_PRINTING = NO
               ENABLE_RESOURCE_ACCESS_USB = NO
               ENABLE_SDK_IMPORTS = NO
               ENABLE_STRICT_OBJC_MSGSEND = YES
               ENABLE_TESTABILITY = NO
               ENABLE_TESTING_SEARCH_PATHS = NO
               ENABLE_USER_SCRIPT_SANDBOXING = NO
               ENFORCE_VALID_ARCHS = YES
               ENTITLEMENTS_DESTINATION = __entitlements
               ENTITLEMENTS_REQUIRED = NO
               EXCLUDED_ARCHS = arm64
               EXCLUDED_INSTALLSRC_SUBDIRECTORY_PATTERNS = .DS_Store .svn .git .hg CVS
               EXCLUDED_RECURSIVE_SEARCH_PATH_SUBDIRECTORIES = *.nib *.lproj *.framework *.gch *.xcode* *.xcassets (*) .DS_Store CVS .svn .git .hg *.pbproj *.pbxproj
               EXECUTABLES_FOLDER_PATH = FirebaseCore_Privacy.bundle/Executables
               EXECUTABLE_FOLDER_PATH = FirebaseCore_Privacy.bundle
               EXECUTABLE_FOLDER_PATH_SHALLOW_BUNDLE_NO = FirebaseCore_Privacy.bundle/MacOS
               EXECUTABLE_FOLDER_PATH_SHALLOW_BUNDLE_YES = FirebaseCore_Privacy.bundle
               EXECUTABLE_NAME = FirebaseCore_Privacy
               EXECUTABLE_PATH = FirebaseCore_Privacy.bundle/FirebaseCore_Privacy
               EXPANDED_CODE_SIGN_IDENTITY = -
               EXTENSIONS_FOLDER_PATH = FirebaseCore_Privacy.bundle/Extensions
               FILE_LIST = /Users/otislewis/arena/build/ios/Pods.build/Release-iphonesimulator/FirebaseCore-FirebaseCore_Privacy.build/Objects/LinkFileList
               FIXED_FILES_DIR = /Users/otislewis/arena/build/ios/Pods.build/Release-iphonesimulator/FirebaseCore-FirebaseCore_Privacy.build/FixedFiles
               FRAMEWORKS_FOLDER_PATH = FirebaseCore_Privacy.bundle/Frameworks
               FRAMEWORK_FLAG_PREFIX = -framework
               FRAMEWORK_SEARCH_PATHS = /Users/otislewis/arena/build/ios/Release-iphonesimulator/FirebaseCore  "/Users/otislewis/arena/build/ios/Release-iphonesimulator/FirebaseCoreInternal" "/Users/otislewis/arena/build/ios/Release-iphonesimulator/GoogleUtilities" "/Users/otislewis/arena/build/ios/Release-iphonesimulator/PromisesObjC"
               FRAMEWORK_VERSION = A
               FULL_PRODUCT_NAME = FirebaseCore_Privacy.bundle
               FUSE_BUILD_PHASES = YES
               FUSE_BUILD_SCRIPT_PHASES = NO
               GCC3_VERSION = 3.3
               GCC_C_LANGUAGE_STANDARD = c99
               GCC_INLINES_ARE_PRIVATE_EXTERN = YES
               GCC_NO_COMMON_BLOCKS = YES
               GCC_OBJC_LEGACY_DISPATCH = YES
               GCC_PFE_FILE_C_DIALECTS = c objective-c c++ objective-c++
               GCC_PREPROCESSOR_DEFINITIONS = POD_CONFIGURATION_RELEASE=1  COCOAPODS=1 Firebase_VERSION=10.25.0
               GCC_TREAT_WARNINGS_AS_ERRORS = NO
               GCC_VERSION = com.apple.compilers.llvm.clang.1_0
               GCC_VERSION_IDENTIFIER = com_apple_compilers_llvm_clang_1_0
               GCC_WARN_64_TO_32_BIT_CONVERSION = YES
               GCC_WARN_ABOUT_RETURN_TYPE = YES_ERROR
               GCC_WARN_UNDECLARED_SELECTOR = YES
               GCC_WARN_UNINITIALIZED_AUTOS = YES_AGGRESSIVE
               GCC_WARN_UNUSED_FUNCTION = YES
               GCC_WARN_UNUSED_VARIABLE = YES
               GENERATED_MODULEMAP_DIR = /Users/otislewis/arena/build/ios/GeneratedModuleMaps-iphonesimulator
               GENERATE_INFOPLIST_FILE = NO
               GENERATE_INTERMEDIATE_TEXT_BASED_STUBS = YES
               GENERATE_MASTER_OBJECT_FILE = NO
               GENERATE_PKGINFO_FILE = NO
               GENERATE_PROFILING_CODE = NO
               GENERATE_TEXT_BASED_STUBS = NO
               GID = 20
               GROUP = staff
               HEADERMAP_INCLUDES_FLAT_ENTRIES_FOR_TARGET_BEING_BUILT = YES
               HEADERMAP_INCLUDES_FRAMEWORK_ENTRIES_FOR_ALL_PRODUCT_TYPES = YES
               HEADERMAP_INCLUDES_FRAMEWORK_ENTRIES_FOR_TARGETS_NOT_BEING_BUILT = YES
               HEADERMAP_INCLUDES_NONPUBLIC_NONPRIVATE_HEADERS = YES
               HEADERMAP_INCLUDES_PROJECT_HEADERS = YES
               HEADERMAP_USES_FRAMEWORK_PREFIX_ENTRIES = YES
               HEADERMAP_USES_VFS = NO
               HEADER_SEARCH_PATHS = /Users/otislewis/arena/build/ios/Release-iphonesimulator/FirebaseCore/include  "/Users/otislewis/arena/ios/Pods/FirebaseCore"
               HIDE_BITCODE_SYMBOLS = YES
               HOME = /Users/otislewis
               HOST_ARCH = arm64
               HOST_PLATFORM = macosx
               IBSC_MODULE = FirebaseCore
               ICONV = /usr/bin/iconv
               IMPLICIT_DEPENDENCY_DOMAIN = default
               INFOPLIST_ENABLE_CFBUNDLEICONS_MERGE = YES
               INFOPLIST_EXPAND_BUILD_SETTINGS = YES
               INFOPLIST_FILE = Target Support Files/FirebaseCore/ResourceBundle-FirebaseCore_Privacy-FirebaseCore-Info.plist
               INFOPLIST_OUTPUT_FORMAT = binary
               INFOPLIST_PATH = FirebaseCore_Privacy.bundle/Info.plist
               INFOPLIST_PREPROCESS = NO
               INFOSTRINGS_PATH = FirebaseCore_Privacy.bundle/en.lproj/InfoPlist.strings
               INLINE_PRIVATE_FRAMEWORKS = NO
               INSTALLAPI_IGNORE_SKIP_INSTALL = YES
               INSTALLHDRS_COPY_PHASE = NO
               INSTALLHDRS_SCRIPT_PHASE = NO
               INSTALL_DIR = /tmp/Pods.dst
               INSTALL_GROUP = staff
               INSTALL_MODE_FLAG = u+w,go-w,a+rX
               INSTALL_OWNER = otislewis
               INSTALL_ROOT = /tmp/Pods.dst
               IPHONEOS_DEPLOYMENT_TARGET = 13.0
               IS_UNOPTIMIZED_BUILD = NO
               JAVAC_DEFAULT_FLAGS = -J-Xms64m -J-XX:NewSize=4M -J-Dfile.encoding=UTF8
               JAVA_APP_STUB = /System/Library/Frameworks/JavaVM.framework/Resources/MacOS/JavaApplicationStub
               JAVA_ARCHIVE_CLASSES = YES
               JAVA_ARCHIVE_TYPE = JAR
               JAVA_COMPILER = /usr/bin/javac
               JAVA_FOLDER_PATH = FirebaseCore_Privacy.bundle/Java
               JAVA_FRAMEWORK_RESOURCES_DIRS = Resources
               JAVA_JAR_FLAGS = cv
               JAVA_SOURCE_SUBDIR = .
               JAVA_USE_DEPENDENCIES = YES
               JAVA_ZIP_FLAGS = -urg
               JIKES_DEFAULT_FLAGS = +E +OLDCSO
               KEEP_PRIVATE_EXTERNS = NO
               LD_DEPENDENCY_INFO_FILE = /Users/otislewis/arena/build/ios/Pods.build/Release-iphonesimulator/FirebaseCore-FirebaseCore_Privacy.build/Objects-normal/undefined_arch/FirebaseCore_Privacy_dependency_info.dat
               LD_EXPORT_SYMBOLS = YES
               LD_GENERATE_MAP_FILE = NO
               LD_MAP_FILE_PATH = /Users/otislewis/arena/build/ios/Pods.build/Release-iphonesimulator/FirebaseCore-FirebaseCore_Privacy.build/FirebaseCore_Privacy-LinkMap-normal-undefined_arch.txt
               LD_NO_PIE = NO
               LD_QUOTE_LINKER_ARGUMENTS_FOR_COMPILER_DRIVER = YES
               LD_SHARED_CACHE_ELIGIBLE = Automatic
               LD_WARN_DUPLICATE_LIBRARIES = NO
               LD_WARN_UNUSED_DYLIBS = NO
               LEGACY_DEVELOPER_DIR = /Applications/Xcode.app/Contents/PlugIns/Xcode3Core.ideplugin/Contents/SharedSupport/Developer
               LEX = lex
               LIBRARY_DEXT_INSTALL_PATH = /Library/DriverExtensions
               LIBRARY_FLAG_NOSPACE = YES
               LIBRARY_FLAG_PREFIX = -l
               LIBRARY_KEXT_INSTALL_PATH = /Library/Extensions
               LIBRARY_SEARCH_PATHS = /Users/otislewis/arena/build/ios/Release-iphonesimulator/FirebaseCore 
               LINKER_DISPLAYS_MANGLED_NAMES = NO
               LINK_OBJC_RUNTIME = YES
               LINK_WITH_STANDARD_LIBRARIES = YES
               LLVM_TARGET_TRIPLE_OS_VERSION = ios13.0
               LLVM_TARGET_TRIPLE_SUFFIX = -simulator
               LLVM_TARGET_TRIPLE_VENDOR = apple
               LOCALIZATION_EXPORT_SUPPORTED = YES
               LOCALIZATION_PREFERS_STRING_CATALOGS = NO
               LOCALIZED_RESOURCES_FOLDER_PATH = FirebaseCore_Privacy.bundle/en.lproj
               LOCALIZED_STRING_MACRO_NAMES = NSLocalizedString CFCopyLocalizedString
               LOCALIZED_STRING_SWIFTUI_SUPPORT = YES
               LOCAL_ADMIN_APPS_DIR = /Applications/Utilities
               LOCAL_APPS_DIR = /Applications
               LOCAL_DEVELOPER_DIR = /Library/Developer
               LOCAL_LIBRARY_DIR = /Library
               LOCROOT = /Users/otislewis/arena/ios/Pods
               LOCSYMROOT = /Users/otislewis/arena/ios/Pods
               MACH_O_TYPE = mh_bundle
               MAC_OS_X_PRODUCT_BUILD_VERSION = 24F74
               MAC_OS_X_VERSION_ACTUAL = 150500
               MAC_OS_X_VERSION_MAJOR = 150000
               MAC_OS_X_VERSION_MINOR = 150500
               MAKE_MERGEABLE = NO
               MERGEABLE_LIBRARY = NO
               MERGED_BINARY_TYPE = none
               MERGE_LINKED_LIBRARIES = NO
               METAL_LIBRARY_FILE_BASE = default
               METAL_LIBRARY_OUTPUT_DIR = /Users/otislewis/arena/build/ios/Release-iphonesimulator/FirebaseCore/FirebaseCore_Privacy.bundle
               MODULES_FOLDER_PATH = FirebaseCore_Privacy.bundle/Modules
               MTL_ENABLE_DEBUG_INFO = NO
               MTL_FAST_MATH = YES
               NATIVE_ARCH = arm64
               NATIVE_ARCH_32_BIT = arm
               NATIVE_ARCH_64_BIT = arm64
               NATIVE_ARCH_ACTUAL = arm64
               NO_COMMON = YES
               OBJC_ABI_VERSION = 2
               OBJECT_FILE_DIR = /Users/otislewis/arena/build/ios/Pods.build/Release-iphonesimulator/FirebaseCore-FirebaseCore_Privacy.build/Objects
               OBJECT_FILE_DIR_normal = /Users/otislewis/arena/build/ios/Pods.build/Release-iphonesimulator/FirebaseCore-FirebaseCore_Privacy.build/Objects-normal
               OBJROOT = /Users/otislewis/arena/build/ios
               ONLY_ACTIVE_ARCH = NO
               OS = MACOS
               OSAC = /usr/bin/osacompile
               OTHER_CFLAGS =  -fno-autolink
               OTHER_CPLUSPLUSFLAGS =  -fno-autolink
               OTHER_LDFLAGS =  -framework "FirebaseCoreInternal" -framework "Foundation" -framework "GoogleUtilities" -framework "Security" -framework "SystemConfiguration" -framework "UIKit"
               PACKAGE_TYPE = com.apple.package-type.wrapper
               PASCAL_STRINGS = YES
               PATH = /Applications/Xcode.app/Contents/SharedFrameworks/SwiftBuild.framework/Versions/A/PlugIns/SWBBuildService.bundle/Contents/PlugIns/SWBUniversalPlatformPlugin.bundle/Contents/Frameworks/SWBUniversalPlatform.framework/Resources:/Applications/Xcode.app/Contents/Developer/Toolchains/XcodeDefault.xctoolchain/usr/bin:/Applications/Xcode.app/Contents/Developer/Toolchains/XcodeDefault.xctoolchain/usr/local/bin:/Applications/Xcode.app/Contents/Developer/Toolchains/XcodeDefault.xctoolchain/usr/libexec:/Applications/Xcode.app/Contents/Developer/Platforms/iPhoneSimulator.platform/usr/bin:/Applications/Xcode.app/Contents/Developer/Platforms/iPhoneSimulator.platform/usr/local/bin:/Applications/Xcode.app/Contents/Developer/Platforms/iPhoneSimulator.platform/Developer/usr/bin:/Applications/Xcode.app/Contents/Developer/Platforms/iPhoneSimulator.platform/Developer/usr/local/bin:/Applications/Xcode.app/Contents/Developer/usr/bin:/Applications/Xcode.app/Contents/Developer/usr/local/bin:/Users/otislewis/.gem/ruby/3.3.0/bin:/opt/homebrew/bin:/opt/homebrew/sbin:/usr/local/bin:/System/Cryptexes/App/usr/bin:/usr/bin:/bin:/usr/sbin:/sbin:/var/run/com.apple.security.cryptexd/codex.system/bootstrap/usr/local/bin:/var/run/com.apple.security.cryptexd/codex.system/bootstrap/usr/bin:/var/run/com.apple.security.cryptexd/codex.system/bootstrap/usr/appleinternal/bin:/Library/Apple/usr/bin:/opt/homebrew/Caskroom/flutter/3.32.0/flutter/bin:/Users/otislewis/Library/Android/sdk/emulator:/Users/otislewis/Library/Android/sdk/tools:/Users/otislewis/Library/Android/sdk/tools/bin:/Users/otislewis/Library/Android/sdk/platform-tools:/opt/homebrew/Caskroom/flutter/3.32.0/flutter/bin/cache/dart-sdk/bin
               PATH_PREFIXES_EXCLUDED_FROM_HEADER_DEPENDENCIES = /usr/include /usr/local/include /System/Library/Frameworks /System/Library/PrivateFrameworks /Applications/Xcode.app/Contents/Developer/Headers /Applications/Xcode.app/Contents/Developer/SDKs /Applications/Xcode.app/Contents/Developer/Platforms
               PBDEVELOPMENTPLIST_PATH = FirebaseCore_Privacy.bundle/pbdevelopment.plist
               PER_ARCH_MODULE_FILE_DIR = /Users/otislewis/arena/build/ios/Pods.build/Release-iphonesimulator/FirebaseCore-FirebaseCore_Privacy.build/Objects-normal/undefined_arch
               PER_ARCH_OBJECT_FILE_DIR = /Users/otislewis/arena/build/ios/Pods.build/Release-iphonesimulator/FirebaseCore-FirebaseCore_Privacy.build/Objects-normal/undefined_arch
               PER_VARIANT_OBJECT_FILE_DIR = /Users/otislewis/arena/build/ios/Pods.build/Release-iphonesimulator/FirebaseCore-FirebaseCore_Privacy.build/Objects-normal
               PKGINFO_FILE_PATH = /Users/otislewis/arena/build/ios/Pods.build/Release-iphonesimulator/FirebaseCore-FirebaseCore_Privacy.build/PkgInfo
               PKGINFO_PATH = FirebaseCore_Privacy.bundle/PkgInfo
               PLATFORM_DEVELOPER_APPLICATIONS_DIR = /Applications/Xcode.app/Contents/Developer/Platforms/iPhoneSimulator.platform/Developer/Applications
               PLATFORM_DEVELOPER_BIN_DIR = /Applications/Xcode.app/Contents/Developer/Platforms/iPhoneSimulator.platform/Developer/usr/bin
               PLATFORM_DEVELOPER_LIBRARY_DIR = /Applications/Xcode.app/Contents/Developer/Platforms/iPhoneSimulator.platform/Developer/Library
               PLATFORM_DEVELOPER_SDK_DIR = /Applications/Xcode.app/Contents/Developer/Platforms/iPhoneSimulator.platform/Developer/SDKs
               PLATFORM_DEVELOPER_TOOLS_DIR = /Applications/Xcode.app/Contents/Developer/Platforms/iPhoneSimulator.platform/Developer/Tools
               PLATFORM_DEVELOPER_USR_DIR = /Applications/Xcode.app/Contents/Developer/Platforms/iPhoneSimulator.platform/Developer/usr
               PLATFORM_DIR = /Applications/Xcode.app/Contents/Developer/Platforms/iPhoneSimulator.platform
               PLATFORM_DISPLAY_NAME = iOS Simulator
               PLATFORM_FAMILY_NAME = iOS
               PLATFORM_NAME = iphonesimulator
               PLATFORM_PREFERRED_ARCH = x86_64
               PLATFORM_PRODUCT_BUILD_VERSION = 22E235
               PLATFORM_REQUIRES_SWIFT_AUTOLINK_EXTRACT = NO
               PLATFORM_REQUIRES_SWIFT_MODULEWRAP = NO
               PLIST_FILE_OUTPUT_FORMAT = binary
               PLUGINS_FOLDER_PATH = FirebaseCore_Privacy.bundle/PlugIns
               PODS_BUILD_DIR = /Users/otislewis/arena/build/ios
               PODS_CONFIGURATION_BUILD_DIR = /Users/otislewis/arena/build/ios/Release-iphonesimulator
               PODS_DEVELOPMENT_LANGUAGE = en
               PODS_ROOT = /Users/otislewis/arena/ios/Pods
               PODS_TARGET_SRCROOT = /Users/otislewis/arena/ios/Pods/FirebaseCore
               PODS_XCFRAMEWORKS_BUILD_DIR = /Users/otislewis/arena/build/ios/Release-iphonesimulator/XCFrameworkIntermediates
               PRECOMPS_INCLUDE_HEADERS_FROM_BUILT_PRODUCTS_DIR = YES
               PRECOMP_DESTINATION_DIR = /Users/otislewis/arena/build/ios/Pods.build/Release-iphonesimulator/FirebaseCore-FirebaseCore_Privacy.build/PrefixHeaders
               PRIVATE_HEADERS_FOLDER_PATH = FirebaseCore_Privacy.bundle/PrivateHeaders
               PROCESSED_INFOPLIST_PATH = /Users/otislewis/arena/build/ios/Pods.build/Release-iphonesimulator/FirebaseCore-FirebaseCore_Privacy.build/Objects-normal/undefined_arch/Processed-Info.plist
               PRODUCT_BUNDLE_IDENTIFIER = org.cocoapods.FirebaseCore-Privacy
               PRODUCT_BUNDLE_PACKAGE_TYPE = BNDL
               PRODUCT_MODULE_NAME = FirebaseCore_Privacy
               PRODUCT_NAME = FirebaseCore_Privacy
               PRODUCT_SETTINGS_PATH = /Users/otislewis/arena/ios/Pods/Target Support Files/FirebaseCore/ResourceBundle-FirebaseCore_Privacy-FirebaseCore-Info.plist
               PRODUCT_TYPE = com.apple.product-type.bundle
               PROFILING_CODE = NO
               PROJECT = Pods
               PROJECT_DERIVED_FILE_DIR = /Users/otislewis/arena/build/ios/Pods.build/DerivedSources
               PROJECT_DIR = /Users/otislewis/arena/ios/Pods
               PROJECT_FILE_PATH = /Users/otislewis/arena/ios/Pods/Pods.xcodeproj
               PROJECT_GUID = bfdfe7dc352907fc980b868725387e98
               PROJECT_NAME = Pods
               PROJECT_TEMP_DIR = /Users/otislewis/arena/build/ios/Pods.build
               PROJECT_TEMP_ROOT = /Users/otislewis/arena/build/ios
               PUBLIC_HEADERS_FOLDER_PATH = FirebaseCore_Privacy.bundle/Headers
               RECOMMENDED_IPHONEOS_DEPLOYMENT_TARGET = 15.0
               RECURSIVE_SEARCH_PATHS_FOLLOW_SYMLINKS = YES
               REMOVE_CVS_FROM_RESOURCES = YES
               REMOVE_GIT_FROM_RESOURCES = YES
               REMOVE_HEADERS_FROM_EMBEDDED_BUNDLES = YES
               REMOVE_HG_FROM_RESOURCES = YES
               REMOVE_STATIC_EXECUTABLES_FROM_EMBEDDED_BUNDLES = YES
               REMOVE_SVN_FROM_RESOURCES = YES
               RESCHEDULE_INDEPENDENT_HEADERS_PHASES = YES
               REZ_COLLECTOR_DIR = /Users/otislewis/arena/build/ios/Pods.build/Release-iphonesimulator/FirebaseCore-FirebaseCore_Privacy.build/ResourceManagerResources
               REZ_OBJECTS_DIR = /Users/otislewis/arena/build/ios/Pods.build/Release-iphonesimulator/FirebaseCore-FirebaseCore_Privacy.build/ResourceManagerResources/Objects
               REZ_SEARCH_PATHS = /Users/otislewis/arena/build/ios/Release-iphonesimulator/FirebaseCore 
               SCAN_ALL_SOURCE_FILES_FOR_INCLUDES = NO
               SCRIPTS_FOLDER_PATH = FirebaseCore_Privacy.bundle/Scripts
               SDKROOT = /Applications/Xcode.app/Contents/Developer/Platforms/iPhoneSimulator.platform/Developer/SDKs/iPhoneSimulator18.4.sdk
               SDK_DIR = /Applications/Xcode.app/Contents/Developer/Platforms/iPhoneSimulator.platform/Developer/SDKs/iPhoneSimulator18.4.sdk
               SDK_DIR_iphonesimulator = /Applications/Xcode.app/Contents/Developer/Platforms/iPhoneSimulator.platform/Developer/SDKs/iPhoneSimulator18.4.sdk
               SDK_DIR_iphonesimulator18_4 = /Applications/Xcode.app/Contents/Developer/Platforms/iPhoneSimulator.platform/Developer/SDKs/iPhoneSimulator18.4.sdk
               SDK_NAME = iphonesimulator18.4
               SDK_NAMES = iphonesimulator18.4
               SDK_PRODUCT_BUILD_VERSION = 22E235
               SDK_STAT_CACHE_DIR = /var/folders/4y/xy3fflts0nqfk1tsxg0t3mmr0000gn/C/com.apple.DeveloperTools/16.3-16E140/Xcode
               SDK_STAT_CACHE_ENABLE = YES
               SDK_STAT_CACHE_PATH = /var/folders/4y/xy3fflts0nqfk1tsxg0t3mmr0000gn/C/com.apple.DeveloperTools/16.3-16E140/Xcode/SDKStatCaches.noindex/iphonesimulator18.4-22E235-71825a6d136aa4733edcbe86ece5525b.sdkstatcache
               SDK_VERSION = 18.4
               SDK_VERSION_ACTUAL = 180400
               SDK_VERSION_MAJOR = 180000
               SDK_VERSION_MINOR = 180400
               SED = /usr/bin/sed
               SEPARATE_STRIP = NO
               SEPARATE_SYMBOL_EDIT = NO
               SET_DIR_MODE_OWNER_GROUP = YES
               SET_FILE_MODE_OWNER_GROUP = NO
               SHALLOW_BUNDLE = YES
               SHALLOW_BUNDLE_TRIPLE = ios-simulator
               SHALLOW_BUNDLE_ios_macabi = NO
               SHALLOW_BUNDLE_macos = NO
               SHARED_DERIVED_FILE_DIR = /Users/otislewis/arena/build/ios/Release-iphonesimulator/FirebaseCore/DerivedSources
               SHARED_FRAMEWORKS_FOLDER_PATH = FirebaseCore_Privacy.bundle/SharedFrameworks
               SHARED_PRECOMPS_DIR = /Users/otislewis/arena/build/ios/SharedPrecompiledHeaders
               SHARED_SUPPORT_FOLDER_PATH = FirebaseCore_Privacy.bundle/SharedSupport
               SKIP_INSTALL = YES
               SOURCE_ROOT = /Users/otislewis/arena/ios/Pods
               SRCROOT = /Users/otislewis/arena/ios/Pods
               STRINGSDATA_DIR = /Users/otislewis/arena/build/ios/Pods.build/Release-iphonesimulator/FirebaseCore-FirebaseCore_Privacy.build/Objects-normal/undefined_arch
               STRINGSDATA_ROOT = /Users/otislewis/arena/build/ios/Pods.build/Release-iphonesimulator/FirebaseCore-FirebaseCore_Privacy.build
               STRINGS_FILE_INFOPLIST_RENAME = YES
               STRINGS_FILE_OUTPUT_ENCODING = binary
               STRIP_BITCODE_FROM_COPIED_FILES = NO
               STRIP_INSTALLED_PRODUCT = NO
               STRIP_STYLE = non-global
               STRIP_SWIFT_SYMBOLS = YES
               SUPPORTED_DEVICE_FAMILIES = 1,2
               SUPPORTED_PLATFORMS = iphoneos iphonesimulator
               SUPPORTS_TEXT_BASED_API = NO
               SUPPRESS_WARNINGS = NO
               SWIFT_COMPILATION_MODE = wholemodule
               SWIFT_EMIT_LOC_STRINGS = NO
               SWIFT_OPTIMIZATION_LEVEL = -O
               SWIFT_PLATFORM_TARGET_PREFIX = ios
               SWIFT_VERSION = 5.0
               SYMROOT = /Users/otislewis/arena/ios/build
               SYSTEM_ADMIN_APPS_DIR = /Applications/Utilities
               SYSTEM_APPS_DIR = /Applications
               SYSTEM_CORE_SERVICES_DIR = /System/Library/CoreServices
               SYSTEM_DEMOS_DIR = /Applications/Extras
               SYSTEM_DEVELOPER_APPS_DIR = /Applications/Xcode.app/Contents/Developer/Applications
               SYSTEM_DEVELOPER_BIN_DIR = /Applications/Xcode.app/Contents/Developer/usr/bin
               SYSTEM_DEVELOPER_DEMOS_DIR = /Applications/Xcode.app/Contents/Developer/Applications/Utilities/Built Examples
               SYSTEM_DEVELOPER_DIR = /Applications/Xcode.app/Contents/Developer
               SYSTEM_DEVELOPER_DOC_DIR = /Applications/Xcode.app/Contents/Developer/ADC Reference Library
               SYSTEM_DEVELOPER_GRAPHICS_TOOLS_DIR = /Applications/Xcode.app/Contents/Developer/Applications/Graphics Tools
               SYSTEM_DEVELOPER_JAVA_TOOLS_DIR = /Applications/Xcode.app/Contents/Developer/Applications/Java Tools
               SYSTEM_DEVELOPER_PERFORMANCE_TOOLS_DIR = /Applications/Xcode.app/Contents/Developer/Applications/Performance Tools
               SYSTEM_DEVELOPER_RELEASENOTES_DIR = /Applications/Xcode.app/Contents/Developer/ADC Reference Library/releasenotes
               SYSTEM_DEVELOPER_TOOLS = /Applications/Xcode.app/Contents/Developer/Tools
               SYSTEM_DEVELOPER_TOOLS_DOC_DIR = /Applications/Xcode.app/Contents/Developer/ADC Reference Library/documentation/DeveloperTools
               SYSTEM_DEVELOPER_TOOLS_RELEASENOTES_DIR = /Applications/Xcode.app/Contents/Developer/ADC Reference Library/releasenotes/DeveloperTools
               SYSTEM_DEVELOPER_USR_DIR = /Applications/Xcode.app/Contents/Developer/usr
               SYSTEM_DEVELOPER_UTILITIES_DIR = /Applications/Xcode.app/Contents/Developer/Applications/Utilities
               SYSTEM_DEXT_INSTALL_PATH = /System/Library/DriverExtensions
               SYSTEM_DOCUMENTATION_DIR = /Library/Documentation
               SYSTEM_EXTENSIONS_FOLDER_PATH = FirebaseCore_Privacy.bundle/SystemExtensions
               SYSTEM_EXTENSIONS_FOLDER_PATH_SHALLOW_BUNDLE_NO = FirebaseCore_Privacy.bundle/Library/SystemExtensions
               SYSTEM_EXTENSIONS_FOLDER_PATH_SHALLOW_BUNDLE_YES = FirebaseCore_Privacy.bundle/SystemExtensions
               SYSTEM_KEXT_INSTALL_PATH = /System/Library/Extensions
               SYSTEM_LIBRARY_DIR = /System/Library
               TAPI_DEMANGLE = YES
               TAPI_ENABLE_PROJECT_HEADERS = NO
               TAPI_LANGUAGE = objective-c
               TAPI_LANGUAGE_STANDARD = compiler-default
               TAPI_USE_SRCROOT = YES
               TAPI_VERIFY_MODE = Pedantic
               TARGETED_DEVICE_FAMILY = 1,2
               TARGETNAME = FirebaseCore-FirebaseCore_Privacy
               TARGET_BUILD_DIR = /Users/otislewis/arena/build/ios/Release-iphonesimulator/FirebaseCore
               TARGET_NAME = FirebaseCore-FirebaseCore_Privacy
               TARGET_TEMP_DIR = /Users/otislewis/arena/build/ios/Pods.build/Release-iphonesimulator/FirebaseCore-FirebaseCore_Privacy.build
               TEMP_DIR = /Users/otislewis/arena/build/ios/Pods.build/Release-iphonesimulator/FirebaseCore-FirebaseCore_Privacy.build
               TEMP_FILES_DIR = /Users/otislewis/arena/build/ios/Pods.build/Release-iphonesimulator/FirebaseCore-FirebaseCore_Privacy.build
               TEMP_FILE_DIR = /Users/otislewis/arena/build/ios/Pods.build/Release-iphonesimulator/FirebaseCore-FirebaseCore_Privacy.build
               TEMP_ROOT = /Users/otislewis/arena/build/ios
               TEMP_SANDBOX_DIR = /Users/otislewis/arena/build/ios/TemporaryTaskSandboxes
               TEST_FRAMEWORK_SEARCH_PATHS =  /Applications/Xcode.app/Contents/Developer/Platforms/iPhoneSimulator.platform/Developer/Library/Frameworks /Applications/Xcode.app/Contents/Developer/Platforms/iPhoneSimulator.platform/Developer/SDKs/iPhoneSimulator18.4.sdk/Developer/Library/Frameworks
               TEST_LIBRARY_SEARCH_PATHS =  /Applications/Xcode.app/Contents/Developer/Platforms/iPhoneSimulator.platform/Developer/usr/lib
               TOOLCHAINS = com.apple.dt.toolchain.XcodeDefault
               TOOLCHAIN_DIR = /Applications/Xcode.app/Contents/Developer/Toolchains/XcodeDefault.xctoolchain
               TREAT_MISSING_BASELINES_AS_TEST_FAILURES = NO
               TREAT_MISSING_SCRIPT_PHASE_OUTPUTS_AS_ERRORS = NO
               UID = 501
               UNINSTALLED_PRODUCTS_DIR = /Users/otislewis/arena/build/ios/UninstalledProducts
               UNLOCALIZED_RESOURCES_FOLDER_PATH = FirebaseCore_Privacy.bundle
               UNLOCALIZED_RESOURCES_FOLDER_PATH_SHALLOW_BUNDLE_NO = FirebaseCore_Privacy.bundle/Resources
               UNLOCALIZED_RESOURCES_FOLDER_PATH_SHALLOW_BUNDLE_YES = FirebaseCore_Privacy.bundle
               UNSTRIPPED_PRODUCT = NO
               USER = otislewis
               USER_APPS_DIR = /Users/otislewis/Applications
               USER_LIBRARY_DIR = /Users/otislewis/Library
               USE_DYNAMIC_NO_PIC = YES
               USE_HEADERMAP = YES
               USE_HEADER_SYMLINKS = NO
               USE_RECURSIVE_SCRIPT_INPUTS_IN_SCRIPT_PHASES = YES
               VALIDATE_DEVELOPMENT_ASSET_PATHS = YES_ERROR
               VALIDATE_PRODUCT = NO
               VALID_ARCHS = arm64
               VERBOSE_PBXCP = NO
               VERSIONPLIST_PATH = FirebaseCore_Privacy.bundle/version.plist
               VERSION_INFO_BUILDER = otislewis
               VERSION_INFO_FILE = FirebaseCore_Privacy_vers.c
               VERSION_INFO_STRING = "@(#)PROGRAM:FirebaseCore_Privacy  PROJECT:Pods-"
               WORKSPACE_DIR = /Users/otislewis/arena/ios/Pods/Pods.xcodeproj
               WRAPPER_EXTENSION = bundle
               WRAPPER_NAME = FirebaseCore_Privacy.bundle
               WRAPPER_SUFFIX = .bundle
               WRAP_ASSET_PACKS_IN_SEPARATE_DIRECTORIES = NO
               XCODE_APP_SUPPORT_DIR = /Applications/Xcode.app/Contents/Developer/Library/Xcode
               XCODE_PRODUCT_BUILD_VERSION = 16E140
               XCODE_VERSION_ACTUAL = 1630
               XCODE_VERSION_MAJOR = 1600
               XCODE_VERSION_MINOR = 1630
               XPCSERVICES_FOLDER_PATH = FirebaseCore_Privacy.bundle/XPCServices
               YACC = yacc
               _DISCOVER_COMMAND_LINE_LINKER_INPUTS = YES
               _DISCOVER_COMMAND_LINE_LINKER_INPUTS_INCLUDE_WL = YES
               _WRAPPER_CONTENTS_DIR_SHALLOW_BUNDLE_NO = /Contents
               _WRAPPER_PARENT_PATH_SHALLOW_BUNDLE_NO = /..
               _WRAPPER_RESOURCES_DIR_SHALLOW_BUNDLE_NO = /Resources
               __DIAGNOSE_DEPRECATED_ARCHS = YES
               arch = undefined_arch
               variant = normal

           Build settings for action build and target FirebaseCoreExtension:
               ACTION = build
               AD_HOC_CODE_SIGNING_ALLOWED = YES
               ALLOW_BUILD_REQUEST_OVERRIDES = NO
               ALLOW_TARGET_PLATFORM_SPECIALIZATION = NO
               ALTERNATE_GROUP = staff
               ALTERNATE_MODE = u+w,go-w,a+rX
               ALTERNATE_OWNER = otislewis
               ALTERNATIVE_DISTRIBUTION_WEB = NO
               ALWAYS_EMBED_SWIFT_STANDARD_LIBRARIES = NO
               ALWAYS_SEARCH_USER_PATHS = NO
               ALWAYS_USE_SEPARATE_HEADERMAPS = NO
               APPLICATION_EXTENSION_API_ONLY = NO
               APPLY_RULES_IN_COPY_FILES = NO
               APPLY_RULES_IN_COPY_HEADERS = NO
               APP_SHORTCUTS_ENABLE_FLEXIBLE_MATCHING = YES
               ARCHS_STANDARD = arm64 x86_64
               ARCHS_STANDARD_32_64_BIT = arm64 x86_64
               ARCHS_STANDARD_64_BIT = arm64 x86_64
               ARCHS_STANDARD_INCLUDING_64_BIT = arm64 x86_64
               ARCHS_UNIVERSAL_IPHONE_OS = arm64 x86_64
               AUTOMATICALLY_MERGE_DEPENDENCIES = NO
               AVAILABLE_PLATFORMS = android appletvos appletvsimulator driverkit iphoneos iphonesimulator macosx qnx watchos watchsimulator xros xrsimulator
               BITCODE_GENERATION_MODE = marker
               BUILD_ACTIVE_RESOURCES_ONLY = NO
               BUILD_COMPONENTS = headers build
               BUILD_DIR = /Users/otislewis/arena/build/ios
               BUILD_LIBRARY_FOR_DISTRIBUTION = NO
               BUILD_ROOT = /Users/otislewis/arena/ios/build
               BUILD_STYLE = 
               BUILD_VARIANTS = normal
               BUILT_PRODUCTS_DIR = /Users/otislewis/arena/build/ios/Release-iphonesimulator/FirebaseCoreExtension
               BUNDLE_CONTENTS_FOLDER_PATH_deep = Contents/
               BUNDLE_EXECUTABLE_FOLDER_NAME_deep = MacOS
               BUNDLE_EXTENSIONS_FOLDER_PATH = Extensions
               BUNDLE_FORMAT = shallow
               BUNDLE_FRAMEWORKS_FOLDER_PATH = Frameworks
               BUNDLE_PLUGINS_FOLDER_PATH = PlugIns
               BUNDLE_PRIVATE_HEADERS_FOLDER_PATH = PrivateHeaders
               BUNDLE_PUBLIC_HEADERS_FOLDER_PATH = Headers
               CACHE_ROOT = /var/folders/4y/xy3fflts0nqfk1tsxg0t3mmr0000gn/C/com.apple.DeveloperTools/16.3-16E140/Xcode
               CCHROOT = /var/folders/4y/xy3fflts0nqfk1tsxg0t3mmr0000gn/C/com.apple.DeveloperTools/16.3-16E140/Xcode
               CHMOD = /bin/chmod
               CHOWN = /usr/sbin/chown
               CLANG_ANALYZER_LOCALIZABILITY_NONLOCALIZED = YES
               CLANG_ANALYZER_NONNULL = YES
               CLANG_ANALYZER_NUMBER_OBJECT_CONVERSION = YES_AGGRESSIVE
               CLANG_CACHE_FINE_GRAINED_OUTPUTS = YES
               CLANG_CXX_LANGUAGE_STANDARD = gnu++14
               CLANG_CXX_LIBRARY = libc++
               CLANG_ENABLE_EXPLICIT_MODULES = YES
               CLANG_ENABLE_MODULES = YES
               CLANG_ENABLE_OBJC_ARC = YES
               CLANG_ENABLE_OBJC_WEAK = NO
               CLANG_MODULES_BUILD_SESSION_FILE = /var/folders/4y/xy3fflts0nqfk1tsxg0t3mmr0000gn/C/org.llvm.clang/ModuleCache.noindex/Session.modulevalidation
               CLANG_WARN_BLOCK_CAPTURE_AUTORELEASING = YES
               CLANG_WARN_BOOL_CONVERSION = YES
               CLANG_WARN_COMMA = YES
               CLANG_WARN_CONSTANT_CONVERSION = YES
               CLANG_WARN_DEPRECATED_OBJC_IMPLEMENTATIONS = YES
               CLANG_WARN_DIRECT_OBJC_ISA_USAGE = YES_ERROR
               CLANG_WARN_DOCUMENTATION_COMMENTS = YES
               CLANG_WARN_EMPTY_BODY = YES
               CLANG_WARN_ENUM_CONVERSION = YES
               CLANG_WARN_INFINITE_RECURSION = YES
               CLANG_WARN_INT_CONVERSION = YES
               CLANG_WARN_NON_LITERAL_NULL_CONVERSION = YES
               CLANG_WARN_OBJC_IMPLICIT_RETAIN_SELF = YES
               CLANG_WARN_OBJC_LITERAL_CONVERSION = YES
               CLANG_WARN_OBJC_ROOT_CLASS = YES_ERROR
               CLANG_WARN_QUOTED_INCLUDE_IN_FRAMEWORK_HEADER = NO
               CLANG_WARN_RANGE_LOOP_ANALYSIS = YES
               CLANG_WARN_STRICT_PROTOTYPES = YES
               CLANG_WARN_SUSPICIOUS_MOVE = YES
               CLANG_WARN_UNGUARDED_AVAILABILITY = YES_AGGRESSIVE
               CLANG_WARN_UNREACHABLE_CODE = YES
               CLANG_WARN__DUPLICATE_METHOD_MATCH = YES
               CLASS_FILE_DIR = /Users/otislewis/arena/build/ios/Pods.build/Release-iphonesimulator/FirebaseCoreExtension.build/JavaClasses
               CLEAN_PRECOMPS = YES
               CLONE_HEADERS = NO
               CODESIGNING_FOLDER_PATH = /Users/otislewis/arena/build/ios/Release-iphonesimulator/FirebaseCoreExtension/FirebaseCoreExtension.framework
               CODE_SIGNING_ALLOWED = YES
               CODE_SIGNING_REQUIRED = NO
               CODE_SIGNING_REQUIRES_TEAM = YES
               CODE_SIGN_CONTEXT_CLASS = XCiPhoneSimulatorCodeSignContext
               CODE_SIGN_IDENTITY = -
               CODE_SIGN_INJECT_BASE_ENTITLEMENTS = YES
               COLOR_DIAGNOSTICS = NO
               COMBINE_HIDPI_IMAGES = NO
               COMPILATION_CACHE_CAS_PATH = /var/folders/4y/xy3fflts0nqfk1tsxg0t3mmr0000gn/C/com.apple.DeveloperTools/16.3-16E140/Xcode/CompilationCache.noindex
               COMPILATION_CACHE_KEEP_CAS_DIRECTORY = YES
               COMPILER_INDEX_STORE_ENABLE = Default
               COMPOSITE_SDK_DIRS = /Users/otislewis/arena/build/ios/CompositeSDKs
               COMPRESS_PNG_FILES = YES
               CONFIGURATION = Release
               CONFIGURATION_BUILD_DIR = /Users/otislewis/arena/build/ios/Release-iphonesimulator/FirebaseCoreExtension
               CONFIGURATION_TEMP_DIR = /Users/otislewis/arena/build/ios/Pods.build/Release-iphonesimulator
               CONTENTS_FOLDER_PATH = FirebaseCoreExtension.framework
               CONTENTS_FOLDER_PATH_SHALLOW_BUNDLE_NO = FirebaseCoreExtension.framework/A
               CONTENTS_FOLDER_PATH_SHALLOW_BUNDLE_YES = FirebaseCoreExtension.framework
               COPYING_PRESERVES_HFS_DATA = NO
               COPY_HEADERS_RUN_UNIFDEF = NO
               COPY_PHASE_STRIP = NO
               CORRESPONDING_DEVICE_PLATFORM_DIR = /Applications/Xcode.app/Contents/Developer/Platforms/iPhoneOS.platform
               CORRESPONDING_DEVICE_PLATFORM_NAME = iphoneos
               CORRESPONDING_DEVICE_SDK_DIR = /Applications/Xcode.app/Contents/Developer/Platforms/iPhoneOS.platform/Developer/SDKs/iPhoneOS18.4.sdk
               CORRESPONDING_DEVICE_SDK_NAME = iphoneos18.4
               CP = /bin/cp
               CREATE_INFOPLIST_SECTION_IN_BINARY = NO
               CURRENT_ARCH = undefined_arch
               CURRENT_PROJECT_VERSION = 1
               CURRENT_VARIANT = normal
               CURRENT_VERSION = Current
               DEAD_CODE_STRIPPING = YES
               DEBUGGING_SYMBOLS = YES
               DEBUG_INFORMATION_FORMAT = dwarf-with-dsym
               DEBUG_INFORMATION_VERSION = compiler-default
               DEFAULT_COMPILER = com.apple.compilers.llvm.clang.1_0
               DEFAULT_DEXT_INSTALL_PATH = /System/Library/DriverExtensions
               DEFAULT_KEXT_INSTALL_PATH = /System/Library/Extensions
               DEFINES_MODULE = YES
               DEPLOYMENT_LOCATION = NO
               DEPLOYMENT_POSTPROCESSING = NO
               DEPLOYMENT_TARGET_SETTING_NAME = IPHONEOS_DEPLOYMENT_TARGET
               DEPLOYMENT_TARGET_SUGGESTED_VALUES = 12.0 12.1 12.2 12.3 12.4 13.0 13.1 13.2 13.3 13.4 13.5 13.6 14.0 14.1 14.2 14.3 14.4 14.5 14.6 14.7 15.0 15.1 15.2 15.3 15.4 15.5 15.6 16.0 16.1 16.2 16.3 16.4 16.5 16.6 17.0 17.1 17.2 17.3 17.4 17.5 17.6 18.0 18.1 18.2 18.3 18.4
               DERIVED_FILES_DIR = /Users/otislewis/arena/build/ios/Pods.build/Release-iphonesimulator/FirebaseCoreExtension.build/DerivedSources
               DERIVED_FILE_DIR = /Users/otislewis/arena/build/ios/Pods.build/Release-iphonesimulator/FirebaseCoreExtension.build/DerivedSources
               DERIVED_SOURCES_DIR = /Users/otislewis/arena/build/ios/Pods.build/Release-iphonesimulator/FirebaseCoreExtension.build/DerivedSources
               DEVELOPER_APPLICATIONS_DIR = /Applications/Xcode.app/Contents/Developer/Applications
               DEVELOPER_BIN_DIR = /Applications/Xcode.app/Contents/Developer/usr/bin
               DEVELOPER_DIR = /Applications/Xcode.app/Contents/Developer
               DEVELOPER_FRAMEWORKS_DIR = /Applications/Xcode.app/Contents/Developer/Library/Frameworks
               DEVELOPER_FRAMEWORKS_DIR_QUOTED = /Applications/Xcode.app/Contents/Developer/Library/Frameworks
               DEVELOPER_LIBRARY_DIR = /Applications/Xcode.app/Contents/Developer/Library
               DEVELOPER_SDK_DIR = /Applications/Xcode.app/Contents/Developer/Platforms/MacOSX.platform/Developer/SDKs
               DEVELOPER_TOOLS_DIR = /Applications/Xcode.app/Contents/Developer/Tools
               DEVELOPER_USR_DIR = /Applications/Xcode.app/Contents/Developer/usr
               DEVELOPMENT_LANGUAGE = en
               DIAGNOSE_MISSING_TARGET_DEPENDENCIES = YES
               DIFF = /usr/bin/diff
               DOCUMENTATION_FOLDER_PATH = FirebaseCoreExtension.framework/en.lproj/Documentation
               DONT_GENERATE_INFOPLIST_FILE = NO
               DSTROOT = /tmp/Pods.dst
               DT_TOOLCHAIN_DIR = /Applications/Xcode.app/Contents/Developer/Toolchains/XcodeDefault.xctoolchain
               DWARF_DSYM_FILE_NAME = FirebaseCoreExtension.framework.dSYM
               DWARF_DSYM_FILE_SHOULD_ACCOMPANY_PRODUCT = NO
               DWARF_DSYM_FOLDER_PATH = /Users/otislewis/arena/build/ios/Release-iphonesimulator/FirebaseCoreExtension
               DYLIB_COMPATIBILITY_VERSION = 1
               DYLIB_CURRENT_VERSION = 1
               DYLIB_INSTALL_NAME_BASE = @rpath
               DYNAMIC_LIBRARY_EXTENSION = dylib
               EAGER_COMPILATION_ALLOW_SCRIPTS = NO
               EAGER_LINKING = NO
               EFFECTIVE_PLATFORM_NAME = -iphonesimulator
               EMBEDDED_CONTENT_CONTAINS_SWIFT = NO
               EMBED_ASSET_PACKS_IN_PRODUCT_BUNDLE = NO
               ENABLE_APP_SANDBOX = NO
               ENABLE_BITCODE = NO
               ENABLE_CODE_COVERAGE = YES
               ENABLE_DEFAULT_HEADER_SEARCH_PATHS = YES
               ENABLE_DEFAULT_SEARCH_PATHS = YES
               ENABLE_HARDENED_RUNTIME = NO
               ENABLE_HEADER_DEPENDENCIES = YES
               ENABLE_INCOMING_NETWORK_CONNECTIONS = NO
               ENABLE_MODULE_VERIFIER = NO
               ENABLE_NS_ASSERTIONS = NO
               ENABLE_ON_DEMAND_RESOURCES = NO
               ENABLE_OUTGOING_NETWORK_CONNECTIONS = NO
               ENABLE_RESOURCE_ACCESS_AUDIO_INPUT = NO
               ENABLE_RESOURCE_ACCESS_BLUETOOTH = NO
               ENABLE_RESOURCE_ACCESS_CALENDARS = NO
               ENABLE_RESOURCE_ACCESS_CAMERA = NO
               ENABLE_RESOURCE_ACCESS_CONTACTS = NO
               ENABLE_RESOURCE_ACCESS_LOCATION = NO
               ENABLE_RESOURCE_ACCESS_PRINTING = NO
               ENABLE_RESOURCE_ACCESS_USB = NO
               ENABLE_SDK_IMPORTS = NO
               ENABLE_STRICT_OBJC_MSGSEND = YES
               ENABLE_TESTABILITY = NO
               ENABLE_TESTING_SEARCH_PATHS = NO
               ENABLE_USER_SCRIPT_SANDBOXING = NO
               ENFORCE_VALID_ARCHS = YES
               ENTITLEMENTS_DESTINATION = __entitlements
               ENTITLEMENTS_REQUIRED = NO
               EXCLUDED_ARCHS = arm64
               EXCLUDED_INSTALLSRC_SUBDIRECTORY_PATTERNS = .DS_Store .svn .git .hg CVS
               EXCLUDED_RECURSIVE_SEARCH_PATH_SUBDIRECTORIES = *.nib *.lproj *.framework *.gch *.xcode* *.xcassets (*) .DS_Store CVS .svn .git .hg *.pbproj *.pbxproj
               EXECUTABLES_FOLDER_PATH = FirebaseCoreExtension.framework/en.lproj
               EXECUTABLE_FOLDER_PATH = FirebaseCoreExtension.framework
               EXECUTABLE_FOLDER_PATH_SHALLOW_BUNDLE_NO = FirebaseCoreExtension.framework
               EXECUTABLE_FOLDER_PATH_SHALLOW_BUNDLE_YES = FirebaseCoreExtension.framework
               EXECUTABLE_NAME = FirebaseCoreExtension
               EXECUTABLE_PATH = FirebaseCoreExtension.framework/FirebaseCoreExtension
               EXTENSIONS_FOLDER_PATH = FirebaseCoreExtension.framework/Extensions
               FILE_LIST = /Users/otislewis/arena/build/ios/Pods.build/Release-iphonesimulator/FirebaseCoreExtension.build/Objects/LinkFileList
               FIXED_FILES_DIR = /Users/otislewis/arena/build/ios/Pods.build/Release-iphonesimulator/FirebaseCoreExtension.build/FixedFiles
               FRAMEWORKS_FOLDER_PATH = FirebaseCoreExtension.framework/Frameworks
               FRAMEWORK_FLAG_PREFIX = -framework
               FRAMEWORK_SEARCH_PATHS = /Users/otislewis/arena/build/ios/Release-iphonesimulator/FirebaseCoreExtension  "/Users/otislewis/arena/build/ios/Release-iphonesimulator/FirebaseCore" "/Users/otislewis/arena/build/ios/Release-iphonesimulator/FirebaseCoreInternal" "/Users/otislewis/arena/build/ios/Release-iphonesimulator/GoogleUtilities" "/Users/otislewis/arena/build/ios/Release-iphonesimulator/PromisesObjC"
               FRAMEWORK_VERSION = A
               FULL_PRODUCT_NAME = FirebaseCoreExtension.framework
               FUSE_BUILD_PHASES = YES
               FUSE_BUILD_SCRIPT_PHASES = NO
               GCC3_VERSION = 3.3
               GCC_C_LANGUAGE_STANDARD = gnu11
               GCC_INLINES_ARE_PRIVATE_EXTERN = YES
               GCC_NO_COMMON_BLOCKS = YES
               GCC_OBJC_LEGACY_DISPATCH = YES
               GCC_PFE_FILE_C_DIALECTS = c objective-c c++ objective-c++
               GCC_PREFIX_HEADER = Target Support Files/FirebaseCoreExtension/FirebaseCoreExtension-prefix.pch
               GCC_PREPROCESSOR_DEFINITIONS = POD_CONFIGURATION_RELEASE=1  COCOAPODS=1
               GCC_TREAT_WARNINGS_AS_ERRORS = NO
               GCC_VERSION = com.apple.compilers.llvm.clang.1_0
               GCC_VERSION_IDENTIFIER = com_apple_compilers_llvm_clang_1_0
               GCC_WARN_64_TO_32_BIT_CONVERSION = YES
               GCC_WARN_ABOUT_RETURN_TYPE = YES_ERROR
               GCC_WARN_UNDECLARED_SELECTOR = YES
               GCC_WARN_UNINITIALIZED_AUTOS = YES_AGGRESSIVE
               GCC_WARN_UNUSED_FUNCTION = YES
               GCC_WARN_UNUSED_VARIABLE = YES
               GENERATED_MODULEMAP_DIR = /Users/otislewis/arena/build/ios/GeneratedModuleMaps-iphonesimulator
               GENERATE_INFOPLIST_FILE = NO
               GENERATE_INTERMEDIATE_TEXT_BASED_STUBS = YES
               GENERATE_MASTER_OBJECT_FILE = NO
               GENERATE_PKGINFO_FILE = NO
               GENERATE_PROFILING_CODE = NO
               GENERATE_TEXT_BASED_STUBS = NO
               GID = 20
               GROUP = staff
               HEADERMAP_INCLUDES_FLAT_ENTRIES_FOR_TARGET_BEING_BUILT = YES
               HEADERMAP_INCLUDES_FRAMEWORK_ENTRIES_FOR_ALL_PRODUCT_TYPES = YES
               HEADERMAP_INCLUDES_FRAMEWORK_ENTRIES_FOR_TARGETS_NOT_BEING_BUILT = YES
               HEADERMAP_INCLUDES_NONPUBLIC_NONPRIVATE_HEADERS = YES
               HEADERMAP_INCLUDES_PROJECT_HEADERS = YES
               HEADERMAP_USES_FRAMEWORK_PREFIX_ENTRIES = YES
               HEADERMAP_USES_VFS = YES
               HEADER_SEARCH_PATHS = /Users/otislewis/arena/build/ios/Release-iphonesimulator/FirebaseCoreExtension/include 
               HIDE_BITCODE_SYMBOLS = YES
               HOME = /Users/otislewis
               HOST_ARCH = arm64
               HOST_PLATFORM = macosx
               ICONV = /usr/bin/iconv
               IMPLICIT_DEPENDENCY_DOMAIN = default
               INFOPLIST_ENABLE_CFBUNDLEICONS_MERGE = YES
               INFOPLIST_EXPAND_BUILD_SETTINGS = YES
               INFOPLIST_FILE = Target Support Files/FirebaseCoreExtension/FirebaseCoreExtension-Info.plist
               INFOPLIST_OUTPUT_FORMAT = binary
               INFOPLIST_PATH = FirebaseCoreExtension.framework/Info.plist
               INFOPLIST_PREPROCESS = NO
               INFOSTRINGS_PATH = FirebaseCoreExtension.framework/en.lproj/InfoPlist.strings
               INLINE_PRIVATE_FRAMEWORKS = NO
               INSTALLAPI_IGNORE_SKIP_INSTALL = YES
               INSTALLHDRS_COPY_PHASE = NO
               INSTALLHDRS_SCRIPT_PHASE = NO
               INSTALL_DIR = /tmp/Pods.dst/Library/Frameworks
               INSTALL_GROUP = staff
               INSTALL_MODE_FLAG = u+w,go-w,a+rX
               INSTALL_OWNER = otislewis
               INSTALL_PATH = /Library/Frameworks
               INSTALL_ROOT = /tmp/Pods.dst
               IPHONEOS_DEPLOYMENT_TARGET = 13.0
               IS_UNOPTIMIZED_BUILD = NO
               JAVAC_DEFAULT_FLAGS = -J-Xms64m -J-XX:NewSize=4M -J-Dfile.encoding=UTF8
               JAVA_APP_STUB = /System/Library/Frameworks/JavaVM.framework/Resources/MacOS/JavaApplicationStub
               JAVA_ARCHIVE_CLASSES = YES
               JAVA_ARCHIVE_TYPE = JAR
               JAVA_COMPILER = /usr/bin/javac
               JAVA_FOLDER_PATH = FirebaseCoreExtension.framework/Java
               JAVA_FRAMEWORK_RESOURCES_DIRS = Resources
               JAVA_JAR_FLAGS = cv
               JAVA_SOURCE_SUBDIR = .
               JAVA_USE_DEPENDENCIES = YES
               JAVA_ZIP_FLAGS = -urg
               JIKES_DEFAULT_FLAGS = +E +OLDCSO
               KEEP_PRIVATE_EXTERNS = NO
               LD_DEPENDENCY_INFO_FILE = /Users/otislewis/arena/build/ios/Pods.build/Release-iphonesimulator/FirebaseCoreExtension.build/Objects-normal/undefined_arch/FirebaseCoreExtension_dependency_info.dat
               LD_DYLIB_INSTALL_NAME = @rpath/FirebaseCoreExtension.framework/FirebaseCoreExtension
               LD_EXPORT_SYMBOLS = YES
               LD_GENERATE_MAP_FILE = NO
               LD_MAP_FILE_PATH = /Users/otislewis/arena/build/ios/Pods.build/Release-iphonesimulator/FirebaseCoreExtension.build/FirebaseCoreExtension-LinkMap-normal-undefined_arch.txt
               LD_NO_PIE = NO
               LD_QUOTE_LINKER_ARGUMENTS_FOR_COMPILER_DRIVER = YES
               LD_RUNPATH_SEARCH_PATHS =  @executable_path/Frameworks @loader_path/Frameworks
               LD_SHARED_CACHE_ELIGIBLE = Automatic
               LD_WARN_DUPLICATE_LIBRARIES = NO
               LD_WARN_UNUSED_DYLIBS = NO
               LEGACY_DEVELOPER_DIR = /Applications/Xcode.app/Contents/PlugIns/Xcode3Core.ideplugin/Contents/SharedSupport/Developer
               LEX = lex
               LIBRARY_DEXT_INSTALL_PATH = /Library/DriverExtensions
               LIBRARY_FLAG_NOSPACE = YES
               LIBRARY_FLAG_PREFIX = -l
               LIBRARY_KEXT_INSTALL_PATH = /Library/Extensions
               LIBRARY_SEARCH_PATHS = /Users/otislewis/arena/build/ios/Release-iphonesimulator/FirebaseCoreExtension 
               LINKER_DISPLAYS_MANGLED_NAMES = NO
               LINK_OBJC_RUNTIME = YES
               LINK_WITH_STANDARD_LIBRARIES = YES
               LLVM_TARGET_TRIPLE_OS_VERSION = ios13.0
               LLVM_TARGET_TRIPLE_SUFFIX = -simulator
               LLVM_TARGET_TRIPLE_VENDOR = apple
               LOCALIZATION_EXPORT_SUPPORTED = YES
               LOCALIZATION_PREFERS_STRING_CATALOGS = NO
               LOCALIZED_RESOURCES_FOLDER_PATH = FirebaseCoreExtension.framework/en.lproj
               LOCALIZED_STRING_MACRO_NAMES = NSLocalizedString CFCopyLocalizedString
               LOCALIZED_STRING_SWIFTUI_SUPPORT = YES
               LOCAL_ADMIN_APPS_DIR = /Applications/Utilities
               LOCAL_APPS_DIR = /Applications
               LOCAL_DEVELOPER_DIR = /Library/Developer
               LOCAL_LIBRARY_DIR = /Library
               LOCROOT = /Users/otislewis/arena/ios/Pods
               LOCSYMROOT = /Users/otislewis/arena/ios/Pods
               MACH_O_TYPE = mh_dylib
               MAC_OS_X_PRODUCT_BUILD_VERSION = 24F74
               MAC_OS_X_VERSION_ACTUAL = 150500
               MAC_OS_X_VERSION_MAJOR = 150000
               MAC_OS_X_VERSION_MINOR = 150500
               MAKE_MERGEABLE = NO
               MERGEABLE_LIBRARY = NO
               MERGED_BINARY_TYPE = none
               MERGE_LINKED_LIBRARIES = NO
               METAL_LIBRARY_FILE_BASE = default
               METAL_LIBRARY_OUTPUT_DIR = /Users/otislewis/arena/build/ios/Release-iphonesimulator/FirebaseCoreExtension/FirebaseCoreExtension.framework
               MODULEMAP_FILE = Target Support Files/FirebaseCoreExtension/FirebaseCoreExtension.modulemap
               MODULES_FOLDER_PATH = FirebaseCoreExtension.framework/Modules
               MTL_ENABLE_DEBUG_INFO = NO
               MTL_FAST_MATH = YES
               NATIVE_ARCH = arm64
               NATIVE_ARCH_32_BIT = arm
               NATIVE_ARCH_64_BIT = arm64
               NATIVE_ARCH_ACTUAL = arm64
               NO_COMMON = YES
               OBJC_ABI_VERSION = 2
               OBJECT_FILE_DIR = /Users/otislewis/arena/build/ios/Pods.build/Release-iphonesimulator/FirebaseCoreExtension.build/Objects
               OBJECT_FILE_DIR_normal = /Users/otislewis/arena/build/ios/Pods.build/Release-iphonesimulator/FirebaseCoreExtension.build/Objects-normal
               OBJROOT = /Users/otislewis/arena/build/ios
               ONLY_ACTIVE_ARCH = NO
               OS = MACOS
               OSAC = /usr/bin/osacompile
               OTHER_LDFLAGS =  -framework "FirebaseCore" -framework "Foundation" -framework "UIKit"
               PACKAGE_TYPE = com.apple.package-type.wrapper.framework
               PASCAL_STRINGS = YES
               PATH = /Applications/Xcode.app/Contents/SharedFrameworks/SwiftBuild.framework/Versions/A/PlugIns/SWBBuildService.bundle/Contents/PlugIns/SWBUniversalPlatformPlugin.bundle/Contents/Frameworks/SWBUniversalPlatform.framework/Resources:/Applications/Xcode.app/Contents/Developer/Toolchains/XcodeDefault.xctoolchain/usr/bin:/Applications/Xcode.app/Contents/Developer/Toolchains/XcodeDefault.xctoolchain/usr/local/bin:/Applications/Xcode.app/Contents/Developer/Toolchains/XcodeDefault.xctoolchain/usr/libexec:/Applications/Xcode.app/Contents/Developer/Platforms/iPhoneSimulator.platform/usr/bin:/Applications/Xcode.app/Contents/Developer/Platforms/iPhoneSimulator.platform/usr/local/bin:/Applications/Xcode.app/Contents/Developer/Platforms/iPhoneSimulator.platform/Developer/usr/bin:/Applications/Xcode.app/Contents/Developer/Platforms/iPhoneSimulator.platform/Developer/usr/local/bin:/Applications/Xcode.app/Contents/Developer/usr/bin:/Applications/Xcode.app/Contents/Developer/usr/local/bin:/Users/otislewis/.gem/ruby/3.3.0/bin:/opt/homebrew/bin:/opt/homebrew/sbin:/usr/local/bin:/System/Cryptexes/App/usr/bin:/usr/bin:/bin:/usr/sbin:/sbin:/var/run/com.apple.security.cryptexd/codex.system/bootstrap/usr/local/bin:/var/run/com.apple.security.cryptexd/codex.system/bootstrap/usr/bin:/var/run/com.apple.security.cryptexd/codex.system/bootstrap/usr/appleinternal/bin:/Library/Apple/usr/bin:/opt/homebrew/Caskroom/flutter/3.32.0/flutter/bin:/Users/otislewis/Library/Android/sdk/emulator:/Users/otislewis/Library/Android/sdk/tools:/Users/otislewis/Library/Android/sdk/tools/bin:/Users/otislewis/Library/Android/sdk/platform-tools:/opt/homebrew/Caskroom/flutter/3.32.0/flutter/bin/cache/dart-sdk/bin
               PATH_PREFIXES_EXCLUDED_FROM_HEADER_DEPENDENCIES = /usr/include /usr/local/include /System/Library/Frameworks /System/Library/PrivateFrameworks /Applications/Xcode.app/Contents/Developer/Headers /Applications/Xcode.app/Contents/Developer/SDKs /Applications/Xcode.app/Contents/Developer/Platforms
               PBDEVELOPMENTPLIST_PATH = FirebaseCoreExtension.framework/pbdevelopment.plist
               PER_ARCH_MODULE_FILE_DIR = /Users/otislewis/arena/build/ios/Pods.build/Release-iphonesimulator/FirebaseCoreExtension.build/Objects-normal/undefined_arch
               PER_ARCH_OBJECT_FILE_DIR = /Users/otislewis/arena/build/ios/Pods.build/Release-iphonesimulator/FirebaseCoreExtension.build/Objects-normal/undefined_arch
               PER_VARIANT_OBJECT_FILE_DIR = /Users/otislewis/arena/build/ios/Pods.build/Release-iphonesimulator/FirebaseCoreExtension.build/Objects-normal
               PKGINFO_FILE_PATH = /Users/otislewis/arena/build/ios/Pods.build/Release-iphonesimulator/FirebaseCoreExtension.build/PkgInfo
               PKGINFO_PATH = FirebaseCoreExtension.framework/PkgInfo
               PLATFORM_DEVELOPER_APPLICATIONS_DIR = /Applications/Xcode.app/Contents/Developer/Platforms/iPhoneSimulator.platform/Developer/Applications
               PLATFORM_DEVELOPER_BIN_DIR = /Applications/Xcode.app/Contents/Developer/Platforms/iPhoneSimulator.platform/Developer/usr/bin
               PLATFORM_DEVELOPER_LIBRARY_DIR = /Applications/Xcode.app/Contents/Developer/Platforms/iPhoneSimulator.platform/Developer/Library
               PLATFORM_DEVELOPER_SDK_DIR = /Applications/Xcode.app/Contents/Developer/Platforms/iPhoneSimulator.platform/Developer/SDKs
               PLATFORM_DEVELOPER_TOOLS_DIR = /Applications/Xcode.app/Contents/Developer/Platforms/iPhoneSimulator.platform/Developer/Tools
               PLATFORM_DEVELOPER_USR_DIR = /Applications/Xcode.app/Contents/Developer/Platforms/iPhoneSimulator.platform/Developer/usr
               PLATFORM_DIR = /Applications/Xcode.app/Contents/Developer/Platforms/iPhoneSimulator.platform
               PLATFORM_DISPLAY_NAME = iOS Simulator
               PLATFORM_FAMILY_NAME = iOS
               PLATFORM_NAME = iphonesimulator
               PLATFORM_PREFERRED_ARCH = x86_64
               PLATFORM_PRODUCT_BUILD_VERSION = 22E235
               PLATFORM_REQUIRES_SWIFT_AUTOLINK_EXTRACT = NO
               PLATFORM_REQUIRES_SWIFT_MODULEWRAP = NO
               PLIST_FILE_OUTPUT_FORMAT = binary
               PLUGINS_FOLDER_PATH = FirebaseCoreExtension.framework/PlugIns
               PODS_BUILD_DIR = /Users/otislewis/arena/build/ios
               PODS_CONFIGURATION_BUILD_DIR = /Users/otislewis/arena/build/ios/Release-iphonesimulator
               PODS_DEVELOPMENT_LANGUAGE = en
               PODS_ROOT = /Users/otislewis/arena/ios/Pods
               PODS_TARGET_SRCROOT = /Users/otislewis/arena/ios/Pods/FirebaseCoreExtension
               PODS_XCFRAMEWORKS_BUILD_DIR = /Users/otislewis/arena/build/ios/Release-iphonesimulator/XCFrameworkIntermediates
               PRECOMPS_INCLUDE_HEADERS_FROM_BUILT_PRODUCTS_DIR = YES
               PRECOMP_DESTINATION_DIR = /Users/otislewis/arena/build/ios/Pods.build/Release-iphonesimulator/FirebaseCoreExtension.build/PrefixHeaders
               PRIVATE_HEADERS_FOLDER_PATH = FirebaseCoreExtension.framework/PrivateHeaders
               PROCESSED_INFOPLIST_PATH = /Users/otislewis/arena/build/ios/Pods.build/Release-iphonesimulator/FirebaseCoreExtension.build/Objects-normal/undefined_arch/Processed-Info.plist
               PRODUCT_BUNDLE_IDENTIFIER = org.cocoapods.FirebaseCoreExtension
               PRODUCT_BUNDLE_PACKAGE_TYPE = FMWK
               PRODUCT_MODULE_NAME = FirebaseCoreExtension
               PRODUCT_NAME = FirebaseCoreExtension
               PRODUCT_SETTINGS_PATH = /Users/otislewis/arena/ios/Pods/Target Support Files/FirebaseCoreExtension/FirebaseCoreExtension-Info.plist
               PRODUCT_TYPE = com.apple.product-type.framework
               PROFILING_CODE = NO
               PROJECT = Pods
               PROJECT_DERIVED_FILE_DIR = /Users/otislewis/arena/build/ios/Pods.build/DerivedSources
               PROJECT_DIR = /Users/otislewis/arena/ios/Pods
               PROJECT_FILE_PATH = /Users/otislewis/arena/ios/Pods/Pods.xcodeproj
               PROJECT_GUID = bfdfe7dc352907fc980b868725387e98
               PROJECT_NAME = Pods
               PROJECT_TEMP_DIR = /Users/otislewis/arena/build/ios/Pods.build
               PROJECT_TEMP_ROOT = /Users/otislewis/arena/build/ios
               PUBLIC_HEADERS_FOLDER_PATH = FirebaseCoreExtension.framework/Headers
               RECOMMENDED_IPHONEOS_DEPLOYMENT_TARGET = 15.0
               RECURSIVE_SEARCH_PATHS_FOLLOW_SYMLINKS = YES
               REMOVE_CVS_FROM_RESOURCES = YES
               REMOVE_GIT_FROM_RESOURCES = YES
               REMOVE_HEADERS_FROM_EMBEDDED_BUNDLES = YES
               REMOVE_HG_FROM_RESOURCES = YES
               REMOVE_STATIC_EXECUTABLES_FROM_EMBEDDED_BUNDLES = YES
               REMOVE_SVN_FROM_RESOURCES = YES
               RESCHEDULE_INDEPENDENT_HEADERS_PHASES = YES
               REZ_COLLECTOR_DIR = /Users/otislewis/arena/build/ios/Pods.build/Release-iphonesimulator/FirebaseCoreExtension.build/ResourceManagerResources
               REZ_OBJECTS_DIR = /Users/otislewis/arena/build/ios/Pods.build/Release-iphonesimulator/FirebaseCoreExtension.build/ResourceManagerResources/Objects
               REZ_SEARCH_PATHS = /Users/otislewis/arena/build/ios/Release-iphonesimulator/FirebaseCoreExtension 
               SCAN_ALL_SOURCE_FILES_FOR_INCLUDES = NO
               SCRIPTS_FOLDER_PATH = FirebaseCoreExtension.framework/Scripts
               SDKROOT = /Applications/Xcode.app/Contents/Developer/Platforms/iPhoneSimulator.platform/Developer/SDKs/iPhoneSimulator18.4.sdk
               SDK_DIR = /Applications/Xcode.app/Contents/Developer/Platforms/iPhoneSimulator.platform/Developer/SDKs/iPhoneSimulator18.4.sdk
               SDK_DIR_iphonesimulator = /Applications/Xcode.app/Contents/Developer/Platforms/iPhoneSimulator.platform/Developer/SDKs/iPhoneSimulator18.4.sdk
               SDK_DIR_iphonesimulator18_4 = /Applications/Xcode.app/Contents/Developer/Platforms/iPhoneSimulator.platform/Developer/SDKs/iPhoneSimulator18.4.sdk
               SDK_NAME = iphonesimulator18.4
               SDK_NAMES = iphonesimulator18.4
               SDK_PRODUCT_BUILD_VERSION = 22E235
               SDK_STAT_CACHE_DIR = /var/folders/4y/xy3fflts0nqfk1tsxg0t3mmr0000gn/C/com.apple.DeveloperTools/16.3-16E140/Xcode
               SDK_STAT_CACHE_ENABLE = YES
               SDK_STAT_CACHE_PATH = /var/folders/4y/xy3fflts0nqfk1tsxg0t3mmr0000gn/C/com.apple.DeveloperTools/16.3-16E140/Xcode/SDKStatCaches.noindex/iphonesimulator18.4-22E235-71825a6d136aa4733edcbe86ece5525b.sdkstatcache
               SDK_VERSION = 18.4
               SDK_VERSION_ACTUAL = 180400
               SDK_VERSION_MAJOR = 180000
               SDK_VERSION_MINOR = 180400
               SED = /usr/bin/sed
               SEPARATE_STRIP = NO
               SEPARATE_SYMBOL_EDIT = NO
               SET_DIR_MODE_OWNER_GROUP = YES
               SET_FILE_MODE_OWNER_GROUP = NO
               SHALLOW_BUNDLE = YES
               SHALLOW_BUNDLE_TRIPLE = ios-simulator
               SHALLOW_BUNDLE_ios_macabi = NO
               SHALLOW_BUNDLE_macos = NO
               SHARED_DERIVED_FILE_DIR = /Users/otislewis/arena/build/ios/Release-iphonesimulator/FirebaseCoreExtension/DerivedSources
               SHARED_FRAMEWORKS_FOLDER_PATH = FirebaseCoreExtension.framework/SharedFrameworks
               SHARED_PRECOMPS_DIR = /Users/otislewis/arena/build/ios/SharedPrecompiledHeaders
               SHARED_SUPPORT_FOLDER_PATH = FirebaseCoreExtension.framework
               SKIP_INSTALL = YES
               SOURCE_ROOT = /Users/otislewis/arena/ios/Pods
               SRCROOT = /Users/otislewis/arena/ios/Pods
               STRINGSDATA_DIR = /Users/otislewis/arena/build/ios/Pods.build/Release-iphonesimulator/FirebaseCoreExtension.build/Objects-normal/undefined_arch
               STRINGSDATA_ROOT = /Users/otislewis/arena/build/ios/Pods.build/Release-iphonesimulator/FirebaseCoreExtension.build
               STRINGS_FILE_INFOPLIST_RENAME = YES
               STRINGS_FILE_OUTPUT_ENCODING = binary
               STRIP_BITCODE_FROM_COPIED_FILES = NO
               STRIP_INSTALLED_PRODUCT = NO
               STRIP_STYLE = debugging
               STRIP_SWIFT_SYMBOLS = YES
               SUPPORTED_DEVICE_FAMILIES = 1,2
               SUPPORTED_PLATFORMS = iphoneos iphonesimulator
               SUPPORTS_TEXT_BASED_API = NO
               SUPPRESS_WARNINGS = NO
               SWIFT_ACTIVE_COMPILATION_CONDITIONS =  
               SWIFT_COMPILATION_MODE = wholemodule
               SWIFT_EMIT_LOC_STRINGS = NO
               SWIFT_INSTALL_MODULE_FOR_DEPLOYMENT = YES
               SWIFT_INSTALL_OBJC_HEADER = YES
               SWIFT_OPTIMIZATION_LEVEL = -O
               SWIFT_PLATFORM_TARGET_PREFIX = ios
               SWIFT_VERSION = 5.3
               SYMROOT = /Users/otislewis/arena/ios/build
               SYSTEM_ADMIN_APPS_DIR = /Applications/Utilities
               SYSTEM_APPS_DIR = /Applications
               SYSTEM_CORE_SERVICES_DIR = /System/Library/CoreServices
               SYSTEM_DEMOS_DIR = /Applications/Extras
               SYSTEM_DEVELOPER_APPS_DIR = /Applications/Xcode.app/Contents/Developer/Applications
               SYSTEM_DEVELOPER_BIN_DIR = /Applications/Xcode.app/Contents/Developer/usr/bin
               SYSTEM_DEVELOPER_DEMOS_DIR = /Applications/Xcode.app/Contents/Developer/Applications/Utilities/Built Examples
               SYSTEM_DEVELOPER_DIR = /Applications/Xcode.app/Contents/Developer
               SYSTEM_DEVELOPER_DOC_DIR = /Applications/Xcode.app/Contents/Developer/ADC Reference Library
               SYSTEM_DEVELOPER_GRAPHICS_TOOLS_DIR = /Applications/Xcode.app/Contents/Developer/Applications/Graphics Tools
               SYSTEM_DEVELOPER_JAVA_TOOLS_DIR = /Applications/Xcode.app/Contents/Developer/Applications/Java Tools
               SYSTEM_DEVELOPER_PERFORMANCE_TOOLS_DIR = /Applications/Xcode.app/Contents/Developer/Applications/Performance Tools
               SYSTEM_DEVELOPER_RELEASENOTES_DIR = /Applications/Xcode.app/Contents/Developer/ADC Reference Library/releasenotes
               SYSTEM_DEVELOPER_TOOLS = /Applications/Xcode.app/Contents/Developer/Tools
               SYSTEM_DEVELOPER_TOOLS_DOC_DIR = /Applications/Xcode.app/Contents/Developer/ADC Reference Library/documentation/DeveloperTools
               SYSTEM_DEVELOPER_TOOLS_RELEASENOTES_DIR = /Applications/Xcode.app/Contents/Developer/ADC Reference Library/releasenotes/DeveloperTools
               SYSTEM_DEVELOPER_USR_DIR = /Applications/Xcode.app/Contents/Developer/usr
               SYSTEM_DEVELOPER_UTILITIES_DIR = /Applications/Xcode.app/Contents/Developer/Applications/Utilities
               SYSTEM_DEXT_INSTALL_PATH = /System/Library/DriverExtensions
               SYSTEM_DOCUMENTATION_DIR = /Library/Documentation
               SYSTEM_EXTENSIONS_FOLDER_PATH = FirebaseCoreExtension.framework/SystemExtensions
               SYSTEM_EXTENSIONS_FOLDER_PATH_SHALLOW_BUNDLE_NO = FirebaseCoreExtension.framework/Library/SystemExtensions
               SYSTEM_EXTENSIONS_FOLDER_PATH_SHALLOW_BUNDLE_YES = FirebaseCoreExtension.framework/SystemExtensions
               SYSTEM_KEXT_INSTALL_PATH = /System/Library/Extensions
               SYSTEM_LIBRARY_DIR = /System/Library
               TAPI_DEMANGLE = YES
               TAPI_ENABLE_PROJECT_HEADERS = NO
               TAPI_LANGUAGE = objective-c
               TAPI_LANGUAGE_STANDARD = compiler-default
               TAPI_USE_SRCROOT = YES
               TAPI_VERIFY_MODE = Pedantic
               TARGETED_DEVICE_FAMILY = 1,2
               TARGETNAME = FirebaseCoreExtension
               TARGET_BUILD_DIR = /Users/otislewis/arena/build/ios/Release-iphonesimulator/FirebaseCoreExtension
               TARGET_NAME = FirebaseCoreExtension
               TARGET_TEMP_DIR = /Users/otislewis/arena/build/ios/Pods.build/Release-iphonesimulator/FirebaseCoreExtension.build
               TEMP_DIR = /Users/otislewis/arena/build/ios/Pods.build/Release-iphonesimulator/FirebaseCoreExtension.build
               TEMP_FILES_DIR = /Users/otislewis/arena/build/ios/Pods.build/Release-iphonesimulator/FirebaseCoreExtension.build
               TEMP_FILE_DIR = /Users/otislewis/arena/build/ios/Pods.build/Release-iphonesimulator/FirebaseCoreExtension.build
               TEMP_ROOT = /Users/otislewis/arena/build/ios
               TEMP_SANDBOX_DIR = /Users/otislewis/arena/build/ios/TemporaryTaskSandboxes
               TEST_FRAMEWORK_SEARCH_PATHS =  /Applications/Xcode.app/Contents/Developer/Platforms/iPhoneSimulator.platform/Developer/Library/Frameworks /Applications/Xcode.app/Contents/Developer/Platforms/iPhoneSimulator.platform/Developer/SDKs/iPhoneSimulator18.4.sdk/Developer/Library/Frameworks
               TEST_LIBRARY_SEARCH_PATHS =  /Applications/Xcode.app/Contents/Developer/Platforms/iPhoneSimulator.platform/Developer/usr/lib
               TOOLCHAINS = com.apple.dt.toolchain.XcodeDefault
               TOOLCHAIN_DIR = /Applications/Xcode.app/Contents/Developer/Toolchains/XcodeDefault.xctoolchain
               TREAT_MISSING_BASELINES_AS_TEST_FAILURES = NO
               TREAT_MISSING_SCRIPT_PHASE_OUTPUTS_AS_ERRORS = NO
               UID = 501
               UNINSTALLED_PRODUCTS_DIR = /Users/otislewis/arena/build/ios/UninstalledProducts
               UNLOCALIZED_RESOURCES_FOLDER_PATH = FirebaseCoreExtension.framework
               UNLOCALIZED_RESOURCES_FOLDER_PATH_SHALLOW_BUNDLE_NO = FirebaseCoreExtension.framework/Resources
               UNLOCALIZED_RESOURCES_FOLDER_PATH_SHALLOW_BUNDLE_YES = FirebaseCoreExtension.framework
               UNSTRIPPED_PRODUCT = NO
               USER = otislewis
               USER_APPS_DIR = /Users/otislewis/Applications
               USER_LIBRARY_DIR = /Users/otislewis/Library
               USE_DYNAMIC_NO_PIC = YES
               USE_HEADERMAP = YES
               USE_HEADER_SYMLINKS = NO
               USE_RECURSIVE_SCRIPT_INPUTS_IN_SCRIPT_PHASES = YES
               VALIDATE_DEVELOPMENT_ASSET_PATHS = YES_ERROR
               VALIDATE_PRODUCT = YES
               VALID_ARCHS = arm64
               VERBOSE_PBXCP = NO
               VERSIONING_SYSTEM = apple-generic
               VERSIONPLIST_PATH = FirebaseCoreExtension.framework/version.plist
               VERSIONS_FOLDER_PATH = FirebaseCoreExtension.framework
               VERSIONS_FOLDER_PATH_SHALLOW_BUNDLE_NO = FirebaseCoreExtension.framework/Versions
               VERSIONS_FOLDER_PATH_SHALLOW_BUNDLE_YES = FirebaseCoreExtension.framework
               VERSION_INFO_BUILDER = otislewis
               VERSION_INFO_FILE = FirebaseCoreExtension_vers.c
               VERSION_INFO_STRING = "@(#)PROGRAM:FirebaseCoreExtension  PROJECT:Pods-1"
               WORKSPACE_DIR = /Users/otislewis/arena/ios/Pods/Pods.xcodeproj
               WRAPPER_EXTENSION = framework
               WRAPPER_NAME = FirebaseCoreExtension.framework
               WRAPPER_SUFFIX = .framework
               WRAP_ASSET_PACKS_IN_SEPARATE_DIRECTORIES = NO
               XCODE_APP_SUPPORT_DIR = /Applications/Xcode.app/Contents/Developer/Library/Xcode
               XCODE_PRODUCT_BUILD_VERSION = 16E140
               XCODE_VERSION_ACTUAL = 1630
               XCODE_VERSION_MAJOR = 1600
               XCODE_VERSION_MINOR = 1630
               XPCSERVICES_FOLDER_PATH = FirebaseCoreExtension.framework/XPCServices
               YACC = yacc
               _DISCOVER_COMMAND_LINE_LINKER_INPUTS = YES
               _DISCOVER_COMMAND_LINE_LINKER_INPUTS_INCLUDE_WL = YES
               _WRAPPER_CONTENTS_DIR_SHALLOW_BUNDLE_NO = /Contents
               _WRAPPER_PARENT_PATH_SHALLOW_BUNDLE_NO = /..
               _WRAPPER_RESOURCES_DIR_SHALLOW_BUNDLE_NO = /Resources
               __DIAGNOSE_DEPRECATED_ARCHS = YES
               arch = undefined_arch
               variant = normal

           Build settings for action build and target FirebaseCoreExtension-FirebaseCoreExtension_Privacy:
               ACTION = build
               AD_HOC_CODE_SIGNING_ALLOWED = YES
               ALLOW_BUILD_REQUEST_OVERRIDES = NO
               ALLOW_TARGET_PLATFORM_SPECIALIZATION = NO
               ALTERNATE_GROUP = staff
               ALTERNATE_MODE = u+w,go-w,a+rX
               ALTERNATE_OWNER = otislewis
               ALTERNATIVE_DISTRIBUTION_WEB = NO
               ALWAYS_EMBED_SWIFT_STANDARD_LIBRARIES = NO
               ALWAYS_SEARCH_USER_PATHS = NO
               ALWAYS_USE_SEPARATE_HEADERMAPS = NO
               APPLICATION_EXTENSION_API_ONLY = NO
               APPLY_RULES_IN_COPY_FILES = NO
               APPLY_RULES_IN_COPY_HEADERS = NO
               APP_SHORTCUTS_ENABLE_FLEXIBLE_MATCHING = YES
               ARCHS_STANDARD = arm64 x86_64
               ARCHS_STANDARD_32_64_BIT = arm64 x86_64
               ARCHS_STANDARD_64_BIT = arm64 x86_64
               ARCHS_STANDARD_INCLUDING_64_BIT = arm64 x86_64
               ARCHS_UNIVERSAL_IPHONE_OS = arm64 x86_64
               AUTOMATICALLY_MERGE_DEPENDENCIES = NO
               AVAILABLE_PLATFORMS = android appletvos appletvsimulator driverkit iphoneos iphonesimulator macosx qnx watchos watchsimulator xros xrsimulator
               BITCODE_GENERATION_MODE = marker
               BUILD_ACTIVE_RESOURCES_ONLY = NO
               BUILD_COMPONENTS = headers build
               BUILD_DIR = /Users/otislewis/arena/build/ios
               BUILD_LIBRARY_FOR_DISTRIBUTION = NO
               BUILD_ROOT = /Users/otislewis/arena/ios/build
               BUILD_STYLE = 
               BUILD_VARIANTS = normal
               BUILT_PRODUCTS_DIR = /Users/otislewis/arena/build/ios/Release-iphonesimulator/FirebaseCoreExtension
               BUNDLE_CONTENTS_FOLDER_PATH_deep = Contents/
               BUNDLE_EXECUTABLE_FOLDER_NAME_deep = MacOS
               BUNDLE_EXTENSIONS_FOLDER_PATH = Extensions
               BUNDLE_FORMAT = shallow
               BUNDLE_FRAMEWORKS_FOLDER_PATH = Frameworks
               BUNDLE_PLUGINS_FOLDER_PATH = PlugIns
               BUNDLE_PRIVATE_HEADERS_FOLDER_PATH = PrivateHeaders
               BUNDLE_PUBLIC_HEADERS_FOLDER_PATH = Headers
               CACHE_ROOT = /var/folders/4y/xy3fflts0nqfk1tsxg0t3mmr0000gn/C/com.apple.DeveloperTools/16.3-16E140/Xcode
               CCHROOT = /var/folders/4y/xy3fflts0nqfk1tsxg0t3mmr0000gn/C/com.apple.DeveloperTools/16.3-16E140/Xcode
               CHMOD = /bin/chmod
               CHOWN = /usr/sbin/chown
               CLANG_ANALYZER_LOCALIZABILITY_NONLOCALIZED = YES
               CLANG_ANALYZER_NONNULL = YES
               CLANG_ANALYZER_NUMBER_OBJECT_CONVERSION = YES_AGGRESSIVE
               CLANG_CACHE_FINE_GRAINED_OUTPUTS = YES
               CLANG_CXX_LANGUAGE_STANDARD = gnu++14
               CLANG_CXX_LIBRARY = libc++
               CLANG_ENABLE_EXPLICIT_MODULES = YES
               CLANG_ENABLE_MODULES = YES
               CLANG_ENABLE_OBJC_ARC = YES
               CLANG_ENABLE_OBJC_WEAK = YES
               CLANG_MODULES_BUILD_SESSION_FILE = /var/folders/4y/xy3fflts0nqfk1tsxg0t3mmr0000gn/C/org.llvm.clang/ModuleCache.noindex/Session.modulevalidation
               CLANG_WARN_BLOCK_CAPTURE_AUTORELEASING = YES
               CLANG_WARN_BOOL_CONVERSION = YES
               CLANG_WARN_COMMA = YES
               CLANG_WARN_CONSTANT_CONVERSION = YES
               CLANG_WARN_DEPRECATED_OBJC_IMPLEMENTATIONS = YES
               CLANG_WARN_DIRECT_OBJC_ISA_USAGE = YES_ERROR
               CLANG_WARN_DOCUMENTATION_COMMENTS = YES
               CLANG_WARN_EMPTY_BODY = YES
               CLANG_WARN_ENUM_CONVERSION = YES
               CLANG_WARN_INFINITE_RECURSION = YES
               CLANG_WARN_INT_CONVERSION = YES
               CLANG_WARN_NON_LITERAL_NULL_CONVERSION = YES
               CLANG_WARN_OBJC_IMPLICIT_RETAIN_SELF = YES
               CLANG_WARN_OBJC_LITERAL_CONVERSION = YES
               CLANG_WARN_OBJC_ROOT_CLASS = YES_ERROR
               CLANG_WARN_QUOTED_INCLUDE_IN_FRAMEWORK_HEADER = NO
               CLANG_WARN_RANGE_LOOP_ANALYSIS = YES
               CLANG_WARN_STRICT_PROTOTYPES = YES
               CLANG_WARN_SUSPICIOUS_MOVE = YES
               CLANG_WARN_UNGUARDED_AVAILABILITY = YES_AGGRESSIVE
               CLANG_WARN_UNREACHABLE_CODE = YES
               CLANG_WARN__DUPLICATE_METHOD_MATCH = YES
               CLASS_FILE_DIR = /Users/otislewis/arena/build/ios/Pods.build/Release-iphonesimulator/FirebaseCoreExtension-FirebaseCoreExtension_Privacy.build/JavaClasses
               CLEAN_PRECOMPS = YES
               CLONE_HEADERS = NO
               CODESIGNING_FOLDER_PATH = /Users/otislewis/arena/build/ios/Release-iphonesimulator/FirebaseCoreExtension/FirebaseCoreExtension_Privacy.bundle
               CODE_SIGNING_ALLOWED = NO
               CODE_SIGNING_IDENTITY = -
               CODE_SIGNING_REQUIRED = NO
               CODE_SIGN_CONTEXT_CLASS = XCiPhoneSimulatorCodeSignContext
               CODE_SIGN_IDENTITY = -
               CODE_SIGN_INJECT_BASE_ENTITLEMENTS = YES
               COLOR_DIAGNOSTICS = NO
               COMBINE_HIDPI_IMAGES = NO
               COMPILATION_CACHE_CAS_PATH = /var/folders/4y/xy3fflts0nqfk1tsxg0t3mmr0000gn/C/com.apple.DeveloperTools/16.3-16E140/Xcode/CompilationCache.noindex
               COMPILATION_CACHE_KEEP_CAS_DIRECTORY = YES
               COMPILER_INDEX_STORE_ENABLE = Default
               COMPOSITE_SDK_DIRS = /Users/otislewis/arena/build/ios/CompositeSDKs
               COMPRESS_PNG_FILES = YES
               CONFIGURATION = Release
               CONFIGURATION_BUILD_DIR = /Users/otislewis/arena/build/ios/Release-iphonesimulator/FirebaseCoreExtension
               CONFIGURATION_TEMP_DIR = /Users/otislewis/arena/build/ios/Pods.build/Release-iphonesimulator
               CONTENTS_FOLDER_PATH = FirebaseCoreExtension_Privacy.bundle
               CONTENTS_FOLDER_PATH_SHALLOW_BUNDLE_NO = FirebaseCoreExtension_Privacy.bundle/Contents
               CONTENTS_FOLDER_PATH_SHALLOW_BUNDLE_YES = FirebaseCoreExtension_Privacy.bundle
               COPYING_PRESERVES_HFS_DATA = NO
               COPY_HEADERS_RUN_UNIFDEF = NO
               COPY_PHASE_STRIP = NO
               CORRESPONDING_DEVICE_PLATFORM_DIR = /Applications/Xcode.app/Contents/Developer/Platforms/iPhoneOS.platform
               CORRESPONDING_DEVICE_PLATFORM_NAME = iphoneos
               CORRESPONDING_DEVICE_SDK_DIR = /Applications/Xcode.app/Contents/Developer/Platforms/iPhoneOS.platform/Developer/SDKs/iPhoneOS18.4.sdk
               CORRESPONDING_DEVICE_SDK_NAME = iphoneos18.4
               CP = /bin/cp
               CREATE_INFOPLIST_SECTION_IN_BINARY = NO
               CURRENT_ARCH = undefined_arch
               CURRENT_VARIANT = normal
               DEAD_CODE_STRIPPING = YES
               DEBUGGING_SYMBOLS = YES
               DEBUG_INFORMATION_FORMAT = dwarf-with-dsym
               DEBUG_INFORMATION_VERSION = compiler-default
               DEFAULT_COMPILER = com.apple.compilers.llvm.clang.1_0
               DEFAULT_DEXT_INSTALL_PATH = /System/Library/DriverExtensions
               DEFAULT_KEXT_INSTALL_PATH = /System/Library/Extensions
               DEFINES_MODULE = NO
               DEPLOYMENT_LOCATION = NO
               DEPLOYMENT_POSTPROCESSING = NO
               DEPLOYMENT_TARGET_SETTING_NAME = IPHONEOS_DEPLOYMENT_TARGET
               DEPLOYMENT_TARGET_SUGGESTED_VALUES = 12.0 12.1 12.2 12.3 12.4 13.0 13.1 13.2 13.3 13.4 13.5 13.6 14.0 14.1 14.2 14.3 14.4 14.5 14.6 14.7 15.0 15.1 15.2 15.3 15.4 15.5 15.6 16.0 16.1 16.2 16.3 16.4 16.5 16.6 17.0 17.1 17.2 17.3 17.4 17.5 17.6 18.0 18.1 18.2 18.3 18.4
               DERIVED_FILES_DIR = /Users/otislewis/arena/build/ios/Pods.build/Release-iphonesimulator/FirebaseCoreExtension-FirebaseCoreExtension_Privacy.build/DerivedSources
               DERIVED_FILE_DIR = /Users/otislewis/arena/build/ios/Pods.build/Release-iphonesimulator/FirebaseCoreExtension-FirebaseCoreExtension_Privacy.build/DerivedSources
               DERIVED_SOURCES_DIR = /Users/otislewis/arena/build/ios/Pods.build/Release-iphonesimulator/FirebaseCoreExtension-FirebaseCoreExtension_Privacy.build/DerivedSources
               DEVELOPER_APPLICATIONS_DIR = /Applications/Xcode.app/Contents/Developer/Applications
               DEVELOPER_BIN_DIR = /Applications/Xcode.app/Contents/Developer/usr/bin
               DEVELOPER_DIR = /Applications/Xcode.app/Contents/Developer
               DEVELOPER_FRAMEWORKS_DIR = /Applications/Xcode.app/Contents/Developer/Library/Frameworks
               DEVELOPER_FRAMEWORKS_DIR_QUOTED = /Applications/Xcode.app/Contents/Developer/Library/Frameworks
               DEVELOPER_LIBRARY_DIR = /Applications/Xcode.app/Contents/Developer/Library
               DEVELOPER_SDK_DIR = /Applications/Xcode.app/Contents/Developer/Platforms/MacOSX.platform/Developer/SDKs
               DEVELOPER_TOOLS_DIR = /Applications/Xcode.app/Contents/Developer/Tools
               DEVELOPER_USR_DIR = /Applications/Xcode.app/Contents/Developer/usr
               DEVELOPMENT_LANGUAGE = en
               DIAGNOSE_MISSING_TARGET_DEPENDENCIES = YES
               DIFF = /usr/bin/diff
               DOCUMENTATION_FOLDER_PATH = FirebaseCoreExtension_Privacy.bundle/en.lproj/Documentation
               DONT_GENERATE_INFOPLIST_FILE = NO
               DSTROOT = /tmp/Pods.dst
               DT_TOOLCHAIN_DIR = /Applications/Xcode.app/Contents/Developer/Toolchains/XcodeDefault.xctoolchain
               DWARF_DSYM_FILE_NAME = FirebaseCoreExtension_Privacy.bundle.dSYM
               DWARF_DSYM_FILE_SHOULD_ACCOMPANY_PRODUCT = NO
               DWARF_DSYM_FOLDER_PATH = /Users/otislewis/arena/build/ios/Release-iphonesimulator/FirebaseCoreExtension
               DYNAMIC_LIBRARY_EXTENSION = dylib
               EAGER_COMPILATION_ALLOW_SCRIPTS = NO
               EAGER_LINKING = NO
               EFFECTIVE_PLATFORM_NAME = -iphonesimulator
               EMBEDDED_CONTENT_CONTAINS_SWIFT = NO
               EMBED_ASSET_PACKS_IN_PRODUCT_BUNDLE = NO
               ENABLE_APP_SANDBOX = NO
               ENABLE_BITCODE = NO
               ENABLE_CODE_COVERAGE = YES
               ENABLE_DEFAULT_HEADER_SEARCH_PATHS = YES
               ENABLE_DEFAULT_SEARCH_PATHS = YES
               ENABLE_HARDENED_RUNTIME = NO
               ENABLE_HEADER_DEPENDENCIES = YES
               ENABLE_INCOMING_NETWORK_CONNECTIONS = NO
               ENABLE_NS_ASSERTIONS = NO
               ENABLE_ON_DEMAND_RESOURCES = NO
               ENABLE_OUTGOING_NETWORK_CONNECTIONS = NO
               ENABLE_RESOURCE_ACCESS_AUDIO_INPUT = NO
               ENABLE_RESOURCE_ACCESS_BLUETOOTH = NO
               ENABLE_RESOURCE_ACCESS_CALENDARS = NO
               ENABLE_RESOURCE_ACCESS_CAMERA = NO
               ENABLE_RESOURCE_ACCESS_CONTACTS = NO
               ENABLE_RESOURCE_ACCESS_LOCATION = NO
               ENABLE_RESOURCE_ACCESS_PRINTING = NO
               ENABLE_RESOURCE_ACCESS_USB = NO
               ENABLE_SDK_IMPORTS = NO
               ENABLE_STRICT_OBJC_MSGSEND = YES
               ENABLE_TESTABILITY = NO
               ENABLE_TESTING_SEARCH_PATHS = NO
               ENABLE_USER_SCRIPT_SANDBOXING = NO
               ENFORCE_VALID_ARCHS = YES
               ENTITLEMENTS_DESTINATION = __entitlements
               ENTITLEMENTS_REQUIRED = NO
               EXCLUDED_ARCHS = arm64
               EXCLUDED_INSTALLSRC_SUBDIRECTORY_PATTERNS = .DS_Store .svn .git .hg CVS
               EXCLUDED_RECURSIVE_SEARCH_PATH_SUBDIRECTORIES = *.nib *.lproj *.framework *.gch *.xcode* *.xcassets (*) .DS_Store CVS .svn .git .hg *.pbproj *.pbxproj
               EXECUTABLES_FOLDER_PATH = FirebaseCoreExtension_Privacy.bundle/Executables
               EXECUTABLE_FOLDER_PATH = FirebaseCoreExtension_Privacy.bundle
               EXECUTABLE_FOLDER_PATH_SHALLOW_BUNDLE_NO = FirebaseCoreExtension_Privacy.bundle/MacOS
               EXECUTABLE_FOLDER_PATH_SHALLOW_BUNDLE_YES = FirebaseCoreExtension_Privacy.bundle
               EXECUTABLE_NAME = FirebaseCoreExtension_Privacy
               EXECUTABLE_PATH = FirebaseCoreExtension_Privacy.bundle/FirebaseCoreExtension_Privacy
               EXPANDED_CODE_SIGN_IDENTITY = -
               EXTENSIONS_FOLDER_PATH = FirebaseCoreExtension_Privacy.bundle/Extensions
               FILE_LIST = /Users/otislewis/arena/build/ios/Pods.build/Release-iphonesimulator/FirebaseCoreExtension-FirebaseCoreExtension_Privacy.build/Objects/LinkFileList
               FIXED_FILES_DIR = /Users/otislewis/arena/build/ios/Pods.build/Release-iphonesimulator/FirebaseCoreExtension-FirebaseCoreExtension_Privacy.build/FixedFiles
               FRAMEWORKS_FOLDER_PATH = FirebaseCoreExtension_Privacy.bundle/Frameworks
               FRAMEWORK_FLAG_PREFIX = -framework
               FRAMEWORK_SEARCH_PATHS = /Users/otislewis/arena/build/ios/Release-iphonesimulator/FirebaseCoreExtension  "/Users/otislewis/arena/build/ios/Release-iphonesimulator/FirebaseCore" "/Users/otislewis/arena/build/ios/Release-iphonesimulator/FirebaseCoreInternal" "/Users/otislewis/arena/build/ios/Release-iphonesimulator/GoogleUtilities" "/Users/otislewis/arena/build/ios/Release-iphonesimulator/PromisesObjC"
               FRAMEWORK_VERSION = A
               FULL_PRODUCT_NAME = FirebaseCoreExtension_Privacy.bundle
               FUSE_BUILD_PHASES = YES
               FUSE_BUILD_SCRIPT_PHASES = NO
               GCC3_VERSION = 3.3
               GCC_C_LANGUAGE_STANDARD = gnu11
               GCC_INLINES_ARE_PRIVATE_EXTERN = YES
               GCC_NO_COMMON_BLOCKS = YES
               GCC_OBJC_LEGACY_DISPATCH = YES
               GCC_PFE_FILE_C_DIALECTS = c objective-c c++ objective-c++
               GCC_PREPROCESSOR_DEFINITIONS = POD_CONFIGURATION_RELEASE=1  COCOAPODS=1
               GCC_TREAT_WARNINGS_AS_ERRORS = NO
               GCC_VERSION = com.apple.compilers.llvm.clang.1_0
               GCC_VERSION_IDENTIFIER = com_apple_compilers_llvm_clang_1_0
               GCC_WARN_64_TO_32_BIT_CONVERSION = YES
               GCC_WARN_ABOUT_RETURN_TYPE = YES_ERROR
               GCC_WARN_UNDECLARED_SELECTOR = YES
               GCC_WARN_UNINITIALIZED_AUTOS = YES_AGGRESSIVE
               GCC_WARN_UNUSED_FUNCTION = YES
               GCC_WARN_UNUSED_VARIABLE = YES
               GENERATED_MODULEMAP_DIR = /Users/otislewis/arena/build/ios/GeneratedModuleMaps-iphonesimulator
               GENERATE_INFOPLIST_FILE = NO
               GENERATE_INTERMEDIATE_TEXT_BASED_STUBS = YES
               GENERATE_MASTER_OBJECT_FILE = NO
               GENERATE_PKGINFO_FILE = NO
               GENERATE_PROFILING_CODE = NO
               GENERATE_TEXT_BASED_STUBS = NO
               GID = 20
               GROUP = staff
               HEADERMAP_INCLUDES_FLAT_ENTRIES_FOR_TARGET_BEING_BUILT = YES
               HEADERMAP_INCLUDES_FRAMEWORK_ENTRIES_FOR_ALL_PRODUCT_TYPES = YES
               HEADERMAP_INCLUDES_FRAMEWORK_ENTRIES_FOR_TARGETS_NOT_BEING_BUILT = YES
               HEADERMAP_INCLUDES_NONPUBLIC_NONPRIVATE_HEADERS = YES
               HEADERMAP_INCLUDES_PROJECT_HEADERS = YES
               HEADERMAP_USES_FRAMEWORK_PREFIX_ENTRIES = YES
               HEADERMAP_USES_VFS = NO
               HEADER_SEARCH_PATHS = /Users/otislewis/arena/build/ios/Release-iphonesimulator/FirebaseCoreExtension/include 
               HIDE_BITCODE_SYMBOLS = YES
               HOME = /Users/otislewis
               HOST_ARCH = arm64
               HOST_PLATFORM = macosx
               IBSC_MODULE = FirebaseCoreExtension
               ICONV = /usr/bin/iconv
               IMPLICIT_DEPENDENCY_DOMAIN = default
               INFOPLIST_ENABLE_CFBUNDLEICONS_MERGE = YES
               INFOPLIST_EXPAND_BUILD_SETTINGS = YES
               INFOPLIST_FILE = Target Support Files/FirebaseCoreExtension/ResourceBundle-FirebaseCoreExtension_Privacy-FirebaseCoreExtension-Info.plist
               INFOPLIST_OUTPUT_FORMAT = binary
               INFOPLIST_PATH = FirebaseCoreExtension_Privacy.bundle/Info.plist
               INFOPLIST_PREPROCESS = NO
               INFOSTRINGS_PATH = FirebaseCoreExtension_Privacy.bundle/en.lproj/InfoPlist.strings
               INLINE_PRIVATE_FRAMEWORKS = NO
               INSTALLAPI_IGNORE_SKIP_INSTALL = YES
               INSTALLHDRS_COPY_PHASE = NO
               INSTALLHDRS_SCRIPT_PHASE = NO
               INSTALL_DIR = /tmp/Pods.dst
               INSTALL_GROUP = staff
               INSTALL_MODE_FLAG = u+w,go-w,a+rX
               INSTALL_OWNER = otislewis
               INSTALL_ROOT = /tmp/Pods.dst
               IPHONEOS_DEPLOYMENT_TARGET = 13.0
               IS_UNOPTIMIZED_BUILD = NO
               JAVAC_DEFAULT_FLAGS = -J-Xms64m -J-XX:NewSize=4M -J-Dfile.encoding=UTF8
               JAVA_APP_STUB = /System/Library/Frameworks/JavaVM.framework/Resources/MacOS/JavaApplicationStub
               JAVA_ARCHIVE_CLASSES = YES
               JAVA_ARCHIVE_TYPE = JAR
               JAVA_COMPILER = /usr/bin/javac
               JAVA_FOLDER_PATH = FirebaseCoreExtension_Privacy.bundle/Java
               JAVA_FRAMEWORK_RESOURCES_DIRS = Resources
               JAVA_JAR_FLAGS = cv
               JAVA_SOURCE_SUBDIR = .
               JAVA_USE_DEPENDENCIES = YES
               JAVA_ZIP_FLAGS = -urg
               JIKES_DEFAULT_FLAGS = +E +OLDCSO
               KEEP_PRIVATE_EXTERNS = NO
               LD_DEPENDENCY_INFO_FILE = /Users/otislewis/arena/build/ios/Pods.build/Release-iphonesimulator/FirebaseCoreExtension-FirebaseCoreExtension_Privacy.build/Objects-normal/undefined_arch/FirebaseCoreExtension_Privacy_dependency_info.dat
               LD_EXPORT_SYMBOLS = YES
               LD_GENERATE_MAP_FILE = NO
               LD_MAP_FILE_PATH = /Users/otislewis/arena/build/ios/Pods.build/Release-iphonesimulator/FirebaseCoreExtension-FirebaseCoreExtension_Privacy.build/FirebaseCoreExtension_Privacy-LinkMap-normal-undefined_arch.txt
               LD_NO_PIE = NO
               LD_QUOTE_LINKER_ARGUMENTS_FOR_COMPILER_DRIVER = YES
               LD_SHARED_CACHE_ELIGIBLE = Automatic
               LD_WARN_DUPLICATE_LIBRARIES = NO
               LD_WARN_UNUSED_DYLIBS = NO
               LEGACY_DEVELOPER_DIR = /Applications/Xcode.app/Contents/PlugIns/Xcode3Core.ideplugin/Contents/SharedSupport/Developer
               LEX = lex
               LIBRARY_DEXT_INSTALL_PATH = /Library/DriverExtensions
               LIBRARY_FLAG_NOSPACE = YES
               LIBRARY_FLAG_PREFIX = -l
               LIBRARY_KEXT_INSTALL_PATH = /Library/Extensions
               LIBRARY_SEARCH_PATHS = /Users/otislewis/arena/build/ios/Release-iphonesimulator/FirebaseCoreExtension 
               LINKER_DISPLAYS_MANGLED_NAMES = NO
               LINK_OBJC_RUNTIME = YES
               LINK_WITH_STANDARD_LIBRARIES = YES
               LLVM_TARGET_TRIPLE_OS_VERSION = ios13.0
               LLVM_TARGET_TRIPLE_SUFFIX = -simulator
               LLVM_TARGET_TRIPLE_VENDOR = apple
               LOCALIZATION_EXPORT_SUPPORTED = YES
               LOCALIZATION_PREFERS_STRING_CATALOGS = NO
               LOCALIZED_RESOURCES_FOLDER_PATH = FirebaseCoreExtension_Privacy.bundle/en.lproj
               LOCALIZED_STRING_MACRO_NAMES = NSLocalizedString CFCopyLocalizedString
               LOCALIZED_STRING_SWIFTUI_SUPPORT = YES
               LOCAL_ADMIN_APPS_DIR = /Applications/Utilities
               LOCAL_APPS_DIR = /Applications
               LOCAL_DEVELOPER_DIR = /Library/Developer
               LOCAL_LIBRARY_DIR = /Library
               LOCROOT = /Users/otislewis/arena/ios/Pods
               LOCSYMROOT = /Users/otislewis/arena/ios/Pods
               MACH_O_TYPE = mh_bundle
               MAC_OS_X_PRODUCT_BUILD_VERSION = 24F74
               MAC_OS_X_VERSION_ACTUAL = 150500
               MAC_OS_X_VERSION_MAJOR = 150000
               MAC_OS_X_VERSION_MINOR = 150500
               MAKE_MERGEABLE = NO
               MERGEABLE_LIBRARY = NO
               MERGED_BINARY_TYPE = none
               MERGE_LINKED_LIBRARIES = NO
               METAL_LIBRARY_FILE_BASE = default
               METAL_LIBRARY_OUTPUT_DIR = /Users/otislewis/arena/build/ios/Release-iphonesimulator/FirebaseCoreExtension/FirebaseCoreExtension_Privacy.bundle
               MODULES_FOLDER_PATH = FirebaseCoreExtension_Privacy.bundle/Modules
               MTL_ENABLE_DEBUG_INFO = NO
               MTL_FAST_MATH = YES
               NATIVE_ARCH = arm64
               NATIVE_ARCH_32_BIT = arm
               NATIVE_ARCH_64_BIT = arm64
               NATIVE_ARCH_ACTUAL = arm64
               NO_COMMON = YES
               OBJC_ABI_VERSION = 2
               OBJECT_FILE_DIR = /Users/otislewis/arena/build/ios/Pods.build/Release-iphonesimulator/FirebaseCoreExtension-FirebaseCoreExtension_Privacy.build/Objects
               OBJECT_FILE_DIR_normal = /Users/otislewis/arena/build/ios/Pods.build/Release-iphonesimulator/FirebaseCoreExtension-FirebaseCoreExtension_Privacy.build/Objects-normal
               OBJROOT = /Users/otislewis/arena/build/ios
               ONLY_ACTIVE_ARCH = NO
               OS = MACOS
               OSAC = /usr/bin/osacompile
               OTHER_LDFLAGS =  -framework "FirebaseCore" -framework "Foundation" -framework "UIKit"
               PACKAGE_TYPE = com.apple.package-type.wrapper
               PASCAL_STRINGS = YES
               PATH = /Applications/Xcode.app/Contents/SharedFrameworks/SwiftBuild.framework/Versions/A/PlugIns/SWBBuildService.bundle/Contents/PlugIns/SWBUniversalPlatformPlugin.bundle/Contents/Frameworks/SWBUniversalPlatform.framework/Resources:/Applications/Xcode.app/Contents/Developer/Toolchains/XcodeDefault.xctoolchain/usr/bin:/Applications/Xcode.app/Contents/Developer/Toolchains/XcodeDefault.xctoolchain/usr/local/bin:/Applications/Xcode.app/Contents/Developer/Toolchains/XcodeDefault.xctoolchain/usr/libexec:/Applications/Xcode.app/Contents/Developer/Platforms/iPhoneSimulator.platform/usr/bin:/Applications/Xcode.app/Contents/Developer/Platforms/iPhoneSimulator.platform/usr/local/bin:/Applications/Xcode.app/Contents/Developer/Platforms/iPhoneSimulator.platform/Developer/usr/bin:/Applications/Xcode.app/Contents/Developer/Platforms/iPhoneSimulator.platform/Developer/usr/local/bin:/Applications/Xcode.app/Contents/Developer/usr/bin:/Applications/Xcode.app/Contents/Developer/usr/local/bin:/Users/otislewis/.gem/ruby/3.3.0/bin:/opt/homebrew/bin:/opt/homebrew/sbin:/usr/local/bin:/System/Cryptexes/App/usr/bin:/usr/bin:/bin:/usr/sbin:/sbin:/var/run/com.apple.security.cryptexd/codex.system/bootstrap/usr/local/bin:/var/run/com.apple.security.cryptexd/codex.system/bootstrap/usr/bin:/var/run/com.apple.security.cryptexd/codex.system/bootstrap/usr/appleinternal/bin:/Library/Apple/usr/bin:/opt/homebrew/Caskroom/flutter/3.32.0/flutter/bin:/Users/otislewis/Library/Android/sdk/emulator:/Users/otislewis/Library/Android/sdk/tools:/Users/otislewis/Library/Android/sdk/tools/bin:/Users/otislewis/Library/Android/sdk/platform-tools:/opt/homebrew/Caskroom/flutter/3.32.0/flutter/bin/cache/dart-sdk/bin
               PATH_PREFIXES_EXCLUDED_FROM_HEADER_DEPENDENCIES = /usr/include /usr/local/include /System/Library/Frameworks /System/Library/PrivateFrameworks /Applications/Xcode.app/Contents/Developer/Headers /Applications/Xcode.app/Contents/Developer/SDKs /Applications/Xcode.app/Contents/Developer/Platforms
               PBDEVELOPMENTPLIST_PATH = FirebaseCoreExtension_Privacy.bundle/pbdevelopment.plist
               PER_ARCH_MODULE_FILE_DIR = /Users/otislewis/arena/build/ios/Pods.build/Release-iphonesimulator/FirebaseCoreExtension-FirebaseCoreExtension_Privacy.build/Objects-normal/undefined_arch
               PER_ARCH_OBJECT_FILE_DIR = /Users/otislewis/arena/build/ios/Pods.build/Release-iphonesimulator/FirebaseCoreExtension-FirebaseCoreExtension_Privacy.build/Objects-normal/undefined_arch
               PER_VARIANT_OBJECT_FILE_DIR = /Users/otislewis/arena/build/ios/Pods.build/Release-iphonesimulator/FirebaseCoreExtension-FirebaseCoreExtension_Privacy.build/Objects-normal
               PKGINFO_FILE_PATH = /Users/otislewis/arena/build/ios/Pods.build/Release-iphonesimulator/FirebaseCoreExtension-FirebaseCoreExtension_Privacy.build/PkgInfo
               PKGINFO_PATH = FirebaseCoreExtension_Privacy.bundle/PkgInfo
               PLATFORM_DEVELOPER_APPLICATIONS_DIR = /Applications/Xcode.app/Contents/Developer/Platforms/iPhoneSimulator.platform/Developer/Applications
               PLATFORM_DEVELOPER_BIN_DIR = /Applications/Xcode.app/Contents/Developer/Platforms/iPhoneSimulator.platform/Developer/usr/bin
               PLATFORM_DEVELOPER_LIBRARY_DIR = /Applications/Xcode.app/Contents/Developer/Platforms/iPhoneSimulator.platform/Developer/Library
               PLATFORM_DEVELOPER_SDK_DIR = /Applications/Xcode.app/Contents/Developer/Platforms/iPhoneSimulator.platform/Developer/SDKs
               PLATFORM_DEVELOPER_TOOLS_DIR = /Applications/Xcode.app/Contents/Developer/Platforms/iPhoneSimulator.platform/Developer/Tools
               PLATFORM_DEVELOPER_USR_DIR = /Applications/Xcode.app/Contents/Developer/Platforms/iPhoneSimulator.platform/Developer/usr
               PLATFORM_DIR = /Applications/Xcode.app/Contents/Developer/Platforms/iPhoneSimulator.platform
               PLATFORM_DISPLAY_NAME = iOS Simulator
               PLATFORM_FAMILY_NAME = iOS
               PLATFORM_NAME = iphonesimulator
               PLATFORM_PREFERRED_ARCH = x86_64
               PLATFORM_PRODUCT_BUILD_VERSION = 22E235
               PLATFORM_REQUIRES_SWIFT_AUTOLINK_EXTRACT = NO
               PLATFORM_REQUIRES_SWIFT_MODULEWRAP = NO
               PLIST_FILE_OUTPUT_FORMAT = binary
               PLUGINS_FOLDER_PATH = FirebaseCoreExtension_Privacy.bundle/PlugIns
               PODS_BUILD_DIR = /Users/otislewis/arena/build/ios
               PODS_CONFIGURATION_BUILD_DIR = /Users/otislewis/arena/build/ios/Release-iphonesimulator
               PODS_DEVELOPMENT_LANGUAGE = en
               PODS_ROOT = /Users/otislewis/arena/ios/Pods
               PODS_TARGET_SRCROOT = /Users/otislewis/arena/ios/Pods/FirebaseCoreExtension
               PODS_XCFRAMEWORKS_BUILD_DIR = /Users/otislewis/arena/build/ios/Release-iphonesimulator/XCFrameworkIntermediates
               PRECOMPS_INCLUDE_HEADERS_FROM_BUILT_PRODUCTS_DIR = YES
               PRECOMP_DESTINATION_DIR = /Users/otislewis/arena/build/ios/Pods.build/Release-iphonesimulator/FirebaseCoreExtension-FirebaseCoreExtension_Privacy.build/PrefixHeaders
               PRIVATE_HEADERS_FOLDER_PATH = FirebaseCoreExtension_Privacy.bundle/PrivateHeaders
               PROCESSED_INFOPLIST_PATH = /Users/otislewis/arena/build/ios/Pods.build/Release-iphonesimulator/FirebaseCoreExtension-FirebaseCoreExtension_Privacy.build/Objects-normal/undefined_arch/Processed-Info.plist
               PRODUCT_BUNDLE_IDENTIFIER = org.cocoapods.FirebaseCoreExtension-Privacy
               PRODUCT_BUNDLE_PACKAGE_TYPE = BNDL
               PRODUCT_MODULE_NAME = FirebaseCoreExtension_Privacy
               PRODUCT_NAME = FirebaseCoreExtension_Privacy
               PRODUCT_SETTINGS_PATH = /Users/otislewis/arena/ios/Pods/Target Support Files/FirebaseCoreExtension/ResourceBundle-FirebaseCoreExtension_Privacy-FirebaseCoreExtension-Info.plist
               PRODUCT_TYPE = com.apple.product-type.bundle
               PROFILING_CODE = NO
               PROJECT = Pods
               PROJECT_DERIVED_FILE_DIR = /Users/otislewis/arena/build/ios/Pods.build/DerivedSources
               PROJECT_DIR = /Users/otislewis/arena/ios/Pods
               PROJECT_FILE_PATH = /Users/otislewis/arena/ios/Pods/Pods.xcodeproj
               PROJECT_GUID = bfdfe7dc352907fc980b868725387e98
               PROJECT_NAME = Pods
               PROJECT_TEMP_DIR = /Users/otislewis/arena/build/ios/Pods.build
               PROJECT_TEMP_ROOT = /Users/otislewis/arena/build/ios
               PUBLIC_HEADERS_FOLDER_PATH = FirebaseCoreExtension_Privacy.bundle/Headers
               RECOMMENDED_IPHONEOS_DEPLOYMENT_TARGET = 15.0
               RECURSIVE_SEARCH_PATHS_FOLLOW_SYMLINKS = YES
               REMOVE_CVS_FROM_RESOURCES = YES
               REMOVE_GIT_FROM_RESOURCES = YES
               REMOVE_HEADERS_FROM_EMBEDDED_BUNDLES = YES
               REMOVE_HG_FROM_RESOURCES = YES
               REMOVE_STATIC_EXECUTABLES_FROM_EMBEDDED_BUNDLES = YES
               REMOVE_SVN_FROM_RESOURCES = YES
               RESCHEDULE_INDEPENDENT_HEADERS_PHASES = YES
               REZ_COLLECTOR_DIR = /Users/otislewis/arena/build/ios/Pods.build/Release-iphonesimulator/FirebaseCoreExtension-FirebaseCoreExtension_Privacy.build/ResourceManagerResources
               REZ_OBJECTS_DIR = /Users/otislewis/arena/build/ios/Pods.build/Release-iphonesimulator/FirebaseCoreExtension-FirebaseCoreExtension_Privacy.build/ResourceManagerResources/Objects
               REZ_SEARCH_PATHS = /Users/otislewis/arena/build/ios/Release-iphonesimulator/FirebaseCoreExtension 
               SCAN_ALL_SOURCE_FILES_FOR_INCLUDES = NO
               SCRIPTS_FOLDER_PATH = FirebaseCoreExtension_Privacy.bundle/Scripts
               SDKROOT = /Applications/Xcode.app/Contents/Developer/Platforms/iPhoneSimulator.platform/Developer/SDKs/iPhoneSimulator18.4.sdk
               SDK_DIR = /Applications/Xcode.app/Contents/Developer/Platforms/iPhoneSimulator.platform/Developer/SDKs/iPhoneSimulator18.4.sdk
               SDK_DIR_iphonesimulator = /Applications/Xcode.app/Contents/Developer/Platforms/iPhoneSimulator.platform/Developer/SDKs/iPhoneSimulator18.4.sdk
               SDK_DIR_iphonesimulator18_4 = /Applications/Xcode.app/Contents/Developer/Platforms/iPhoneSimulator.platform/Developer/SDKs/iPhoneSimulator18.4.sdk
               SDK_NAME = iphonesimulator18.4
               SDK_NAMES = iphonesimulator18.4
               SDK_PRODUCT_BUILD_VERSION = 22E235
               SDK_STAT_CACHE_DIR = /var/folders/4y/xy3fflts0nqfk1tsxg0t3mmr0000gn/C/com.apple.DeveloperTools/16.3-16E140/Xcode
               SDK_STAT_CACHE_ENABLE = YES
               SDK_STAT_CACHE_PATH = /var/folders/4y/xy3fflts0nqfk1tsxg0t3mmr0000gn/C/com.apple.DeveloperTools/16.3-16E140/Xcode/SDKStatCaches.noindex/iphonesimulator18.4-22E235-71825a6d136aa4733edcbe86ece5525b.sdkstatcache
               SDK_VERSION = 18.4
               SDK_VERSION_ACTUAL = 180400
               SDK_VERSION_MAJOR = 180000
               SDK_VERSION_MINOR = 180400
               SED = /usr/bin/sed
               SEPARATE_STRIP = NO
               SEPARATE_SYMBOL_EDIT = NO
               SET_DIR_MODE_OWNER_GROUP = YES
               SET_FILE_MODE_OWNER_GROUP = NO
               SHALLOW_BUNDLE = YES
               SHALLOW_BUNDLE_TRIPLE = ios-simulator
               SHALLOW_BUNDLE_ios_macabi = NO
               SHALLOW_BUNDLE_macos = NO
               SHARED_DERIVED_FILE_DIR = /Users/otislewis/arena/build/ios/Release-iphonesimulator/FirebaseCoreExtension/DerivedSources
               SHARED_FRAMEWORKS_FOLDER_PATH = FirebaseCoreExtension_Privacy.bundle/SharedFrameworks
               SHARED_PRECOMPS_DIR = /Users/otislewis/arena/build/ios/SharedPrecompiledHeaders
               SHARED_SUPPORT_FOLDER_PATH = FirebaseCoreExtension_Privacy.bundle/SharedSupport
               SKIP_INSTALL = YES
               SOURCE_ROOT = /Users/otislewis/arena/ios/Pods
               SRCROOT = /Users/otislewis/arena/ios/Pods
               STRINGSDATA_DIR = /Users/otislewis/arena/build/ios/Pods.build/Release-iphonesimulator/FirebaseCoreExtension-FirebaseCoreExtension_Privacy.build/Objects-normal/undefined_arch
               STRINGSDATA_ROOT = /Users/otislewis/arena/build/ios/Pods.build/Release-iphonesimulator/FirebaseCoreExtension-FirebaseCoreExtension_Privacy.build
               STRINGS_FILE_INFOPLIST_RENAME = YES
               STRINGS_FILE_OUTPUT_ENCODING = binary
               STRIP_BITCODE_FROM_COPIED_FILES = NO
               STRIP_INSTALLED_PRODUCT = NO
               STRIP_STYLE = non-global
               STRIP_SWIFT_SYMBOLS = YES
               SUPPORTED_DEVICE_FAMILIES = 1,2
               SUPPORTED_PLATFORMS = iphoneos iphonesimulator
               SUPPORTS_TEXT_BASED_API = NO
               SUPPRESS_WARNINGS = NO
               SWIFT_COMPILATION_MODE = wholemodule
               SWIFT_EMIT_LOC_STRINGS = NO
               SWIFT_OPTIMIZATION_LEVEL = -O
               SWIFT_PLATFORM_TARGET_PREFIX = ios
               SWIFT_VERSION = 5.0
               SYMROOT = /Users/otislewis/arena/ios/build
               SYSTEM_ADMIN_APPS_DIR = /Applications/Utilities
               SYSTEM_APPS_DIR = /Applications
               SYSTEM_CORE_SERVICES_DIR = /System/Library/CoreServices
               SYSTEM_DEMOS_DIR = /Applications/Extras
               SYSTEM_DEVELOPER_APPS_DIR = /Applications/Xcode.app/Contents/Developer/Applications
               SYSTEM_DEVELOPER_BIN_DIR = /Applications/Xcode.app/Contents/Developer/usr/bin
               SYSTEM_DEVELOPER_DEMOS_DIR = /Applications/Xcode.app/Contents/Developer/Applications/Utilities/Built Examples
               SYSTEM_DEVELOPER_DIR = /Applications/Xcode.app/Contents/Developer
               SYSTEM_DEVELOPER_DOC_DIR = /Applications/Xcode.app/Contents/Developer/ADC Reference Library
               SYSTEM_DEVELOPER_GRAPHICS_TOOLS_DIR = /Applications/Xcode.app/Contents/Developer/Applications/Graphics Tools
               SYSTEM_DEVELOPER_JAVA_TOOLS_DIR = /Applications/Xcode.app/Contents/Developer/Applications/Java Tools
               SYSTEM_DEVELOPER_PERFORMANCE_TOOLS_DIR = /Applications/Xcode.app/Contents/Developer/Applications/Performance Tools
               SYSTEM_DEVELOPER_RELEASENOTES_DIR = /Applications/Xcode.app/Contents/Developer/ADC Reference Library/releasenotes
               SYSTEM_DEVELOPER_TOOLS = /Applications/Xcode.app/Contents/Developer/Tools
               SYSTEM_DEVELOPER_TOOLS_DOC_DIR = /Applications/Xcode.app/Contents/Developer/ADC Reference Library/documentation/DeveloperTools
               SYSTEM_DEVELOPER_TOOLS_RELEASENOTES_DIR = /Applications/Xcode.app/Contents/Developer/ADC Reference Library/releasenotes/DeveloperTools
               SYSTEM_DEVELOPER_USR_DIR = /Applications/Xcode.app/Contents/Developer/usr
               SYSTEM_DEVELOPER_UTILITIES_DIR = /Applications/Xcode.app/Contents/Developer/Applications/Utilities
               SYSTEM_DEXT_INSTALL_PATH = /System/Library/DriverExtensions
               SYSTEM_DOCUMENTATION_DIR = /Library/Documentation
               SYSTEM_EXTENSIONS_FOLDER_PATH = FirebaseCoreExtension_Privacy.bundle/SystemExtensions
               SYSTEM_EXTENSIONS_FOLDER_PATH_SHALLOW_BUNDLE_NO = FirebaseCoreExtension_Privacy.bundle/Library/SystemExtensions
               SYSTEM_EXTENSIONS_FOLDER_PATH_SHALLOW_BUNDLE_YES = FirebaseCoreExtension_Privacy.bundle/SystemExtensions
               SYSTEM_KEXT_INSTALL_PATH = /System/Library/Extensions
               SYSTEM_LIBRARY_DIR = /System/Library
               TAPI_DEMANGLE = YES
               TAPI_ENABLE_PROJECT_HEADERS = NO
               TAPI_LANGUAGE = objective-c
               TAPI_LANGUAGE_STANDARD = compiler-default
               TAPI_USE_SRCROOT = YES
               TAPI_VERIFY_MODE = Pedantic
               TARGETED_DEVICE_FAMILY = 1,2
               TARGETNAME = FirebaseCoreExtension-FirebaseCoreExtension_Privacy
               TARGET_BUILD_DIR = /Users/otislewis/arena/build/ios/Release-iphonesimulator/FirebaseCoreExtension
               TARGET_NAME = FirebaseCoreExtension-FirebaseCoreExtension_Privacy
               TARGET_TEMP_DIR = /Users/otislewis/arena/build/ios/Pods.build/Release-iphonesimulator/FirebaseCoreExtension-FirebaseCoreExtension_Privacy.build
               TEMP_DIR = /Users/otislewis/arena/build/ios/Pods.build/Release-iphonesimulator/FirebaseCoreExtension-FirebaseCoreExtension_Privacy.build
               TEMP_FILES_DIR = /Users/otislewis/arena/build/ios/Pods.build/Release-iphonesimulator/FirebaseCoreExtension-FirebaseCoreExtension_Privacy.build
               TEMP_FILE_DIR = /Users/otislewis/arena/build/ios/Pods.build/Release-iphonesimulator/FirebaseCoreExtension-FirebaseCoreExtension_Privacy.build
               TEMP_ROOT = /Users/otislewis/arena/build/ios
               TEMP_SANDBOX_DIR = /Users/otislewis/arena/build/ios/TemporaryTaskSandboxes
               TEST_FRAMEWORK_SEARCH_PATHS =  /Applications/Xcode.app/Contents/Developer/Platforms/iPhoneSimulator.platform/Developer/Library/Frameworks /Applications/Xcode.app/Contents/Developer/Platforms/iPhoneSimulator.platform/Developer/SDKs/iPhoneSimulator18.4.sdk/Developer/Library/Frameworks
               TEST_LIBRARY_SEARCH_PATHS =  /Applications/Xcode.app/Contents/Developer/Platforms/iPhoneSimulator.platform/Developer/usr/lib
               TOOLCHAINS = com.apple.dt.toolchain.XcodeDefault
               TOOLCHAIN_DIR = /Applications/Xcode.app/Contents/Developer/Toolchains/XcodeDefault.xctoolchain
               TREAT_MISSING_BASELINES_AS_TEST_FAILURES = NO
               TREAT_MISSING_SCRIPT_PHASE_OUTPUTS_AS_ERRORS = NO
               UID = 501
               UNINSTALLED_PRODUCTS_DIR = /Users/otislewis/arena/build/ios/UninstalledProducts
               UNLOCALIZED_RESOURCES_FOLDER_PATH = FirebaseCoreExtension_Privacy.bundle
               UNLOCALIZED_RESOURCES_FOLDER_PATH_SHALLOW_BUNDLE_NO = FirebaseCoreExtension_Privacy.bundle/Resources
               UNLOCALIZED_RESOURCES_FOLDER_PATH_SHALLOW_BUNDLE_YES = FirebaseCoreExtension_Privacy.bundle
               UNSTRIPPED_PRODUCT = NO
               USER = otislewis
               USER_APPS_DIR = /Users/otislewis/Applications
               USER_LIBRARY_DIR = /Users/otislewis/Library
               USE_DYNAMIC_NO_PIC = YES
               USE_HEADERMAP = YES
               USE_HEADER_SYMLINKS = NO
               USE_RECURSIVE_SCRIPT_INPUTS_IN_SCRIPT_PHASES = YES
               VALIDATE_DEVELOPMENT_ASSET_PATHS = YES_ERROR
               VALIDATE_PRODUCT = NO
               VALID_ARCHS = arm64
               VERBOSE_PBXCP = NO
               VERSIONPLIST_PATH = FirebaseCoreExtension_Privacy.bundle/version.plist
               VERSION_INFO_BUILDER = otislewis
               VERSION_INFO_FILE = FirebaseCoreExtension_Privacy_vers.c
               VERSION_INFO_STRING = "@(#)PROGRAM:FirebaseCoreExtension_Privacy  PROJECT:Pods-"
               WORKSPACE_DIR = /Users/otislewis/arena/ios/Pods/Pods.xcodeproj
               WRAPPER_EXTENSION = bundle
               WRAPPER_NAME = FirebaseCoreExtension_Privacy.bundle
               WRAPPER_SUFFIX = .bundle
               WRAP_ASSET_PACKS_IN_SEPARATE_DIRECTORIES = NO
               XCODE_APP_SUPPORT_DIR = /Applications/Xcode.app/Contents/Developer/Library/Xcode
               XCODE_PRODUCT_BUILD_VERSION = 16E140
               XCODE_VERSION_ACTUAL = 1630
               XCODE_VERSION_MAJOR = 1600
               XCODE_VERSION_MINOR = 1630
               XPCSERVICES_FOLDER_PATH = FirebaseCoreExtension_Privacy.bundle/XPCServices
               YACC = yacc
               _DISCOVER_COMMAND_LINE_LINKER_INPUTS = YES
               _DISCOVER_COMMAND_LINE_LINKER_INPUTS_INCLUDE_WL = YES
               _WRAPPER_CONTENTS_DIR_SHALLOW_BUNDLE_NO = /Contents
               _WRAPPER_PARENT_PATH_SHALLOW_BUNDLE_NO = /..
               _WRAPPER_RESOURCES_DIR_SHALLOW_BUNDLE_NO = /Resources
               __DIAGNOSE_DEPRECATED_ARCHS = YES
               arch = undefined_arch
               variant = normal

           Build settings for action build and target FirebaseCoreInternal:
               ACTION = build
               AD_HOC_CODE_SIGNING_ALLOWED = YES
               ALLOW_BUILD_REQUEST_OVERRIDES = NO
               ALLOW_TARGET_PLATFORM_SPECIALIZATION = NO
               ALTERNATE_GROUP = staff
               ALTERNATE_MODE = u+w,go-w,a+rX
               ALTERNATE_OWNER = otislewis
               ALTERNATIVE_DISTRIBUTION_WEB = NO
               ALWAYS_EMBED_SWIFT_STANDARD_LIBRARIES = NO
               ALWAYS_SEARCH_USER_PATHS = NO
               ALWAYS_USE_SEPARATE_HEADERMAPS = NO
               APPLICATION_EXTENSION_API_ONLY = NO
               APPLY_RULES_IN_COPY_FILES = NO
               APPLY_RULES_IN_COPY_HEADERS = NO
               APP_SHORTCUTS_ENABLE_FLEXIBLE_MATCHING = YES
               ARCHS_STANDARD = arm64 x86_64
               ARCHS_STANDARD_32_64_BIT = arm64 x86_64
               ARCHS_STANDARD_64_BIT = arm64 x86_64
               ARCHS_STANDARD_INCLUDING_64_BIT = arm64 x86_64
               ARCHS_UNIVERSAL_IPHONE_OS = arm64 x86_64
               AUTOMATICALLY_MERGE_DEPENDENCIES = NO
               AVAILABLE_PLATFORMS = android appletvos appletvsimulator driverkit iphoneos iphonesimulator macosx qnx watchos watchsimulator xros xrsimulator
               BITCODE_GENERATION_MODE = marker
               BUILD_ACTIVE_RESOURCES_ONLY = NO
               BUILD_COMPONENTS = headers build
               BUILD_DIR = /Users/otislewis/arena/build/ios
               BUILD_LIBRARY_FOR_DISTRIBUTION = NO
               BUILD_ROOT = /Users/otislewis/arena/ios/build
               BUILD_STYLE = 
               BUILD_VARIANTS = normal
               BUILT_PRODUCTS_DIR = /Users/otislewis/arena/build/ios/Release-iphonesimulator/FirebaseCoreInternal
               BUNDLE_CONTENTS_FOLDER_PATH_deep = Contents/
               BUNDLE_EXECUTABLE_FOLDER_NAME_deep = MacOS
               BUNDLE_EXTENSIONS_FOLDER_PATH = Extensions
               BUNDLE_FORMAT = shallow
               BUNDLE_FRAMEWORKS_FOLDER_PATH = Frameworks
               BUNDLE_PLUGINS_FOLDER_PATH = PlugIns
               BUNDLE_PRIVATE_HEADERS_FOLDER_PATH = PrivateHeaders
               BUNDLE_PUBLIC_HEADERS_FOLDER_PATH = Headers
               CACHE_ROOT = /var/folders/4y/xy3fflts0nqfk1tsxg0t3mmr0000gn/C/com.apple.DeveloperTools/16.3-16E140/Xcode
               CCHROOT = /var/folders/4y/xy3fflts0nqfk1tsxg0t3mmr0000gn/C/com.apple.DeveloperTools/16.3-16E140/Xcode
               CHMOD = /bin/chmod
               CHOWN = /usr/sbin/chown
               CLANG_ANALYZER_LOCALIZABILITY_NONLOCALIZED = YES
               CLANG_ANALYZER_NONNULL = YES
               CLANG_ANALYZER_NUMBER_OBJECT_CONVERSION = YES_AGGRESSIVE
               CLANG_CACHE_FINE_GRAINED_OUTPUTS = YES
               CLANG_CXX_LANGUAGE_STANDARD = gnu++14
               CLANG_CXX_LIBRARY = libc++
               CLANG_ENABLE_EXPLICIT_MODULES = YES
               CLANG_ENABLE_MODULES = YES
               CLANG_ENABLE_OBJC_ARC = YES
               CLANG_ENABLE_OBJC_WEAK = NO
               CLANG_MODULES_BUILD_SESSION_FILE = /var/folders/4y/xy3fflts0nqfk1tsxg0t3mmr0000gn/C/org.llvm.clang/ModuleCache.noindex/Session.modulevalidation
               CLANG_WARN_BLOCK_CAPTURE_AUTORELEASING = YES
               CLANG_WARN_BOOL_CONVERSION = YES
               CLANG_WARN_COMMA = YES
               CLANG_WARN_CONSTANT_CONVERSION = YES
               CLANG_WARN_DEPRECATED_OBJC_IMPLEMENTATIONS = YES
               CLANG_WARN_DIRECT_OBJC_ISA_USAGE = YES_ERROR
               CLANG_WARN_DOCUMENTATION_COMMENTS = YES
               CLANG_WARN_EMPTY_BODY = YES
               CLANG_WARN_ENUM_CONVERSION = YES
               CLANG_WARN_INFINITE_RECURSION = YES
               CLANG_WARN_INT_CONVERSION = YES
               CLANG_WARN_NON_LITERAL_NULL_CONVERSION = YES
               CLANG_WARN_OBJC_IMPLICIT_RETAIN_SELF = YES
               CLANG_WARN_OBJC_LITERAL_CONVERSION = YES
               CLANG_WARN_OBJC_ROOT_CLASS = YES_ERROR
               CLANG_WARN_QUOTED_INCLUDE_IN_FRAMEWORK_HEADER = NO
               CLANG_WARN_RANGE_LOOP_ANALYSIS = YES
               CLANG_WARN_STRICT_PROTOTYPES = YES
               CLANG_WARN_SUSPICIOUS_MOVE = YES
               CLANG_WARN_UNGUARDED_AVAILABILITY = YES_AGGRESSIVE
               CLANG_WARN_UNREACHABLE_CODE = YES
               CLANG_WARN__DUPLICATE_METHOD_MATCH = YES
               CLASS_FILE_DIR = /Users/otislewis/arena/build/ios/Pods.build/Release-iphonesimulator/FirebaseCoreInternal.build/JavaClasses
               CLEAN_PRECOMPS = YES
               CLONE_HEADERS = NO
               CODESIGNING_FOLDER_PATH = /Users/otislewis/arena/build/ios/Release-iphonesimulator/FirebaseCoreInternal/FirebaseCoreInternal.framework
               CODE_SIGNING_ALLOWED = YES
               CODE_SIGNING_REQUIRED = NO
               CODE_SIGNING_REQUIRES_TEAM = YES
               CODE_SIGN_CONTEXT_CLASS = XCiPhoneSimulatorCodeSignContext
               CODE_SIGN_IDENTITY = -
               CODE_SIGN_INJECT_BASE_ENTITLEMENTS = YES
               COLOR_DIAGNOSTICS = NO
               COMBINE_HIDPI_IMAGES = NO
               COMPILATION_CACHE_CAS_PATH = /var/folders/4y/xy3fflts0nqfk1tsxg0t3mmr0000gn/C/com.apple.DeveloperTools/16.3-16E140/Xcode/CompilationCache.noindex
               COMPILATION_CACHE_KEEP_CAS_DIRECTORY = YES
               COMPILER_INDEX_STORE_ENABLE = Default
               COMPOSITE_SDK_DIRS = /Users/otislewis/arena/build/ios/CompositeSDKs
               COMPRESS_PNG_FILES = YES
               CONFIGURATION = Release
               CONFIGURATION_BUILD_DIR = /Users/otislewis/arena/build/ios/Release-iphonesimulator/FirebaseCoreInternal
               CONFIGURATION_TEMP_DIR = /Users/otislewis/arena/build/ios/Pods.build/Release-iphonesimulator
               CONTENTS_FOLDER_PATH = FirebaseCoreInternal.framework
               CONTENTS_FOLDER_PATH_SHALLOW_BUNDLE_NO = FirebaseCoreInternal.framework/A
               CONTENTS_FOLDER_PATH_SHALLOW_BUNDLE_YES = FirebaseCoreInternal.framework
               COPYING_PRESERVES_HFS_DATA = NO
               COPY_HEADERS_RUN_UNIFDEF = NO
               COPY_PHASE_STRIP = NO
               CORRESPONDING_DEVICE_PLATFORM_DIR = /Applications/Xcode.app/Contents/Developer/Platforms/iPhoneOS.platform
               CORRESPONDING_DEVICE_PLATFORM_NAME = iphoneos
               CORRESPONDING_DEVICE_SDK_DIR = /Applications/Xcode.app/Contents/Developer/Platforms/iPhoneOS.platform/Developer/SDKs/iPhoneOS18.4.sdk
               CORRESPONDING_DEVICE_SDK_NAME = iphoneos18.4
               CP = /bin/cp
               CREATE_INFOPLIST_SECTION_IN_BINARY = NO
               CURRENT_ARCH = undefined_arch
               CURRENT_PROJECT_VERSION = 1
               CURRENT_VARIANT = normal
               CURRENT_VERSION = Current
               DEAD_CODE_STRIPPING = YES
               DEBUGGING_SYMBOLS = YES
               DEBUG_INFORMATION_FORMAT = dwarf-with-dsym
               DEBUG_INFORMATION_VERSION = compiler-default
               DEFAULT_COMPILER = com.apple.compilers.llvm.clang.1_0
               DEFAULT_DEXT_INSTALL_PATH = /System/Library/DriverExtensions
               DEFAULT_KEXT_INSTALL_PATH = /System/Library/Extensions
               DEFINES_MODULE = YES
               DEPLOYMENT_LOCATION = NO
               DEPLOYMENT_POSTPROCESSING = NO
               DEPLOYMENT_TARGET_SETTING_NAME = IPHONEOS_DEPLOYMENT_TARGET
               DEPLOYMENT_TARGET_SUGGESTED_VALUES = 12.0 12.1 12.2 12.3 12.4 13.0 13.1 13.2 13.3 13.4 13.5 13.6 14.0 14.1 14.2 14.3 14.4 14.5 14.6 14.7 15.0 15.1 15.2 15.3 15.4 15.5 15.6 16.0 16.1 16.2 16.3 16.4 16.5 16.6 17.0 17.1 17.2 17.3 17.4 17.5 17.6 18.0 18.1 18.2 18.3 18.4
               DERIVED_FILES_DIR = /Users/otislewis/arena/build/ios/Pods.build/Release-iphonesimulator/FirebaseCoreInternal.build/DerivedSources
               DERIVED_FILE_DIR = /Users/otislewis/arena/build/ios/Pods.build/Release-iphonesimulator/FirebaseCoreInternal.build/DerivedSources
               DERIVED_SOURCES_DIR = /Users/otislewis/arena/build/ios/Pods.build/Release-iphonesimulator/FirebaseCoreInternal.build/DerivedSources
               DEVELOPER_APPLICATIONS_DIR = /Applications/Xcode.app/Contents/Developer/Applications
               DEVELOPER_BIN_DIR = /Applications/Xcode.app/Contents/Developer/usr/bin
               DEVELOPER_DIR = /Applications/Xcode.app/Contents/Developer
               DEVELOPER_FRAMEWORKS_DIR = /Applications/Xcode.app/Contents/Developer/Library/Frameworks
               DEVELOPER_FRAMEWORKS_DIR_QUOTED = /Applications/Xcode.app/Contents/Developer/Library/Frameworks
               DEVELOPER_LIBRARY_DIR = /Applications/Xcode.app/Contents/Developer/Library
               DEVELOPER_SDK_DIR = /Applications/Xcode.app/Contents/Developer/Platforms/MacOSX.platform/Developer/SDKs
               DEVELOPER_TOOLS_DIR = /Applications/Xcode.app/Contents/Developer/Tools
               DEVELOPER_USR_DIR = /Applications/Xcode.app/Contents/Developer/usr
               DEVELOPMENT_LANGUAGE = en
               DIAGNOSE_MISSING_TARGET_DEPENDENCIES = YES
               DIFF = /usr/bin/diff
               DOCUMENTATION_FOLDER_PATH = FirebaseCoreInternal.framework/en.lproj/Documentation
               DONT_GENERATE_INFOPLIST_FILE = NO
               DSTROOT = /tmp/Pods.dst
               DT_TOOLCHAIN_DIR = /Applications/Xcode.app/Contents/Developer/Toolchains/XcodeDefault.xctoolchain
               DWARF_DSYM_FILE_NAME = FirebaseCoreInternal.framework.dSYM
               DWARF_DSYM_FILE_SHOULD_ACCOMPANY_PRODUCT = NO
               DWARF_DSYM_FOLDER_PATH = /Users/otislewis/arena/build/ios/Release-iphonesimulator/FirebaseCoreInternal
               DYLIB_COMPATIBILITY_VERSION = 1
               DYLIB_CURRENT_VERSION = 1
               DYLIB_INSTALL_NAME_BASE = @rpath
               DYNAMIC_LIBRARY_EXTENSION = dylib
               EAGER_COMPILATION_ALLOW_SCRIPTS = NO
               EAGER_LINKING = NO
               EFFECTIVE_PLATFORM_NAME = -iphonesimulator
               EMBEDDED_CONTENT_CONTAINS_SWIFT = NO
               EMBED_ASSET_PACKS_IN_PRODUCT_BUNDLE = NO
               ENABLE_APP_SANDBOX = NO
               ENABLE_BITCODE = NO
               ENABLE_CODE_COVERAGE = YES
               ENABLE_DEFAULT_HEADER_SEARCH_PATHS = YES
               ENABLE_DEFAULT_SEARCH_PATHS = YES
               ENABLE_HARDENED_RUNTIME = NO
               ENABLE_HEADER_DEPENDENCIES = YES
               ENABLE_INCOMING_NETWORK_CONNECTIONS = NO
               ENABLE_MODULE_VERIFIER = NO
               ENABLE_NS_ASSERTIONS = NO
               ENABLE_ON_DEMAND_RESOURCES = NO
               ENABLE_OUTGOING_NETWORK_CONNECTIONS = NO
               ENABLE_RESOURCE_ACCESS_AUDIO_INPUT = NO
               ENABLE_RESOURCE_ACCESS_BLUETOOTH = NO
               ENABLE_RESOURCE_ACCESS_CALENDARS = NO
               ENABLE_RESOURCE_ACCESS_CAMERA = NO
               ENABLE_RESOURCE_ACCESS_CONTACTS = NO
               ENABLE_RESOURCE_ACCESS_LOCATION = NO
               ENABLE_RESOURCE_ACCESS_PRINTING = NO
               ENABLE_RESOURCE_ACCESS_USB = NO
               ENABLE_SDK_IMPORTS = NO
               ENABLE_STRICT_OBJC_MSGSEND = YES
               ENABLE_TESTABILITY = NO
               ENABLE_TESTING_SEARCH_PATHS = NO
               ENABLE_USER_SCRIPT_SANDBOXING = NO
               ENFORCE_VALID_ARCHS = YES
               ENTITLEMENTS_DESTINATION = __entitlements
               ENTITLEMENTS_REQUIRED = NO
               EXCLUDED_ARCHS = arm64
               EXCLUDED_INSTALLSRC_SUBDIRECTORY_PATTERNS = .DS_Store .svn .git .hg CVS
               EXCLUDED_RECURSIVE_SEARCH_PATH_SUBDIRECTORIES = *.nib *.lproj *.framework *.gch *.xcode* *.xcassets (*) .DS_Store CVS .svn .git .hg *.pbproj *.pbxproj
               EXECUTABLES_FOLDER_PATH = FirebaseCoreInternal.framework/en.lproj
               EXECUTABLE_FOLDER_PATH = FirebaseCoreInternal.framework
               EXECUTABLE_FOLDER_PATH_SHALLOW_BUNDLE_NO = FirebaseCoreInternal.framework
               EXECUTABLE_FOLDER_PATH_SHALLOW_BUNDLE_YES = FirebaseCoreInternal.framework
               EXECUTABLE_NAME = FirebaseCoreInternal
               EXECUTABLE_PATH = FirebaseCoreInternal.framework/FirebaseCoreInternal
               EXTENSIONS_FOLDER_PATH = FirebaseCoreInternal.framework/Extensions
               FILE_LIST = /Users/otislewis/arena/build/ios/Pods.build/Release-iphonesimulator/FirebaseCoreInternal.build/Objects/LinkFileList
               FIXED_FILES_DIR = /Users/otislewis/arena/build/ios/Pods.build/Release-iphonesimulator/FirebaseCoreInternal.build/FixedFiles
               FRAMEWORKS_FOLDER_PATH = FirebaseCoreInternal.framework/Frameworks
               FRAMEWORK_FLAG_PREFIX = -framework
               FRAMEWORK_SEARCH_PATHS = /Users/otislewis/arena/build/ios/Release-iphonesimulator/FirebaseCoreInternal  "/Users/otislewis/arena/build/ios/Release-iphonesimulator/GoogleUtilities" "/Users/otislewis/arena/build/ios/Release-iphonesimulator/PromisesObjC"
               FRAMEWORK_VERSION = A
               FULL_PRODUCT_NAME = FirebaseCoreInternal.framework
               FUSE_BUILD_PHASES = YES
               FUSE_BUILD_SCRIPT_PHASES = NO
               GCC3_VERSION = 3.3
               GCC_C_LANGUAGE_STANDARD = gnu11
               GCC_INLINES_ARE_PRIVATE_EXTERN = YES
               GCC_NO_COMMON_BLOCKS = YES
               GCC_OBJC_LEGACY_DISPATCH = YES
               GCC_PFE_FILE_C_DIALECTS = c objective-c c++ objective-c++
               GCC_PREFIX_HEADER = Target Support Files/FirebaseCoreInternal/FirebaseCoreInternal-prefix.pch
               GCC_PREPROCESSOR_DEFINITIONS = POD_CONFIGURATION_RELEASE=1  COCOAPODS=1
               GCC_TREAT_WARNINGS_AS_ERRORS = NO
               GCC_VERSION = com.apple.compilers.llvm.clang.1_0
               GCC_VERSION_IDENTIFIER = com_apple_compilers_llvm_clang_1_0
               GCC_WARN_64_TO_32_BIT_CONVERSION = YES
               GCC_WARN_ABOUT_RETURN_TYPE = YES_ERROR
               GCC_WARN_UNDECLARED_SELECTOR = YES
               GCC_WARN_UNINITIALIZED_AUTOS = YES_AGGRESSIVE
               GCC_WARN_UNUSED_FUNCTION = YES
               GCC_WARN_UNUSED_VARIABLE = YES
               GENERATED_MODULEMAP_DIR = /Users/otislewis/arena/build/ios/GeneratedModuleMaps-iphonesimulator
               GENERATE_INFOPLIST_FILE = NO
               GENERATE_INTERMEDIATE_TEXT_BASED_STUBS = YES
               GENERATE_MASTER_OBJECT_FILE = NO
               GENERATE_PKGINFO_FILE = NO
               GENERATE_PROFILING_CODE = NO
               GENERATE_TEXT_BASED_STUBS = NO
               GID = 20
               GROUP = staff
               HEADERMAP_INCLUDES_FLAT_ENTRIES_FOR_TARGET_BEING_BUILT = YES
               HEADERMAP_INCLUDES_FRAMEWORK_ENTRIES_FOR_ALL_PRODUCT_TYPES = YES
               HEADERMAP_INCLUDES_FRAMEWORK_ENTRIES_FOR_TARGETS_NOT_BEING_BUILT = YES
               HEADERMAP_INCLUDES_NONPUBLIC_NONPRIVATE_HEADERS = YES
               HEADERMAP_INCLUDES_PROJECT_HEADERS = YES
               HEADERMAP_USES_FRAMEWORK_PREFIX_ENTRIES = YES
               HEADERMAP_USES_VFS = YES
               HEADER_SEARCH_PATHS = /Users/otislewis/arena/build/ios/Release-iphonesimulator/FirebaseCoreInternal/include 
               HIDE_BITCODE_SYMBOLS = YES
               HOME = /Users/otislewis
               HOST_ARCH = arm64
               HOST_PLATFORM = macosx
               ICONV = /usr/bin/iconv
               IMPLICIT_DEPENDENCY_DOMAIN = default
               INFOPLIST_ENABLE_CFBUNDLEICONS_MERGE = YES
               INFOPLIST_EXPAND_BUILD_SETTINGS = YES
               INFOPLIST_FILE = Target Support Files/FirebaseCoreInternal/FirebaseCoreInternal-Info.plist
               INFOPLIST_OUTPUT_FORMAT = binary
               INFOPLIST_PATH = FirebaseCoreInternal.framework/Info.plist
               INFOPLIST_PREPROCESS = NO
               INFOSTRINGS_PATH = FirebaseCoreInternal.framework/en.lproj/InfoPlist.strings
               INLINE_PRIVATE_FRAMEWORKS = NO
               INSTALLAPI_IGNORE_SKIP_INSTALL = YES
               INSTALLHDRS_COPY_PHASE = NO
               INSTALLHDRS_SCRIPT_PHASE = NO
               INSTALL_DIR = /tmp/Pods.dst/Library/Frameworks
               INSTALL_GROUP = staff
               INSTALL_MODE_FLAG = u+w,go-w,a+rX
               INSTALL_OWNER = otislewis
               INSTALL_PATH = /Library/Frameworks
               INSTALL_ROOT = /tmp/Pods.dst
               IPHONEOS_DEPLOYMENT_TARGET = 13.0
               IS_UNOPTIMIZED_BUILD = NO
               JAVAC_DEFAULT_FLAGS = -J-Xms64m -J-XX:NewSize=4M -J-Dfile.encoding=UTF8
               JAVA_APP_STUB = /System/Library/Frameworks/JavaVM.framework/Resources/MacOS/JavaApplicationStub
               JAVA_ARCHIVE_CLASSES = YES
               JAVA_ARCHIVE_TYPE = JAR
               JAVA_COMPILER = /usr/bin/javac
               JAVA_FOLDER_PATH = FirebaseCoreInternal.framework/Java
               JAVA_FRAMEWORK_RESOURCES_DIRS = Resources
               JAVA_JAR_FLAGS = cv
               JAVA_SOURCE_SUBDIR = .
               JAVA_USE_DEPENDENCIES = YES
               JAVA_ZIP_FLAGS = -urg
               JIKES_DEFAULT_FLAGS = +E +OLDCSO
               KEEP_PRIVATE_EXTERNS = NO
               LD_DEPENDENCY_INFO_FILE = /Users/otislewis/arena/build/ios/Pods.build/Release-iphonesimulator/FirebaseCoreInternal.build/Objects-normal/undefined_arch/FirebaseCoreInternal_dependency_info.dat
               LD_DYLIB_INSTALL_NAME = @rpath/FirebaseCoreInternal.framework/FirebaseCoreInternal
               LD_EXPORT_SYMBOLS = YES
               LD_GENERATE_MAP_FILE = NO
               LD_MAP_FILE_PATH = /Users/otislewis/arena/build/ios/Pods.build/Release-iphonesimulator/FirebaseCoreInternal.build/FirebaseCoreInternal-LinkMap-normal-undefined_arch.txt
               LD_NO_PIE = NO
               LD_QUOTE_LINKER_ARGUMENTS_FOR_COMPILER_DRIVER = YES
               LD_RUNPATH_SEARCH_PATHS =  @executable_path/Frameworks @loader_path/Frameworks
               LD_SHARED_CACHE_ELIGIBLE = Automatic
               LD_WARN_DUPLICATE_LIBRARIES = NO
               LD_WARN_UNUSED_DYLIBS = NO
               LEGACY_DEVELOPER_DIR = /Applications/Xcode.app/Contents/PlugIns/Xcode3Core.ideplugin/Contents/SharedSupport/Developer
               LEX = lex
               LIBRARY_DEXT_INSTALL_PATH = /Library/DriverExtensions
               LIBRARY_FLAG_NOSPACE = YES
               LIBRARY_FLAG_PREFIX = -l
               LIBRARY_KEXT_INSTALL_PATH = /Library/Extensions
               LIBRARY_SEARCH_PATHS = /Users/otislewis/arena/build/ios/Release-iphonesimulator/FirebaseCoreInternal /Applications/Xcode.app/Contents/Developer/Toolchains/XcodeDefault.xctoolchain/usr/lib/swift/iphonesimulator /Applications/Xcode.app/Contents/Developer/Platforms/iPhoneSimulator.platform/Developer/SDKs/iPhoneSimulator18.4.sdk/usr/lib/swift
               LINKER_DISPLAYS_MANGLED_NAMES = NO
               LINK_OBJC_RUNTIME = YES
               LINK_WITH_STANDARD_LIBRARIES = YES
               LLVM_TARGET_TRIPLE_OS_VERSION = ios13.0
               LLVM_TARGET_TRIPLE_SUFFIX = -simulator
               LLVM_TARGET_TRIPLE_VENDOR = apple
               LOCALIZATION_EXPORT_SUPPORTED = YES
               LOCALIZATION_PREFERS_STRING_CATALOGS = NO
               LOCALIZED_RESOURCES_FOLDER_PATH = FirebaseCoreInternal.framework/en.lproj
               LOCALIZED_STRING_MACRO_NAMES = NSLocalizedString CFCopyLocalizedString
               LOCALIZED_STRING_SWIFTUI_SUPPORT = YES
               LOCAL_ADMIN_APPS_DIR = /Applications/Utilities
               LOCAL_APPS_DIR = /Applications
               LOCAL_DEVELOPER_DIR = /Library/Developer
               LOCAL_LIBRARY_DIR = /Library
               LOCROOT = /Users/otislewis/arena/ios/Pods
               LOCSYMROOT = /Users/otislewis/arena/ios/Pods
               MACH_O_TYPE = mh_dylib
               MAC_OS_X_PRODUCT_BUILD_VERSION = 24F74
               MAC_OS_X_VERSION_ACTUAL = 150500
               MAC_OS_X_VERSION_MAJOR = 150000
               MAC_OS_X_VERSION_MINOR = 150500
               MAKE_MERGEABLE = NO
               MERGEABLE_LIBRARY = NO
               MERGED_BINARY_TYPE = none
               MERGE_LINKED_LIBRARIES = NO
               METAL_LIBRARY_FILE_BASE = default
               METAL_LIBRARY_OUTPUT_DIR = /Users/otislewis/arena/build/ios/Release-iphonesimulator/FirebaseCoreInternal/FirebaseCoreInternal.framework
               MODULEMAP_FILE = Target Support Files/FirebaseCoreInternal/FirebaseCoreInternal.modulemap
               MODULES_FOLDER_PATH = FirebaseCoreInternal.framework/Modules
               MTL_ENABLE_DEBUG_INFO = NO
               MTL_FAST_MATH = YES
               NATIVE_ARCH = arm64
               NATIVE_ARCH_32_BIT = arm
               NATIVE_ARCH_64_BIT = arm64
               NATIVE_ARCH_ACTUAL = arm64
               NO_COMMON = YES
               OBJC_ABI_VERSION = 2
               OBJECT_FILE_DIR = /Users/otislewis/arena/build/ios/Pods.build/Release-iphonesimulator/FirebaseCoreInternal.build/Objects
               OBJECT_FILE_DIR_normal = /Users/otislewis/arena/build/ios/Pods.build/Release-iphonesimulator/FirebaseCoreInternal.build/Objects-normal
               OBJROOT = /Users/otislewis/arena/build/ios
               ONLY_ACTIVE_ARCH = NO
               OS = MACOS
               OSAC = /usr/bin/osacompile
               OTHER_LDFLAGS =  -framework "GoogleUtilities" -framework "Security" -framework "SystemConfiguration"
               OTHER_SWIFT_FLAGS =  -D COCOAPODS
               PACKAGE_TYPE = com.apple.package-type.wrapper.framework
               PASCAL_STRINGS = YES
               PATH = /Applications/Xcode.app/Contents/SharedFrameworks/SwiftBuild.framework/Versions/A/PlugIns/SWBBuildService.bundle/Contents/PlugIns/SWBUniversalPlatformPlugin.bundle/Contents/Frameworks/SWBUniversalPlatform.framework/Resources:/Applications/Xcode.app/Contents/Developer/Toolchains/XcodeDefault.xctoolchain/usr/bin:/Applications/Xcode.app/Contents/Developer/Toolchains/XcodeDefault.xctoolchain/usr/local/bin:/Applications/Xcode.app/Contents/Developer/Toolchains/XcodeDefault.xctoolchain/usr/libexec:/Applications/Xcode.app/Contents/Developer/Platforms/iPhoneSimulator.platform/usr/bin:/Applications/Xcode.app/Contents/Developer/Platforms/iPhoneSimulator.platform/usr/local/bin:/Applications/Xcode.app/Contents/Developer/Platforms/iPhoneSimulator.platform/Developer/usr/bin:/Applications/Xcode.app/Contents/Developer/Platforms/iPhoneSimulator.platform/Developer/usr/local/bin:/Applications/Xcode.app/Contents/Developer/usr/bin:/Applications/Xcode.app/Contents/Developer/usr/local/bin:/Users/otislewis/.gem/ruby/3.3.0/bin:/opt/homebrew/bin:/opt/homebrew/sbin:/usr/local/bin:/System/Cryptexes/App/usr/bin:/usr/bin:/bin:/usr/sbin:/sbin:/var/run/com.apple.security.cryptexd/codex.system/bootstrap/usr/local/bin:/var/run/com.apple.security.cryptexd/codex.system/bootstrap/usr/bin:/var/run/com.apple.security.cryptexd/codex.system/bootstrap/usr/appleinternal/bin:/Library/Apple/usr/bin:/opt/homebrew/Caskroom/flutter/3.32.0/flutter/bin:/Users/otislewis/Library/Android/sdk/emulator:/Users/otislewis/Library/Android/sdk/tools:/Users/otislewis/Library/Android/sdk/tools/bin:/Users/otislewis/Library/Android/sdk/platform-tools:/opt/homebrew/Caskroom/flutter/3.32.0/flutter/bin/cache/dart-sdk/bin
               PATH_PREFIXES_EXCLUDED_FROM_HEADER_DEPENDENCIES = /usr/include /usr/local/include /System/Library/Frameworks /System/Library/PrivateFrameworks /Applications/Xcode.app/Contents/Developer/Headers /Applications/Xcode.app/Contents/Developer/SDKs /Applications/Xcode.app/Contents/Developer/Platforms
               PBDEVELOPMENTPLIST_PATH = FirebaseCoreInternal.framework/pbdevelopment.plist
               PER_ARCH_MODULE_FILE_DIR = /Users/otislewis/arena/build/ios/Pods.build/Release-iphonesimulator/FirebaseCoreInternal.build/Objects-normal/undefined_arch
               PER_ARCH_OBJECT_FILE_DIR = /Users/otislewis/arena/build/ios/Pods.build/Release-iphonesimulator/FirebaseCoreInternal.build/Objects-normal/undefined_arch
               PER_VARIANT_OBJECT_FILE_DIR = /Users/otislewis/arena/build/ios/Pods.build/Release-iphonesimulator/FirebaseCoreInternal.build/Objects-normal
               PKGINFO_FILE_PATH = /Users/otislewis/arena/build/ios/Pods.build/Release-iphonesimulator/FirebaseCoreInternal.build/PkgInfo
               PKGINFO_PATH = FirebaseCoreInternal.framework/PkgInfo
               PLATFORM_DEVELOPER_APPLICATIONS_DIR = /Applications/Xcode.app/Contents/Developer/Platforms/iPhoneSimulator.platform/Developer/Applications
               PLATFORM_DEVELOPER_BIN_DIR = /Applications/Xcode.app/Contents/Developer/Platforms/iPhoneSimulator.platform/Developer/usr/bin
               PLATFORM_DEVELOPER_LIBRARY_DIR = /Applications/Xcode.app/Contents/Developer/Platforms/iPhoneSimulator.platform/Developer/Library
               PLATFORM_DEVELOPER_SDK_DIR = /Applications/Xcode.app/Contents/Developer/Platforms/iPhoneSimulator.platform/Developer/SDKs
               PLATFORM_DEVELOPER_TOOLS_DIR = /Applications/Xcode.app/Contents/Developer/Platforms/iPhoneSimulator.platform/Developer/Tools
               PLATFORM_DEVELOPER_USR_DIR = /Applications/Xcode.app/Contents/Developer/Platforms/iPhoneSimulator.platform/Developer/usr
               PLATFORM_DIR = /Applications/Xcode.app/Contents/Developer/Platforms/iPhoneSimulator.platform
               PLATFORM_DISPLAY_NAME = iOS Simulator
               PLATFORM_FAMILY_NAME = iOS
               PLATFORM_NAME = iphonesimulator
               PLATFORM_PREFERRED_ARCH = x86_64
               PLATFORM_PRODUCT_BUILD_VERSION = 22E235
               PLATFORM_REQUIRES_SWIFT_AUTOLINK_EXTRACT = NO
               PLATFORM_REQUIRES_SWIFT_MODULEWRAP = NO
               PLIST_FILE_OUTPUT_FORMAT = binary
               PLUGINS_FOLDER_PATH = FirebaseCoreInternal.framework/PlugIns
               PODS_BUILD_DIR = /Users/otislewis/arena/build/ios
               PODS_CONFIGURATION_BUILD_DIR = /Users/otislewis/arena/build/ios/Release-iphonesimulator
               PODS_DEVELOPMENT_LANGUAGE = en
               PODS_ROOT = /Users/otislewis/arena/ios/Pods
               PODS_TARGET_SRCROOT = /Users/otislewis/arena/ios/Pods/FirebaseCoreInternal
               PODS_XCFRAMEWORKS_BUILD_DIR = /Users/otislewis/arena/build/ios/Release-iphonesimulator/XCFrameworkIntermediates
               PRECOMPS_INCLUDE_HEADERS_FROM_BUILT_PRODUCTS_DIR = YES
               PRECOMP_DESTINATION_DIR = /Users/otislewis/arena/build/ios/Pods.build/Release-iphonesimulator/FirebaseCoreInternal.build/PrefixHeaders
               PRIVATE_HEADERS_FOLDER_PATH = FirebaseCoreInternal.framework/PrivateHeaders
               PROCESSED_INFOPLIST_PATH = /Users/otislewis/arena/build/ios/Pods.build/Release-iphonesimulator/FirebaseCoreInternal.build/Objects-normal/undefined_arch/Processed-Info.plist
               PRODUCT_BUNDLE_IDENTIFIER = org.cocoapods.FirebaseCoreInternal
               PRODUCT_BUNDLE_PACKAGE_TYPE = FMWK
               PRODUCT_MODULE_NAME = FirebaseCoreInternal
               PRODUCT_NAME = FirebaseCoreInternal
               PRODUCT_SETTINGS_PATH = /Users/otislewis/arena/ios/Pods/Target Support Files/FirebaseCoreInternal/FirebaseCoreInternal-Info.plist
               PRODUCT_TYPE = com.apple.product-type.framework
               PROFILING_CODE = NO
               PROJECT = Pods
               PROJECT_DERIVED_FILE_DIR = /Users/otislewis/arena/build/ios/Pods.build/DerivedSources
               PROJECT_DIR = /Users/otislewis/arena/ios/Pods
               PROJECT_FILE_PATH = /Users/otislewis/arena/ios/Pods/Pods.xcodeproj
               PROJECT_GUID = bfdfe7dc352907fc980b868725387e98
               PROJECT_NAME = Pods
               PROJECT_TEMP_DIR = /Users/otislewis/arena/build/ios/Pods.build
               PROJECT_TEMP_ROOT = /Users/otislewis/arena/build/ios
               PUBLIC_HEADERS_FOLDER_PATH = FirebaseCoreInternal.framework/Headers
               RECOMMENDED_IPHONEOS_DEPLOYMENT_TARGET = 15.0
               RECURSIVE_SEARCH_PATHS_FOLLOW_SYMLINKS = YES
               REMOVE_CVS_FROM_RESOURCES = YES
               REMOVE_GIT_FROM_RESOURCES = YES
               REMOVE_HEADERS_FROM_EMBEDDED_BUNDLES = YES
               REMOVE_HG_FROM_RESOURCES = YES
               REMOVE_STATIC_EXECUTABLES_FROM_EMBEDDED_BUNDLES = YES
               REMOVE_SVN_FROM_RESOURCES = YES
               RESCHEDULE_INDEPENDENT_HEADERS_PHASES = YES
               REZ_COLLECTOR_DIR = /Users/otislewis/arena/build/ios/Pods.build/Release-iphonesimulator/FirebaseCoreInternal.build/ResourceManagerResources
               REZ_OBJECTS_DIR = /Users/otislewis/arena/build/ios/Pods.build/Release-iphonesimulator/FirebaseCoreInternal.build/ResourceManagerResources/Objects
               REZ_SEARCH_PATHS = /Users/otislewis/arena/build/ios/Release-iphonesimulator/FirebaseCoreInternal 
               SCAN_ALL_SOURCE_FILES_FOR_INCLUDES = NO
               SCRIPTS_FOLDER_PATH = FirebaseCoreInternal.framework/Scripts
               SDKROOT = /Applications/Xcode.app/Contents/Developer/Platforms/iPhoneSimulator.platform/Developer/SDKs/iPhoneSimulator18.4.sdk
               SDK_DIR = /Applications/Xcode.app/Contents/Developer/Platforms/iPhoneSimulator.platform/Developer/SDKs/iPhoneSimulator18.4.sdk
               SDK_DIR_iphonesimulator = /Applications/Xcode.app/Contents/Developer/Platforms/iPhoneSimulator.platform/Developer/SDKs/iPhoneSimulator18.4.sdk
               SDK_DIR_iphonesimulator18_4 = /Applications/Xcode.app/Contents/Developer/Platforms/iPhoneSimulator.platform/Developer/SDKs/iPhoneSimulator18.4.sdk
               SDK_NAME = iphonesimulator18.4
               SDK_NAMES = iphonesimulator18.4
               SDK_PRODUCT_BUILD_VERSION = 22E235
               SDK_STAT_CACHE_DIR = /var/folders/4y/xy3fflts0nqfk1tsxg0t3mmr0000gn/C/com.apple.DeveloperTools/16.3-16E140/Xcode
               SDK_STAT_CACHE_ENABLE = YES
               SDK_STAT_CACHE_PATH = /var/folders/4y/xy3fflts0nqfk1tsxg0t3mmr0000gn/C/com.apple.DeveloperTools/16.3-16E140/Xcode/SDKStatCaches.noindex/iphonesimulator18.4-22E235-71825a6d136aa4733edcbe86ece5525b.sdkstatcache
               SDK_VERSION = 18.4
               SDK_VERSION_ACTUAL = 180400
               SDK_VERSION_MAJOR = 180000
               SDK_VERSION_MINOR = 180400
               SED = /usr/bin/sed
               SEPARATE_STRIP = NO
               SEPARATE_SYMBOL_EDIT = NO
               SET_DIR_MODE_OWNER_GROUP = YES
               SET_FILE_MODE_OWNER_GROUP = NO
               SHALLOW_BUNDLE = YES
               SHALLOW_BUNDLE_TRIPLE = ios-simulator
               SHALLOW_BUNDLE_ios_macabi = NO
               SHALLOW_BUNDLE_macos = NO
               SHARED_DERIVED_FILE_DIR = /Users/otislewis/arena/build/ios/Release-iphonesimulator/FirebaseCoreInternal/DerivedSources
               SHARED_FRAMEWORKS_FOLDER_PATH = FirebaseCoreInternal.framework/SharedFrameworks
               SHARED_PRECOMPS_DIR = /Users/otislewis/arena/build/ios/SharedPrecompiledHeaders
               SHARED_SUPPORT_FOLDER_PATH = FirebaseCoreInternal.framework
               SKIP_INSTALL = YES
               SOURCE_ROOT = /Users/otislewis/arena/ios/Pods
               SRCROOT = /Users/otislewis/arena/ios/Pods
               STRINGSDATA_DIR = /Users/otislewis/arena/build/ios/Pods.build/Release-iphonesimulator/FirebaseCoreInternal.build/Objects-normal/undefined_arch
               STRINGSDATA_ROOT = /Users/otislewis/arena/build/ios/Pods.build/Release-iphonesimulator/FirebaseCoreInternal.build
               STRINGS_FILE_INFOPLIST_RENAME = YES
               STRINGS_FILE_OUTPUT_ENCODING = binary
               STRIP_BITCODE_FROM_COPIED_FILES = NO
               STRIP_INSTALLED_PRODUCT = NO
               STRIP_STYLE = debugging
               STRIP_SWIFT_SYMBOLS = YES
               SUPPORTED_DEVICE_FAMILIES = 1,2
               SUPPORTED_PLATFORMS = iphoneos iphonesimulator
               SUPPORTS_TEXT_BASED_API = NO
               SUPPRESS_WARNINGS = NO
               SWIFT_ACTIVE_COMPILATION_CONDITIONS =  
               SWIFT_COMPILATION_MODE = wholemodule
               SWIFT_EMIT_LOC_STRINGS = NO
               SWIFT_INSTALL_MODULE_FOR_DEPLOYMENT = YES
               SWIFT_INSTALL_OBJC_HEADER = YES
               SWIFT_OPTIMIZATION_LEVEL = -O
               SWIFT_PLATFORM_TARGET_PREFIX = ios
               SWIFT_VERSION = 5.3
               SYMROOT = /Users/otislewis/arena/ios/build
               SYSTEM_ADMIN_APPS_DIR = /Applications/Utilities
               SYSTEM_APPS_DIR = /Applications
               SYSTEM_CORE_SERVICES_DIR = /System/Library/CoreServices
               SYSTEM_DEMOS_DIR = /Applications/Extras
               SYSTEM_DEVELOPER_APPS_DIR = /Applications/Xcode.app/Contents/Developer/Applications
               SYSTEM_DEVELOPER_BIN_DIR = /Applications/Xcode.app/Contents/Developer/usr/bin
               SYSTEM_DEVELOPER_DEMOS_DIR = /Applications/Xcode.app/Contents/Developer/Applications/Utilities/Built Examples
               SYSTEM_DEVELOPER_DIR = /Applications/Xcode.app/Contents/Developer
               SYSTEM_DEVELOPER_DOC_DIR = /Applications/Xcode.app/Contents/Developer/ADC Reference Library
               SYSTEM_DEVELOPER_GRAPHICS_TOOLS_DIR = /Applications/Xcode.app/Contents/Developer/Applications/Graphics Tools
               SYSTEM_DEVELOPER_JAVA_TOOLS_DIR = /Applications/Xcode.app/Contents/Developer/Applications/Java Tools
               SYSTEM_DEVELOPER_PERFORMANCE_TOOLS_DIR = /Applications/Xcode.app/Contents/Developer/Applications/Performance Tools
               SYSTEM_DEVELOPER_RELEASENOTES_DIR = /Applications/Xcode.app/Contents/Developer/ADC Reference Library/releasenotes
               SYSTEM_DEVELOPER_TOOLS = /Applications/Xcode.app/Contents/Developer/Tools
               SYSTEM_DEVELOPER_TOOLS_DOC_DIR = /Applications/Xcode.app/Contents/Developer/ADC Reference Library/documentation/DeveloperTools
               SYSTEM_DEVELOPER_TOOLS_RELEASENOTES_DIR = /Applications/Xcode.app/Contents/Developer/ADC Reference Library/releasenotes/DeveloperTools
               SYSTEM_DEVELOPER_USR_DIR = /Applications/Xcode.app/Contents/Developer/usr
               SYSTEM_DEVELOPER_UTILITIES_DIR = /Applications/Xcode.app/Contents/Developer/Applications/Utilities
               SYSTEM_DEXT_INSTALL_PATH = /System/Library/DriverExtensions
               SYSTEM_DOCUMENTATION_DIR = /Library/Documentation
               SYSTEM_EXTENSIONS_FOLDER_PATH = FirebaseCoreInternal.framework/SystemExtensions
               SYSTEM_EXTENSIONS_FOLDER_PATH_SHALLOW_BUNDLE_NO = FirebaseCoreInternal.framework/Library/SystemExtensions
               SYSTEM_EXTENSIONS_FOLDER_PATH_SHALLOW_BUNDLE_YES = FirebaseCoreInternal.framework/SystemExtensions
               SYSTEM_KEXT_INSTALL_PATH = /System/Library/Extensions
               SYSTEM_LIBRARY_DIR = /System/Library
               TAPI_DEMANGLE = YES
               TAPI_ENABLE_PROJECT_HEADERS = NO
               TAPI_LANGUAGE = objective-c
               TAPI_LANGUAGE_STANDARD = compiler-default
               TAPI_USE_SRCROOT = YES
               TAPI_VERIFY_MODE = Pedantic
               TARGETED_DEVICE_FAMILY = 1,2
               TARGETNAME = FirebaseCoreInternal
               TARGET_BUILD_DIR = /Users/otislewis/arena/build/ios/Release-iphonesimulator/FirebaseCoreInternal
               TARGET_NAME = FirebaseCoreInternal
               TARGET_TEMP_DIR = /Users/otislewis/arena/build/ios/Pods.build/Release-iphonesimulator/FirebaseCoreInternal.build
               TEMP_DIR = /Users/otislewis/arena/build/ios/Pods.build/Release-iphonesimulator/FirebaseCoreInternal.build
               TEMP_FILES_DIR = /Users/otislewis/arena/build/ios/Pods.build/Release-iphonesimulator/FirebaseCoreInternal.build
               TEMP_FILE_DIR = /Users/otislewis/arena/build/ios/Pods.build/Release-iphonesimulator/FirebaseCoreInternal.build
               TEMP_ROOT = /Users/otislewis/arena/build/ios
               TEMP_SANDBOX_DIR = /Users/otislewis/arena/build/ios/TemporaryTaskSandboxes
               TEST_FRAMEWORK_SEARCH_PATHS =  /Applications/Xcode.app/Contents/Developer/Platforms/iPhoneSimulator.platform/Developer/Library/Frameworks /Applications/Xcode.app/Contents/Developer/Platforms/iPhoneSimulator.platform/Developer/SDKs/iPhoneSimulator18.4.sdk/Developer/Library/Frameworks
               TEST_LIBRARY_SEARCH_PATHS =  /Applications/Xcode.app/Contents/Developer/Platforms/iPhoneSimulator.platform/Developer/usr/lib
               TOOLCHAINS = com.apple.dt.toolchain.XcodeDefault
               TOOLCHAIN_DIR = /Applications/Xcode.app/Contents/Developer/Toolchains/XcodeDefault.xctoolchain
               TREAT_MISSING_BASELINES_AS_TEST_FAILURES = NO
               TREAT_MISSING_SCRIPT_PHASE_OUTPUTS_AS_ERRORS = NO
               UID = 501
               UNINSTALLED_PRODUCTS_DIR = /Users/otislewis/arena/build/ios/UninstalledProducts
               UNLOCALIZED_RESOURCES_FOLDER_PATH = FirebaseCoreInternal.framework
               UNLOCALIZED_RESOURCES_FOLDER_PATH_SHALLOW_BUNDLE_NO = FirebaseCoreInternal.framework/Resources
               UNLOCALIZED_RESOURCES_FOLDER_PATH_SHALLOW_BUNDLE_YES = FirebaseCoreInternal.framework
               UNSTRIPPED_PRODUCT = NO
               USER = otislewis
               USER_APPS_DIR = /Users/otislewis/Applications
               USER_LIBRARY_DIR = /Users/otislewis/Library
               USE_DYNAMIC_NO_PIC = YES
               USE_HEADERMAP = YES
               USE_HEADER_SYMLINKS = NO
               USE_RECURSIVE_SCRIPT_INPUTS_IN_SCRIPT_PHASES = YES
               VALIDATE_DEVELOPMENT_ASSET_PATHS = YES_ERROR
               VALIDATE_PRODUCT = YES
               VALID_ARCHS = arm64
               VERBOSE_PBXCP = NO
               VERSIONING_SYSTEM = apple-generic
               VERSIONPLIST_PATH = FirebaseCoreInternal.framework/version.plist
               VERSIONS_FOLDER_PATH = FirebaseCoreInternal.framework
               VERSIONS_FOLDER_PATH_SHALLOW_BUNDLE_NO = FirebaseCoreInternal.framework/Versions
               VERSIONS_FOLDER_PATH_SHALLOW_BUNDLE_YES = FirebaseCoreInternal.framework
               VERSION_INFO_BUILDER = otislewis
               VERSION_INFO_FILE = FirebaseCoreInternal_vers.c
               VERSION_INFO_STRING = "@(#)PROGRAM:FirebaseCoreInternal  PROJECT:Pods-1"
               WORKSPACE_DIR = /Users/otislewis/arena/ios/Pods/Pods.xcodeproj
               WRAPPER_EXTENSION = framework
               WRAPPER_NAME = FirebaseCoreInternal.framework
               WRAPPER_SUFFIX = .framework
               WRAP_ASSET_PACKS_IN_SEPARATE_DIRECTORIES = NO
               XCODE_APP_SUPPORT_DIR = /Applications/Xcode.app/Contents/Developer/Library/Xcode
               XCODE_PRODUCT_BUILD_VERSION = 16E140
               XCODE_VERSION_ACTUAL = 1630
               XCODE_VERSION_MAJOR = 1600
               XCODE_VERSION_MINOR = 1630
               XPCSERVICES_FOLDER_PATH = FirebaseCoreInternal.framework/XPCServices
               YACC = yacc
               _DISCOVER_COMMAND_LINE_LINKER_INPUTS = YES
               _DISCOVER_COMMAND_LINE_LINKER_INPUTS_INCLUDE_WL = YES
               _WRAPPER_CONTENTS_DIR_SHALLOW_BUNDLE_NO = /Contents
               _WRAPPER_PARENT_PATH_SHALLOW_BUNDLE_NO = /..
               _WRAPPER_RESOURCES_DIR_SHALLOW_BUNDLE_NO = /Resources
               __DIAGNOSE_DEPRECATED_ARCHS = YES
               arch = undefined_arch
               variant = normal

           Build settings for action build and target FirebaseCoreInternal-FirebaseCoreInternal_Privacy:
               ACTION = build
               AD_HOC_CODE_SIGNING_ALLOWED = YES
               ALLOW_BUILD_REQUEST_OVERRIDES = NO
               ALLOW_TARGET_PLATFORM_SPECIALIZATION = NO
               ALTERNATE_GROUP = staff
               ALTERNATE_MODE = u+w,go-w,a+rX
               ALTERNATE_OWNER = otislewis
               ALTERNATIVE_DISTRIBUTION_WEB = NO
               ALWAYS_EMBED_SWIFT_STANDARD_LIBRARIES = NO
               ALWAYS_SEARCH_USER_PATHS = NO
               ALWAYS_USE_SEPARATE_HEADERMAPS = NO
               APPLICATION_EXTENSION_API_ONLY = NO
               APPLY_RULES_IN_COPY_FILES = NO
               APPLY_RULES_IN_COPY_HEADERS = NO
               APP_SHORTCUTS_ENABLE_FLEXIBLE_MATCHING = YES
               ARCHS_STANDARD = arm64 x86_64
               ARCHS_STANDARD_32_64_BIT = arm64 x86_64
               ARCHS_STANDARD_64_BIT = arm64 x86_64
               ARCHS_STANDARD_INCLUDING_64_BIT = arm64 x86_64
               ARCHS_UNIVERSAL_IPHONE_OS = arm64 x86_64
               AUTOMATICALLY_MERGE_DEPENDENCIES = NO
               AVAILABLE_PLATFORMS = android appletvos appletvsimulator driverkit iphoneos iphonesimulator macosx qnx watchos watchsimulator xros xrsimulator
               BITCODE_GENERATION_MODE = marker
               BUILD_ACTIVE_RESOURCES_ONLY = NO
               BUILD_COMPONENTS = headers build
               BUILD_DIR = /Users/otislewis/arena/build/ios
               BUILD_LIBRARY_FOR_DISTRIBUTION = NO
               BUILD_ROOT = /Users/otislewis/arena/ios/build
               BUILD_STYLE = 
               BUILD_VARIANTS = normal
               BUILT_PRODUCTS_DIR = /Users/otislewis/arena/build/ios/Release-iphonesimulator/FirebaseCoreInternal
               BUNDLE_CONTENTS_FOLDER_PATH_deep = Contents/
               BUNDLE_EXECUTABLE_FOLDER_NAME_deep = MacOS
               BUNDLE_EXTENSIONS_FOLDER_PATH = Extensions
               BUNDLE_FORMAT = shallow
               BUNDLE_FRAMEWORKS_FOLDER_PATH = Frameworks
               BUNDLE_PLUGINS_FOLDER_PATH = PlugIns
               BUNDLE_PRIVATE_HEADERS_FOLDER_PATH = PrivateHeaders
               BUNDLE_PUBLIC_HEADERS_FOLDER_PATH = Headers
               CACHE_ROOT = /var/folders/4y/xy3fflts0nqfk1tsxg0t3mmr0000gn/C/com.apple.DeveloperTools/16.3-16E140/Xcode
               CCHROOT = /var/folders/4y/xy3fflts0nqfk1tsxg0t3mmr0000gn/C/com.apple.DeveloperTools/16.3-16E140/Xcode
               CHMOD = /bin/chmod
               CHOWN = /usr/sbin/chown
               CLANG_ANALYZER_LOCALIZABILITY_NONLOCALIZED = YES
               CLANG_ANALYZER_NONNULL = YES
               CLANG_ANALYZER_NUMBER_OBJECT_CONVERSION = YES_AGGRESSIVE
               CLANG_CACHE_FINE_GRAINED_OUTPUTS = YES
               CLANG_CXX_LANGUAGE_STANDARD = gnu++14
               CLANG_CXX_LIBRARY = libc++
               CLANG_ENABLE_EXPLICIT_MODULES = YES
               CLANG_ENABLE_MODULES = YES
               CLANG_ENABLE_OBJC_ARC = YES
               CLANG_ENABLE_OBJC_WEAK = YES
               CLANG_MODULES_BUILD_SESSION_FILE = /var/folders/4y/xy3fflts0nqfk1tsxg0t3mmr0000gn/C/org.llvm.clang/ModuleCache.noindex/Session.modulevalidation
               CLANG_WARN_BLOCK_CAPTURE_AUTORELEASING = YES
               CLANG_WARN_BOOL_CONVERSION = YES
               CLANG_WARN_COMMA = YES
               CLANG_WARN_CONSTANT_CONVERSION = YES
               CLANG_WARN_DEPRECATED_OBJC_IMPLEMENTATIONS = YES
               CLANG_WARN_DIRECT_OBJC_ISA_USAGE = YES_ERROR
               CLANG_WARN_DOCUMENTATION_COMMENTS = YES
               CLANG_WARN_EMPTY_BODY = YES
               CLANG_WARN_ENUM_CONVERSION = YES
               CLANG_WARN_INFINITE_RECURSION = YES
               CLANG_WARN_INT_CONVERSION = YES
               CLANG_WARN_NON_LITERAL_NULL_CONVERSION = YES
               CLANG_WARN_OBJC_IMPLICIT_RETAIN_SELF = YES
               CLANG_WARN_OBJC_LITERAL_CONVERSION = YES
               CLANG_WARN_OBJC_ROOT_CLASS = YES_ERROR
               CLANG_WARN_QUOTED_INCLUDE_IN_FRAMEWORK_HEADER = NO
               CLANG_WARN_RANGE_LOOP_ANALYSIS = YES
               CLANG_WARN_STRICT_PROTOTYPES = YES
               CLANG_WARN_SUSPICIOUS_MOVE = YES
               CLANG_WARN_UNGUARDED_AVAILABILITY = YES_AGGRESSIVE
               CLANG_WARN_UNREACHABLE_CODE = YES
               CLANG_WARN__DUPLICATE_METHOD_MATCH = YES
               CLASS_FILE_DIR = /Users/otislewis/arena/build/ios/Pods.build/Release-iphonesimulator/FirebaseCoreInternal-FirebaseCoreInternal_Privacy.build/JavaClasses
               CLEAN_PRECOMPS = YES
               CLONE_HEADERS = NO
               CODESIGNING_FOLDER_PATH = /Users/otislewis/arena/build/ios/Release-iphonesimulator/FirebaseCoreInternal/FirebaseCoreInternal_Privacy.bundle
               CODE_SIGNING_ALLOWED = NO
               CODE_SIGNING_IDENTITY = -
               CODE_SIGNING_REQUIRED = NO
               CODE_SIGN_CONTEXT_CLASS = XCiPhoneSimulatorCodeSignContext
               CODE_SIGN_IDENTITY = -
               CODE_SIGN_INJECT_BASE_ENTITLEMENTS = YES
               COLOR_DIAGNOSTICS = NO
               COMBINE_HIDPI_IMAGES = NO
               COMPILATION_CACHE_CAS_PATH = /var/folders/4y/xy3fflts0nqfk1tsxg0t3mmr0000gn/C/com.apple.DeveloperTools/16.3-16E140/Xcode/CompilationCache.noindex
               COMPILATION_CACHE_KEEP_CAS_DIRECTORY = YES
               COMPILER_INDEX_STORE_ENABLE = Default
               COMPOSITE_SDK_DIRS = /Users/otislewis/arena/build/ios/CompositeSDKs
               COMPRESS_PNG_FILES = YES
               CONFIGURATION = Release
               CONFIGURATION_BUILD_DIR = /Users/otislewis/arena/build/ios/Release-iphonesimulator/FirebaseCoreInternal
               CONFIGURATION_TEMP_DIR = /Users/otislewis/arena/build/ios/Pods.build/Release-iphonesimulator
               CONTENTS_FOLDER_PATH = FirebaseCoreInternal_Privacy.bundle
               CONTENTS_FOLDER_PATH_SHALLOW_BUNDLE_NO = FirebaseCoreInternal_Privacy.bundle/Contents
               CONTENTS_FOLDER_PATH_SHALLOW_BUNDLE_YES = FirebaseCoreInternal_Privacy.bundle
               COPYING_PRESERVES_HFS_DATA = NO
               COPY_HEADERS_RUN_UNIFDEF = NO
               COPY_PHASE_STRIP = NO
               CORRESPONDING_DEVICE_PLATFORM_DIR = /Applications/Xcode.app/Contents/Developer/Platforms/iPhoneOS.platform
               CORRESPONDING_DEVICE_PLATFORM_NAME = iphoneos
               CORRESPONDING_DEVICE_SDK_DIR = /Applications/Xcode.app/Contents/Developer/Platforms/iPhoneOS.platform/Developer/SDKs/iPhoneOS18.4.sdk
               CORRESPONDING_DEVICE_SDK_NAME = iphoneos18.4
               CP = /bin/cp
               CREATE_INFOPLIST_SECTION_IN_BINARY = NO
               CURRENT_ARCH = undefined_arch
               CURRENT_VARIANT = normal
               DEAD_CODE_STRIPPING = YES
               DEBUGGING_SYMBOLS = YES
               DEBUG_INFORMATION_FORMAT = dwarf-with-dsym
               DEBUG_INFORMATION_VERSION = compiler-default
               DEFAULT_COMPILER = com.apple.compilers.llvm.clang.1_0
               DEFAULT_DEXT_INSTALL_PATH = /System/Library/DriverExtensions
               DEFAULT_KEXT_INSTALL_PATH = /System/Library/Extensions
               DEFINES_MODULE = NO
               DEPLOYMENT_LOCATION = NO
               DEPLOYMENT_POSTPROCESSING = NO
               DEPLOYMENT_TARGET_SETTING_NAME = IPHONEOS_DEPLOYMENT_TARGET
               DEPLOYMENT_TARGET_SUGGESTED_VALUES = 12.0 12.1 12.2 12.3 12.4 13.0 13.1 13.2 13.3 13.4 13.5 13.6 14.0 14.1 14.2 14.3 14.4 14.5 14.6 14.7 15.0 15.1 15.2 15.3 15.4 15.5 15.6 16.0 16.1 16.2 16.3 16.4 16.5 16.6 17.0 17.1 17.2 17.3 17.4 17.5 17.6 18.0 18.1 18.2 18.3 18.4
               DERIVED_FILES_DIR = /Users/otislewis/arena/build/ios/Pods.build/Release-iphonesimulator/FirebaseCoreInternal-FirebaseCoreInternal_Privacy.build/DerivedSources
               DERIVED_FILE_DIR = /Users/otislewis/arena/build/ios/Pods.build/Release-iphonesimulator/FirebaseCoreInternal-FirebaseCoreInternal_Privacy.build/DerivedSources
               DERIVED_SOURCES_DIR = /Users/otislewis/arena/build/ios/Pods.build/Release-iphonesimulator/FirebaseCoreInternal-FirebaseCoreInternal_Privacy.build/DerivedSources
               DEVELOPER_APPLICATIONS_DIR = /Applications/Xcode.app/Contents/Developer/Applications
               DEVELOPER_BIN_DIR = /Applications/Xcode.app/Contents/Developer/usr/bin
               DEVELOPER_DIR = /Applications/Xcode.app/Contents/Developer
               DEVELOPER_FRAMEWORKS_DIR = /Applications/Xcode.app/Contents/Developer/Library/Frameworks
               DEVELOPER_FRAMEWORKS_DIR_QUOTED = /Applications/Xcode.app/Contents/Developer/Library/Frameworks
               DEVELOPER_LIBRARY_DIR = /Applications/Xcode.app/Contents/Developer/Library
               DEVELOPER_SDK_DIR = /Applications/Xcode.app/Contents/Developer/Platforms/MacOSX.platform/Developer/SDKs
               DEVELOPER_TOOLS_DIR = /Applications/Xcode.app/Contents/Developer/Tools
               DEVELOPER_USR_DIR = /Applications/Xcode.app/Contents/Developer/usr
               DEVELOPMENT_LANGUAGE = en
               DIAGNOSE_MISSING_TARGET_DEPENDENCIES = YES
               DIFF = /usr/bin/diff
               DOCUMENTATION_FOLDER_PATH = FirebaseCoreInternal_Privacy.bundle/en.lproj/Documentation
               DONT_GENERATE_INFOPLIST_FILE = NO
               DSTROOT = /tmp/Pods.dst
               DT_TOOLCHAIN_DIR = /Applications/Xcode.app/Contents/Developer/Toolchains/XcodeDefault.xctoolchain
               DWARF_DSYM_FILE_NAME = FirebaseCoreInternal_Privacy.bundle.dSYM
               DWARF_DSYM_FILE_SHOULD_ACCOMPANY_PRODUCT = NO
               DWARF_DSYM_FOLDER_PATH = /Users/otislewis/arena/build/ios/Release-iphonesimulator/FirebaseCoreInternal
               DYNAMIC_LIBRARY_EXTENSION = dylib
               EAGER_COMPILATION_ALLOW_SCRIPTS = NO
               EAGER_LINKING = NO
               EFFECTIVE_PLATFORM_NAME = -iphonesimulator
               EMBEDDED_CONTENT_CONTAINS_SWIFT = NO
               EMBED_ASSET_PACKS_IN_PRODUCT_BUNDLE = NO
               ENABLE_APP_SANDBOX = NO
               ENABLE_BITCODE = NO
               ENABLE_CODE_COVERAGE = YES
               ENABLE_DEFAULT_HEADER_SEARCH_PATHS = YES
               ENABLE_DEFAULT_SEARCH_PATHS = YES
               ENABLE_HARDENED_RUNTIME = NO
               ENABLE_HEADER_DEPENDENCIES = YES
               ENABLE_INCOMING_NETWORK_CONNECTIONS = NO
               ENABLE_NS_ASSERTIONS = NO
               ENABLE_ON_DEMAND_RESOURCES = NO
               ENABLE_OUTGOING_NETWORK_CONNECTIONS = NO
               ENABLE_RESOURCE_ACCESS_AUDIO_INPUT = NO
               ENABLE_RESOURCE_ACCESS_BLUETOOTH = NO
               ENABLE_RESOURCE_ACCESS_CALENDARS = NO
               ENABLE_RESOURCE_ACCESS_CAMERA = NO
               ENABLE_RESOURCE_ACCESS_CONTACTS = NO
               ENABLE_RESOURCE_ACCESS_LOCATION = NO
               ENABLE_RESOURCE_ACCESS_PRINTING = NO
               ENABLE_RESOURCE_ACCESS_USB = NO
               ENABLE_SDK_IMPORTS = NO
               ENABLE_STRICT_OBJC_MSGSEND = YES
               ENABLE_TESTABILITY = NO
               ENABLE_TESTING_SEARCH_PATHS = NO
               ENABLE_USER_SCRIPT_SANDBOXING = NO
               ENFORCE_VALID_ARCHS = YES
               ENTITLEMENTS_DESTINATION = __entitlements
               ENTITLEMENTS_REQUIRED = NO
               EXCLUDED_ARCHS = arm64
               EXCLUDED_INSTALLSRC_SUBDIRECTORY_PATTERNS = .DS_Store .svn .git .hg CVS
               EXCLUDED_RECURSIVE_SEARCH_PATH_SUBDIRECTORIES = *.nib *.lproj *.framework *.gch *.xcode* *.xcassets (*) .DS_Store CVS .svn .git .hg *.pbproj *.pbxproj
               EXECUTABLES_FOLDER_PATH = FirebaseCoreInternal_Privacy.bundle/Executables
               EXECUTABLE_FOLDER_PATH = FirebaseCoreInternal_Privacy.bundle
               EXECUTABLE_FOLDER_PATH_SHALLOW_BUNDLE_NO = FirebaseCoreInternal_Privacy.bundle/MacOS
               EXECUTABLE_FOLDER_PATH_SHALLOW_BUNDLE_YES = FirebaseCoreInternal_Privacy.bundle
               EXECUTABLE_NAME = FirebaseCoreInternal_Privacy
               EXECUTABLE_PATH = FirebaseCoreInternal_Privacy.bundle/FirebaseCoreInternal_Privacy
               EXPANDED_CODE_SIGN_IDENTITY = -
               EXTENSIONS_FOLDER_PATH = FirebaseCoreInternal_Privacy.bundle/Extensions
               FILE_LIST = /Users/otislewis/arena/build/ios/Pods.build/Release-iphonesimulator/FirebaseCoreInternal-FirebaseCoreInternal_Privacy.build/Objects/LinkFileList
               FIXED_FILES_DIR = /Users/otislewis/arena/build/ios/Pods.build/Release-iphonesimulator/FirebaseCoreInternal-FirebaseCoreInternal_Privacy.build/FixedFiles
               FRAMEWORKS_FOLDER_PATH = FirebaseCoreInternal_Privacy.bundle/Frameworks
               FRAMEWORK_FLAG_PREFIX = -framework
               FRAMEWORK_SEARCH_PATHS = /Users/otislewis/arena/build/ios/Release-iphonesimulator/FirebaseCoreInternal  "/Users/otislewis/arena/build/ios/Release-iphonesimulator/GoogleUtilities" "/Users/otislewis/arena/build/ios/Release-iphonesimulator/PromisesObjC"
               FRAMEWORK_VERSION = A
               FULL_PRODUCT_NAME = FirebaseCoreInternal_Privacy.bundle
               FUSE_BUILD_PHASES = YES
               FUSE_BUILD_SCRIPT_PHASES = NO
               GCC3_VERSION = 3.3
               GCC_C_LANGUAGE_STANDARD = gnu11
               GCC_INLINES_ARE_PRIVATE_EXTERN = YES
               GCC_NO_COMMON_BLOCKS = YES
               GCC_OBJC_LEGACY_DISPATCH = YES
               GCC_PFE_FILE_C_DIALECTS = c objective-c c++ objective-c++
               GCC_PREPROCESSOR_DEFINITIONS = POD_CONFIGURATION_RELEASE=1  COCOAPODS=1
               GCC_TREAT_WARNINGS_AS_ERRORS = NO
               GCC_VERSION = com.apple.compilers.llvm.clang.1_0
               GCC_VERSION_IDENTIFIER = com_apple_compilers_llvm_clang_1_0
               GCC_WARN_64_TO_32_BIT_CONVERSION = YES
               GCC_WARN_ABOUT_RETURN_TYPE = YES_ERROR
               GCC_WARN_UNDECLARED_SELECTOR = YES
               GCC_WARN_UNINITIALIZED_AUTOS = YES_AGGRESSIVE
               GCC_WARN_UNUSED_FUNCTION = YES
               GCC_WARN_UNUSED_VARIABLE = YES
               GENERATED_MODULEMAP_DIR = /Users/otislewis/arena/build/ios/GeneratedModuleMaps-iphonesimulator
               GENERATE_INFOPLIST_FILE = NO
               GENERATE_INTERMEDIATE_TEXT_BASED_STUBS = YES
               GENERATE_MASTER_OBJECT_FILE = NO
               GENERATE_PKGINFO_FILE = NO
               GENERATE_PROFILING_CODE = NO
               GENERATE_TEXT_BASED_STUBS = NO
               GID = 20
               GROUP = staff
               HEADERMAP_INCLUDES_FLAT_ENTRIES_FOR_TARGET_BEING_BUILT = YES
               HEADERMAP_INCLUDES_FRAMEWORK_ENTRIES_FOR_ALL_PRODUCT_TYPES = YES
               HEADERMAP_INCLUDES_FRAMEWORK_ENTRIES_FOR_TARGETS_NOT_BEING_BUILT = YES
               HEADERMAP_INCLUDES_NONPUBLIC_NONPRIVATE_HEADERS = YES
               HEADERMAP_INCLUDES_PROJECT_HEADERS = YES
               HEADERMAP_USES_FRAMEWORK_PREFIX_ENTRIES = YES
               HEADERMAP_USES_VFS = NO
               HEADER_SEARCH_PATHS = /Users/otislewis/arena/build/ios/Release-iphonesimulator/FirebaseCoreInternal/include 
               HIDE_BITCODE_SYMBOLS = YES
               HOME = /Users/otislewis
               HOST_ARCH = arm64
               HOST_PLATFORM = macosx
               IBSC_MODULE = FirebaseCoreInternal
               ICONV = /usr/bin/iconv
               IMPLICIT_DEPENDENCY_DOMAIN = default
               INFOPLIST_ENABLE_CFBUNDLEICONS_MERGE = YES
               INFOPLIST_EXPAND_BUILD_SETTINGS = YES
               INFOPLIST_FILE = Target Support Files/FirebaseCoreInternal/ResourceBundle-FirebaseCoreInternal_Privacy-FirebaseCoreInternal-Info.plist
               INFOPLIST_OUTPUT_FORMAT = binary
               INFOPLIST_PATH = FirebaseCoreInternal_Privacy.bundle/Info.plist
               INFOPLIST_PREPROCESS = NO
               INFOSTRINGS_PATH = FirebaseCoreInternal_Privacy.bundle/en.lproj/InfoPlist.strings
               INLINE_PRIVATE_FRAMEWORKS = NO
               INSTALLAPI_IGNORE_SKIP_INSTALL = YES
               INSTALLHDRS_COPY_PHASE = NO
               INSTALLHDRS_SCRIPT_PHASE = NO
               INSTALL_DIR = /tmp/Pods.dst
               INSTALL_GROUP = staff
               INSTALL_MODE_FLAG = u+w,go-w,a+rX
               INSTALL_OWNER = otislewis
               INSTALL_ROOT = /tmp/Pods.dst
               IPHONEOS_DEPLOYMENT_TARGET = 13.0
               IS_UNOPTIMIZED_BUILD = NO
               JAVAC_DEFAULT_FLAGS = -J-Xms64m -J-XX:NewSize=4M -J-Dfile.encoding=UTF8
               JAVA_APP_STUB = /System/Library/Frameworks/JavaVM.framework/Resources/MacOS/JavaApplicationStub
               JAVA_ARCHIVE_CLASSES = YES
               JAVA_ARCHIVE_TYPE = JAR
               JAVA_COMPILER = /usr/bin/javac
               JAVA_FOLDER_PATH = FirebaseCoreInternal_Privacy.bundle/Java
               JAVA_FRAMEWORK_RESOURCES_DIRS = Resources
               JAVA_JAR_FLAGS = cv
               JAVA_SOURCE_SUBDIR = .
               JAVA_USE_DEPENDENCIES = YES
               JAVA_ZIP_FLAGS = -urg
               JIKES_DEFAULT_FLAGS = +E +OLDCSO
               KEEP_PRIVATE_EXTERNS = NO
               LD_DEPENDENCY_INFO_FILE = /Users/otislewis/arena/build/ios/Pods.build/Release-iphonesimulator/FirebaseCoreInternal-FirebaseCoreInternal_Privacy.build/Objects-normal/undefined_arch/FirebaseCoreInternal_Privacy_dependency_info.dat
               LD_EXPORT_SYMBOLS = YES
               LD_GENERATE_MAP_FILE = NO
               LD_MAP_FILE_PATH = /Users/otislewis/arena/build/ios/Pods.build/Release-iphonesimulator/FirebaseCoreInternal-FirebaseCoreInternal_Privacy.build/FirebaseCoreInternal_Privacy-LinkMap-normal-undefined_arch.txt
               LD_NO_PIE = NO
               LD_QUOTE_LINKER_ARGUMENTS_FOR_COMPILER_DRIVER = YES
               LD_SHARED_CACHE_ELIGIBLE = Automatic
               LD_WARN_DUPLICATE_LIBRARIES = NO
               LD_WARN_UNUSED_DYLIBS = NO
               LEGACY_DEVELOPER_DIR = /Applications/Xcode.app/Contents/PlugIns/Xcode3Core.ideplugin/Contents/SharedSupport/Developer
               LEX = lex
               LIBRARY_DEXT_INSTALL_PATH = /Library/DriverExtensions
               LIBRARY_FLAG_NOSPACE = YES
               LIBRARY_FLAG_PREFIX = -l
               LIBRARY_KEXT_INSTALL_PATH = /Library/Extensions
               LIBRARY_SEARCH_PATHS = /Users/otislewis/arena/build/ios/Release-iphonesimulator/FirebaseCoreInternal /Applications/Xcode.app/Contents/Developer/Toolchains/XcodeDefault.xctoolchain/usr/lib/swift/iphonesimulator /Applications/Xcode.app/Contents/Developer/Platforms/iPhoneSimulator.platform/Developer/SDKs/iPhoneSimulator18.4.sdk/usr/lib/swift
               LINKER_DISPLAYS_MANGLED_NAMES = NO
               LINK_OBJC_RUNTIME = YES
               LINK_WITH_STANDARD_LIBRARIES = YES
               LLVM_TARGET_TRIPLE_OS_VERSION = ios13.0
               LLVM_TARGET_TRIPLE_SUFFIX = -simulator
               LLVM_TARGET_TRIPLE_VENDOR = apple
               LOCALIZATION_EXPORT_SUPPORTED = YES
               LOCALIZATION_PREFERS_STRING_CATALOGS = NO
               LOCALIZED_RESOURCES_FOLDER_PATH = FirebaseCoreInternal_Privacy.bundle/en.lproj
               LOCALIZED_STRING_MACRO_NAMES = NSLocalizedString CFCopyLocalizedString
               LOCALIZED_STRING_SWIFTUI_SUPPORT = YES
               LOCAL_ADMIN_APPS_DIR = /Applications/Utilities
               LOCAL_APPS_DIR = /Applications
               LOCAL_DEVELOPER_DIR = /Library/Developer
               LOCAL_LIBRARY_DIR = /Library
               LOCROOT = /Users/otislewis/arena/ios/Pods
               LOCSYMROOT = /Users/otislewis/arena/ios/Pods
               MACH_O_TYPE = mh_bundle
               MAC_OS_X_PRODUCT_BUILD_VERSION = 24F74
               MAC_OS_X_VERSION_ACTUAL = 150500
               MAC_OS_X_VERSION_MAJOR = 150000
               MAC_OS_X_VERSION_MINOR = 150500
               MAKE_MERGEABLE = NO
               MERGEABLE_LIBRARY = NO
               MERGED_BINARY_TYPE = none
               MERGE_LINKED_LIBRARIES = NO
               METAL_LIBRARY_FILE_BASE = default
               METAL_LIBRARY_OUTPUT_DIR = /Users/otislewis/arena/build/ios/Release-iphonesimulator/FirebaseCoreInternal/FirebaseCoreInternal_Privacy.bundle
               MODULES_FOLDER_PATH = FirebaseCoreInternal_Privacy.bundle/Modules
               MTL_ENABLE_DEBUG_INFO = NO
               MTL_FAST_MATH = YES
               NATIVE_ARCH = arm64
               NATIVE_ARCH_32_BIT = arm
               NATIVE_ARCH_64_BIT = arm64
               NATIVE_ARCH_ACTUAL = arm64
               NO_COMMON = YES
               OBJC_ABI_VERSION = 2
               OBJECT_FILE_DIR = /Users/otislewis/arena/build/ios/Pods.build/Release-iphonesimulator/FirebaseCoreInternal-FirebaseCoreInternal_Privacy.build/Objects
               OBJECT_FILE_DIR_normal = /Users/otislewis/arena/build/ios/Pods.build/Release-iphonesimulator/FirebaseCoreInternal-FirebaseCoreInternal_Privacy.build/Objects-normal
               OBJROOT = /Users/otislewis/arena/build/ios
               ONLY_ACTIVE_ARCH = NO
               OS = MACOS
               OSAC = /usr/bin/osacompile
               OTHER_LDFLAGS =  -framework "GoogleUtilities" -framework "Security" -framework "SystemConfiguration"
               OTHER_SWIFT_FLAGS =  -D COCOAPODS
               PACKAGE_TYPE = com.apple.package-type.wrapper
               PASCAL_STRINGS = YES
               PATH = /Applications/Xcode.app/Contents/SharedFrameworks/SwiftBuild.framework/Versions/A/PlugIns/SWBBuildService.bundle/Contents/PlugIns/SWBUniversalPlatformPlugin.bundle/Contents/Frameworks/SWBUniversalPlatform.framework/Resources:/Applications/Xcode.app/Contents/Developer/Toolchains/XcodeDefault.xctoolchain/usr/bin:/Applications/Xcode.app/Contents/Developer/Toolchains/XcodeDefault.xctoolchain/usr/local/bin:/Applications/Xcode.app/Contents/Developer/Toolchains/XcodeDefault.xctoolchain/usr/libexec:/Applications/Xcode.app/Contents/Developer/Platforms/iPhoneSimulator.platform/usr/bin:/Applications/Xcode.app/Contents/Developer/Platforms/iPhoneSimulator.platform/usr/local/bin:/Applications/Xcode.app/Contents/Developer/Platforms/iPhoneSimulator.platform/Developer/usr/bin:/Applications/Xcode.app/Contents/Developer/Platforms/iPhoneSimulator.platform/Developer/usr/local/bin:/Applications/Xcode.app/Contents/Developer/usr/bin:/Applications/Xcode.app/Contents/Developer/usr/local/bin:/Users/otislewis/.gem/ruby/3.3.0/bin:/opt/homebrew/bin:/opt/homebrew/sbin:/usr/local/bin:/System/Cryptexes/App/usr/bin:/usr/bin:/bin:/usr/sbin:/sbin:/var/run/com.apple.security.cryptexd/codex.system/bootstrap/usr/local/bin:/var/run/com.apple.security.cryptexd/codex.system/bootstrap/usr/bin:/var/run/com.apple.security.cryptexd/codex.system/bootstrap/usr/appleinternal/bin:/Library/Apple/usr/bin:/opt/homebrew/Caskroom/flutter/3.32.0/flutter/bin:/Users/otislewis/Library/Android/sdk/emulator:/Users/otislewis/Library/Android/sdk/tools:/Users/otislewis/Library/Android/sdk/tools/bin:/Users/otislewis/Library/Android/sdk/platform-tools:/opt/homebrew/Caskroom/flutter/3.32.0/flutter/bin/cache/dart-sdk/bin
               PATH_PREFIXES_EXCLUDED_FROM_HEADER_DEPENDENCIES = /usr/include /usr/local/include /System/Library/Frameworks /System/Library/PrivateFrameworks /Applications/Xcode.app/Contents/Developer/Headers /Applications/Xcode.app/Contents/Developer/SDKs /Applications/Xcode.app/Contents/Developer/Platforms
               PBDEVELOPMENTPLIST_PATH = FirebaseCoreInternal_Privacy.bundle/pbdevelopment.plist
               PER_ARCH_MODULE_FILE_DIR = /Users/otislewis/arena/build/ios/Pods.build/Release-iphonesimulator/FirebaseCoreInternal-FirebaseCoreInternal_Privacy.build/Objects-normal/undefined_arch
               PER_ARCH_OBJECT_FILE_DIR = /Users/otislewis/arena/build/ios/Pods.build/Release-iphonesimulator/FirebaseCoreInternal-FirebaseCoreInternal_Privacy.build/Objects-normal/undefined_arch
               PER_VARIANT_OBJECT_FILE_DIR = /Users/otislewis/arena/build/ios/Pods.build/Release-iphonesimulator/FirebaseCoreInternal-FirebaseCoreInternal_Privacy.build/Objects-normal
               PKGINFO_FILE_PATH = /Users/otislewis/arena/build/ios/Pods.build/Release-iphonesimulator/FirebaseCoreInternal-FirebaseCoreInternal_Privacy.build/PkgInfo
               PKGINFO_PATH = FirebaseCoreInternal_Privacy.bundle/PkgInfo
               PLATFORM_DEVELOPER_APPLICATIONS_DIR = /Applications/Xcode.app/Contents/Developer/Platforms/iPhoneSimulator.platform/Developer/Applications
               PLATFORM_DEVELOPER_BIN_DIR = /Applications/Xcode.app/Contents/Developer/Platforms/iPhoneSimulator.platform/Developer/usr/bin
               PLATFORM_DEVELOPER_LIBRARY_DIR = /Applications/Xcode.app/Contents/Developer/Platforms/iPhoneSimulator.platform/Developer/Library
               PLATFORM_DEVELOPER_SDK_DIR = /Applications/Xcode.app/Contents/Developer/Platforms/iPhoneSimulator.platform/Developer/SDKs
               PLATFORM_DEVELOPER_TOOLS_DIR = /Applications/Xcode.app/Contents/Developer/Platforms/iPhoneSimulator.platform/Developer/Tools
               PLATFORM_DEVELOPER_USR_DIR = /Applications/Xcode.app/Contents/Developer/Platforms/iPhoneSimulator.platform/Developer/usr
               PLATFORM_DIR = /Applications/Xcode.app/Contents/Developer/Platforms/iPhoneSimulator.platform
               PLATFORM_DISPLAY_NAME = iOS Simulator
               PLATFORM_FAMILY_NAME = iOS
               PLATFORM_NAME = iphonesimulator
               PLATFORM_PREFERRED_ARCH = x86_64
               PLATFORM_PRODUCT_BUILD_VERSION = 22E235
               PLATFORM_REQUIRES_SWIFT_AUTOLINK_EXTRACT = NO
               PLATFORM_REQUIRES_SWIFT_MODULEWRAP = NO
               PLIST_FILE_OUTPUT_FORMAT = binary
               PLUGINS_FOLDER_PATH = FirebaseCoreInternal_Privacy.bundle/PlugIns
               PODS_BUILD_DIR = /Users/otislewis/arena/build/ios
               PODS_CONFIGURATION_BUILD_DIR = /Users/otislewis/arena/build/ios/Release-iphonesimulator
               PODS_DEVELOPMENT_LANGUAGE = en
               PODS_ROOT = /Users/otislewis/arena/ios/Pods
               PODS_TARGET_SRCROOT = /Users/otislewis/arena/ios/Pods/FirebaseCoreInternal
               PODS_XCFRAMEWORKS_BUILD_DIR = /Users/otislewis/arena/build/ios/Release-iphonesimulator/XCFrameworkIntermediates
               PRECOMPS_INCLUDE_HEADERS_FROM_BUILT_PRODUCTS_DIR = YES
               PRECOMP_DESTINATION_DIR = /Users/otislewis/arena/build/ios/Pods.build/Release-iphonesimulator/FirebaseCoreInternal-FirebaseCoreInternal_Privacy.build/PrefixHeaders
               PRIVATE_HEADERS_FOLDER_PATH = FirebaseCoreInternal_Privacy.bundle/PrivateHeaders
               PROCESSED_INFOPLIST_PATH = /Users/otislewis/arena/build/ios/Pods.build/Release-iphonesimulator/FirebaseCoreInternal-FirebaseCoreInternal_Privacy.build/Objects-normal/undefined_arch/Processed-Info.plist
               PRODUCT_BUNDLE_IDENTIFIER = org.cocoapods.FirebaseCoreInternal-Privacy
               PRODUCT_BUNDLE_PACKAGE_TYPE = BNDL
               PRODUCT_MODULE_NAME = FirebaseCoreInternal_Privacy
               PRODUCT_NAME = FirebaseCoreInternal_Privacy
               PRODUCT_SETTINGS_PATH = /Users/otislewis/arena/ios/Pods/Target Support Files/FirebaseCoreInternal/ResourceBundle-FirebaseCoreInternal_Privacy-FirebaseCoreInternal-Info.plist
               PRODUCT_TYPE = com.apple.product-type.bundle
               PROFILING_CODE = NO
               PROJECT = Pods
               PROJECT_DERIVED_FILE_DIR = /Users/otislewis/arena/build/ios/Pods.build/DerivedSources
               PROJECT_DIR = /Users/otislewis/arena/ios/Pods
               PROJECT_FILE_PATH = /Users/otislewis/arena/ios/Pods/Pods.xcodeproj
               PROJECT_GUID = bfdfe7dc352907fc980b868725387e98
               PROJECT_NAME = Pods
               PROJECT_TEMP_DIR = /Users/otislewis/arena/build/ios/Pods.build
               PROJECT_TEMP_ROOT = /Users/otislewis/arena/build/ios
               PUBLIC_HEADERS_FOLDER_PATH = FirebaseCoreInternal_Privacy.bundle/Headers
               RECOMMENDED_IPHONEOS_DEPLOYMENT_TARGET = 15.0
               RECURSIVE_SEARCH_PATHS_FOLLOW_SYMLINKS = YES
               REMOVE_CVS_FROM_RESOURCES = YES
               REMOVE_GIT_FROM_RESOURCES = YES
               REMOVE_HEADERS_FROM_EMBEDDED_BUNDLES = YES
               REMOVE_HG_FROM_RESOURCES = YES
               REMOVE_STATIC_EXECUTABLES_FROM_EMBEDDED_BUNDLES = YES
               REMOVE_SVN_FROM_RESOURCES = YES
               RESCHEDULE_INDEPENDENT_HEADERS_PHASES = YES
               REZ_COLLECTOR_DIR = /Users/otislewis/arena/build/ios/Pods.build/Release-iphonesimulator/FirebaseCoreInternal-FirebaseCoreInternal_Privacy.build/ResourceManagerResources
               REZ_OBJECTS_DIR = /Users/otislewis/arena/build/ios/Pods.build/Release-iphonesimulator/FirebaseCoreInternal-FirebaseCoreInternal_Privacy.build/ResourceManagerResources/Objects
               REZ_SEARCH_PATHS = /Users/otislewis/arena/build/ios/Release-iphonesimulator/FirebaseCoreInternal 
               SCAN_ALL_SOURCE_FILES_FOR_INCLUDES = NO
               SCRIPTS_FOLDER_PATH = FirebaseCoreInternal_Privacy.bundle/Scripts
               SDKROOT = /Applications/Xcode.app/Contents/Developer/Platforms/iPhoneSimulator.platform/Developer/SDKs/iPhoneSimulator18.4.sdk
               SDK_DIR = /Applications/Xcode.app/Contents/Developer/Platforms/iPhoneSimulator.platform/Developer/SDKs/iPhoneSimulator18.4.sdk
               SDK_DIR_iphonesimulator = /Applications/Xcode.app/Contents/Developer/Platforms/iPhoneSimulator.platform/Developer/SDKs/iPhoneSimulator18.4.sdk
               SDK_DIR_iphonesimulator18_4 = /Applications/Xcode.app/Contents/Developer/Platforms/iPhoneSimulator.platform/Developer/SDKs/iPhoneSimulator18.4.sdk
               SDK_NAME = iphonesimulator18.4
               SDK_NAMES = iphonesimulator18.4
               SDK_PRODUCT_BUILD_VERSION = 22E235
               SDK_STAT_CACHE_DIR = /var/folders/4y/xy3fflts0nqfk1tsxg0t3mmr0000gn/C/com.apple.DeveloperTools/16.3-16E140/Xcode
               SDK_STAT_CACHE_ENABLE = YES
               SDK_STAT_CACHE_PATH = /var/folders/4y/xy3fflts0nqfk1tsxg0t3mmr0000gn/C/com.apple.DeveloperTools/16.3-16E140/Xcode/SDKStatCaches.noindex/iphonesimulator18.4-22E235-71825a6d136aa4733edcbe86ece5525b.sdkstatcache
               SDK_VERSION = 18.4
               SDK_VERSION_ACTUAL = 180400
               SDK_VERSION_MAJOR = 180000
               SDK_VERSION_MINOR = 180400
               SED = /usr/bin/sed
               SEPARATE_STRIP = NO
               SEPARATE_SYMBOL_EDIT = NO
               SET_DIR_MODE_OWNER_GROUP = YES
               SET_FILE_MODE_OWNER_GROUP = NO
               SHALLOW_BUNDLE = YES
               SHALLOW_BUNDLE_TRIPLE = ios-simulator
               SHALLOW_BUNDLE_ios_macabi = NO
               SHALLOW_BUNDLE_macos = NO
               SHARED_DERIVED_FILE_DIR = /Users/otislewis/arena/build/ios/Release-iphonesimulator/FirebaseCoreInternal/DerivedSources
               SHARED_FRAMEWORKS_FOLDER_PATH = FirebaseCoreInternal_Privacy.bundle/SharedFrameworks
               SHARED_PRECOMPS_DIR = /Users/otislewis/arena/build/ios/SharedPrecompiledHeaders
               SHARED_SUPPORT_FOLDER_PATH = FirebaseCoreInternal_Privacy.bundle/SharedSupport
               SKIP_INSTALL = YES
               SOURCE_ROOT = /Users/otislewis/arena/ios/Pods
               SRCROOT = /Users/otislewis/arena/ios/Pods
               STRINGSDATA_DIR = /Users/otislewis/arena/build/ios/Pods.build/Release-iphonesimulator/FirebaseCoreInternal-FirebaseCoreInternal_Privacy.build/Objects-normal/undefined_arch
               STRINGSDATA_ROOT = /Users/otislewis/arena/build/ios/Pods.build/Release-iphonesimulator/FirebaseCoreInternal-FirebaseCoreInternal_Privacy.build
               STRINGS_FILE_INFOPLIST_RENAME = YES
               STRINGS_FILE_OUTPUT_ENCODING = binary
               STRIP_BITCODE_FROM_COPIED_FILES = NO
               STRIP_INSTALLED_PRODUCT = NO
               STRIP_STYLE = non-global
               STRIP_SWIFT_SYMBOLS = YES
               SUPPORTED_DEVICE_FAMILIES = 1,2
               SUPPORTED_PLATFORMS = iphoneos iphonesimulator
               SUPPORTS_TEXT_BASED_API = NO
               SUPPRESS_WARNINGS = NO
               SWIFT_COMPILATION_MODE = wholemodule
               SWIFT_EMIT_LOC_STRINGS = NO
               SWIFT_OPTIMIZATION_LEVEL = -O
               SWIFT_PLATFORM_TARGET_PREFIX = ios
               SWIFT_VERSION = 5.0
               SYMROOT = /Users/otislewis/arena/ios/build
               SYSTEM_ADMIN_APPS_DIR = /Applications/Utilities
               SYSTEM_APPS_DIR = /Applications
               SYSTEM_CORE_SERVICES_DIR = /System/Library/CoreServices
               SYSTEM_DEMOS_DIR = /Applications/Extras
               SYSTEM_DEVELOPER_APPS_DIR = /Applications/Xcode.app/Contents/Developer/Applications
               SYSTEM_DEVELOPER_BIN_DIR = /Applications/Xcode.app/Contents/Developer/usr/bin
               SYSTEM_DEVELOPER_DEMOS_DIR = /Applications/Xcode.app/Contents/Developer/Applications/Utilities/Built Examples
               SYSTEM_DEVELOPER_DIR = /Applications/Xcode.app/Contents/Developer
               SYSTEM_DEVELOPER_DOC_DIR = /Applications/Xcode.app/Contents/Developer/ADC Reference Library
               SYSTEM_DEVELOPER_GRAPHICS_TOOLS_DIR = /Applications/Xcode.app/Contents/Developer/Applications/Graphics Tools
               SYSTEM_DEVELOPER_JAVA_TOOLS_DIR = /Applications/Xcode.app/Contents/Developer/Applications/Java Tools
               SYSTEM_DEVELOPER_PERFORMANCE_TOOLS_DIR = /Applications/Xcode.app/Contents/Developer/Applications/Performance Tools
               SYSTEM_DEVELOPER_RELEASENOTES_DIR = /Applications/Xcode.app/Contents/Developer/ADC Reference Library/releasenotes
               SYSTEM_DEVELOPER_TOOLS = /Applications/Xcode.app/Contents/Developer/Tools
               SYSTEM_DEVELOPER_TOOLS_DOC_DIR = /Applications/Xcode.app/Contents/Developer/ADC Reference Library/documentation/DeveloperTools
               SYSTEM_DEVELOPER_TOOLS_RELEASENOTES_DIR = /Applications/Xcode.app/Contents/Developer/ADC Reference Library/releasenotes/DeveloperTools
               SYSTEM_DEVELOPER_USR_DIR = /Applications/Xcode.app/Contents/Developer/usr
               SYSTEM_DEVELOPER_UTILITIES_DIR = /Applications/Xcode.app/Contents/Developer/Applications/Utilities
               SYSTEM_DEXT_INSTALL_PATH = /System/Library/DriverExtensions
               SYSTEM_DOCUMENTATION_DIR = /Library/Documentation
               SYSTEM_EXTENSIONS_FOLDER_PATH = FirebaseCoreInternal_Privacy.bundle/SystemExtensions
               SYSTEM_EXTENSIONS_FOLDER_PATH_SHALLOW_BUNDLE_NO = FirebaseCoreInternal_Privacy.bundle/Library/SystemExtensions
               SYSTEM_EXTENSIONS_FOLDER_PATH_SHALLOW_BUNDLE_YES = FirebaseCoreInternal_Privacy.bundle/SystemExtensions
               SYSTEM_KEXT_INSTALL_PATH = /System/Library/Extensions
               SYSTEM_LIBRARY_DIR = /System/Library
               TAPI_DEMANGLE = YES
               TAPI_ENABLE_PROJECT_HEADERS = NO
               TAPI_LANGUAGE = objective-c
               TAPI_LANGUAGE_STANDARD = compiler-default
               TAPI_USE_SRCROOT = YES
               TAPI_VERIFY_MODE = Pedantic
               TARGETED_DEVICE_FAMILY = 1,2
               TARGETNAME = FirebaseCoreInternal-FirebaseCoreInternal_Privacy
               TARGET_BUILD_DIR = /Users/otislewis/arena/build/ios/Release-iphonesimulator/FirebaseCoreInternal
               TARGET_NAME = FirebaseCoreInternal-FirebaseCoreInternal_Privacy
               TARGET_TEMP_DIR = /Users/otislewis/arena/build/ios/Pods.build/Release-iphonesimulator/FirebaseCoreInternal-FirebaseCoreInternal_Privacy.build
               TEMP_DIR = /Users/otislewis/arena/build/ios/Pods.build/Release-iphonesimulator/FirebaseCoreInternal-FirebaseCoreInternal_Privacy.build
               TEMP_FILES_DIR = /Users/otislewis/arena/build/ios/Pods.build/Release-iphonesimulator/FirebaseCoreInternal-FirebaseCoreInternal_Privacy.build
               TEMP_FILE_DIR = /Users/otislewis/arena/build/ios/Pods.build/Release-iphonesimulator/FirebaseCoreInternal-FirebaseCoreInternal_Privacy.build
               TEMP_ROOT = /Users/otislewis/arena/build/ios
               TEMP_SANDBOX_DIR = /Users/otislewis/arena/build/ios/TemporaryTaskSandboxes
               TEST_FRAMEWORK_SEARCH_PATHS =  /Applications/Xcode.app/Contents/Developer/Platforms/iPhoneSimulator.platform/Developer/Library/Frameworks /Applications/Xcode.app/Contents/Developer/Platforms/iPhoneSimulator.platform/Developer/SDKs/iPhoneSimulator18.4.sdk/Developer/Library/Frameworks
               TEST_LIBRARY_SEARCH_PATHS =  /Applications/Xcode.app/Contents/Developer/Platforms/iPhoneSimulator.platform/Developer/usr/lib
               TOOLCHAINS = com.apple.dt.toolchain.XcodeDefault
               TOOLCHAIN_DIR = /Applications/Xcode.app/Contents/Developer/Toolchains/XcodeDefault.xctoolchain
               TREAT_MISSING_BASELINES_AS_TEST_FAILURES = NO
               TREAT_MISSING_SCRIPT_PHASE_OUTPUTS_AS_ERRORS = NO
               UID = 501
               UNINSTALLED_PRODUCTS_DIR = /Users/otislewis/arena/build/ios/UninstalledProducts
               UNLOCALIZED_RESOURCES_FOLDER_PATH = FirebaseCoreInternal_Privacy.bundle
               UNLOCALIZED_RESOURCES_FOLDER_PATH_SHALLOW_BUNDLE_NO = FirebaseCoreInternal_Privacy.bundle/Resources
               UNLOCALIZED_RESOURCES_FOLDER_PATH_SHALLOW_BUNDLE_YES = FirebaseCoreInternal_Privacy.bundle
               UNSTRIPPED_PRODUCT = NO
               USER = otislewis
               USER_APPS_DIR = /Users/otislewis/Applications
               USER_LIBRARY_DIR = /Users/otislewis/Library
               USE_DYNAMIC_NO_PIC = YES
               USE_HEADERMAP = YES
               USE_HEADER_SYMLINKS = NO
               USE_RECURSIVE_SCRIPT_INPUTS_IN_SCRIPT_PHASES = YES
               VALIDATE_DEVELOPMENT_ASSET_PATHS = YES_ERROR
               VALIDATE_PRODUCT = NO
               VALID_ARCHS = arm64
               VERBOSE_PBXCP = NO
               VERSIONPLIST_PATH = FirebaseCoreInternal_Privacy.bundle/version.plist
               VERSION_INFO_BUILDER = otislewis
               VERSION_INFO_FILE = FirebaseCoreInternal_Privacy_vers.c
               VERSION_INFO_STRING = "@(#)PROGRAM:FirebaseCoreInternal_Privacy  PROJECT:Pods-"
               WORKSPACE_DIR = /Users/otislewis/arena/ios/Pods/Pods.xcodeproj
               WRAPPER_EXTENSION = bundle
               WRAPPER_NAME = FirebaseCoreInternal_Privacy.bundle
               WRAPPER_SUFFIX = .bundle
               WRAP_ASSET_PACKS_IN_SEPARATE_DIRECTORIES = NO
               XCODE_APP_SUPPORT_DIR = /Applications/Xcode.app/Contents/Developer/Library/Xcode
               XCODE_PRODUCT_BUILD_VERSION = 16E140
               XCODE_VERSION_ACTUAL = 1630
               XCODE_VERSION_MAJOR = 1600
               XCODE_VERSION_MINOR = 1630
               XPCSERVICES_FOLDER_PATH = FirebaseCoreInternal_Privacy.bundle/XPCServices
               YACC = yacc
               _DISCOVER_COMMAND_LINE_LINKER_INPUTS = YES
               _DISCOVER_COMMAND_LINE_LINKER_INPUTS_INCLUDE_WL = YES
               _WRAPPER_CONTENTS_DIR_SHALLOW_BUNDLE_NO = /Contents
               _WRAPPER_PARENT_PATH_SHALLOW_BUNDLE_NO = /..
               _WRAPPER_RESOURCES_DIR_SHALLOW_BUNDLE_NO = /Resources
               __DIAGNOSE_DEPRECATED_ARCHS = YES
               arch = undefined_arch
               variant = normal

           Build settings for action build and target FirebaseFirestore:
               ACTION = build
               AD_HOC_CODE_SIGNING_ALLOWED = YES
               ALLOW_BUILD_REQUEST_OVERRIDES = NO
               ALLOW_TARGET_PLATFORM_SPECIALIZATION = NO
               ALTERNATE_GROUP = staff
               ALTERNATE_MODE = u+w,go-w,a+rX
               ALTERNATE_OWNER = otislewis
               ALTERNATIVE_DISTRIBUTION_WEB = NO
               ALWAYS_EMBED_SWIFT_STANDARD_LIBRARIES = NO
               ALWAYS_SEARCH_USER_PATHS = NO
               ALWAYS_USE_SEPARATE_HEADERMAPS = NO
               APPLICATION_EXTENSION_API_ONLY = NO
               APPLY_RULES_IN_COPY_FILES = NO
               APPLY_RULES_IN_COPY_HEADERS = NO
               APP_SHORTCUTS_ENABLE_FLEXIBLE_MATCHING = YES
               ARCHS_STANDARD = arm64 x86_64
               ARCHS_STANDARD_32_64_BIT = arm64 x86_64
               ARCHS_STANDARD_64_BIT = arm64 x86_64
               ARCHS_STANDARD_INCLUDING_64_BIT = arm64 x86_64
               ARCHS_UNIVERSAL_IPHONE_OS = arm64 x86_64
               AUTOMATICALLY_MERGE_DEPENDENCIES = NO
               AVAILABLE_PLATFORMS = android appletvos appletvsimulator driverkit iphoneos iphonesimulator macosx qnx watchos watchsimulator xros xrsimulator
               BITCODE_GENERATION_MODE = marker
               BUILD_ACTIVE_RESOURCES_ONLY = NO
               BUILD_COMPONENTS = headers build
               BUILD_DIR = /Users/otislewis/arena/build/ios
               BUILD_LIBRARY_FOR_DISTRIBUTION = NO
               BUILD_ROOT = /Users/otislewis/arena/ios/build
               BUILD_STYLE = 
               BUILD_VARIANTS = normal
               BUILT_PRODUCTS_DIR = /Users/otislewis/arena/build/ios/Release-iphonesimulator/FirebaseFirestore
               BUNDLE_CONTENTS_FOLDER_PATH_deep = Contents/
               BUNDLE_EXECUTABLE_FOLDER_NAME_deep = MacOS
               BUNDLE_EXTENSIONS_FOLDER_PATH = Extensions
               BUNDLE_FORMAT = shallow
               BUNDLE_FRAMEWORKS_FOLDER_PATH = Frameworks
               BUNDLE_PLUGINS_FOLDER_PATH = PlugIns
               BUNDLE_PRIVATE_HEADERS_FOLDER_PATH = PrivateHeaders
               BUNDLE_PUBLIC_HEADERS_FOLDER_PATH = Headers
               CACHE_ROOT = /var/folders/4y/xy3fflts0nqfk1tsxg0t3mmr0000gn/C/com.apple.DeveloperTools/16.3-16E140/Xcode
               CCHROOT = /var/folders/4y/xy3fflts0nqfk1tsxg0t3mmr0000gn/C/com.apple.DeveloperTools/16.3-16E140/Xcode
               CHMOD = /bin/chmod
               CHOWN = /usr/sbin/chown
               CLANG_ANALYZER_LOCALIZABILITY_NONLOCALIZED = YES
               CLANG_ANALYZER_NONNULL = YES
               CLANG_ANALYZER_NUMBER_OBJECT_CONVERSION = YES_AGGRESSIVE
               CLANG_CACHE_FINE_GRAINED_OUTPUTS = YES
               CLANG_CXX_LANGUAGE_STANDARD = gnu++14
               CLANG_CXX_LIBRARY = libc++
               CLANG_ENABLE_EXPLICIT_MODULES = YES
               CLANG_ENABLE_MODULES = YES
               CLANG_ENABLE_OBJC_ARC = YES
               CLANG_ENABLE_OBJC_WEAK = NO
               CLANG_MODULES_BUILD_SESSION_FILE = /var/folders/4y/xy3fflts0nqfk1tsxg0t3mmr0000gn/C/org.llvm.clang/ModuleCache.noindex/Session.modulevalidation
               CLANG_WARN_BLOCK_CAPTURE_AUTORELEASING = YES
               CLANG_WARN_BOOL_CONVERSION = YES
               CLANG_WARN_COMMA = YES
               CLANG_WARN_CONSTANT_CONVERSION = YES
               CLANG_WARN_DEPRECATED_OBJC_IMPLEMENTATIONS = YES
               CLANG_WARN_DIRECT_OBJC_ISA_USAGE = YES_ERROR
               CLANG_WARN_DOCUMENTATION_COMMENTS = YES
               CLANG_WARN_EMPTY_BODY = YES
               CLANG_WARN_ENUM_CONVERSION = YES
               CLANG_WARN_INFINITE_RECURSION = YES
               CLANG_WARN_INT_CONVERSION = YES
               CLANG_WARN_NON_LITERAL_NULL_CONVERSION = YES
               CLANG_WARN_OBJC_IMPLICIT_RETAIN_SELF = YES
               CLANG_WARN_OBJC_LITERAL_CONVERSION = YES
               CLANG_WARN_OBJC_ROOT_CLASS = YES_ERROR
               CLANG_WARN_QUOTED_INCLUDE_IN_FRAMEWORK_HEADER = NO
               CLANG_WARN_RANGE_LOOP_ANALYSIS = YES
               CLANG_WARN_STRICT_PROTOTYPES = YES
               CLANG_WARN_SUSPICIOUS_MOVE = YES
               CLANG_WARN_UNGUARDED_AVAILABILITY = YES_AGGRESSIVE
               CLANG_WARN_UNREACHABLE_CODE = YES
               CLANG_WARN__DUPLICATE_METHOD_MATCH = YES
               CLASS_FILE_DIR = /Users/otislewis/arena/build/ios/Pods.build/Release-iphonesimulator/FirebaseFirestore.build/JavaClasses
               CLEAN_PRECOMPS = YES
               CLONE_HEADERS = NO
               CODESIGNING_FOLDER_PATH = /Users/otislewis/arena/build/ios/Release-iphonesimulator/FirebaseFirestore/FirebaseFirestore.framework
               CODE_SIGNING_ALLOWED = YES
               CODE_SIGNING_REQUIRED = NO
               CODE_SIGNING_REQUIRES_TEAM = YES
               CODE_SIGN_CONTEXT_CLASS = XCiPhoneSimulatorCodeSignContext
               CODE_SIGN_IDENTITY = -
               CODE_SIGN_INJECT_BASE_ENTITLEMENTS = YES
               COLOR_DIAGNOSTICS = NO
               COMBINE_HIDPI_IMAGES = NO
               COMPILATION_CACHE_CAS_PATH = /var/folders/4y/xy3fflts0nqfk1tsxg0t3mmr0000gn/C/com.apple.DeveloperTools/16.3-16E140/Xcode/CompilationCache.noindex
               COMPILATION_CACHE_KEEP_CAS_DIRECTORY = YES
               COMPILER_INDEX_STORE_ENABLE = Default
               COMPOSITE_SDK_DIRS = /Users/otislewis/arena/build/ios/CompositeSDKs
               COMPRESS_PNG_FILES = YES
               CONFIGURATION = Release
               CONFIGURATION_BUILD_DIR = /Users/otislewis/arena/build/ios/Release-iphonesimulator/FirebaseFirestore
               CONFIGURATION_TEMP_DIR = /Users/otislewis/arena/build/ios/Pods.build/Release-iphonesimulator
               CONTENTS_FOLDER_PATH = FirebaseFirestore.framework
               CONTENTS_FOLDER_PATH_SHALLOW_BUNDLE_NO = FirebaseFirestore.framework/A
               CONTENTS_FOLDER_PATH_SHALLOW_BUNDLE_YES = FirebaseFirestore.framework
               COPYING_PRESERVES_HFS_DATA = NO
               COPY_HEADERS_RUN_UNIFDEF = NO
               COPY_PHASE_STRIP = NO
               CORRESPONDING_DEVICE_PLATFORM_DIR = /Applications/Xcode.app/Contents/Developer/Platforms/iPhoneOS.platform
               CORRESPONDING_DEVICE_PLATFORM_NAME = iphoneos
               CORRESPONDING_DEVICE_SDK_DIR = /Applications/Xcode.app/Contents/Developer/Platforms/iPhoneOS.platform/Developer/SDKs/iPhoneOS18.4.sdk
               CORRESPONDING_DEVICE_SDK_NAME = iphoneos18.4
               CP = /bin/cp
               CREATE_INFOPLIST_SECTION_IN_BINARY = NO
               CURRENT_ARCH = undefined_arch
               CURRENT_PROJECT_VERSION = 1
               CURRENT_VARIANT = normal
               CURRENT_VERSION = Current
               DEAD_CODE_STRIPPING = YES
               DEBUGGING_SYMBOLS = YES
               DEBUG_INFORMATION_FORMAT = dwarf-with-dsym
               DEBUG_INFORMATION_VERSION = compiler-default
               DEFAULT_COMPILER = com.apple.compilers.llvm.clang.1_0
               DEFAULT_DEXT_INSTALL_PATH = /System/Library/DriverExtensions
               DEFAULT_KEXT_INSTALL_PATH = /System/Library/Extensions
               DEFINES_MODULE = YES
               DEPLOYMENT_LOCATION = NO
               DEPLOYMENT_POSTPROCESSING = NO
               DEPLOYMENT_TARGET_SETTING_NAME = IPHONEOS_DEPLOYMENT_TARGET
               DEPLOYMENT_TARGET_SUGGESTED_VALUES = 12.0 12.1 12.2 12.3 12.4 13.0 13.1 13.2 13.3 13.4 13.5 13.6 14.0 14.1 14.2 14.3 14.4 14.5 14.6 14.7 15.0 15.1 15.2 15.3 15.4 15.5 15.6 16.0 16.1 16.2 16.3 16.4 16.5 16.6 17.0 17.1 17.2 17.3 17.4 17.5 17.6 18.0 18.1 18.2 18.3 18.4
               DERIVED_FILES_DIR = /Users/otislewis/arena/build/ios/Pods.build/Release-iphonesimulator/FirebaseFirestore.build/DerivedSources
               DERIVED_FILE_DIR = /Users/otislewis/arena/build/ios/Pods.build/Release-iphonesimulator/FirebaseFirestore.build/DerivedSources
               DERIVED_SOURCES_DIR = /Users/otislewis/arena/build/ios/Pods.build/Release-iphonesimulator/FirebaseFirestore.build/DerivedSources
               DEVELOPER_APPLICATIONS_DIR = /Applications/Xcode.app/Contents/Developer/Applications
               DEVELOPER_BIN_DIR = /Applications/Xcode.app/Contents/Developer/usr/bin
               DEVELOPER_DIR = /Applications/Xcode.app/Contents/Developer
               DEVELOPER_FRAMEWORKS_DIR = /Applications/Xcode.app/Contents/Developer/Library/Frameworks
               DEVELOPER_FRAMEWORKS_DIR_QUOTED = /Applications/Xcode.app/Contents/Developer/Library/Frameworks
               DEVELOPER_LIBRARY_DIR = /Applications/Xcode.app/Contents/Developer/Library
               DEVELOPER_SDK_DIR = /Applications/Xcode.app/Contents/Developer/Platforms/MacOSX.platform/Developer/SDKs
               DEVELOPER_TOOLS_DIR = /Applications/Xcode.app/Contents/Developer/Tools
               DEVELOPER_USR_DIR = /Applications/Xcode.app/Contents/Developer/usr
               DEVELOPMENT_LANGUAGE = en
               DIAGNOSE_MISSING_TARGET_DEPENDENCIES = YES
               DIFF = /usr/bin/diff
               DOCUMENTATION_FOLDER_PATH = FirebaseFirestore.framework/en.lproj/Documentation
               DONT_GENERATE_INFOPLIST_FILE = NO
               DSTROOT = /tmp/Pods.dst
               DT_TOOLCHAIN_DIR = /Applications/Xcode.app/Contents/Developer/Toolchains/XcodeDefault.xctoolchain
               DWARF_DSYM_FILE_NAME = FirebaseFirestore.framework.dSYM
               DWARF_DSYM_FILE_SHOULD_ACCOMPANY_PRODUCT = NO
               DWARF_DSYM_FOLDER_PATH = /Users/otislewis/arena/build/ios/Release-iphonesimulator/FirebaseFirestore
               DYLIB_COMPATIBILITY_VERSION = 1
               DYLIB_CURRENT_VERSION = 1
               DYLIB_INSTALL_NAME_BASE = @rpath
               DYNAMIC_LIBRARY_EXTENSION = dylib
               EAGER_COMPILATION_ALLOW_SCRIPTS = NO
               EAGER_LINKING = NO
               EFFECTIVE_PLATFORM_NAME = -iphonesimulator
               EMBEDDED_CONTENT_CONTAINS_SWIFT = NO
               EMBED_ASSET_PACKS_IN_PRODUCT_BUNDLE = NO
               ENABLE_APP_SANDBOX = NO
               ENABLE_BITCODE = NO
               ENABLE_CODE_COVERAGE = YES
               ENABLE_DEFAULT_HEADER_SEARCH_PATHS = YES
               ENABLE_DEFAULT_SEARCH_PATHS = YES
               ENABLE_HARDENED_RUNTIME = NO
               ENABLE_HEADER_DEPENDENCIES = YES
               ENABLE_INCOMING_NETWORK_CONNECTIONS = NO
               ENABLE_MODULE_VERIFIER = NO
               ENABLE_NS_ASSERTIONS = NO
               ENABLE_ON_DEMAND_RESOURCES = NO
               ENABLE_OUTGOING_NETWORK_CONNECTIONS = NO
               ENABLE_RESOURCE_ACCESS_AUDIO_INPUT = NO
               ENABLE_RESOURCE_ACCESS_BLUETOOTH = NO
               ENABLE_RESOURCE_ACCESS_CALENDARS = NO
               ENABLE_RESOURCE_ACCESS_CAMERA = NO
               ENABLE_RESOURCE_ACCESS_CONTACTS = NO
               ENABLE_RESOURCE_ACCESS_LOCATION = NO
               ENABLE_RESOURCE_ACCESS_PRINTING = NO
               ENABLE_RESOURCE_ACCESS_USB = NO
               ENABLE_SDK_IMPORTS = NO
               ENABLE_STRICT_OBJC_MSGSEND = YES
               ENABLE_TESTABILITY = NO
               ENABLE_TESTING_SEARCH_PATHS = NO
               ENABLE_USER_SCRIPT_SANDBOXING = NO
               ENFORCE_VALID_ARCHS = YES
               ENTITLEMENTS_DESTINATION = __entitlements
               ENTITLEMENTS_REQUIRED = NO
               EXCLUDED_ARCHS = arm64
               EXCLUDED_INSTALLSRC_SUBDIRECTORY_PATTERNS = .DS_Store .svn .git .hg CVS
               EXCLUDED_RECURSIVE_SEARCH_PATH_SUBDIRECTORIES = *.nib *.lproj *.framework *.gch *.xcode* *.xcassets (*) .DS_Store CVS .svn .git .hg *.pbproj *.pbxproj
               EXECUTABLES_FOLDER_PATH = FirebaseFirestore.framework/en.lproj
               EXECUTABLE_FOLDER_PATH = FirebaseFirestore.framework
               EXECUTABLE_FOLDER_PATH_SHALLOW_BUNDLE_NO = FirebaseFirestore.framework
               EXECUTABLE_FOLDER_PATH_SHALLOW_BUNDLE_YES = FirebaseFirestore.framework
               EXECUTABLE_NAME = FirebaseFirestore
               EXECUTABLE_PATH = FirebaseFirestore.framework/FirebaseFirestore
               EXTENSIONS_FOLDER_PATH = FirebaseFirestore.framework/Extensions
               FILE_LIST = /Users/otislewis/arena/build/ios/Pods.build/Release-iphonesimulator/FirebaseFirestore.build/Objects/LinkFileList
               FIXED_FILES_DIR = /Users/otislewis/arena/build/ios/Pods.build/Release-iphonesimulator/FirebaseFirestore.build/FixedFiles
               FRAMEWORKS_FOLDER_PATH = FirebaseFirestore.framework/Frameworks
               FRAMEWORK_FLAG_PREFIX = -framework
               FRAMEWORK_SEARCH_PATHS = /Users/otislewis/arena/build/ios/Release-iphonesimulator/FirebaseFirestore  "/Users/otislewis/arena/build/ios/Release-iphonesimulator/BoringSSL-GRPC" "/Users/otislewis/arena/build/ios/Release-iphonesimulator/FirebaseAppCheckInterop" "/Users/otislewis/arena/build/ios/Release-iphonesimulator/FirebaseCore" "/Users/otislewis/arena/build/ios/Release-iphonesimulator/FirebaseCoreExtension" "/Users/otislewis/arena/build/ios/Release-iphonesimulator/FirebaseCoreInternal" "/Users/otislewis/arena/build/ios/Release-iphonesimulator/FirebaseFirestoreInternal" "/Users/otislewis/arena/build/ios/Release-iphonesimulator/FirebaseSharedSwift" "/Users/otislewis/arena/build/ios/Release-iphonesimulator/GoogleUtilities" "/Users/otislewis/arena/build/ios/Release-iphonesimulator/PromisesObjC" "/Users/otislewis/arena/build/ios/Release-iphonesimulator/abseil" "/Users/otislewis/arena/build/ios/Release-iphonesimulator/gRPC-C++" "/Users/otislewis/arena/build/ios/Release-iphonesimulator/gRPC-Core" "/Users/otislewis/arena/build/ios/Release-iphonesimulator/leveldb-library" "/Users/otislewis/arena/build/ios/Release-iphonesimulator/nanopb"
               FRAMEWORK_VERSION = A
               FULL_PRODUCT_NAME = FirebaseFirestore.framework
               FUSE_BUILD_PHASES = YES
               FUSE_BUILD_SCRIPT_PHASES = NO
               GCC3_VERSION = 3.3
               GCC_C_LANGUAGE_STANDARD = gnu11
               GCC_INLINES_ARE_PRIVATE_EXTERN = YES
               GCC_NO_COMMON_BLOCKS = YES
               GCC_OBJC_LEGACY_DISPATCH = YES
               GCC_PFE_FILE_C_DIALECTS = c objective-c c++ objective-c++
               GCC_PREPROCESSOR_DEFINITIONS = POD_CONFIGURATION_RELEASE=1  COCOAPODS=1
               GCC_TREAT_WARNINGS_AS_ERRORS = NO
               GCC_VERSION = com.apple.compilers.llvm.clang.1_0
               GCC_VERSION_IDENTIFIER = com_apple_compilers_llvm_clang_1_0
               GCC_WARN_64_TO_32_BIT_CONVERSION = YES
               GCC_WARN_ABOUT_RETURN_TYPE = YES_ERROR
               GCC_WARN_UNDECLARED_SELECTOR = YES
               GCC_WARN_UNINITIALIZED_AUTOS = YES_AGGRESSIVE
               GCC_WARN_UNUSED_FUNCTION = YES
               GCC_WARN_UNUSED_VARIABLE = YES
               GENERATED_MODULEMAP_DIR = /Users/otislewis/arena/build/ios/GeneratedModuleMaps-iphonesimulator
               GENERATE_INFOPLIST_FILE = NO
               GENERATE_INTERMEDIATE_TEXT_BASED_STUBS = YES
               GENERATE_MASTER_OBJECT_FILE = NO
               GENERATE_PKGINFO_FILE = NO
               GENERATE_PROFILING_CODE = NO
               GENERATE_TEXT_BASED_STUBS = NO
               GID = 20
               GROUP = staff
               HEADERMAP_INCLUDES_FLAT_ENTRIES_FOR_TARGET_BEING_BUILT = YES
               HEADERMAP_INCLUDES_FRAMEWORK_ENTRIES_FOR_ALL_PRODUCT_TYPES = YES
               HEADERMAP_INCLUDES_FRAMEWORK_ENTRIES_FOR_TARGETS_NOT_BEING_BUILT = YES
               HEADERMAP_INCLUDES_NONPUBLIC_NONPRIVATE_HEADERS = YES
               HEADERMAP_INCLUDES_PROJECT_HEADERS = YES
               HEADERMAP_USES_FRAMEWORK_PREFIX_ENTRIES = YES
               HEADERMAP_USES_VFS = YES
               HEADER_SEARCH_PATHS = /Users/otislewis/arena/build/ios/Release-iphonesimulator/FirebaseFirestore/include 
               HIDE_BITCODE_SYMBOLS = YES
               HOME = /Users/otislewis
               HOST_ARCH = arm64
               HOST_PLATFORM = macosx
               ICONV = /usr/bin/iconv
               IMPLICIT_DEPENDENCY_DOMAIN = default
               INFOPLIST_ENABLE_CFBUNDLEICONS_MERGE = YES
               INFOPLIST_EXPAND_BUILD_SETTINGS = YES
               INFOPLIST_FILE = Target Support Files/FirebaseFirestore/FirebaseFirestore-Info.plist
               INFOPLIST_OUTPUT_FORMAT = binary
               INFOPLIST_PATH = FirebaseFirestore.framework/Info.plist
               INFOPLIST_PREPROCESS = NO
               INFOSTRINGS_PATH = FirebaseFirestore.framework/en.lproj/InfoPlist.strings
               INLINE_PRIVATE_FRAMEWORKS = NO
               INSTALLAPI_IGNORE_SKIP_INSTALL = YES
               INSTALLHDRS_COPY_PHASE = NO
               INSTALLHDRS_SCRIPT_PHASE = NO
               INSTALL_DIR = /tmp/Pods.dst/Library/Frameworks
               INSTALL_GROUP = staff
               INSTALL_MODE_FLAG = u+w,go-w,a+rX
               INSTALL_OWNER = otislewis
               INSTALL_PATH = /Library/Frameworks
               INSTALL_ROOT = /tmp/Pods.dst
               IPHONEOS_DEPLOYMENT_TARGET = 13.0
               IS_UNOPTIMIZED_BUILD = NO
               JAVAC_DEFAULT_FLAGS = -J-Xms64m -J-XX:NewSize=4M -J-Dfile.encoding=UTF8
               JAVA_APP_STUB = /System/Library/Frameworks/JavaVM.framework/Resources/MacOS/JavaApplicationStub
               JAVA_ARCHIVE_CLASSES = YES
               JAVA_ARCHIVE_TYPE = JAR
               JAVA_COMPILER = /usr/bin/javac
               JAVA_FOLDER_PATH = FirebaseFirestore.framework/Java
               JAVA_FRAMEWORK_RESOURCES_DIRS = Resources
               JAVA_JAR_FLAGS = cv
               JAVA_SOURCE_SUBDIR = .
               JAVA_USE_DEPENDENCIES = YES
               JAVA_ZIP_FLAGS = -urg
               JIKES_DEFAULT_FLAGS = +E +OLDCSO
               KEEP_PRIVATE_EXTERNS = NO
               LD_DEPENDENCY_INFO_FILE = /Users/otislewis/arena/build/ios/Pods.build/Release-iphonesimulator/FirebaseFirestore.build/Objects-normal/undefined_arch/FirebaseFirestore_dependency_info.dat
               LD_DYLIB_INSTALL_NAME = @rpath/FirebaseFirestore.framework/FirebaseFirestore
               LD_EXPORT_SYMBOLS = YES
               LD_GENERATE_MAP_FILE = NO
               LD_MAP_FILE_PATH = /Users/otislewis/arena/build/ios/Pods.build/Release-iphonesimulator/FirebaseFirestore.build/FirebaseFirestore-LinkMap-normal-undefined_arch.txt
               LD_NO_PIE = NO
               LD_QUOTE_LINKER_ARGUMENTS_FOR_COMPILER_DRIVER = YES
               LD_RUNPATH_SEARCH_PATHS =  @executable_path/Frameworks @loader_path/Frameworks
               LD_SHARED_CACHE_ELIGIBLE = Automatic
               LD_WARN_DUPLICATE_LIBRARIES = NO
               LD_WARN_UNUSED_DYLIBS = NO
               LEGACY_DEVELOPER_DIR = /Applications/Xcode.app/Contents/PlugIns/Xcode3Core.ideplugin/Contents/SharedSupport/Developer
               LEX = lex
               LIBRARY_DEXT_INSTALL_PATH = /Library/DriverExtensions
               LIBRARY_FLAG_NOSPACE = YES
               LIBRARY_FLAG_PREFIX = -l
               LIBRARY_KEXT_INSTALL_PATH = /Library/Extensions
               LIBRARY_SEARCH_PATHS = /Users/otislewis/arena/build/ios/Release-iphonesimulator/FirebaseFirestore /Applications/Xcode.app/Contents/Developer/Toolchains/XcodeDefault.xctoolchain/usr/lib/swift/iphonesimulator /Applications/Xcode.app/Contents/Developer/Platforms/iPhoneSimulator.platform/Developer/SDKs/iPhoneSimulator18.4.sdk/usr/lib/swift
               LINKER_DISPLAYS_MANGLED_NAMES = NO
               LINK_OBJC_RUNTIME = YES
               LINK_WITH_STANDARD_LIBRARIES = YES
               LLVM_TARGET_TRIPLE_OS_VERSION = ios13.0
               LLVM_TARGET_TRIPLE_SUFFIX = -simulator
               LLVM_TARGET_TRIPLE_VENDOR = apple
               LOCALIZATION_EXPORT_SUPPORTED = YES
               LOCALIZATION_PREFERS_STRING_CATALOGS = NO
               LOCALIZED_RESOURCES_FOLDER_PATH = FirebaseFirestore.framework/en.lproj
               LOCALIZED_STRING_MACRO_NAMES = NSLocalizedString CFCopyLocalizedString
               LOCALIZED_STRING_SWIFTUI_SUPPORT = YES
               LOCAL_ADMIN_APPS_DIR = /Applications/Utilities
               LOCAL_APPS_DIR = /Applications
               LOCAL_DEVELOPER_DIR = /Library/Developer
               LOCAL_LIBRARY_DIR = /Library
               LOCROOT = /Users/otislewis/arena/ios/Pods
               LOCSYMROOT = /Users/otislewis/arena/ios/Pods
               MACH_O_TYPE = mh_dylib
               MAC_OS_X_PRODUCT_BUILD_VERSION = 24F74
               MAC_OS_X_VERSION_ACTUAL = 150500
               MAC_OS_X_VERSION_MAJOR = 150000
               MAC_OS_X_VERSION_MINOR = 150500
               MAKE_MERGEABLE = NO
               MERGEABLE_LIBRARY = NO
               MERGED_BINARY_TYPE = none
               MERGE_LINKED_LIBRARIES = NO
               METAL_LIBRARY_FILE_BASE = default
               METAL_LIBRARY_OUTPUT_DIR = /Users/otislewis/arena/build/ios/Release-iphonesimulator/FirebaseFirestore/FirebaseFirestore.framework
               MODULEMAP_FILE = Target Support Files/FirebaseFirestore/FirebaseFirestore.modulemap
               MODULES_FOLDER_PATH = FirebaseFirestore.framework/Modules
               MTL_ENABLE_DEBUG_INFO = NO
               MTL_FAST_MATH = YES
               NATIVE_ARCH = arm64
               NATIVE_ARCH_32_BIT = arm
               NATIVE_ARCH_64_BIT = arm64
               NATIVE_ARCH_ACTUAL = arm64
               NO_COMMON = YES
               OBJC_ABI_VERSION = 2
               OBJECT_FILE_DIR = /Users/otislewis/arena/build/ios/Pods.build/Release-iphonesimulator/FirebaseFirestore.build/Objects
               OBJECT_FILE_DIR_normal = /Users/otislewis/arena/build/ios/Pods.build/Release-iphonesimulator/FirebaseFirestore.build/Objects-normal
               OBJROOT = /Users/otislewis/arena/build/ios
               ONLY_ACTIVE_ARCH = NO
               OS = MACOS
               OSAC = /usr/bin/osacompile
               OTHER_LDFLAGS =  -framework "FirebaseCore" -framework "FirebaseCoreExtension" -framework "FirebaseFirestoreInternal" -framework "FirebaseSharedSwift" -framework "Foundation" -framework "SystemConfiguration" -framework "UIKit" -weak_framework "FirebaseFirestoreInternal"
               OTHER_SWIFT_FLAGS =  -D COCOAPODS
               PACKAGE_TYPE = com.apple.package-type.wrapper.framework
               PASCAL_STRINGS = YES
               PATH = /Applications/Xcode.app/Contents/SharedFrameworks/SwiftBuild.framework/Versions/A/PlugIns/SWBBuildService.bundle/Contents/PlugIns/SWBUniversalPlatformPlugin.bundle/Contents/Frameworks/SWBUniversalPlatform.framework/Resources:/Applications/Xcode.app/Contents/Developer/Toolchains/XcodeDefault.xctoolchain/usr/bin:/Applications/Xcode.app/Contents/Developer/Toolchains/XcodeDefault.xctoolchain/usr/local/bin:/Applications/Xcode.app/Contents/Developer/Toolchains/XcodeDefault.xctoolchain/usr/libexec:/Applications/Xcode.app/Contents/Developer/Platforms/iPhoneSimulator.platform/usr/bin:/Applications/Xcode.app/Contents/Developer/Platforms/iPhoneSimulator.platform/usr/local/bin:/Applications/Xcode.app/Contents/Developer/Platforms/iPhoneSimulator.platform/Developer/usr/bin:/Applications/Xcode.app/Contents/Developer/Platforms/iPhoneSimulator.platform/Developer/usr/local/bin:/Applications/Xcode.app/Contents/Developer/usr/bin:/Applications/Xcode.app/Contents/Developer/usr/local/bin:/Users/otislewis/.gem/ruby/3.3.0/bin:/opt/homebrew/bin:/opt/homebrew/sbin:/usr/local/bin:/System/Cryptexes/App/usr/bin:/usr/bin:/bin:/usr/sbin:/sbin:/var/run/com.apple.security.cryptexd/codex.system/bootstrap/usr/local/bin:/var/run/com.apple.security.cryptexd/codex.system/bootstrap/usr/bin:/var/run/com.apple.security.cryptexd/codex.system/bootstrap/usr/appleinternal/bin:/Library/Apple/usr/bin:/opt/homebrew/Caskroom/flutter/3.32.0/flutter/bin:/Users/otislewis/Library/Android/sdk/emulator:/Users/otislewis/Library/Android/sdk/tools:/Users/otislewis/Library/Android/sdk/tools/bin:/Users/otislewis/Library/Android/sdk/platform-tools:/opt/homebrew/Caskroom/flutter/3.32.0/flutter/bin/cache/dart-sdk/bin
               PATH_PREFIXES_EXCLUDED_FROM_HEADER_DEPENDENCIES = /usr/include /usr/local/include /System/Library/Frameworks /System/Library/PrivateFrameworks /Applications/Xcode.app/Contents/Developer/Headers /Applications/Xcode.app/Contents/Developer/SDKs /Applications/Xcode.app/Contents/Developer/Platforms
               PBDEVELOPMENTPLIST_PATH = FirebaseFirestore.framework/pbdevelopment.plist
               PER_ARCH_MODULE_FILE_DIR = /Users/otislewis/arena/build/ios/Pods.build/Release-iphonesimulator/FirebaseFirestore.build/Objects-normal/undefined_arch
               PER_ARCH_OBJECT_FILE_DIR = /Users/otislewis/arena/build/ios/Pods.build/Release-iphonesimulator/FirebaseFirestore.build/Objects-normal/undefined_arch
               PER_VARIANT_OBJECT_FILE_DIR = /Users/otislewis/arena/build/ios/Pods.build/Release-iphonesimulator/FirebaseFirestore.build/Objects-normal
               PKGINFO_FILE_PATH = /Users/otislewis/arena/build/ios/Pods.build/Release-iphonesimulator/FirebaseFirestore.build/PkgInfo
               PKGINFO_PATH = FirebaseFirestore.framework/PkgInfo
               PLATFORM_DEVELOPER_APPLICATIONS_DIR = /Applications/Xcode.app/Contents/Developer/Platforms/iPhoneSimulator.platform/Developer/Applications
               PLATFORM_DEVELOPER_BIN_DIR = /Applications/Xcode.app/Contents/Developer/Platforms/iPhoneSimulator.platform/Developer/usr/bin
               PLATFORM_DEVELOPER_LIBRARY_DIR = /Applications/Xcode.app/Contents/Developer/Platforms/iPhoneSimulator.platform/Developer/Library
               PLATFORM_DEVELOPER_SDK_DIR = /Applications/Xcode.app/Contents/Developer/Platforms/iPhoneSimulator.platform/Developer/SDKs
               PLATFORM_DEVELOPER_TOOLS_DIR = /Applications/Xcode.app/Contents/Developer/Platforms/iPhoneSimulator.platform/Developer/Tools
               PLATFORM_DEVELOPER_USR_DIR = /Applications/Xcode.app/Contents/Developer/Platforms/iPhoneSimulator.platform/Developer/usr
               PLATFORM_DIR = /Applications/Xcode.app/Contents/Developer/Platforms/iPhoneSimulator.platform
               PLATFORM_DISPLAY_NAME = iOS Simulator
               PLATFORM_FAMILY_NAME = iOS
               PLATFORM_NAME = iphonesimulator
               PLATFORM_PREFERRED_ARCH = x86_64
               PLATFORM_PRODUCT_BUILD_VERSION = 22E235
               PLATFORM_REQUIRES_SWIFT_AUTOLINK_EXTRACT = NO
               PLATFORM_REQUIRES_SWIFT_MODULEWRAP = NO
               PLIST_FILE_OUTPUT_FORMAT = binary
               PLUGINS_FOLDER_PATH = FirebaseFirestore.framework/PlugIns
               PODS_BUILD_DIR = /Users/otislewis/arena/build/ios
               PODS_CONFIGURATION_BUILD_DIR = /Users/otislewis/arena/build/ios/Release-iphonesimulator
               PODS_DEVELOPMENT_LANGUAGE = en
               PODS_ROOT = /Users/otislewis/arena/ios/Pods
               PODS_TARGET_SRCROOT = /Users/otislewis/arena/ios/Pods/FirebaseFirestore
               PODS_XCFRAMEWORKS_BUILD_DIR = /Users/otislewis/arena/build/ios/Release-iphonesimulator/XCFrameworkIntermediates
               PRECOMPS_INCLUDE_HEADERS_FROM_BUILT_PRODUCTS_DIR = YES
               PRECOMP_DESTINATION_DIR = /Users/otislewis/arena/build/ios/Pods.build/Release-iphonesimulator/FirebaseFirestore.build/PrefixHeaders
               PRIVATE_HEADERS_FOLDER_PATH = FirebaseFirestore.framework/PrivateHeaders
               PROCESSED_INFOPLIST_PATH = /Users/otislewis/arena/build/ios/Pods.build/Release-iphonesimulator/FirebaseFirestore.build/Objects-normal/undefined_arch/Processed-Info.plist
               PRODUCT_BUNDLE_IDENTIFIER = org.cocoapods.FirebaseFirestore
               PRODUCT_BUNDLE_PACKAGE_TYPE = FMWK
               PRODUCT_MODULE_NAME = FirebaseFirestore
               PRODUCT_NAME = FirebaseFirestore
               PRODUCT_SETTINGS_PATH = /Users/otislewis/arena/ios/Pods/Target Support Files/FirebaseFirestore/FirebaseFirestore-Info.plist
               PRODUCT_TYPE = com.apple.product-type.framework
               PROFILING_CODE = NO
               PROJECT = Pods
               PROJECT_DERIVED_FILE_DIR = /Users/otislewis/arena/build/ios/Pods.build/DerivedSources
               PROJECT_DIR = /Users/otislewis/arena/ios/Pods
               PROJECT_FILE_PATH = /Users/otislewis/arena/ios/Pods/Pods.xcodeproj
               PROJECT_GUID = bfdfe7dc352907fc980b868725387e98
               PROJECT_NAME = Pods
               PROJECT_TEMP_DIR = /Users/otislewis/arena/build/ios/Pods.build
               PROJECT_TEMP_ROOT = /Users/otislewis/arena/build/ios
               PUBLIC_HEADERS_FOLDER_PATH = FirebaseFirestore.framework/Headers
               RECOMMENDED_IPHONEOS_DEPLOYMENT_TARGET = 15.0
               RECURSIVE_SEARCH_PATHS_FOLLOW_SYMLINKS = YES
               REMOVE_CVS_FROM_RESOURCES = YES
               REMOVE_GIT_FROM_RESOURCES = YES
               REMOVE_HEADERS_FROM_EMBEDDED_BUNDLES = YES
               REMOVE_HG_FROM_RESOURCES = YES
               REMOVE_STATIC_EXECUTABLES_FROM_EMBEDDED_BUNDLES = YES
               REMOVE_SVN_FROM_RESOURCES = YES
               RESCHEDULE_INDEPENDENT_HEADERS_PHASES = YES
               REZ_COLLECTOR_DIR = /Users/otislewis/arena/build/ios/Pods.build/Release-iphonesimulator/FirebaseFirestore.build/ResourceManagerResources
               REZ_OBJECTS_DIR = /Users/otislewis/arena/build/ios/Pods.build/Release-iphonesimulator/FirebaseFirestore.build/ResourceManagerResources/Objects
               REZ_SEARCH_PATHS = /Users/otislewis/arena/build/ios/Release-iphonesimulator/FirebaseFirestore 
               SCAN_ALL_SOURCE_FILES_FOR_INCLUDES = NO
               SCRIPTS_FOLDER_PATH = FirebaseFirestore.framework/Scripts
               SDKROOT = /Applications/Xcode.app/Contents/Developer/Platforms/iPhoneSimulator.platform/Developer/SDKs/iPhoneSimulator18.4.sdk
               SDK_DIR = /Applications/Xcode.app/Contents/Developer/Platforms/iPhoneSimulator.platform/Developer/SDKs/iPhoneSimulator18.4.sdk
               SDK_DIR_iphonesimulator = /Applications/Xcode.app/Contents/Developer/Platforms/iPhoneSimulator.platform/Developer/SDKs/iPhoneSimulator18.4.sdk
               SDK_DIR_iphonesimulator18_4 = /Applications/Xcode.app/Contents/Developer/Platforms/iPhoneSimulator.platform/Developer/SDKs/iPhoneSimulator18.4.sdk
               SDK_NAME = iphonesimulator18.4
               SDK_NAMES = iphonesimulator18.4
               SDK_PRODUCT_BUILD_VERSION = 22E235
               SDK_STAT_CACHE_DIR = /var/folders/4y/xy3fflts0nqfk1tsxg0t3mmr0000gn/C/com.apple.DeveloperTools/16.3-16E140/Xcode
               SDK_STAT_CACHE_ENABLE = YES
               SDK_STAT_CACHE_PATH = /var/folders/4y/xy3fflts0nqfk1tsxg0t3mmr0000gn/C/com.apple.DeveloperTools/16.3-16E140/Xcode/SDKStatCaches.noindex/iphonesimulator18.4-22E235-71825a6d136aa4733edcbe86ece5525b.sdkstatcache
               SDK_VERSION = 18.4
               SDK_VERSION_ACTUAL = 180400
               SDK_VERSION_MAJOR = 180000
               SDK_VERSION_MINOR = 180400
               SED = /usr/bin/sed
               SEPARATE_STRIP = NO
               SEPARATE_SYMBOL_EDIT = NO
               SET_DIR_MODE_OWNER_GROUP = YES
               SET_FILE_MODE_OWNER_GROUP = NO
               SHALLOW_BUNDLE = YES
               SHALLOW_BUNDLE_TRIPLE = ios-simulator
               SHALLOW_BUNDLE_ios_macabi = NO
               SHALLOW_BUNDLE_macos = NO
               SHARED_DERIVED_FILE_DIR = /Users/otislewis/arena/build/ios/Release-iphonesimulator/FirebaseFirestore/DerivedSources
               SHARED_FRAMEWORKS_FOLDER_PATH = FirebaseFirestore.framework/SharedFrameworks
               SHARED_PRECOMPS_DIR = /Users/otislewis/arena/build/ios/SharedPrecompiledHeaders
               SHARED_SUPPORT_FOLDER_PATH = FirebaseFirestore.framework
               SKIP_INSTALL = YES
               SOURCE_ROOT = /Users/otislewis/arena/ios/Pods
               SRCROOT = /Users/otislewis/arena/ios/Pods
               STRINGSDATA_DIR = /Users/otislewis/arena/build/ios/Pods.build/Release-iphonesimulator/FirebaseFirestore.build/Objects-normal/undefined_arch
               STRINGSDATA_ROOT = /Users/otislewis/arena/build/ios/Pods.build/Release-iphonesimulator/FirebaseFirestore.build
               STRINGS_FILE_INFOPLIST_RENAME = YES
               STRINGS_FILE_OUTPUT_ENCODING = binary
               STRIP_BITCODE_FROM_COPIED_FILES = NO
               STRIP_INSTALLED_PRODUCT = NO
               STRIP_STYLE = debugging
               STRIP_SWIFT_SYMBOLS = YES
               SUPPORTED_DEVICE_FAMILIES = 1,2
               SUPPORTED_PLATFORMS = iphoneos iphonesimulator
               SUPPORTS_TEXT_BASED_API = NO
               SUPPRESS_WARNINGS = NO
               SWIFT_ACTIVE_COMPILATION_CONDITIONS =  
               SWIFT_COMPILATION_MODE = wholemodule
               SWIFT_EMIT_LOC_STRINGS = NO
               SWIFT_INSTALL_MODULE_FOR_DEPLOYMENT = YES
               SWIFT_INSTALL_OBJC_HEADER = YES
               SWIFT_OPTIMIZATION_LEVEL = -O
               SWIFT_PLATFORM_TARGET_PREFIX = ios
               SWIFT_VERSION = 5.3
               SYMROOT = /Users/otislewis/arena/ios/build
               SYSTEM_ADMIN_APPS_DIR = /Applications/Utilities
               SYSTEM_APPS_DIR = /Applications
               SYSTEM_CORE_SERVICES_DIR = /System/Library/CoreServices
               SYSTEM_DEMOS_DIR = /Applications/Extras
               SYSTEM_DEVELOPER_APPS_DIR = /Applications/Xcode.app/Contents/Developer/Applications
               SYSTEM_DEVELOPER_BIN_DIR = /Applications/Xcode.app/Contents/Developer/usr/bin
               SYSTEM_DEVELOPER_DEMOS_DIR = /Applications/Xcode.app/Contents/Developer/Applications/Utilities/Built Examples
               SYSTEM_DEVELOPER_DIR = /Applications/Xcode.app/Contents/Developer
               SYSTEM_DEVELOPER_DOC_DIR = /Applications/Xcode.app/Contents/Developer/ADC Reference Library
               SYSTEM_DEVELOPER_GRAPHICS_TOOLS_DIR = /Applications/Xcode.app/Contents/Developer/Applications/Graphics Tools
               SYSTEM_DEVELOPER_JAVA_TOOLS_DIR = /Applications/Xcode.app/Contents/Developer/Applications/Java Tools
               SYSTEM_DEVELOPER_PERFORMANCE_TOOLS_DIR = /Applications/Xcode.app/Contents/Developer/Applications/Performance Tools
               SYSTEM_DEVELOPER_RELEASENOTES_DIR = /Applications/Xcode.app/Contents/Developer/ADC Reference Library/releasenotes
               SYSTEM_DEVELOPER_TOOLS = /Applications/Xcode.app/Contents/Developer/Tools
               SYSTEM_DEVELOPER_TOOLS_DOC_DIR = /Applications/Xcode.app/Contents/Developer/ADC Reference Library/documentation/DeveloperTools
               SYSTEM_DEVELOPER_TOOLS_RELEASENOTES_DIR = /Applications/Xcode.app/Contents/Developer/ADC Reference Library/releasenotes/DeveloperTools
               SYSTEM_DEVELOPER_USR_DIR = /Applications/Xcode.app/Contents/Developer/usr
               SYSTEM_DEVELOPER_UTILITIES_DIR = /Applications/Xcode.app/Contents/Developer/Applications/Utilities
               SYSTEM_DEXT_INSTALL_PATH = /System/Library/DriverExtensions
               SYSTEM_DOCUMENTATION_DIR = /Library/Documentation
               SYSTEM_EXTENSIONS_FOLDER_PATH = FirebaseFirestore.framework/SystemExtensions
               SYSTEM_EXTENSIONS_FOLDER_PATH_SHALLOW_BUNDLE_NO = FirebaseFirestore.framework/Library/SystemExtensions
               SYSTEM_EXTENSIONS_FOLDER_PATH_SHALLOW_BUNDLE_YES = FirebaseFirestore.framework/SystemExtensions
               SYSTEM_KEXT_INSTALL_PATH = /System/Library/Extensions
               SYSTEM_LIBRARY_DIR = /System/Library
               TAPI_DEMANGLE = YES
               TAPI_ENABLE_PROJECT_HEADERS = NO
               TAPI_LANGUAGE = objective-c
               TAPI_LANGUAGE_STANDARD = compiler-default
               TAPI_USE_SRCROOT = YES
               TAPI_VERIFY_MODE = Pedantic
               TARGETED_DEVICE_FAMILY = 1,2
               TARGETNAME = FirebaseFirestore
               TARGET_BUILD_DIR = /Users/otislewis/arena/build/ios/Release-iphonesimulator/FirebaseFirestore
               TARGET_NAME = FirebaseFirestore
               TARGET_TEMP_DIR = /Users/otislewis/arena/build/ios/Pods.build/Release-iphonesimulator/FirebaseFirestore.build
               TEMP_DIR = /Users/otislewis/arena/build/ios/Pods.build/Release-iphonesimulator/FirebaseFirestore.build
               TEMP_FILES_DIR = /Users/otislewis/arena/build/ios/Pods.build/Release-iphonesimulator/FirebaseFirestore.build
               TEMP_FILE_DIR = /Users/otislewis/arena/build/ios/Pods.build/Release-iphonesimulator/FirebaseFirestore.build
               TEMP_ROOT = /Users/otislewis/arena/build/ios
               TEMP_SANDBOX_DIR = /Users/otislewis/arena/build/ios/TemporaryTaskSandboxes
               TEST_FRAMEWORK_SEARCH_PATHS =  /Applications/Xcode.app/Contents/Developer/Platforms/iPhoneSimulator.platform/Developer/Library/Frameworks /Applications/Xcode.app/Contents/Developer/Platforms/iPhoneSimulator.platform/Developer/SDKs/iPhoneSimulator18.4.sdk/Developer/Library/Frameworks
               TEST_LIBRARY_SEARCH_PATHS =  /Applications/Xcode.app/Contents/Developer/Platforms/iPhoneSimulator.platform/Developer/usr/lib
               TOOLCHAINS = com.apple.dt.toolchain.XcodeDefault
               TOOLCHAIN_DIR = /Applications/Xcode.app/Contents/Developer/Toolchains/XcodeDefault.xctoolchain
               TREAT_MISSING_BASELINES_AS_TEST_FAILURES = NO
               TREAT_MISSING_SCRIPT_PHASE_OUTPUTS_AS_ERRORS = NO
               UID = 501
               UNINSTALLED_PRODUCTS_DIR = /Users/otislewis/arena/build/ios/UninstalledProducts
               UNLOCALIZED_RESOURCES_FOLDER_PATH = FirebaseFirestore.framework
               UNLOCALIZED_RESOURCES_FOLDER_PATH_SHALLOW_BUNDLE_NO = FirebaseFirestore.framework/Resources
               UNLOCALIZED_RESOURCES_FOLDER_PATH_SHALLOW_BUNDLE_YES = FirebaseFirestore.framework
               UNSTRIPPED_PRODUCT = NO
               USER = otislewis
               USER_APPS_DIR = /Users/otislewis/Applications
               USER_LIBRARY_DIR = /Users/otislewis/Library
               USE_DYNAMIC_NO_PIC = YES
               USE_HEADERMAP = YES
               USE_HEADER_SYMLINKS = NO
               USE_RECURSIVE_SCRIPT_INPUTS_IN_SCRIPT_PHASES = YES
               VALIDATE_DEVELOPMENT_ASSET_PATHS = YES_ERROR
               VALIDATE_PRODUCT = YES
               VALID_ARCHS = arm64
               VERBOSE_PBXCP = NO
               VERSIONING_SYSTEM = apple-generic
               VERSIONPLIST_PATH = FirebaseFirestore.framework/version.plist
               VERSIONS_FOLDER_PATH = FirebaseFirestore.framework
               VERSIONS_FOLDER_PATH_SHALLOW_BUNDLE_NO = FirebaseFirestore.framework/Versions
               VERSIONS_FOLDER_PATH_SHALLOW_BUNDLE_YES = FirebaseFirestore.framework
               VERSION_INFO_BUILDER = otislewis
               VERSION_INFO_FILE = FirebaseFirestore_vers.c
               VERSION_INFO_STRING = "@(#)PROGRAM:FirebaseFirestore  PROJECT:Pods-1"
               WORKSPACE_DIR = /Users/otislewis/arena/ios/Pods/Pods.xcodeproj
               WRAPPER_EXTENSION = framework
               WRAPPER_NAME = FirebaseFirestore.framework
               WRAPPER_SUFFIX = .framework
               WRAP_ASSET_PACKS_IN_SEPARATE_DIRECTORIES = NO
               XCODE_APP_SUPPORT_DIR = /Applications/Xcode.app/Contents/Developer/Library/Xcode
               XCODE_PRODUCT_BUILD_VERSION = 16E140
               XCODE_VERSION_ACTUAL = 1630
               XCODE_VERSION_MAJOR = 1600
               XCODE_VERSION_MINOR = 1630
               XPCSERVICES_FOLDER_PATH = FirebaseFirestore.framework/XPCServices
               YACC = yacc
               _DISCOVER_COMMAND_LINE_LINKER_INPUTS = YES
               _DISCOVER_COMMAND_LINE_LINKER_INPUTS_INCLUDE_WL = YES
               _WRAPPER_CONTENTS_DIR_SHALLOW_BUNDLE_NO = /Contents
               _WRAPPER_PARENT_PATH_SHALLOW_BUNDLE_NO = /..
               _WRAPPER_RESOURCES_DIR_SHALLOW_BUNDLE_NO = /Resources
               __DIAGNOSE_DEPRECATED_ARCHS = YES
               arch = undefined_arch
               variant = normal

           Build settings for action build and target FirebaseFirestore-FirebaseFirestore_Privacy:
               ACTION = build
               AD_HOC_CODE_SIGNING_ALLOWED = YES
               ALLOW_BUILD_REQUEST_OVERRIDES = NO
               ALLOW_TARGET_PLATFORM_SPECIALIZATION = NO
               ALTERNATE_GROUP = staff
               ALTERNATE_MODE = u+w,go-w,a+rX
               ALTERNATE_OWNER = otislewis
               ALTERNATIVE_DISTRIBUTION_WEB = NO
               ALWAYS_EMBED_SWIFT_STANDARD_LIBRARIES = NO
               ALWAYS_SEARCH_USER_PATHS = NO
               ALWAYS_USE_SEPARATE_HEADERMAPS = NO
               APPLICATION_EXTENSION_API_ONLY = NO
               APPLY_RULES_IN_COPY_FILES = NO
               APPLY_RULES_IN_COPY_HEADERS = NO
               APP_SHORTCUTS_ENABLE_FLEXIBLE_MATCHING = YES
               ARCHS_STANDARD = arm64 x86_64
               ARCHS_STANDARD_32_64_BIT = arm64 x86_64
               ARCHS_STANDARD_64_BIT = arm64 x86_64
               ARCHS_STANDARD_INCLUDING_64_BIT = arm64 x86_64
               ARCHS_UNIVERSAL_IPHONE_OS = arm64 x86_64
               AUTOMATICALLY_MERGE_DEPENDENCIES = NO
               AVAILABLE_PLATFORMS = android appletvos appletvsimulator driverkit iphoneos iphonesimulator macosx qnx watchos watchsimulator xros xrsimulator
               BITCODE_GENERATION_MODE = marker
               BUILD_ACTIVE_RESOURCES_ONLY = NO
               BUILD_COMPONENTS = headers build
               BUILD_DIR = /Users/otislewis/arena/build/ios
               BUILD_LIBRARY_FOR_DISTRIBUTION = NO
               BUILD_ROOT = /Users/otislewis/arena/ios/build
               BUILD_STYLE = 
               BUILD_VARIANTS = normal
               BUILT_PRODUCTS_DIR = /Users/otislewis/arena/build/ios/Release-iphonesimulator/FirebaseFirestore
               BUNDLE_CONTENTS_FOLDER_PATH_deep = Contents/
               BUNDLE_EXECUTABLE_FOLDER_NAME_deep = MacOS
               BUNDLE_EXTENSIONS_FOLDER_PATH = Extensions
               BUNDLE_FORMAT = shallow
               BUNDLE_FRAMEWORKS_FOLDER_PATH = Frameworks
               BUNDLE_PLUGINS_FOLDER_PATH = PlugIns
               BUNDLE_PRIVATE_HEADERS_FOLDER_PATH = PrivateHeaders
               BUNDLE_PUBLIC_HEADERS_FOLDER_PATH = Headers
               CACHE_ROOT = /var/folders/4y/xy3fflts0nqfk1tsxg0t3mmr0000gn/C/com.apple.DeveloperTools/16.3-16E140/Xcode
               CCHROOT = /var/folders/4y/xy3fflts0nqfk1tsxg0t3mmr0000gn/C/com.apple.DeveloperTools/16.3-16E140/Xcode
               CHMOD = /bin/chmod
               CHOWN = /usr/sbin/chown
               CLANG_ANALYZER_LOCALIZABILITY_NONLOCALIZED = YES
               CLANG_ANALYZER_NONNULL = YES
               CLANG_ANALYZER_NUMBER_OBJECT_CONVERSION = YES_AGGRESSIVE
               CLANG_CACHE_FINE_GRAINED_OUTPUTS = YES
               CLANG_CXX_LANGUAGE_STANDARD = gnu++14
               CLANG_CXX_LIBRARY = libc++
               CLANG_ENABLE_EXPLICIT_MODULES = YES
               CLANG_ENABLE_MODULES = YES
               CLANG_ENABLE_OBJC_ARC = YES
               CLANG_ENABLE_OBJC_WEAK = YES
               CLANG_MODULES_BUILD_SESSION_FILE = /var/folders/4y/xy3fflts0nqfk1tsxg0t3mmr0000gn/C/org.llvm.clang/ModuleCache.noindex/Session.modulevalidation
               CLANG_WARN_BLOCK_CAPTURE_AUTORELEASING = YES
               CLANG_WARN_BOOL_CONVERSION = YES
               CLANG_WARN_COMMA = YES
               CLANG_WARN_CONSTANT_CONVERSION = YES
               CLANG_WARN_DEPRECATED_OBJC_IMPLEMENTATIONS = YES
               CLANG_WARN_DIRECT_OBJC_ISA_USAGE = YES_ERROR
               CLANG_WARN_DOCUMENTATION_COMMENTS = YES
               CLANG_WARN_EMPTY_BODY = YES
               CLANG_WARN_ENUM_CONVERSION = YES
               CLANG_WARN_INFINITE_RECURSION = YES
               CLANG_WARN_INT_CONVERSION = YES
               CLANG_WARN_NON_LITERAL_NULL_CONVERSION = YES
               CLANG_WARN_OBJC_IMPLICIT_RETAIN_SELF = YES
               CLANG_WARN_OBJC_LITERAL_CONVERSION = YES
               CLANG_WARN_OBJC_ROOT_CLASS = YES_ERROR
               CLANG_WARN_QUOTED_INCLUDE_IN_FRAMEWORK_HEADER = NO
               CLANG_WARN_RANGE_LOOP_ANALYSIS = YES
               CLANG_WARN_STRICT_PROTOTYPES = YES
               CLANG_WARN_SUSPICIOUS_MOVE = YES
               CLANG_WARN_UNGUARDED_AVAILABILITY = YES_AGGRESSIVE
               CLANG_WARN_UNREACHABLE_CODE = YES
               CLANG_WARN__DUPLICATE_METHOD_MATCH = YES
               CLASS_FILE_DIR = /Users/otislewis/arena/build/ios/Pods.build/Release-iphonesimulator/FirebaseFirestore-FirebaseFirestore_Privacy.build/JavaClasses
               CLEAN_PRECOMPS = YES
               CLONE_HEADERS = NO
               CODESIGNING_FOLDER_PATH = /Users/otislewis/arena/build/ios/Release-iphonesimulator/FirebaseFirestore/FirebaseFirestore_Privacy.bundle
               CODE_SIGNING_ALLOWED = NO
               CODE_SIGNING_IDENTITY = -
               CODE_SIGNING_REQUIRED = NO
               CODE_SIGN_CONTEXT_CLASS = XCiPhoneSimulatorCodeSignContext
               CODE_SIGN_IDENTITY = -
               CODE_SIGN_INJECT_BASE_ENTITLEMENTS = YES
               COLOR_DIAGNOSTICS = NO
               COMBINE_HIDPI_IMAGES = NO
               COMPILATION_CACHE_CAS_PATH = /var/folders/4y/xy3fflts0nqfk1tsxg0t3mmr0000gn/C/com.apple.DeveloperTools/16.3-16E140/Xcode/CompilationCache.noindex
               COMPILATION_CACHE_KEEP_CAS_DIRECTORY = YES
               COMPILER_INDEX_STORE_ENABLE = Default
               COMPOSITE_SDK_DIRS = /Users/otislewis/arena/build/ios/CompositeSDKs
               COMPRESS_PNG_FILES = YES
               CONFIGURATION = Release
               CONFIGURATION_BUILD_DIR = /Users/otislewis/arena/build/ios/Release-iphonesimulator/FirebaseFirestore
               CONFIGURATION_TEMP_DIR = /Users/otislewis/arena/build/ios/Pods.build/Release-iphonesimulator
               CONTENTS_FOLDER_PATH = FirebaseFirestore_Privacy.bundle
               CONTENTS_FOLDER_PATH_SHALLOW_BUNDLE_NO = FirebaseFirestore_Privacy.bundle/Contents
               CONTENTS_FOLDER_PATH_SHALLOW_BUNDLE_YES = FirebaseFirestore_Privacy.bundle
               COPYING_PRESERVES_HFS_DATA = NO
               COPY_HEADERS_RUN_UNIFDEF = NO
               COPY_PHASE_STRIP = NO
               CORRESPONDING_DEVICE_PLATFORM_DIR = /Applications/Xcode.app/Contents/Developer/Platforms/iPhoneOS.platform
               CORRESPONDING_DEVICE_PLATFORM_NAME = iphoneos
               CORRESPONDING_DEVICE_SDK_DIR = /Applications/Xcode.app/Contents/Developer/Platforms/iPhoneOS.platform/Developer/SDKs/iPhoneOS18.4.sdk
               CORRESPONDING_DEVICE_SDK_NAME = iphoneos18.4
               CP = /bin/cp
               CREATE_INFOPLIST_SECTION_IN_BINARY = NO
               CURRENT_ARCH = undefined_arch
               CURRENT_VARIANT = normal
               DEAD_CODE_STRIPPING = YES
               DEBUGGING_SYMBOLS = YES
               DEBUG_INFORMATION_FORMAT = dwarf-with-dsym
               DEBUG_INFORMATION_VERSION = compiler-default
               DEFAULT_COMPILER = com.apple.compilers.llvm.clang.1_0
               DEFAULT_DEXT_INSTALL_PATH = /System/Library/DriverExtensions
               DEFAULT_KEXT_INSTALL_PATH = /System/Library/Extensions
               DEFINES_MODULE = NO
               DEPLOYMENT_LOCATION = NO
               DEPLOYMENT_POSTPROCESSING = NO
               DEPLOYMENT_TARGET_SETTING_NAME = IPHONEOS_DEPLOYMENT_TARGET
               DEPLOYMENT_TARGET_SUGGESTED_VALUES = 12.0 12.1 12.2 12.3 12.4 13.0 13.1 13.2 13.3 13.4 13.5 13.6 14.0 14.1 14.2 14.3 14.4 14.5 14.6 14.7 15.0 15.1 15.2 15.3 15.4 15.5 15.6 16.0 16.1 16.2 16.3 16.4 16.5 16.6 17.0 17.1 17.2 17.3 17.4 17.5 17.6 18.0 18.1 18.2 18.3 18.4
               DERIVED_FILES_DIR = /Users/otislewis/arena/build/ios/Pods.build/Release-iphonesimulator/FirebaseFirestore-FirebaseFirestore_Privacy.build/DerivedSources
               DERIVED_FILE_DIR = /Users/otislewis/arena/build/ios/Pods.build/Release-iphonesimulator/FirebaseFirestore-FirebaseFirestore_Privacy.build/DerivedSources
               DERIVED_SOURCES_DIR = /Users/otislewis/arena/build/ios/Pods.build/Release-iphonesimulator/FirebaseFirestore-FirebaseFirestore_Privacy.build/DerivedSources
               DEVELOPER_APPLICATIONS_DIR = /Applications/Xcode.app/Contents/Developer/Applications
               DEVELOPER_BIN_DIR = /Applications/Xcode.app/Contents/Developer/usr/bin
               DEVELOPER_DIR = /Applications/Xcode.app/Contents/Developer
               DEVELOPER_FRAMEWORKS_DIR = /Applications/Xcode.app/Contents/Developer/Library/Frameworks
               DEVELOPER_FRAMEWORKS_DIR_QUOTED = /Applications/Xcode.app/Contents/Developer/Library/Frameworks
               DEVELOPER_LIBRARY_DIR = /Applications/Xcode.app/Contents/Developer/Library
               DEVELOPER_SDK_DIR = /Applications/Xcode.app/Contents/Developer/Platforms/MacOSX.platform/Developer/SDKs
               DEVELOPER_TOOLS_DIR = /Applications/Xcode.app/Contents/Developer/Tools
               DEVELOPER_USR_DIR = /Applications/Xcode.app/Contents/Developer/usr
               DEVELOPMENT_LANGUAGE = en
               DIAGNOSE_MISSING_TARGET_DEPENDENCIES = YES
               DIFF = /usr/bin/diff
               DOCUMENTATION_FOLDER_PATH = FirebaseFirestore_Privacy.bundle/en.lproj/Documentation
               DONT_GENERATE_INFOPLIST_FILE = NO
               DSTROOT = /tmp/Pods.dst
               DT_TOOLCHAIN_DIR = /Applications/Xcode.app/Contents/Developer/Toolchains/XcodeDefault.xctoolchain
               DWARF_DSYM_FILE_NAME = FirebaseFirestore_Privacy.bundle.dSYM
               DWARF_DSYM_FILE_SHOULD_ACCOMPANY_PRODUCT = NO
               DWARF_DSYM_FOLDER_PATH = /Users/otislewis/arena/build/ios/Release-iphonesimulator/FirebaseFirestore
               DYNAMIC_LIBRARY_EXTENSION = dylib
               EAGER_COMPILATION_ALLOW_SCRIPTS = NO
               EAGER_LINKING = NO
               EFFECTIVE_PLATFORM_NAME = -iphonesimulator
               EMBEDDED_CONTENT_CONTAINS_SWIFT = NO
               EMBED_ASSET_PACKS_IN_PRODUCT_BUNDLE = NO
               ENABLE_APP_SANDBOX = NO
               ENABLE_BITCODE = NO
               ENABLE_CODE_COVERAGE = YES
               ENABLE_DEFAULT_HEADER_SEARCH_PATHS = YES
               ENABLE_DEFAULT_SEARCH_PATHS = YES
               ENABLE_HARDENED_RUNTIME = NO
               ENABLE_HEADER_DEPENDENCIES = YES
               ENABLE_INCOMING_NETWORK_CONNECTIONS = NO
               ENABLE_NS_ASSERTIONS = NO
               ENABLE_ON_DEMAND_RESOURCES = NO
               ENABLE_OUTGOING_NETWORK_CONNECTIONS = NO
               ENABLE_RESOURCE_ACCESS_AUDIO_INPUT = NO
               ENABLE_RESOURCE_ACCESS_BLUETOOTH = NO
               ENABLE_RESOURCE_ACCESS_CALENDARS = NO
               ENABLE_RESOURCE_ACCESS_CAMERA = NO
               ENABLE_RESOURCE_ACCESS_CONTACTS = NO
               ENABLE_RESOURCE_ACCESS_LOCATION = NO
               ENABLE_RESOURCE_ACCESS_PRINTING = NO
               ENABLE_RESOURCE_ACCESS_USB = NO
               ENABLE_SDK_IMPORTS = NO
               ENABLE_STRICT_OBJC_MSGSEND = YES
               ENABLE_TESTABILITY = NO
               ENABLE_TESTING_SEARCH_PATHS = NO
               ENABLE_USER_SCRIPT_SANDBOXING = NO
               ENFORCE_VALID_ARCHS = YES
               ENTITLEMENTS_DESTINATION = __entitlements
               ENTITLEMENTS_REQUIRED = NO
               EXCLUDED_ARCHS = arm64
               EXCLUDED_INSTALLSRC_SUBDIRECTORY_PATTERNS = .DS_Store .svn .git .hg CVS
               EXCLUDED_RECURSIVE_SEARCH_PATH_SUBDIRECTORIES = *.nib *.lproj *.framework *.gch *.xcode* *.xcassets (*) .DS_Store CVS .svn .git .hg *.pbproj *.pbxproj
               EXECUTABLES_FOLDER_PATH = FirebaseFirestore_Privacy.bundle/Executables
               EXECUTABLE_FOLDER_PATH = FirebaseFirestore_Privacy.bundle
               EXECUTABLE_FOLDER_PATH_SHALLOW_BUNDLE_NO = FirebaseFirestore_Privacy.bundle/MacOS
               EXECUTABLE_FOLDER_PATH_SHALLOW_BUNDLE_YES = FirebaseFirestore_Privacy.bundle
               EXECUTABLE_NAME = FirebaseFirestore_Privacy
               EXECUTABLE_PATH = FirebaseFirestore_Privacy.bundle/FirebaseFirestore_Privacy
               EXPANDED_CODE_SIGN_IDENTITY = -
               EXTENSIONS_FOLDER_PATH = FirebaseFirestore_Privacy.bundle/Extensions
               FILE_LIST = /Users/otislewis/arena/build/ios/Pods.build/Release-iphonesimulator/FirebaseFirestore-FirebaseFirestore_Privacy.build/Objects/LinkFileList
               FIXED_FILES_DIR = /Users/otislewis/arena/build/ios/Pods.build/Release-iphonesimulator/FirebaseFirestore-FirebaseFirestore_Privacy.build/FixedFiles
               FRAMEWORKS_FOLDER_PATH = FirebaseFirestore_Privacy.bundle/Frameworks
               FRAMEWORK_FLAG_PREFIX = -framework
               FRAMEWORK_SEARCH_PATHS = /Users/otislewis/arena/build/ios/Release-iphonesimulator/FirebaseFirestore  "/Users/otislewis/arena/build/ios/Release-iphonesimulator/BoringSSL-GRPC" "/Users/otislewis/arena/build/ios/Release-iphonesimulator/FirebaseAppCheckInterop" "/Users/otislewis/arena/build/ios/Release-iphonesimulator/FirebaseCore" "/Users/otislewis/arena/build/ios/Release-iphonesimulator/FirebaseCoreExtension" "/Users/otislewis/arena/build/ios/Release-iphonesimulator/FirebaseCoreInternal" "/Users/otislewis/arena/build/ios/Release-iphonesimulator/FirebaseFirestoreInternal" "/Users/otislewis/arena/build/ios/Release-iphonesimulator/FirebaseSharedSwift" "/Users/otislewis/arena/build/ios/Release-iphonesimulator/GoogleUtilities" "/Users/otislewis/arena/build/ios/Release-iphonesimulator/PromisesObjC" "/Users/otislewis/arena/build/ios/Release-iphonesimulator/abseil" "/Users/otislewis/arena/build/ios/Release-iphonesimulator/gRPC-C++" "/Users/otislewis/arena/build/ios/Release-iphonesimulator/gRPC-Core" "/Users/otislewis/arena/build/ios/Release-iphonesimulator/leveldb-library" "/Users/otislewis/arena/build/ios/Release-iphonesimulator/nanopb"
               FRAMEWORK_VERSION = A
               FULL_PRODUCT_NAME = FirebaseFirestore_Privacy.bundle
               FUSE_BUILD_PHASES = YES
               FUSE_BUILD_SCRIPT_PHASES = NO
               GCC3_VERSION = 3.3
               GCC_C_LANGUAGE_STANDARD = gnu11
               GCC_INLINES_ARE_PRIVATE_EXTERN = YES
               GCC_NO_COMMON_BLOCKS = YES
               GCC_OBJC_LEGACY_DISPATCH = YES
               GCC_PFE_FILE_C_DIALECTS = c objective-c c++ objective-c++
               GCC_PREPROCESSOR_DEFINITIONS = POD_CONFIGURATION_RELEASE=1  COCOAPODS=1
               GCC_TREAT_WARNINGS_AS_ERRORS = NO
               GCC_VERSION = com.apple.compilers.llvm.clang.1_0
               GCC_VERSION_IDENTIFIER = com_apple_compilers_llvm_clang_1_0
               GCC_WARN_64_TO_32_BIT_CONVERSION = YES
               GCC_WARN_ABOUT_RETURN_TYPE = YES_ERROR
               GCC_WARN_UNDECLARED_SELECTOR = YES
               GCC_WARN_UNINITIALIZED_AUTOS = YES_AGGRESSIVE
               GCC_WARN_UNUSED_FUNCTION = YES
               GCC_WARN_UNUSED_VARIABLE = YES
               GENERATED_MODULEMAP_DIR = /Users/otislewis/arena/build/ios/GeneratedModuleMaps-iphonesimulator
               GENERATE_INFOPLIST_FILE = NO
               GENERATE_INTERMEDIATE_TEXT_BASED_STUBS = YES
               GENERATE_MASTER_OBJECT_FILE = NO
               GENERATE_PKGINFO_FILE = NO
               GENERATE_PROFILING_CODE = NO
               GENERATE_TEXT_BASED_STUBS = NO
               GID = 20
               GROUP = staff
               HEADERMAP_INCLUDES_FLAT_ENTRIES_FOR_TARGET_BEING_BUILT = YES
               HEADERMAP_INCLUDES_FRAMEWORK_ENTRIES_FOR_ALL_PRODUCT_TYPES = YES
               HEADERMAP_INCLUDES_FRAMEWORK_ENTRIES_FOR_TARGETS_NOT_BEING_BUILT = YES
               HEADERMAP_INCLUDES_NONPUBLIC_NONPRIVATE_HEADERS = YES
               HEADERMAP_INCLUDES_PROJECT_HEADERS = YES
               HEADERMAP_USES_FRAMEWORK_PREFIX_ENTRIES = YES
               HEADERMAP_USES_VFS = NO
               HEADER_SEARCH_PATHS = /Users/otislewis/arena/build/ios/Release-iphonesimulator/FirebaseFirestore/include 
               HIDE_BITCODE_SYMBOLS = YES
               HOME = /Users/otislewis
               HOST_ARCH = arm64
               HOST_PLATFORM = macosx
               IBSC_MODULE = FirebaseFirestore
               ICONV = /usr/bin/iconv
               IMPLICIT_DEPENDENCY_DOMAIN = default
               INFOPLIST_ENABLE_CFBUNDLEICONS_MERGE = YES
               INFOPLIST_EXPAND_BUILD_SETTINGS = YES
               INFOPLIST_FILE = Target Support Files/FirebaseFirestore/ResourceBundle-FirebaseFirestore_Privacy-FirebaseFirestore-Info.plist
               INFOPLIST_OUTPUT_FORMAT = binary
               INFOPLIST_PATH = FirebaseFirestore_Privacy.bundle/Info.plist
               INFOPLIST_PREPROCESS = NO
               INFOSTRINGS_PATH = FirebaseFirestore_Privacy.bundle/en.lproj/InfoPlist.strings
               INLINE_PRIVATE_FRAMEWORKS = NO
               INSTALLAPI_IGNORE_SKIP_INSTALL = YES
               INSTALLHDRS_COPY_PHASE = NO
               INSTALLHDRS_SCRIPT_PHASE = NO
               INSTALL_DIR = /tmp/Pods.dst
               INSTALL_GROUP = staff
               INSTALL_MODE_FLAG = u+w,go-w,a+rX
               INSTALL_OWNER = otislewis
               INSTALL_ROOT = /tmp/Pods.dst
               IPHONEOS_DEPLOYMENT_TARGET = 13.0
               IS_UNOPTIMIZED_BUILD = NO
               JAVAC_DEFAULT_FLAGS = -J-Xms64m -J-XX:NewSize=4M -J-Dfile.encoding=UTF8
               JAVA_APP_STUB = /System/Library/Frameworks/JavaVM.framework/Resources/MacOS/JavaApplicationStub
               JAVA_ARCHIVE_CLASSES = YES
               JAVA_ARCHIVE_TYPE = JAR
               JAVA_COMPILER = /usr/bin/javac
               JAVA_FOLDER_PATH = FirebaseFirestore_Privacy.bundle/Java
               JAVA_FRAMEWORK_RESOURCES_DIRS = Resources
               JAVA_JAR_FLAGS = cv
               JAVA_SOURCE_SUBDIR = .
               JAVA_USE_DEPENDENCIES = YES
               JAVA_ZIP_FLAGS = -urg
               JIKES_DEFAULT_FLAGS = +E +OLDCSO
               KEEP_PRIVATE_EXTERNS = NO
               LD_DEPENDENCY_INFO_FILE = /Users/otislewis/arena/build/ios/Pods.build/Release-iphonesimulator/FirebaseFirestore-FirebaseFirestore_Privacy.build/Objects-normal/undefined_arch/FirebaseFirestore_Privacy_dependency_info.dat
               LD_EXPORT_SYMBOLS = YES
               LD_GENERATE_MAP_FILE = NO
               LD_MAP_FILE_PATH = /Users/otislewis/arena/build/ios/Pods.build/Release-iphonesimulator/FirebaseFirestore-FirebaseFirestore_Privacy.build/FirebaseFirestore_Privacy-LinkMap-normal-undefined_arch.txt
               LD_NO_PIE = NO
               LD_QUOTE_LINKER_ARGUMENTS_FOR_COMPILER_DRIVER = YES
               LD_SHARED_CACHE_ELIGIBLE = Automatic
               LD_WARN_DUPLICATE_LIBRARIES = NO
               LD_WARN_UNUSED_DYLIBS = NO
               LEGACY_DEVELOPER_DIR = /Applications/Xcode.app/Contents/PlugIns/Xcode3Core.ideplugin/Contents/SharedSupport/Developer
               LEX = lex
               LIBRARY_DEXT_INSTALL_PATH = /Library/DriverExtensions
               LIBRARY_FLAG_NOSPACE = YES
               LIBRARY_FLAG_PREFIX = -l
               LIBRARY_KEXT_INSTALL_PATH = /Library/Extensions
               LIBRARY_SEARCH_PATHS = /Users/otislewis/arena/build/ios/Release-iphonesimulator/FirebaseFirestore /Applications/Xcode.app/Contents/Developer/Toolchains/XcodeDefault.xctoolchain/usr/lib/swift/iphonesimulator /Applications/Xcode.app/Contents/Developer/Platforms/iPhoneSimulator.platform/Developer/SDKs/iPhoneSimulator18.4.sdk/usr/lib/swift
               LINKER_DISPLAYS_MANGLED_NAMES = NO
               LINK_OBJC_RUNTIME = YES
               LINK_WITH_STANDARD_LIBRARIES = YES
               LLVM_TARGET_TRIPLE_OS_VERSION = ios13.0
               LLVM_TARGET_TRIPLE_SUFFIX = -simulator
               LLVM_TARGET_TRIPLE_VENDOR = apple
               LOCALIZATION_EXPORT_SUPPORTED = YES
               LOCALIZATION_PREFERS_STRING_CATALOGS = NO
               LOCALIZED_RESOURCES_FOLDER_PATH = FirebaseFirestore_Privacy.bundle/en.lproj
               LOCALIZED_STRING_MACRO_NAMES = NSLocalizedString CFCopyLocalizedString
               LOCALIZED_STRING_SWIFTUI_SUPPORT = YES
               LOCAL_ADMIN_APPS_DIR = /Applications/Utilities
               LOCAL_APPS_DIR = /Applications
               LOCAL_DEVELOPER_DIR = /Library/Developer
               LOCAL_LIBRARY_DIR = /Library
               LOCROOT = /Users/otislewis/arena/ios/Pods
               LOCSYMROOT = /Users/otislewis/arena/ios/Pods
               MACH_O_TYPE = mh_bundle
               MAC_OS_X_PRODUCT_BUILD_VERSION = 24F74
               MAC_OS_X_VERSION_ACTUAL = 150500
               MAC_OS_X_VERSION_MAJOR = 150000
               MAC_OS_X_VERSION_MINOR = 150500
               MAKE_MERGEABLE = NO
               MERGEABLE_LIBRARY = NO
               MERGED_BINARY_TYPE = none
               MERGE_LINKED_LIBRARIES = NO
               METAL_LIBRARY_FILE_BASE = default
               METAL_LIBRARY_OUTPUT_DIR = /Users/otislewis/arena/build/ios/Release-iphonesimulator/FirebaseFirestore/FirebaseFirestore_Privacy.bundle
               MODULES_FOLDER_PATH = FirebaseFirestore_Privacy.bundle/Modules
               MTL_ENABLE_DEBUG_INFO = NO
               MTL_FAST_MATH = YES
               NATIVE_ARCH = arm64
               NATIVE_ARCH_32_BIT = arm
               NATIVE_ARCH_64_BIT = arm64
               NATIVE_ARCH_ACTUAL = arm64
               NO_COMMON = YES
               OBJC_ABI_VERSION = 2
               OBJECT_FILE_DIR = /Users/otislewis/arena/build/ios/Pods.build/Release-iphonesimulator/FirebaseFirestore-FirebaseFirestore_Privacy.build/Objects
               OBJECT_FILE_DIR_normal = /Users/otislewis/arena/build/ios/Pods.build/Release-iphonesimulator/FirebaseFirestore-FirebaseFirestore_Privacy.build/Objects-normal
               OBJROOT = /Users/otislewis/arena/build/ios
               ONLY_ACTIVE_ARCH = NO
               OS = MACOS
               OSAC = /usr/bin/osacompile
               OTHER_LDFLAGS =  -framework "FirebaseCore" -framework "FirebaseCoreExtension" -framework "FirebaseFirestoreInternal" -framework "FirebaseSharedSwift" -framework "Foundation" -framework "SystemConfiguration" -framework "UIKit" -weak_framework "FirebaseFirestoreInternal"
               OTHER_SWIFT_FLAGS =  -D COCOAPODS
               PACKAGE_TYPE = com.apple.package-type.wrapper
               PASCAL_STRINGS = YES
               PATH = /Applications/Xcode.app/Contents/SharedFrameworks/SwiftBuild.framework/Versions/A/PlugIns/SWBBuildService.bundle/Contents/PlugIns/SWBUniversalPlatformPlugin.bundle/Contents/Frameworks/SWBUniversalPlatform.framework/Resources:/Applications/Xcode.app/Contents/Developer/Toolchains/XcodeDefault.xctoolchain/usr/bin:/Applications/Xcode.app/Contents/Developer/Toolchains/XcodeDefault.xctoolchain/usr/local/bin:/Applications/Xcode.app/Contents/Developer/Toolchains/XcodeDefault.xctoolchain/usr/libexec:/Applications/Xcode.app/Contents/Developer/Platforms/iPhoneSimulator.platform/usr/bin:/Applications/Xcode.app/Contents/Developer/Platforms/iPhoneSimulator.platform/usr/local/bin:/Applications/Xcode.app/Contents/Developer/Platforms/iPhoneSimulator.platform/Developer/usr/bin:/Applications/Xcode.app/Contents/Developer/Platforms/iPhoneSimulator.platform/Developer/usr/local/bin:/Applications/Xcode.app/Contents/Developer/usr/bin:/Applications/Xcode.app/Contents/Developer/usr/local/bin:/Users/otislewis/.gem/ruby/3.3.0/bin:/opt/homebrew/bin:/opt/homebrew/sbin:/usr/local/bin:/System/Cryptexes/App/usr/bin:/usr/bin:/bin:/usr/sbin:/sbin:/var/run/com.apple.security.cryptexd/codex.system/bootstrap/usr/local/bin:/var/run/com.apple.security.cryptexd/codex.system/bootstrap/usr/bin:/var/run/com.apple.security.cryptexd/codex.system/bootstrap/usr/appleinternal/bin:/Library/Apple/usr/bin:/opt/homebrew/Caskroom/flutter/3.32.0/flutter/bin:/Users/otislewis/Library/Android/sdk/emulator:/Users/otislewis/Library/Android/sdk/tools:/Users/otislewis/Library/Android/sdk/tools/bin:/Users/otislewis/Library/Android/sdk/platform-tools:/opt/homebrew/Caskroom/flutter/3.32.0/flutter/bin/cache/dart-sdk/bin
               PATH_PREFIXES_EXCLUDED_FROM_HEADER_DEPENDENCIES = /usr/include /usr/local/include /System/Library/Frameworks /System/Library/PrivateFrameworks /Applications/Xcode.app/Contents/Developer/Headers /Applications/Xcode.app/Contents/Developer/SDKs /Applications/Xcode.app/Contents/Developer/Platforms
               PBDEVELOPMENTPLIST_PATH = FirebaseFirestore_Privacy.bundle/pbdevelopment.plist
               PER_ARCH_MODULE_FILE_DIR = /Users/otislewis/arena/build/ios/Pods.build/Release-iphonesimulator/FirebaseFirestore-FirebaseFirestore_Privacy.build/Objects-normal/undefined_arch
               PER_ARCH_OBJECT_FILE_DIR = /Users/otislewis/arena/build/ios/Pods.build/Release-iphonesimulator/FirebaseFirestore-FirebaseFirestore_Privacy.build/Objects-normal/undefined_arch
               PER_VARIANT_OBJECT_FILE_DIR = /Users/otislewis/arena/build/ios/Pods.build/Release-iphonesimulator/FirebaseFirestore-FirebaseFirestore_Privacy.build/Objects-normal
               PKGINFO_FILE_PATH = /Users/otislewis/arena/build/ios/Pods.build/Release-iphonesimulator/FirebaseFirestore-FirebaseFirestore_Privacy.build/PkgInfo
               PKGINFO_PATH = FirebaseFirestore_Privacy.bundle/PkgInfo
               PLATFORM_DEVELOPER_APPLICATIONS_DIR = /Applications/Xcode.app/Contents/Developer/Platforms/iPhoneSimulator.platform/Developer/Applications
               PLATFORM_DEVELOPER_BIN_DIR = /Applications/Xcode.app/Contents/Developer/Platforms/iPhoneSimulator.platform/Developer/usr/bin
               PLATFORM_DEVELOPER_LIBRARY_DIR = /Applications/Xcode.app/Contents/Developer/Platforms/iPhoneSimulator.platform/Developer/Library
               PLATFORM_DEVELOPER_SDK_DIR = /Applications/Xcode.app/Contents/Developer/Platforms/iPhoneSimulator.platform/Developer/SDKs
               PLATFORM_DEVELOPER_TOOLS_DIR = /Applications/Xcode.app/Contents/Developer/Platforms/iPhoneSimulator.platform/Developer/Tools
               PLATFORM_DEVELOPER_USR_DIR = /Applications/Xcode.app/Contents/Developer/Platforms/iPhoneSimulator.platform/Developer/usr
               PLATFORM_DIR = /Applications/Xcode.app/Contents/Developer/Platforms/iPhoneSimulator.platform
               PLATFORM_DISPLAY_NAME = iOS Simulator
               PLATFORM_FAMILY_NAME = iOS
               PLATFORM_NAME = iphonesimulator
               PLATFORM_PREFERRED_ARCH = x86_64
               PLATFORM_PRODUCT_BUILD_VERSION = 22E235
               PLATFORM_REQUIRES_SWIFT_AUTOLINK_EXTRACT = NO
               PLATFORM_REQUIRES_SWIFT_MODULEWRAP = NO
               PLIST_FILE_OUTPUT_FORMAT = binary
               PLUGINS_FOLDER_PATH = FirebaseFirestore_Privacy.bundle/PlugIns
               PODS_BUILD_DIR = /Users/otislewis/arena/build/ios
               PODS_CONFIGURATION_BUILD_DIR = /Users/otislewis/arena/build/ios/Release-iphonesimulator
               PODS_DEVELOPMENT_LANGUAGE = en
               PODS_ROOT = /Users/otislewis/arena/ios/Pods
               PODS_TARGET_SRCROOT = /Users/otislewis/arena/ios/Pods/FirebaseFirestore
               PODS_XCFRAMEWORKS_BUILD_DIR = /Users/otislewis/arena/build/ios/Release-iphonesimulator/XCFrameworkIntermediates
               PRECOMPS_INCLUDE_HEADERS_FROM_BUILT_PRODUCTS_DIR = YES
               PRECOMP_DESTINATION_DIR = /Users/otislewis/arena/build/ios/Pods.build/Release-iphonesimulator/FirebaseFirestore-FirebaseFirestore_Privacy.build/PrefixHeaders
               PRIVATE_HEADERS_FOLDER_PATH = FirebaseFirestore_Privacy.bundle/PrivateHeaders
               PROCESSED_INFOPLIST_PATH = /Users/otislewis/arena/build/ios/Pods.build/Release-iphonesimulator/FirebaseFirestore-FirebaseFirestore_Privacy.build/Objects-normal/undefined_arch/Processed-Info.plist
               PRODUCT_BUNDLE_IDENTIFIER = org.cocoapods.FirebaseFirestore-Privacy
               PRODUCT_BUNDLE_PACKAGE_TYPE = BNDL
               PRODUCT_MODULE_NAME = FirebaseFirestore_Privacy
               PRODUCT_NAME = FirebaseFirestore_Privacy
               PRODUCT_SETTINGS_PATH = /Users/otislewis/arena/ios/Pods/Target Support Files/FirebaseFirestore/ResourceBundle-FirebaseFirestore_Privacy-FirebaseFirestore-Info.plist
               PRODUCT_TYPE = com.apple.product-type.bundle
               PROFILING_CODE = NO
               PROJECT = Pods
               PROJECT_DERIVED_FILE_DIR = /Users/otislewis/arena/build/ios/Pods.build/DerivedSources
               PROJECT_DIR = /Users/otislewis/arena/ios/Pods
               PROJECT_FILE_PATH = /Users/otislewis/arena/ios/Pods/Pods.xcodeproj
               PROJECT_GUID = bfdfe7dc352907fc980b868725387e98
               PROJECT_NAME = Pods
               PROJECT_TEMP_DIR = /Users/otislewis/arena/build/ios/Pods.build
               PROJECT_TEMP_ROOT = /Users/otislewis/arena/build/ios
               PUBLIC_HEADERS_FOLDER_PATH = FirebaseFirestore_Privacy.bundle/Headers
               RECOMMENDED_IPHONEOS_DEPLOYMENT_TARGET = 15.0
               RECURSIVE_SEARCH_PATHS_FOLLOW_SYMLINKS = YES
               REMOVE_CVS_FROM_RESOURCES = YES
               REMOVE_GIT_FROM_RESOURCES = YES
               REMOVE_HEADERS_FROM_EMBEDDED_BUNDLES = YES
               REMOVE_HG_FROM_RESOURCES = YES
               REMOVE_STATIC_EXECUTABLES_FROM_EMBEDDED_BUNDLES = YES
               REMOVE_SVN_FROM_RESOURCES = YES
               RESCHEDULE_INDEPENDENT_HEADERS_PHASES = YES
               REZ_COLLECTOR_DIR = /Users/otislewis/arena/build/ios/Pods.build/Release-iphonesimulator/FirebaseFirestore-FirebaseFirestore_Privacy.build/ResourceManagerResources
               REZ_OBJECTS_DIR = /Users/otislewis/arena/build/ios/Pods.build/Release-iphonesimulator/FirebaseFirestore-FirebaseFirestore_Privacy.build/ResourceManagerResources/Objects
               REZ_SEARCH_PATHS = /Users/otislewis/arena/build/ios/Release-iphonesimulator/FirebaseFirestore 
               SCAN_ALL_SOURCE_FILES_FOR_INCLUDES = NO
               SCRIPTS_FOLDER_PATH = FirebaseFirestore_Privacy.bundle/Scripts
               SDKROOT = /Applications/Xcode.app/Contents/Developer/Platforms/iPhoneSimulator.platform/Developer/SDKs/iPhoneSimulator18.4.sdk
               SDK_DIR = /Applications/Xcode.app/Contents/Developer/Platforms/iPhoneSimulator.platform/Developer/SDKs/iPhoneSimulator18.4.sdk
               SDK_DIR_iphonesimulator = /Applications/Xcode.app/Contents/Developer/Platforms/iPhoneSimulator.platform/Developer/SDKs/iPhoneSimulator18.4.sdk
               SDK_DIR_iphonesimulator18_4 = /Applications/Xcode.app/Contents/Developer/Platforms/iPhoneSimulator.platform/Developer/SDKs/iPhoneSimulator18.4.sdk
               SDK_NAME = iphonesimulator18.4
               SDK_NAMES = iphonesimulator18.4
               SDK_PRODUCT_BUILD_VERSION = 22E235
               SDK_STAT_CACHE_DIR = /var/folders/4y/xy3fflts0nqfk1tsxg0t3mmr0000gn/C/com.apple.DeveloperTools/16.3-16E140/Xcode
               SDK_STAT_CACHE_ENABLE = YES
               SDK_STAT_CACHE_PATH = /var/folders/4y/xy3fflts0nqfk1tsxg0t3mmr0000gn/C/com.apple.DeveloperTools/16.3-16E140/Xcode/SDKStatCaches.noindex/iphonesimulator18.4-22E235-71825a6d136aa4733edcbe86ece5525b.sdkstatcache
               SDK_VERSION = 18.4
               SDK_VERSION_ACTUAL = 180400
               SDK_VERSION_MAJOR = 180000
               SDK_VERSION_MINOR = 180400
               SED = /usr/bin/sed
               SEPARATE_STRIP = NO
               SEPARATE_SYMBOL_EDIT = NO
               SET_DIR_MODE_OWNER_GROUP = YES
               SET_FILE_MODE_OWNER_GROUP = NO
               SHALLOW_BUNDLE = YES
               SHALLOW_BUNDLE_TRIPLE = ios-simulator
               SHALLOW_BUNDLE_ios_macabi = NO
               SHALLOW_BUNDLE_macos = NO
               SHARED_DERIVED_FILE_DIR = /Users/otislewis/arena/build/ios/Release-iphonesimulator/FirebaseFirestore/DerivedSources
               SHARED_FRAMEWORKS_FOLDER_PATH = FirebaseFirestore_Privacy.bundle/SharedFrameworks
               SHARED_PRECOMPS_DIR = /Users/otislewis/arena/build/ios/SharedPrecompiledHeaders
               SHARED_SUPPORT_FOLDER_PATH = FirebaseFirestore_Privacy.bundle/SharedSupport
               SKIP_INSTALL = YES
               SOURCE_ROOT = /Users/otislewis/arena/ios/Pods
               SRCROOT = /Users/otislewis/arena/ios/Pods
               STRINGSDATA_DIR = /Users/otislewis/arena/build/ios/Pods.build/Release-iphonesimulator/FirebaseFirestore-FirebaseFirestore_Privacy.build/Objects-normal/undefined_arch
               STRINGSDATA_ROOT = /Users/otislewis/arena/build/ios/Pods.build/Release-iphonesimulator/FirebaseFirestore-FirebaseFirestore_Privacy.build
               STRINGS_FILE_INFOPLIST_RENAME = YES
               STRINGS_FILE_OUTPUT_ENCODING = binary
               STRIP_BITCODE_FROM_COPIED_FILES = NO
               STRIP_INSTALLED_PRODUCT = NO
               STRIP_STYLE = non-global
               STRIP_SWIFT_SYMBOLS = YES
               SUPPORTED_DEVICE_FAMILIES = 1,2
               SUPPORTED_PLATFORMS = iphoneos iphonesimulator
               SUPPORTS_TEXT_BASED_API = NO
               SUPPRESS_WARNINGS = NO
               SWIFT_COMPILATION_MODE = wholemodule
               SWIFT_EMIT_LOC_STRINGS = NO
               SWIFT_OPTIMIZATION_LEVEL = -O
               SWIFT_PLATFORM_TARGET_PREFIX = ios
               SWIFT_VERSION = 5.0
               SYMROOT = /Users/otislewis/arena/ios/build
               SYSTEM_ADMIN_APPS_DIR = /Applications/Utilities
               SYSTEM_APPS_DIR = /Applications
               SYSTEM_CORE_SERVICES_DIR = /System/Library/CoreServices
               SYSTEM_DEMOS_DIR = /Applications/Extras
               SYSTEM_DEVELOPER_APPS_DIR = /Applications/Xcode.app/Contents/Developer/Applications
               SYSTEM_DEVELOPER_BIN_DIR = /Applications/Xcode.app/Contents/Developer/usr/bin
               SYSTEM_DEVELOPER_DEMOS_DIR = /Applications/Xcode.app/Contents/Developer/Applications/Utilities/Built Examples
               SYSTEM_DEVELOPER_DIR = /Applications/Xcode.app/Contents/Developer
               SYSTEM_DEVELOPER_DOC_DIR = /Applications/Xcode.app/Contents/Developer/ADC Reference Library
               SYSTEM_DEVELOPER_GRAPHICS_TOOLS_DIR = /Applications/Xcode.app/Contents/Developer/Applications/Graphics Tools
               SYSTEM_DEVELOPER_JAVA_TOOLS_DIR = /Applications/Xcode.app/Contents/Developer/Applications/Java Tools
               SYSTEM_DEVELOPER_PERFORMANCE_TOOLS_DIR = /Applications/Xcode.app/Contents/Developer/Applications/Performance Tools
               SYSTEM_DEVELOPER_RELEASENOTES_DIR = /Applications/Xcode.app/Contents/Developer/ADC Reference Library/releasenotes
               SYSTEM_DEVELOPER_TOOLS = /Applications/Xcode.app/Contents/Developer/Tools
               SYSTEM_DEVELOPER_TOOLS_DOC_DIR = /Applications/Xcode.app/Contents/Developer/ADC Reference Library/documentation/DeveloperTools
               SYSTEM_DEVELOPER_TOOLS_RELEASENOTES_DIR = /Applications/Xcode.app/Contents/Developer/ADC Reference Library/releasenotes/DeveloperTools
               SYSTEM_DEVELOPER_USR_DIR = /Applications/Xcode.app/Contents/Developer/usr
               SYSTEM_DEVELOPER_UTILITIES_DIR = /Applications/Xcode.app/Contents/Developer/Applications/Utilities
               SYSTEM_DEXT_INSTALL_PATH = /System/Library/DriverExtensions
               SYSTEM_DOCUMENTATION_DIR = /Library/Documentation
               SYSTEM_EXTENSIONS_FOLDER_PATH = FirebaseFirestore_Privacy.bundle/SystemExtensions
               SYSTEM_EXTENSIONS_FOLDER_PATH_SHALLOW_BUNDLE_NO = FirebaseFirestore_Privacy.bundle/Library/SystemExtensions
               SYSTEM_EXTENSIONS_FOLDER_PATH_SHALLOW_BUNDLE_YES = FirebaseFirestore_Privacy.bundle/SystemExtensions
               SYSTEM_KEXT_INSTALL_PATH = /System/Library/Extensions
               SYSTEM_LIBRARY_DIR = /System/Library
               TAPI_DEMANGLE = YES
               TAPI_ENABLE_PROJECT_HEADERS = NO
               TAPI_LANGUAGE = objective-c
               TAPI_LANGUAGE_STANDARD = compiler-default
               TAPI_USE_SRCROOT = YES
               TAPI_VERIFY_MODE = Pedantic
               TARGETED_DEVICE_FAMILY = 1,2
               TARGETNAME = FirebaseFirestore-FirebaseFirestore_Privacy
               TARGET_BUILD_DIR = /Users/otislewis/arena/build/ios/Release-iphonesimulator/FirebaseFirestore
               TARGET_NAME = FirebaseFirestore-FirebaseFirestore_Privacy
               TARGET_TEMP_DIR = /Users/otislewis/arena/build/ios/Pods.build/Release-iphonesimulator/FirebaseFirestore-FirebaseFirestore_Privacy.build
               TEMP_DIR = /Users/otislewis/arena/build/ios/Pods.build/Release-iphonesimulator/FirebaseFirestore-FirebaseFirestore_Privacy.build
               TEMP_FILES_DIR = /Users/otislewis/arena/build/ios/Pods.build/Release-iphonesimulator/FirebaseFirestore-FirebaseFirestore_Privacy.build
               TEMP_FILE_DIR = /Users/otislewis/arena/build/ios/Pods.build/Release-iphonesimulator/FirebaseFirestore-FirebaseFirestore_Privacy.build
               TEMP_ROOT = /Users/otislewis/arena/build/ios
               TEMP_SANDBOX_DIR = /Users/otislewis/arena/build/ios/TemporaryTaskSandboxes
               TEST_FRAMEWORK_SEARCH_PATHS =  /Applications/Xcode.app/Contents/Developer/Platforms/iPhoneSimulator.platform/Developer/Library/Frameworks /Applications/Xcode.app/Contents/Developer/Platforms/iPhoneSimulator.platform/Developer/SDKs/iPhoneSimulator18.4.sdk/Developer/Library/Frameworks
               TEST_LIBRARY_SEARCH_PATHS =  /Applications/Xcode.app/Contents/Developer/Platforms/iPhoneSimulator.platform/Developer/usr/lib
               TOOLCHAINS = com.apple.dt.toolchain.XcodeDefault
               TOOLCHAIN_DIR = /Applications/Xcode.app/Contents/Developer/Toolchains/XcodeDefault.xctoolchain
               TREAT_MISSING_BASELINES_AS_TEST_FAILURES = NO
               TREAT_MISSING_SCRIPT_PHASE_OUTPUTS_AS_ERRORS = NO
               UID = 501
               UNINSTALLED_PRODUCTS_DIR = /Users/otislewis/arena/build/ios/UninstalledProducts
               UNLOCALIZED_RESOURCES_FOLDER_PATH = FirebaseFirestore_Privacy.bundle
               UNLOCALIZED_RESOURCES_FOLDER_PATH_SHALLOW_BUNDLE_NO = FirebaseFirestore_Privacy.bundle/Resources
               UNLOCALIZED_RESOURCES_FOLDER_PATH_SHALLOW_BUNDLE_YES = FirebaseFirestore_Privacy.bundle
               UNSTRIPPED_PRODUCT = NO
               USER = otislewis
               USER_APPS_DIR = /Users/otislewis/Applications
               USER_LIBRARY_DIR = /Users/otislewis/Library
               USE_DYNAMIC_NO_PIC = YES
               USE_HEADERMAP = YES
               USE_HEADER_SYMLINKS = NO
               USE_RECURSIVE_SCRIPT_INPUTS_IN_SCRIPT_PHASES = YES
               VALIDATE_DEVELOPMENT_ASSET_PATHS = YES_ERROR
               VALIDATE_PRODUCT = NO
               VALID_ARCHS = arm64
               VERBOSE_PBXCP = NO
               VERSIONPLIST_PATH = FirebaseFirestore_Privacy.bundle/version.plist
               VERSION_INFO_BUILDER = otislewis
               VERSION_INFO_FILE = FirebaseFirestore_Privacy_vers.c
               VERSION_INFO_STRING = "@(#)PROGRAM:FirebaseFirestore_Privacy  PROJECT:Pods-"
               WORKSPACE_DIR = /Users/otislewis/arena/ios/Pods/Pods.xcodeproj
               WRAPPER_EXTENSION = bundle
               WRAPPER_NAME = FirebaseFirestore_Privacy.bundle
               WRAPPER_SUFFIX = .bundle
               WRAP_ASSET_PACKS_IN_SEPARATE_DIRECTORIES = NO
               XCODE_APP_SUPPORT_DIR = /Applications/Xcode.app/Contents/Developer/Library/Xcode
               XCODE_PRODUCT_BUILD_VERSION = 16E140
               XCODE_VERSION_ACTUAL = 1630
               XCODE_VERSION_MAJOR = 1600
               XCODE_VERSION_MINOR = 1630
               XPCSERVICES_FOLDER_PATH = FirebaseFirestore_Privacy.bundle/XPCServices
               YACC = yacc
               _DISCOVER_COMMAND_LINE_LINKER_INPUTS = YES
               _DISCOVER_COMMAND_LINE_LINKER_INPUTS_INCLUDE_WL = YES
               _WRAPPER_CONTENTS_DIR_SHALLOW_BUNDLE_NO = /Contents
               _WRAPPER_PARENT_PATH_SHALLOW_BUNDLE_NO = /..
               _WRAPPER_RESOURCES_DIR_SHALLOW_BUNDLE_NO = /Resources
               __DIAGNOSE_DEPRECATED_ARCHS = YES
               arch = undefined_arch
               variant = normal

           Build settings for action build and target FirebaseFirestoreInternal:
               ACTION = build
               AD_HOC_CODE_SIGNING_ALLOWED = YES
               ALLOW_BUILD_REQUEST_OVERRIDES = NO
               ALLOW_TARGET_PLATFORM_SPECIALIZATION = NO
               ALTERNATE_GROUP = staff
               ALTERNATE_MODE = u+w,go-w,a+rX
               ALTERNATE_OWNER = otislewis
               ALTERNATIVE_DISTRIBUTION_WEB = NO
               ALWAYS_EMBED_SWIFT_STANDARD_LIBRARIES = NO
               ALWAYS_SEARCH_USER_PATHS = NO
               ALWAYS_USE_SEPARATE_HEADERMAPS = NO
               APPLICATION_EXTENSION_API_ONLY = NO
               APPLY_RULES_IN_COPY_FILES = NO
               APPLY_RULES_IN_COPY_HEADERS = NO
               APP_SHORTCUTS_ENABLE_FLEXIBLE_MATCHING = YES
               ARCHS_STANDARD = arm64 x86_64
               ARCHS_STANDARD_32_64_BIT = arm64 x86_64
               ARCHS_STANDARD_64_BIT = arm64 x86_64
               ARCHS_STANDARD_INCLUDING_64_BIT = arm64 x86_64
               ARCHS_UNIVERSAL_IPHONE_OS = arm64 x86_64
               AUTOMATICALLY_MERGE_DEPENDENCIES = NO
               AVAILABLE_PLATFORMS = android appletvos appletvsimulator driverkit iphoneos iphonesimulator macosx qnx watchos watchsimulator xros xrsimulator
               BITCODE_GENERATION_MODE = marker
               BUILD_ACTIVE_RESOURCES_ONLY = NO
               BUILD_COMPONENTS = headers build
               BUILD_DIR = /Users/otislewis/arena/build/ios
               BUILD_LIBRARY_FOR_DISTRIBUTION = NO
               BUILD_ROOT = /Users/otislewis/arena/ios/build
               BUILD_STYLE = 
               BUILD_VARIANTS = normal
               BUILT_PRODUCTS_DIR = /Users/otislewis/arena/build/ios/Release-iphonesimulator/FirebaseFirestoreInternal
               BUNDLE_CONTENTS_FOLDER_PATH_deep = Contents/
               BUNDLE_EXECUTABLE_FOLDER_NAME_deep = MacOS
               BUNDLE_EXTENSIONS_FOLDER_PATH = Extensions
               BUNDLE_FORMAT = shallow
               BUNDLE_FRAMEWORKS_FOLDER_PATH = Frameworks
               BUNDLE_PLUGINS_FOLDER_PATH = PlugIns
               BUNDLE_PRIVATE_HEADERS_FOLDER_PATH = PrivateHeaders
               BUNDLE_PUBLIC_HEADERS_FOLDER_PATH = Headers
               CACHE_ROOT = /var/folders/4y/xy3fflts0nqfk1tsxg0t3mmr0000gn/C/com.apple.DeveloperTools/16.3-16E140/Xcode
               CCHROOT = /var/folders/4y/xy3fflts0nqfk1tsxg0t3mmr0000gn/C/com.apple.DeveloperTools/16.3-16E140/Xcode
               CHMOD = /bin/chmod
               CHOWN = /usr/sbin/chown
               CLANG_ANALYZER_LOCALIZABILITY_NONLOCALIZED = YES
               CLANG_ANALYZER_NONNULL = YES
               CLANG_ANALYZER_NUMBER_OBJECT_CONVERSION = YES_AGGRESSIVE
               CLANG_CACHE_FINE_GRAINED_OUTPUTS = YES
               CLANG_CXX_LANGUAGE_STANDARD = c++14
               CLANG_CXX_LIBRARY = libc++
               CLANG_ENABLE_EXPLICIT_MODULES = YES
               CLANG_ENABLE_MODULES = YES
               CLANG_ENABLE_OBJC_ARC = YES
               CLANG_ENABLE_OBJC_WEAK = NO
               CLANG_MODULES_BUILD_SESSION_FILE = /var/folders/4y/xy3fflts0nqfk1tsxg0t3mmr0000gn/C/org.llvm.clang/ModuleCache.noindex/Session.modulevalidation
               CLANG_WARN_BLOCK_CAPTURE_AUTORELEASING = YES
               CLANG_WARN_BOOL_CONVERSION = YES
               CLANG_WARN_COMMA = YES
               CLANG_WARN_CONSTANT_CONVERSION = YES
               CLANG_WARN_DEPRECATED_OBJC_IMPLEMENTATIONS = YES
               CLANG_WARN_DIRECT_OBJC_ISA_USAGE = YES_ERROR
               CLANG_WARN_DOCUMENTATION_COMMENTS = YES
               CLANG_WARN_EMPTY_BODY = YES
               CLANG_WARN_ENUM_CONVERSION = YES
               CLANG_WARN_INFINITE_RECURSION = YES
               CLANG_WARN_INT_CONVERSION = YES
               CLANG_WARN_NON_LITERAL_NULL_CONVERSION = YES
               CLANG_WARN_OBJC_IMPLICIT_RETAIN_SELF = YES
               CLANG_WARN_OBJC_LITERAL_CONVERSION = YES
               CLANG_WARN_OBJC_ROOT_CLASS = YES_ERROR
               CLANG_WARN_QUOTED_INCLUDE_IN_FRAMEWORK_HEADER = NO
               CLANG_WARN_RANGE_LOOP_ANALYSIS = YES
               CLANG_WARN_STRICT_PROTOTYPES = YES
               CLANG_WARN_SUSPICIOUS_MOVE = YES
               CLANG_WARN_UNGUARDED_AVAILABILITY = YES_AGGRESSIVE
               CLANG_WARN_UNREACHABLE_CODE = YES
               CLANG_WARN__DUPLICATE_METHOD_MATCH = YES
               CLASS_FILE_DIR = /Users/otislewis/arena/build/ios/Pods.build/Release-iphonesimulator/FirebaseFirestoreInternal.build/JavaClasses
               CLEAN_PRECOMPS = YES
               CLONE_HEADERS = NO
               CODESIGNING_FOLDER_PATH = /Users/otislewis/arena/build/ios/Release-iphonesimulator/FirebaseFirestoreInternal/FirebaseFirestoreInternal.framework
               CODE_SIGNING_ALLOWED = YES
               CODE_SIGNING_REQUIRED = NO
               CODE_SIGNING_REQUIRES_TEAM = YES
               CODE_SIGN_CONTEXT_CLASS = XCiPhoneSimulatorCodeSignContext
               CODE_SIGN_IDENTITY = -
               CODE_SIGN_INJECT_BASE_ENTITLEMENTS = YES
               COLOR_DIAGNOSTICS = NO
               COMBINE_HIDPI_IMAGES = NO
               COMPILATION_CACHE_CAS_PATH = /var/folders/4y/xy3fflts0nqfk1tsxg0t3mmr0000gn/C/com.apple.DeveloperTools/16.3-16E140/Xcode/CompilationCache.noindex
               COMPILATION_CACHE_KEEP_CAS_DIRECTORY = YES
               COMPILER_INDEX_STORE_ENABLE = Default
               COMPOSITE_SDK_DIRS = /Users/otislewis/arena/build/ios/CompositeSDKs
               COMPRESS_PNG_FILES = YES
               CONFIGURATION = Release
               CONFIGURATION_BUILD_DIR = /Users/otislewis/arena/build/ios/Release-iphonesimulator/FirebaseFirestoreInternal
               CONFIGURATION_TEMP_DIR = /Users/otislewis/arena/build/ios/Pods.build/Release-iphonesimulator
               CONTENTS_FOLDER_PATH = FirebaseFirestoreInternal.framework
               CONTENTS_FOLDER_PATH_SHALLOW_BUNDLE_NO = FirebaseFirestoreInternal.framework/A
               CONTENTS_FOLDER_PATH_SHALLOW_BUNDLE_YES = FirebaseFirestoreInternal.framework
               COPYING_PRESERVES_HFS_DATA = NO
               COPY_HEADERS_RUN_UNIFDEF = NO
               COPY_PHASE_STRIP = NO
               CORRESPONDING_DEVICE_PLATFORM_DIR = /Applications/Xcode.app/Contents/Developer/Platforms/iPhoneOS.platform
               CORRESPONDING_DEVICE_PLATFORM_NAME = iphoneos
               CORRESPONDING_DEVICE_SDK_DIR = /Applications/Xcode.app/Contents/Developer/Platforms/iPhoneOS.platform/Developer/SDKs/iPhoneOS18.4.sdk
               CORRESPONDING_DEVICE_SDK_NAME = iphoneos18.4
               CP = /bin/cp
               CREATE_INFOPLIST_SECTION_IN_BINARY = NO
               CURRENT_ARCH = undefined_arch
               CURRENT_PROJECT_VERSION = 1
               CURRENT_VARIANT = normal
               CURRENT_VERSION = Current
               DEAD_CODE_STRIPPING = YES
               DEBUGGING_SYMBOLS = YES
               DEBUG_INFORMATION_FORMAT = dwarf-with-dsym
               DEBUG_INFORMATION_VERSION = compiler-default
               DEFAULT_COMPILER = com.apple.compilers.llvm.clang.1_0
               DEFAULT_DEXT_INSTALL_PATH = /System/Library/DriverExtensions
               DEFAULT_KEXT_INSTALL_PATH = /System/Library/Extensions
               DEFINES_MODULE = YES
               DEPLOYMENT_LOCATION = NO
               DEPLOYMENT_POSTPROCESSING = NO
               DEPLOYMENT_TARGET_SETTING_NAME = IPHONEOS_DEPLOYMENT_TARGET
               DEPLOYMENT_TARGET_SUGGESTED_VALUES = 12.0 12.1 12.2 12.3 12.4 13.0 13.1 13.2 13.3 13.4 13.5 13.6 14.0 14.1 14.2 14.3 14.4 14.5 14.6 14.7 15.0 15.1 15.2 15.3 15.4 15.5 15.6 16.0 16.1 16.2 16.3 16.4 16.5 16.6 17.0 17.1 17.2 17.3 17.4 17.5 17.6 18.0 18.1 18.2 18.3 18.4
               DERIVED_FILES_DIR = /Users/otislewis/arena/build/ios/Pods.build/Release-iphonesimulator/FirebaseFirestoreInternal.build/DerivedSources
               DERIVED_FILE_DIR = /Users/otislewis/arena/build/ios/Pods.build/Release-iphonesimulator/FirebaseFirestoreInternal.build/DerivedSources
               DERIVED_SOURCES_DIR = /Users/otislewis/arena/build/ios/Pods.build/Release-iphonesimulator/FirebaseFirestoreInternal.build/DerivedSources
               DEVELOPER_APPLICATIONS_DIR = /Applications/Xcode.app/Contents/Developer/Applications
               DEVELOPER_BIN_DIR = /Applications/Xcode.app/Contents/Developer/usr/bin
               DEVELOPER_DIR = /Applications/Xcode.app/Contents/Developer
               DEVELOPER_FRAMEWORKS_DIR = /Applications/Xcode.app/Contents/Developer/Library/Frameworks
               DEVELOPER_FRAMEWORKS_DIR_QUOTED = /Applications/Xcode.app/Contents/Developer/Library/Frameworks
               DEVELOPER_LIBRARY_DIR = /Applications/Xcode.app/Contents/Developer/Library
               DEVELOPER_SDK_DIR = /Applications/Xcode.app/Contents/Developer/Platforms/MacOSX.platform/Developer/SDKs
               DEVELOPER_TOOLS_DIR = /Applications/Xcode.app/Contents/Developer/Tools
               DEVELOPER_USR_DIR = /Applications/Xcode.app/Contents/Developer/usr
               DEVELOPMENT_LANGUAGE = en
               DIAGNOSE_MISSING_TARGET_DEPENDENCIES = YES
               DIFF = /usr/bin/diff
               DOCUMENTATION_FOLDER_PATH = FirebaseFirestoreInternal.framework/en.lproj/Documentation
               DONT_GENERATE_INFOPLIST_FILE = NO
               DSTROOT = /tmp/Pods.dst
               DT_TOOLCHAIN_DIR = /Applications/Xcode.app/Contents/Developer/Toolchains/XcodeDefault.xctoolchain
               DWARF_DSYM_FILE_NAME = FirebaseFirestoreInternal.framework.dSYM
               DWARF_DSYM_FILE_SHOULD_ACCOMPANY_PRODUCT = NO
               DWARF_DSYM_FOLDER_PATH = /Users/otislewis/arena/build/ios/Release-iphonesimulator/FirebaseFirestoreInternal
               DYLIB_COMPATIBILITY_VERSION = 1
               DYLIB_CURRENT_VERSION = 1
               DYLIB_INSTALL_NAME_BASE = @rpath
               DYNAMIC_LIBRARY_EXTENSION = dylib
               EAGER_COMPILATION_ALLOW_SCRIPTS = NO
               EAGER_LINKING = NO
               EFFECTIVE_PLATFORM_NAME = -iphonesimulator
               EMBEDDED_CONTENT_CONTAINS_SWIFT = NO
               EMBED_ASSET_PACKS_IN_PRODUCT_BUNDLE = NO
               ENABLE_APP_SANDBOX = NO
               ENABLE_BITCODE = NO
               ENABLE_CODE_COVERAGE = YES
               ENABLE_DEFAULT_HEADER_SEARCH_PATHS = YES
               ENABLE_DEFAULT_SEARCH_PATHS = YES
               ENABLE_HARDENED_RUNTIME = NO
               ENABLE_HEADER_DEPENDENCIES = YES
               ENABLE_INCOMING_NETWORK_CONNECTIONS = NO
               ENABLE_MODULE_VERIFIER = NO
               ENABLE_NS_ASSERTIONS = NO
               ENABLE_ON_DEMAND_RESOURCES = NO
               ENABLE_OUTGOING_NETWORK_CONNECTIONS = NO
               ENABLE_RESOURCE_ACCESS_AUDIO_INPUT = NO
               ENABLE_RESOURCE_ACCESS_BLUETOOTH = NO
               ENABLE_RESOURCE_ACCESS_CALENDARS = NO
               ENABLE_RESOURCE_ACCESS_CAMERA = NO
               ENABLE_RESOURCE_ACCESS_CONTACTS = NO
               ENABLE_RESOURCE_ACCESS_LOCATION = NO
               ENABLE_RESOURCE_ACCESS_PRINTING = NO
               ENABLE_RESOURCE_ACCESS_USB = NO
               ENABLE_SDK_IMPORTS = NO
               ENABLE_STRICT_OBJC_MSGSEND = YES
               ENABLE_TESTABILITY = NO
               ENABLE_TESTING_SEARCH_PATHS = NO
               ENABLE_USER_SCRIPT_SANDBOXING = NO
               ENFORCE_VALID_ARCHS = YES
               ENTITLEMENTS_DESTINATION = __entitlements
               ENTITLEMENTS_REQUIRED = NO
               EXCLUDED_ARCHS = arm64
               EXCLUDED_INSTALLSRC_SUBDIRECTORY_PATTERNS = .DS_Store .svn .git .hg CVS
               EXCLUDED_RECURSIVE_SEARCH_PATH_SUBDIRECTORIES = *.nib *.lproj *.framework *.gch *.xcode* *.xcassets (*) .DS_Store CVS .svn .git .hg *.pbproj *.pbxproj
               EXECUTABLES_FOLDER_PATH = FirebaseFirestoreInternal.framework/en.lproj
               EXECUTABLE_FOLDER_PATH = FirebaseFirestoreInternal.framework
               EXECUTABLE_FOLDER_PATH_SHALLOW_BUNDLE_NO = FirebaseFirestoreInternal.framework
               EXECUTABLE_FOLDER_PATH_SHALLOW_BUNDLE_YES = FirebaseFirestoreInternal.framework
               EXECUTABLE_NAME = FirebaseFirestoreInternal
               EXECUTABLE_PATH = FirebaseFirestoreInternal.framework/FirebaseFirestoreInternal
               EXTENSIONS_FOLDER_PATH = FirebaseFirestoreInternal.framework/Extensions
               FILE_LIST = /Users/otislewis/arena/build/ios/Pods.build/Release-iphonesimulator/FirebaseFirestoreInternal.build/Objects/LinkFileList
               FIXED_FILES_DIR = /Users/otislewis/arena/build/ios/Pods.build/Release-iphonesimulator/FirebaseFirestoreInternal.build/FixedFiles
               FRAMEWORKS_FOLDER_PATH = FirebaseFirestoreInternal.framework/Frameworks
               FRAMEWORK_FLAG_PREFIX = -framework
               FRAMEWORK_SEARCH_PATHS = /Users/otislewis/arena/build/ios/Release-iphonesimulator/FirebaseFirestoreInternal  "/Users/otislewis/arena/build/ios/Release-iphonesimulator/BoringSSL-GRPC" "/Users/otislewis/arena/build/ios/Release-iphonesimulator/FirebaseAppCheckInterop" "/Users/otislewis/arena/build/ios/Release-iphonesimulator/FirebaseCore" "/Users/otislewis/arena/build/ios/Release-iphonesimulator/FirebaseCoreInternal" "/Users/otislewis/arena/build/ios/Release-iphonesimulator/GoogleUtilities" "/Users/otislewis/arena/build/ios/Release-iphonesimulator/PromisesObjC" "/Users/otislewis/arena/build/ios/Release-iphonesimulator/abseil" "/Users/otislewis/arena/build/ios/Release-iphonesimulator/gRPC-C++" "/Users/otislewis/arena/build/ios/Release-iphonesimulator/gRPC-Core" "/Users/otislewis/arena/build/ios/Release-iphonesimulator/leveldb-library" "/Users/otislewis/arena/build/ios/Release-iphonesimulator/nanopb"
               FRAMEWORK_VERSION = A
               FULL_PRODUCT_NAME = FirebaseFirestoreInternal.framework
               FUSE_BUILD_PHASES = YES
               FUSE_BUILD_SCRIPT_PHASES = NO
               GCC3_VERSION = 3.3
               GCC_C_LANGUAGE_STANDARD = c99
               GCC_INLINES_ARE_PRIVATE_EXTERN = YES
               GCC_NO_COMMON_BLOCKS = YES
               GCC_OBJC_LEGACY_DISPATCH = YES
               GCC_PFE_FILE_C_DIALECTS = c objective-c c++ objective-c++
               GCC_PREPROCESSOR_DEFINITIONS = POD_CONFIGURATION_RELEASE=1  COCOAPODS=1 FIRFirestore_VERSION=10.25.0 PB_FIELD_32BIT=1 PB_NO_PACKED_STRUCTS=1 PB_ENABLE_MALLOC=1
               GCC_TREAT_WARNINGS_AS_ERRORS = NO
               GCC_VERSION = com.apple.compilers.llvm.clang.1_0
               GCC_VERSION_IDENTIFIER = com_apple_compilers_llvm_clang_1_0
               GCC_WARN_64_TO_32_BIT_CONVERSION = YES
               GCC_WARN_ABOUT_RETURN_TYPE = YES_ERROR
               GCC_WARN_UNDECLARED_SELECTOR = YES
               GCC_WARN_UNINITIALIZED_AUTOS = YES_AGGRESSIVE
               GCC_WARN_UNUSED_FUNCTION = YES
               GCC_WARN_UNUSED_VARIABLE = YES
               GENERATED_MODULEMAP_DIR = /Users/otislewis/arena/build/ios/GeneratedModuleMaps-iphonesimulator
               GENERATE_INFOPLIST_FILE = NO
               GENERATE_INTERMEDIATE_TEXT_BASED_STUBS = YES
               GENERATE_MASTER_OBJECT_FILE = NO
               GENERATE_PKGINFO_FILE = NO
               GENERATE_PROFILING_CODE = NO
               GENERATE_TEXT_BASED_STUBS = NO
               GID = 20
               GROUP = staff
               HEADERMAP_INCLUDES_FLAT_ENTRIES_FOR_TARGET_BEING_BUILT = YES
               HEADERMAP_INCLUDES_FRAMEWORK_ENTRIES_FOR_ALL_PRODUCT_TYPES = YES
               HEADERMAP_INCLUDES_FRAMEWORK_ENTRIES_FOR_TARGETS_NOT_BEING_BUILT = YES
               HEADERMAP_INCLUDES_NONPUBLIC_NONPRIVATE_HEADERS = YES
               HEADERMAP_INCLUDES_PROJECT_HEADERS = YES
               HEADERMAP_USES_FRAMEWORK_PREFIX_ENTRIES = YES
               HEADERMAP_USES_VFS = YES
               HEADER_SEARCH_PATHS = /Users/otislewis/arena/build/ios/Release-iphonesimulator/FirebaseFirestoreInternal/include  "/Users/otislewis/arena/ios/Pods/FirebaseFirestoreInternal" "/Users/otislewis/arena/ios/Pods/FirebaseFirestoreInternal/Firestore/Source/Public" "/Users/otislewis/arena/ios/Pods/nanopb" "/Users/otislewis/arena/ios/Pods/FirebaseFirestoreInternal/Firestore/Protos/nanopb"
               HIDE_BITCODE_SYMBOLS = YES
               HOME = /Users/otislewis
               HOST_ARCH = arm64
               HOST_PLATFORM = macosx
               ICONV = /usr/bin/iconv
               IMPLICIT_DEPENDENCY_DOMAIN = default
               INFOPLIST_ENABLE_CFBUNDLEICONS_MERGE = YES
               INFOPLIST_EXPAND_BUILD_SETTINGS = YES
               INFOPLIST_FILE = Target Support Files/FirebaseFirestoreInternal/FirebaseFirestoreInternal-Info.plist
               INFOPLIST_OUTPUT_FORMAT = binary
               INFOPLIST_PATH = FirebaseFirestoreInternal.framework/Info.plist
               INFOPLIST_PREPROCESS = NO
               INFOSTRINGS_PATH = FirebaseFirestoreInternal.framework/en.lproj/InfoPlist.strings
               INLINE_PRIVATE_FRAMEWORKS = NO
               INSTALLAPI_IGNORE_SKIP_INSTALL = YES
               INSTALLHDRS_COPY_PHASE = NO
               INSTALLHDRS_SCRIPT_PHASE = NO
               INSTALL_DIR = /tmp/Pods.dst/Library/Frameworks
               INSTALL_GROUP = staff
               INSTALL_MODE_FLAG = u+w,go-w,a+rX
               INSTALL_OWNER = otislewis
               INSTALL_PATH = /Library/Frameworks
               INSTALL_ROOT = /tmp/Pods.dst
               IPHONEOS_DEPLOYMENT_TARGET = 13.0
               IS_UNOPTIMIZED_BUILD = NO
               JAVAC_DEFAULT_FLAGS = -J-Xms64m -J-XX:NewSize=4M -J-Dfile.encoding=UTF8
               JAVA_APP_STUB = /System/Library/Frameworks/JavaVM.framework/Resources/MacOS/JavaApplicationStub
               JAVA_ARCHIVE_CLASSES = YES
               JAVA_ARCHIVE_TYPE = JAR
               JAVA_COMPILER = /usr/bin/javac
               JAVA_FOLDER_PATH = FirebaseFirestoreInternal.framework/Java
               JAVA_FRAMEWORK_RESOURCES_DIRS = Resources
               JAVA_JAR_FLAGS = cv
               JAVA_SOURCE_SUBDIR = .
               JAVA_USE_DEPENDENCIES = YES
               JAVA_ZIP_FLAGS = -urg
               JIKES_DEFAULT_FLAGS = +E +OLDCSO
               KEEP_PRIVATE_EXTERNS = NO
               LD_DEPENDENCY_INFO_FILE = /Users/otislewis/arena/build/ios/Pods.build/Release-iphonesimulator/FirebaseFirestoreInternal.build/Objects-normal/undefined_arch/FirebaseFirestoreInternal_dependency_info.dat
               LD_DYLIB_INSTALL_NAME = @rpath/FirebaseFirestoreInternal.framework/FirebaseFirestoreInternal
               LD_EXPORT_SYMBOLS = YES
               LD_GENERATE_MAP_FILE = NO
               LD_MAP_FILE_PATH = /Users/otislewis/arena/build/ios/Pods.build/Release-iphonesimulator/FirebaseFirestoreInternal.build/FirebaseFirestoreInternal-LinkMap-normal-undefined_arch.txt
               LD_NO_PIE = NO
               LD_QUOTE_LINKER_ARGUMENTS_FOR_COMPILER_DRIVER = YES
               LD_RUNPATH_SEARCH_PATHS =  @executable_path/Frameworks @loader_path/Frameworks
               LD_SHARED_CACHE_ELIGIBLE = Automatic
               LD_WARN_DUPLICATE_LIBRARIES = NO
               LD_WARN_UNUSED_DYLIBS = NO
               LEGACY_DEVELOPER_DIR = /Applications/Xcode.app/Contents/PlugIns/Xcode3Core.ideplugin/Contents/SharedSupport/Developer
               LEX = lex
               LIBRARY_DEXT_INSTALL_PATH = /Library/DriverExtensions
               LIBRARY_FLAG_NOSPACE = YES
               LIBRARY_FLAG_PREFIX = -l
               LIBRARY_KEXT_INSTALL_PATH = /Library/Extensions
               LIBRARY_SEARCH_PATHS = /Users/otislewis/arena/build/ios/Release-iphonesimulator/FirebaseFirestoreInternal 
               LINKER_DISPLAYS_MANGLED_NAMES = NO
               LINK_OBJC_RUNTIME = YES
               LINK_WITH_STANDARD_LIBRARIES = YES
               LLVM_TARGET_TRIPLE_OS_VERSION = ios13.0
               LLVM_TARGET_TRIPLE_SUFFIX = -simulator
               LLVM_TARGET_TRIPLE_VENDOR = apple
               LOCALIZATION_EXPORT_SUPPORTED = YES
               LOCALIZATION_PREFERS_STRING_CATALOGS = NO
               LOCALIZED_RESOURCES_FOLDER_PATH = FirebaseFirestoreInternal.framework/en.lproj
               LOCALIZED_STRING_MACRO_NAMES = NSLocalizedString CFCopyLocalizedString
               LOCALIZED_STRING_SWIFTUI_SUPPORT = YES
               LOCAL_ADMIN_APPS_DIR = /Applications/Utilities
               LOCAL_APPS_DIR = /Applications
               LOCAL_DEVELOPER_DIR = /Library/Developer
               LOCAL_LIBRARY_DIR = /Library
               LOCROOT = /Users/otislewis/arena/ios/Pods
               LOCSYMROOT = /Users/otislewis/arena/ios/Pods
               MACH_O_TYPE = mh_dylib
               MAC_OS_X_PRODUCT_BUILD_VERSION = 24F74
               MAC_OS_X_VERSION_ACTUAL = 150500
               MAC_OS_X_VERSION_MAJOR = 150000
               MAC_OS_X_VERSION_MINOR = 150500
               MAKE_MERGEABLE = NO
               MERGEABLE_LIBRARY = NO
               MERGED_BINARY_TYPE = none
               MERGE_LINKED_LIBRARIES = NO
               METAL_LIBRARY_FILE_BASE = default
               METAL_LIBRARY_OUTPUT_DIR = /Users/otislewis/arena/build/ios/Release-iphonesimulator/FirebaseFirestoreInternal/FirebaseFirestoreInternal.framework
               MODULEMAP_FILE = Target Support Files/FirebaseFirestoreInternal/FirebaseFirestoreInternal.modulemap
               MODULES_FOLDER_PATH = FirebaseFirestoreInternal.framework/Modules
               MTL_ENABLE_DEBUG_INFO = NO
               MTL_FAST_MATH = YES
               NATIVE_ARCH = arm64
               NATIVE_ARCH_32_BIT = arm
               NATIVE_ARCH_64_BIT = arm64
               NATIVE_ARCH_ACTUAL = arm64
               NO_COMMON = YES
               OBJC_ABI_VERSION = 2
               OBJECT_FILE_DIR = /Users/otislewis/arena/build/ios/Pods.build/Release-iphonesimulator/FirebaseFirestoreInternal.build/Objects
               OBJECT_FILE_DIR_normal = /Users/otislewis/arena/build/ios/Pods.build/Release-iphonesimulator/FirebaseFirestoreInternal.build/Objects-normal
               OBJROOT = /Users/otislewis/arena/build/ios
               ONLY_ACTIVE_ARCH = NO
               OS = MACOS
               OSAC = /usr/bin/osacompile
               OTHER_LDFLAGS =  -l"c++" -framework "FirebaseAppCheckInterop" -framework "FirebaseCore" -framework "Foundation" -framework "SystemConfiguration" -framework "UIKit" -framework "absl" -framework "grpc" -framework "grpcpp" -framework "leveldb" -framework "nanopb"
               PACKAGE_TYPE = com.apple.package-type.wrapper.framework
               PASCAL_STRINGS = YES
               PATH = /Applications/Xcode.app/Contents/SharedFrameworks/SwiftBuild.framework/Versions/A/PlugIns/SWBBuildService.bundle/Contents/PlugIns/SWBUniversalPlatformPlugin.bundle/Contents/Frameworks/SWBUniversalPlatform.framework/Resources:/Applications/Xcode.app/Contents/Developer/Toolchains/XcodeDefault.xctoolchain/usr/bin:/Applications/Xcode.app/Contents/Developer/Toolchains/XcodeDefault.xctoolchain/usr/local/bin:/Applications/Xcode.app/Contents/Developer/Toolchains/XcodeDefault.xctoolchain/usr/libexec:/Applications/Xcode.app/Contents/Developer/Platforms/iPhoneSimulator.platform/usr/bin:/Applications/Xcode.app/Contents/Developer/Platforms/iPhoneSimulator.platform/usr/local/bin:/Applications/Xcode.app/Contents/Developer/Platforms/iPhoneSimulator.platform/Developer/usr/bin:/Applications/Xcode.app/Contents/Developer/Platforms/iPhoneSimulator.platform/Developer/usr/local/bin:/Applications/Xcode.app/Contents/Developer/usr/bin:/Applications/Xcode.app/Contents/Developer/usr/local/bin:/Users/otislewis/.gem/ruby/3.3.0/bin:/opt/homebrew/bin:/opt/homebrew/sbin:/usr/local/bin:/System/Cryptexes/App/usr/bin:/usr/bin:/bin:/usr/sbin:/sbin:/var/run/com.apple.security.cryptexd/codex.system/bootstrap/usr/local/bin:/var/run/com.apple.security.cryptexd/codex.system/bootstrap/usr/bin:/var/run/com.apple.security.cryptexd/codex.system/bootstrap/usr/appleinternal/bin:/Library/Apple/usr/bin:/opt/homebrew/Caskroom/flutter/3.32.0/flutter/bin:/Users/otislewis/Library/Android/sdk/emulator:/Users/otislewis/Library/Android/sdk/tools:/Users/otislewis/Library/Android/sdk/tools/bin:/Users/otislewis/Library/Android/sdk/platform-tools:/opt/homebrew/Caskroom/flutter/3.32.0/flutter/bin/cache/dart-sdk/bin
               PATH_PREFIXES_EXCLUDED_FROM_HEADER_DEPENDENCIES = /usr/include /usr/local/include /System/Library/Frameworks /System/Library/PrivateFrameworks /Applications/Xcode.app/Contents/Developer/Headers /Applications/Xcode.app/Contents/Developer/SDKs /Applications/Xcode.app/Contents/Developer/Platforms
               PBDEVELOPMENTPLIST_PATH = FirebaseFirestoreInternal.framework/pbdevelopment.plist
               PER_ARCH_MODULE_FILE_DIR = /Users/otislewis/arena/build/ios/Pods.build/Release-iphonesimulator/FirebaseFirestoreInternal.build/Objects-normal/undefined_arch
               PER_ARCH_OBJECT_FILE_DIR = /Users/otislewis/arena/build/ios/Pods.build/Release-iphonesimulator/FirebaseFirestoreInternal.build/Objects-normal/undefined_arch
               PER_VARIANT_OBJECT_FILE_DIR = /Users/otislewis/arena/build/ios/Pods.build/Release-iphonesimulator/FirebaseFirestoreInternal.build/Objects-normal
               PKGINFO_FILE_PATH = /Users/otislewis/arena/build/ios/Pods.build/Release-iphonesimulator/FirebaseFirestoreInternal.build/PkgInfo
               PKGINFO_PATH = FirebaseFirestoreInternal.framework/PkgInfo
               PLATFORM_DEVELOPER_APPLICATIONS_DIR = /Applications/Xcode.app/Contents/Developer/Platforms/iPhoneSimulator.platform/Developer/Applications
               PLATFORM_DEVELOPER_BIN_DIR = /Applications/Xcode.app/Contents/Developer/Platforms/iPhoneSimulator.platform/Developer/usr/bin
               PLATFORM_DEVELOPER_LIBRARY_DIR = /Applications/Xcode.app/Contents/Developer/Platforms/iPhoneSimulator.platform/Developer/Library
               PLATFORM_DEVELOPER_SDK_DIR = /Applications/Xcode.app/Contents/Developer/Platforms/iPhoneSimulator.platform/Developer/SDKs
               PLATFORM_DEVELOPER_TOOLS_DIR = /Applications/Xcode.app/Contents/Developer/Platforms/iPhoneSimulator.platform/Developer/Tools
               PLATFORM_DEVELOPER_USR_DIR = /Applications/Xcode.app/Contents/Developer/Platforms/iPhoneSimulator.platform/Developer/usr
               PLATFORM_DIR = /Applications/Xcode.app/Contents/Developer/Platforms/iPhoneSimulator.platform
               PLATFORM_DISPLAY_NAME = iOS Simulator
               PLATFORM_FAMILY_NAME = iOS
               PLATFORM_NAME = iphonesimulator
               PLATFORM_PREFERRED_ARCH = x86_64
               PLATFORM_PRODUCT_BUILD_VERSION = 22E235
               PLATFORM_REQUIRES_SWIFT_AUTOLINK_EXTRACT = NO
               PLATFORM_REQUIRES_SWIFT_MODULEWRAP = NO
               PLIST_FILE_OUTPUT_FORMAT = binary
               PLUGINS_FOLDER_PATH = FirebaseFirestoreInternal.framework/PlugIns
               PODS_BUILD_DIR = /Users/otislewis/arena/build/ios
               PODS_CONFIGURATION_BUILD_DIR = /Users/otislewis/arena/build/ios/Release-iphonesimulator
               PODS_DEVELOPMENT_LANGUAGE = en
               PODS_ROOT = /Users/otislewis/arena/ios/Pods
               PODS_TARGET_SRCROOT = /Users/otislewis/arena/ios/Pods/FirebaseFirestoreInternal
               PODS_XCFRAMEWORKS_BUILD_DIR = /Users/otislewis/arena/build/ios/Release-iphonesimulator/XCFrameworkIntermediates
               PRECOMPS_INCLUDE_HEADERS_FROM_BUILT_PRODUCTS_DIR = YES
               PRECOMP_DESTINATION_DIR = /Users/otislewis/arena/build/ios/Pods.build/Release-iphonesimulator/FirebaseFirestoreInternal.build/PrefixHeaders
               PRIVATE_HEADERS_FOLDER_PATH = FirebaseFirestoreInternal.framework/PrivateHeaders
               PROCESSED_INFOPLIST_PATH = /Users/otislewis/arena/build/ios/Pods.build/Release-iphonesimulator/FirebaseFirestoreInternal.build/Objects-normal/undefined_arch/Processed-Info.plist
               PRODUCT_BUNDLE_IDENTIFIER = org.cocoapods.FirebaseFirestoreInternal
               PRODUCT_BUNDLE_PACKAGE_TYPE = FMWK
               PRODUCT_MODULE_NAME = FirebaseFirestoreInternal
               PRODUCT_NAME = FirebaseFirestoreInternal
               PRODUCT_SETTINGS_PATH = /Users/otislewis/arena/ios/Pods/Target Support Files/FirebaseFirestoreInternal/FirebaseFirestoreInternal-Info.plist
               PRODUCT_TYPE = com.apple.product-type.framework
               PROFILING_CODE = NO
               PROJECT = Pods
               PROJECT_DERIVED_FILE_DIR = /Users/otislewis/arena/build/ios/Pods.build/DerivedSources
               PROJECT_DIR = /Users/otislewis/arena/ios/Pods
               PROJECT_FILE_PATH = /Users/otislewis/arena/ios/Pods/Pods.xcodeproj
               PROJECT_GUID = bfdfe7dc352907fc980b868725387e98
               PROJECT_NAME = Pods
               PROJECT_TEMP_DIR = /Users/otislewis/arena/build/ios/Pods.build
               PROJECT_TEMP_ROOT = /Users/otislewis/arena/build/ios
               PUBLIC_HEADERS_FOLDER_PATH = FirebaseFirestoreInternal.framework/Headers
               RECOMMENDED_IPHONEOS_DEPLOYMENT_TARGET = 15.0
               RECURSIVE_SEARCH_PATHS_FOLLOW_SYMLINKS = YES
               REMOVE_CVS_FROM_RESOURCES = YES
               REMOVE_GIT_FROM_RESOURCES = YES
               REMOVE_HEADERS_FROM_EMBEDDED_BUNDLES = YES
               REMOVE_HG_FROM_RESOURCES = YES
               REMOVE_STATIC_EXECUTABLES_FROM_EMBEDDED_BUNDLES = YES
               REMOVE_SVN_FROM_RESOURCES = YES
               RESCHEDULE_INDEPENDENT_HEADERS_PHASES = YES
               REZ_COLLECTOR_DIR = /Users/otislewis/arena/build/ios/Pods.build/Release-iphonesimulator/FirebaseFirestoreInternal.build/ResourceManagerResources
               REZ_OBJECTS_DIR = /Users/otislewis/arena/build/ios/Pods.build/Release-iphonesimulator/FirebaseFirestoreInternal.build/ResourceManagerResources/Objects
               REZ_SEARCH_PATHS = /Users/otislewis/arena/build/ios/Release-iphonesimulator/FirebaseFirestoreInternal 
               SCAN_ALL_SOURCE_FILES_FOR_INCLUDES = NO
               SCRIPTS_FOLDER_PATH = FirebaseFirestoreInternal.framework/Scripts
               SDKROOT = /Applications/Xcode.app/Contents/Developer/Platforms/iPhoneSimulator.platform/Developer/SDKs/iPhoneSimulator18.4.sdk
               SDK_DIR = /Applications/Xcode.app/Contents/Developer/Platforms/iPhoneSimulator.platform/Developer/SDKs/iPhoneSimulator18.4.sdk
               SDK_DIR_iphonesimulator = /Applications/Xcode.app/Contents/Developer/Platforms/iPhoneSimulator.platform/Developer/SDKs/iPhoneSimulator18.4.sdk
               SDK_DIR_iphonesimulator18_4 = /Applications/Xcode.app/Contents/Developer/Platforms/iPhoneSimulator.platform/Developer/SDKs/iPhoneSimulator18.4.sdk
               SDK_NAME = iphonesimulator18.4
               SDK_NAMES = iphonesimulator18.4
               SDK_PRODUCT_BUILD_VERSION = 22E235
               SDK_STAT_CACHE_DIR = /var/folders/4y/xy3fflts0nqfk1tsxg0t3mmr0000gn/C/com.apple.DeveloperTools/16.3-16E140/Xcode
               SDK_STAT_CACHE_ENABLE = YES
               SDK_STAT_CACHE_PATH = /var/folders/4y/xy3fflts0nqfk1tsxg0t3mmr0000gn/C/com.apple.DeveloperTools/16.3-16E140/Xcode/SDKStatCaches.noindex/iphonesimulator18.4-22E235-71825a6d136aa4733edcbe86ece5525b.sdkstatcache
               SDK_VERSION = 18.4
               SDK_VERSION_ACTUAL = 180400
               SDK_VERSION_MAJOR = 180000
               SDK_VERSION_MINOR = 180400
               SED = /usr/bin/sed
               SEPARATE_STRIP = NO
               SEPARATE_SYMBOL_EDIT = NO
               SET_DIR_MODE_OWNER_GROUP = YES
               SET_FILE_MODE_OWNER_GROUP = NO
               SHALLOW_BUNDLE = YES
               SHALLOW_BUNDLE_TRIPLE = ios-simulator
               SHALLOW_BUNDLE_ios_macabi = NO
               SHALLOW_BUNDLE_macos = NO
               SHARED_DERIVED_FILE_DIR = /Users/otislewis/arena/build/ios/Release-iphonesimulator/FirebaseFirestoreInternal/DerivedSources
               SHARED_FRAMEWORKS_FOLDER_PATH = FirebaseFirestoreInternal.framework/SharedFrameworks
               SHARED_PRECOMPS_DIR = /Users/otislewis/arena/build/ios/SharedPrecompiledHeaders
               SHARED_SUPPORT_FOLDER_PATH = FirebaseFirestoreInternal.framework
               SKIP_INSTALL = YES
               SOURCE_ROOT = /Users/otislewis/arena/ios/Pods
               SRCROOT = /Users/otislewis/arena/ios/Pods
               STRINGSDATA_DIR = /Users/otislewis/arena/build/ios/Pods.build/Release-iphonesimulator/FirebaseFirestoreInternal.build/Objects-normal/undefined_arch
               STRINGSDATA_ROOT = /Users/otislewis/arena/build/ios/Pods.build/Release-iphonesimulator/FirebaseFirestoreInternal.build
               STRINGS_FILE_INFOPLIST_RENAME = YES
               STRINGS_FILE_OUTPUT_ENCODING = binary
               STRIP_BITCODE_FROM_COPIED_FILES = NO
               STRIP_INSTALLED_PRODUCT = NO
               STRIP_STYLE = debugging
               STRIP_SWIFT_SYMBOLS = YES
               SUPPORTED_DEVICE_FAMILIES = 1,2
               SUPPORTED_PLATFORMS = iphoneos iphonesimulator
               SUPPORTS_TEXT_BASED_API = NO
               SUPPRESS_WARNINGS = NO
               SWIFT_ACTIVE_COMPILATION_CONDITIONS =  
               SWIFT_COMPILATION_MODE = wholemodule
               SWIFT_EMIT_LOC_STRINGS = NO
               SWIFT_INSTALL_MODULE_FOR_DEPLOYMENT = YES
               SWIFT_INSTALL_OBJC_HEADER = YES
               SWIFT_OPTIMIZATION_LEVEL = -O
               SWIFT_PLATFORM_TARGET_PREFIX = ios
               SWIFT_VERSION = 5.3
               SYMROOT = /Users/otislewis/arena/ios/build
               SYSTEM_ADMIN_APPS_DIR = /Applications/Utilities
               SYSTEM_APPS_DIR = /Applications
               SYSTEM_CORE_SERVICES_DIR = /System/Library/CoreServices
               SYSTEM_DEMOS_DIR = /Applications/Extras
               SYSTEM_DEVELOPER_APPS_DIR = /Applications/Xcode.app/Contents/Developer/Applications
               SYSTEM_DEVELOPER_BIN_DIR = /Applications/Xcode.app/Contents/Developer/usr/bin
               SYSTEM_DEVELOPER_DEMOS_DIR = /Applications/Xcode.app/Contents/Developer/Applications/Utilities/Built Examples
               SYSTEM_DEVELOPER_DIR = /Applications/Xcode.app/Contents/Developer
               SYSTEM_DEVELOPER_DOC_DIR = /Applications/Xcode.app/Contents/Developer/ADC Reference Library
               SYSTEM_DEVELOPER_GRAPHICS_TOOLS_DIR = /Applications/Xcode.app/Contents/Developer/Applications/Graphics Tools
               SYSTEM_DEVELOPER_JAVA_TOOLS_DIR = /Applications/Xcode.app/Contents/Developer/Applications/Java Tools
               SYSTEM_DEVELOPER_PERFORMANCE_TOOLS_DIR = /Applications/Xcode.app/Contents/Developer/Applications/Performance Tools
               SYSTEM_DEVELOPER_RELEASENOTES_DIR = /Applications/Xcode.app/Contents/Developer/ADC Reference Library/releasenotes
               SYSTEM_DEVELOPER_TOOLS = /Applications/Xcode.app/Contents/Developer/Tools
               SYSTEM_DEVELOPER_TOOLS_DOC_DIR = /Applications/Xcode.app/Contents/Developer/ADC Reference Library/documentation/DeveloperTools
               SYSTEM_DEVELOPER_TOOLS_RELEASENOTES_DIR = /Applications/Xcode.app/Contents/Developer/ADC Reference Library/releasenotes/DeveloperTools
               SYSTEM_DEVELOPER_USR_DIR = /Applications/Xcode.app/Contents/Developer/usr
               SYSTEM_DEVELOPER_UTILITIES_DIR = /Applications/Xcode.app/Contents/Developer/Applications/Utilities
               SYSTEM_DEXT_INSTALL_PATH = /System/Library/DriverExtensions
               SYSTEM_DOCUMENTATION_DIR = /Library/Documentation
               SYSTEM_EXTENSIONS_FOLDER_PATH = FirebaseFirestoreInternal.framework/SystemExtensions
               SYSTEM_EXTENSIONS_FOLDER_PATH_SHALLOW_BUNDLE_NO = FirebaseFirestoreInternal.framework/Library/SystemExtensions
               SYSTEM_EXTENSIONS_FOLDER_PATH_SHALLOW_BUNDLE_YES = FirebaseFirestoreInternal.framework/SystemExtensions
               SYSTEM_KEXT_INSTALL_PATH = /System/Library/Extensions
               SYSTEM_LIBRARY_DIR = /System/Library
               TAPI_DEMANGLE = YES
               TAPI_ENABLE_PROJECT_HEADERS = NO
               TAPI_LANGUAGE = objective-c
               TAPI_LANGUAGE_STANDARD = compiler-default
               TAPI_USE_SRCROOT = YES
               TAPI_VERIFY_MODE = Pedantic
               TARGETED_DEVICE_FAMILY = 1,2
               TARGETNAME = FirebaseFirestoreInternal
               TARGET_BUILD_DIR = /Users/otislewis/arena/build/ios/Release-iphonesimulator/FirebaseFirestoreInternal
               TARGET_NAME = FirebaseFirestoreInternal
               TARGET_TEMP_DIR = /Users/otislewis/arena/build/ios/Pods.build/Release-iphonesimulator/FirebaseFirestoreInternal.build
               TEMP_DIR = /Users/otislewis/arena/build/ios/Pods.build/Release-iphonesimulator/FirebaseFirestoreInternal.build
               TEMP_FILES_DIR = /Users/otislewis/arena/build/ios/Pods.build/Release-iphonesimulator/FirebaseFirestoreInternal.build
               TEMP_FILE_DIR = /Users/otislewis/arena/build/ios/Pods.build/Release-iphonesimulator/FirebaseFirestoreInternal.build
               TEMP_ROOT = /Users/otislewis/arena/build/ios
               TEMP_SANDBOX_DIR = /Users/otislewis/arena/build/ios/TemporaryTaskSandboxes
               TEST_FRAMEWORK_SEARCH_PATHS =  /Applications/Xcode.app/Contents/Developer/Platforms/iPhoneSimulator.platform/Developer/Library/Frameworks /Applications/Xcode.app/Contents/Developer/Platforms/iPhoneSimulator.platform/Developer/SDKs/iPhoneSimulator18.4.sdk/Developer/Library/Frameworks
               TEST_LIBRARY_SEARCH_PATHS =  /Applications/Xcode.app/Contents/Developer/Platforms/iPhoneSimulator.platform/Developer/usr/lib
               TOOLCHAINS = com.apple.dt.toolchain.XcodeDefault
               TOOLCHAIN_DIR = /Applications/Xcode.app/Contents/Developer/Toolchains/XcodeDefault.xctoolchain
               TREAT_MISSING_BASELINES_AS_TEST_FAILURES = NO
               TREAT_MISSING_SCRIPT_PHASE_OUTPUTS_AS_ERRORS = NO
               UID = 501
               UNINSTALLED_PRODUCTS_DIR = /Users/otislewis/arena/build/ios/UninstalledProducts
               UNLOCALIZED_RESOURCES_FOLDER_PATH = FirebaseFirestoreInternal.framework
               UNLOCALIZED_RESOURCES_FOLDER_PATH_SHALLOW_BUNDLE_NO = FirebaseFirestoreInternal.framework/Resources
               UNLOCALIZED_RESOURCES_FOLDER_PATH_SHALLOW_BUNDLE_YES = FirebaseFirestoreInternal.framework
               UNSTRIPPED_PRODUCT = NO
               USER = otislewis
               USER_APPS_DIR = /Users/otislewis/Applications
               USER_LIBRARY_DIR = /Users/otislewis/Library
               USE_DYNAMIC_NO_PIC = YES
               USE_HEADERMAP = YES
               USE_HEADER_SYMLINKS = NO
               USE_RECURSIVE_SCRIPT_INPUTS_IN_SCRIPT_PHASES = YES
               VALIDATE_DEVELOPMENT_ASSET_PATHS = YES_ERROR
               VALIDATE_PRODUCT = YES
               VALID_ARCHS = arm64
               VERBOSE_PBXCP = NO
               VERSIONING_SYSTEM = apple-generic
               VERSIONPLIST_PATH = FirebaseFirestoreInternal.framework/version.plist
               VERSIONS_FOLDER_PATH = FirebaseFirestoreInternal.framework
               VERSIONS_FOLDER_PATH_SHALLOW_BUNDLE_NO = FirebaseFirestoreInternal.framework/Versions
               VERSIONS_FOLDER_PATH_SHALLOW_BUNDLE_YES = FirebaseFirestoreInternal.framework
               VERSION_INFO_BUILDER = otislewis
               VERSION_INFO_FILE = FirebaseFirestoreInternal_vers.c
               VERSION_INFO_STRING = "@(#)PROGRAM:FirebaseFirestoreInternal  PROJECT:Pods-1"
               WORKSPACE_DIR = /Users/otislewis/arena/ios/Pods/Pods.xcodeproj
               WRAPPER_EXTENSION = framework
               WRAPPER_NAME = FirebaseFirestoreInternal.framework
               WRAPPER_SUFFIX = .framework
               WRAP_ASSET_PACKS_IN_SEPARATE_DIRECTORIES = NO
               XCODE_APP_SUPPORT_DIR = /Applications/Xcode.app/Contents/Developer/Library/Xcode
               XCODE_PRODUCT_BUILD_VERSION = 16E140
               XCODE_VERSION_ACTUAL = 1630
               XCODE_VERSION_MAJOR = 1600
               XCODE_VERSION_MINOR = 1630
               XPCSERVICES_FOLDER_PATH = FirebaseFirestoreInternal.framework/XPCServices
               YACC = yacc
               _DISCOVER_COMMAND_LINE_LINKER_INPUTS = YES
               _DISCOVER_COMMAND_LINE_LINKER_INPUTS_INCLUDE_WL = YES
               _WRAPPER_CONTENTS_DIR_SHALLOW_BUNDLE_NO = /Contents
               _WRAPPER_PARENT_PATH_SHALLOW_BUNDLE_NO = /..
               _WRAPPER_RESOURCES_DIR_SHALLOW_BUNDLE_NO = /Resources
               __DIAGNOSE_DEPRECATED_ARCHS = YES
               arch = undefined_arch
               variant = normal

           Build settings for action build and target FirebaseFirestoreInternal-FirebaseFirestoreInternal_Privacy:
               ACTION = build
               AD_HOC_CODE_SIGNING_ALLOWED = YES
               ALLOW_BUILD_REQUEST_OVERRIDES = NO
               ALLOW_TARGET_PLATFORM_SPECIALIZATION = NO
               ALTERNATE_GROUP = staff
               ALTERNATE_MODE = u+w,go-w,a+rX
               ALTERNATE_OWNER = otislewis
               ALTERNATIVE_DISTRIBUTION_WEB = NO
               ALWAYS_EMBED_SWIFT_STANDARD_LIBRARIES = NO
               ALWAYS_SEARCH_USER_PATHS = NO
               ALWAYS_USE_SEPARATE_HEADERMAPS = NO
               APPLICATION_EXTENSION_API_ONLY = NO
               APPLY_RULES_IN_COPY_FILES = NO
               APPLY_RULES_IN_COPY_HEADERS = NO
               APP_SHORTCUTS_ENABLE_FLEXIBLE_MATCHING = YES
               ARCHS_STANDARD = arm64 x86_64
               ARCHS_STANDARD_32_64_BIT = arm64 x86_64
               ARCHS_STANDARD_64_BIT = arm64 x86_64
               ARCHS_STANDARD_INCLUDING_64_BIT = arm64 x86_64
               ARCHS_UNIVERSAL_IPHONE_OS = arm64 x86_64
               AUTOMATICALLY_MERGE_DEPENDENCIES = NO
               AVAILABLE_PLATFORMS = android appletvos appletvsimulator driverkit iphoneos iphonesimulator macosx qnx watchos watchsimulator xros xrsimulator
               BITCODE_GENERATION_MODE = marker
               BUILD_ACTIVE_RESOURCES_ONLY = NO
               BUILD_COMPONENTS = headers build
               BUILD_DIR = /Users/otislewis/arena/build/ios
               BUILD_LIBRARY_FOR_DISTRIBUTION = NO
               BUILD_ROOT = /Users/otislewis/arena/ios/build
               BUILD_STYLE = 
               BUILD_VARIANTS = normal
               BUILT_PRODUCTS_DIR = /Users/otislewis/arena/build/ios/Release-iphonesimulator/FirebaseFirestoreInternal
               BUNDLE_CONTENTS_FOLDER_PATH_deep = Contents/
               BUNDLE_EXECUTABLE_FOLDER_NAME_deep = MacOS
               BUNDLE_EXTENSIONS_FOLDER_PATH = Extensions
               BUNDLE_FORMAT = shallow
               BUNDLE_FRAMEWORKS_FOLDER_PATH = Frameworks
               BUNDLE_PLUGINS_FOLDER_PATH = PlugIns
               BUNDLE_PRIVATE_HEADERS_FOLDER_PATH = PrivateHeaders
               BUNDLE_PUBLIC_HEADERS_FOLDER_PATH = Headers
               CACHE_ROOT = /var/folders/4y/xy3fflts0nqfk1tsxg0t3mmr0000gn/C/com.apple.DeveloperTools/16.3-16E140/Xcode
               CCHROOT = /var/folders/4y/xy3fflts0nqfk1tsxg0t3mmr0000gn/C/com.apple.DeveloperTools/16.3-16E140/Xcode
               CHMOD = /bin/chmod
               CHOWN = /usr/sbin/chown
               CLANG_ANALYZER_LOCALIZABILITY_NONLOCALIZED = YES
               CLANG_ANALYZER_NONNULL = YES
               CLANG_ANALYZER_NUMBER_OBJECT_CONVERSION = YES_AGGRESSIVE
               CLANG_CACHE_FINE_GRAINED_OUTPUTS = YES
               CLANG_CXX_LANGUAGE_STANDARD = c++14
               CLANG_CXX_LIBRARY = libc++
               CLANG_ENABLE_EXPLICIT_MODULES = YES
               CLANG_ENABLE_MODULES = YES
               CLANG_ENABLE_OBJC_ARC = YES
               CLANG_ENABLE_OBJC_WEAK = YES
               CLANG_MODULES_BUILD_SESSION_FILE = /var/folders/4y/xy3fflts0nqfk1tsxg0t3mmr0000gn/C/org.llvm.clang/ModuleCache.noindex/Session.modulevalidation
               CLANG_WARN_BLOCK_CAPTURE_AUTORELEASING = YES
               CLANG_WARN_BOOL_CONVERSION = YES
               CLANG_WARN_COMMA = YES
               CLANG_WARN_CONSTANT_CONVERSION = YES
               CLANG_WARN_DEPRECATED_OBJC_IMPLEMENTATIONS = YES
               CLANG_WARN_DIRECT_OBJC_ISA_USAGE = YES_ERROR
               CLANG_WARN_DOCUMENTATION_COMMENTS = YES
               CLANG_WARN_EMPTY_BODY = YES
               CLANG_WARN_ENUM_CONVERSION = YES
               CLANG_WARN_INFINITE_RECURSION = YES
               CLANG_WARN_INT_CONVERSION = YES
               CLANG_WARN_NON_LITERAL_NULL_CONVERSION = YES
               CLANG_WARN_OBJC_IMPLICIT_RETAIN_SELF = YES
               CLANG_WARN_OBJC_LITERAL_CONVERSION = YES
               CLANG_WARN_OBJC_ROOT_CLASS = YES_ERROR
               CLANG_WARN_QUOTED_INCLUDE_IN_FRAMEWORK_HEADER = NO
               CLANG_WARN_RANGE_LOOP_ANALYSIS = YES
               CLANG_WARN_STRICT_PROTOTYPES = YES
               CLANG_WARN_SUSPICIOUS_MOVE = YES
               CLANG_WARN_UNGUARDED_AVAILABILITY = YES_AGGRESSIVE
               CLANG_WARN_UNREACHABLE_CODE = YES
               CLANG_WARN__DUPLICATE_METHOD_MATCH = YES
               CLASS_FILE_DIR = /Users/otislewis/arena/build/ios/Pods.build/Release-iphonesimulator/FirebaseFirestoreInternal-FirebaseFirestoreInternal_Privacy.build/JavaClasses
               CLEAN_PRECOMPS = YES
               CLONE_HEADERS = NO
               CODESIGNING_FOLDER_PATH = /Users/otislewis/arena/build/ios/Release-iphonesimulator/FirebaseFirestoreInternal/FirebaseFirestoreInternal_Privacy.bundle
               CODE_SIGNING_ALLOWED = NO
               CODE_SIGNING_IDENTITY = -
               CODE_SIGNING_REQUIRED = NO
               CODE_SIGN_CONTEXT_CLASS = XCiPhoneSimulatorCodeSignContext
               CODE_SIGN_IDENTITY = -
               CODE_SIGN_INJECT_BASE_ENTITLEMENTS = YES
               COLOR_DIAGNOSTICS = NO
               COMBINE_HIDPI_IMAGES = NO
               COMPILATION_CACHE_CAS_PATH = /var/folders/4y/xy3fflts0nqfk1tsxg0t3mmr0000gn/C/com.apple.DeveloperTools/16.3-16E140/Xcode/CompilationCache.noindex
               COMPILATION_CACHE_KEEP_CAS_DIRECTORY = YES
               COMPILER_INDEX_STORE_ENABLE = Default
               COMPOSITE_SDK_DIRS = /Users/otislewis/arena/build/ios/CompositeSDKs
               COMPRESS_PNG_FILES = YES
               CONFIGURATION = Release
               CONFIGURATION_BUILD_DIR = /Users/otislewis/arena/build/ios/Release-iphonesimulator/FirebaseFirestoreInternal
               CONFIGURATION_TEMP_DIR = /Users/otislewis/arena/build/ios/Pods.build/Release-iphonesimulator
               CONTENTS_FOLDER_PATH = FirebaseFirestoreInternal_Privacy.bundle
               CONTENTS_FOLDER_PATH_SHALLOW_BUNDLE_NO = FirebaseFirestoreInternal_Privacy.bundle/Contents
               CONTENTS_FOLDER_PATH_SHALLOW_BUNDLE_YES = FirebaseFirestoreInternal_Privacy.bundle
               COPYING_PRESERVES_HFS_DATA = NO
               COPY_HEADERS_RUN_UNIFDEF = NO
               COPY_PHASE_STRIP = NO
               CORRESPONDING_DEVICE_PLATFORM_DIR = /Applications/Xcode.app/Contents/Developer/Platforms/iPhoneOS.platform
               CORRESPONDING_DEVICE_PLATFORM_NAME = iphoneos
               CORRESPONDING_DEVICE_SDK_DIR = /Applications/Xcode.app/Contents/Developer/Platforms/iPhoneOS.platform/Developer/SDKs/iPhoneOS18.4.sdk
               CORRESPONDING_DEVICE_SDK_NAME = iphoneos18.4
               CP = /bin/cp
               CREATE_INFOPLIST_SECTION_IN_BINARY = NO
               CURRENT_ARCH = undefined_arch
               CURRENT_VARIANT = normal
               DEAD_CODE_STRIPPING = YES
               DEBUGGING_SYMBOLS = YES
               DEBUG_INFORMATION_FORMAT = dwarf-with-dsym
               DEBUG_INFORMATION_VERSION = compiler-default
               DEFAULT_COMPILER = com.apple.compilers.llvm.clang.1_0
               DEFAULT_DEXT_INSTALL_PATH = /System/Library/DriverExtensions
               DEFAULT_KEXT_INSTALL_PATH = /System/Library/Extensions
               DEFINES_MODULE = NO
               DEPLOYMENT_LOCATION = NO
               DEPLOYMENT_POSTPROCESSING = NO
               DEPLOYMENT_TARGET_SETTING_NAME = IPHONEOS_DEPLOYMENT_TARGET
               DEPLOYMENT_TARGET_SUGGESTED_VALUES = 12.0 12.1 12.2 12.3 12.4 13.0 13.1 13.2 13.3 13.4 13.5 13.6 14.0 14.1 14.2 14.3 14.4 14.5 14.6 14.7 15.0 15.1 15.2 15.3 15.4 15.5 15.6 16.0 16.1 16.2 16.3 16.4 16.5 16.6 17.0 17.1 17.2 17.3 17.4 17.5 17.6 18.0 18.1 18.2 18.3 18.4
               DERIVED_FILES_DIR = /Users/otislewis/arena/build/ios/Pods.build/Release-iphonesimulator/FirebaseFirestoreInternal-FirebaseFirestoreInternal_Privacy.build/DerivedSources
               DERIVED_FILE_DIR = /Users/otislewis/arena/build/ios/Pods.build/Release-iphonesimulator/FirebaseFirestoreInternal-FirebaseFirestoreInternal_Privacy.build/DerivedSources
               DERIVED_SOURCES_DIR = /Users/otislewis/arena/build/ios/Pods.build/Release-iphonesimulator/FirebaseFirestoreInternal-FirebaseFirestoreInternal_Privacy.build/DerivedSources
               DEVELOPER_APPLICATIONS_DIR = /Applications/Xcode.app/Contents/Developer/Applications
               DEVELOPER_BIN_DIR = /Applications/Xcode.app/Contents/Developer/usr/bin
               DEVELOPER_DIR = /Applications/Xcode.app/Contents/Developer
               DEVELOPER_FRAMEWORKS_DIR = /Applications/Xcode.app/Contents/Developer/Library/Frameworks
               DEVELOPER_FRAMEWORKS_DIR_QUOTED = /Applications/Xcode.app/Contents/Developer/Library/Frameworks
               DEVELOPER_LIBRARY_DIR = /Applications/Xcode.app/Contents/Developer/Library
               DEVELOPER_SDK_DIR = /Applications/Xcode.app/Contents/Developer/Platforms/MacOSX.platform/Developer/SDKs
               DEVELOPER_TOOLS_DIR = /Applications/Xcode.app/Contents/Developer/Tools
               DEVELOPER_USR_DIR = /Applications/Xcode.app/Contents/Developer/usr
               DEVELOPMENT_LANGUAGE = en
               DIAGNOSE_MISSING_TARGET_DEPENDENCIES = YES
               DIFF = /usr/bin/diff
               DOCUMENTATION_FOLDER_PATH = FirebaseFirestoreInternal_Privacy.bundle/en.lproj/Documentation
               DONT_GENERATE_INFOPLIST_FILE = NO
               DSTROOT = /tmp/Pods.dst
               DT_TOOLCHAIN_DIR = /Applications/Xcode.app/Contents/Developer/Toolchains/XcodeDefault.xctoolchain
               DWARF_DSYM_FILE_NAME = FirebaseFirestoreInternal_Privacy.bundle.dSYM
               DWARF_DSYM_FILE_SHOULD_ACCOMPANY_PRODUCT = NO
               DWARF_DSYM_FOLDER_PATH = /Users/otislewis/arena/build/ios/Release-iphonesimulator/FirebaseFirestoreInternal
               DYNAMIC_LIBRARY_EXTENSION = dylib
               EAGER_COMPILATION_ALLOW_SCRIPTS = NO
               EAGER_LINKING = NO
               EFFECTIVE_PLATFORM_NAME = -iphonesimulator
               EMBEDDED_CONTENT_CONTAINS_SWIFT = NO
               EMBED_ASSET_PACKS_IN_PRODUCT_BUNDLE = NO
               ENABLE_APP_SANDBOX = NO
               ENABLE_BITCODE = NO
               ENABLE_CODE_COVERAGE = YES
               ENABLE_DEFAULT_HEADER_SEARCH_PATHS = YES
               ENABLE_DEFAULT_SEARCH_PATHS = YES
               ENABLE_HARDENED_RUNTIME = NO
               ENABLE_HEADER_DEPENDENCIES = YES
               ENABLE_INCOMING_NETWORK_CONNECTIONS = NO
               ENABLE_NS_ASSERTIONS = NO
               ENABLE_ON_DEMAND_RESOURCES = NO
               ENABLE_OUTGOING_NETWORK_CONNECTIONS = NO
               ENABLE_RESOURCE_ACCESS_AUDIO_INPUT = NO
               ENABLE_RESOURCE_ACCESS_BLUETOOTH = NO
               ENABLE_RESOURCE_ACCESS_CALENDARS = NO
               ENABLE_RESOURCE_ACCESS_CAMERA = NO
               ENABLE_RESOURCE_ACCESS_CONTACTS = NO
               ENABLE_RESOURCE_ACCESS_LOCATION = NO
               ENABLE_RESOURCE_ACCESS_PRINTING = NO
               ENABLE_RESOURCE_ACCESS_USB = NO
               ENABLE_SDK_IMPORTS = NO
               ENABLE_STRICT_OBJC_MSGSEND = YES
               ENABLE_TESTABILITY = NO
               ENABLE_TESTING_SEARCH_PATHS = NO
               ENABLE_USER_SCRIPT_SANDBOXING = NO
               ENFORCE_VALID_ARCHS = YES
               ENTITLEMENTS_DESTINATION = __entitlements
               ENTITLEMENTS_REQUIRED = NO
               EXCLUDED_ARCHS = arm64
               EXCLUDED_INSTALLSRC_SUBDIRECTORY_PATTERNS = .DS_Store .svn .git .hg CVS
               EXCLUDED_RECURSIVE_SEARCH_PATH_SUBDIRECTORIES = *.nib *.lproj *.framework *.gch *.xcode* *.xcassets (*) .DS_Store CVS .svn .git .hg *.pbproj *.pbxproj
               EXECUTABLES_FOLDER_PATH = FirebaseFirestoreInternal_Privacy.bundle/Executables
               EXECUTABLE_FOLDER_PATH = FirebaseFirestoreInternal_Privacy.bundle
               EXECUTABLE_FOLDER_PATH_SHALLOW_BUNDLE_NO = FirebaseFirestoreInternal_Privacy.bundle/MacOS
               EXECUTABLE_FOLDER_PATH_SHALLOW_BUNDLE_YES = FirebaseFirestoreInternal_Privacy.bundle
               EXECUTABLE_NAME = FirebaseFirestoreInternal_Privacy
               EXECUTABLE_PATH = FirebaseFirestoreInternal_Privacy.bundle/FirebaseFirestoreInternal_Privacy
               EXPANDED_CODE_SIGN_IDENTITY = -
               EXTENSIONS_FOLDER_PATH = FirebaseFirestoreInternal_Privacy.bundle/Extensions
               FILE_LIST = /Users/otislewis/arena/build/ios/Pods.build/Release-iphonesimulator/FirebaseFirestoreInternal-FirebaseFirestoreInternal_Privacy.build/Objects/LinkFileList
               FIXED_FILES_DIR = /Users/otislewis/arena/build/ios/Pods.build/Release-iphonesimulator/FirebaseFirestoreInternal-FirebaseFirestoreInternal_Privacy.build/FixedFiles
               FRAMEWORKS_FOLDER_PATH = FirebaseFirestoreInternal_Privacy.bundle/Frameworks
               FRAMEWORK_FLAG_PREFIX = -framework
               FRAMEWORK_SEARCH_PATHS = /Users/otislewis/arena/build/ios/Release-iphonesimulator/FirebaseFirestoreInternal  "/Users/otislewis/arena/build/ios/Release-iphonesimulator/BoringSSL-GRPC" "/Users/otislewis/arena/build/ios/Release-iphonesimulator/FirebaseAppCheckInterop" "/Users/otislewis/arena/build/ios/Release-iphonesimulator/FirebaseCore" "/Users/otislewis/arena/build/ios/Release-iphonesimulator/FirebaseCoreInternal" "/Users/otislewis/arena/build/ios/Release-iphonesimulator/GoogleUtilities" "/Users/otislewis/arena/build/ios/Release-iphonesimulator/PromisesObjC" "/Users/otislewis/arena/build/ios/Release-iphonesimulator/abseil" "/Users/otislewis/arena/build/ios/Release-iphonesimulator/gRPC-C++" "/Users/otislewis/arena/build/ios/Release-iphonesimulator/gRPC-Core" "/Users/otislewis/arena/build/ios/Release-iphonesimulator/leveldb-library" "/Users/otislewis/arena/build/ios/Release-iphonesimulator/nanopb"
               FRAMEWORK_VERSION = A
               FULL_PRODUCT_NAME = FirebaseFirestoreInternal_Privacy.bundle
               FUSE_BUILD_PHASES = YES
               FUSE_BUILD_SCRIPT_PHASES = NO
               GCC3_VERSION = 3.3
               GCC_C_LANGUAGE_STANDARD = c99
               GCC_INLINES_ARE_PRIVATE_EXTERN = YES
               GCC_NO_COMMON_BLOCKS = YES
               GCC_OBJC_LEGACY_DISPATCH = YES
               GCC_PFE_FILE_C_DIALECTS = c objective-c c++ objective-c++
               GCC_PREPROCESSOR_DEFINITIONS = POD_CONFIGURATION_RELEASE=1  COCOAPODS=1 FIRFirestore_VERSION=10.25.0 PB_FIELD_32BIT=1 PB_NO_PACKED_STRUCTS=1 PB_ENABLE_MALLOC=1
               GCC_TREAT_WARNINGS_AS_ERRORS = NO
               GCC_VERSION = com.apple.compilers.llvm.clang.1_0
               GCC_VERSION_IDENTIFIER = com_apple_compilers_llvm_clang_1_0
               GCC_WARN_64_TO_32_BIT_CONVERSION = YES
               GCC_WARN_ABOUT_RETURN_TYPE = YES_ERROR
               GCC_WARN_UNDECLARED_SELECTOR = YES
               GCC_WARN_UNINITIALIZED_AUTOS = YES_AGGRESSIVE
               GCC_WARN_UNUSED_FUNCTION = YES
               GCC_WARN_UNUSED_VARIABLE = YES
               GENERATED_MODULEMAP_DIR = /Users/otislewis/arena/build/ios/GeneratedModuleMaps-iphonesimulator
               GENERATE_INFOPLIST_FILE = NO
               GENERATE_INTERMEDIATE_TEXT_BASED_STUBS = YES
               GENERATE_MASTER_OBJECT_FILE = NO
               GENERATE_PKGINFO_FILE = NO
               GENERATE_PROFILING_CODE = NO
               GENERATE_TEXT_BASED_STUBS = NO
               GID = 20
               GROUP = staff
               HEADERMAP_INCLUDES_FLAT_ENTRIES_FOR_TARGET_BEING_BUILT = YES
               HEADERMAP_INCLUDES_FRAMEWORK_ENTRIES_FOR_ALL_PRODUCT_TYPES = YES
               HEADERMAP_INCLUDES_FRAMEWORK_ENTRIES_FOR_TARGETS_NOT_BEING_BUILT = YES
               HEADERMAP_INCLUDES_NONPUBLIC_NONPRIVATE_HEADERS = YES
               HEADERMAP_INCLUDES_PROJECT_HEADERS = YES
               HEADERMAP_USES_FRAMEWORK_PREFIX_ENTRIES = YES
               HEADERMAP_USES_VFS = NO
               HEADER_SEARCH_PATHS = /Users/otislewis/arena/build/ios/Release-iphonesimulator/FirebaseFirestoreInternal/include  "/Users/otislewis/arena/ios/Pods/FirebaseFirestoreInternal" "/Users/otislewis/arena/ios/Pods/FirebaseFirestoreInternal/Firestore/Source/Public" "/Users/otislewis/arena/ios/Pods/nanopb" "/Users/otislewis/arena/ios/Pods/FirebaseFirestoreInternal/Firestore/Protos/nanopb"
               HIDE_BITCODE_SYMBOLS = YES
               HOME = /Users/otislewis
               HOST_ARCH = arm64
               HOST_PLATFORM = macosx
               IBSC_MODULE = FirebaseFirestoreInternal
               ICONV = /usr/bin/iconv
               IMPLICIT_DEPENDENCY_DOMAIN = default
               INFOPLIST_ENABLE_CFBUNDLEICONS_MERGE = YES
               INFOPLIST_EXPAND_BUILD_SETTINGS = YES
               INFOPLIST_FILE = Target Support Files/FirebaseFirestoreInternal/ResourceBundle-FirebaseFirestoreInternal_Privacy-FirebaseFirestoreInternal-Info.plist
               INFOPLIST_OUTPUT_FORMAT = binary
               INFOPLIST_PATH = FirebaseFirestoreInternal_Privacy.bundle/Info.plist
               INFOPLIST_PREPROCESS = NO
               INFOSTRINGS_PATH = FirebaseFirestoreInternal_Privacy.bundle/en.lproj/InfoPlist.strings
               INLINE_PRIVATE_FRAMEWORKS = NO
               INSTALLAPI_IGNORE_SKIP_INSTALL = YES
               INSTALLHDRS_COPY_PHASE = NO
               INSTALLHDRS_SCRIPT_PHASE = NO
               INSTALL_DIR = /tmp/Pods.dst
               INSTALL_GROUP = staff
               INSTALL_MODE_FLAG = u+w,go-w,a+rX
               INSTALL_OWNER = otislewis
               INSTALL_ROOT = /tmp/Pods.dst
               IPHONEOS_DEPLOYMENT_TARGET = 13.0
               IS_UNOPTIMIZED_BUILD = NO
               JAVAC_DEFAULT_FLAGS = -J-Xms64m -J-XX:NewSize=4M -J-Dfile.encoding=UTF8
               JAVA_APP_STUB = /System/Library/Frameworks/JavaVM.framework/Resources/MacOS/JavaApplicationStub
               JAVA_ARCHIVE_CLASSES = YES
               JAVA_ARCHIVE_TYPE = JAR
               JAVA_COMPILER = /usr/bin/javac
               JAVA_FOLDER_PATH = FirebaseFirestoreInternal_Privacy.bundle/Java
               JAVA_FRAMEWORK_RESOURCES_DIRS = Resources
               JAVA_JAR_FLAGS = cv
               JAVA_SOURCE_SUBDIR = .
               JAVA_USE_DEPENDENCIES = YES
               JAVA_ZIP_FLAGS = -urg
               JIKES_DEFAULT_FLAGS = +E +OLDCSO
               KEEP_PRIVATE_EXTERNS = NO
               LD_DEPENDENCY_INFO_FILE = /Users/otislewis/arena/build/ios/Pods.build/Release-iphonesimulator/FirebaseFirestoreInternal-FirebaseFirestoreInternal_Privacy.build/Objects-normal/undefined_arch/FirebaseFirestoreInternal_Privacy_dependency_info.dat
               LD_EXPORT_SYMBOLS = YES
               LD_GENERATE_MAP_FILE = NO
               LD_MAP_FILE_PATH = /Users/otislewis/arena/build/ios/Pods.build/Release-iphonesimulator/FirebaseFirestoreInternal-FirebaseFirestoreInternal_Privacy.build/FirebaseFirestoreInternal_Privacy-LinkMap-normal-undefined_arch.txt
               LD_NO_PIE = NO
               LD_QUOTE_LINKER_ARGUMENTS_FOR_COMPILER_DRIVER = YES
               LD_SHARED_CACHE_ELIGIBLE = Automatic
               LD_WARN_DUPLICATE_LIBRARIES = NO
               LD_WARN_UNUSED_DYLIBS = NO
               LEGACY_DEVELOPER_DIR = /Applications/Xcode.app/Contents/PlugIns/Xcode3Core.ideplugin/Contents/SharedSupport/Developer
               LEX = lex
               LIBRARY_DEXT_INSTALL_PATH = /Library/DriverExtensions
               LIBRARY_FLAG_NOSPACE = YES
               LIBRARY_FLAG_PREFIX = -l
               LIBRARY_KEXT_INSTALL_PATH = /Library/Extensions
               LIBRARY_SEARCH_PATHS = /Users/otislewis/arena/build/ios/Release-iphonesimulator/FirebaseFirestoreInternal 
               LINKER_DISPLAYS_MANGLED_NAMES = NO
               LINK_OBJC_RUNTIME = YES
               LINK_WITH_STANDARD_LIBRARIES = YES
               LLVM_TARGET_TRIPLE_OS_VERSION = ios13.0
               LLVM_TARGET_TRIPLE_SUFFIX = -simulator
               LLVM_TARGET_TRIPLE_VENDOR = apple
               LOCALIZATION_EXPORT_SUPPORTED = YES
               LOCALIZATION_PREFERS_STRING_CATALOGS = NO
               LOCALIZED_RESOURCES_FOLDER_PATH = FirebaseFirestoreInternal_Privacy.bundle/en.lproj
               LOCALIZED_STRING_MACRO_NAMES = NSLocalizedString CFCopyLocalizedString
               LOCALIZED_STRING_SWIFTUI_SUPPORT = YES
               LOCAL_ADMIN_APPS_DIR = /Applications/Utilities
               LOCAL_APPS_DIR = /Applications
               LOCAL_DEVELOPER_DIR = /Library/Developer
               LOCAL_LIBRARY_DIR = /Library
               LOCROOT = /Users/otislewis/arena/ios/Pods
               LOCSYMROOT = /Users/otislewis/arena/ios/Pods
               MACH_O_TYPE = mh_bundle
               MAC_OS_X_PRODUCT_BUILD_VERSION = 24F74
               MAC_OS_X_VERSION_ACTUAL = 150500
               MAC_OS_X_VERSION_MAJOR = 150000
               MAC_OS_X_VERSION_MINOR = 150500
               MAKE_MERGEABLE = NO
               MERGEABLE_LIBRARY = NO
               MERGED_BINARY_TYPE = none
               MERGE_LINKED_LIBRARIES = NO
               METAL_LIBRARY_FILE_BASE = default
               METAL_LIBRARY_OUTPUT_DIR = /Users/otislewis/arena/build/ios/Release-iphonesimulator/FirebaseFirestoreInternal/FirebaseFirestoreInternal_Privacy.bundle
               MODULES_FOLDER_PATH = FirebaseFirestoreInternal_Privacy.bundle/Modules
               MTL_ENABLE_DEBUG_INFO = NO
               MTL_FAST_MATH = YES
               NATIVE_ARCH = arm64
               NATIVE_ARCH_32_BIT = arm
               NATIVE_ARCH_64_BIT = arm64
               NATIVE_ARCH_ACTUAL = arm64
               NO_COMMON = YES
               OBJC_ABI_VERSION = 2
               OBJECT_FILE_DIR = /Users/otislewis/arena/build/ios/Pods.build/Release-iphonesimulator/FirebaseFirestoreInternal-FirebaseFirestoreInternal_Privacy.build/Objects
               OBJECT_FILE_DIR_normal = /Users/otislewis/arena/build/ios/Pods.build/Release-iphonesimulator/FirebaseFirestoreInternal-FirebaseFirestoreInternal_Privacy.build/Objects-normal
               OBJROOT = /Users/otislewis/arena/build/ios
               ONLY_ACTIVE_ARCH = NO
               OS = MACOS
               OSAC = /usr/bin/osacompile
               OTHER_LDFLAGS =  -l"c++" -framework "FirebaseAppCheckInterop" -framework "FirebaseCore" -framework "Foundation" -framework "SystemConfiguration" -framework "UIKit" -framework "absl" -framework "grpc" -framework "grpcpp" -framework "leveldb" -framework "nanopb"
               PACKAGE_TYPE = com.apple.package-type.wrapper
               PASCAL_STRINGS = YES
               PATH = /Applications/Xcode.app/Contents/SharedFrameworks/SwiftBuild.framework/Versions/A/PlugIns/SWBBuildService.bundle/Contents/PlugIns/SWBUniversalPlatformPlugin.bundle/Contents/Frameworks/SWBUniversalPlatform.framework/Resources:/Applications/Xcode.app/Contents/Developer/Toolchains/XcodeDefault.xctoolchain/usr/bin:/Applications/Xcode.app/Contents/Developer/Toolchains/XcodeDefault.xctoolchain/usr/local/bin:/Applications/Xcode.app/Contents/Developer/Toolchains/XcodeDefault.xctoolchain/usr/libexec:/Applications/Xcode.app/Contents/Developer/Platforms/iPhoneSimulator.platform/usr/bin:/Applications/Xcode.app/Contents/Developer/Platforms/iPhoneSimulator.platform/usr/local/bin:/Applications/Xcode.app/Contents/Developer/Platforms/iPhoneSimulator.platform/Developer/usr/bin:/Applications/Xcode.app/Contents/Developer/Platforms/iPhoneSimulator.platform/Developer/usr/local/bin:/Applications/Xcode.app/Contents/Developer/usr/bin:/Applications/Xcode.app/Contents/Developer/usr/local/bin:/Users/otislewis/.gem/ruby/3.3.0/bin:/opt/homebrew/bin:/opt/homebrew/sbin:/usr/local/bin:/System/Cryptexes/App/usr/bin:/usr/bin:/bin:/usr/sbin:/sbin:/var/run/com.apple.security.cryptexd/codex.system/bootstrap/usr/local/bin:/var/run/com.apple.security.cryptexd/codex.system/bootstrap/usr/bin:/var/run/com.apple.security.cryptexd/codex.system/bootstrap/usr/appleinternal/bin:/Library/Apple/usr/bin:/opt/homebrew/Caskroom/flutter/3.32.0/flutter/bin:/Users/otislewis/Library/Android/sdk/emulator:/Users/otislewis/Library/Android/sdk/tools:/Users/otislewis/Library/Android/sdk/tools/bin:/Users/otislewis/Library/Android/sdk/platform-tools:/opt/homebrew/Caskroom/flutter/3.32.0/flutter/bin/cache/dart-sdk/bin
               PATH_PREFIXES_EXCLUDED_FROM_HEADER_DEPENDENCIES = /usr/include /usr/local/include /System/Library/Frameworks /System/Library/PrivateFrameworks /Applications/Xcode.app/Contents/Developer/Headers /Applications/Xcode.app/Contents/Developer/SDKs /Applications/Xcode.app/Contents/Developer/Platforms
               PBDEVELOPMENTPLIST_PATH = FirebaseFirestoreInternal_Privacy.bundle/pbdevelopment.plist
               PER_ARCH_MODULE_FILE_DIR = /Users/otislewis/arena/build/ios/Pods.build/Release-iphonesimulator/FirebaseFirestoreInternal-FirebaseFirestoreInternal_Privacy.build/Objects-normal/undefined_arch
               PER_ARCH_OBJECT_FILE_DIR = /Users/otislewis/arena/build/ios/Pods.build/Release-iphonesimulator/FirebaseFirestoreInternal-FirebaseFirestoreInternal_Privacy.build/Objects-normal/undefined_arch
               PER_VARIANT_OBJECT_FILE_DIR = /Users/otislewis/arena/build/ios/Pods.build/Release-iphonesimulator/FirebaseFirestoreInternal-FirebaseFirestoreInternal_Privacy.build/Objects-normal
               PKGINFO_FILE_PATH = /Users/otislewis/arena/build/ios/Pods.build/Release-iphonesimulator/FirebaseFirestoreInternal-FirebaseFirestoreInternal_Privacy.build/PkgInfo
               PKGINFO_PATH = FirebaseFirestoreInternal_Privacy.bundle/PkgInfo
               PLATFORM_DEVELOPER_APPLICATIONS_DIR = /Applications/Xcode.app/Contents/Developer/Platforms/iPhoneSimulator.platform/Developer/Applications
               PLATFORM_DEVELOPER_BIN_DIR = /Applications/Xcode.app/Contents/Developer/Platforms/iPhoneSimulator.platform/Developer/usr/bin
               PLATFORM_DEVELOPER_LIBRARY_DIR = /Applications/Xcode.app/Contents/Developer/Platforms/iPhoneSimulator.platform/Developer/Library
               PLATFORM_DEVELOPER_SDK_DIR = /Applications/Xcode.app/Contents/Developer/Platforms/iPhoneSimulator.platform/Developer/SDKs
               PLATFORM_DEVELOPER_TOOLS_DIR = /Applications/Xcode.app/Contents/Developer/Platforms/iPhoneSimulator.platform/Developer/Tools
               PLATFORM_DEVELOPER_USR_DIR = /Applications/Xcode.app/Contents/Developer/Platforms/iPhoneSimulator.platform/Developer/usr
               PLATFORM_DIR = /Applications/Xcode.app/Contents/Developer/Platforms/iPhoneSimulator.platform
               PLATFORM_DISPLAY_NAME = iOS Simulator
               PLATFORM_FAMILY_NAME = iOS
               PLATFORM_NAME = iphonesimulator
               PLATFORM_PREFERRED_ARCH = x86_64
               PLATFORM_PRODUCT_BUILD_VERSION = 22E235
               PLATFORM_REQUIRES_SWIFT_AUTOLINK_EXTRACT = NO
               PLATFORM_REQUIRES_SWIFT_MODULEWRAP = NO
               PLIST_FILE_OUTPUT_FORMAT = binary
               PLUGINS_FOLDER_PATH = FirebaseFirestoreInternal_Privacy.bundle/PlugIns
               PODS_BUILD_DIR = /Users/otislewis/arena/build/ios
               PODS_CONFIGURATION_BUILD_DIR = /Users/otislewis/arena/build/ios/Release-iphonesimulator
               PODS_DEVELOPMENT_LANGUAGE = en
               PODS_ROOT = /Users/otislewis/arena/ios/Pods
               PODS_TARGET_SRCROOT = /Users/otislewis/arena/ios/Pods/FirebaseFirestoreInternal
               PODS_XCFRAMEWORKS_BUILD_DIR = /Users/otislewis/arena/build/ios/Release-iphonesimulator/XCFrameworkIntermediates
               PRECOMPS_INCLUDE_HEADERS_FROM_BUILT_PRODUCTS_DIR = YES
               PRECOMP_DESTINATION_DIR = /Users/otislewis/arena/build/ios/Pods.build/Release-iphonesimulator/FirebaseFirestoreInternal-FirebaseFirestoreInternal_Privacy.build/PrefixHeaders
               PRIVATE_HEADERS_FOLDER_PATH = FirebaseFirestoreInternal_Privacy.bundle/PrivateHeaders
               PROCESSED_INFOPLIST_PATH = /Users/otislewis/arena/build/ios/Pods.build/Release-iphonesimulator/FirebaseFirestoreInternal-FirebaseFirestoreInternal_Privacy.build/Objects-normal/undefined_arch/Processed-Info.plist
               PRODUCT_BUNDLE_IDENTIFIER = org.cocoapods.FirebaseFirestoreInternal-Privacy
               PRODUCT_BUNDLE_PACKAGE_TYPE = BNDL
               PRODUCT_MODULE_NAME = FirebaseFirestoreInternal_Privacy
               PRODUCT_NAME = FirebaseFirestoreInternal_Privacy
               PRODUCT_SETTINGS_PATH = /Users/otislewis/arena/ios/Pods/Target Support Files/FirebaseFirestoreInternal/ResourceBundle-FirebaseFirestoreInternal_Privacy-FirebaseFirestoreInternal-Info.plist
               PRODUCT_TYPE = com.apple.product-type.bundle
               PROFILING_CODE = NO
               PROJECT = Pods
               PROJECT_DERIVED_FILE_DIR = /Users/otislewis/arena/build/ios/Pods.build/DerivedSources
               PROJECT_DIR = /Users/otislewis/arena/ios/Pods
               PROJECT_FILE_PATH = /Users/otislewis/arena/ios/Pods/Pods.xcodeproj
               PROJECT_GUID = bfdfe7dc352907fc980b868725387e98
               PROJECT_NAME = Pods
               PROJECT_TEMP_DIR = /Users/otislewis/arena/build/ios/Pods.build
               PROJECT_TEMP_ROOT = /Users/otislewis/arena/build/ios
               PUBLIC_HEADERS_FOLDER_PATH = FirebaseFirestoreInternal_Privacy.bundle/Headers
               RECOMMENDED_IPHONEOS_DEPLOYMENT_TARGET = 15.0
               RECURSIVE_SEARCH_PATHS_FOLLOW_SYMLINKS = YES
               REMOVE_CVS_FROM_RESOURCES = YES
               REMOVE_GIT_FROM_RESOURCES = YES
               REMOVE_HEADERS_FROM_EMBEDDED_BUNDLES = YES
               REMOVE_HG_FROM_RESOURCES = YES
               REMOVE_STATIC_EXECUTABLES_FROM_EMBEDDED_BUNDLES = YES
               REMOVE_SVN_FROM_RESOURCES = YES
               RESCHEDULE_INDEPENDENT_HEADERS_PHASES = YES
               REZ_COLLECTOR_DIR = /Users/otislewis/arena/build/ios/Pods.build/Release-iphonesimulator/FirebaseFirestoreInternal-FirebaseFirestoreInternal_Privacy.build/ResourceManagerResources
               REZ_OBJECTS_DIR = /Users/otislewis/arena/build/ios/Pods.build/Release-iphonesimulator/FirebaseFirestoreInternal-FirebaseFirestoreInternal_Privacy.build/ResourceManagerResources/Objects
               REZ_SEARCH_PATHS = /Users/otislewis/arena/build/ios/Release-iphonesimulator/FirebaseFirestoreInternal 
               SCAN_ALL_SOURCE_FILES_FOR_INCLUDES = NO
               SCRIPTS_FOLDER_PATH = FirebaseFirestoreInternal_Privacy.bundle/Scripts
               SDKROOT = /Applications/Xcode.app/Contents/Developer/Platforms/iPhoneSimulator.platform/Developer/SDKs/iPhoneSimulator18.4.sdk
               SDK_DIR = /Applications/Xcode.app/Contents/Developer/Platforms/iPhoneSimulator.platform/Developer/SDKs/iPhoneSimulator18.4.sdk
               SDK_DIR_iphonesimulator = /Applications/Xcode.app/Contents/Developer/Platforms/iPhoneSimulator.platform/Developer/SDKs/iPhoneSimulator18.4.sdk
               SDK_DIR_iphonesimulator18_4 = /Applications/Xcode.app/Contents/Developer/Platforms/iPhoneSimulator.platform/Developer/SDKs/iPhoneSimulator18.4.sdk
               SDK_NAME = iphonesimulator18.4
               SDK_NAMES = iphonesimulator18.4
               SDK_PRODUCT_BUILD_VERSION = 22E235
               SDK_STAT_CACHE_DIR = /var/folders/4y/xy3fflts0nqfk1tsxg0t3mmr0000gn/C/com.apple.DeveloperTools/16.3-16E140/Xcode
               SDK_STAT_CACHE_ENABLE = YES
               SDK_STAT_CACHE_PATH = /var/folders/4y/xy3fflts0nqfk1tsxg0t3mmr0000gn/C/com.apple.DeveloperTools/16.3-16E140/Xcode/SDKStatCaches.noindex/iphonesimulator18.4-22E235-71825a6d136aa4733edcbe86ece5525b.sdkstatcache
               SDK_VERSION = 18.4
               SDK_VERSION_ACTUAL = 180400
               SDK_VERSION_MAJOR = 180000
               SDK_VERSION_MINOR = 180400
               SED = /usr/bin/sed
               SEPARATE_STRIP = NO
               SEPARATE_SYMBOL_EDIT = NO
               SET_DIR_MODE_OWNER_GROUP = YES
               SET_FILE_MODE_OWNER_GROUP = NO
               SHALLOW_BUNDLE = YES
               SHALLOW_BUNDLE_TRIPLE = ios-simulator
               SHALLOW_BUNDLE_ios_macabi = NO
               SHALLOW_BUNDLE_macos = NO
               SHARED_DERIVED_FILE_DIR = /Users/otislewis/arena/build/ios/Release-iphonesimulator/FirebaseFirestoreInternal/DerivedSources
               SHARED_FRAMEWORKS_FOLDER_PATH = FirebaseFirestoreInternal_Privacy.bundle/SharedFrameworks
               SHARED_PRECOMPS_DIR = /Users/otislewis/arena/build/ios/SharedPrecompiledHeaders
               SHARED_SUPPORT_FOLDER_PATH = FirebaseFirestoreInternal_Privacy.bundle/SharedSupport
               SKIP_INSTALL = YES
               SOURCE_ROOT = /Users/otislewis/arena/ios/Pods
               SRCROOT = /Users/otislewis/arena/ios/Pods
               STRINGSDATA_DIR = /Users/otislewis/arena/build/ios/Pods.build/Release-iphonesimulator/FirebaseFirestoreInternal-FirebaseFirestoreInternal_Privacy.build/Objects-normal/undefined_arch
               STRINGSDATA_ROOT = /Users/otislewis/arena/build/ios/Pods.build/Release-iphonesimulator/FirebaseFirestoreInternal-FirebaseFirestoreInternal_Privacy.build
               STRINGS_FILE_INFOPLIST_RENAME = YES
               STRINGS_FILE_OUTPUT_ENCODING = binary
               STRIP_BITCODE_FROM_COPIED_FILES = NO
               STRIP_INSTALLED_PRODUCT = NO
               STRIP_STYLE = non-global
               STRIP_SWIFT_SYMBOLS = YES
               SUPPORTED_DEVICE_FAMILIES = 1,2
               SUPPORTED_PLATFORMS = iphoneos iphonesimulator
               SUPPORTS_TEXT_BASED_API = NO
               SUPPRESS_WARNINGS = NO
               SWIFT_COMPILATION_MODE = wholemodule
               SWIFT_EMIT_LOC_STRINGS = NO
               SWIFT_OPTIMIZATION_LEVEL = -O
               SWIFT_PLATFORM_TARGET_PREFIX = ios
               SWIFT_VERSION = 5.0
               SYMROOT = /Users/otislewis/arena/ios/build
               SYSTEM_ADMIN_APPS_DIR = /Applications/Utilities
               SYSTEM_APPS_DIR = /Applications
               SYSTEM_CORE_SERVICES_DIR = /System/Library/CoreServices
               SYSTEM_DEMOS_DIR = /Applications/Extras
               SYSTEM_DEVELOPER_APPS_DIR = /Applications/Xcode.app/Contents/Developer/Applications
               SYSTEM_DEVELOPER_BIN_DIR = /Applications/Xcode.app/Contents/Developer/usr/bin
               SYSTEM_DEVELOPER_DEMOS_DIR = /Applications/Xcode.app/Contents/Developer/Applications/Utilities/Built Examples
               SYSTEM_DEVELOPER_DIR = /Applications/Xcode.app/Contents/Developer
               SYSTEM_DEVELOPER_DOC_DIR = /Applications/Xcode.app/Contents/Developer/ADC Reference Library
               SYSTEM_DEVELOPER_GRAPHICS_TOOLS_DIR = /Applications/Xcode.app/Contents/Developer/Applications/Graphics Tools
               SYSTEM_DEVELOPER_JAVA_TOOLS_DIR = /Applications/Xcode.app/Contents/Developer/Applications/Java Tools
               SYSTEM_DEVELOPER_PERFORMANCE_TOOLS_DIR = /Applications/Xcode.app/Contents/Developer/Applications/Performance Tools
               SYSTEM_DEVELOPER_RELEASENOTES_DIR = /Applications/Xcode.app/Contents/Developer/ADC Reference Library/releasenotes
               SYSTEM_DEVELOPER_TOOLS = /Applications/Xcode.app/Contents/Developer/Tools
               SYSTEM_DEVELOPER_TOOLS_DOC_DIR = /Applications/Xcode.app/Contents/Developer/ADC Reference Library/documentation/DeveloperTools
               SYSTEM_DEVELOPER_TOOLS_RELEASENOTES_DIR = /Applications/Xcode.app/Contents/Developer/ADC Reference Library/releasenotes/DeveloperTools
               SYSTEM_DEVELOPER_USR_DIR = /Applications/Xcode.app/Contents/Developer/usr
               SYSTEM_DEVELOPER_UTILITIES_DIR = /Applications/Xcode.app/Contents/Developer/Applications/Utilities
               SYSTEM_DEXT_INSTALL_PATH = /System/Library/DriverExtensions
               SYSTEM_DOCUMENTATION_DIR = /Library/Documentation
               SYSTEM_EXTENSIONS_FOLDER_PATH = FirebaseFirestoreInternal_Privacy.bundle/SystemExtensions
               SYSTEM_EXTENSIONS_FOLDER_PATH_SHALLOW_BUNDLE_NO = FirebaseFirestoreInternal_Privacy.bundle/Library/SystemExtensions
               SYSTEM_EXTENSIONS_FOLDER_PATH_SHALLOW_BUNDLE_YES = FirebaseFirestoreInternal_Privacy.bundle/SystemExtensions
               SYSTEM_KEXT_INSTALL_PATH = /System/Library/Extensions
               SYSTEM_LIBRARY_DIR = /System/Library
               TAPI_DEMANGLE = YES
               TAPI_ENABLE_PROJECT_HEADERS = NO
               TAPI_LANGUAGE = objective-c
               TAPI_LANGUAGE_STANDARD = compiler-default
               TAPI_USE_SRCROOT = YES
               TAPI_VERIFY_MODE = Pedantic
               TARGETED_DEVICE_FAMILY = 1,2
               TARGETNAME = FirebaseFirestoreInternal-FirebaseFirestoreInternal_Privacy
               TARGET_BUILD_DIR = /Users/otislewis/arena/build/ios/Release-iphonesimulator/FirebaseFirestoreInternal
               TARGET_NAME = FirebaseFirestoreInternal-FirebaseFirestoreInternal_Privacy
               TARGET_TEMP_DIR = /Users/otislewis/arena/build/ios/Pods.build/Release-iphonesimulator/FirebaseFirestoreInternal-FirebaseFirestoreInternal_Privacy.build
               TEMP_DIR = /Users/otislewis/arena/build/ios/Pods.build/Release-iphonesimulator/FirebaseFirestoreInternal-FirebaseFirestoreInternal_Privacy.build
               TEMP_FILES_DIR = /Users/otislewis/arena/build/ios/Pods.build/Release-iphonesimulator/FirebaseFirestoreInternal-FirebaseFirestoreInternal_Privacy.build
               TEMP_FILE_DIR = /Users/otislewis/arena/build/ios/Pods.build/Release-iphonesimulator/FirebaseFirestoreInternal-FirebaseFirestoreInternal_Privacy.build
               TEMP_ROOT = /Users/otislewis/arena/build/ios
               TEMP_SANDBOX_DIR = /Users/otislewis/arena/build/ios/TemporaryTaskSandboxes
               TEST_FRAMEWORK_SEARCH_PATHS =  /Applications/Xcode.app/Contents/Developer/Platforms/iPhoneSimulator.platform/Developer/Library/Frameworks /Applications/Xcode.app/Contents/Developer/Platforms/iPhoneSimulator.platform/Developer/SDKs/iPhoneSimulator18.4.sdk/Developer/Library/Frameworks
               TEST_LIBRARY_SEARCH_PATHS =  /Applications/Xcode.app/Contents/Developer/Platforms/iPhoneSimulator.platform/Developer/usr/lib
               TOOLCHAINS = com.apple.dt.toolchain.XcodeDefault
               TOOLCHAIN_DIR = /Applications/Xcode.app/Contents/Developer/Toolchains/XcodeDefault.xctoolchain
               TREAT_MISSING_BASELINES_AS_TEST_FAILURES = NO
               TREAT_MISSING_SCRIPT_PHASE_OUTPUTS_AS_ERRORS = NO
               UID = 501
               UNINSTALLED_PRODUCTS_DIR = /Users/otislewis/arena/build/ios/UninstalledProducts
               UNLOCALIZED_RESOURCES_FOLDER_PATH = FirebaseFirestoreInternal_Privacy.bundle
               UNLOCALIZED_RESOURCES_FOLDER_PATH_SHALLOW_BUNDLE_NO = FirebaseFirestoreInternal_Privacy.bundle/Resources
               UNLOCALIZED_RESOURCES_FOLDER_PATH_SHALLOW_BUNDLE_YES = FirebaseFirestoreInternal_Privacy.bundle
               UNSTRIPPED_PRODUCT = NO
               USER = otislewis
               USER_APPS_DIR = /Users/otislewis/Applications
               USER_LIBRARY_DIR = /Users/otislewis/Library
               USE_DYNAMIC_NO_PIC = YES
               USE_HEADERMAP = YES
               USE_HEADER_SYMLINKS = NO
               USE_RECURSIVE_SCRIPT_INPUTS_IN_SCRIPT_PHASES = YES
               VALIDATE_DEVELOPMENT_ASSET_PATHS = YES_ERROR
               VALIDATE_PRODUCT = NO
               VALID_ARCHS = arm64
               VERBOSE_PBXCP = NO
               VERSIONPLIST_PATH = FirebaseFirestoreInternal_Privacy.bundle/version.plist
               VERSION_INFO_BUILDER = otislewis
               VERSION_INFO_FILE = FirebaseFirestoreInternal_Privacy_vers.c
               VERSION_INFO_STRING = "@(#)PROGRAM:FirebaseFirestoreInternal_Privacy  PROJECT:Pods-"
               WORKSPACE_DIR = /Users/otislewis/arena/ios/Pods/Pods.xcodeproj
               WRAPPER_EXTENSION = bundle
               WRAPPER_NAME = FirebaseFirestoreInternal_Privacy.bundle
               WRAPPER_SUFFIX = .bundle
               WRAP_ASSET_PACKS_IN_SEPARATE_DIRECTORIES = NO
               XCODE_APP_SUPPORT_DIR = /Applications/Xcode.app/Contents/Developer/Library/Xcode
               XCODE_PRODUCT_BUILD_VERSION = 16E140
               XCODE_VERSION_ACTUAL = 1630
               XCODE_VERSION_MAJOR = 1600
               XCODE_VERSION_MINOR = 1630
               XPCSERVICES_FOLDER_PATH = FirebaseFirestoreInternal_Privacy.bundle/XPCServices
               YACC = yacc
               _DISCOVER_COMMAND_LINE_LINKER_INPUTS = YES
               _DISCOVER_COMMAND_LINE_LINKER_INPUTS_INCLUDE_WL = YES
               _WRAPPER_CONTENTS_DIR_SHALLOW_BUNDLE_NO = /Contents
               _WRAPPER_PARENT_PATH_SHALLOW_BUNDLE_NO = /..
               _WRAPPER_RESOURCES_DIR_SHALLOW_BUNDLE_NO = /Resources
               __DIAGNOSE_DEPRECATED_ARCHS = YES
               arch = undefined_arch
               variant = normal

           Build settings for action build and target FirebaseSharedSwift:
               ACTION = build
               AD_HOC_CODE_SIGNING_ALLOWED = YES
               ALLOW_BUILD_REQUEST_OVERRIDES = NO
               ALLOW_TARGET_PLATFORM_SPECIALIZATION = NO
               ALTERNATE_GROUP = staff
               ALTERNATE_MODE = u+w,go-w,a+rX
               ALTERNATE_OWNER = otislewis
               ALTERNATIVE_DISTRIBUTION_WEB = NO
               ALWAYS_EMBED_SWIFT_STANDARD_LIBRARIES = NO
               ALWAYS_SEARCH_USER_PATHS = NO
               ALWAYS_USE_SEPARATE_HEADERMAPS = NO
               APPLICATION_EXTENSION_API_ONLY = NO
               APPLY_RULES_IN_COPY_FILES = NO
               APPLY_RULES_IN_COPY_HEADERS = NO
               APP_SHORTCUTS_ENABLE_FLEXIBLE_MATCHING = YES
               ARCHS_STANDARD = arm64 x86_64
               ARCHS_STANDARD_32_64_BIT = arm64 x86_64
               ARCHS_STANDARD_64_BIT = arm64 x86_64
               ARCHS_STANDARD_INCLUDING_64_BIT = arm64 x86_64
               ARCHS_UNIVERSAL_IPHONE_OS = arm64 x86_64
               AUTOMATICALLY_MERGE_DEPENDENCIES = NO
               AVAILABLE_PLATFORMS = android appletvos appletvsimulator driverkit iphoneos iphonesimulator macosx qnx watchos watchsimulator xros xrsimulator
               BITCODE_GENERATION_MODE = marker
               BUILD_ACTIVE_RESOURCES_ONLY = NO
               BUILD_COMPONENTS = headers build
               BUILD_DIR = /Users/otislewis/arena/build/ios
               BUILD_LIBRARY_FOR_DISTRIBUTION = NO
               BUILD_ROOT = /Users/otislewis/arena/ios/build
               BUILD_STYLE = 
               BUILD_VARIANTS = normal
               BUILT_PRODUCTS_DIR = /Users/otislewis/arena/build/ios/Release-iphonesimulator/FirebaseSharedSwift
               BUNDLE_CONTENTS_FOLDER_PATH_deep = Contents/
               BUNDLE_EXECUTABLE_FOLDER_NAME_deep = MacOS
               BUNDLE_EXTENSIONS_FOLDER_PATH = Extensions
               BUNDLE_FORMAT = shallow
               BUNDLE_FRAMEWORKS_FOLDER_PATH = Frameworks
               BUNDLE_PLUGINS_FOLDER_PATH = PlugIns
               BUNDLE_PRIVATE_HEADERS_FOLDER_PATH = PrivateHeaders
               BUNDLE_PUBLIC_HEADERS_FOLDER_PATH = Headers
               CACHE_ROOT = /var/folders/4y/xy3fflts0nqfk1tsxg0t3mmr0000gn/C/com.apple.DeveloperTools/16.3-16E140/Xcode
               CCHROOT = /var/folders/4y/xy3fflts0nqfk1tsxg0t3mmr0000gn/C/com.apple.DeveloperTools/16.3-16E140/Xcode
               CHMOD = /bin/chmod
               CHOWN = /usr/sbin/chown
               CLANG_ANALYZER_LOCALIZABILITY_NONLOCALIZED = YES
               CLANG_ANALYZER_NONNULL = YES
               CLANG_ANALYZER_NUMBER_OBJECT_CONVERSION = YES_AGGRESSIVE
               CLANG_CACHE_FINE_GRAINED_OUTPUTS = YES
               CLANG_CXX_LANGUAGE_STANDARD = gnu++14
               CLANG_CXX_LIBRARY = libc++
               CLANG_ENABLE_EXPLICIT_MODULES = YES
               CLANG_ENABLE_MODULES = YES
               CLANG_ENABLE_OBJC_ARC = YES
               CLANG_ENABLE_OBJC_WEAK = NO
               CLANG_MODULES_BUILD_SESSION_FILE = /var/folders/4y/xy3fflts0nqfk1tsxg0t3mmr0000gn/C/org.llvm.clang/ModuleCache.noindex/Session.modulevalidation
               CLANG_WARN_BLOCK_CAPTURE_AUTORELEASING = YES
               CLANG_WARN_BOOL_CONVERSION = YES
               CLANG_WARN_COMMA = YES
               CLANG_WARN_CONSTANT_CONVERSION = YES
               CLANG_WARN_DEPRECATED_OBJC_IMPLEMENTATIONS = YES
               CLANG_WARN_DIRECT_OBJC_ISA_USAGE = YES_ERROR
               CLANG_WARN_DOCUMENTATION_COMMENTS = YES
               CLANG_WARN_EMPTY_BODY = YES
               CLANG_WARN_ENUM_CONVERSION = YES
               CLANG_WARN_INFINITE_RECURSION = YES
               CLANG_WARN_INT_CONVERSION = YES
               CLANG_WARN_NON_LITERAL_NULL_CONVERSION = YES
               CLANG_WARN_OBJC_IMPLICIT_RETAIN_SELF = YES
               CLANG_WARN_OBJC_LITERAL_CONVERSION = YES
               CLANG_WARN_OBJC_ROOT_CLASS = YES_ERROR
               CLANG_WARN_QUOTED_INCLUDE_IN_FRAMEWORK_HEADER = NO
               CLANG_WARN_RANGE_LOOP_ANALYSIS = YES
               CLANG_WARN_STRICT_PROTOTYPES = YES
               CLANG_WARN_SUSPICIOUS_MOVE = YES
               CLANG_WARN_UNGUARDED_AVAILABILITY = YES_AGGRESSIVE
               CLANG_WARN_UNREACHABLE_CODE = YES
               CLANG_WARN__DUPLICATE_METHOD_MATCH = YES
               CLASS_FILE_DIR = /Users/otislewis/arena/build/ios/Pods.build/Release-iphonesimulator/FirebaseSharedSwift.build/JavaClasses
               CLEAN_PRECOMPS = YES
               CLONE_HEADERS = NO
               CODESIGNING_FOLDER_PATH = /Users/otislewis/arena/build/ios/Release-iphonesimulator/FirebaseSharedSwift/FirebaseSharedSwift.framework
               CODE_SIGNING_ALLOWED = YES
               CODE_SIGNING_REQUIRED = NO
               CODE_SIGNING_REQUIRES_TEAM = YES
               CODE_SIGN_CONTEXT_CLASS = XCiPhoneSimulatorCodeSignContext
               CODE_SIGN_IDENTITY = -
               CODE_SIGN_INJECT_BASE_ENTITLEMENTS = YES
               COLOR_DIAGNOSTICS = NO
               COMBINE_HIDPI_IMAGES = NO
               COMPILATION_CACHE_CAS_PATH = /var/folders/4y/xy3fflts0nqfk1tsxg0t3mmr0000gn/C/com.apple.DeveloperTools/16.3-16E140/Xcode/CompilationCache.noindex
               COMPILATION_CACHE_KEEP_CAS_DIRECTORY = YES
               COMPILER_INDEX_STORE_ENABLE = Default
               COMPOSITE_SDK_DIRS = /Users/otislewis/arena/build/ios/CompositeSDKs
               COMPRESS_PNG_FILES = YES
               CONFIGURATION = Release
               CONFIGURATION_BUILD_DIR = /Users/otislewis/arena/build/ios/Release-iphonesimulator/FirebaseSharedSwift
               CONFIGURATION_TEMP_DIR = /Users/otislewis/arena/build/ios/Pods.build/Release-iphonesimulator
               CONTENTS_FOLDER_PATH = FirebaseSharedSwift.framework
               CONTENTS_FOLDER_PATH_SHALLOW_BUNDLE_NO = FirebaseSharedSwift.framework/A
               CONTENTS_FOLDER_PATH_SHALLOW_BUNDLE_YES = FirebaseSharedSwift.framework
               COPYING_PRESERVES_HFS_DATA = NO
               COPY_HEADERS_RUN_UNIFDEF = NO
               COPY_PHASE_STRIP = NO
               CORRESPONDING_DEVICE_PLATFORM_DIR = /Applications/Xcode.app/Contents/Developer/Platforms/iPhoneOS.platform
               CORRESPONDING_DEVICE_PLATFORM_NAME = iphoneos
               CORRESPONDING_DEVICE_SDK_DIR = /Applications/Xcode.app/Contents/Developer/Platforms/iPhoneOS.platform/Developer/SDKs/iPhoneOS18.4.sdk
               CORRESPONDING_DEVICE_SDK_NAME = iphoneos18.4
               CP = /bin/cp
               CREATE_INFOPLIST_SECTION_IN_BINARY = NO
               CURRENT_ARCH = undefined_arch
               CURRENT_PROJECT_VERSION = 1
               CURRENT_VARIANT = normal
               CURRENT_VERSION = Current
               DEAD_CODE_STRIPPING = YES
               DEBUGGING_SYMBOLS = YES
               DEBUG_INFORMATION_FORMAT = dwarf-with-dsym
               DEBUG_INFORMATION_VERSION = compiler-default
               DEFAULT_COMPILER = com.apple.compilers.llvm.clang.1_0
               DEFAULT_DEXT_INSTALL_PATH = /System/Library/DriverExtensions
               DEFAULT_KEXT_INSTALL_PATH = /System/Library/Extensions
               DEFINES_MODULE = YES
               DEPLOYMENT_LOCATION = NO
               DEPLOYMENT_POSTPROCESSING = NO
               DEPLOYMENT_TARGET_SETTING_NAME = IPHONEOS_DEPLOYMENT_TARGET
               DEPLOYMENT_TARGET_SUGGESTED_VALUES = 12.0 12.1 12.2 12.3 12.4 13.0 13.1 13.2 13.3 13.4 13.5 13.6 14.0 14.1 14.2 14.3 14.4 14.5 14.6 14.7 15.0 15.1 15.2 15.3 15.4 15.5 15.6 16.0 16.1 16.2 16.3 16.4 16.5 16.6 17.0 17.1 17.2 17.3 17.4 17.5 17.6 18.0 18.1 18.2 18.3 18.4
               DERIVED_FILES_DIR = /Users/otislewis/arena/build/ios/Pods.build/Release-iphonesimulator/FirebaseSharedSwift.build/DerivedSources
               DERIVED_FILE_DIR = /Users/otislewis/arena/build/ios/Pods.build/Release-iphonesimulator/FirebaseSharedSwift.build/DerivedSources
               DERIVED_SOURCES_DIR = /Users/otislewis/arena/build/ios/Pods.build/Release-iphonesimulator/FirebaseSharedSwift.build/DerivedSources
               DEVELOPER_APPLICATIONS_DIR = /Applications/Xcode.app/Contents/Developer/Applications
               DEVELOPER_BIN_DIR = /Applications/Xcode.app/Contents/Developer/usr/bin
               DEVELOPER_DIR = /Applications/Xcode.app/Contents/Developer
               DEVELOPER_FRAMEWORKS_DIR = /Applications/Xcode.app/Contents/Developer/Library/Frameworks
               DEVELOPER_FRAMEWORKS_DIR_QUOTED = /Applications/Xcode.app/Contents/Developer/Library/Frameworks
               DEVELOPER_LIBRARY_DIR = /Applications/Xcode.app/Contents/Developer/Library
               DEVELOPER_SDK_DIR = /Applications/Xcode.app/Contents/Developer/Platforms/MacOSX.platform/Developer/SDKs
               DEVELOPER_TOOLS_DIR = /Applications/Xcode.app/Contents/Developer/Tools
               DEVELOPER_USR_DIR = /Applications/Xcode.app/Contents/Developer/usr
               DEVELOPMENT_LANGUAGE = en
               DIAGNOSE_MISSING_TARGET_DEPENDENCIES = YES
               DIFF = /usr/bin/diff
               DOCUMENTATION_FOLDER_PATH = FirebaseSharedSwift.framework/en.lproj/Documentation
               DONT_GENERATE_INFOPLIST_FILE = NO
               DSTROOT = /tmp/Pods.dst
               DT_TOOLCHAIN_DIR = /Applications/Xcode.app/Contents/Developer/Toolchains/XcodeDefault.xctoolchain
               DWARF_DSYM_FILE_NAME = FirebaseSharedSwift.framework.dSYM
               DWARF_DSYM_FILE_SHOULD_ACCOMPANY_PRODUCT = NO
               DWARF_DSYM_FOLDER_PATH = /Users/otislewis/arena/build/ios/Release-iphonesimulator/FirebaseSharedSwift
               DYLIB_COMPATIBILITY_VERSION = 1
               DYLIB_CURRENT_VERSION = 1
               DYLIB_INSTALL_NAME_BASE = @rpath
               DYNAMIC_LIBRARY_EXTENSION = dylib
               EAGER_COMPILATION_ALLOW_SCRIPTS = NO
               EAGER_LINKING = NO
               EFFECTIVE_PLATFORM_NAME = -iphonesimulator
               EMBEDDED_CONTENT_CONTAINS_SWIFT = NO
               EMBED_ASSET_PACKS_IN_PRODUCT_BUNDLE = NO
               ENABLE_APP_SANDBOX = NO
               ENABLE_BITCODE = NO
               ENABLE_CODE_COVERAGE = YES
               ENABLE_DEFAULT_HEADER_SEARCH_PATHS = YES
               ENABLE_DEFAULT_SEARCH_PATHS = YES
               ENABLE_HARDENED_RUNTIME = NO
               ENABLE_HEADER_DEPENDENCIES = YES
               ENABLE_INCOMING_NETWORK_CONNECTIONS = NO
               ENABLE_MODULE_VERIFIER = NO
               ENABLE_NS_ASSERTIONS = NO
               ENABLE_ON_DEMAND_RESOURCES = NO
               ENABLE_OUTGOING_NETWORK_CONNECTIONS = NO
               ENABLE_RESOURCE_ACCESS_AUDIO_INPUT = NO
               ENABLE_RESOURCE_ACCESS_BLUETOOTH = NO
               ENABLE_RESOURCE_ACCESS_CALENDARS = NO
               ENABLE_RESOURCE_ACCESS_CAMERA = NO
               ENABLE_RESOURCE_ACCESS_CONTACTS = NO
               ENABLE_RESOURCE_ACCESS_LOCATION = NO
               ENABLE_RESOURCE_ACCESS_PRINTING = NO
               ENABLE_RESOURCE_ACCESS_USB = NO
               ENABLE_SDK_IMPORTS = NO
               ENABLE_STRICT_OBJC_MSGSEND = YES
               ENABLE_TESTABILITY = NO
               ENABLE_TESTING_SEARCH_PATHS = NO
               ENABLE_USER_SCRIPT_SANDBOXING = NO
               ENFORCE_VALID_ARCHS = YES
               ENTITLEMENTS_DESTINATION = __entitlements
               ENTITLEMENTS_REQUIRED = NO
               EXCLUDED_ARCHS = arm64
               EXCLUDED_INSTALLSRC_SUBDIRECTORY_PATTERNS = .DS_Store .svn .git .hg CVS
               EXCLUDED_RECURSIVE_SEARCH_PATH_SUBDIRECTORIES = *.nib *.lproj *.framework *.gch *.xcode* *.xcassets (*) .DS_Store CVS .svn .git .hg *.pbproj *.pbxproj
               EXECUTABLES_FOLDER_PATH = FirebaseSharedSwift.framework/en.lproj
               EXECUTABLE_FOLDER_PATH = FirebaseSharedSwift.framework
               EXECUTABLE_FOLDER_PATH_SHALLOW_BUNDLE_NO = FirebaseSharedSwift.framework
               EXECUTABLE_FOLDER_PATH_SHALLOW_BUNDLE_YES = FirebaseSharedSwift.framework
               EXECUTABLE_NAME = FirebaseSharedSwift
               EXECUTABLE_PATH = FirebaseSharedSwift.framework/FirebaseSharedSwift
               EXTENSIONS_FOLDER_PATH = FirebaseSharedSwift.framework/Extensions
               FILE_LIST = /Users/otislewis/arena/build/ios/Pods.build/Release-iphonesimulator/FirebaseSharedSwift.build/Objects/LinkFileList
               FIXED_FILES_DIR = /Users/otislewis/arena/build/ios/Pods.build/Release-iphonesimulator/FirebaseSharedSwift.build/FixedFiles
               FRAMEWORKS_FOLDER_PATH = FirebaseSharedSwift.framework/Frameworks
               FRAMEWORK_FLAG_PREFIX = -framework
               FRAMEWORK_SEARCH_PATHS = /Users/otislewis/arena/build/ios/Release-iphonesimulator/FirebaseSharedSwift 
               FRAMEWORK_VERSION = A
               FULL_PRODUCT_NAME = FirebaseSharedSwift.framework
               FUSE_BUILD_PHASES = YES
               FUSE_BUILD_SCRIPT_PHASES = NO
               GCC3_VERSION = 3.3
               GCC_C_LANGUAGE_STANDARD = gnu11
               GCC_INLINES_ARE_PRIVATE_EXTERN = YES
               GCC_NO_COMMON_BLOCKS = YES
               GCC_OBJC_LEGACY_DISPATCH = YES
               GCC_PFE_FILE_C_DIALECTS = c objective-c c++ objective-c++
               GCC_PREPROCESSOR_DEFINITIONS = POD_CONFIGURATION_RELEASE=1  COCOAPODS=1
               GCC_TREAT_WARNINGS_AS_ERRORS = NO
               GCC_VERSION = com.apple.compilers.llvm.clang.1_0
               GCC_VERSION_IDENTIFIER = com_apple_compilers_llvm_clang_1_0
               GCC_WARN_64_TO_32_BIT_CONVERSION = YES
               GCC_WARN_ABOUT_RETURN_TYPE = YES_ERROR
               GCC_WARN_UNDECLARED_SELECTOR = YES
               GCC_WARN_UNINITIALIZED_AUTOS = YES_AGGRESSIVE
               GCC_WARN_UNUSED_FUNCTION = YES
               GCC_WARN_UNUSED_VARIABLE = YES
               GENERATED_MODULEMAP_DIR = /Users/otislewis/arena/build/ios/GeneratedModuleMaps-iphonesimulator
               GENERATE_INFOPLIST_FILE = NO
               GENERATE_INTERMEDIATE_TEXT_BASED_STUBS = YES
               GENERATE_MASTER_OBJECT_FILE = NO
               GENERATE_PKGINFO_FILE = NO
               GENERATE_PROFILING_CODE = NO
               GENERATE_TEXT_BASED_STUBS = NO
               GID = 20
               GROUP = staff
               HEADERMAP_INCLUDES_FLAT_ENTRIES_FOR_TARGET_BEING_BUILT = YES
               HEADERMAP_INCLUDES_FRAMEWORK_ENTRIES_FOR_ALL_PRODUCT_TYPES = YES
               HEADERMAP_INCLUDES_FRAMEWORK_ENTRIES_FOR_TARGETS_NOT_BEING_BUILT = YES
               HEADERMAP_INCLUDES_NONPUBLIC_NONPRIVATE_HEADERS = YES
               HEADERMAP_INCLUDES_PROJECT_HEADERS = YES
               HEADERMAP_USES_FRAMEWORK_PREFIX_ENTRIES = YES
               HEADERMAP_USES_VFS = YES
               HEADER_SEARCH_PATHS = /Users/otislewis/arena/build/ios/Release-iphonesimulator/FirebaseSharedSwift/include 
               HIDE_BITCODE_SYMBOLS = YES
               HOME = /Users/otislewis
               HOST_ARCH = arm64
               HOST_PLATFORM = macosx
               ICONV = /usr/bin/iconv
               IMPLICIT_DEPENDENCY_DOMAIN = default
               INFOPLIST_ENABLE_CFBUNDLEICONS_MERGE = YES
               INFOPLIST_EXPAND_BUILD_SETTINGS = YES
               INFOPLIST_FILE = Target Support Files/FirebaseSharedSwift/FirebaseSharedSwift-Info.plist
               INFOPLIST_OUTPUT_FORMAT = binary
               INFOPLIST_PATH = FirebaseSharedSwift.framework/Info.plist
               INFOPLIST_PREPROCESS = NO
               INFOSTRINGS_PATH = FirebaseSharedSwift.framework/en.lproj/InfoPlist.strings
               INLINE_PRIVATE_FRAMEWORKS = NO
               INSTALLAPI_IGNORE_SKIP_INSTALL = YES
               INSTALLHDRS_COPY_PHASE = NO
               INSTALLHDRS_SCRIPT_PHASE = NO
               INSTALL_DIR = /tmp/Pods.dst/Library/Frameworks
               INSTALL_GROUP = staff
               INSTALL_MODE_FLAG = u+w,go-w,a+rX
               INSTALL_OWNER = otislewis
               INSTALL_PATH = /Library/Frameworks
               INSTALL_ROOT = /tmp/Pods.dst
               IPHONEOS_DEPLOYMENT_TARGET = 13.0
               IS_UNOPTIMIZED_BUILD = NO
               JAVAC_DEFAULT_FLAGS = -J-Xms64m -J-XX:NewSize=4M -J-Dfile.encoding=UTF8
               JAVA_APP_STUB = /System/Library/Frameworks/JavaVM.framework/Resources/MacOS/JavaApplicationStub
               JAVA_ARCHIVE_CLASSES = YES
               JAVA_ARCHIVE_TYPE = JAR
               JAVA_COMPILER = /usr/bin/javac
               JAVA_FOLDER_PATH = FirebaseSharedSwift.framework/Java
               JAVA_FRAMEWORK_RESOURCES_DIRS = Resources
               JAVA_JAR_FLAGS = cv
               JAVA_SOURCE_SUBDIR = .
               JAVA_USE_DEPENDENCIES = YES
               JAVA_ZIP_FLAGS = -urg
               JIKES_DEFAULT_FLAGS = +E +OLDCSO
               KEEP_PRIVATE_EXTERNS = NO
               LD_DEPENDENCY_INFO_FILE = /Users/otislewis/arena/build/ios/Pods.build/Release-iphonesimulator/FirebaseSharedSwift.build/Objects-normal/undefined_arch/FirebaseSharedSwift_dependency_info.dat
               LD_DYLIB_INSTALL_NAME = @rpath/FirebaseSharedSwift.framework/FirebaseSharedSwift
               LD_EXPORT_SYMBOLS = YES
               LD_GENERATE_MAP_FILE = NO
               LD_MAP_FILE_PATH = /Users/otislewis/arena/build/ios/Pods.build/Release-iphonesimulator/FirebaseSharedSwift.build/FirebaseSharedSwift-LinkMap-normal-undefined_arch.txt
               LD_NO_PIE = NO
               LD_QUOTE_LINKER_ARGUMENTS_FOR_COMPILER_DRIVER = YES
               LD_RUNPATH_SEARCH_PATHS =  @executable_path/Frameworks @loader_path/Frameworks
               LD_SHARED_CACHE_ELIGIBLE = Automatic
               LD_WARN_DUPLICATE_LIBRARIES = NO
               LD_WARN_UNUSED_DYLIBS = NO
               LEGACY_DEVELOPER_DIR = /Applications/Xcode.app/Contents/PlugIns/Xcode3Core.ideplugin/Contents/SharedSupport/Developer
               LEX = lex
               LIBRARY_DEXT_INSTALL_PATH = /Library/DriverExtensions
               LIBRARY_FLAG_NOSPACE = YES
               LIBRARY_FLAG_PREFIX = -l
               LIBRARY_KEXT_INSTALL_PATH = /Library/Extensions
               LIBRARY_SEARCH_PATHS = /Users/otislewis/arena/build/ios/Release-iphonesimulator/FirebaseSharedSwift /Applications/Xcode.app/Contents/Developer/Toolchains/XcodeDefault.xctoolchain/usr/lib/swift/iphonesimulator /Applications/Xcode.app/Contents/Developer/Platforms/iPhoneSimulator.platform/Developer/SDKs/iPhoneSimulator18.4.sdk/usr/lib/swift
               LINKER_DISPLAYS_MANGLED_NAMES = NO
               LINK_OBJC_RUNTIME = YES
               LINK_WITH_STANDARD_LIBRARIES = YES
               LLVM_TARGET_TRIPLE_OS_VERSION = ios13.0
               LLVM_TARGET_TRIPLE_SUFFIX = -simulator
               LLVM_TARGET_TRIPLE_VENDOR = apple
               LOCALIZATION_EXPORT_SUPPORTED = YES
               LOCALIZATION_PREFERS_STRING_CATALOGS = NO
               LOCALIZED_RESOURCES_FOLDER_PATH = FirebaseSharedSwift.framework/en.lproj
               LOCALIZED_STRING_MACRO_NAMES = NSLocalizedString CFCopyLocalizedString
               LOCALIZED_STRING_SWIFTUI_SUPPORT = YES
               LOCAL_ADMIN_APPS_DIR = /Applications/Utilities
               LOCAL_APPS_DIR = /Applications
               LOCAL_DEVELOPER_DIR = /Library/Developer
               LOCAL_LIBRARY_DIR = /Library
               LOCROOT = /Users/otislewis/arena/ios/Pods
               LOCSYMROOT = /Users/otislewis/arena/ios/Pods
               MACH_O_TYPE = mh_dylib
               MAC_OS_X_PRODUCT_BUILD_VERSION = 24F74
               MAC_OS_X_VERSION_ACTUAL = 150500
               MAC_OS_X_VERSION_MAJOR = 150000
               MAC_OS_X_VERSION_MINOR = 150500
               MAKE_MERGEABLE = NO
               MERGEABLE_LIBRARY = NO
               MERGED_BINARY_TYPE = none
               MERGE_LINKED_LIBRARIES = NO
               METAL_LIBRARY_FILE_BASE = default
               METAL_LIBRARY_OUTPUT_DIR = /Users/otislewis/arena/build/ios/Release-iphonesimulator/FirebaseSharedSwift/FirebaseSharedSwift.framework
               MODULEMAP_FILE = Target Support Files/FirebaseSharedSwift/FirebaseSharedSwift.modulemap
               MODULES_FOLDER_PATH = FirebaseSharedSwift.framework/Modules
               MTL_ENABLE_DEBUG_INFO = NO
               MTL_FAST_MATH = YES
               NATIVE_ARCH = arm64
               NATIVE_ARCH_32_BIT = arm
               NATIVE_ARCH_64_BIT = arm64
               NATIVE_ARCH_ACTUAL = arm64
               NO_COMMON = YES
               OBJC_ABI_VERSION = 2
               OBJECT_FILE_DIR = /Users/otislewis/arena/build/ios/Pods.build/Release-iphonesimulator/FirebaseSharedSwift.build/Objects
               OBJECT_FILE_DIR_normal = /Users/otislewis/arena/build/ios/Pods.build/Release-iphonesimulator/FirebaseSharedSwift.build/Objects-normal
               OBJROOT = /Users/otislewis/arena/build/ios
               ONLY_ACTIVE_ARCH = NO
               OS = MACOS
               OSAC = /usr/bin/osacompile
               OTHER_SWIFT_FLAGS =  -D COCOAPODS
               PACKAGE_TYPE = com.apple.package-type.wrapper.framework
               PASCAL_STRINGS = YES
               PATH = /Applications/Xcode.app/Contents/SharedFrameworks/SwiftBuild.framework/Versions/A/PlugIns/SWBBuildService.bundle/Contents/PlugIns/SWBUniversalPlatformPlugin.bundle/Contents/Frameworks/SWBUniversalPlatform.framework/Resources:/Applications/Xcode.app/Contents/Developer/Toolchains/XcodeDefault.xctoolchain/usr/bin:/Applications/Xcode.app/Contents/Developer/Toolchains/XcodeDefault.xctoolchain/usr/local/bin:/Applications/Xcode.app/Contents/Developer/Toolchains/XcodeDefault.xctoolchain/usr/libexec:/Applications/Xcode.app/Contents/Developer/Platforms/iPhoneSimulator.platform/usr/bin:/Applications/Xcode.app/Contents/Developer/Platforms/iPhoneSimulator.platform/usr/local/bin:/Applications/Xcode.app/Contents/Developer/Platforms/iPhoneSimulator.platform/Developer/usr/bin:/Applications/Xcode.app/Contents/Developer/Platforms/iPhoneSimulator.platform/Developer/usr/local/bin:/Applications/Xcode.app/Contents/Developer/usr/bin:/Applications/Xcode.app/Contents/Developer/usr/local/bin:/Users/otislewis/.gem/ruby/3.3.0/bin:/opt/homebrew/bin:/opt/homebrew/sbin:/usr/local/bin:/System/Cryptexes/App/usr/bin:/usr/bin:/bin:/usr/sbin:/sbin:/var/run/com.apple.security.cryptexd/codex.system/bootstrap/usr/local/bin:/var/run/com.apple.security.cryptexd/codex.system/bootstrap/usr/bin:/var/run/com.apple.security.cryptexd/codex.system/bootstrap/usr/appleinternal/bin:/Library/Apple/usr/bin:/opt/homebrew/Caskroom/flutter/3.32.0/flutter/bin:/Users/otislewis/Library/Android/sdk/emulator:/Users/otislewis/Library/Android/sdk/tools:/Users/otislewis/Library/Android/sdk/tools/bin:/Users/otislewis/Library/Android/sdk/platform-tools:/opt/homebrew/Caskroom/flutter/3.32.0/flutter/bin/cache/dart-sdk/bin
               PATH_PREFIXES_EXCLUDED_FROM_HEADER_DEPENDENCIES = /usr/include /usr/local/include /System/Library/Frameworks /System/Library/PrivateFrameworks /Applications/Xcode.app/Contents/Developer/Headers /Applications/Xcode.app/Contents/Developer/SDKs /Applications/Xcode.app/Contents/Developer/Platforms
               PBDEVELOPMENTPLIST_PATH = FirebaseSharedSwift.framework/pbdevelopment.plist
               PER_ARCH_MODULE_FILE_DIR = /Users/otislewis/arena/build/ios/Pods.build/Release-iphonesimulator/FirebaseSharedSwift.build/Objects-normal/undefined_arch
               PER_ARCH_OBJECT_FILE_DIR = /Users/otislewis/arena/build/ios/Pods.build/Release-iphonesimulator/FirebaseSharedSwift.build/Objects-normal/undefined_arch
               PER_VARIANT_OBJECT_FILE_DIR = /Users/otislewis/arena/build/ios/Pods.build/Release-iphonesimulator/FirebaseSharedSwift.build/Objects-normal
               PKGINFO_FILE_PATH = /Users/otislewis/arena/build/ios/Pods.build/Release-iphonesimulator/FirebaseSharedSwift.build/PkgInfo
               PKGINFO_PATH = FirebaseSharedSwift.framework/PkgInfo
               PLATFORM_DEVELOPER_APPLICATIONS_DIR = /Applications/Xcode.app/Contents/Developer/Platforms/iPhoneSimulator.platform/Developer/Applications
               PLATFORM_DEVELOPER_BIN_DIR = /Applications/Xcode.app/Contents/Developer/Platforms/iPhoneSimulator.platform/Developer/usr/bin
               PLATFORM_DEVELOPER_LIBRARY_DIR = /Applications/Xcode.app/Contents/Developer/Platforms/iPhoneSimulator.platform/Developer/Library
               PLATFORM_DEVELOPER_SDK_DIR = /Applications/Xcode.app/Contents/Developer/Platforms/iPhoneSimulator.platform/Developer/SDKs
               PLATFORM_DEVELOPER_TOOLS_DIR = /Applications/Xcode.app/Contents/Developer/Platforms/iPhoneSimulator.platform/Developer/Tools
               PLATFORM_DEVELOPER_USR_DIR = /Applications/Xcode.app/Contents/Developer/Platforms/iPhoneSimulator.platform/Developer/usr
               PLATFORM_DIR = /Applications/Xcode.app/Contents/Developer/Platforms/iPhoneSimulator.platform
               PLATFORM_DISPLAY_NAME = iOS Simulator
               PLATFORM_FAMILY_NAME = iOS
               PLATFORM_NAME = iphonesimulator
               PLATFORM_PREFERRED_ARCH = x86_64
               PLATFORM_PRODUCT_BUILD_VERSION = 22E235
               PLATFORM_REQUIRES_SWIFT_AUTOLINK_EXTRACT = NO
               PLATFORM_REQUIRES_SWIFT_MODULEWRAP = NO
               PLIST_FILE_OUTPUT_FORMAT = binary
               PLUGINS_FOLDER_PATH = FirebaseSharedSwift.framework/PlugIns
               PODS_BUILD_DIR = /Users/otislewis/arena/build/ios
               PODS_CONFIGURATION_BUILD_DIR = /Users/otislewis/arena/build/ios/Release-iphonesimulator
               PODS_DEVELOPMENT_LANGUAGE = en
               PODS_ROOT = /Users/otislewis/arena/ios/Pods
               PODS_TARGET_SRCROOT = /Users/otislewis/arena/ios/Pods/FirebaseSharedSwift
               PODS_XCFRAMEWORKS_BUILD_DIR = /Users/otislewis/arena/build/ios/Release-iphonesimulator/XCFrameworkIntermediates
               PRECOMPS_INCLUDE_HEADERS_FROM_BUILT_PRODUCTS_DIR = YES
               PRECOMP_DESTINATION_DIR = /Users/otislewis/arena/build/ios/Pods.build/Release-iphonesimulator/FirebaseSharedSwift.build/PrefixHeaders
               PRIVATE_HEADERS_FOLDER_PATH = FirebaseSharedSwift.framework/PrivateHeaders
               PROCESSED_INFOPLIST_PATH = /Users/otislewis/arena/build/ios/Pods.build/Release-iphonesimulator/FirebaseSharedSwift.build/Objects-normal/undefined_arch/Processed-Info.plist
               PRODUCT_BUNDLE_IDENTIFIER = org.cocoapods.FirebaseSharedSwift
               PRODUCT_BUNDLE_PACKAGE_TYPE = FMWK
               PRODUCT_MODULE_NAME = FirebaseSharedSwift
               PRODUCT_NAME = FirebaseSharedSwift
               PRODUCT_SETTINGS_PATH = /Users/otislewis/arena/ios/Pods/Target Support Files/FirebaseSharedSwift/FirebaseSharedSwift-Info.plist
               PRODUCT_TYPE = com.apple.product-type.framework
               PROFILING_CODE = NO
               PROJECT = Pods
               PROJECT_DERIVED_FILE_DIR = /Users/otislewis/arena/build/ios/Pods.build/DerivedSources
               PROJECT_DIR = /Users/otislewis/arena/ios/Pods
               PROJECT_FILE_PATH = /Users/otislewis/arena/ios/Pods/Pods.xcodeproj
               PROJECT_GUID = bfdfe7dc352907fc980b868725387e98
               PROJECT_NAME = Pods
               PROJECT_TEMP_DIR = /Users/otislewis/arena/build/ios/Pods.build
               PROJECT_TEMP_ROOT = /Users/otislewis/arena/build/ios
               PUBLIC_HEADERS_FOLDER_PATH = FirebaseSharedSwift.framework/Headers
               RECOMMENDED_IPHONEOS_DEPLOYMENT_TARGET = 15.0
               RECURSIVE_SEARCH_PATHS_FOLLOW_SYMLINKS = YES
               REMOVE_CVS_FROM_RESOURCES = YES
               REMOVE_GIT_FROM_RESOURCES = YES
               REMOVE_HEADERS_FROM_EMBEDDED_BUNDLES = YES
               REMOVE_HG_FROM_RESOURCES = YES
               REMOVE_STATIC_EXECUTABLES_FROM_EMBEDDED_BUNDLES = YES
               REMOVE_SVN_FROM_RESOURCES = YES
               RESCHEDULE_INDEPENDENT_HEADERS_PHASES = YES
               REZ_COLLECTOR_DIR = /Users/otislewis/arena/build/ios/Pods.build/Release-iphonesimulator/FirebaseSharedSwift.build/ResourceManagerResources
               REZ_OBJECTS_DIR = /Users/otislewis/arena/build/ios/Pods.build/Release-iphonesimulator/FirebaseSharedSwift.build/ResourceManagerResources/Objects
               REZ_SEARCH_PATHS = /Users/otislewis/arena/build/ios/Release-iphonesimulator/FirebaseSharedSwift 
               SCAN_ALL_SOURCE_FILES_FOR_INCLUDES = NO
               SCRIPTS_FOLDER_PATH = FirebaseSharedSwift.framework/Scripts
               SDKROOT = /Applications/Xcode.app/Contents/Developer/Platforms/iPhoneSimulator.platform/Developer/SDKs/iPhoneSimulator18.4.sdk
               SDK_DIR = /Applications/Xcode.app/Contents/Developer/Platforms/iPhoneSimulator.platform/Developer/SDKs/iPhoneSimulator18.4.sdk
               SDK_DIR_iphonesimulator = /Applications/Xcode.app/Contents/Developer/Platforms/iPhoneSimulator.platform/Developer/SDKs/iPhoneSimulator18.4.sdk
               SDK_DIR_iphonesimulator18_4 = /Applications/Xcode.app/Contents/Developer/Platforms/iPhoneSimulator.platform/Developer/SDKs/iPhoneSimulator18.4.sdk
               SDK_NAME = iphonesimulator18.4
               SDK_NAMES = iphonesimulator18.4
               SDK_PRODUCT_BUILD_VERSION = 22E235
               SDK_STAT_CACHE_DIR = /var/folders/4y/xy3fflts0nqfk1tsxg0t3mmr0000gn/C/com.apple.DeveloperTools/16.3-16E140/Xcode
               SDK_STAT_CACHE_ENABLE = YES
               SDK_STAT_CACHE_PATH = /var/folders/4y/xy3fflts0nqfk1tsxg0t3mmr0000gn/C/com.apple.DeveloperTools/16.3-16E140/Xcode/SDKStatCaches.noindex/iphonesimulator18.4-22E235-71825a6d136aa4733edcbe86ece5525b.sdkstatcache
               SDK_VERSION = 18.4
               SDK_VERSION_ACTUAL = 180400
               SDK_VERSION_MAJOR = 180000
               SDK_VERSION_MINOR = 180400
               SED = /usr/bin/sed
               SEPARATE_STRIP = NO
               SEPARATE_SYMBOL_EDIT = NO
               SET_DIR_MODE_OWNER_GROUP = YES
               SET_FILE_MODE_OWNER_GROUP = NO
               SHALLOW_BUNDLE = YES
               SHALLOW_BUNDLE_TRIPLE = ios-simulator
               SHALLOW_BUNDLE_ios_macabi = NO
               SHALLOW_BUNDLE_macos = NO
               SHARED_DERIVED_FILE_DIR = /Users/otislewis/arena/build/ios/Release-iphonesimulator/FirebaseSharedSwift/DerivedSources
               SHARED_FRAMEWORKS_FOLDER_PATH = FirebaseSharedSwift.framework/SharedFrameworks
               SHARED_PRECOMPS_DIR = /Users/otislewis/arena/build/ios/SharedPrecompiledHeaders
               SHARED_SUPPORT_FOLDER_PATH = FirebaseSharedSwift.framework
               SKIP_INSTALL = YES
               SOURCE_ROOT = /Users/otislewis/arena/ios/Pods
               SRCROOT = /Users/otislewis/arena/ios/Pods
               STRINGSDATA_DIR = /Users/otislewis/arena/build/ios/Pods.build/Release-iphonesimulator/FirebaseSharedSwift.build/Objects-normal/undefined_arch
               STRINGSDATA_ROOT = /Users/otislewis/arena/build/ios/Pods.build/Release-iphonesimulator/FirebaseSharedSwift.build
               STRINGS_FILE_INFOPLIST_RENAME = YES
               STRINGS_FILE_OUTPUT_ENCODING = binary
               STRIP_BITCODE_FROM_COPIED_FILES = NO
               STRIP_INSTALLED_PRODUCT = NO
               STRIP_STYLE = debugging
               STRIP_SWIFT_SYMBOLS = YES
               SUPPORTED_DEVICE_FAMILIES = 1,2
               SUPPORTED_PLATFORMS = iphoneos iphonesimulator
               SUPPORTS_TEXT_BASED_API = NO
               SUPPRESS_WARNINGS = NO
               SWIFT_ACTIVE_COMPILATION_CONDITIONS =  
               SWIFT_COMPILATION_MODE = wholemodule
               SWIFT_EMIT_LOC_STRINGS = NO
               SWIFT_INSTALL_MODULE_FOR_DEPLOYMENT = YES
               SWIFT_INSTALL_OBJC_HEADER = YES
               SWIFT_OPTIMIZATION_LEVEL = -O
               SWIFT_PLATFORM_TARGET_PREFIX = ios
               SWIFT_VERSION = 5.3
               SYMROOT = /Users/otislewis/arena/ios/build
               SYSTEM_ADMIN_APPS_DIR = /Applications/Utilities
               SYSTEM_APPS_DIR = /Applications
               SYSTEM_CORE_SERVICES_DIR = /System/Library/CoreServices
               SYSTEM_DEMOS_DIR = /Applications/Extras
               SYSTEM_DEVELOPER_APPS_DIR = /Applications/Xcode.app/Contents/Developer/Applications
               SYSTEM_DEVELOPER_BIN_DIR = /Applications/Xcode.app/Contents/Developer/usr/bin
               SYSTEM_DEVELOPER_DEMOS_DIR = /Applications/Xcode.app/Contents/Developer/Applications/Utilities/Built Examples
               SYSTEM_DEVELOPER_DIR = /Applications/Xcode.app/Contents/Developer
               SYSTEM_DEVELOPER_DOC_DIR = /Applications/Xcode.app/Contents/Developer/ADC Reference Library
               SYSTEM_DEVELOPER_GRAPHICS_TOOLS_DIR = /Applications/Xcode.app/Contents/Developer/Applications/Graphics Tools
               SYSTEM_DEVELOPER_JAVA_TOOLS_DIR = /Applications/Xcode.app/Contents/Developer/Applications/Java Tools
               SYSTEM_DEVELOPER_PERFORMANCE_TOOLS_DIR = /Applications/Xcode.app/Contents/Developer/Applications/Performance Tools
               SYSTEM_DEVELOPER_RELEASENOTES_DIR = /Applications/Xcode.app/Contents/Developer/ADC Reference Library/releasenotes
               SYSTEM_DEVELOPER_TOOLS = /Applications/Xcode.app/Contents/Developer/Tools
               SYSTEM_DEVELOPER_TOOLS_DOC_DIR = /Applications/Xcode.app/Contents/Developer/ADC Reference Library/documentation/DeveloperTools
               SYSTEM_DEVELOPER_TOOLS_RELEASENOTES_DIR = /Applications/Xcode.app/Contents/Developer/ADC Reference Library/releasenotes/DeveloperTools
               SYSTEM_DEVELOPER_USR_DIR = /Applications/Xcode.app/Contents/Developer/usr
               SYSTEM_DEVELOPER_UTILITIES_DIR = /Applications/Xcode.app/Contents/Developer/Applications/Utilities
               SYSTEM_DEXT_INSTALL_PATH = /System/Library/DriverExtensions
               SYSTEM_DOCUMENTATION_DIR = /Library/Documentation
               SYSTEM_EXTENSIONS_FOLDER_PATH = FirebaseSharedSwift.framework/SystemExtensions
               SYSTEM_EXTENSIONS_FOLDER_PATH_SHALLOW_BUNDLE_NO = FirebaseSharedSwift.framework/Library/SystemExtensions
               SYSTEM_EXTENSIONS_FOLDER_PATH_SHALLOW_BUNDLE_YES = FirebaseSharedSwift.framework/SystemExtensions
               SYSTEM_KEXT_INSTALL_PATH = /System/Library/Extensions
               SYSTEM_LIBRARY_DIR = /System/Library
               TAPI_DEMANGLE = YES
               TAPI_ENABLE_PROJECT_HEADERS = NO
               TAPI_LANGUAGE = objective-c
               TAPI_LANGUAGE_STANDARD = compiler-default
               TAPI_USE_SRCROOT = YES
               TAPI_VERIFY_MODE = Pedantic
               TARGETED_DEVICE_FAMILY = 1,2
               TARGETNAME = FirebaseSharedSwift
               TARGET_BUILD_DIR = /Users/otislewis/arena/build/ios/Release-iphonesimulator/FirebaseSharedSwift
               TARGET_NAME = FirebaseSharedSwift
               TARGET_TEMP_DIR = /Users/otislewis/arena/build/ios/Pods.build/Release-iphonesimulator/FirebaseSharedSwift.build
               TEMP_DIR = /Users/otislewis/arena/build/ios/Pods.build/Release-iphonesimulator/FirebaseSharedSwift.build
               TEMP_FILES_DIR = /Users/otislewis/arena/build/ios/Pods.build/Release-iphonesimulator/FirebaseSharedSwift.build
               TEMP_FILE_DIR = /Users/otislewis/arena/build/ios/Pods.build/Release-iphonesimulator/FirebaseSharedSwift.build
               TEMP_ROOT = /Users/otislewis/arena/build/ios
               TEMP_SANDBOX_DIR = /Users/otislewis/arena/build/ios/TemporaryTaskSandboxes
               TEST_FRAMEWORK_SEARCH_PATHS =  /Applications/Xcode.app/Contents/Developer/Platforms/iPhoneSimulator.platform/Developer/Library/Frameworks /Applications/Xcode.app/Contents/Developer/Platforms/iPhoneSimulator.platform/Developer/SDKs/iPhoneSimulator18.4.sdk/Developer/Library/Frameworks
               TEST_LIBRARY_SEARCH_PATHS =  /Applications/Xcode.app/Contents/Developer/Platforms/iPhoneSimulator.platform/Developer/usr/lib
               TOOLCHAINS = com.apple.dt.toolchain.XcodeDefault
               TOOLCHAIN_DIR = /Applications/Xcode.app/Contents/Developer/Toolchains/XcodeDefault.xctoolchain
               TREAT_MISSING_BASELINES_AS_TEST_FAILURES = NO
               TREAT_MISSING_SCRIPT_PHASE_OUTPUTS_AS_ERRORS = NO
               UID = 501
               UNINSTALLED_PRODUCTS_DIR = /Users/otislewis/arena/build/ios/UninstalledProducts
               UNLOCALIZED_RESOURCES_FOLDER_PATH = FirebaseSharedSwift.framework
               UNLOCALIZED_RESOURCES_FOLDER_PATH_SHALLOW_BUNDLE_NO = FirebaseSharedSwift.framework/Resources
               UNLOCALIZED_RESOURCES_FOLDER_PATH_SHALLOW_BUNDLE_YES = FirebaseSharedSwift.framework
               UNSTRIPPED_PRODUCT = NO
               USER = otislewis
               USER_APPS_DIR = /Users/otislewis/Applications
               USER_LIBRARY_DIR = /Users/otislewis/Library
               USE_DYNAMIC_NO_PIC = YES
               USE_HEADERMAP = YES
               USE_HEADER_SYMLINKS = NO
               USE_RECURSIVE_SCRIPT_INPUTS_IN_SCRIPT_PHASES = YES
               VALIDATE_DEVELOPMENT_ASSET_PATHS = YES_ERROR
               VALIDATE_PRODUCT = YES
               VALID_ARCHS = arm64
               VERBOSE_PBXCP = NO
               VERSIONING_SYSTEM = apple-generic
               VERSIONPLIST_PATH = FirebaseSharedSwift.framework/version.plist
               VERSIONS_FOLDER_PATH = FirebaseSharedSwift.framework
               VERSIONS_FOLDER_PATH_SHALLOW_BUNDLE_NO = FirebaseSharedSwift.framework/Versions
               VERSIONS_FOLDER_PATH_SHALLOW_BUNDLE_YES = FirebaseSharedSwift.framework
               VERSION_INFO_BUILDER = otislewis
               VERSION_INFO_FILE = FirebaseSharedSwift_vers.c
               VERSION_INFO_STRING = "@(#)PROGRAM:FirebaseSharedSwift  PROJECT:Pods-1"
               WORKSPACE_DIR = /Users/otislewis/arena/ios/Pods/Pods.xcodeproj
               WRAPPER_EXTENSION = framework
               WRAPPER_NAME = FirebaseSharedSwift.framework
               WRAPPER_SUFFIX = .framework
               WRAP_ASSET_PACKS_IN_SEPARATE_DIRECTORIES = NO
               XCODE_APP_SUPPORT_DIR = /Applications/Xcode.app/Contents/Developer/Library/Xcode
               XCODE_PRODUCT_BUILD_VERSION = 16E140
               XCODE_VERSION_ACTUAL = 1630
               XCODE_VERSION_MAJOR = 1600
               XCODE_VERSION_MINOR = 1630
               XPCSERVICES_FOLDER_PATH = FirebaseSharedSwift.framework/XPCServices
               YACC = yacc
               _DISCOVER_COMMAND_LINE_LINKER_INPUTS = YES
               _DISCOVER_COMMAND_LINE_LINKER_INPUTS_INCLUDE_WL = YES
               _WRAPPER_CONTENTS_DIR_SHALLOW_BUNDLE_NO = /Contents
               _WRAPPER_PARENT_PATH_SHALLOW_BUNDLE_NO = /..
               _WRAPPER_RESOURCES_DIR_SHALLOW_BUNDLE_NO = /Resources
               __DIAGNOSE_DEPRECATED_ARCHS = YES
               arch = undefined_arch
               variant = normal

           Build settings for action build and target FirebaseStorage:
               ACTION = build
               AD_HOC_CODE_SIGNING_ALLOWED = YES
               ALLOW_BUILD_REQUEST_OVERRIDES = NO
               ALLOW_TARGET_PLATFORM_SPECIALIZATION = NO
               ALTERNATE_GROUP = staff
               ALTERNATE_MODE = u+w,go-w,a+rX
               ALTERNATE_OWNER = otislewis
               ALTERNATIVE_DISTRIBUTION_WEB = NO
               ALWAYS_EMBED_SWIFT_STANDARD_LIBRARIES = NO
               ALWAYS_SEARCH_USER_PATHS = NO
               ALWAYS_USE_SEPARATE_HEADERMAPS = NO
               APPLICATION_EXTENSION_API_ONLY = NO
               APPLY_RULES_IN_COPY_FILES = NO
               APPLY_RULES_IN_COPY_HEADERS = NO
               APP_SHORTCUTS_ENABLE_FLEXIBLE_MATCHING = YES
               ARCHS_STANDARD = arm64 x86_64
               ARCHS_STANDARD_32_64_BIT = arm64 x86_64
               ARCHS_STANDARD_64_BIT = arm64 x86_64
               ARCHS_STANDARD_INCLUDING_64_BIT = arm64 x86_64
               ARCHS_UNIVERSAL_IPHONE_OS = arm64 x86_64
               AUTOMATICALLY_MERGE_DEPENDENCIES = NO
               AVAILABLE_PLATFORMS = android appletvos appletvsimulator driverkit iphoneos iphonesimulator macosx qnx watchos watchsimulator xros xrsimulator
               BITCODE_GENERATION_MODE = marker
               BUILD_ACTIVE_RESOURCES_ONLY = NO
               BUILD_COMPONENTS = headers build
               BUILD_DIR = /Users/otislewis/arena/build/ios
               BUILD_LIBRARY_FOR_DISTRIBUTION = NO
               BUILD_ROOT = /Users/otislewis/arena/ios/build
               BUILD_STYLE = 
               BUILD_VARIANTS = normal
               BUILT_PRODUCTS_DIR = /Users/otislewis/arena/build/ios/Release-iphonesimulator/FirebaseStorage
               BUNDLE_CONTENTS_FOLDER_PATH_deep = Contents/
               BUNDLE_EXECUTABLE_FOLDER_NAME_deep = MacOS
               BUNDLE_EXTENSIONS_FOLDER_PATH = Extensions
               BUNDLE_FORMAT = shallow
               BUNDLE_FRAMEWORKS_FOLDER_PATH = Frameworks
               BUNDLE_PLUGINS_FOLDER_PATH = PlugIns
               BUNDLE_PRIVATE_HEADERS_FOLDER_PATH = PrivateHeaders
               BUNDLE_PUBLIC_HEADERS_FOLDER_PATH = Headers
               CACHE_ROOT = /var/folders/4y/xy3fflts0nqfk1tsxg0t3mmr0000gn/C/com.apple.DeveloperTools/16.3-16E140/Xcode
               CCHROOT = /var/folders/4y/xy3fflts0nqfk1tsxg0t3mmr0000gn/C/com.apple.DeveloperTools/16.3-16E140/Xcode
               CHMOD = /bin/chmod
               CHOWN = /usr/sbin/chown
               CLANG_ANALYZER_LOCALIZABILITY_NONLOCALIZED = YES
               CLANG_ANALYZER_NONNULL = YES
               CLANG_ANALYZER_NUMBER_OBJECT_CONVERSION = YES_AGGRESSIVE
               CLANG_CACHE_FINE_GRAINED_OUTPUTS = YES
               CLANG_CXX_LANGUAGE_STANDARD = gnu++14
               CLANG_CXX_LIBRARY = libc++
               CLANG_ENABLE_EXPLICIT_MODULES = YES
               CLANG_ENABLE_MODULES = YES
               CLANG_ENABLE_OBJC_ARC = YES
               CLANG_ENABLE_OBJC_WEAK = NO
               CLANG_MODULES_BUILD_SESSION_FILE = /var/folders/4y/xy3fflts0nqfk1tsxg0t3mmr0000gn/C/org.llvm.clang/ModuleCache.noindex/Session.modulevalidation
               CLANG_WARN_BLOCK_CAPTURE_AUTORELEASING = YES
               CLANG_WARN_BOOL_CONVERSION = YES
               CLANG_WARN_COMMA = YES
               CLANG_WARN_CONSTANT_CONVERSION = YES
               CLANG_WARN_DEPRECATED_OBJC_IMPLEMENTATIONS = YES
               CLANG_WARN_DIRECT_OBJC_ISA_USAGE = YES_ERROR
               CLANG_WARN_DOCUMENTATION_COMMENTS = YES
               CLANG_WARN_EMPTY_BODY = YES
               CLANG_WARN_ENUM_CONVERSION = YES
               CLANG_WARN_INFINITE_RECURSION = YES
               CLANG_WARN_INT_CONVERSION = YES
               CLANG_WARN_NON_LITERAL_NULL_CONVERSION = YES
               CLANG_WARN_OBJC_IMPLICIT_RETAIN_SELF = YES
               CLANG_WARN_OBJC_LITERAL_CONVERSION = YES
               CLANG_WARN_OBJC_ROOT_CLASS = YES_ERROR
               CLANG_WARN_QUOTED_INCLUDE_IN_FRAMEWORK_HEADER = NO
               CLANG_WARN_RANGE_LOOP_ANALYSIS = YES
               CLANG_WARN_STRICT_PROTOTYPES = YES
               CLANG_WARN_SUSPICIOUS_MOVE = YES
               CLANG_WARN_UNGUARDED_AVAILABILITY = YES_AGGRESSIVE
               CLANG_WARN_UNREACHABLE_CODE = YES
               CLANG_WARN__DUPLICATE_METHOD_MATCH = YES
               CLASS_FILE_DIR = /Users/otislewis/arena/build/ios/Pods.build/Release-iphonesimulator/FirebaseStorage.build/JavaClasses
               CLEAN_PRECOMPS = YES
               CLONE_HEADERS = NO
               CODESIGNING_FOLDER_PATH = /Users/otislewis/arena/build/ios/Release-iphonesimulator/FirebaseStorage/FirebaseStorage.framework
               CODE_SIGNING_ALLOWED = YES
               CODE_SIGNING_REQUIRED = NO
               CODE_SIGNING_REQUIRES_TEAM = YES
               CODE_SIGN_CONTEXT_CLASS = XCiPhoneSimulatorCodeSignContext
               CODE_SIGN_IDENTITY = -
               CODE_SIGN_INJECT_BASE_ENTITLEMENTS = YES
               COLOR_DIAGNOSTICS = NO
               COMBINE_HIDPI_IMAGES = NO
               COMPILATION_CACHE_CAS_PATH = /var/folders/4y/xy3fflts0nqfk1tsxg0t3mmr0000gn/C/com.apple.DeveloperTools/16.3-16E140/Xcode/CompilationCache.noindex
               COMPILATION_CACHE_KEEP_CAS_DIRECTORY = YES
               COMPILER_INDEX_STORE_ENABLE = Default
               COMPOSITE_SDK_DIRS = /Users/otislewis/arena/build/ios/CompositeSDKs
               COMPRESS_PNG_FILES = YES
               CONFIGURATION = Release
               CONFIGURATION_BUILD_DIR = /Users/otislewis/arena/build/ios/Release-iphonesimulator/FirebaseStorage
               CONFIGURATION_TEMP_DIR = /Users/otislewis/arena/build/ios/Pods.build/Release-iphonesimulator
               CONTENTS_FOLDER_PATH = FirebaseStorage.framework
               CONTENTS_FOLDER_PATH_SHALLOW_BUNDLE_NO = FirebaseStorage.framework/A
               CONTENTS_FOLDER_PATH_SHALLOW_BUNDLE_YES = FirebaseStorage.framework
               COPYING_PRESERVES_HFS_DATA = NO
               COPY_HEADERS_RUN_UNIFDEF = NO
               COPY_PHASE_STRIP = NO
               CORRESPONDING_DEVICE_PLATFORM_DIR = /Applications/Xcode.app/Contents/Developer/Platforms/iPhoneOS.platform
               CORRESPONDING_DEVICE_PLATFORM_NAME = iphoneos
               CORRESPONDING_DEVICE_SDK_DIR = /Applications/Xcode.app/Contents/Developer/Platforms/iPhoneOS.platform/Developer/SDKs/iPhoneOS18.4.sdk
               CORRESPONDING_DEVICE_SDK_NAME = iphoneos18.4
               CP = /bin/cp
               CREATE_INFOPLIST_SECTION_IN_BINARY = NO
               CURRENT_ARCH = undefined_arch
               CURRENT_PROJECT_VERSION = 1
               CURRENT_VARIANT = normal
               CURRENT_VERSION = Current
               DEAD_CODE_STRIPPING = YES
               DEBUGGING_SYMBOLS = YES
               DEBUG_INFORMATION_FORMAT = dwarf-with-dsym
               DEBUG_INFORMATION_VERSION = compiler-default
               DEFAULT_COMPILER = com.apple.compilers.llvm.clang.1_0
               DEFAULT_DEXT_INSTALL_PATH = /System/Library/DriverExtensions
               DEFAULT_KEXT_INSTALL_PATH = /System/Library/Extensions
               DEFINES_MODULE = YES
               DEPLOYMENT_LOCATION = NO
               DEPLOYMENT_POSTPROCESSING = NO
               DEPLOYMENT_TARGET_SETTING_NAME = IPHONEOS_DEPLOYMENT_TARGET
               DEPLOYMENT_TARGET_SUGGESTED_VALUES = 12.0 12.1 12.2 12.3 12.4 13.0 13.1 13.2 13.3 13.4 13.5 13.6 14.0 14.1 14.2 14.3 14.4 14.5 14.6 14.7 15.0 15.1 15.2 15.3 15.4 15.5 15.6 16.0 16.1 16.2 16.3 16.4 16.5 16.6 17.0 17.1 17.2 17.3 17.4 17.5 17.6 18.0 18.1 18.2 18.3 18.4
               DERIVED_FILES_DIR = /Users/otislewis/arena/build/ios/Pods.build/Release-iphonesimulator/FirebaseStorage.build/DerivedSources
               DERIVED_FILE_DIR = /Users/otislewis/arena/build/ios/Pods.build/Release-iphonesimulator/FirebaseStorage.build/DerivedSources
               DERIVED_SOURCES_DIR = /Users/otislewis/arena/build/ios/Pods.build/Release-iphonesimulator/FirebaseStorage.build/DerivedSources
               DEVELOPER_APPLICATIONS_DIR = /Applications/Xcode.app/Contents/Developer/Applications
               DEVELOPER_BIN_DIR = /Applications/Xcode.app/Contents/Developer/usr/bin
               DEVELOPER_DIR = /Applications/Xcode.app/Contents/Developer
               DEVELOPER_FRAMEWORKS_DIR = /Applications/Xcode.app/Contents/Developer/Library/Frameworks
               DEVELOPER_FRAMEWORKS_DIR_QUOTED = /Applications/Xcode.app/Contents/Developer/Library/Frameworks
               DEVELOPER_LIBRARY_DIR = /Applications/Xcode.app/Contents/Developer/Library
               DEVELOPER_SDK_DIR = /Applications/Xcode.app/Contents/Developer/Platforms/MacOSX.platform/Developer/SDKs
               DEVELOPER_TOOLS_DIR = /Applications/Xcode.app/Contents/Developer/Tools
               DEVELOPER_USR_DIR = /Applications/Xcode.app/Contents/Developer/usr
               DEVELOPMENT_LANGUAGE = en
               DIAGNOSE_MISSING_TARGET_DEPENDENCIES = YES
               DIFF = /usr/bin/diff
               DOCUMENTATION_FOLDER_PATH = FirebaseStorage.framework/en.lproj/Documentation
               DONT_GENERATE_INFOPLIST_FILE = NO
               DSTROOT = /tmp/Pods.dst
               DT_TOOLCHAIN_DIR = /Applications/Xcode.app/Contents/Developer/Toolchains/XcodeDefault.xctoolchain
               DWARF_DSYM_FILE_NAME = FirebaseStorage.framework.dSYM
               DWARF_DSYM_FILE_SHOULD_ACCOMPANY_PRODUCT = NO
               DWARF_DSYM_FOLDER_PATH = /Users/otislewis/arena/build/ios/Release-iphonesimulator/FirebaseStorage
               DYLIB_COMPATIBILITY_VERSION = 1
               DYLIB_CURRENT_VERSION = 1
               DYLIB_INSTALL_NAME_BASE = @rpath
               DYNAMIC_LIBRARY_EXTENSION = dylib
               EAGER_COMPILATION_ALLOW_SCRIPTS = NO
               EAGER_LINKING = NO
               EFFECTIVE_PLATFORM_NAME = -iphonesimulator
               EMBEDDED_CONTENT_CONTAINS_SWIFT = NO
               EMBED_ASSET_PACKS_IN_PRODUCT_BUNDLE = NO
               ENABLE_APP_SANDBOX = NO
               ENABLE_BITCODE = NO
               ENABLE_CODE_COVERAGE = YES
               ENABLE_DEFAULT_HEADER_SEARCH_PATHS = YES
               ENABLE_DEFAULT_SEARCH_PATHS = YES
               ENABLE_HARDENED_RUNTIME = NO
               ENABLE_HEADER_DEPENDENCIES = YES
               ENABLE_INCOMING_NETWORK_CONNECTIONS = NO
               ENABLE_MODULE_VERIFIER = NO
               ENABLE_NS_ASSERTIONS = NO
               ENABLE_ON_DEMAND_RESOURCES = NO
               ENABLE_OUTGOING_NETWORK_CONNECTIONS = NO
               ENABLE_RESOURCE_ACCESS_AUDIO_INPUT = NO
               ENABLE_RESOURCE_ACCESS_BLUETOOTH = NO
               ENABLE_RESOURCE_ACCESS_CALENDARS = NO
               ENABLE_RESOURCE_ACCESS_CAMERA = NO
               ENABLE_RESOURCE_ACCESS_CONTACTS = NO
               ENABLE_RESOURCE_ACCESS_LOCATION = NO
               ENABLE_RESOURCE_ACCESS_PRINTING = NO
               ENABLE_RESOURCE_ACCESS_USB = NO
               ENABLE_SDK_IMPORTS = NO
               ENABLE_STRICT_OBJC_MSGSEND = YES
               ENABLE_TESTABILITY = NO
               ENABLE_TESTING_SEARCH_PATHS = NO
               ENABLE_USER_SCRIPT_SANDBOXING = NO
               ENFORCE_VALID_ARCHS = YES
               ENTITLEMENTS_DESTINATION = __entitlements
               ENTITLEMENTS_REQUIRED = NO
               EXCLUDED_ARCHS = arm64
               EXCLUDED_INSTALLSRC_SUBDIRECTORY_PATTERNS = .DS_Store .svn .git .hg CVS
               EXCLUDED_RECURSIVE_SEARCH_PATH_SUBDIRECTORIES = *.nib *.lproj *.framework *.gch *.xcode* *.xcassets (*) .DS_Store CVS .svn .git .hg *.pbproj *.pbxproj
               EXECUTABLES_FOLDER_PATH = FirebaseStorage.framework/en.lproj
               EXECUTABLE_FOLDER_PATH = FirebaseStorage.framework
               EXECUTABLE_FOLDER_PATH_SHALLOW_BUNDLE_NO = FirebaseStorage.framework
               EXECUTABLE_FOLDER_PATH_SHALLOW_BUNDLE_YES = FirebaseStorage.framework
               EXECUTABLE_NAME = FirebaseStorage
               EXECUTABLE_PATH = FirebaseStorage.framework/FirebaseStorage
               EXTENSIONS_FOLDER_PATH = FirebaseStorage.framework/Extensions
               FILE_LIST = /Users/otislewis/arena/build/ios/Pods.build/Release-iphonesimulator/FirebaseStorage.build/Objects/LinkFileList
               FIXED_FILES_DIR = /Users/otislewis/arena/build/ios/Pods.build/Release-iphonesimulator/FirebaseStorage.build/FixedFiles
               FRAMEWORKS_FOLDER_PATH = FirebaseStorage.framework/Frameworks
               FRAMEWORK_FLAG_PREFIX = -framework
               FRAMEWORK_SEARCH_PATHS = /Users/otislewis/arena/build/ios/Release-iphonesimulator/FirebaseStorage  "/Users/otislewis/arena/build/ios/Release-iphonesimulator/FirebaseAppCheckInterop" "/Users/otislewis/arena/build/ios/Release-iphonesimulator/FirebaseAuthInterop" "/Users/otislewis/arena/build/ios/Release-iphonesimulator/FirebaseCore" "/Users/otislewis/arena/build/ios/Release-iphonesimulator/FirebaseCoreExtension" "/Users/otislewis/arena/build/ios/Release-iphonesimulator/FirebaseCoreInternal" "/Users/otislewis/arena/build/ios/Release-iphonesimulator/GTMSessionFetcher" "/Users/otislewis/arena/build/ios/Release-iphonesimulator/GoogleUtilities" "/Users/otislewis/arena/build/ios/Release-iphonesimulator/PromisesObjC"
               FRAMEWORK_VERSION = A
               FULL_PRODUCT_NAME = FirebaseStorage.framework
               FUSE_BUILD_PHASES = YES
               FUSE_BUILD_SCRIPT_PHASES = NO
               GCC3_VERSION = 3.3
               GCC_C_LANGUAGE_STANDARD = gnu11
               GCC_INLINES_ARE_PRIVATE_EXTERN = YES
               GCC_NO_COMMON_BLOCKS = YES
               GCC_OBJC_LEGACY_DISPATCH = YES
               GCC_PFE_FILE_C_DIALECTS = c objective-c c++ objective-c++
               GCC_PREPROCESSOR_DEFINITIONS = POD_CONFIGURATION_RELEASE=1  COCOAPODS=1
               GCC_TREAT_WARNINGS_AS_ERRORS = NO
               GCC_VERSION = com.apple.compilers.llvm.clang.1_0
               GCC_VERSION_IDENTIFIER = com_apple_compilers_llvm_clang_1_0
               GCC_WARN_64_TO_32_BIT_CONVERSION = YES
               GCC_WARN_ABOUT_RETURN_TYPE = YES_ERROR
               GCC_WARN_UNDECLARED_SELECTOR = YES
               GCC_WARN_UNINITIALIZED_AUTOS = YES_AGGRESSIVE
               GCC_WARN_UNUSED_FUNCTION = YES
               GCC_WARN_UNUSED_VARIABLE = YES
               GENERATED_MODULEMAP_DIR = /Users/otislewis/arena/build/ios/GeneratedModuleMaps-iphonesimulator
               GENERATE_INFOPLIST_FILE = NO
               GENERATE_INTERMEDIATE_TEXT_BASED_STUBS = YES
               GENERATE_MASTER_OBJECT_FILE = NO
               GENERATE_PKGINFO_FILE = NO
               GENERATE_PROFILING_CODE = NO
               GENERATE_TEXT_BASED_STUBS = NO
               GID = 20
               GROUP = staff
               HEADERMAP_INCLUDES_FLAT_ENTRIES_FOR_TARGET_BEING_BUILT = YES
               HEADERMAP_INCLUDES_FRAMEWORK_ENTRIES_FOR_ALL_PRODUCT_TYPES = YES
               HEADERMAP_INCLUDES_FRAMEWORK_ENTRIES_FOR_TARGETS_NOT_BEING_BUILT = YES
               HEADERMAP_INCLUDES_NONPUBLIC_NONPRIVATE_HEADERS = YES
               HEADERMAP_INCLUDES_PROJECT_HEADERS = YES
               HEADERMAP_USES_FRAMEWORK_PREFIX_ENTRIES = YES
               HEADERMAP_USES_VFS = YES
               HEADER_SEARCH_PATHS = /Users/otislewis/arena/build/ios/Release-iphonesimulator/FirebaseStorage/include 
               HIDE_BITCODE_SYMBOLS = YES
               HOME = /Users/otislewis
               HOST_ARCH = arm64
               HOST_PLATFORM = macosx
               ICONV = /usr/bin/iconv
               IMPLICIT_DEPENDENCY_DOMAIN = default
               INFOPLIST_ENABLE_CFBUNDLEICONS_MERGE = YES
               INFOPLIST_EXPAND_BUILD_SETTINGS = YES
               INFOPLIST_FILE = Target Support Files/FirebaseStorage/FirebaseStorage-Info.plist
               INFOPLIST_OUTPUT_FORMAT = binary
               INFOPLIST_PATH = FirebaseStorage.framework/Info.plist
               INFOPLIST_PREPROCESS = NO
               INFOSTRINGS_PATH = FirebaseStorage.framework/en.lproj/InfoPlist.strings
               INLINE_PRIVATE_FRAMEWORKS = NO
               INSTALLAPI_IGNORE_SKIP_INSTALL = YES
               INSTALLHDRS_COPY_PHASE = NO
               INSTALLHDRS_SCRIPT_PHASE = NO
               INSTALL_DIR = /tmp/Pods.dst/Library/Frameworks
               INSTALL_GROUP = staff
               INSTALL_MODE_FLAG = u+w,go-w,a+rX
               INSTALL_OWNER = otislewis
               INSTALL_PATH = /Library/Frameworks
               INSTALL_ROOT = /tmp/Pods.dst
               IPHONEOS_DEPLOYMENT_TARGET = 13.0
               IS_UNOPTIMIZED_BUILD = NO
               JAVAC_DEFAULT_FLAGS = -J-Xms64m -J-XX:NewSize=4M -J-Dfile.encoding=UTF8
               JAVA_APP_STUB = /System/Library/Frameworks/JavaVM.framework/Resources/MacOS/JavaApplicationStub
               JAVA_ARCHIVE_CLASSES = YES
               JAVA_ARCHIVE_TYPE = JAR
               JAVA_COMPILER = /usr/bin/javac
               JAVA_FOLDER_PATH = FirebaseStorage.framework/Java
               JAVA_FRAMEWORK_RESOURCES_DIRS = Resources
               JAVA_JAR_FLAGS = cv
               JAVA_SOURCE_SUBDIR = .
               JAVA_USE_DEPENDENCIES = YES
               JAVA_ZIP_FLAGS = -urg
               JIKES_DEFAULT_FLAGS = +E +OLDCSO
               KEEP_PRIVATE_EXTERNS = NO
               LD_DEPENDENCY_INFO_FILE = /Users/otislewis/arena/build/ios/Pods.build/Release-iphonesimulator/FirebaseStorage.build/Objects-normal/undefined_arch/FirebaseStorage_dependency_info.dat
               LD_DYLIB_INSTALL_NAME = @rpath/FirebaseStorage.framework/FirebaseStorage
               LD_EXPORT_SYMBOLS = YES
               LD_GENERATE_MAP_FILE = NO
               LD_MAP_FILE_PATH = /Users/otislewis/arena/build/ios/Pods.build/Release-iphonesimulator/FirebaseStorage.build/FirebaseStorage-LinkMap-normal-undefined_arch.txt
               LD_NO_PIE = NO
               LD_QUOTE_LINKER_ARGUMENTS_FOR_COMPILER_DRIVER = YES
               LD_RUNPATH_SEARCH_PATHS =  @executable_path/Frameworks @loader_path/Frameworks
               LD_SHARED_CACHE_ELIGIBLE = Automatic
               LD_WARN_DUPLICATE_LIBRARIES = NO
               LD_WARN_UNUSED_DYLIBS = NO
               LEGACY_DEVELOPER_DIR = /Applications/Xcode.app/Contents/PlugIns/Xcode3Core.ideplugin/Contents/SharedSupport/Developer
               LEX = lex
               LIBRARY_DEXT_INSTALL_PATH = /Library/DriverExtensions
               LIBRARY_FLAG_NOSPACE = YES
               LIBRARY_FLAG_PREFIX = -l
               LIBRARY_KEXT_INSTALL_PATH = /Library/Extensions
               LIBRARY_SEARCH_PATHS = /Users/otislewis/arena/build/ios/Release-iphonesimulator/FirebaseStorage /Applications/Xcode.app/Contents/Developer/Toolchains/XcodeDefault.xctoolchain/usr/lib/swift/iphonesimulator /Applications/Xcode.app/Contents/Developer/Platforms/iPhoneSimulator.platform/Developer/SDKs/iPhoneSimulator18.4.sdk/usr/lib/swift
               LINKER_DISPLAYS_MANGLED_NAMES = NO
               LINK_OBJC_RUNTIME = YES
               LINK_WITH_STANDARD_LIBRARIES = YES
               LLVM_TARGET_TRIPLE_OS_VERSION = ios13.0
               LLVM_TARGET_TRIPLE_SUFFIX = -simulator
               LLVM_TARGET_TRIPLE_VENDOR = apple
               LOCALIZATION_EXPORT_SUPPORTED = YES
               LOCALIZATION_PREFERS_STRING_CATALOGS = NO
               LOCALIZED_RESOURCES_FOLDER_PATH = FirebaseStorage.framework/en.lproj
               LOCALIZED_STRING_MACRO_NAMES = NSLocalizedString CFCopyLocalizedString
               LOCALIZED_STRING_SWIFTUI_SUPPORT = YES
               LOCAL_ADMIN_APPS_DIR = /Applications/Utilities
               LOCAL_APPS_DIR = /Applications
               LOCAL_DEVELOPER_DIR = /Library/Developer
               LOCAL_LIBRARY_DIR = /Library
               LOCROOT = /Users/otislewis/arena/ios/Pods
               LOCSYMROOT = /Users/otislewis/arena/ios/Pods
               MACH_O_TYPE = mh_dylib
               MAC_OS_X_PRODUCT_BUILD_VERSION = 24F74
               MAC_OS_X_VERSION_ACTUAL = 150500
               MAC_OS_X_VERSION_MAJOR = 150000
               MAC_OS_X_VERSION_MINOR = 150500
               MAKE_MERGEABLE = NO
               MERGEABLE_LIBRARY = NO
               MERGED_BINARY_TYPE = none
               MERGE_LINKED_LIBRARIES = NO
               METAL_LIBRARY_FILE_BASE = default
               METAL_LIBRARY_OUTPUT_DIR = /Users/otislewis/arena/build/ios/Release-iphonesimulator/FirebaseStorage/FirebaseStorage.framework
               MODULEMAP_FILE = Target Support Files/FirebaseStorage/FirebaseStorage.modulemap
               MODULES_FOLDER_PATH = FirebaseStorage.framework/Modules
               MTL_ENABLE_DEBUG_INFO = NO
               MTL_FAST_MATH = YES
               NATIVE_ARCH = arm64
               NATIVE_ARCH_32_BIT = arm
               NATIVE_ARCH_64_BIT = arm64
               NATIVE_ARCH_ACTUAL = arm64
               NO_COMMON = YES
               OBJC_ABI_VERSION = 2
               OBJECT_FILE_DIR = /Users/otislewis/arena/build/ios/Pods.build/Release-iphonesimulator/FirebaseStorage.build/Objects
               OBJECT_FILE_DIR_normal = /Users/otislewis/arena/build/ios/Pods.build/Release-iphonesimulator/FirebaseStorage.build/Objects-normal
               OBJROOT = /Users/otislewis/arena/build/ios
               ONLY_ACTIVE_ARCH = NO
               OS = MACOS
               OSAC = /usr/bin/osacompile
               OTHER_LDFLAGS =  -framework "FirebaseAppCheckInterop" -framework "FirebaseAuthInterop" -framework "FirebaseCore" -framework "FirebaseCoreExtension" -framework "Foundation" -framework "GTMSessionFetcher" -framework "GoogleUtilities" -framework "Security" -framework "SystemConfiguration" -framework "UIKit"
               OTHER_SWIFT_FLAGS =  -D COCOAPODS
               PACKAGE_TYPE = com.apple.package-type.wrapper.framework
               PASCAL_STRINGS = YES
               PATH = /Applications/Xcode.app/Contents/SharedFrameworks/SwiftBuild.framework/Versions/A/PlugIns/SWBBuildService.bundle/Contents/PlugIns/SWBUniversalPlatformPlugin.bundle/Contents/Frameworks/SWBUniversalPlatform.framework/Resources:/Applications/Xcode.app/Contents/Developer/Toolchains/XcodeDefault.xctoolchain/usr/bin:/Applications/Xcode.app/Contents/Developer/Toolchains/XcodeDefault.xctoolchain/usr/local/bin:/Applications/Xcode.app/Contents/Developer/Toolchains/XcodeDefault.xctoolchain/usr/libexec:/Applications/Xcode.app/Contents/Developer/Platforms/iPhoneSimulator.platform/usr/bin:/Applications/Xcode.app/Contents/Developer/Platforms/iPhoneSimulator.platform/usr/local/bin:/Applications/Xcode.app/Contents/Developer/Platforms/iPhoneSimulator.platform/Developer/usr/bin:/Applications/Xcode.app/Contents/Developer/Platforms/iPhoneSimulator.platform/Developer/usr/local/bin:/Applications/Xcode.app/Contents/Developer/usr/bin:/Applications/Xcode.app/Contents/Developer/usr/local/bin:/Users/otislewis/.gem/ruby/3.3.0/bin:/opt/homebrew/bin:/opt/homebrew/sbin:/usr/local/bin:/System/Cryptexes/App/usr/bin:/usr/bin:/bin:/usr/sbin:/sbin:/var/run/com.apple.security.cryptexd/codex.system/bootstrap/usr/local/bin:/var/run/com.apple.security.cryptexd/codex.system/bootstrap/usr/bin:/var/run/com.apple.security.cryptexd/codex.system/bootstrap/usr/appleinternal/bin:/Library/Apple/usr/bin:/opt/homebrew/Caskroom/flutter/3.32.0/flutter/bin:/Users/otislewis/Library/Android/sdk/emulator:/Users/otislewis/Library/Android/sdk/tools:/Users/otislewis/Library/Android/sdk/tools/bin:/Users/otislewis/Library/Android/sdk/platform-tools:/opt/homebrew/Caskroom/flutter/3.32.0/flutter/bin/cache/dart-sdk/bin
               PATH_PREFIXES_EXCLUDED_FROM_HEADER_DEPENDENCIES = /usr/include /usr/local/include /System/Library/Frameworks /System/Library/PrivateFrameworks /Applications/Xcode.app/Contents/Developer/Headers /Applications/Xcode.app/Contents/Developer/SDKs /Applications/Xcode.app/Contents/Developer/Platforms
               PBDEVELOPMENTPLIST_PATH = FirebaseStorage.framework/pbdevelopment.plist
               PER_ARCH_MODULE_FILE_DIR = /Users/otislewis/arena/build/ios/Pods.build/Release-iphonesimulator/FirebaseStorage.build/Objects-normal/undefined_arch
               PER_ARCH_OBJECT_FILE_DIR = /Users/otislewis/arena/build/ios/Pods.build/Release-iphonesimulator/FirebaseStorage.build/Objects-normal/undefined_arch
               PER_VARIANT_OBJECT_FILE_DIR = /Users/otislewis/arena/build/ios/Pods.build/Release-iphonesimulator/FirebaseStorage.build/Objects-normal
               PKGINFO_FILE_PATH = /Users/otislewis/arena/build/ios/Pods.build/Release-iphonesimulator/FirebaseStorage.build/PkgInfo
               PKGINFO_PATH = FirebaseStorage.framework/PkgInfo
               PLATFORM_DEVELOPER_APPLICATIONS_DIR = /Applications/Xcode.app/Contents/Developer/Platforms/iPhoneSimulator.platform/Developer/Applications
               PLATFORM_DEVELOPER_BIN_DIR = /Applications/Xcode.app/Contents/Developer/Platforms/iPhoneSimulator.platform/Developer/usr/bin
               PLATFORM_DEVELOPER_LIBRARY_DIR = /Applications/Xcode.app/Contents/Developer/Platforms/iPhoneSimulator.platform/Developer/Library
               PLATFORM_DEVELOPER_SDK_DIR = /Applications/Xcode.app/Contents/Developer/Platforms/iPhoneSimulator.platform/Developer/SDKs
               PLATFORM_DEVELOPER_TOOLS_DIR = /Applications/Xcode.app/Contents/Developer/Platforms/iPhoneSimulator.platform/Developer/Tools
               PLATFORM_DEVELOPER_USR_DIR = /Applications/Xcode.app/Contents/Developer/Platforms/iPhoneSimulator.platform/Developer/usr
               PLATFORM_DIR = /Applications/Xcode.app/Contents/Developer/Platforms/iPhoneSimulator.platform
               PLATFORM_DISPLAY_NAME = iOS Simulator
               PLATFORM_FAMILY_NAME = iOS
               PLATFORM_NAME = iphonesimulator
               PLATFORM_PREFERRED_ARCH = x86_64
               PLATFORM_PRODUCT_BUILD_VERSION = 22E235
               PLATFORM_REQUIRES_SWIFT_AUTOLINK_EXTRACT = NO
               PLATFORM_REQUIRES_SWIFT_MODULEWRAP = NO
               PLIST_FILE_OUTPUT_FORMAT = binary
               PLUGINS_FOLDER_PATH = FirebaseStorage.framework/PlugIns
               PODS_BUILD_DIR = /Users/otislewis/arena/build/ios
               PODS_CONFIGURATION_BUILD_DIR = /Users/otislewis/arena/build/ios/Release-iphonesimulator
               PODS_DEVELOPMENT_LANGUAGE = en
               PODS_ROOT = /Users/otislewis/arena/ios/Pods
               PODS_TARGET_SRCROOT = /Users/otislewis/arena/ios/Pods/FirebaseStorage
               PODS_XCFRAMEWORKS_BUILD_DIR = /Users/otislewis/arena/build/ios/Release-iphonesimulator/XCFrameworkIntermediates
               PRECOMPS_INCLUDE_HEADERS_FROM_BUILT_PRODUCTS_DIR = YES
               PRECOMP_DESTINATION_DIR = /Users/otislewis/arena/build/ios/Pods.build/Release-iphonesimulator/FirebaseStorage.build/PrefixHeaders
               PRIVATE_HEADERS_FOLDER_PATH = FirebaseStorage.framework/PrivateHeaders
               PROCESSED_INFOPLIST_PATH = /Users/otislewis/arena/build/ios/Pods.build/Release-iphonesimulator/FirebaseStorage.build/Objects-normal/undefined_arch/Processed-Info.plist
               PRODUCT_BUNDLE_IDENTIFIER = org.cocoapods.FirebaseStorage
               PRODUCT_BUNDLE_PACKAGE_TYPE = FMWK
               PRODUCT_MODULE_NAME = FirebaseStorage
               PRODUCT_NAME = FirebaseStorage
               PRODUCT_SETTINGS_PATH = /Users/otislewis/arena/ios/Pods/Target Support Files/FirebaseStorage/FirebaseStorage-Info.plist
               PRODUCT_TYPE = com.apple.product-type.framework
               PROFILING_CODE = NO
               PROJECT = Pods
               PROJECT_DERIVED_FILE_DIR = /Users/otislewis/arena/build/ios/Pods.build/DerivedSources
               PROJECT_DIR = /Users/otislewis/arena/ios/Pods
               PROJECT_FILE_PATH = /Users/otislewis/arena/ios/Pods/Pods.xcodeproj
               PROJECT_GUID = bfdfe7dc352907fc980b868725387e98
               PROJECT_NAME = Pods
               PROJECT_TEMP_DIR = /Users/otislewis/arena/build/ios/Pods.build
               PROJECT_TEMP_ROOT = /Users/otislewis/arena/build/ios
               PUBLIC_HEADERS_FOLDER_PATH = FirebaseStorage.framework/Headers
               RECOMMENDED_IPHONEOS_DEPLOYMENT_TARGET = 15.0
               RECURSIVE_SEARCH_PATHS_FOLLOW_SYMLINKS = YES
               REMOVE_CVS_FROM_RESOURCES = YES
               REMOVE_GIT_FROM_RESOURCES = YES
               REMOVE_HEADERS_FROM_EMBEDDED_BUNDLES = YES
               REMOVE_HG_FROM_RESOURCES = YES
               REMOVE_STATIC_EXECUTABLES_FROM_EMBEDDED_BUNDLES = YES
               REMOVE_SVN_FROM_RESOURCES = YES
               RESCHEDULE_INDEPENDENT_HEADERS_PHASES = YES
               REZ_COLLECTOR_DIR = /Users/otislewis/arena/build/ios/Pods.build/Release-iphonesimulator/FirebaseStorage.build/ResourceManagerResources
               REZ_OBJECTS_DIR = /Users/otislewis/arena/build/ios/Pods.build/Release-iphonesimulator/FirebaseStorage.build/ResourceManagerResources/Objects
               REZ_SEARCH_PATHS = /Users/otislewis/arena/build/ios/Release-iphonesimulator/FirebaseStorage 
               SCAN_ALL_SOURCE_FILES_FOR_INCLUDES = NO
               SCRIPTS_FOLDER_PATH = FirebaseStorage.framework/Scripts
               SDKROOT = /Applications/Xcode.app/Contents/Developer/Platforms/iPhoneSimulator.platform/Developer/SDKs/iPhoneSimulator18.4.sdk
               SDK_DIR = /Applications/Xcode.app/Contents/Developer/Platforms/iPhoneSimulator.platform/Developer/SDKs/iPhoneSimulator18.4.sdk
               SDK_DIR_iphonesimulator = /Applications/Xcode.app/Contents/Developer/Platforms/iPhoneSimulator.platform/Developer/SDKs/iPhoneSimulator18.4.sdk
               SDK_DIR_iphonesimulator18_4 = /Applications/Xcode.app/Contents/Developer/Platforms/iPhoneSimulator.platform/Developer/SDKs/iPhoneSimulator18.4.sdk
               SDK_NAME = iphonesimulator18.4
               SDK_NAMES = iphonesimulator18.4
               SDK_PRODUCT_BUILD_VERSION = 22E235
               SDK_STAT_CACHE_DIR = /var/folders/4y/xy3fflts0nqfk1tsxg0t3mmr0000gn/C/com.apple.DeveloperTools/16.3-16E140/Xcode
               SDK_STAT_CACHE_ENABLE = YES
               SDK_STAT_CACHE_PATH = /var/folders/4y/xy3fflts0nqfk1tsxg0t3mmr0000gn/C/com.apple.DeveloperTools/16.3-16E140/Xcode/SDKStatCaches.noindex/iphonesimulator18.4-22E235-71825a6d136aa4733edcbe86ece5525b.sdkstatcache
               SDK_VERSION = 18.4
               SDK_VERSION_ACTUAL = 180400
               SDK_VERSION_MAJOR = 180000
               SDK_VERSION_MINOR = 180400
               SED = /usr/bin/sed
               SEPARATE_STRIP = NO
               SEPARATE_SYMBOL_EDIT = NO
               SET_DIR_MODE_OWNER_GROUP = YES
               SET_FILE_MODE_OWNER_GROUP = NO
               SHALLOW_BUNDLE = YES
               SHALLOW_BUNDLE_TRIPLE = ios-simulator
               SHALLOW_BUNDLE_ios_macabi = NO
               SHALLOW_BUNDLE_macos = NO
               SHARED_DERIVED_FILE_DIR = /Users/otislewis/arena/build/ios/Release-iphonesimulator/FirebaseStorage/DerivedSources
               SHARED_FRAMEWORKS_FOLDER_PATH = FirebaseStorage.framework/SharedFrameworks
               SHARED_PRECOMPS_DIR = /Users/otislewis/arena/build/ios/SharedPrecompiledHeaders
               SHARED_SUPPORT_FOLDER_PATH = FirebaseStorage.framework
               SKIP_INSTALL = YES
               SOURCE_ROOT = /Users/otislewis/arena/ios/Pods
               SRCROOT = /Users/otislewis/arena/ios/Pods
               STRINGSDATA_DIR = /Users/otislewis/arena/build/ios/Pods.build/Release-iphonesimulator/FirebaseStorage.build/Objects-normal/undefined_arch
               STRINGSDATA_ROOT = /Users/otislewis/arena/build/ios/Pods.build/Release-iphonesimulator/FirebaseStorage.build
               STRINGS_FILE_INFOPLIST_RENAME = YES
               STRINGS_FILE_OUTPUT_ENCODING = binary
               STRIP_BITCODE_FROM_COPIED_FILES = NO
               STRIP_INSTALLED_PRODUCT = NO
               STRIP_STYLE = debugging
               STRIP_SWIFT_SYMBOLS = YES
               SUPPORTED_DEVICE_FAMILIES = 1,2
               SUPPORTED_PLATFORMS = iphoneos iphonesimulator
               SUPPORTS_TEXT_BASED_API = NO
               SUPPRESS_WARNINGS = NO
               SWIFT_ACTIVE_COMPILATION_CONDITIONS =  
               SWIFT_COMPILATION_MODE = wholemodule
               SWIFT_EMIT_LOC_STRINGS = NO
               SWIFT_INSTALL_MODULE_FOR_DEPLOYMENT = YES
               SWIFT_INSTALL_OBJC_HEADER = YES
               SWIFT_OPTIMIZATION_LEVEL = -O
               SWIFT_PLATFORM_TARGET_PREFIX = ios
               SWIFT_VERSION = 5.3
               SYMROOT = /Users/otislewis/arena/ios/build
               SYSTEM_ADMIN_APPS_DIR = /Applications/Utilities
               SYSTEM_APPS_DIR = /Applications
               SYSTEM_CORE_SERVICES_DIR = /System/Library/CoreServices
               SYSTEM_DEMOS_DIR = /Applications/Extras
               SYSTEM_DEVELOPER_APPS_DIR = /Applications/Xcode.app/Contents/Developer/Applications
               SYSTEM_DEVELOPER_BIN_DIR = /Applications/Xcode.app/Contents/Developer/usr/bin
               SYSTEM_DEVELOPER_DEMOS_DIR = /Applications/Xcode.app/Contents/Developer/Applications/Utilities/Built Examples
               SYSTEM_DEVELOPER_DIR = /Applications/Xcode.app/Contents/Developer
               SYSTEM_DEVELOPER_DOC_DIR = /Applications/Xcode.app/Contents/Developer/ADC Reference Library
               SYSTEM_DEVELOPER_GRAPHICS_TOOLS_DIR = /Applications/Xcode.app/Contents/Developer/Applications/Graphics Tools
               SYSTEM_DEVELOPER_JAVA_TOOLS_DIR = /Applications/Xcode.app/Contents/Developer/Applications/Java Tools
               SYSTEM_DEVELOPER_PERFORMANCE_TOOLS_DIR = /Applications/Xcode.app/Contents/Developer/Applications/Performance Tools
               SYSTEM_DEVELOPER_RELEASENOTES_DIR = /Applications/Xcode.app/Contents/Developer/ADC Reference Library/releasenotes
               SYSTEM_DEVELOPER_TOOLS = /Applications/Xcode.app/Contents/Developer/Tools
               SYSTEM_DEVELOPER_TOOLS_DOC_DIR = /Applications/Xcode.app/Contents/Developer/ADC Reference Library/documentation/DeveloperTools
               SYSTEM_DEVELOPER_TOOLS_RELEASENOTES_DIR = /Applications/Xcode.app/Contents/Developer/ADC Reference Library/releasenotes/DeveloperTools
               SYSTEM_DEVELOPER_USR_DIR = /Applications/Xcode.app/Contents/Developer/usr
               SYSTEM_DEVELOPER_UTILITIES_DIR = /Applications/Xcode.app/Contents/Developer/Applications/Utilities
               SYSTEM_DEXT_INSTALL_PATH = /System/Library/DriverExtensions
               SYSTEM_DOCUMENTATION_DIR = /Library/Documentation
               SYSTEM_EXTENSIONS_FOLDER_PATH = FirebaseStorage.framework/SystemExtensions
               SYSTEM_EXTENSIONS_FOLDER_PATH_SHALLOW_BUNDLE_NO = FirebaseStorage.framework/Library/SystemExtensions
               SYSTEM_EXTENSIONS_FOLDER_PATH_SHALLOW_BUNDLE_YES = FirebaseStorage.framework/SystemExtensions
               SYSTEM_KEXT_INSTALL_PATH = /System/Library/Extensions
               SYSTEM_LIBRARY_DIR = /System/Library
               TAPI_DEMANGLE = YES
               TAPI_ENABLE_PROJECT_HEADERS = NO
               TAPI_LANGUAGE = objective-c
               TAPI_LANGUAGE_STANDARD = compiler-default
               TAPI_USE_SRCROOT = YES
               TAPI_VERIFY_MODE = Pedantic
               TARGETED_DEVICE_FAMILY = 1,2
               TARGETNAME = FirebaseStorage
               TARGET_BUILD_DIR = /Users/otislewis/arena/build/ios/Release-iphonesimulator/FirebaseStorage
               TARGET_NAME = FirebaseStorage
               TARGET_TEMP_DIR = /Users/otislewis/arena/build/ios/Pods.build/Release-iphonesimulator/FirebaseStorage.build
               TEMP_DIR = /Users/otislewis/arena/build/ios/Pods.build/Release-iphonesimulator/FirebaseStorage.build
               TEMP_FILES_DIR = /Users/otislewis/arena/build/ios/Pods.build/Release-iphonesimulator/FirebaseStorage.build
               TEMP_FILE_DIR = /Users/otislewis/arena/build/ios/Pods.build/Release-iphonesimulator/FirebaseStorage.build
               TEMP_ROOT = /Users/otislewis/arena/build/ios
               TEMP_SANDBOX_DIR = /Users/otislewis/arena/build/ios/TemporaryTaskSandboxes
               TEST_FRAMEWORK_SEARCH_PATHS =  /Applications/Xcode.app/Contents/Developer/Platforms/iPhoneSimulator.platform/Developer/Library/Frameworks /Applications/Xcode.app/Contents/Developer/Platforms/iPhoneSimulator.platform/Developer/SDKs/iPhoneSimulator18.4.sdk/Developer/Library/Frameworks
               TEST_LIBRARY_SEARCH_PATHS =  /Applications/Xcode.app/Contents/Developer/Platforms/iPhoneSimulator.platform/Developer/usr/lib
               TOOLCHAINS = com.apple.dt.toolchain.XcodeDefault
               TOOLCHAIN_DIR = /Applications/Xcode.app/Contents/Developer/Toolchains/XcodeDefault.xctoolchain
               TREAT_MISSING_BASELINES_AS_TEST_FAILURES = NO
               TREAT_MISSING_SCRIPT_PHASE_OUTPUTS_AS_ERRORS = NO
               UID = 501
               UNINSTALLED_PRODUCTS_DIR = /Users/otislewis/arena/build/ios/UninstalledProducts
               UNLOCALIZED_RESOURCES_FOLDER_PATH = FirebaseStorage.framework
               UNLOCALIZED_RESOURCES_FOLDER_PATH_SHALLOW_BUNDLE_NO = FirebaseStorage.framework/Resources
               UNLOCALIZED_RESOURCES_FOLDER_PATH_SHALLOW_BUNDLE_YES = FirebaseStorage.framework
               UNSTRIPPED_PRODUCT = NO
               USER = otislewis
               USER_APPS_DIR = /Users/otislewis/Applications
               USER_LIBRARY_DIR = /Users/otislewis/Library
               USE_DYNAMIC_NO_PIC = YES
               USE_HEADERMAP = YES
               USE_HEADER_SYMLINKS = NO
               USE_RECURSIVE_SCRIPT_INPUTS_IN_SCRIPT_PHASES = YES
               VALIDATE_DEVELOPMENT_ASSET_PATHS = YES_ERROR
               VALIDATE_PRODUCT = YES
               VALID_ARCHS = arm64
               VERBOSE_PBXCP = NO
               VERSIONING_SYSTEM = apple-generic
               VERSIONPLIST_PATH = FirebaseStorage.framework/version.plist
               VERSIONS_FOLDER_PATH = FirebaseStorage.framework
               VERSIONS_FOLDER_PATH_SHALLOW_BUNDLE_NO = FirebaseStorage.framework/Versions
               VERSIONS_FOLDER_PATH_SHALLOW_BUNDLE_YES = FirebaseStorage.framework
               VERSION_INFO_BUILDER = otislewis
               VERSION_INFO_FILE = FirebaseStorage_vers.c
               VERSION_INFO_STRING = "@(#)PROGRAM:FirebaseStorage  PROJECT:Pods-1"
               WORKSPACE_DIR = /Users/otislewis/arena/ios/Pods/Pods.xcodeproj
               WRAPPER_EXTENSION = framework
               WRAPPER_NAME = FirebaseStorage.framework
               WRAPPER_SUFFIX = .framework
               WRAP_ASSET_PACKS_IN_SEPARATE_DIRECTORIES = NO
               XCODE_APP_SUPPORT_DIR = /Applications/Xcode.app/Contents/Developer/Library/Xcode
               XCODE_PRODUCT_BUILD_VERSION = 16E140
               XCODE_VERSION_ACTUAL = 1630
               XCODE_VERSION_MAJOR = 1600
               XCODE_VERSION_MINOR = 1630
               XPCSERVICES_FOLDER_PATH = FirebaseStorage.framework/XPCServices
               YACC = yacc
               _DISCOVER_COMMAND_LINE_LINKER_INPUTS = YES
               _DISCOVER_COMMAND_LINE_LINKER_INPUTS_INCLUDE_WL = YES
               _WRAPPER_CONTENTS_DIR_SHALLOW_BUNDLE_NO = /Contents
               _WRAPPER_PARENT_PATH_SHALLOW_BUNDLE_NO = /..
               _WRAPPER_RESOURCES_DIR_SHALLOW_BUNDLE_NO = /Resources
               __DIAGNOSE_DEPRECATED_ARCHS = YES
               arch = undefined_arch
               variant = normal

           Build settings for action build and target Flutter:
               ACTION = build
               AD_HOC_CODE_SIGNING_ALLOWED = YES
               ALLOW_BUILD_REQUEST_OVERRIDES = NO
               ALLOW_TARGET_PLATFORM_SPECIALIZATION = NO
               ALTERNATE_GROUP = staff
               ALTERNATE_MODE = u+w,go-w,a+rX
               ALTERNATE_OWNER = otislewis
               ALTERNATIVE_DISTRIBUTION_WEB = NO
               ALWAYS_EMBED_SWIFT_STANDARD_LIBRARIES = NO
               ALWAYS_SEARCH_USER_PATHS = NO
               ALWAYS_USE_SEPARATE_HEADERMAPS = NO
               APPLICATION_EXTENSION_API_ONLY = NO
               APPLY_RULES_IN_COPY_FILES = NO
               APPLY_RULES_IN_COPY_HEADERS = NO
               APP_SHORTCUTS_ENABLE_FLEXIBLE_MATCHING = YES
               ARCHS_STANDARD = arm64 x86_64
               ARCHS_STANDARD_32_64_BIT = arm64 x86_64
               ARCHS_STANDARD_64_BIT = arm64 x86_64
               ARCHS_STANDARD_INCLUDING_64_BIT = arm64 x86_64
               ARCHS_UNIVERSAL_IPHONE_OS = arm64 x86_64
               ASSETCATALOG_COMPILER_APPICON_NAME = AppIcon
               ASSETCATALOG_COMPILER_GLOBAL_ACCENT_COLOR_NAME = AccentColor
               AUTOMATICALLY_MERGE_DEPENDENCIES = NO
               AVAILABLE_PLATFORMS = android appletvos appletvsimulator driverkit iphoneos iphonesimulator macosx qnx watchos watchsimulator xros xrsimulator
               BITCODE_GENERATION_MODE = marker
               BUILD_ACTIVE_RESOURCES_ONLY = NO
               BUILD_COMPONENTS = headers build
               BUILD_DIR = /Users/otislewis/arena/build/ios
               BUILD_LIBRARY_FOR_DISTRIBUTION = NO
               BUILD_ROOT = /Users/otislewis/arena/ios/build
               BUILD_STYLE = 
               BUILD_VARIANTS = normal
               BUILT_PRODUCTS_DIR = /Users/otislewis/arena/build/ios/Release-iphonesimulator/Flutter
               BUNDLE_CONTENTS_FOLDER_PATH_deep = Contents/
               BUNDLE_EXECUTABLE_FOLDER_NAME_deep = MacOS
               BUNDLE_EXTENSIONS_FOLDER_PATH = Extensions
               BUNDLE_FORMAT = shallow
               BUNDLE_FRAMEWORKS_FOLDER_PATH = Frameworks
               BUNDLE_PLUGINS_FOLDER_PATH = PlugIns
               BUNDLE_PRIVATE_HEADERS_FOLDER_PATH = PrivateHeaders
               BUNDLE_PUBLIC_HEADERS_FOLDER_PATH = Headers
               CACHE_ROOT = /var/folders/4y/xy3fflts0nqfk1tsxg0t3mmr0000gn/C/com.apple.DeveloperTools/16.3-16E140/Xcode
               CCHROOT = /var/folders/4y/xy3fflts0nqfk1tsxg0t3mmr0000gn/C/com.apple.DeveloperTools/16.3-16E140/Xcode
               CHMOD = /bin/chmod
               CHOWN = /usr/sbin/chown
               CLANG_ANALYZER_LOCALIZABILITY_NONLOCALIZED = YES
               CLANG_ANALYZER_NONNULL = YES
               CLANG_ANALYZER_NUMBER_OBJECT_CONVERSION = YES_AGGRESSIVE
               CLANG_CACHE_FINE_GRAINED_OUTPUTS = YES
               CLANG_CXX_LANGUAGE_STANDARD = gnu++14
               CLANG_CXX_LIBRARY = libc++
               CLANG_ENABLE_EXPLICIT_MODULES = YES
               CLANG_ENABLE_MODULES = YES
               CLANG_ENABLE_OBJC_ARC = YES
               CLANG_ENABLE_OBJC_WEAK = NO
               CLANG_MODULES_BUILD_SESSION_FILE = /var/folders/4y/xy3fflts0nqfk1tsxg0t3mmr0000gn/C/org.llvm.clang/ModuleCache.noindex/Session.modulevalidation
               CLANG_WARN_BLOCK_CAPTURE_AUTORELEASING = YES
               CLANG_WARN_BOOL_CONVERSION = YES
               CLANG_WARN_COMMA = YES
               CLANG_WARN_CONSTANT_CONVERSION = YES
               CLANG_WARN_DEPRECATED_OBJC_IMPLEMENTATIONS = YES
               CLANG_WARN_DIRECT_OBJC_ISA_USAGE = YES_ERROR
               CLANG_WARN_DOCUMENTATION_COMMENTS = YES
               CLANG_WARN_EMPTY_BODY = YES
               CLANG_WARN_ENUM_CONVERSION = YES
               CLANG_WARN_INFINITE_RECURSION = YES
               CLANG_WARN_INT_CONVERSION = YES
               CLANG_WARN_NON_LITERAL_NULL_CONVERSION = YES
               CLANG_WARN_OBJC_IMPLICIT_RETAIN_SELF = YES
               CLANG_WARN_OBJC_LITERAL_CONVERSION = YES
               CLANG_WARN_OBJC_ROOT_CLASS = YES_ERROR
               CLANG_WARN_QUOTED_INCLUDE_IN_FRAMEWORK_HEADER = NO
               CLANG_WARN_RANGE_LOOP_ANALYSIS = YES
               CLANG_WARN_STRICT_PROTOTYPES = YES
               CLANG_WARN_SUSPICIOUS_MOVE = YES
               CLANG_WARN_UNGUARDED_AVAILABILITY = YES_AGGRESSIVE
               CLANG_WARN_UNREACHABLE_CODE = YES
               CLANG_WARN__DUPLICATE_METHOD_MATCH = YES
               CLASS_FILE_DIR = /Users/otislewis/arena/build/ios/Pods.build/Release-iphonesimulator/Flutter.build/JavaClasses
               CLEAN_PRECOMPS = YES
               CLONE_HEADERS = NO
               CODESIGNING_FOLDER_PATH = /Users/otislewis/arena/build/ios/Release-iphonesimulator/Flutter/
               CODE_SIGNING_ALLOWED = NO
               CODE_SIGNING_REQUIRED = YES
               CODE_SIGN_CONTEXT_CLASS = XCiPhoneSimulatorCodeSignContext
               CODE_SIGN_IDENTITY = -
               CODE_SIGN_INJECT_BASE_ENTITLEMENTS = YES
               COLOR_DIAGNOSTICS = NO
               COMBINE_HIDPI_IMAGES = NO
               COMPILATION_CACHE_CAS_PATH = /var/folders/4y/xy3fflts0nqfk1tsxg0t3mmr0000gn/C/com.apple.DeveloperTools/16.3-16E140/Xcode/CompilationCache.noindex
               COMPILATION_CACHE_KEEP_CAS_DIRECTORY = YES
               COMPILER_INDEX_STORE_ENABLE = Default
               COMPOSITE_SDK_DIRS = /Users/otislewis/arena/build/ios/CompositeSDKs
               COMPRESS_PNG_FILES = YES
               CONFIGURATION = Release
               CONFIGURATION_BUILD_DIR = /Users/otislewis/arena/build/ios/Release-iphonesimulator/Flutter
               CONFIGURATION_TEMP_DIR = /Users/otislewis/arena/build/ios/Pods.build/Release-iphonesimulator
               COPYING_PRESERVES_HFS_DATA = NO
               COPY_HEADERS_RUN_UNIFDEF = NO
               COPY_PHASE_STRIP = NO
               CORRESPONDING_DEVICE_PLATFORM_DIR = /Applications/Xcode.app/Contents/Developer/Platforms/iPhoneOS.platform
               CORRESPONDING_DEVICE_PLATFORM_NAME = iphoneos
               CORRESPONDING_DEVICE_SDK_DIR = /Applications/Xcode.app/Contents/Developer/Platforms/iPhoneOS.platform/Developer/SDKs/iPhoneOS18.4.sdk
               CORRESPONDING_DEVICE_SDK_NAME = iphoneos18.4
               CP = /bin/cp
               CREATE_INFOPLIST_SECTION_IN_BINARY = NO
               CURRENT_ARCH = undefined_arch
               CURRENT_VARIANT = normal
               DEAD_CODE_STRIPPING = YES
               DEBUGGING_SYMBOLS = YES
               DEBUG_INFORMATION_FORMAT = dwarf-with-dsym
               DEBUG_INFORMATION_VERSION = compiler-default
               DEFAULT_COMPILER = com.apple.compilers.llvm.clang.1_0
               DEFAULT_DEXT_INSTALL_PATH = /System/Library/DriverExtensions
               DEFAULT_KEXT_INSTALL_PATH = /System/Library/Extensions
               DEFINES_MODULE = NO
               DEPLOYMENT_LOCATION = NO
               DEPLOYMENT_POSTPROCESSING = NO
               DEPLOYMENT_TARGET_SETTING_NAME = IPHONEOS_DEPLOYMENT_TARGET
               DEPLOYMENT_TARGET_SUGGESTED_VALUES = 12.0 12.1 12.2 12.3 12.4 13.0 13.1 13.2 13.3 13.4 13.5 13.6 14.0 14.1 14.2 14.3 14.4 14.5 14.6 14.7 15.0 15.1 15.2 15.3 15.4 15.5 15.6 16.0 16.1 16.2 16.3 16.4 16.5 16.6 17.0 17.1 17.2 17.3 17.4 17.5 17.6 18.0 18.1 18.2 18.3 18.4
               DERIVED_FILES_DIR = /Users/otislewis/arena/build/ios/Pods.build/Release-iphonesimulator/Flutter.build/DerivedSources
               DERIVED_FILE_DIR = /Users/otislewis/arena/build/ios/Pods.build/Release-iphonesimulator/Flutter.build/DerivedSources
               DERIVED_SOURCES_DIR = /Users/otislewis/arena/build/ios/Pods.build/Release-iphonesimulator/Flutter.build/DerivedSources
               DEVELOPER_APPLICATIONS_DIR = /Applications/Xcode.app/Contents/Developer/Applications
               DEVELOPER_BIN_DIR = /Applications/Xcode.app/Contents/Developer/usr/bin
               DEVELOPER_DIR = /Applications/Xcode.app/Contents/Developer
               DEVELOPER_FRAMEWORKS_DIR = /Applications/Xcode.app/Contents/Developer/Library/Frameworks
               DEVELOPER_FRAMEWORKS_DIR_QUOTED = /Applications/Xcode.app/Contents/Developer/Library/Frameworks
               DEVELOPER_LIBRARY_DIR = /Applications/Xcode.app/Contents/Developer/Library
               DEVELOPER_SDK_DIR = /Applications/Xcode.app/Contents/Developer/Platforms/MacOSX.platform/Developer/SDKs
               DEVELOPER_TOOLS_DIR = /Applications/Xcode.app/Contents/Developer/Tools
               DEVELOPER_USR_DIR = /Applications/Xcode.app/Contents/Developer/usr
               DEVELOPMENT_LANGUAGE = en
               DIAGNOSE_MISSING_TARGET_DEPENDENCIES = YES
               DIFF = /usr/bin/diff
               DONT_GENERATE_INFOPLIST_FILE = NO
               DSTROOT = /tmp/Pods.dst
               DT_TOOLCHAIN_DIR = /Applications/Xcode.app/Contents/Developer/Toolchains/XcodeDefault.xctoolchain
               DWARF_DSYM_FILE_NAME = .dSYM
               DWARF_DSYM_FILE_SHOULD_ACCOMPANY_PRODUCT = NO
               DWARF_DSYM_FOLDER_PATH = /Users/otislewis/arena/build/ios/Release-iphonesimulator/Flutter
               DYNAMIC_LIBRARY_EXTENSION = dylib
               EAGER_COMPILATION_ALLOW_SCRIPTS = NO
               EAGER_LINKING = NO
               EFFECTIVE_PLATFORM_NAME = -iphonesimulator
               EMBEDDED_CONTENT_CONTAINS_SWIFT = NO
               EMBED_ASSET_PACKS_IN_PRODUCT_BUNDLE = NO
               ENABLE_APP_SANDBOX = NO
               ENABLE_BITCODE = NO
               ENABLE_CODE_COVERAGE = YES
               ENABLE_DEFAULT_HEADER_SEARCH_PATHS = YES
               ENABLE_DEFAULT_SEARCH_PATHS = YES
               ENABLE_HARDENED_RUNTIME = NO
               ENABLE_HEADER_DEPENDENCIES = YES
               ENABLE_INCOMING_NETWORK_CONNECTIONS = NO
               ENABLE_NS_ASSERTIONS = NO
               ENABLE_ON_DEMAND_RESOURCES = NO
               ENABLE_OUTGOING_NETWORK_CONNECTIONS = NO
               ENABLE_RESOURCE_ACCESS_AUDIO_INPUT = NO
               ENABLE_RESOURCE_ACCESS_BLUETOOTH = NO
               ENABLE_RESOURCE_ACCESS_CALENDARS = NO
               ENABLE_RESOURCE_ACCESS_CAMERA = NO
               ENABLE_RESOURCE_ACCESS_CONTACTS = NO
               ENABLE_RESOURCE_ACCESS_LOCATION = NO
               ENABLE_RESOURCE_ACCESS_PRINTING = NO
               ENABLE_RESOURCE_ACCESS_USB = NO
               ENABLE_SDK_IMPORTS = NO
               ENABLE_STRICT_OBJC_MSGSEND = YES
               ENABLE_TESTABILITY = NO
               ENABLE_TESTING_SEARCH_PATHS = NO
               ENABLE_USER_SCRIPT_SANDBOXING = NO
               ENFORCE_VALID_ARCHS = YES
               ENTITLEMENTS_DESTINATION = __entitlements
               ENTITLEMENTS_REQUIRED = YES
               EXCLUDED_ARCHS = arm64
               EXCLUDED_INSTALLSRC_SUBDIRECTORY_PATTERNS = .DS_Store .svn .git .hg CVS
               EXCLUDED_RECURSIVE_SEARCH_PATH_SUBDIRECTORIES = *.nib *.lproj *.framework *.gch *.xcode* *.xcassets (*) .DS_Store CVS .svn .git .hg *.pbproj *.pbxproj
               FILE_LIST = /Users/otislewis/arena/build/ios/Pods.build/Release-iphonesimulator/Flutter.build/Objects/LinkFileList
               FIXED_FILES_DIR = /Users/otislewis/arena/build/ios/Pods.build/Release-iphonesimulator/Flutter.build/FixedFiles
               FRAMEWORK_VERSION = A
               FUSE_BUILD_PHASES = YES
               FUSE_BUILD_SCRIPT_PHASES = NO
               GCC3_VERSION = 3.3
               GCC_C_LANGUAGE_STANDARD = gnu11
               GCC_NO_COMMON_BLOCKS = YES
               GCC_OBJC_LEGACY_DISPATCH = YES
               GCC_PFE_FILE_C_DIALECTS = c objective-c c++ objective-c++
               GCC_PREPROCESSOR_DEFINITIONS = POD_CONFIGURATION_RELEASE=1  COCOAPODS=1
               GCC_TREAT_WARNINGS_AS_ERRORS = NO
               GCC_VERSION = com.apple.compilers.llvm.clang.1_0
               GCC_VERSION_IDENTIFIER = com_apple_compilers_llvm_clang_1_0
               GCC_WARN_64_TO_32_BIT_CONVERSION = YES
               GCC_WARN_ABOUT_RETURN_TYPE = YES_ERROR
               GCC_WARN_UNDECLARED_SELECTOR = YES
               GCC_WARN_UNINITIALIZED_AUTOS = YES_AGGRESSIVE
               GCC_WARN_UNUSED_FUNCTION = YES
               GCC_WARN_UNUSED_VARIABLE = YES
               GENERATED_MODULEMAP_DIR = /Users/otislewis/arena/build/ios/GeneratedModuleMaps-iphonesimulator
               GENERATE_INFOPLIST_FILE = NO
               GENERATE_INTERMEDIATE_TEXT_BASED_STUBS = YES
               GENERATE_MASTER_OBJECT_FILE = NO
               GENERATE_PKGINFO_FILE = NO
               GENERATE_PROFILING_CODE = NO
               GENERATE_TEXT_BASED_STUBS = NO
               GID = 20
               GROUP = staff
               HEADERMAP_INCLUDES_FLAT_ENTRIES_FOR_TARGET_BEING_BUILT = YES
               HEADERMAP_INCLUDES_FRAMEWORK_ENTRIES_FOR_ALL_PRODUCT_TYPES = YES
               HEADERMAP_INCLUDES_FRAMEWORK_ENTRIES_FOR_TARGETS_NOT_BEING_BUILT = YES
               HEADERMAP_INCLUDES_NONPUBLIC_NONPRIVATE_HEADERS = YES
               HEADERMAP_INCLUDES_PROJECT_HEADERS = YES
               HEADERMAP_USES_FRAMEWORK_PREFIX_ENTRIES = YES
               HEADERMAP_USES_VFS = NO
               HIDE_BITCODE_SYMBOLS = YES
               HOME = /Users/otislewis
               HOST_ARCH = arm64
               HOST_PLATFORM = macosx
               ICONV = /usr/bin/iconv
               IMPLICIT_DEPENDENCY_DOMAIN = default
               INFOPLIST_ENABLE_CFBUNDLEICONS_MERGE = YES
               INFOPLIST_EXPAND_BUILD_SETTINGS = YES
               INFOPLIST_OUTPUT_FORMAT = binary
               INFOPLIST_PREPROCESS = NO
               INLINE_PRIVATE_FRAMEWORKS = NO
               INSTALLAPI_IGNORE_SKIP_INSTALL = YES
               INSTALLHDRS_COPY_PHASE = NO
               INSTALLHDRS_SCRIPT_PHASE = NO
               INSTALL_DIR = /tmp/Pods.dst
               INSTALL_GROUP = staff
               INSTALL_MODE_FLAG = u+w,go-w,a+rX
               INSTALL_OWNER = otislewis
               INSTALL_ROOT = /tmp/Pods.dst
               IPHONEOS_DEPLOYMENT_TARGET = 13.0
               IS_UNOPTIMIZED_BUILD = NO
               JAVAC_DEFAULT_FLAGS = -J-Xms64m -J-XX:NewSize=4M -J-Dfile.encoding=UTF8
               JAVA_APP_STUB = /System/Library/Frameworks/JavaVM.framework/Resources/MacOS/JavaApplicationStub
               JAVA_ARCHIVE_CLASSES = YES
               JAVA_ARCHIVE_TYPE = JAR
               JAVA_COMPILER = /usr/bin/javac
               JAVA_FRAMEWORK_RESOURCES_DIRS = Resources
               JAVA_JAR_FLAGS = cv
               JAVA_SOURCE_SUBDIR = .
               JAVA_USE_DEPENDENCIES = YES
               JAVA_ZIP_FLAGS = -urg
               JIKES_DEFAULT_FLAGS = +E +OLDCSO
               KEEP_PRIVATE_EXTERNS = NO
               LD_DEPENDENCY_INFO_FILE = /Users/otislewis/arena/build/ios/Pods.build/Release-iphonesimulator/Flutter.build/Objects-normal/undefined_arch/Flutter_dependency_info.dat
               LD_EXPORT_SYMBOLS = YES
               LD_GENERATE_MAP_FILE = NO
               LD_MAP_FILE_PATH = /Users/otislewis/arena/build/ios/Pods.build/Release-iphonesimulator/Flutter.build/Flutter-LinkMap-normal-undefined_arch.txt
               LD_NO_PIE = NO
               LD_QUOTE_LINKER_ARGUMENTS_FOR_COMPILER_DRIVER = YES
               LD_RUNPATH_SEARCH_PATHS =  @executable_path/Frameworks
               LD_SHARED_CACHE_ELIGIBLE = Automatic
               LD_WARN_DUPLICATE_LIBRARIES = NO
               LD_WARN_UNUSED_DYLIBS = NO
               LEGACY_DEVELOPER_DIR = /Applications/Xcode.app/Contents/PlugIns/Xcode3Core.ideplugin/Contents/SharedSupport/Developer
               LEX = lex
               LIBRARY_DEXT_INSTALL_PATH = /Library/DriverExtensions
               LIBRARY_FLAG_NOSPACE = YES
               LIBRARY_KEXT_INSTALL_PATH = /Library/Extensions
               LINKER_DISPLAYS_MANGLED_NAMES = NO
               LINK_OBJC_RUNTIME = YES
               LINK_WITH_STANDARD_LIBRARIES = YES
               LLVM_TARGET_TRIPLE_OS_VERSION = ios13.0
               LLVM_TARGET_TRIPLE_SUFFIX = -simulator
               LLVM_TARGET_TRIPLE_VENDOR = apple
               LOCALIZATION_EXPORT_SUPPORTED = YES
               LOCALIZATION_PREFERS_STRING_CATALOGS = NO
               LOCALIZED_STRING_MACRO_NAMES = NSLocalizedString CFCopyLocalizedString
               LOCALIZED_STRING_SWIFTUI_SUPPORT = YES
               LOCAL_ADMIN_APPS_DIR = /Applications/Utilities
               LOCAL_APPS_DIR = /Applications
               LOCAL_DEVELOPER_DIR = /Library/Developer
               LOCAL_LIBRARY_DIR = /Library
               LOCROOT = /Users/otislewis/arena/ios/Pods
               LOCSYMROOT = /Users/otislewis/arena/ios/Pods
               MAC_OS_X_PRODUCT_BUILD_VERSION = 24F74
               MAC_OS_X_VERSION_ACTUAL = 150500
               MAC_OS_X_VERSION_MAJOR = 150000
               MAC_OS_X_VERSION_MINOR = 150500
               MAKE_MERGEABLE = NO
               MERGEABLE_LIBRARY = NO
               MERGED_BINARY_TYPE = none
               MERGE_LINKED_LIBRARIES = NO
               METAL_LIBRARY_FILE_BASE = default
               METAL_LIBRARY_OUTPUT_DIR = /Users/otislewis/arena/build/ios/Release-iphonesimulator/Flutter/
               MTL_ENABLE_DEBUG_INFO = NO
               MTL_FAST_MATH = YES
               NATIVE_ARCH = arm64
               NATIVE_ARCH_32_BIT = arm
               NATIVE_ARCH_64_BIT = arm64
               NATIVE_ARCH_ACTUAL = arm64
               NO_COMMON = YES
               OBJC_ABI_VERSION = 2
               OBJECT_FILE_DIR = /Users/otislewis/arena/build/ios/Pods.build/Release-iphonesimulator/Flutter.build/Objects
               OBJECT_FILE_DIR_normal = /Users/otislewis/arena/build/ios/Pods.build/Release-iphonesimulator/Flutter.build/Objects-normal
               OBJROOT = /Users/otislewis/arena/build/ios
               ONLY_ACTIVE_ARCH = NO
               OS = MACOS
               OSAC = /usr/bin/osacompile
               PASCAL_STRINGS = YES
               PATH = /Applications/Xcode.app/Contents/SharedFrameworks/SwiftBuild.framework/Versions/A/PlugIns/SWBBuildService.bundle/Contents/PlugIns/SWBUniversalPlatformPlugin.bundle/Contents/Frameworks/SWBUniversalPlatform.framework/Resources:/Applications/Xcode.app/Contents/Developer/Toolchains/XcodeDefault.xctoolchain/usr/bin:/Applications/Xcode.app/Contents/Developer/Toolchains/XcodeDefault.xctoolchain/usr/local/bin:/Applications/Xcode.app/Contents/Developer/Toolchains/XcodeDefault.xctoolchain/usr/libexec:/Applications/Xcode.app/Contents/Developer/Platforms/iPhoneSimulator.platform/usr/bin:/Applications/Xcode.app/Contents/Developer/Platforms/iPhoneSimulator.platform/usr/local/bin:/Applications/Xcode.app/Contents/Developer/Platforms/iPhoneSimulator.platform/Developer/usr/bin:/Applications/Xcode.app/Contents/Developer/Platforms/iPhoneSimulator.platform/Developer/usr/local/bin:/Applications/Xcode.app/Contents/Developer/usr/bin:/Applications/Xcode.app/Contents/Developer/usr/local/bin:/Users/otislewis/.gem/ruby/3.3.0/bin:/opt/homebrew/bin:/opt/homebrew/sbin:/usr/local/bin:/System/Cryptexes/App/usr/bin:/usr/bin:/bin:/usr/sbin:/sbin:/var/run/com.apple.security.cryptexd/codex.system/bootstrap/usr/local/bin:/var/run/com.apple.security.cryptexd/codex.system/bootstrap/usr/bin:/var/run/com.apple.security.cryptexd/codex.system/bootstrap/usr/appleinternal/bin:/Library/Apple/usr/bin:/opt/homebrew/Caskroom/flutter/3.32.0/flutter/bin:/Users/otislewis/Library/Android/sdk/emulator:/Users/otislewis/Library/Android/sdk/tools:/Users/otislewis/Library/Android/sdk/tools/bin:/Users/otislewis/Library/Android/sdk/platform-tools:/opt/homebrew/Caskroom/flutter/3.32.0/flutter/bin/cache/dart-sdk/bin
               PATH_PREFIXES_EXCLUDED_FROM_HEADER_DEPENDENCIES = /usr/include /usr/local/include /System/Library/Frameworks /System/Library/PrivateFrameworks /Applications/Xcode.app/Contents/Developer/Headers /Applications/Xcode.app/Contents/Developer/SDKs /Applications/Xcode.app/Contents/Developer/Platforms
               PER_ARCH_MODULE_FILE_DIR = /Users/otislewis/arena/build/ios/Pods.build/Release-iphonesimulator/Flutter.build/Objects-normal/undefined_arch
               PER_ARCH_OBJECT_FILE_DIR = /Users/otislewis/arena/build/ios/Pods.build/Release-iphonesimulator/Flutter.build/Objects-normal/undefined_arch
               PER_VARIANT_OBJECT_FILE_DIR = /Users/otislewis/arena/build/ios/Pods.build/Release-iphonesimulator/Flutter.build/Objects-normal
               PKGINFO_FILE_PATH = /Users/otislewis/arena/build/ios/Pods.build/Release-iphonesimulator/Flutter.build/PkgInfo
               PLATFORM_DEVELOPER_APPLICATIONS_DIR = /Applications/Xcode.app/Contents/Developer/Platforms/iPhoneSimulator.platform/Developer/Applications
               PLATFORM_DEVELOPER_BIN_DIR = /Applications/Xcode.app/Contents/Developer/Platforms/iPhoneSimulator.platform/Developer/usr/bin
               PLATFORM_DEVELOPER_LIBRARY_DIR = /Applications/Xcode.app/Contents/Developer/Platforms/iPhoneSimulator.platform/Developer/Library
               PLATFORM_DEVELOPER_SDK_DIR = /Applications/Xcode.app/Contents/Developer/Platforms/iPhoneSimulator.platform/Developer/SDKs
               PLATFORM_DEVELOPER_TOOLS_DIR = /Applications/Xcode.app/Contents/Developer/Platforms/iPhoneSimulator.platform/Developer/Tools
               PLATFORM_DEVELOPER_USR_DIR = /Applications/Xcode.app/Contents/Developer/Platforms/iPhoneSimulator.platform/Developer/usr
               PLATFORM_DIR = /Applications/Xcode.app/Contents/Developer/Platforms/iPhoneSimulator.platform
               PLATFORM_DISPLAY_NAME = iOS Simulator
               PLATFORM_FAMILY_NAME = iOS
               PLATFORM_NAME = iphonesimulator
               PLATFORM_PREFERRED_ARCH = x86_64
               PLATFORM_PRODUCT_BUILD_VERSION = 22E235
               PLATFORM_REQUIRES_SWIFT_AUTOLINK_EXTRACT = NO
               PLATFORM_REQUIRES_SWIFT_MODULEWRAP = NO
               PLIST_FILE_OUTPUT_FORMAT = binary
               PODS_BUILD_DIR = /Users/otislewis/arena/build/ios
               PODS_CONFIGURATION_BUILD_DIR = /Users/otislewis/arena/build/ios/Release-iphonesimulator
               PODS_DEVELOPMENT_LANGUAGE = en
               PODS_ROOT = /Users/otislewis/arena/ios/Pods
               PODS_TARGET_SRCROOT = /Users/otislewis/arena/ios/Pods/../Flutter
               PODS_XCFRAMEWORKS_BUILD_DIR = /Users/otislewis/arena/build/ios/Release-iphonesimulator/XCFrameworkIntermediates
               PRECOMPS_INCLUDE_HEADERS_FROM_BUILT_PRODUCTS_DIR = YES
               PRECOMP_DESTINATION_DIR = /Users/otislewis/arena/build/ios/Pods.build/Release-iphonesimulator/Flutter.build/PrefixHeaders
               PROCESSED_INFOPLIST_PATH = /Users/otislewis/arena/build/ios/Pods.build/Release-iphonesimulator/Flutter.build/Objects-normal/undefined_arch/Processed-Info.plist
               PRODUCT_BUNDLE_IDENTIFIER = org.cocoapods.Flutter
               PRODUCT_MODULE_NAME = Flutter
               PRODUCT_NAME = Flutter
               PRODUCT_SETTINGS_PATH = 
               PROFILING_CODE = NO
               PROJECT = Pods
               PROJECT_DERIVED_FILE_DIR = /Users/otislewis/arena/build/ios/Pods.build/DerivedSources
               PROJECT_DIR = /Users/otislewis/arena/ios/Pods
               PROJECT_FILE_PATH = /Users/otislewis/arena/ios/Pods/Pods.xcodeproj
               PROJECT_GUID = bfdfe7dc352907fc980b868725387e98
               PROJECT_NAME = Pods
               PROJECT_TEMP_DIR = /Users/otislewis/arena/build/ios/Pods.build
               PROJECT_TEMP_ROOT = /Users/otislewis/arena/build/ios
               RECOMMENDED_IPHONEOS_DEPLOYMENT_TARGET = 15.0
               RECURSIVE_SEARCH_PATHS_FOLLOW_SYMLINKS = YES
               REMOVE_CVS_FROM_RESOURCES = YES
               REMOVE_GIT_FROM_RESOURCES = YES
               REMOVE_HEADERS_FROM_EMBEDDED_BUNDLES = YES
               REMOVE_HG_FROM_RESOURCES = YES
               REMOVE_STATIC_EXECUTABLES_FROM_EMBEDDED_BUNDLES = YES
               REMOVE_SVN_FROM_RESOURCES = YES
               RESCHEDULE_INDEPENDENT_HEADERS_PHASES = YES
               REZ_COLLECTOR_DIR = /Users/otislewis/arena/build/ios/Pods.build/Release-iphonesimulator/Flutter.build/ResourceManagerResources
               REZ_OBJECTS_DIR = /Users/otislewis/arena/build/ios/Pods.build/Release-iphonesimulator/Flutter.build/ResourceManagerResources/Objects
               SCAN_ALL_SOURCE_FILES_FOR_INCLUDES = NO
               SDKROOT = /Applications/Xcode.app/Contents/Developer/Platforms/iPhoneSimulator.platform/Developer/SDKs/iPhoneSimulator18.4.sdk
               SDK_DIR = /Applications/Xcode.app/Contents/Developer/Platforms/iPhoneSimulator.platform/Developer/SDKs/iPhoneSimulator18.4.sdk
               SDK_DIR_iphonesimulator = /Applications/Xcode.app/Contents/Developer/Platforms/iPhoneSimulator.platform/Developer/SDKs/iPhoneSimulator18.4.sdk
               SDK_DIR_iphonesimulator18_4 = /Applications/Xcode.app/Contents/Developer/Platforms/iPhoneSimulator.platform/Developer/SDKs/iPhoneSimulator18.4.sdk
               SDK_NAME = iphonesimulator18.4
               SDK_NAMES = iphonesimulator18.4
               SDK_PRODUCT_BUILD_VERSION = 22E235
               SDK_STAT_CACHE_DIR = /var/folders/4y/xy3fflts0nqfk1tsxg0t3mmr0000gn/C/com.apple.DeveloperTools/16.3-16E140/Xcode
               SDK_STAT_CACHE_ENABLE = YES
               SDK_STAT_CACHE_PATH = /var/folders/4y/xy3fflts0nqfk1tsxg0t3mmr0000gn/C/com.apple.DeveloperTools/16.3-16E140/Xcode/SDKStatCaches.noindex/iphonesimulator18.4-22E235-71825a6d136aa4733edcbe86ece5525b.sdkstatcache
               SDK_VERSION = 18.4
               SDK_VERSION_ACTUAL = 180400
               SDK_VERSION_MAJOR = 180000
               SDK_VERSION_MINOR = 180400
               SED = /usr/bin/sed
               SEPARATE_STRIP = NO
               SEPARATE_SYMBOL_EDIT = NO
               SET_DIR_MODE_OWNER_GROUP = YES
               SET_FILE_MODE_OWNER_GROUP = NO
               SHALLOW_BUNDLE = NO
               SHARED_DERIVED_FILE_DIR = /Users/otislewis/arena/build/ios/Release-iphonesimulator/Flutter/DerivedSources
               SHARED_PRECOMPS_DIR = /Users/otislewis/arena/build/ios/SharedPrecompiledHeaders
               SKIP_INSTALL = YES
               SOURCE_ROOT = /Users/otislewis/arena/ios/Pods
               SRCROOT = /Users/otislewis/arena/ios/Pods
               STRINGSDATA_DIR = /Users/otislewis/arena/build/ios/Pods.build/Release-iphonesimulator/Flutter.build/Objects-normal/undefined_arch
               STRINGSDATA_ROOT = /Users/otislewis/arena/build/ios/Pods.build/Release-iphonesimulator/Flutter.build
               STRINGS_FILE_INFOPLIST_RENAME = YES
               STRINGS_FILE_OUTPUT_ENCODING = binary
               STRIP_BITCODE_FROM_COPIED_FILES = NO
               STRIP_INSTALLED_PRODUCT = NO
               STRIP_STYLE = all
               STRIP_SWIFT_SYMBOLS = YES
               SUPPORTED_DEVICE_FAMILIES = 1,2
               SUPPORTED_PLATFORMS = iphoneos iphonesimulator
               SUPPORTS_TEXT_BASED_API = NO
               SUPPRESS_WARNINGS = NO
               SWIFT_COMPILATION_MODE = wholemodule
               SWIFT_EMIT_LOC_STRINGS = NO
               SWIFT_OPTIMIZATION_LEVEL = -O
               SWIFT_PLATFORM_TARGET_PREFIX = ios
               SWIFT_VERSION = 5.0
               SYMROOT = /Users/otislewis/arena/ios/build
               SYSTEM_ADMIN_APPS_DIR = /Applications/Utilities
               SYSTEM_APPS_DIR = /Applications
               SYSTEM_CORE_SERVICES_DIR = /System/Library/CoreServices
               SYSTEM_DEMOS_DIR = /Applications/Extras
               SYSTEM_DEVELOPER_APPS_DIR = /Applications/Xcode.app/Contents/Developer/Applications
               SYSTEM_DEVELOPER_BIN_DIR = /Applications/Xcode.app/Contents/Developer/usr/bin
               SYSTEM_DEVELOPER_DEMOS_DIR = /Applications/Xcode.app/Contents/Developer/Applications/Utilities/Built Examples
               SYSTEM_DEVELOPER_DIR = /Applications/Xcode.app/Contents/Developer
               SYSTEM_DEVELOPER_DOC_DIR = /Applications/Xcode.app/Contents/Developer/ADC Reference Library
               SYSTEM_DEVELOPER_GRAPHICS_TOOLS_DIR = /Applications/Xcode.app/Contents/Developer/Applications/Graphics Tools
               SYSTEM_DEVELOPER_JAVA_TOOLS_DIR = /Applications/Xcode.app/Contents/Developer/Applications/Java Tools
               SYSTEM_DEVELOPER_PERFORMANCE_TOOLS_DIR = /Applications/Xcode.app/Contents/Developer/Applications/Performance Tools
               SYSTEM_DEVELOPER_RELEASENOTES_DIR = /Applications/Xcode.app/Contents/Developer/ADC Reference Library/releasenotes
               SYSTEM_DEVELOPER_TOOLS = /Applications/Xcode.app/Contents/Developer/Tools
               SYSTEM_DEVELOPER_TOOLS_DOC_DIR = /Applications/Xcode.app/Contents/Developer/ADC Reference Library/documentation/DeveloperTools
               SYSTEM_DEVELOPER_TOOLS_RELEASENOTES_DIR = /Applications/Xcode.app/Contents/Developer/ADC Reference Library/releasenotes/DeveloperTools
               SYSTEM_DEVELOPER_USR_DIR = /Applications/Xcode.app/Contents/Developer/usr
               SYSTEM_DEVELOPER_UTILITIES_DIR = /Applications/Xcode.app/Contents/Developer/Applications/Utilities
               SYSTEM_DEXT_INSTALL_PATH = /System/Library/DriverExtensions
               SYSTEM_DOCUMENTATION_DIR = /Library/Documentation
               SYSTEM_KEXT_INSTALL_PATH = /System/Library/Extensions
               SYSTEM_LIBRARY_DIR = /System/Library
               TAPI_DEMANGLE = YES
               TAPI_ENABLE_PROJECT_HEADERS = NO
               TAPI_LANGUAGE = objective-c
               TAPI_LANGUAGE_STANDARD = compiler-default
               TAPI_USE_SRCROOT = YES
               TAPI_VERIFY_MODE = Pedantic
               TARGETED_DEVICE_FAMILY = 1,2
               TARGETNAME = Flutter
               TARGET_BUILD_DIR = /Users/otislewis/arena/build/ios/Release-iphonesimulator/Flutter
               TARGET_NAME = Flutter
               TARGET_TEMP_DIR = /Users/otislewis/arena/build/ios/Pods.build/Release-iphonesimulator/Flutter.build
               TEMP_DIR = /Users/otislewis/arena/build/ios/Pods.build/Release-iphonesimulator/Flutter.build
               TEMP_FILES_DIR = /Users/otislewis/arena/build/ios/Pods.build/Release-iphonesimulator/Flutter.build
               TEMP_FILE_DIR = /Users/otislewis/arena/build/ios/Pods.build/Release-iphonesimulator/Flutter.build
               TEMP_ROOT = /Users/otislewis/arena/build/ios
               TEMP_SANDBOX_DIR = /Users/otislewis/arena/build/ios/TemporaryTaskSandboxes
               TEST_FRAMEWORK_SEARCH_PATHS =  /Applications/Xcode.app/Contents/Developer/Platforms/iPhoneSimulator.platform/Developer/Library/Frameworks /Applications/Xcode.app/Contents/Developer/Platforms/iPhoneSimulator.platform/Developer/SDKs/iPhoneSimulator18.4.sdk/Developer/Library/Frameworks
               TEST_LIBRARY_SEARCH_PATHS =  /Applications/Xcode.app/Contents/Developer/Platforms/iPhoneSimulator.platform/Developer/usr/lib
               TOOLCHAINS = com.apple.dt.toolchain.XcodeDefault
               TOOLCHAIN_DIR = /Applications/Xcode.app/Contents/Developer/Toolchains/XcodeDefault.xctoolchain
               TREAT_MISSING_BASELINES_AS_TEST_FAILURES = NO
               TREAT_MISSING_SCRIPT_PHASE_OUTPUTS_AS_ERRORS = NO
               UID = 501
               UNINSTALLED_PRODUCTS_DIR = /Users/otislewis/arena/build/ios/UninstalledProducts
               UNSTRIPPED_PRODUCT = NO
               USER = otislewis
               USER_APPS_DIR = /Users/otislewis/Applications
               USER_LIBRARY_DIR = /Users/otislewis/Library
               USE_DYNAMIC_NO_PIC = YES
               USE_HEADERMAP = YES
               USE_HEADER_SYMLINKS = NO
               USE_RECURSIVE_SCRIPT_INPUTS_IN_SCRIPT_PHASES = YES
               VALIDATE_DEVELOPMENT_ASSET_PATHS = YES_ERROR
               VALIDATE_PRODUCT = YES
               VALID_ARCHS = arm64
               VERBOSE_PBXCP = NO
               VERSION_INFO_BUILDER = otislewis
               VERSION_INFO_FILE = Flutter_vers.c
               VERSION_INFO_STRING = "@(#)PROGRAM:Flutter  PROJECT:Pods-"
               WORKSPACE_DIR = /Users/otislewis/arena/ios/Pods/Pods.xcodeproj
               WRAP_ASSET_PACKS_IN_SEPARATE_DIRECTORIES = NO
               XCODE_APP_SUPPORT_DIR = /Applications/Xcode.app/Contents/Developer/Library/Xcode
               XCODE_PRODUCT_BUILD_VERSION = 16E140
               XCODE_VERSION_ACTUAL = 1630
               XCODE_VERSION_MAJOR = 1600
               XCODE_VERSION_MINOR = 1630
               XPCSERVICES_FOLDER_PATH = /XPCServices
               YACC = yacc
               _DISCOVER_COMMAND_LINE_LINKER_INPUTS = YES
               _DISCOVER_COMMAND_LINE_LINKER_INPUTS_INCLUDE_WL = YES
               __DIAGNOSE_DEPRECATED_ARCHS = YES
               arch = undefined_arch
               variant = normal

           Build settings for action build and target GoogleUtilities:
               ACTION = build
               AD_HOC_CODE_SIGNING_ALLOWED = YES
               ALLOW_BUILD_REQUEST_OVERRIDES = NO
               ALLOW_TARGET_PLATFORM_SPECIALIZATION = NO
               ALTERNATE_GROUP = staff
               ALTERNATE_MODE = u+w,go-w,a+rX
               ALTERNATE_OWNER = otislewis
               ALTERNATIVE_DISTRIBUTION_WEB = NO
               ALWAYS_EMBED_SWIFT_STANDARD_LIBRARIES = NO
               ALWAYS_SEARCH_USER_PATHS = NO
               ALWAYS_USE_SEPARATE_HEADERMAPS = NO
               APPLICATION_EXTENSION_API_ONLY = NO
               APPLY_RULES_IN_COPY_FILES = NO
               APPLY_RULES_IN_COPY_HEADERS = NO
               APP_SHORTCUTS_ENABLE_FLEXIBLE_MATCHING = YES
               ARCHS_STANDARD = arm64 x86_64
               ARCHS_STANDARD_32_64_BIT = arm64 x86_64
               ARCHS_STANDARD_64_BIT = arm64 x86_64
               ARCHS_STANDARD_INCLUDING_64_BIT = arm64 x86_64
               ARCHS_UNIVERSAL_IPHONE_OS = arm64 x86_64
               AUTOMATICALLY_MERGE_DEPENDENCIES = NO
               AVAILABLE_PLATFORMS = android appletvos appletvsimulator driverkit iphoneos iphonesimulator macosx qnx watchos watchsimulator xros xrsimulator
               BITCODE_GENERATION_MODE = marker
               BUILD_ACTIVE_RESOURCES_ONLY = NO
               BUILD_COMPONENTS = headers build
               BUILD_DIR = /Users/otislewis/arena/build/ios
               BUILD_LIBRARY_FOR_DISTRIBUTION = NO
               BUILD_ROOT = /Users/otislewis/arena/ios/build
               BUILD_STYLE = 
               BUILD_VARIANTS = normal
               BUILT_PRODUCTS_DIR = /Users/otislewis/arena/build/ios/Release-iphonesimulator/GoogleUtilities
               BUNDLE_CONTENTS_FOLDER_PATH_deep = Contents/
               BUNDLE_EXECUTABLE_FOLDER_NAME_deep = MacOS
               BUNDLE_EXTENSIONS_FOLDER_PATH = Extensions
               BUNDLE_FORMAT = shallow
               BUNDLE_FRAMEWORKS_FOLDER_PATH = Frameworks
               BUNDLE_PLUGINS_FOLDER_PATH = PlugIns
               BUNDLE_PRIVATE_HEADERS_FOLDER_PATH = PrivateHeaders
               BUNDLE_PUBLIC_HEADERS_FOLDER_PATH = Headers
               CACHE_ROOT = /var/folders/4y/xy3fflts0nqfk1tsxg0t3mmr0000gn/C/com.apple.DeveloperTools/16.3-16E140/Xcode
               CCHROOT = /var/folders/4y/xy3fflts0nqfk1tsxg0t3mmr0000gn/C/com.apple.DeveloperTools/16.3-16E140/Xcode
               CHMOD = /bin/chmod
               CHOWN = /usr/sbin/chown
               CLANG_ANALYZER_LOCALIZABILITY_NONLOCALIZED = YES
               CLANG_ANALYZER_NONNULL = YES
               CLANG_ANALYZER_NUMBER_OBJECT_CONVERSION = YES_AGGRESSIVE
               CLANG_CACHE_FINE_GRAINED_OUTPUTS = YES
               CLANG_CXX_LANGUAGE_STANDARD = gnu++14
               CLANG_CXX_LIBRARY = libc++
               CLANG_ENABLE_EXPLICIT_MODULES = YES
               CLANG_ENABLE_MODULES = YES
               CLANG_ENABLE_OBJC_ARC = YES
               CLANG_ENABLE_OBJC_WEAK = YES
               CLANG_MODULES_BUILD_SESSION_FILE = /var/folders/4y/xy3fflts0nqfk1tsxg0t3mmr0000gn/C/org.llvm.clang/ModuleCache.noindex/Session.modulevalidation
               CLANG_WARN_BLOCK_CAPTURE_AUTORELEASING = YES
               CLANG_WARN_BOOL_CONVERSION = YES
               CLANG_WARN_COMMA = YES
               CLANG_WARN_CONSTANT_CONVERSION = YES
               CLANG_WARN_DEPRECATED_OBJC_IMPLEMENTATIONS = YES
               CLANG_WARN_DIRECT_OBJC_ISA_USAGE = YES_ERROR
               CLANG_WARN_DOCUMENTATION_COMMENTS = YES
               CLANG_WARN_EMPTY_BODY = YES
               CLANG_WARN_ENUM_CONVERSION = YES
               CLANG_WARN_INFINITE_RECURSION = YES
               CLANG_WARN_INT_CONVERSION = YES
               CLANG_WARN_NON_LITERAL_NULL_CONVERSION = YES
               CLANG_WARN_OBJC_IMPLICIT_RETAIN_SELF = YES
               CLANG_WARN_OBJC_LITERAL_CONVERSION = YES
               CLANG_WARN_OBJC_ROOT_CLASS = YES_ERROR
               CLANG_WARN_QUOTED_INCLUDE_IN_FRAMEWORK_HEADER = NO
               CLANG_WARN_RANGE_LOOP_ANALYSIS = YES
               CLANG_WARN_STRICT_PROTOTYPES = YES
               CLANG_WARN_SUSPICIOUS_MOVE = YES
               CLANG_WARN_UNGUARDED_AVAILABILITY = YES_AGGRESSIVE
               CLANG_WARN_UNREACHABLE_CODE = YES
               CLANG_WARN__DUPLICATE_METHOD_MATCH = YES
               CLASS_FILE_DIR = /Users/otislewis/arena/build/ios/Pods.build/Release-iphonesimulator/GoogleUtilities.build/JavaClasses
               CLEAN_PRECOMPS = YES
               CLONE_HEADERS = NO
               CODESIGNING_FOLDER_PATH = /Users/otislewis/arena/build/ios/Release-iphonesimulator/GoogleUtilities/GoogleUtilities.framework
               CODE_SIGNING_ALLOWED = YES
               CODE_SIGNING_REQUIRED = NO
               CODE_SIGNING_REQUIRES_TEAM = YES
               CODE_SIGN_CONTEXT_CLASS = XCiPhoneSimulatorCodeSignContext
               CODE_SIGN_IDENTITY = -
               CODE_SIGN_INJECT_BASE_ENTITLEMENTS = YES
               COLOR_DIAGNOSTICS = NO
               COMBINE_HIDPI_IMAGES = NO
               COMPILATION_CACHE_CAS_PATH = /var/folders/4y/xy3fflts0nqfk1tsxg0t3mmr0000gn/C/com.apple.DeveloperTools/16.3-16E140/Xcode/CompilationCache.noindex
               COMPILATION_CACHE_KEEP_CAS_DIRECTORY = YES
               COMPILER_INDEX_STORE_ENABLE = Default
               COMPOSITE_SDK_DIRS = /Users/otislewis/arena/build/ios/CompositeSDKs
               COMPRESS_PNG_FILES = YES
               CONFIGURATION = Release
               CONFIGURATION_BUILD_DIR = /Users/otislewis/arena/build/ios/Release-iphonesimulator/GoogleUtilities
               CONFIGURATION_TEMP_DIR = /Users/otislewis/arena/build/ios/Pods.build/Release-iphonesimulator
               CONTENTS_FOLDER_PATH = GoogleUtilities.framework
               CONTENTS_FOLDER_PATH_SHALLOW_BUNDLE_NO = GoogleUtilities.framework/A
               CONTENTS_FOLDER_PATH_SHALLOW_BUNDLE_YES = GoogleUtilities.framework
               COPYING_PRESERVES_HFS_DATA = NO
               COPY_HEADERS_RUN_UNIFDEF = NO
               COPY_PHASE_STRIP = NO
               CORRESPONDING_DEVICE_PLATFORM_DIR = /Applications/Xcode.app/Contents/Developer/Platforms/iPhoneOS.platform
               CORRESPONDING_DEVICE_PLATFORM_NAME = iphoneos
               CORRESPONDING_DEVICE_SDK_DIR = /Applications/Xcode.app/Contents/Developer/Platforms/iPhoneOS.platform/Developer/SDKs/iPhoneOS18.4.sdk
               CORRESPONDING_DEVICE_SDK_NAME = iphoneos18.4
               CP = /bin/cp
               CREATE_INFOPLIST_SECTION_IN_BINARY = NO
               CURRENT_ARCH = undefined_arch
               CURRENT_PROJECT_VERSION = 1
               CURRENT_VARIANT = normal
               CURRENT_VERSION = Current
               DEAD_CODE_STRIPPING = YES
               DEBUGGING_SYMBOLS = YES
               DEBUG_INFORMATION_FORMAT = dwarf-with-dsym
               DEBUG_INFORMATION_VERSION = compiler-default
               DEFAULT_COMPILER = com.apple.compilers.llvm.clang.1_0
               DEFAULT_DEXT_INSTALL_PATH = /System/Library/DriverExtensions
               DEFAULT_KEXT_INSTALL_PATH = /System/Library/Extensions
               DEFINES_MODULE = YES
               DEPLOYMENT_LOCATION = NO
               DEPLOYMENT_POSTPROCESSING = NO
               DEPLOYMENT_TARGET_SETTING_NAME = IPHONEOS_DEPLOYMENT_TARGET
               DEPLOYMENT_TARGET_SUGGESTED_VALUES = 12.0 12.1 12.2 12.3 12.4 13.0 13.1 13.2 13.3 13.4 13.5 13.6 14.0 14.1 14.2 14.3 14.4 14.5 14.6 14.7 15.0 15.1 15.2 15.3 15.4 15.5 15.6 16.0 16.1 16.2 16.3 16.4 16.5 16.6 17.0 17.1 17.2 17.3 17.4 17.5 17.6 18.0 18.1 18.2 18.3 18.4
               DERIVED_FILES_DIR = /Users/otislewis/arena/build/ios/Pods.build/Release-iphonesimulator/GoogleUtilities.build/DerivedSources
               DERIVED_FILE_DIR = /Users/otislewis/arena/build/ios/Pods.build/Release-iphonesimulator/GoogleUtilities.build/DerivedSources
               DERIVED_SOURCES_DIR = /Users/otislewis/arena/build/ios/Pods.build/Release-iphonesimulator/GoogleUtilities.build/DerivedSources
               DEVELOPER_APPLICATIONS_DIR = /Applications/Xcode.app/Contents/Developer/Applications
               DEVELOPER_BIN_DIR = /Applications/Xcode.app/Contents/Developer/usr/bin
               DEVELOPER_DIR = /Applications/Xcode.app/Contents/Developer
               DEVELOPER_FRAMEWORKS_DIR = /Applications/Xcode.app/Contents/Developer/Library/Frameworks
               DEVELOPER_FRAMEWORKS_DIR_QUOTED = /Applications/Xcode.app/Contents/Developer/Library/Frameworks
               DEVELOPER_LIBRARY_DIR = /Applications/Xcode.app/Contents/Developer/Library
               DEVELOPER_SDK_DIR = /Applications/Xcode.app/Contents/Developer/Platforms/MacOSX.platform/Developer/SDKs
               DEVELOPER_TOOLS_DIR = /Applications/Xcode.app/Contents/Developer/Tools
               DEVELOPER_USR_DIR = /Applications/Xcode.app/Contents/Developer/usr
               DEVELOPMENT_LANGUAGE = en
               DIAGNOSE_MISSING_TARGET_DEPENDENCIES = YES
               DIFF = /usr/bin/diff
               DOCUMENTATION_FOLDER_PATH = GoogleUtilities.framework/en.lproj/Documentation
               DONT_GENERATE_INFOPLIST_FILE = NO
               DSTROOT = /tmp/Pods.dst
               DT_TOOLCHAIN_DIR = /Applications/Xcode.app/Contents/Developer/Toolchains/XcodeDefault.xctoolchain
               DWARF_DSYM_FILE_NAME = GoogleUtilities.framework.dSYM
               DWARF_DSYM_FILE_SHOULD_ACCOMPANY_PRODUCT = NO
               DWARF_DSYM_FOLDER_PATH = /Users/otislewis/arena/build/ios/Release-iphonesimulator/GoogleUtilities
               DYLIB_COMPATIBILITY_VERSION = 1
               DYLIB_CURRENT_VERSION = 1
               DYLIB_INSTALL_NAME_BASE = @rpath
               DYNAMIC_LIBRARY_EXTENSION = dylib
               EAGER_COMPILATION_ALLOW_SCRIPTS = NO
               EAGER_LINKING = NO
               EFFECTIVE_PLATFORM_NAME = -iphonesimulator
               EMBEDDED_CONTENT_CONTAINS_SWIFT = NO
               EMBED_ASSET_PACKS_IN_PRODUCT_BUNDLE = NO
               ENABLE_APP_SANDBOX = NO
               ENABLE_BITCODE = NO
               ENABLE_CODE_COVERAGE = YES
               ENABLE_DEFAULT_HEADER_SEARCH_PATHS = YES
               ENABLE_DEFAULT_SEARCH_PATHS = YES
               ENABLE_HARDENED_RUNTIME = NO
               ENABLE_HEADER_DEPENDENCIES = YES
               ENABLE_INCOMING_NETWORK_CONNECTIONS = NO
               ENABLE_MODULE_VERIFIER = NO
               ENABLE_NS_ASSERTIONS = NO
               ENABLE_ON_DEMAND_RESOURCES = NO
               ENABLE_OUTGOING_NETWORK_CONNECTIONS = NO
               ENABLE_RESOURCE_ACCESS_AUDIO_INPUT = NO
               ENABLE_RESOURCE_ACCESS_BLUETOOTH = NO
               ENABLE_RESOURCE_ACCESS_CALENDARS = NO
               ENABLE_RESOURCE_ACCESS_CAMERA = NO
               ENABLE_RESOURCE_ACCESS_CONTACTS = NO
               ENABLE_RESOURCE_ACCESS_LOCATION = NO
               ENABLE_RESOURCE_ACCESS_PRINTING = NO
               ENABLE_RESOURCE_ACCESS_USB = NO
               ENABLE_SDK_IMPORTS = NO
               ENABLE_STRICT_OBJC_MSGSEND = YES
               ENABLE_TESTABILITY = NO
               ENABLE_TESTING_SEARCH_PATHS = NO
               ENABLE_USER_SCRIPT_SANDBOXING = NO
               ENFORCE_VALID_ARCHS = YES
               ENTITLEMENTS_DESTINATION = __entitlements
               ENTITLEMENTS_REQUIRED = NO
               EXCLUDED_ARCHS = arm64
               EXCLUDED_INSTALLSRC_SUBDIRECTORY_PATTERNS = .DS_Store .svn .git .hg CVS
               EXCLUDED_RECURSIVE_SEARCH_PATH_SUBDIRECTORIES = *.nib *.lproj *.framework *.gch *.xcode* *.xcassets (*) .DS_Store CVS .svn .git .hg *.pbproj *.pbxproj
               EXECUTABLES_FOLDER_PATH = GoogleUtilities.framework/en.lproj
               EXECUTABLE_FOLDER_PATH = GoogleUtilities.framework
               EXECUTABLE_FOLDER_PATH_SHALLOW_BUNDLE_NO = GoogleUtilities.framework
               EXECUTABLE_FOLDER_PATH_SHALLOW_BUNDLE_YES = GoogleUtilities.framework
               EXECUTABLE_NAME = GoogleUtilities
               EXECUTABLE_PATH = GoogleUtilities.framework/GoogleUtilities
               EXTENSIONS_FOLDER_PATH = GoogleUtilities.framework/Extensions
               FILE_LIST = /Users/otislewis/arena/build/ios/Pods.build/Release-iphonesimulator/GoogleUtilities.build/Objects/LinkFileList
               FIXED_FILES_DIR = /Users/otislewis/arena/build/ios/Pods.build/Release-iphonesimulator/GoogleUtilities.build/FixedFiles
               FRAMEWORKS_FOLDER_PATH = GoogleUtilities.framework/Frameworks
               FRAMEWORK_FLAG_PREFIX = -framework
               FRAMEWORK_SEARCH_PATHS = /Users/otislewis/arena/build/ios/Release-iphonesimulator/GoogleUtilities  "/Users/otislewis/arena/build/ios/Release-iphonesimulator/PromisesObjC"
               FRAMEWORK_VERSION = A
               FULL_PRODUCT_NAME = GoogleUtilities.framework
               FUSE_BUILD_PHASES = YES
               FUSE_BUILD_SCRIPT_PHASES = NO
               GCC3_VERSION = 3.3
               GCC_C_LANGUAGE_STANDARD = c99
               GCC_INLINES_ARE_PRIVATE_EXTERN = YES
               GCC_NO_COMMON_BLOCKS = YES
               GCC_OBJC_LEGACY_DISPATCH = YES
               GCC_PFE_FILE_C_DIALECTS = c objective-c c++ objective-c++
               GCC_PREPROCESSOR_DEFINITIONS = POD_CONFIGURATION_RELEASE=1  COCOAPODS=1
               GCC_TREAT_WARNINGS_AS_ERRORS = NO
               GCC_VERSION = com.apple.compilers.llvm.clang.1_0
               GCC_VERSION_IDENTIFIER = com_apple_compilers_llvm_clang_1_0
               GCC_WARN_64_TO_32_BIT_CONVERSION = YES
               GCC_WARN_ABOUT_RETURN_TYPE = YES_ERROR
               GCC_WARN_UNDECLARED_SELECTOR = YES
               GCC_WARN_UNINITIALIZED_AUTOS = YES_AGGRESSIVE
               GCC_WARN_UNUSED_FUNCTION = YES
               GCC_WARN_UNUSED_VARIABLE = YES
               GENERATED_MODULEMAP_DIR = /Users/otislewis/arena/build/ios/GeneratedModuleMaps-iphonesimulator
               GENERATE_INFOPLIST_FILE = NO
               GENERATE_INTERMEDIATE_TEXT_BASED_STUBS = YES
               GENERATE_MASTER_OBJECT_FILE = NO
               GENERATE_PKGINFO_FILE = NO
               GENERATE_PROFILING_CODE = NO
               GENERATE_TEXT_BASED_STUBS = NO
               GID = 20
               GROUP = staff
               HEADERMAP_INCLUDES_FLAT_ENTRIES_FOR_TARGET_BEING_BUILT = YES
               HEADERMAP_INCLUDES_FRAMEWORK_ENTRIES_FOR_ALL_PRODUCT_TYPES = YES
               HEADERMAP_INCLUDES_FRAMEWORK_ENTRIES_FOR_TARGETS_NOT_BEING_BUILT = YES
               HEADERMAP_INCLUDES_NONPUBLIC_NONPRIVATE_HEADERS = YES
               HEADERMAP_INCLUDES_PROJECT_HEADERS = YES
               HEADERMAP_USES_FRAMEWORK_PREFIX_ENTRIES = YES
               HEADERMAP_USES_VFS = YES
               HEADER_SEARCH_PATHS = /Users/otislewis/arena/build/ios/Release-iphonesimulator/GoogleUtilities/include  "/Users/otislewis/arena/ios/Pods/GoogleUtilities"
               HIDE_BITCODE_SYMBOLS = YES
               HOME = /Users/otislewis
               HOST_ARCH = arm64
               HOST_PLATFORM = macosx
               ICONV = /usr/bin/iconv
               IMPLICIT_DEPENDENCY_DOMAIN = default
               INFOPLIST_ENABLE_CFBUNDLEICONS_MERGE = YES
               INFOPLIST_EXPAND_BUILD_SETTINGS = YES
               INFOPLIST_FILE = Target Support Files/GoogleUtilities/GoogleUtilities-Info.plist
               INFOPLIST_OUTPUT_FORMAT = binary
               INFOPLIST_PATH = GoogleUtilities.framework/Info.plist
               INFOPLIST_PREPROCESS = NO
               INFOSTRINGS_PATH = GoogleUtilities.framework/en.lproj/InfoPlist.strings
               INLINE_PRIVATE_FRAMEWORKS = NO
               INSTALLAPI_IGNORE_SKIP_INSTALL = YES
               INSTALLHDRS_COPY_PHASE = NO
               INSTALLHDRS_SCRIPT_PHASE = NO
               INSTALL_DIR = /tmp/Pods.dst/Library/Frameworks
               INSTALL_GROUP = staff
               INSTALL_MODE_FLAG = u+w,go-w,a+rX
               INSTALL_OWNER = otislewis
               INSTALL_PATH = /Library/Frameworks
               INSTALL_ROOT = /tmp/Pods.dst
               IPHONEOS_DEPLOYMENT_TARGET = 13.0
               IS_UNOPTIMIZED_BUILD = NO
               JAVAC_DEFAULT_FLAGS = -J-Xms64m -J-XX:NewSize=4M -J-Dfile.encoding=UTF8
               JAVA_APP_STUB = /System/Library/Frameworks/JavaVM.framework/Resources/MacOS/JavaApplicationStub
               JAVA_ARCHIVE_CLASSES = YES
               JAVA_ARCHIVE_TYPE = JAR
               JAVA_COMPILER = /usr/bin/javac
               JAVA_FOLDER_PATH = GoogleUtilities.framework/Java
               JAVA_FRAMEWORK_RESOURCES_DIRS = Resources
               JAVA_JAR_FLAGS = cv
               JAVA_SOURCE_SUBDIR = .
               JAVA_USE_DEPENDENCIES = YES
               JAVA_ZIP_FLAGS = -urg
               JIKES_DEFAULT_FLAGS = +E +OLDCSO
               KEEP_PRIVATE_EXTERNS = NO
               LD_DEPENDENCY_INFO_FILE = /Users/otislewis/arena/build/ios/Pods.build/Release-iphonesimulator/GoogleUtilities.build/Objects-normal/undefined_arch/GoogleUtilities_dependency_info.dat
               LD_DYLIB_INSTALL_NAME = @rpath/GoogleUtilities.framework/GoogleUtilities
               LD_EXPORT_SYMBOLS = YES
               LD_GENERATE_MAP_FILE = NO
               LD_MAP_FILE_PATH = /Users/otislewis/arena/build/ios/Pods.build/Release-iphonesimulator/GoogleUtilities.build/GoogleUtilities-LinkMap-normal-undefined_arch.txt
               LD_NO_PIE = NO
               LD_QUOTE_LINKER_ARGUMENTS_FOR_COMPILER_DRIVER = YES
               LD_RUNPATH_SEARCH_PATHS =  @executable_path/Frameworks @loader_path/Frameworks
               LD_SHARED_CACHE_ELIGIBLE = Automatic
               LD_WARN_DUPLICATE_LIBRARIES = NO
               LD_WARN_UNUSED_DYLIBS = NO
               LEGACY_DEVELOPER_DIR = /Applications/Xcode.app/Contents/PlugIns/Xcode3Core.ideplugin/Contents/SharedSupport/Developer
               LEX = lex
               LIBRARY_DEXT_INSTALL_PATH = /Library/DriverExtensions
               LIBRARY_FLAG_NOSPACE = YES
               LIBRARY_FLAG_PREFIX = -l
               LIBRARY_KEXT_INSTALL_PATH = /Library/Extensions
               LIBRARY_SEARCH_PATHS = /Users/otislewis/arena/build/ios/Release-iphonesimulator/GoogleUtilities 
               LINKER_DISPLAYS_MANGLED_NAMES = NO
               LINK_OBJC_RUNTIME = YES
               LINK_WITH_STANDARD_LIBRARIES = YES
               LLVM_TARGET_TRIPLE_OS_VERSION = ios13.0
               LLVM_TARGET_TRIPLE_SUFFIX = -simulator
               LLVM_TARGET_TRIPLE_VENDOR = apple
               LOCALIZATION_EXPORT_SUPPORTED = YES
               LOCALIZATION_PREFERS_STRING_CATALOGS = NO
               LOCALIZED_RESOURCES_FOLDER_PATH = GoogleUtilities.framework/en.lproj
               LOCALIZED_STRING_MACRO_NAMES = NSLocalizedString CFCopyLocalizedString
               LOCALIZED_STRING_SWIFTUI_SUPPORT = YES
               LOCAL_ADMIN_APPS_DIR = /Applications/Utilities
               LOCAL_APPS_DIR = /Applications
               LOCAL_DEVELOPER_DIR = /Library/Developer
               LOCAL_LIBRARY_DIR = /Library
               LOCROOT = /Users/otislewis/arena/ios/Pods
               LOCSYMROOT = /Users/otislewis/arena/ios/Pods
               MACH_O_TYPE = mh_dylib
               MAC_OS_X_PRODUCT_BUILD_VERSION = 24F74
               MAC_OS_X_VERSION_ACTUAL = 150500
               MAC_OS_X_VERSION_MAJOR = 150000
               MAC_OS_X_VERSION_MINOR = 150500
               MAKE_MERGEABLE = NO
               MERGEABLE_LIBRARY = NO
               MERGED_BINARY_TYPE = none
               MERGE_LINKED_LIBRARIES = NO
               METAL_LIBRARY_FILE_BASE = default
               METAL_LIBRARY_OUTPUT_DIR = /Users/otislewis/arena/build/ios/Release-iphonesimulator/GoogleUtilities/GoogleUtilities.framework
               MODULEMAP_FILE = Target Support Files/GoogleUtilities/GoogleUtilities.modulemap
               MODULES_FOLDER_PATH = GoogleUtilities.framework/Modules
               MTL_ENABLE_DEBUG_INFO = NO
               MTL_FAST_MATH = YES
               NATIVE_ARCH = arm64
               NATIVE_ARCH_32_BIT = arm
               NATIVE_ARCH_64_BIT = arm64
               NATIVE_ARCH_ACTUAL = arm64
               NO_COMMON = YES
               OBJC_ABI_VERSION = 2
               OBJECT_FILE_DIR = /Users/otislewis/arena/build/ios/Pods.build/Release-iphonesimulator/GoogleUtilities.build/Objects
               OBJECT_FILE_DIR_normal = /Users/otislewis/arena/build/ios/Pods.build/Release-iphonesimulator/GoogleUtilities.build/Objects-normal
               OBJROOT = /Users/otislewis/arena/build/ios
               ONLY_ACTIVE_ARCH = NO
               OS = MACOS
               OSAC = /usr/bin/osacompile
               OTHER_LDFLAGS =  -l"z" -framework "FBLPromises" -framework "Security" -framework "SystemConfiguration"
               PACKAGE_TYPE = com.apple.package-type.wrapper.framework
               PASCAL_STRINGS = YES
               PATH = /Applications/Xcode.app/Contents/SharedFrameworks/SwiftBuild.framework/Versions/A/PlugIns/SWBBuildService.bundle/Contents/PlugIns/SWBUniversalPlatformPlugin.bundle/Contents/Frameworks/SWBUniversalPlatform.framework/Resources:/Applications/Xcode.app/Contents/Developer/Toolchains/XcodeDefault.xctoolchain/usr/bin:/Applications/Xcode.app/Contents/Developer/Toolchains/XcodeDefault.xctoolchain/usr/local/bin:/Applications/Xcode.app/Contents/Developer/Toolchains/XcodeDefault.xctoolchain/usr/libexec:/Applications/Xcode.app/Contents/Developer/Platforms/iPhoneSimulator.platform/usr/bin:/Applications/Xcode.app/Contents/Developer/Platforms/iPhoneSimulator.platform/usr/local/bin:/Applications/Xcode.app/Contents/Developer/Platforms/iPhoneSimulator.platform/Developer/usr/bin:/Applications/Xcode.app/Contents/Developer/Platforms/iPhoneSimulator.platform/Developer/usr/local/bin:/Applications/Xcode.app/Contents/Developer/usr/bin:/Applications/Xcode.app/Contents/Developer/usr/local/bin:/Users/otislewis/.gem/ruby/3.3.0/bin:/opt/homebrew/bin:/opt/homebrew/sbin:/usr/local/bin:/System/Cryptexes/App/usr/bin:/usr/bin:/bin:/usr/sbin:/sbin:/var/run/com.apple.security.cryptexd/codex.system/bootstrap/usr/local/bin:/var/run/com.apple.security.cryptexd/codex.system/bootstrap/usr/bin:/var/run/com.apple.security.cryptexd/codex.system/bootstrap/usr/appleinternal/bin:/Library/Apple/usr/bin:/opt/homebrew/Caskroom/flutter/3.32.0/flutter/bin:/Users/otislewis/Library/Android/sdk/emulator:/Users/otislewis/Library/Android/sdk/tools:/Users/otislewis/Library/Android/sdk/tools/bin:/Users/otislewis/Library/Android/sdk/platform-tools:/opt/homebrew/Caskroom/flutter/3.32.0/flutter/bin/cache/dart-sdk/bin
               PATH_PREFIXES_EXCLUDED_FROM_HEADER_DEPENDENCIES = /usr/include /usr/local/include /System/Library/Frameworks /System/Library/PrivateFrameworks /Applications/Xcode.app/Contents/Developer/Headers /Applications/Xcode.app/Contents/Developer/SDKs /Applications/Xcode.app/Contents/Developer/Platforms
               PBDEVELOPMENTPLIST_PATH = GoogleUtilities.framework/pbdevelopment.plist
               PER_ARCH_MODULE_FILE_DIR = /Users/otislewis/arena/build/ios/Pods.build/Release-iphonesimulator/GoogleUtilities.build/Objects-normal/undefined_arch
               PER_ARCH_OBJECT_FILE_DIR = /Users/otislewis/arena/build/ios/Pods.build/Release-iphonesimulator/GoogleUtilities.build/Objects-normal/undefined_arch
               PER_VARIANT_OBJECT_FILE_DIR = /Users/otislewis/arena/build/ios/Pods.build/Release-iphonesimulator/GoogleUtilities.build/Objects-normal
               PKGINFO_FILE_PATH = /Users/otislewis/arena/build/ios/Pods.build/Release-iphonesimulator/GoogleUtilities.build/PkgInfo
               PKGINFO_PATH = GoogleUtilities.framework/PkgInfo
               PLATFORM_DEVELOPER_APPLICATIONS_DIR = /Applications/Xcode.app/Contents/Developer/Platforms/iPhoneSimulator.platform/Developer/Applications
               PLATFORM_DEVELOPER_BIN_DIR = /Applications/Xcode.app/Contents/Developer/Platforms/iPhoneSimulator.platform/Developer/usr/bin
               PLATFORM_DEVELOPER_LIBRARY_DIR = /Applications/Xcode.app/Contents/Developer/Platforms/iPhoneSimulator.platform/Developer/Library
               PLATFORM_DEVELOPER_SDK_DIR = /Applications/Xcode.app/Contents/Developer/Platforms/iPhoneSimulator.platform/Developer/SDKs
               PLATFORM_DEVELOPER_TOOLS_DIR = /Applications/Xcode.app/Contents/Developer/Platforms/iPhoneSimulator.platform/Developer/Tools
               PLATFORM_DEVELOPER_USR_DIR = /Applications/Xcode.app/Contents/Developer/Platforms/iPhoneSimulator.platform/Developer/usr
               PLATFORM_DIR = /Applications/Xcode.app/Contents/Developer/Platforms/iPhoneSimulator.platform
               PLATFORM_DISPLAY_NAME = iOS Simulator
               PLATFORM_FAMILY_NAME = iOS
               PLATFORM_NAME = iphonesimulator
               PLATFORM_PREFERRED_ARCH = x86_64
               PLATFORM_PRODUCT_BUILD_VERSION = 22E235
               PLATFORM_REQUIRES_SWIFT_AUTOLINK_EXTRACT = NO
               PLATFORM_REQUIRES_SWIFT_MODULEWRAP = NO
               PLIST_FILE_OUTPUT_FORMAT = binary
               PLUGINS_FOLDER_PATH = GoogleUtilities.framework/PlugIns
               PODS_BUILD_DIR = /Users/otislewis/arena/build/ios
               PODS_CONFIGURATION_BUILD_DIR = /Users/otislewis/arena/build/ios/Release-iphonesimulator
               PODS_DEVELOPMENT_LANGUAGE = en
               PODS_ROOT = /Users/otislewis/arena/ios/Pods
               PODS_TARGET_SRCROOT = /Users/otislewis/arena/ios/Pods/GoogleUtilities
               PODS_XCFRAMEWORKS_BUILD_DIR = /Users/otislewis/arena/build/ios/Release-iphonesimulator/XCFrameworkIntermediates
               PRECOMPS_INCLUDE_HEADERS_FROM_BUILT_PRODUCTS_DIR = YES
               PRECOMP_DESTINATION_DIR = /Users/otislewis/arena/build/ios/Pods.build/Release-iphonesimulator/GoogleUtilities.build/PrefixHeaders
               PRIVATE_HEADERS_FOLDER_PATH = GoogleUtilities.framework/PrivateHeaders
               PROCESSED_INFOPLIST_PATH = /Users/otislewis/arena/build/ios/Pods.build/Release-iphonesimulator/GoogleUtilities.build/Objects-normal/undefined_arch/Processed-Info.plist
               PRODUCT_BUNDLE_IDENTIFIER = org.cocoapods.GoogleUtilities
               PRODUCT_BUNDLE_PACKAGE_TYPE = FMWK
               PRODUCT_MODULE_NAME = GoogleUtilities
               PRODUCT_NAME = GoogleUtilities
               PRODUCT_SETTINGS_PATH = /Users/otislewis/arena/ios/Pods/Target Support Files/GoogleUtilities/GoogleUtilities-Info.plist
               PRODUCT_TYPE = com.apple.product-type.framework
               PROFILING_CODE = NO
               PROJECT = Pods
               PROJECT_DERIVED_FILE_DIR = /Users/otislewis/arena/build/ios/Pods.build/DerivedSources
               PROJECT_DIR = /Users/otislewis/arena/ios/Pods
               PROJECT_FILE_PATH = /Users/otislewis/arena/ios/Pods/Pods.xcodeproj
               PROJECT_GUID = bfdfe7dc352907fc980b868725387e98
               PROJECT_NAME = Pods
               PROJECT_TEMP_DIR = /Users/otislewis/arena/build/ios/Pods.build
               PROJECT_TEMP_ROOT = /Users/otislewis/arena/build/ios
               PUBLIC_HEADERS_FOLDER_PATH = GoogleUtilities.framework/Headers
               RECOMMENDED_IPHONEOS_DEPLOYMENT_TARGET = 15.0
               RECURSIVE_SEARCH_PATHS_FOLLOW_SYMLINKS = YES
               REMOVE_CVS_FROM_RESOURCES = YES
               REMOVE_GIT_FROM_RESOURCES = YES
               REMOVE_HEADERS_FROM_EMBEDDED_BUNDLES = YES
               REMOVE_HG_FROM_RESOURCES = YES
               REMOVE_STATIC_EXECUTABLES_FROM_EMBEDDED_BUNDLES = YES
               REMOVE_SVN_FROM_RESOURCES = YES
               RESCHEDULE_INDEPENDENT_HEADERS_PHASES = YES
               REZ_COLLECTOR_DIR = /Users/otislewis/arena/build/ios/Pods.build/Release-iphonesimulator/GoogleUtilities.build/ResourceManagerResources
               REZ_OBJECTS_DIR = /Users/otislewis/arena/build/ios/Pods.build/Release-iphonesimulator/GoogleUtilities.build/ResourceManagerResources/Objects
               REZ_SEARCH_PATHS = /Users/otislewis/arena/build/ios/Release-iphonesimulator/GoogleUtilities 
               SCAN_ALL_SOURCE_FILES_FOR_INCLUDES = NO
               SCRIPTS_FOLDER_PATH = GoogleUtilities.framework/Scripts
               SDKROOT = /Applications/Xcode.app/Contents/Developer/Platforms/iPhoneSimulator.platform/Developer/SDKs/iPhoneSimulator18.4.sdk
               SDK_DIR = /Applications/Xcode.app/Contents/Developer/Platforms/iPhoneSimulator.platform/Developer/SDKs/iPhoneSimulator18.4.sdk
               SDK_DIR_iphonesimulator = /Applications/Xcode.app/Contents/Developer/Platforms/iPhoneSimulator.platform/Developer/SDKs/iPhoneSimulator18.4.sdk
               SDK_DIR_iphonesimulator18_4 = /Applications/Xcode.app/Contents/Developer/Platforms/iPhoneSimulator.platform/Developer/SDKs/iPhoneSimulator18.4.sdk
               SDK_NAME = iphonesimulator18.4
               SDK_NAMES = iphonesimulator18.4
               SDK_PRODUCT_BUILD_VERSION = 22E235
               SDK_STAT_CACHE_DIR = /var/folders/4y/xy3fflts0nqfk1tsxg0t3mmr0000gn/C/com.apple.DeveloperTools/16.3-16E140/Xcode
               SDK_STAT_CACHE_ENABLE = YES
               SDK_STAT_CACHE_PATH = /var/folders/4y/xy3fflts0nqfk1tsxg0t3mmr0000gn/C/com.apple.DeveloperTools/16.3-16E140/Xcode/SDKStatCaches.noindex/iphonesimulator18.4-22E235-71825a6d136aa4733edcbe86ece5525b.sdkstatcache
               SDK_VERSION = 18.4
               SDK_VERSION_ACTUAL = 180400
               SDK_VERSION_MAJOR = 180000
               SDK_VERSION_MINOR = 180400
               SED = /usr/bin/sed
               SEPARATE_STRIP = NO
               SEPARATE_SYMBOL_EDIT = NO
               SET_DIR_MODE_OWNER_GROUP = YES
               SET_FILE_MODE_OWNER_GROUP = NO
               SHALLOW_BUNDLE = YES
               SHALLOW_BUNDLE_TRIPLE = ios-simulator
               SHALLOW_BUNDLE_ios_macabi = NO
               SHALLOW_BUNDLE_macos = NO
               SHARED_DERIVED_FILE_DIR = /Users/otislewis/arena/build/ios/Release-iphonesimulator/GoogleUtilities/DerivedSources
               SHARED_FRAMEWORKS_FOLDER_PATH = GoogleUtilities.framework/SharedFrameworks
               SHARED_PRECOMPS_DIR = /Users/otislewis/arena/build/ios/SharedPrecompiledHeaders
               SHARED_SUPPORT_FOLDER_PATH = GoogleUtilities.framework
               SKIP_INSTALL = YES
               SOURCE_ROOT = /Users/otislewis/arena/ios/Pods
               SRCROOT = /Users/otislewis/arena/ios/Pods
               STRINGSDATA_DIR = /Users/otislewis/arena/build/ios/Pods.build/Release-iphonesimulator/GoogleUtilities.build/Objects-normal/undefined_arch
               STRINGSDATA_ROOT = /Users/otislewis/arena/build/ios/Pods.build/Release-iphonesimulator/GoogleUtilities.build
               STRINGS_FILE_INFOPLIST_RENAME = YES
               STRINGS_FILE_OUTPUT_ENCODING = binary
               STRIP_BITCODE_FROM_COPIED_FILES = NO
               STRIP_INSTALLED_PRODUCT = NO
               STRIP_STYLE = debugging
               STRIP_SWIFT_SYMBOLS = YES
               SUPPORTED_DEVICE_FAMILIES = 1,2
               SUPPORTED_PLATFORMS = iphoneos iphonesimulator
               SUPPORTS_TEXT_BASED_API = NO
               SUPPRESS_WARNINGS = NO
               SWIFT_ACTIVE_COMPILATION_CONDITIONS =  
               SWIFT_COMPILATION_MODE = wholemodule
               SWIFT_EMIT_LOC_STRINGS = NO
               SWIFT_INSTALL_MODULE_FOR_DEPLOYMENT = YES
               SWIFT_INSTALL_OBJC_HEADER = YES
               SWIFT_OPTIMIZATION_LEVEL = -O
               SWIFT_PLATFORM_TARGET_PREFIX = ios
               SWIFT_VERSION = 5.0
               SYMROOT = /Users/otislewis/arena/ios/build
               SYSTEM_ADMIN_APPS_DIR = /Applications/Utilities
               SYSTEM_APPS_DIR = /Applications
               SYSTEM_CORE_SERVICES_DIR = /System/Library/CoreServices
               SYSTEM_DEMOS_DIR = /Applications/Extras
               SYSTEM_DEVELOPER_APPS_DIR = /Applications/Xcode.app/Contents/Developer/Applications
               SYSTEM_DEVELOPER_BIN_DIR = /Applications/Xcode.app/Contents/Developer/usr/bin
               SYSTEM_DEVELOPER_DEMOS_DIR = /Applications/Xcode.app/Contents/Developer/Applications/Utilities/Built Examples
               SYSTEM_DEVELOPER_DIR = /Applications/Xcode.app/Contents/Developer
               SYSTEM_DEVELOPER_DOC_DIR = /Applications/Xcode.app/Contents/Developer/ADC Reference Library
               SYSTEM_DEVELOPER_GRAPHICS_TOOLS_DIR = /Applications/Xcode.app/Contents/Developer/Applications/Graphics Tools
               SYSTEM_DEVELOPER_JAVA_TOOLS_DIR = /Applications/Xcode.app/Contents/Developer/Applications/Java Tools
               SYSTEM_DEVELOPER_PERFORMANCE_TOOLS_DIR = /Applications/Xcode.app/Contents/Developer/Applications/Performance Tools
               SYSTEM_DEVELOPER_RELEASENOTES_DIR = /Applications/Xcode.app/Contents/Developer/ADC Reference Library/releasenotes
               SYSTEM_DEVELOPER_TOOLS = /Applications/Xcode.app/Contents/Developer/Tools
               SYSTEM_DEVELOPER_TOOLS_DOC_DIR = /Applications/Xcode.app/Contents/Developer/ADC Reference Library/documentation/DeveloperTools
               SYSTEM_DEVELOPER_TOOLS_RELEASENOTES_DIR = /Applications/Xcode.app/Contents/Developer/ADC Reference Library/releasenotes/DeveloperTools
               SYSTEM_DEVELOPER_USR_DIR = /Applications/Xcode.app/Contents/Developer/usr
               SYSTEM_DEVELOPER_UTILITIES_DIR = /Applications/Xcode.app/Contents/Developer/Applications/Utilities
               SYSTEM_DEXT_INSTALL_PATH = /System/Library/DriverExtensions
               SYSTEM_DOCUMENTATION_DIR = /Library/Documentation
               SYSTEM_EXTENSIONS_FOLDER_PATH = GoogleUtilities.framework/SystemExtensions
               SYSTEM_EXTENSIONS_FOLDER_PATH_SHALLOW_BUNDLE_NO = GoogleUtilities.framework/Library/SystemExtensions
               SYSTEM_EXTENSIONS_FOLDER_PATH_SHALLOW_BUNDLE_YES = GoogleUtilities.framework/SystemExtensions
               SYSTEM_KEXT_INSTALL_PATH = /System/Library/Extensions
               SYSTEM_LIBRARY_DIR = /System/Library
               TAPI_DEMANGLE = YES
               TAPI_ENABLE_PROJECT_HEADERS = NO
               TAPI_LANGUAGE = objective-c
               TAPI_LANGUAGE_STANDARD = compiler-default
               TAPI_USE_SRCROOT = YES
               TAPI_VERIFY_MODE = Pedantic
               TARGETED_DEVICE_FAMILY = 1,2
               TARGETNAME = GoogleUtilities
               TARGET_BUILD_DIR = /Users/otislewis/arena/build/ios/Release-iphonesimulator/GoogleUtilities
               TARGET_NAME = GoogleUtilities
               TARGET_TEMP_DIR = /Users/otislewis/arena/build/ios/Pods.build/Release-iphonesimulator/GoogleUtilities.build
               TEMP_DIR = /Users/otislewis/arena/build/ios/Pods.build/Release-iphonesimulator/GoogleUtilities.build
               TEMP_FILES_DIR = /Users/otislewis/arena/build/ios/Pods.build/Release-iphonesimulator/GoogleUtilities.build
               TEMP_FILE_DIR = /Users/otislewis/arena/build/ios/Pods.build/Release-iphonesimulator/GoogleUtilities.build
               TEMP_ROOT = /Users/otislewis/arena/build/ios
               TEMP_SANDBOX_DIR = /Users/otislewis/arena/build/ios/TemporaryTaskSandboxes
               TEST_FRAMEWORK_SEARCH_PATHS =  /Applications/Xcode.app/Contents/Developer/Platforms/iPhoneSimulator.platform/Developer/Library/Frameworks /Applications/Xcode.app/Contents/Developer/Platforms/iPhoneSimulator.platform/Developer/SDKs/iPhoneSimulator18.4.sdk/Developer/Library/Frameworks
               TEST_LIBRARY_SEARCH_PATHS =  /Applications/Xcode.app/Contents/Developer/Platforms/iPhoneSimulator.platform/Developer/usr/lib
               TOOLCHAINS = com.apple.dt.toolchain.XcodeDefault
               TOOLCHAIN_DIR = /Applications/Xcode.app/Contents/Developer/Toolchains/XcodeDefault.xctoolchain
               TREAT_MISSING_BASELINES_AS_TEST_FAILURES = NO
               TREAT_MISSING_SCRIPT_PHASE_OUTPUTS_AS_ERRORS = NO
               UID = 501
               UNINSTALLED_PRODUCTS_DIR = /Users/otislewis/arena/build/ios/UninstalledProducts
               UNLOCALIZED_RESOURCES_FOLDER_PATH = GoogleUtilities.framework
               UNLOCALIZED_RESOURCES_FOLDER_PATH_SHALLOW_BUNDLE_NO = GoogleUtilities.framework/Resources
               UNLOCALIZED_RESOURCES_FOLDER_PATH_SHALLOW_BUNDLE_YES = GoogleUtilities.framework
               UNSTRIPPED_PRODUCT = NO
               USER = otislewis
               USER_APPS_DIR = /Users/otislewis/Applications
               USER_LIBRARY_DIR = /Users/otislewis/Library
               USE_DYNAMIC_NO_PIC = YES
               USE_HEADERMAP = YES
               USE_HEADER_SYMLINKS = NO
               USE_RECURSIVE_SCRIPT_INPUTS_IN_SCRIPT_PHASES = YES
               VALIDATE_DEVELOPMENT_ASSET_PATHS = YES_ERROR
               VALIDATE_PRODUCT = YES
               VALID_ARCHS = arm64
               VERBOSE_PBXCP = NO
               VERSIONING_SYSTEM = apple-generic
               VERSIONPLIST_PATH = GoogleUtilities.framework/version.plist
               VERSIONS_FOLDER_PATH = GoogleUtilities.framework
               VERSIONS_FOLDER_PATH_SHALLOW_BUNDLE_NO = GoogleUtilities.framework/Versions
               VERSIONS_FOLDER_PATH_SHALLOW_BUNDLE_YES = GoogleUtilities.framework
               VERSION_INFO_BUILDER = otislewis
               VERSION_INFO_FILE = GoogleUtilities_vers.c
               VERSION_INFO_STRING = "@(#)PROGRAM:GoogleUtilities  PROJECT:Pods-1"
               WORKSPACE_DIR = /Users/otislewis/arena/ios/Pods/Pods.xcodeproj
               WRAPPER_EXTENSION = framework
               WRAPPER_NAME = GoogleUtilities.framework
               WRAPPER_SUFFIX = .framework
               WRAP_ASSET_PACKS_IN_SEPARATE_DIRECTORIES = NO
               XCODE_APP_SUPPORT_DIR = /Applications/Xcode.app/Contents/Developer/Library/Xcode
               XCODE_PRODUCT_BUILD_VERSION = 16E140
               XCODE_VERSION_ACTUAL = 1630
               XCODE_VERSION_MAJOR = 1600
               XCODE_VERSION_MINOR = 1630
               XPCSERVICES_FOLDER_PATH = GoogleUtilities.framework/XPCServices
               YACC = yacc
               _DISCOVER_COMMAND_LINE_LINKER_INPUTS = YES
               _DISCOVER_COMMAND_LINE_LINKER_INPUTS_INCLUDE_WL = YES
               _WRAPPER_CONTENTS_DIR_SHALLOW_BUNDLE_NO = /Contents
               _WRAPPER_PARENT_PATH_SHALLOW_BUNDLE_NO = /..
               _WRAPPER_RESOURCES_DIR_SHALLOW_BUNDLE_NO = /Resources
               __DIAGNOSE_DEPRECATED_ARCHS = YES
               arch = undefined_arch
               variant = normal

           Build settings for action build and target GoogleUtilities-GoogleUtilities_Privacy:
               ACTION = build
               AD_HOC_CODE_SIGNING_ALLOWED = YES
               ALLOW_BUILD_REQUEST_OVERRIDES = NO
               ALLOW_TARGET_PLATFORM_SPECIALIZATION = NO
               ALTERNATE_GROUP = staff
               ALTERNATE_MODE = u+w,go-w,a+rX
               ALTERNATE_OWNER = otislewis
               ALTERNATIVE_DISTRIBUTION_WEB = NO
               ALWAYS_EMBED_SWIFT_STANDARD_LIBRARIES = NO
               ALWAYS_SEARCH_USER_PATHS = NO
               ALWAYS_USE_SEPARATE_HEADERMAPS = NO
               APPLICATION_EXTENSION_API_ONLY = NO
               APPLY_RULES_IN_COPY_FILES = NO
               APPLY_RULES_IN_COPY_HEADERS = NO
               APP_SHORTCUTS_ENABLE_FLEXIBLE_MATCHING = YES
               ARCHS_STANDARD = arm64 x86_64
               ARCHS_STANDARD_32_64_BIT = arm64 x86_64
               ARCHS_STANDARD_64_BIT = arm64 x86_64
               ARCHS_STANDARD_INCLUDING_64_BIT = arm64 x86_64
               ARCHS_UNIVERSAL_IPHONE_OS = arm64 x86_64
               AUTOMATICALLY_MERGE_DEPENDENCIES = NO
               AVAILABLE_PLATFORMS = android appletvos appletvsimulator driverkit iphoneos iphonesimulator macosx qnx watchos watchsimulator xros xrsimulator
               BITCODE_GENERATION_MODE = marker
               BUILD_ACTIVE_RESOURCES_ONLY = NO
               BUILD_COMPONENTS = headers build
               BUILD_DIR = /Users/otislewis/arena/build/ios
               BUILD_LIBRARY_FOR_DISTRIBUTION = NO
               BUILD_ROOT = /Users/otislewis/arena/ios/build
               BUILD_STYLE = 
               BUILD_VARIANTS = normal
               BUILT_PRODUCTS_DIR = /Users/otislewis/arena/build/ios/Release-iphonesimulator/GoogleUtilities
               BUNDLE_CONTENTS_FOLDER_PATH_deep = Contents/
               BUNDLE_EXECUTABLE_FOLDER_NAME_deep = MacOS
               BUNDLE_EXTENSIONS_FOLDER_PATH = Extensions
               BUNDLE_FORMAT = shallow
               BUNDLE_FRAMEWORKS_FOLDER_PATH = Frameworks
               BUNDLE_PLUGINS_FOLDER_PATH = PlugIns
               BUNDLE_PRIVATE_HEADERS_FOLDER_PATH = PrivateHeaders
               BUNDLE_PUBLIC_HEADERS_FOLDER_PATH = Headers
               CACHE_ROOT = /var/folders/4y/xy3fflts0nqfk1tsxg0t3mmr0000gn/C/com.apple.DeveloperTools/16.3-16E140/Xcode
               CCHROOT = /var/folders/4y/xy3fflts0nqfk1tsxg0t3mmr0000gn/C/com.apple.DeveloperTools/16.3-16E140/Xcode
               CHMOD = /bin/chmod
               CHOWN = /usr/sbin/chown
               CLANG_ANALYZER_LOCALIZABILITY_NONLOCALIZED = YES
               CLANG_ANALYZER_NONNULL = YES
               CLANG_ANALYZER_NUMBER_OBJECT_CONVERSION = YES_AGGRESSIVE
               CLANG_CACHE_FINE_GRAINED_OUTPUTS = YES
               CLANG_CXX_LANGUAGE_STANDARD = gnu++14
               CLANG_CXX_LIBRARY = libc++
               CLANG_ENABLE_EXPLICIT_MODULES = YES
               CLANG_ENABLE_MODULES = YES
               CLANG_ENABLE_OBJC_ARC = YES
               CLANG_ENABLE_OBJC_WEAK = YES
               CLANG_MODULES_BUILD_SESSION_FILE = /var/folders/4y/xy3fflts0nqfk1tsxg0t3mmr0000gn/C/org.llvm.clang/ModuleCache.noindex/Session.modulevalidation
               CLANG_WARN_BLOCK_CAPTURE_AUTORELEASING = YES
               CLANG_WARN_BOOL_CONVERSION = YES
               CLANG_WARN_COMMA = YES
               CLANG_WARN_CONSTANT_CONVERSION = YES
               CLANG_WARN_DEPRECATED_OBJC_IMPLEMENTATIONS = YES
               CLANG_WARN_DIRECT_OBJC_ISA_USAGE = YES_ERROR
               CLANG_WARN_DOCUMENTATION_COMMENTS = YES
               CLANG_WARN_EMPTY_BODY = YES
               CLANG_WARN_ENUM_CONVERSION = YES
               CLANG_WARN_INFINITE_RECURSION = YES
               CLANG_WARN_INT_CONVERSION = YES
               CLANG_WARN_NON_LITERAL_NULL_CONVERSION = YES
               CLANG_WARN_OBJC_IMPLICIT_RETAIN_SELF = YES
               CLANG_WARN_OBJC_LITERAL_CONVERSION = YES
               CLANG_WARN_OBJC_ROOT_CLASS = YES_ERROR
               CLANG_WARN_QUOTED_INCLUDE_IN_FRAMEWORK_HEADER = NO
               CLANG_WARN_RANGE_LOOP_ANALYSIS = YES
               CLANG_WARN_STRICT_PROTOTYPES = YES
               CLANG_WARN_SUSPICIOUS_MOVE = YES
               CLANG_WARN_UNGUARDED_AVAILABILITY = YES_AGGRESSIVE
               CLANG_WARN_UNREACHABLE_CODE = YES
               CLANG_WARN__DUPLICATE_METHOD_MATCH = YES
               CLASS_FILE_DIR = /Users/otislewis/arena/build/ios/Pods.build/Release-iphonesimulator/GoogleUtilities-GoogleUtilities_Privacy.build/JavaClasses
               CLEAN_PRECOMPS = YES
               CLONE_HEADERS = NO
               CODESIGNING_FOLDER_PATH = /Users/otislewis/arena/build/ios/Release-iphonesimulator/GoogleUtilities/GoogleUtilities_Privacy.bundle
               CODE_SIGNING_ALLOWED = NO
               CODE_SIGNING_IDENTITY = -
               CODE_SIGNING_REQUIRED = NO
               CODE_SIGN_CONTEXT_CLASS = XCiPhoneSimulatorCodeSignContext
               CODE_SIGN_IDENTITY = -
               CODE_SIGN_INJECT_BASE_ENTITLEMENTS = YES
               COLOR_DIAGNOSTICS = NO
               COMBINE_HIDPI_IMAGES = NO
               COMPILATION_CACHE_CAS_PATH = /var/folders/4y/xy3fflts0nqfk1tsxg0t3mmr0000gn/C/com.apple.DeveloperTools/16.3-16E140/Xcode/CompilationCache.noindex
               COMPILATION_CACHE_KEEP_CAS_DIRECTORY = YES
               COMPILER_INDEX_STORE_ENABLE = Default
               COMPOSITE_SDK_DIRS = /Users/otislewis/arena/build/ios/CompositeSDKs
               COMPRESS_PNG_FILES = YES
               CONFIGURATION = Release
               CONFIGURATION_BUILD_DIR = /Users/otislewis/arena/build/ios/Release-iphonesimulator/GoogleUtilities
               CONFIGURATION_TEMP_DIR = /Users/otislewis/arena/build/ios/Pods.build/Release-iphonesimulator
               CONTENTS_FOLDER_PATH = GoogleUtilities_Privacy.bundle
               CONTENTS_FOLDER_PATH_SHALLOW_BUNDLE_NO = GoogleUtilities_Privacy.bundle/Contents
               CONTENTS_FOLDER_PATH_SHALLOW_BUNDLE_YES = GoogleUtilities_Privacy.bundle
               COPYING_PRESERVES_HFS_DATA = NO
               COPY_HEADERS_RUN_UNIFDEF = NO
               COPY_PHASE_STRIP = NO
               CORRESPONDING_DEVICE_PLATFORM_DIR = /Applications/Xcode.app/Contents/Developer/Platforms/iPhoneOS.platform
               CORRESPONDING_DEVICE_PLATFORM_NAME = iphoneos
               CORRESPONDING_DEVICE_SDK_DIR = /Applications/Xcode.app/Contents/Developer/Platforms/iPhoneOS.platform/Developer/SDKs/iPhoneOS18.4.sdk
               CORRESPONDING_DEVICE_SDK_NAME = iphoneos18.4
               CP = /bin/cp
               CREATE_INFOPLIST_SECTION_IN_BINARY = NO
               CURRENT_ARCH = undefined_arch
               CURRENT_VARIANT = normal
               DEAD_CODE_STRIPPING = YES
               DEBUGGING_SYMBOLS = YES
               DEBUG_INFORMATION_FORMAT = dwarf-with-dsym
               DEBUG_INFORMATION_VERSION = compiler-default
               DEFAULT_COMPILER = com.apple.compilers.llvm.clang.1_0
               DEFAULT_DEXT_INSTALL_PATH = /System/Library/DriverExtensions
               DEFAULT_KEXT_INSTALL_PATH = /System/Library/Extensions
               DEFINES_MODULE = NO
               DEPLOYMENT_LOCATION = NO
               DEPLOYMENT_POSTPROCESSING = NO
               DEPLOYMENT_TARGET_SETTING_NAME = IPHONEOS_DEPLOYMENT_TARGET
               DEPLOYMENT_TARGET_SUGGESTED_VALUES = 12.0 12.1 12.2 12.3 12.4 13.0 13.1 13.2 13.3 13.4 13.5 13.6 14.0 14.1 14.2 14.3 14.4 14.5 14.6 14.7 15.0 15.1 15.2 15.3 15.4 15.5 15.6 16.0 16.1 16.2 16.3 16.4 16.5 16.6 17.0 17.1 17.2 17.3 17.4 17.5 17.6 18.0 18.1 18.2 18.3 18.4
               DERIVED_FILES_DIR = /Users/otislewis/arena/build/ios/Pods.build/Release-iphonesimulator/GoogleUtilities-GoogleUtilities_Privacy.build/DerivedSources
               DERIVED_FILE_DIR = /Users/otislewis/arena/build/ios/Pods.build/Release-iphonesimulator/GoogleUtilities-GoogleUtilities_Privacy.build/DerivedSources
               DERIVED_SOURCES_DIR = /Users/otislewis/arena/build/ios/Pods.build/Release-iphonesimulator/GoogleUtilities-GoogleUtilities_Privacy.build/DerivedSources
               DEVELOPER_APPLICATIONS_DIR = /Applications/Xcode.app/Contents/Developer/Applications
               DEVELOPER_BIN_DIR = /Applications/Xcode.app/Contents/Developer/usr/bin
               DEVELOPER_DIR = /Applications/Xcode.app/Contents/Developer
               DEVELOPER_FRAMEWORKS_DIR = /Applications/Xcode.app/Contents/Developer/Library/Frameworks
               DEVELOPER_FRAMEWORKS_DIR_QUOTED = /Applications/Xcode.app/Contents/Developer/Library/Frameworks
               DEVELOPER_LIBRARY_DIR = /Applications/Xcode.app/Contents/Developer/Library
               DEVELOPER_SDK_DIR = /Applications/Xcode.app/Contents/Developer/Platforms/MacOSX.platform/Developer/SDKs
               DEVELOPER_TOOLS_DIR = /Applications/Xcode.app/Contents/Developer/Tools
               DEVELOPER_USR_DIR = /Applications/Xcode.app/Contents/Developer/usr
               DEVELOPMENT_LANGUAGE = en
               DIAGNOSE_MISSING_TARGET_DEPENDENCIES = YES
               DIFF = /usr/bin/diff
               DOCUMENTATION_FOLDER_PATH = GoogleUtilities_Privacy.bundle/en.lproj/Documentation
               DONT_GENERATE_INFOPLIST_FILE = NO
               DSTROOT = /tmp/Pods.dst
               DT_TOOLCHAIN_DIR = /Applications/Xcode.app/Contents/Developer/Toolchains/XcodeDefault.xctoolchain
               DWARF_DSYM_FILE_NAME = GoogleUtilities_Privacy.bundle.dSYM
               DWARF_DSYM_FILE_SHOULD_ACCOMPANY_PRODUCT = NO
               DWARF_DSYM_FOLDER_PATH = /Users/otislewis/arena/build/ios/Release-iphonesimulator/GoogleUtilities
               DYNAMIC_LIBRARY_EXTENSION = dylib
               EAGER_COMPILATION_ALLOW_SCRIPTS = NO
               EAGER_LINKING = NO
               EFFECTIVE_PLATFORM_NAME = -iphonesimulator
               EMBEDDED_CONTENT_CONTAINS_SWIFT = NO
               EMBED_ASSET_PACKS_IN_PRODUCT_BUNDLE = NO
               ENABLE_APP_SANDBOX = NO
               ENABLE_BITCODE = NO
               ENABLE_CODE_COVERAGE = YES
               ENABLE_DEFAULT_HEADER_SEARCH_PATHS = YES
               ENABLE_DEFAULT_SEARCH_PATHS = YES
               ENABLE_HARDENED_RUNTIME = NO
               ENABLE_HEADER_DEPENDENCIES = YES
               ENABLE_INCOMING_NETWORK_CONNECTIONS = NO
               ENABLE_NS_ASSERTIONS = NO
               ENABLE_ON_DEMAND_RESOURCES = NO
               ENABLE_OUTGOING_NETWORK_CONNECTIONS = NO
               ENABLE_RESOURCE_ACCESS_AUDIO_INPUT = NO
               ENABLE_RESOURCE_ACCESS_BLUETOOTH = NO
               ENABLE_RESOURCE_ACCESS_CALENDARS = NO
               ENABLE_RESOURCE_ACCESS_CAMERA = NO
               ENABLE_RESOURCE_ACCESS_CONTACTS = NO
               ENABLE_RESOURCE_ACCESS_LOCATION = NO
               ENABLE_RESOURCE_ACCESS_PRINTING = NO
               ENABLE_RESOURCE_ACCESS_USB = NO
               ENABLE_SDK_IMPORTS = NO
               ENABLE_STRICT_OBJC_MSGSEND = YES
               ENABLE_TESTABILITY = NO
               ENABLE_TESTING_SEARCH_PATHS = NO
               ENABLE_USER_SCRIPT_SANDBOXING = NO
               ENFORCE_VALID_ARCHS = YES
               ENTITLEMENTS_DESTINATION = __entitlements
               ENTITLEMENTS_REQUIRED = NO
               EXCLUDED_ARCHS = arm64
               EXCLUDED_INSTALLSRC_SUBDIRECTORY_PATTERNS = .DS_Store .svn .git .hg CVS
               EXCLUDED_RECURSIVE_SEARCH_PATH_SUBDIRECTORIES = *.nib *.lproj *.framework *.gch *.xcode* *.xcassets (*) .DS_Store CVS .svn .git .hg *.pbproj *.pbxproj
               EXECUTABLES_FOLDER_PATH = GoogleUtilities_Privacy.bundle/Executables
               EXECUTABLE_FOLDER_PATH = GoogleUtilities_Privacy.bundle
               EXECUTABLE_FOLDER_PATH_SHALLOW_BUNDLE_NO = GoogleUtilities_Privacy.bundle/MacOS
               EXECUTABLE_FOLDER_PATH_SHALLOW_BUNDLE_YES = GoogleUtilities_Privacy.bundle
               EXECUTABLE_NAME = GoogleUtilities_Privacy
               EXECUTABLE_PATH = GoogleUtilities_Privacy.bundle/GoogleUtilities_Privacy
               EXPANDED_CODE_SIGN_IDENTITY = -
               EXTENSIONS_FOLDER_PATH = GoogleUtilities_Privacy.bundle/Extensions
               FILE_LIST = /Users/otislewis/arena/build/ios/Pods.build/Release-iphonesimulator/GoogleUtilities-GoogleUtilities_Privacy.build/Objects/LinkFileList
               FIXED_FILES_DIR = /Users/otislewis/arena/build/ios/Pods.build/Release-iphonesimulator/GoogleUtilities-GoogleUtilities_Privacy.build/FixedFiles
               FRAMEWORKS_FOLDER_PATH = GoogleUtilities_Privacy.bundle/Frameworks
               FRAMEWORK_FLAG_PREFIX = -framework
               FRAMEWORK_SEARCH_PATHS = /Users/otislewis/arena/build/ios/Release-iphonesimulator/GoogleUtilities  "/Users/otislewis/arena/build/ios/Release-iphonesimulator/PromisesObjC"
               FRAMEWORK_VERSION = A
               FULL_PRODUCT_NAME = GoogleUtilities_Privacy.bundle
               FUSE_BUILD_PHASES = YES
               FUSE_BUILD_SCRIPT_PHASES = NO
               GCC3_VERSION = 3.3
               GCC_C_LANGUAGE_STANDARD = c99
               GCC_INLINES_ARE_PRIVATE_EXTERN = YES
               GCC_NO_COMMON_BLOCKS = YES
               GCC_OBJC_LEGACY_DISPATCH = YES
               GCC_PFE_FILE_C_DIALECTS = c objective-c c++ objective-c++
               GCC_PREPROCESSOR_DEFINITIONS = POD_CONFIGURATION_RELEASE=1  COCOAPODS=1
               GCC_TREAT_WARNINGS_AS_ERRORS = NO
               GCC_VERSION = com.apple.compilers.llvm.clang.1_0
               GCC_VERSION_IDENTIFIER = com_apple_compilers_llvm_clang_1_0
               GCC_WARN_64_TO_32_BIT_CONVERSION = YES
               GCC_WARN_ABOUT_RETURN_TYPE = YES_ERROR
               GCC_WARN_UNDECLARED_SELECTOR = YES
               GCC_WARN_UNINITIALIZED_AUTOS = YES_AGGRESSIVE
               GCC_WARN_UNUSED_FUNCTION = YES
               GCC_WARN_UNUSED_VARIABLE = YES
               GENERATED_MODULEMAP_DIR = /Users/otislewis/arena/build/ios/GeneratedModuleMaps-iphonesimulator
               GENERATE_INFOPLIST_FILE = NO
               GENERATE_INTERMEDIATE_TEXT_BASED_STUBS = YES
               GENERATE_MASTER_OBJECT_FILE = NO
               GENERATE_PKGINFO_FILE = NO
               GENERATE_PROFILING_CODE = NO
               GENERATE_TEXT_BASED_STUBS = NO
               GID = 20
               GROUP = staff
               HEADERMAP_INCLUDES_FLAT_ENTRIES_FOR_TARGET_BEING_BUILT = YES
               HEADERMAP_INCLUDES_FRAMEWORK_ENTRIES_FOR_ALL_PRODUCT_TYPES = YES
               HEADERMAP_INCLUDES_FRAMEWORK_ENTRIES_FOR_TARGETS_NOT_BEING_BUILT = YES
               HEADERMAP_INCLUDES_NONPUBLIC_NONPRIVATE_HEADERS = YES
               HEADERMAP_INCLUDES_PROJECT_HEADERS = YES
               HEADERMAP_USES_FRAMEWORK_PREFIX_ENTRIES = YES
               HEADERMAP_USES_VFS = NO
               HEADER_SEARCH_PATHS = /Users/otislewis/arena/build/ios/Release-iphonesimulator/GoogleUtilities/include  "/Users/otislewis/arena/ios/Pods/GoogleUtilities"
               HIDE_BITCODE_SYMBOLS = YES
               HOME = /Users/otislewis
               HOST_ARCH = arm64
               HOST_PLATFORM = macosx
               IBSC_MODULE = GoogleUtilities
               ICONV = /usr/bin/iconv
               IMPLICIT_DEPENDENCY_DOMAIN = default
               INFOPLIST_ENABLE_CFBUNDLEICONS_MERGE = YES
               INFOPLIST_EXPAND_BUILD_SETTINGS = YES
               INFOPLIST_FILE = Target Support Files/GoogleUtilities/ResourceBundle-GoogleUtilities_Privacy-GoogleUtilities-Info.plist
               INFOPLIST_OUTPUT_FORMAT = binary
               INFOPLIST_PATH = GoogleUtilities_Privacy.bundle/Info.plist
               INFOPLIST_PREPROCESS = NO
               INFOSTRINGS_PATH = GoogleUtilities_Privacy.bundle/en.lproj/InfoPlist.strings
               INLINE_PRIVATE_FRAMEWORKS = NO
               INSTALLAPI_IGNORE_SKIP_INSTALL = YES
               INSTALLHDRS_COPY_PHASE = NO
               INSTALLHDRS_SCRIPT_PHASE = NO
               INSTALL_DIR = /tmp/Pods.dst
               INSTALL_GROUP = staff
               INSTALL_MODE_FLAG = u+w,go-w,a+rX
               INSTALL_OWNER = otislewis
               INSTALL_ROOT = /tmp/Pods.dst
               IPHONEOS_DEPLOYMENT_TARGET = 13.0
               IS_UNOPTIMIZED_BUILD = NO
               JAVAC_DEFAULT_FLAGS = -J-Xms64m -J-XX:NewSize=4M -J-Dfile.encoding=UTF8
               JAVA_APP_STUB = /System/Library/Frameworks/JavaVM.framework/Resources/MacOS/JavaApplicationStub
               JAVA_ARCHIVE_CLASSES = YES
               JAVA_ARCHIVE_TYPE = JAR
               JAVA_COMPILER = /usr/bin/javac
               JAVA_FOLDER_PATH = GoogleUtilities_Privacy.bundle/Java
               JAVA_FRAMEWORK_RESOURCES_DIRS = Resources
               JAVA_JAR_FLAGS = cv
               JAVA_SOURCE_SUBDIR = .
               JAVA_USE_DEPENDENCIES = YES
               JAVA_ZIP_FLAGS = -urg
               JIKES_DEFAULT_FLAGS = +E +OLDCSO
               KEEP_PRIVATE_EXTERNS = NO
               LD_DEPENDENCY_INFO_FILE = /Users/otislewis/arena/build/ios/Pods.build/Release-iphonesimulator/GoogleUtilities-GoogleUtilities_Privacy.build/Objects-normal/undefined_arch/GoogleUtilities_Privacy_dependency_info.dat
               LD_EXPORT_SYMBOLS = YES
               LD_GENERATE_MAP_FILE = NO
               LD_MAP_FILE_PATH = /Users/otislewis/arena/build/ios/Pods.build/Release-iphonesimulator/GoogleUtilities-GoogleUtilities_Privacy.build/GoogleUtilities_Privacy-LinkMap-normal-undefined_arch.txt
               LD_NO_PIE = NO
               LD_QUOTE_LINKER_ARGUMENTS_FOR_COMPILER_DRIVER = YES
               LD_SHARED_CACHE_ELIGIBLE = Automatic
               LD_WARN_DUPLICATE_LIBRARIES = NO
               LD_WARN_UNUSED_DYLIBS = NO
               LEGACY_DEVELOPER_DIR = /Applications/Xcode.app/Contents/PlugIns/Xcode3Core.ideplugin/Contents/SharedSupport/Developer
               LEX = lex
               LIBRARY_DEXT_INSTALL_PATH = /Library/DriverExtensions
               LIBRARY_FLAG_NOSPACE = YES
               LIBRARY_FLAG_PREFIX = -l
               LIBRARY_KEXT_INSTALL_PATH = /Library/Extensions
               LIBRARY_SEARCH_PATHS = /Users/otislewis/arena/build/ios/Release-iphonesimulator/GoogleUtilities 
               LINKER_DISPLAYS_MANGLED_NAMES = NO
               LINK_OBJC_RUNTIME = YES
               LINK_WITH_STANDARD_LIBRARIES = YES
               LLVM_TARGET_TRIPLE_OS_VERSION = ios13.0
               LLVM_TARGET_TRIPLE_SUFFIX = -simulator
               LLVM_TARGET_TRIPLE_VENDOR = apple
               LOCALIZATION_EXPORT_SUPPORTED = YES
               LOCALIZATION_PREFERS_STRING_CATALOGS = NO
               LOCALIZED_RESOURCES_FOLDER_PATH = GoogleUtilities_Privacy.bundle/en.lproj
               LOCALIZED_STRING_MACRO_NAMES = NSLocalizedString CFCopyLocalizedString
               LOCALIZED_STRING_SWIFTUI_SUPPORT = YES
               LOCAL_ADMIN_APPS_DIR = /Applications/Utilities
               LOCAL_APPS_DIR = /Applications
               LOCAL_DEVELOPER_DIR = /Library/Developer
               LOCAL_LIBRARY_DIR = /Library
               LOCROOT = /Users/otislewis/arena/ios/Pods
               LOCSYMROOT = /Users/otislewis/arena/ios/Pods
               MACH_O_TYPE = mh_bundle
               MAC_OS_X_PRODUCT_BUILD_VERSION = 24F74
               MAC_OS_X_VERSION_ACTUAL = 150500
               MAC_OS_X_VERSION_MAJOR = 150000
               MAC_OS_X_VERSION_MINOR = 150500
               MAKE_MERGEABLE = NO
               MERGEABLE_LIBRARY = NO
               MERGED_BINARY_TYPE = none
               MERGE_LINKED_LIBRARIES = NO
               METAL_LIBRARY_FILE_BASE = default
               METAL_LIBRARY_OUTPUT_DIR = /Users/otislewis/arena/build/ios/Release-iphonesimulator/GoogleUtilities/GoogleUtilities_Privacy.bundle
               MODULES_FOLDER_PATH = GoogleUtilities_Privacy.bundle/Modules
               MTL_ENABLE_DEBUG_INFO = NO
               MTL_FAST_MATH = YES
               NATIVE_ARCH = arm64
               NATIVE_ARCH_32_BIT = arm
               NATIVE_ARCH_64_BIT = arm64
               NATIVE_ARCH_ACTUAL = arm64
               NO_COMMON = YES
               OBJC_ABI_VERSION = 2
               OBJECT_FILE_DIR = /Users/otislewis/arena/build/ios/Pods.build/Release-iphonesimulator/GoogleUtilities-GoogleUtilities_Privacy.build/Objects
               OBJECT_FILE_DIR_normal = /Users/otislewis/arena/build/ios/Pods.build/Release-iphonesimulator/GoogleUtilities-GoogleUtilities_Privacy.build/Objects-normal
               OBJROOT = /Users/otislewis/arena/build/ios
               ONLY_ACTIVE_ARCH = NO
               OS = MACOS
               OSAC = /usr/bin/osacompile
               OTHER_LDFLAGS =  -l"z" -framework "FBLPromises" -framework "Security" -framework "SystemConfiguration"
               PACKAGE_TYPE = com.apple.package-type.wrapper
               PASCAL_STRINGS = YES
               PATH = /Applications/Xcode.app/Contents/SharedFrameworks/SwiftBuild.framework/Versions/A/PlugIns/SWBBuildService.bundle/Contents/PlugIns/SWBUniversalPlatformPlugin.bundle/Contents/Frameworks/SWBUniversalPlatform.framework/Resources:/Applications/Xcode.app/Contents/Developer/Toolchains/XcodeDefault.xctoolchain/usr/bin:/Applications/Xcode.app/Contents/Developer/Toolchains/XcodeDefault.xctoolchain/usr/local/bin:/Applications/Xcode.app/Contents/Developer/Toolchains/XcodeDefault.xctoolchain/usr/libexec:/Applications/Xcode.app/Contents/Developer/Platforms/iPhoneSimulator.platform/usr/bin:/Applications/Xcode.app/Contents/Developer/Platforms/iPhoneSimulator.platform/usr/local/bin:/Applications/Xcode.app/Contents/Developer/Platforms/iPhoneSimulator.platform/Developer/usr/bin:/Applications/Xcode.app/Contents/Developer/Platforms/iPhoneSimulator.platform/Developer/usr/local/bin:/Applications/Xcode.app/Contents/Developer/usr/bin:/Applications/Xcode.app/Contents/Developer/usr/local/bin:/Users/otislewis/.gem/ruby/3.3.0/bin:/opt/homebrew/bin:/opt/homebrew/sbin:/usr/local/bin:/System/Cryptexes/App/usr/bin:/usr/bin:/bin:/usr/sbin:/sbin:/var/run/com.apple.security.cryptexd/codex.system/bootstrap/usr/local/bin:/var/run/com.apple.security.cryptexd/codex.system/bootstrap/usr/bin:/var/run/com.apple.security.cryptexd/codex.system/bootstrap/usr/appleinternal/bin:/Library/Apple/usr/bin:/opt/homebrew/Caskroom/flutter/3.32.0/flutter/bin:/Users/otislewis/Library/Android/sdk/emulator:/Users/otislewis/Library/Android/sdk/tools:/Users/otislewis/Library/Android/sdk/tools/bin:/Users/otislewis/Library/Android/sdk/platform-tools:/opt/homebrew/Caskroom/flutter/3.32.0/flutter/bin/cache/dart-sdk/bin
               PATH_PREFIXES_EXCLUDED_FROM_HEADER_DEPENDENCIES = /usr/include /usr/local/include /System/Library/Frameworks /System/Library/PrivateFrameworks /Applications/Xcode.app/Contents/Developer/Headers /Applications/Xcode.app/Contents/Developer/SDKs /Applications/Xcode.app/Contents/Developer/Platforms
               PBDEVELOPMENTPLIST_PATH = GoogleUtilities_Privacy.bundle/pbdevelopment.plist
               PER_ARCH_MODULE_FILE_DIR = /Users/otislewis/arena/build/ios/Pods.build/Release-iphonesimulator/GoogleUtilities-GoogleUtilities_Privacy.build/Objects-normal/undefined_arch
               PER_ARCH_OBJECT_FILE_DIR = /Users/otislewis/arena/build/ios/Pods.build/Release-iphonesimulator/GoogleUtilities-GoogleUtilities_Privacy.build/Objects-normal/undefined_arch
               PER_VARIANT_OBJECT_FILE_DIR = /Users/otislewis/arena/build/ios/Pods.build/Release-iphonesimulator/GoogleUtilities-GoogleUtilities_Privacy.build/Objects-normal
               PKGINFO_FILE_PATH = /Users/otislewis/arena/build/ios/Pods.build/Release-iphonesimulator/GoogleUtilities-GoogleUtilities_Privacy.build/PkgInfo
               PKGINFO_PATH = GoogleUtilities_Privacy.bundle/PkgInfo
               PLATFORM_DEVELOPER_APPLICATIONS_DIR = /Applications/Xcode.app/Contents/Developer/Platforms/iPhoneSimulator.platform/Developer/Applications
               PLATFORM_DEVELOPER_BIN_DIR = /Applications/Xcode.app/Contents/Developer/Platforms/iPhoneSimulator.platform/Developer/usr/bin
               PLATFORM_DEVELOPER_LIBRARY_DIR = /Applications/Xcode.app/Contents/Developer/Platforms/iPhoneSimulator.platform/Developer/Library
               PLATFORM_DEVELOPER_SDK_DIR = /Applications/Xcode.app/Contents/Developer/Platforms/iPhoneSimulator.platform/Developer/SDKs
               PLATFORM_DEVELOPER_TOOLS_DIR = /Applications/Xcode.app/Contents/Developer/Platforms/iPhoneSimulator.platform/Developer/Tools
               PLATFORM_DEVELOPER_USR_DIR = /Applications/Xcode.app/Contents/Developer/Platforms/iPhoneSimulator.platform/Developer/usr
               PLATFORM_DIR = /Applications/Xcode.app/Contents/Developer/Platforms/iPhoneSimulator.platform
               PLATFORM_DISPLAY_NAME = iOS Simulator
               PLATFORM_FAMILY_NAME = iOS
               PLATFORM_NAME = iphonesimulator
               PLATFORM_PREFERRED_ARCH = x86_64
               PLATFORM_PRODUCT_BUILD_VERSION = 22E235
               PLATFORM_REQUIRES_SWIFT_AUTOLINK_EXTRACT = NO
               PLATFORM_REQUIRES_SWIFT_MODULEWRAP = NO
               PLIST_FILE_OUTPUT_FORMAT = binary
               PLUGINS_FOLDER_PATH = GoogleUtilities_Privacy.bundle/PlugIns
               PODS_BUILD_DIR = /Users/otislewis/arena/build/ios
               PODS_CONFIGURATION_BUILD_DIR = /Users/otislewis/arena/build/ios/Release-iphonesimulator
               PODS_DEVELOPMENT_LANGUAGE = en
               PODS_ROOT = /Users/otislewis/arena/ios/Pods
               PODS_TARGET_SRCROOT = /Users/otislewis/arena/ios/Pods/GoogleUtilities
               PODS_XCFRAMEWORKS_BUILD_DIR = /Users/otislewis/arena/build/ios/Release-iphonesimulator/XCFrameworkIntermediates
               PRECOMPS_INCLUDE_HEADERS_FROM_BUILT_PRODUCTS_DIR = YES
               PRECOMP_DESTINATION_DIR = /Users/otislewis/arena/build/ios/Pods.build/Release-iphonesimulator/GoogleUtilities-GoogleUtilities_Privacy.build/PrefixHeaders
               PRIVATE_HEADERS_FOLDER_PATH = GoogleUtilities_Privacy.bundle/PrivateHeaders
               PROCESSED_INFOPLIST_PATH = /Users/otislewis/arena/build/ios/Pods.build/Release-iphonesimulator/GoogleUtilities-GoogleUtilities_Privacy.build/Objects-normal/undefined_arch/Processed-Info.plist
               PRODUCT_BUNDLE_IDENTIFIER = org.cocoapods.GoogleUtilities-Privacy
               PRODUCT_BUNDLE_PACKAGE_TYPE = BNDL
               PRODUCT_MODULE_NAME = GoogleUtilities_Privacy
               PRODUCT_NAME = GoogleUtilities_Privacy
               PRODUCT_SETTINGS_PATH = /Users/otislewis/arena/ios/Pods/Target Support Files/GoogleUtilities/ResourceBundle-GoogleUtilities_Privacy-GoogleUtilities-Info.plist
               PRODUCT_TYPE = com.apple.product-type.bundle
               PROFILING_CODE = NO
               PROJECT = Pods
               PROJECT_DERIVED_FILE_DIR = /Users/otislewis/arena/build/ios/Pods.build/DerivedSources
               PROJECT_DIR = /Users/otislewis/arena/ios/Pods
               PROJECT_FILE_PATH = /Users/otislewis/arena/ios/Pods/Pods.xcodeproj
               PROJECT_GUID = bfdfe7dc352907fc980b868725387e98
               PROJECT_NAME = Pods
               PROJECT_TEMP_DIR = /Users/otislewis/arena/build/ios/Pods.build
               PROJECT_TEMP_ROOT = /Users/otislewis/arena/build/ios
               PUBLIC_HEADERS_FOLDER_PATH = GoogleUtilities_Privacy.bundle/Headers
               RECOMMENDED_IPHONEOS_DEPLOYMENT_TARGET = 15.0
               RECURSIVE_SEARCH_PATHS_FOLLOW_SYMLINKS = YES
               REMOVE_CVS_FROM_RESOURCES = YES
               REMOVE_GIT_FROM_RESOURCES = YES
               REMOVE_HEADERS_FROM_EMBEDDED_BUNDLES = YES
               REMOVE_HG_FROM_RESOURCES = YES
               REMOVE_STATIC_EXECUTABLES_FROM_EMBEDDED_BUNDLES = YES
               REMOVE_SVN_FROM_RESOURCES = YES
               RESCHEDULE_INDEPENDENT_HEADERS_PHASES = YES
               REZ_COLLECTOR_DIR = /Users/otislewis/arena/build/ios/Pods.build/Release-iphonesimulator/GoogleUtilities-GoogleUtilities_Privacy.build/ResourceManagerResources
               REZ_OBJECTS_DIR = /Users/otislewis/arena/build/ios/Pods.build/Release-iphonesimulator/GoogleUtilities-GoogleUtilities_Privacy.build/ResourceManagerResources/Objects
               REZ_SEARCH_PATHS = /Users/otislewis/arena/build/ios/Release-iphonesimulator/GoogleUtilities 
               SCAN_ALL_SOURCE_FILES_FOR_INCLUDES = NO
               SCRIPTS_FOLDER_PATH = GoogleUtilities_Privacy.bundle/Scripts
               SDKROOT = /Applications/Xcode.app/Contents/Developer/Platforms/iPhoneSimulator.platform/Developer/SDKs/iPhoneSimulator18.4.sdk
               SDK_DIR = /Applications/Xcode.app/Contents/Developer/Platforms/iPhoneSimulator.platform/Developer/SDKs/iPhoneSimulator18.4.sdk
               SDK_DIR_iphonesimulator = /Applications/Xcode.app/Contents/Developer/Platforms/iPhoneSimulator.platform/Developer/SDKs/iPhoneSimulator18.4.sdk
               SDK_DIR_iphonesimulator18_4 = /Applications/Xcode.app/Contents/Developer/Platforms/iPhoneSimulator.platform/Developer/SDKs/iPhoneSimulator18.4.sdk
               SDK_NAME = iphonesimulator18.4
               SDK_NAMES = iphonesimulator18.4
               SDK_PRODUCT_BUILD_VERSION = 22E235
               SDK_STAT_CACHE_DIR = /var/folders/4y/xy3fflts0nqfk1tsxg0t3mmr0000gn/C/com.apple.DeveloperTools/16.3-16E140/Xcode
               SDK_STAT_CACHE_ENABLE = YES
               SDK_STAT_CACHE_PATH = /var/folders/4y/xy3fflts0nqfk1tsxg0t3mmr0000gn/C/com.apple.DeveloperTools/16.3-16E140/Xcode/SDKStatCaches.noindex/iphonesimulator18.4-22E235-71825a6d136aa4733edcbe86ece5525b.sdkstatcache
               SDK_VERSION = 18.4
               SDK_VERSION_ACTUAL = 180400
               SDK_VERSION_MAJOR = 180000
               SDK_VERSION_MINOR = 180400
               SED = /usr/bin/sed
               SEPARATE_STRIP = NO
               SEPARATE_SYMBOL_EDIT = NO
               SET_DIR_MODE_OWNER_GROUP = YES
               SET_FILE_MODE_OWNER_GROUP = NO
               SHALLOW_BUNDLE = YES
               SHALLOW_BUNDLE_TRIPLE = ios-simulator
               SHALLOW_BUNDLE_ios_macabi = NO
               SHALLOW_BUNDLE_macos = NO
               SHARED_DERIVED_FILE_DIR = /Users/otislewis/arena/build/ios/Release-iphonesimulator/GoogleUtilities/DerivedSources
               SHARED_FRAMEWORKS_FOLDER_PATH = GoogleUtilities_Privacy.bundle/SharedFrameworks
               SHARED_PRECOMPS_DIR = /Users/otislewis/arena/build/ios/SharedPrecompiledHeaders
               SHARED_SUPPORT_FOLDER_PATH = GoogleUtilities_Privacy.bundle/SharedSupport
               SKIP_INSTALL = YES
               SOURCE_ROOT = /Users/otislewis/arena/ios/Pods
               SRCROOT = /Users/otislewis/arena/ios/Pods
               STRINGSDATA_DIR = /Users/otislewis/arena/build/ios/Pods.build/Release-iphonesimulator/GoogleUtilities-GoogleUtilities_Privacy.build/Objects-normal/undefined_arch
               STRINGSDATA_ROOT = /Users/otislewis/arena/build/ios/Pods.build/Release-iphonesimulator/GoogleUtilities-GoogleUtilities_Privacy.build
               STRINGS_FILE_INFOPLIST_RENAME = YES
               STRINGS_FILE_OUTPUT_ENCODING = binary
               STRIP_BITCODE_FROM_COPIED_FILES = NO
               STRIP_INSTALLED_PRODUCT = NO
               STRIP_STYLE = non-global
               STRIP_SWIFT_SYMBOLS = YES
               SUPPORTED_DEVICE_FAMILIES = 1,2
               SUPPORTED_PLATFORMS = iphoneos iphonesimulator
               SUPPORTS_TEXT_BASED_API = NO
               SUPPRESS_WARNINGS = NO
               SWIFT_COMPILATION_MODE = wholemodule
               SWIFT_EMIT_LOC_STRINGS = NO
               SWIFT_OPTIMIZATION_LEVEL = -O
               SWIFT_PLATFORM_TARGET_PREFIX = ios
               SWIFT_VERSION = 5.0
               SYMROOT = /Users/otislewis/arena/ios/build
               SYSTEM_ADMIN_APPS_DIR = /Applications/Utilities
               SYSTEM_APPS_DIR = /Applications
               SYSTEM_CORE_SERVICES_DIR = /System/Library/CoreServices
               SYSTEM_DEMOS_DIR = /Applications/Extras
               SYSTEM_DEVELOPER_APPS_DIR = /Applications/Xcode.app/Contents/Developer/Applications
               SYSTEM_DEVELOPER_BIN_DIR = /Applications/Xcode.app/Contents/Developer/usr/bin
               SYSTEM_DEVELOPER_DEMOS_DIR = /Applications/Xcode.app/Contents/Developer/Applications/Utilities/Built Examples
               SYSTEM_DEVELOPER_DIR = /Applications/Xcode.app/Contents/Developer
               SYSTEM_DEVELOPER_DOC_DIR = /Applications/Xcode.app/Contents/Developer/ADC Reference Library
               SYSTEM_DEVELOPER_GRAPHICS_TOOLS_DIR = /Applications/Xcode.app/Contents/Developer/Applications/Graphics Tools
               SYSTEM_DEVELOPER_JAVA_TOOLS_DIR = /Applications/Xcode.app/Contents/Developer/Applications/Java Tools
               SYSTEM_DEVELOPER_PERFORMANCE_TOOLS_DIR = /Applications/Xcode.app/Contents/Developer/Applications/Performance Tools
               SYSTEM_DEVELOPER_RELEASENOTES_DIR = /Applications/Xcode.app/Contents/Developer/ADC Reference Library/releasenotes
               SYSTEM_DEVELOPER_TOOLS = /Applications/Xcode.app/Contents/Developer/Tools
               SYSTEM_DEVELOPER_TOOLS_DOC_DIR = /Applications/Xcode.app/Contents/Developer/ADC Reference Library/documentation/DeveloperTools
               SYSTEM_DEVELOPER_TOOLS_RELEASENOTES_DIR = /Applications/Xcode.app/Contents/Developer/ADC Reference Library/releasenotes/DeveloperTools
               SYSTEM_DEVELOPER_USR_DIR = /Applications/Xcode.app/Contents/Developer/usr
               SYSTEM_DEVELOPER_UTILITIES_DIR = /Applications/Xcode.app/Contents/Developer/Applications/Utilities
               SYSTEM_DEXT_INSTALL_PATH = /System/Library/DriverExtensions
               SYSTEM_DOCUMENTATION_DIR = /Library/Documentation
               SYSTEM_EXTENSIONS_FOLDER_PATH = GoogleUtilities_Privacy.bundle/SystemExtensions
               SYSTEM_EXTENSIONS_FOLDER_PATH_SHALLOW_BUNDLE_NO = GoogleUtilities_Privacy.bundle/Library/SystemExtensions
               SYSTEM_EXTENSIONS_FOLDER_PATH_SHALLOW_BUNDLE_YES = GoogleUtilities_Privacy.bundle/SystemExtensions
               SYSTEM_KEXT_INSTALL_PATH = /System/Library/Extensions
               SYSTEM_LIBRARY_DIR = /System/Library
               TAPI_DEMANGLE = YES
               TAPI_ENABLE_PROJECT_HEADERS = NO
               TAPI_LANGUAGE = objective-c
               TAPI_LANGUAGE_STANDARD = compiler-default
               TAPI_USE_SRCROOT = YES
               TAPI_VERIFY_MODE = Pedantic
               TARGETED_DEVICE_FAMILY = 1,2
               TARGETNAME = GoogleUtilities-GoogleUtilities_Privacy
               TARGET_BUILD_DIR = /Users/otislewis/arena/build/ios/Release-iphonesimulator/GoogleUtilities
               TARGET_NAME = GoogleUtilities-GoogleUtilities_Privacy
               TARGET_TEMP_DIR = /Users/otislewis/arena/build/ios/Pods.build/Release-iphonesimulator/GoogleUtilities-GoogleUtilities_Privacy.build
               TEMP_DIR = /Users/otislewis/arena/build/ios/Pods.build/Release-iphonesimulator/GoogleUtilities-GoogleUtilities_Privacy.build
               TEMP_FILES_DIR = /Users/otislewis/arena/build/ios/Pods.build/Release-iphonesimulator/GoogleUtilities-GoogleUtilities_Privacy.build
               TEMP_FILE_DIR = /Users/otislewis/arena/build/ios/Pods.build/Release-iphonesimulator/GoogleUtilities-GoogleUtilities_Privacy.build
               TEMP_ROOT = /Users/otislewis/arena/build/ios
               TEMP_SANDBOX_DIR = /Users/otislewis/arena/build/ios/TemporaryTaskSandboxes
               TEST_FRAMEWORK_SEARCH_PATHS =  /Applications/Xcode.app/Contents/Developer/Platforms/iPhoneSimulator.platform/Developer/Library/Frameworks /Applications/Xcode.app/Contents/Developer/Platforms/iPhoneSimulator.platform/Developer/SDKs/iPhoneSimulator18.4.sdk/Developer/Library/Frameworks
               TEST_LIBRARY_SEARCH_PATHS =  /Applications/Xcode.app/Contents/Developer/Platforms/iPhoneSimulator.platform/Developer/usr/lib
               TOOLCHAINS = com.apple.dt.toolchain.XcodeDefault
               TOOLCHAIN_DIR = /Applications/Xcode.app/Contents/Developer/Toolchains/XcodeDefault.xctoolchain
               TREAT_MISSING_BASELINES_AS_TEST_FAILURES = NO
               TREAT_MISSING_SCRIPT_PHASE_OUTPUTS_AS_ERRORS = NO
               UID = 501
               UNINSTALLED_PRODUCTS_DIR = /Users/otislewis/arena/build/ios/UninstalledProducts
               UNLOCALIZED_RESOURCES_FOLDER_PATH = GoogleUtilities_Privacy.bundle
               UNLOCALIZED_RESOURCES_FOLDER_PATH_SHALLOW_BUNDLE_NO = GoogleUtilities_Privacy.bundle/Resources
               UNLOCALIZED_RESOURCES_FOLDER_PATH_SHALLOW_BUNDLE_YES = GoogleUtilities_Privacy.bundle
               UNSTRIPPED_PRODUCT = NO
               USER = otislewis
               USER_APPS_DIR = /Users/otislewis/Applications
               USER_LIBRARY_DIR = /Users/otislewis/Library
               USE_DYNAMIC_NO_PIC = YES
               USE_HEADERMAP = YES
               USE_HEADER_SYMLINKS = NO
               USE_RECURSIVE_SCRIPT_INPUTS_IN_SCRIPT_PHASES = YES
               VALIDATE_DEVELOPMENT_ASSET_PATHS = YES_ERROR
               VALIDATE_PRODUCT = NO
               VALID_ARCHS = arm64
               VERBOSE_PBXCP = NO
               VERSIONPLIST_PATH = GoogleUtilities_Privacy.bundle/version.plist
               VERSION_INFO_BUILDER = otislewis
               VERSION_INFO_FILE = GoogleUtilities_Privacy_vers.c
               VERSION_INFO_STRING = "@(#)PROGRAM:GoogleUtilities_Privacy  PROJECT:Pods-"
               WORKSPACE_DIR = /Users/otislewis/arena/ios/Pods/Pods.xcodeproj
               WRAPPER_EXTENSION = bundle
               WRAPPER_NAME = GoogleUtilities_Privacy.bundle
               WRAPPER_SUFFIX = .bundle
               WRAP_ASSET_PACKS_IN_SEPARATE_DIRECTORIES = NO
               XCODE_APP_SUPPORT_DIR = /Applications/Xcode.app/Contents/Developer/Library/Xcode
               XCODE_PRODUCT_BUILD_VERSION = 16E140
               XCODE_VERSION_ACTUAL = 1630
               XCODE_VERSION_MAJOR = 1600
               XCODE_VERSION_MINOR = 1630
               XPCSERVICES_FOLDER_PATH = GoogleUtilities_Privacy.bundle/XPCServices
               YACC = yacc
               _DISCOVER_COMMAND_LINE_LINKER_INPUTS = YES
               _DISCOVER_COMMAND_LINE_LINKER_INPUTS_INCLUDE_WL = YES
               _WRAPPER_CONTENTS_DIR_SHALLOW_BUNDLE_NO = /Contents
               _WRAPPER_PARENT_PATH_SHALLOW_BUNDLE_NO = /..
               _WRAPPER_RESOURCES_DIR_SHALLOW_BUNDLE_NO = /Resources
               __DIAGNOSE_DEPRECATED_ARCHS = YES
               arch = undefined_arch
               variant = normal

           Build settings for action build and target gRPC-C++:
               ACTION = build
               AD_HOC_CODE_SIGNING_ALLOWED = YES
               ALLOW_BUILD_REQUEST_OVERRIDES = NO
               ALLOW_TARGET_PLATFORM_SPECIALIZATION = NO
               ALTERNATE_GROUP = staff
               ALTERNATE_MODE = u+w,go-w,a+rX
               ALTERNATE_OWNER = otislewis
               ALTERNATIVE_DISTRIBUTION_WEB = NO
               ALWAYS_EMBED_SWIFT_STANDARD_LIBRARIES = NO
               ALWAYS_SEARCH_USER_PATHS = NO
               ALWAYS_USE_SEPARATE_HEADERMAPS = NO
               APPLICATION_EXTENSION_API_ONLY = NO
               APPLY_RULES_IN_COPY_FILES = NO
               APPLY_RULES_IN_COPY_HEADERS = NO
               APP_SHORTCUTS_ENABLE_FLEXIBLE_MATCHING = YES
               ARCHS_STANDARD = arm64 x86_64
               ARCHS_STANDARD_32_64_BIT = arm64 x86_64
               ARCHS_STANDARD_64_BIT = arm64 x86_64
               ARCHS_STANDARD_INCLUDING_64_BIT = arm64 x86_64
               ARCHS_UNIVERSAL_IPHONE_OS = arm64 x86_64
               AUTOMATICALLY_MERGE_DEPENDENCIES = NO
               AVAILABLE_PLATFORMS = android appletvos appletvsimulator driverkit iphoneos iphonesimulator macosx qnx watchos watchsimulator xros xrsimulator
               BITCODE_GENERATION_MODE = marker
               BUILD_ACTIVE_RESOURCES_ONLY = NO
               BUILD_COMPONENTS = headers build
               BUILD_DIR = /Users/otislewis/arena/build/ios
               BUILD_LIBRARY_FOR_DISTRIBUTION = NO
               BUILD_ROOT = /Users/otislewis/arena/ios/build
               BUILD_STYLE = 
               BUILD_VARIANTS = normal
               BUILT_PRODUCTS_DIR = /Users/otislewis/arena/build/ios/Release-iphonesimulator/gRPC-C++
               BUNDLE_CONTENTS_FOLDER_PATH_deep = Contents/
               BUNDLE_EXECUTABLE_FOLDER_NAME_deep = MacOS
               BUNDLE_EXTENSIONS_FOLDER_PATH = Extensions
               BUNDLE_FORMAT = shallow
               BUNDLE_FRAMEWORKS_FOLDER_PATH = Frameworks
               BUNDLE_PLUGINS_FOLDER_PATH = PlugIns
               BUNDLE_PRIVATE_HEADERS_FOLDER_PATH = PrivateHeaders
               BUNDLE_PUBLIC_HEADERS_FOLDER_PATH = Headers
               CACHE_ROOT = /var/folders/4y/xy3fflts0nqfk1tsxg0t3mmr0000gn/C/com.apple.DeveloperTools/16.3-16E140/Xcode
               CCHROOT = /var/folders/4y/xy3fflts0nqfk1tsxg0t3mmr0000gn/C/com.apple.DeveloperTools/16.3-16E140/Xcode
               CHMOD = /bin/chmod
               CHOWN = /usr/sbin/chown
               CLANG_ANALYZER_LOCALIZABILITY_NONLOCALIZED = YES
               CLANG_ANALYZER_NONNULL = YES
               CLANG_ANALYZER_NUMBER_OBJECT_CONVERSION = YES_AGGRESSIVE
               CLANG_CACHE_FINE_GRAINED_OUTPUTS = YES
               CLANG_CXX_LANGUAGE_STANDARD = c++14
               CLANG_CXX_LIBRARY = libc++
               CLANG_ENABLE_EXPLICIT_MODULES = YES
               CLANG_ENABLE_MODULES = YES
               CLANG_ENABLE_OBJC_ARC = YES
               CLANG_ENABLE_OBJC_WEAK = NO
               CLANG_MODULES_BUILD_SESSION_FILE = /var/folders/4y/xy3fflts0nqfk1tsxg0t3mmr0000gn/C/org.llvm.clang/ModuleCache.noindex/Session.modulevalidation
               CLANG_WARN_BLOCK_CAPTURE_AUTORELEASING = YES
               CLANG_WARN_BOOL_CONVERSION = YES
               CLANG_WARN_COMMA = YES
               CLANG_WARN_CONSTANT_CONVERSION = YES
               CLANG_WARN_DEPRECATED_OBJC_IMPLEMENTATIONS = YES
               CLANG_WARN_DIRECT_OBJC_ISA_USAGE = YES_ERROR
               CLANG_WARN_DOCUMENTATION_COMMENTS = NO
               CLANG_WARN_EMPTY_BODY = YES
               CLANG_WARN_ENUM_CONVERSION = YES
               CLANG_WARN_INFINITE_RECURSION = YES
               CLANG_WARN_INT_CONVERSION = YES
               CLANG_WARN_NON_LITERAL_NULL_CONVERSION = YES
               CLANG_WARN_OBJC_IMPLICIT_RETAIN_SELF = YES
               CLANG_WARN_OBJC_LITERAL_CONVERSION = YES
               CLANG_WARN_OBJC_ROOT_CLASS = YES_ERROR
               CLANG_WARN_QUOTED_INCLUDE_IN_FRAMEWORK_HEADER = NO
               CLANG_WARN_RANGE_LOOP_ANALYSIS = YES
               CLANG_WARN_STRICT_PROTOTYPES = NO
               CLANG_WARN_SUSPICIOUS_MOVE = YES
               CLANG_WARN_UNGUARDED_AVAILABILITY = YES_AGGRESSIVE
               CLANG_WARN_UNREACHABLE_CODE = YES
               CLANG_WARN__DUPLICATE_METHOD_MATCH = YES
               CLASS_FILE_DIR = /Users/otislewis/arena/build/ios/Pods.build/Release-iphonesimulator/gRPC-C++.build/JavaClasses
               CLEAN_PRECOMPS = YES
               CLONE_HEADERS = NO
               CODESIGNING_FOLDER_PATH = /Users/otislewis/arena/build/ios/Release-iphonesimulator/gRPC-C++/grpcpp.framework
               CODE_SIGNING_ALLOWED = YES
               CODE_SIGNING_REQUIRED = NO
               CODE_SIGNING_REQUIRES_TEAM = YES
               CODE_SIGN_CONTEXT_CLASS = XCiPhoneSimulatorCodeSignContext
               CODE_SIGN_IDENTITY = -
               CODE_SIGN_INJECT_BASE_ENTITLEMENTS = YES
               COLOR_DIAGNOSTICS = NO
               COMBINE_HIDPI_IMAGES = NO
               COMPILATION_CACHE_CAS_PATH = /var/folders/4y/xy3fflts0nqfk1tsxg0t3mmr0000gn/C/com.apple.DeveloperTools/16.3-16E140/Xcode/CompilationCache.noindex
               COMPILATION_CACHE_KEEP_CAS_DIRECTORY = YES
               COMPILER_INDEX_STORE_ENABLE = Default
               COMPOSITE_SDK_DIRS = /Users/otislewis/arena/build/ios/CompositeSDKs
               COMPRESS_PNG_FILES = YES
               CONFIGURATION = Release
               CONFIGURATION_BUILD_DIR = /Users/otislewis/arena/build/ios/Release-iphonesimulator/gRPC-C++
               CONFIGURATION_TEMP_DIR = /Users/otislewis/arena/build/ios/Pods.build/Release-iphonesimulator
               CONTENTS_FOLDER_PATH = grpcpp.framework
               CONTENTS_FOLDER_PATH_SHALLOW_BUNDLE_NO = grpcpp.framework/A
               CONTENTS_FOLDER_PATH_SHALLOW_BUNDLE_YES = grpcpp.framework
               COPYING_PRESERVES_HFS_DATA = NO
               COPY_HEADERS_RUN_UNIFDEF = NO
               COPY_PHASE_STRIP = NO
               CORRESPONDING_DEVICE_PLATFORM_DIR = /Applications/Xcode.app/Contents/Developer/Platforms/iPhoneOS.platform
               CORRESPONDING_DEVICE_PLATFORM_NAME = iphoneos
               CORRESPONDING_DEVICE_SDK_DIR = /Applications/Xcode.app/Contents/Developer/Platforms/iPhoneOS.platform/Developer/SDKs/iPhoneOS18.4.sdk
               CORRESPONDING_DEVICE_SDK_NAME = iphoneos18.4
               CP = /bin/cp
               CREATE_INFOPLIST_SECTION_IN_BINARY = NO
               CURRENT_ARCH = undefined_arch
               CURRENT_PROJECT_VERSION = 1
               CURRENT_VARIANT = normal
               CURRENT_VERSION = Current
               DEAD_CODE_STRIPPING = YES
               DEBUGGING_SYMBOLS = YES
               DEBUG_INFORMATION_FORMAT = dwarf-with-dsym
               DEBUG_INFORMATION_VERSION = compiler-default
               DEFAULT_COMPILER = com.apple.compilers.llvm.clang.1_0
               DEFAULT_DEXT_INSTALL_PATH = /System/Library/DriverExtensions
               DEFAULT_KEXT_INSTALL_PATH = /System/Library/Extensions
               DEFINES_MODULE = YES
               DEPLOYMENT_LOCATION = NO
               DEPLOYMENT_POSTPROCESSING = NO
               DEPLOYMENT_TARGET_SETTING_NAME = IPHONEOS_DEPLOYMENT_TARGET
               DEPLOYMENT_TARGET_SUGGESTED_VALUES = 12.0 12.1 12.2 12.3 12.4 13.0 13.1 13.2 13.3 13.4 13.5 13.6 14.0 14.1 14.2 14.3 14.4 14.5 14.6 14.7 15.0 15.1 15.2 15.3 15.4 15.5 15.6 16.0 16.1 16.2 16.3 16.4 16.5 16.6 17.0 17.1 17.2 17.3 17.4 17.5 17.6 18.0 18.1 18.2 18.3 18.4
               DERIVED_FILES_DIR = /Users/otislewis/arena/build/ios/Pods.build/Release-iphonesimulator/gRPC-C++.build/DerivedSources
               DERIVED_FILE_DIR = /Users/otislewis/arena/build/ios/Pods.build/Release-iphonesimulator/gRPC-C++.build/DerivedSources
               DERIVED_SOURCES_DIR = /Users/otislewis/arena/build/ios/Pods.build/Release-iphonesimulator/gRPC-C++.build/DerivedSources
               DEVELOPER_APPLICATIONS_DIR = /Applications/Xcode.app/Contents/Developer/Applications
               DEVELOPER_BIN_DIR = /Applications/Xcode.app/Contents/Developer/usr/bin
               DEVELOPER_DIR = /Applications/Xcode.app/Contents/Developer
               DEVELOPER_FRAMEWORKS_DIR = /Applications/Xcode.app/Contents/Developer/Library/Frameworks
               DEVELOPER_FRAMEWORKS_DIR_QUOTED = /Applications/Xcode.app/Contents/Developer/Library/Frameworks
               DEVELOPER_LIBRARY_DIR = /Applications/Xcode.app/Contents/Developer/Library
               DEVELOPER_SDK_DIR = /Applications/Xcode.app/Contents/Developer/Platforms/MacOSX.platform/Developer/SDKs
               DEVELOPER_TOOLS_DIR = /Applications/Xcode.app/Contents/Developer/Tools
               DEVELOPER_USR_DIR = /Applications/Xcode.app/Contents/Developer/usr
               DEVELOPMENT_LANGUAGE = en
               DIAGNOSE_MISSING_TARGET_DEPENDENCIES = YES
               DIFF = /usr/bin/diff
               DOCUMENTATION_FOLDER_PATH = grpcpp.framework/en.lproj/Documentation
               DONT_GENERATE_INFOPLIST_FILE = NO
               DSTROOT = /tmp/Pods.dst
               DT_TOOLCHAIN_DIR = /Applications/Xcode.app/Contents/Developer/Toolchains/XcodeDefault.xctoolchain
               DWARF_DSYM_FILE_NAME = grpcpp.framework.dSYM
               DWARF_DSYM_FILE_SHOULD_ACCOMPANY_PRODUCT = NO
               DWARF_DSYM_FOLDER_PATH = /Users/otislewis/arena/build/ios/Release-iphonesimulator/gRPC-C++
               DYLIB_COMPATIBILITY_VERSION = 1
               DYLIB_CURRENT_VERSION = 1
               DYLIB_INSTALL_NAME_BASE = @rpath
               DYNAMIC_LIBRARY_EXTENSION = dylib
               EAGER_COMPILATION_ALLOW_SCRIPTS = NO
               EAGER_LINKING = NO
               EFFECTIVE_PLATFORM_NAME = -iphonesimulator
               EMBEDDED_CONTENT_CONTAINS_SWIFT = NO
               EMBED_ASSET_PACKS_IN_PRODUCT_BUNDLE = NO
               ENABLE_APP_SANDBOX = NO
               ENABLE_BITCODE = NO
               ENABLE_CODE_COVERAGE = YES
               ENABLE_DEFAULT_HEADER_SEARCH_PATHS = YES
               ENABLE_DEFAULT_SEARCH_PATHS = YES
               ENABLE_HARDENED_RUNTIME = NO
               ENABLE_HEADER_DEPENDENCIES = YES
               ENABLE_INCOMING_NETWORK_CONNECTIONS = NO
               ENABLE_MODULE_VERIFIER = NO
               ENABLE_NS_ASSERTIONS = NO
               ENABLE_ON_DEMAND_RESOURCES = NO
               ENABLE_OUTGOING_NETWORK_CONNECTIONS = NO
               ENABLE_RESOURCE_ACCESS_AUDIO_INPUT = NO
               ENABLE_RESOURCE_ACCESS_BLUETOOTH = NO
               ENABLE_RESOURCE_ACCESS_CALENDARS = NO
               ENABLE_RESOURCE_ACCESS_CAMERA = NO
               ENABLE_RESOURCE_ACCESS_CONTACTS = NO
               ENABLE_RESOURCE_ACCESS_LOCATION = NO
               ENABLE_RESOURCE_ACCESS_PRINTING = NO
               ENABLE_RESOURCE_ACCESS_USB = NO
               ENABLE_SDK_IMPORTS = NO
               ENABLE_STRICT_OBJC_MSGSEND = YES
               ENABLE_TESTABILITY = NO
               ENABLE_TESTING_SEARCH_PATHS = NO
               ENABLE_USER_SCRIPT_SANDBOXING = NO
               ENFORCE_VALID_ARCHS = YES
               ENTITLEMENTS_DESTINATION = __entitlements
               ENTITLEMENTS_REQUIRED = NO
               EXCLUDED_ARCHS = arm64
               EXCLUDED_INSTALLSRC_SUBDIRECTORY_PATTERNS = .DS_Store .svn .git .hg CVS
               EXCLUDED_RECURSIVE_SEARCH_PATH_SUBDIRECTORIES = *.nib *.lproj *.framework *.gch *.xcode* *.xcassets (*) .DS_Store CVS .svn .git .hg *.pbproj *.pbxproj
               EXECUTABLES_FOLDER_PATH = grpcpp.framework/en.lproj
               EXECUTABLE_FOLDER_PATH = grpcpp.framework
               EXECUTABLE_FOLDER_PATH_SHALLOW_BUNDLE_NO = grpcpp.framework
               EXECUTABLE_FOLDER_PATH_SHALLOW_BUNDLE_YES = grpcpp.framework
               EXECUTABLE_NAME = grpcpp
               EXECUTABLE_PATH = grpcpp.framework/grpcpp
               EXTENSIONS_FOLDER_PATH = grpcpp.framework/Extensions
               FILE_LIST = /Users/otislewis/arena/build/ios/Pods.build/Release-iphonesimulator/gRPC-C++.build/Objects/LinkFileList
               FIXED_FILES_DIR = /Users/otislewis/arena/build/ios/Pods.build/Release-iphonesimulator/gRPC-C++.build/FixedFiles
               FRAMEWORKS_FOLDER_PATH = grpcpp.framework/Frameworks
               FRAMEWORK_FLAG_PREFIX = -framework
               FRAMEWORK_SEARCH_PATHS = /Users/otislewis/arena/build/ios/Release-iphonesimulator/gRPC-C++  "/Users/otislewis/arena/build/ios/Release-iphonesimulator/BoringSSL-GRPC" "/Users/otislewis/arena/build/ios/Release-iphonesimulator/abseil" "/Users/otislewis/arena/build/ios/Release-iphonesimulator/gRPC-Core"
               FRAMEWORK_VERSION = A
               FULL_PRODUCT_NAME = grpcpp.framework
               FUSE_BUILD_PHASES = YES
               FUSE_BUILD_SCRIPT_PHASES = NO
               GCC3_VERSION = 3.3
               GCC_C_LANGUAGE_STANDARD = gnu11
               GCC_INLINES_ARE_PRIVATE_EXTERN = YES
               GCC_NO_COMMON_BLOCKS = YES
               GCC_OBJC_LEGACY_DISPATCH = YES
               GCC_PFE_FILE_C_DIALECTS = c objective-c c++ objective-c++
               GCC_PREFIX_HEADER = Target Support Files/gRPC-C++/gRPC-C++-prefix.pch
               GCC_PREPROCESSOR_DEFINITIONS = POD_CONFIGURATION_RELEASE=1  COCOAPODS=1
               GCC_TREAT_WARNINGS_AS_ERRORS = NO
               GCC_VERSION = com.apple.compilers.llvm.clang.1_0
               GCC_VERSION_IDENTIFIER = com_apple_compilers_llvm_clang_1_0
               GCC_WARN_64_TO_32_BIT_CONVERSION = YES
               GCC_WARN_ABOUT_RETURN_TYPE = YES_ERROR
               GCC_WARN_UNDECLARED_SELECTOR = YES
               GCC_WARN_UNINITIALIZED_AUTOS = YES_AGGRESSIVE
               GCC_WARN_UNUSED_FUNCTION = YES
               GCC_WARN_UNUSED_VARIABLE = YES
               GENERATED_MODULEMAP_DIR = /Users/otislewis/arena/build/ios/GeneratedModuleMaps-iphonesimulator
               GENERATE_INFOPLIST_FILE = NO
               GENERATE_INTERMEDIATE_TEXT_BASED_STUBS = YES
               GENERATE_MASTER_OBJECT_FILE = NO
               GENERATE_PKGINFO_FILE = NO
               GENERATE_PROFILING_CODE = NO
               GENERATE_TEXT_BASED_STUBS = NO
               GID = 20
               GROUP = staff
               HEADERMAP_INCLUDES_FLAT_ENTRIES_FOR_TARGET_BEING_BUILT = YES
               HEADERMAP_INCLUDES_FRAMEWORK_ENTRIES_FOR_ALL_PRODUCT_TYPES = YES
               HEADERMAP_INCLUDES_FRAMEWORK_ENTRIES_FOR_TARGETS_NOT_BEING_BUILT = YES
               HEADERMAP_INCLUDES_NONPUBLIC_NONPRIVATE_HEADERS = YES
               HEADERMAP_INCLUDES_PROJECT_HEADERS = YES
               HEADERMAP_USES_FRAMEWORK_PREFIX_ENTRIES = YES
               HEADERMAP_USES_VFS = YES
               HEADER_SEARCH_PATHS = /Users/otislewis/arena/build/ios/Release-iphonesimulator/gRPC-C++/include "" "/Users/otislewis/arena/ios/Pods/gRPC-C++/include"
               HIDE_BITCODE_SYMBOLS = YES
               HOME = /Users/otislewis
               HOST_ARCH = arm64
               HOST_PLATFORM = macosx
               ICONV = /usr/bin/iconv
               IMPLICIT_DEPENDENCY_DOMAIN = default
               INFOPLIST_ENABLE_CFBUNDLEICONS_MERGE = YES
               INFOPLIST_EXPAND_BUILD_SETTINGS = YES
               INFOPLIST_FILE = Target Support Files/gRPC-C++/gRPC-C++-Info.plist
               INFOPLIST_OUTPUT_FORMAT = binary
               INFOPLIST_PATH = grpcpp.framework/Info.plist
               INFOPLIST_PREPROCESS = NO
               INFOSTRINGS_PATH = grpcpp.framework/en.lproj/InfoPlist.strings
               INLINE_PRIVATE_FRAMEWORKS = NO
               INSTALLAPI_IGNORE_SKIP_INSTALL = YES
               INSTALLHDRS_COPY_PHASE = NO
               INSTALLHDRS_SCRIPT_PHASE = NO
               INSTALL_DIR = /tmp/Pods.dst/Library/Frameworks
               INSTALL_GROUP = staff
               INSTALL_MODE_FLAG = u+w,go-w,a+rX
               INSTALL_OWNER = otislewis
               INSTALL_PATH = /Library/Frameworks
               INSTALL_ROOT = /tmp/Pods.dst
               IPHONEOS_DEPLOYMENT_TARGET = 13.0
               IS_UNOPTIMIZED_BUILD = NO
               JAVAC_DEFAULT_FLAGS = -J-Xms64m -J-XX:NewSize=4M -J-Dfile.encoding=UTF8
               JAVA_APP_STUB = /System/Library/Frameworks/JavaVM.framework/Resources/MacOS/JavaApplicationStub
               JAVA_ARCHIVE_CLASSES = YES
               JAVA_ARCHIVE_TYPE = JAR
               JAVA_COMPILER = /usr/bin/javac
               JAVA_FOLDER_PATH = grpcpp.framework/Java
               JAVA_FRAMEWORK_RESOURCES_DIRS = Resources
               JAVA_JAR_FLAGS = cv
               JAVA_SOURCE_SUBDIR = .
               JAVA_USE_DEPENDENCIES = YES
               JAVA_ZIP_FLAGS = -urg
               JIKES_DEFAULT_FLAGS = +E +OLDCSO
               KEEP_PRIVATE_EXTERNS = NO
               LD_DEPENDENCY_INFO_FILE = /Users/otislewis/arena/build/ios/Pods.build/Release-iphonesimulator/gRPC-C++.build/Objects-normal/undefined_arch/grpcpp_dependency_info.dat
               LD_DYLIB_INSTALL_NAME = @rpath/grpcpp.framework/grpcpp
               LD_EXPORT_SYMBOLS = YES
               LD_GENERATE_MAP_FILE = NO
               LD_MAP_FILE_PATH = /Users/otislewis/arena/build/ios/Pods.build/Release-iphonesimulator/gRPC-C++.build/grpcpp-LinkMap-normal-undefined_arch.txt
               LD_NO_PIE = NO
               LD_QUOTE_LINKER_ARGUMENTS_FOR_COMPILER_DRIVER = YES
               LD_RUNPATH_SEARCH_PATHS =  @executable_path/Frameworks @loader_path/Frameworks
               LD_SHARED_CACHE_ELIGIBLE = Automatic
               LD_WARN_DUPLICATE_LIBRARIES = NO
               LD_WARN_UNUSED_DYLIBS = NO
               LEGACY_DEVELOPER_DIR = /Applications/Xcode.app/Contents/PlugIns/Xcode3Core.ideplugin/Contents/SharedSupport/Developer
               LEX = lex
               LIBRARY_DEXT_INSTALL_PATH = /Library/DriverExtensions
               LIBRARY_FLAG_NOSPACE = YES
               LIBRARY_FLAG_PREFIX = -l
               LIBRARY_KEXT_INSTALL_PATH = /Library/Extensions
               LIBRARY_SEARCH_PATHS = /Users/otislewis/arena/build/ios/Release-iphonesimulator/gRPC-C++ 
               LINKER_DISPLAYS_MANGLED_NAMES = NO
               LINK_OBJC_RUNTIME = YES
               LINK_WITH_STANDARD_LIBRARIES = YES
               LLVM_TARGET_TRIPLE_OS_VERSION = ios13.0
               LLVM_TARGET_TRIPLE_SUFFIX = -simulator
               LLVM_TARGET_TRIPLE_VENDOR = apple
               LOCALIZATION_EXPORT_SUPPORTED = YES
               LOCALIZATION_PREFERS_STRING_CATALOGS = NO
               LOCALIZED_RESOURCES_FOLDER_PATH = grpcpp.framework/en.lproj
               LOCALIZED_STRING_MACRO_NAMES = NSLocalizedString CFCopyLocalizedString
               LOCALIZED_STRING_SWIFTUI_SUPPORT = YES
               LOCAL_ADMIN_APPS_DIR = /Applications/Utilities
               LOCAL_APPS_DIR = /Applications
               LOCAL_DEVELOPER_DIR = /Library/Developer
               LOCAL_LIBRARY_DIR = /Library
               LOCROOT = /Users/otislewis/arena/ios/Pods
               LOCSYMROOT = /Users/otislewis/arena/ios/Pods
               MACH_O_TYPE = mh_dylib
               MAC_OS_X_PRODUCT_BUILD_VERSION = 24F74
               MAC_OS_X_VERSION_ACTUAL = 150500
               MAC_OS_X_VERSION_MAJOR = 150000
               MAC_OS_X_VERSION_MINOR = 150500
               MAKE_MERGEABLE = NO
               MERGEABLE_LIBRARY = NO
               MERGED_BINARY_TYPE = none
               MERGE_LINKED_LIBRARIES = NO
               METAL_LIBRARY_FILE_BASE = default
               METAL_LIBRARY_OUTPUT_DIR = /Users/otislewis/arena/build/ios/Release-iphonesimulator/gRPC-C++/grpcpp.framework
               MODULEMAP_FILE = Target Support Files/gRPC-C++/gRPC-C++.modulemap
               MODULES_FOLDER_PATH = grpcpp.framework/Modules
               MTL_ENABLE_DEBUG_INFO = NO
               MTL_FAST_MATH = YES
               NATIVE_ARCH = arm64
               NATIVE_ARCH_32_BIT = arm
               NATIVE_ARCH_64_BIT = arm64
               NATIVE_ARCH_ACTUAL = arm64
               NO_COMMON = YES
               OBJC_ABI_VERSION = 2
               OBJECT_FILE_DIR = /Users/otislewis/arena/build/ios/Pods.build/Release-iphonesimulator/gRPC-C++.build/Objects
               OBJECT_FILE_DIR_normal = /Users/otislewis/arena/build/ios/Pods.build/Release-iphonesimulator/gRPC-C++.build/Objects-normal
               OBJROOT = /Users/otislewis/arena/build/ios
               ONLY_ACTIVE_ARCH = NO
               OS = MACOS
               OSAC = /usr/bin/osacompile
               OTHER_LDFLAGS =  -l"c++" -framework "absl" -framework "grpc"
               PACKAGE_TYPE = com.apple.package-type.wrapper.framework
               PASCAL_STRINGS = YES
               PATH = /Applications/Xcode.app/Contents/SharedFrameworks/SwiftBuild.framework/Versions/A/PlugIns/SWBBuildService.bundle/Contents/PlugIns/SWBUniversalPlatformPlugin.bundle/Contents/Frameworks/SWBUniversalPlatform.framework/Resources:/Applications/Xcode.app/Contents/Developer/Toolchains/XcodeDefault.xctoolchain/usr/bin:/Applications/Xcode.app/Contents/Developer/Toolchains/XcodeDefault.xctoolchain/usr/local/bin:/Applications/Xcode.app/Contents/Developer/Toolchains/XcodeDefault.xctoolchain/usr/libexec:/Applications/Xcode.app/Contents/Developer/Platforms/iPhoneSimulator.platform/usr/bin:/Applications/Xcode.app/Contents/Developer/Platforms/iPhoneSimulator.platform/usr/local/bin:/Applications/Xcode.app/Contents/Developer/Platforms/iPhoneSimulator.platform/Developer/usr/bin:/Applications/Xcode.app/Contents/Developer/Platforms/iPhoneSimulator.platform/Developer/usr/local/bin:/Applications/Xcode.app/Contents/Developer/usr/bin:/Applications/Xcode.app/Contents/Developer/usr/local/bin:/Users/otislewis/.gem/ruby/3.3.0/bin:/opt/homebrew/bin:/opt/homebrew/sbin:/usr/local/bin:/System/Cryptexes/App/usr/bin:/usr/bin:/bin:/usr/sbin:/sbin:/var/run/com.apple.security.cryptexd/codex.system/bootstrap/usr/local/bin:/var/run/com.apple.security.cryptexd/codex.system/bootstrap/usr/bin:/var/run/com.apple.security.cryptexd/codex.system/bootstrap/usr/appleinternal/bin:/Library/Apple/usr/bin:/opt/homebrew/Caskroom/flutter/3.32.0/flutter/bin:/Users/otislewis/Library/Android/sdk/emulator:/Users/otislewis/Library/Android/sdk/tools:/Users/otislewis/Library/Android/sdk/tools/bin:/Users/otislewis/Library/Android/sdk/platform-tools:/opt/homebrew/Caskroom/flutter/3.32.0/flutter/bin/cache/dart-sdk/bin
               PATH_PREFIXES_EXCLUDED_FROM_HEADER_DEPENDENCIES = /usr/include /usr/local/include /System/Library/Frameworks /System/Library/PrivateFrameworks /Applications/Xcode.app/Contents/Developer/Headers /Applications/Xcode.app/Contents/Developer/SDKs /Applications/Xcode.app/Contents/Developer/Platforms
               PBDEVELOPMENTPLIST_PATH = grpcpp.framework/pbdevelopment.plist
               PER_ARCH_MODULE_FILE_DIR = /Users/otislewis/arena/build/ios/Pods.build/Release-iphonesimulator/gRPC-C++.build/Objects-normal/undefined_arch
               PER_ARCH_OBJECT_FILE_DIR = /Users/otislewis/arena/build/ios/Pods.build/Release-iphonesimulator/gRPC-C++.build/Objects-normal/undefined_arch
               PER_VARIANT_OBJECT_FILE_DIR = /Users/otislewis/arena/build/ios/Pods.build/Release-iphonesimulator/gRPC-C++.build/Objects-normal
               PKGINFO_FILE_PATH = /Users/otislewis/arena/build/ios/Pods.build/Release-iphonesimulator/gRPC-C++.build/PkgInfo
               PKGINFO_PATH = grpcpp.framework/PkgInfo
               PLATFORM_DEVELOPER_APPLICATIONS_DIR = /Applications/Xcode.app/Contents/Developer/Platforms/iPhoneSimulator.platform/Developer/Applications
               PLATFORM_DEVELOPER_BIN_DIR = /Applications/Xcode.app/Contents/Developer/Platforms/iPhoneSimulator.platform/Developer/usr/bin
               PLATFORM_DEVELOPER_LIBRARY_DIR = /Applications/Xcode.app/Contents/Developer/Platforms/iPhoneSimulator.platform/Developer/Library
               PLATFORM_DEVELOPER_SDK_DIR = /Applications/Xcode.app/Contents/Developer/Platforms/iPhoneSimulator.platform/Developer/SDKs
               PLATFORM_DEVELOPER_TOOLS_DIR = /Applications/Xcode.app/Contents/Developer/Platforms/iPhoneSimulator.platform/Developer/Tools
               PLATFORM_DEVELOPER_USR_DIR = /Applications/Xcode.app/Contents/Developer/Platforms/iPhoneSimulator.platform/Developer/usr
               PLATFORM_DIR = /Applications/Xcode.app/Contents/Developer/Platforms/iPhoneSimulator.platform
               PLATFORM_DISPLAY_NAME = iOS Simulator
               PLATFORM_FAMILY_NAME = iOS
               PLATFORM_NAME = iphonesimulator
               PLATFORM_PREFERRED_ARCH = x86_64
               PLATFORM_PRODUCT_BUILD_VERSION = 22E235
               PLATFORM_REQUIRES_SWIFT_AUTOLINK_EXTRACT = NO
               PLATFORM_REQUIRES_SWIFT_MODULEWRAP = NO
               PLIST_FILE_OUTPUT_FORMAT = binary
               PLUGINS_FOLDER_PATH = grpcpp.framework/PlugIns
               PODS_BUILD_DIR = /Users/otislewis/arena/build/ios
               PODS_CONFIGURATION_BUILD_DIR = /Users/otislewis/arena/build/ios/Release-iphonesimulator
               PODS_DEVELOPMENT_LANGUAGE = en
               PODS_ROOT = /Users/otislewis/arena/ios/Pods
               PODS_TARGET_SRCROOT = /Users/otislewis/arena/ios/Pods/gRPC-C++
               PODS_XCFRAMEWORKS_BUILD_DIR = /Users/otislewis/arena/build/ios/Release-iphonesimulator/XCFrameworkIntermediates
               PRECOMPS_INCLUDE_HEADERS_FROM_BUILT_PRODUCTS_DIR = YES
               PRECOMP_DESTINATION_DIR = /Users/otislewis/arena/build/ios/Pods.build/Release-iphonesimulator/gRPC-C++.build/PrefixHeaders
               PRIVATE_HEADERS_FOLDER_PATH = grpcpp.framework/PrivateHeaders
               PROCESSED_INFOPLIST_PATH = /Users/otislewis/arena/build/ios/Pods.build/Release-iphonesimulator/gRPC-C++.build/Objects-normal/undefined_arch/Processed-Info.plist
               PRODUCT_BUNDLE_IDENTIFIER = org.cocoapods.grpcpp
               PRODUCT_BUNDLE_PACKAGE_TYPE = FMWK
               PRODUCT_MODULE_NAME = grpcpp
               PRODUCT_NAME = grpcpp
               PRODUCT_SETTINGS_PATH = /Users/otislewis/arena/ios/Pods/Target Support Files/gRPC-C++/gRPC-C++-Info.plist
               PRODUCT_TYPE = com.apple.product-type.framework
               PROFILING_CODE = NO
               PROJECT = Pods
               PROJECT_DERIVED_FILE_DIR = /Users/otislewis/arena/build/ios/Pods.build/DerivedSources
               PROJECT_DIR = /Users/otislewis/arena/ios/Pods
               PROJECT_FILE_PATH = /Users/otislewis/arena/ios/Pods/Pods.xcodeproj
               PROJECT_GUID = bfdfe7dc352907fc980b868725387e98
               PROJECT_NAME = Pods
               PROJECT_TEMP_DIR = /Users/otislewis/arena/build/ios/Pods.build
               PROJECT_TEMP_ROOT = /Users/otislewis/arena/build/ios
               PUBLIC_HEADERS_FOLDER_PATH = grpcpp.framework/Headers
               RECOMMENDED_IPHONEOS_DEPLOYMENT_TARGET = 15.0
               RECURSIVE_SEARCH_PATHS_FOLLOW_SYMLINKS = YES
               REMOVE_CVS_FROM_RESOURCES = YES
               REMOVE_GIT_FROM_RESOURCES = YES
               REMOVE_HEADERS_FROM_EMBEDDED_BUNDLES = YES
               REMOVE_HG_FROM_RESOURCES = YES
               REMOVE_STATIC_EXECUTABLES_FROM_EMBEDDED_BUNDLES = YES
               REMOVE_SVN_FROM_RESOURCES = YES
               RESCHEDULE_INDEPENDENT_HEADERS_PHASES = YES
               REZ_COLLECTOR_DIR = /Users/otislewis/arena/build/ios/Pods.build/Release-iphonesimulator/gRPC-C++.build/ResourceManagerResources
               REZ_OBJECTS_DIR = /Users/otislewis/arena/build/ios/Pods.build/Release-iphonesimulator/gRPC-C++.build/ResourceManagerResources/Objects
               REZ_SEARCH_PATHS = /Users/otislewis/arena/build/ios/Release-iphonesimulator/gRPC-C++ 
               SCAN_ALL_SOURCE_FILES_FOR_INCLUDES = NO
               SCRIPTS_FOLDER_PATH = grpcpp.framework/Scripts
               SDKROOT = /Applications/Xcode.app/Contents/Developer/Platforms/iPhoneSimulator.platform/Developer/SDKs/iPhoneSimulator18.4.sdk
               SDK_DIR = /Applications/Xcode.app/Contents/Developer/Platforms/iPhoneSimulator.platform/Developer/SDKs/iPhoneSimulator18.4.sdk
               SDK_DIR_iphonesimulator = /Applications/Xcode.app/Contents/Developer/Platforms/iPhoneSimulator.platform/Developer/SDKs/iPhoneSimulator18.4.sdk
               SDK_DIR_iphonesimulator18_4 = /Applications/Xcode.app/Contents/Developer/Platforms/iPhoneSimulator.platform/Developer/SDKs/iPhoneSimulator18.4.sdk
               SDK_NAME = iphonesimulator18.4
               SDK_NAMES = iphonesimulator18.4
               SDK_PRODUCT_BUILD_VERSION = 22E235
               SDK_STAT_CACHE_DIR = /var/folders/4y/xy3fflts0nqfk1tsxg0t3mmr0000gn/C/com.apple.DeveloperTools/16.3-16E140/Xcode
               SDK_STAT_CACHE_ENABLE = YES
               SDK_STAT_CACHE_PATH = /var/folders/4y/xy3fflts0nqfk1tsxg0t3mmr0000gn/C/com.apple.DeveloperTools/16.3-16E140/Xcode/SDKStatCaches.noindex/iphonesimulator18.4-22E235-71825a6d136aa4733edcbe86ece5525b.sdkstatcache
               SDK_VERSION = 18.4
               SDK_VERSION_ACTUAL = 180400
               SDK_VERSION_MAJOR = 180000
               SDK_VERSION_MINOR = 180400
               SED = /usr/bin/sed
               SEPARATE_STRIP = NO
               SEPARATE_SYMBOL_EDIT = NO
               SET_DIR_MODE_OWNER_GROUP = YES
               SET_FILE_MODE_OWNER_GROUP = NO
               SHALLOW_BUNDLE = YES
               SHALLOW_BUNDLE_TRIPLE = ios-simulator
               SHALLOW_BUNDLE_ios_macabi = NO
               SHALLOW_BUNDLE_macos = NO
               SHARED_DERIVED_FILE_DIR = /Users/otislewis/arena/build/ios/Release-iphonesimulator/gRPC-C++/DerivedSources
               SHARED_FRAMEWORKS_FOLDER_PATH = grpcpp.framework/SharedFrameworks
               SHARED_PRECOMPS_DIR = /Users/otislewis/arena/build/ios/SharedPrecompiledHeaders
               SHARED_SUPPORT_FOLDER_PATH = grpcpp.framework
               SKIP_INSTALL = YES
               SOURCE_ROOT = /Users/otislewis/arena/ios/Pods
               SRCROOT = /Users/otislewis/arena/ios/Pods
               STRINGSDATA_DIR = /Users/otislewis/arena/build/ios/Pods.build/Release-iphonesimulator/gRPC-C++.build/Objects-normal/undefined_arch
               STRINGSDATA_ROOT = /Users/otislewis/arena/build/ios/Pods.build/Release-iphonesimulator/gRPC-C++.build
               STRINGS_FILE_INFOPLIST_RENAME = YES
               STRINGS_FILE_OUTPUT_ENCODING = binary
               STRIP_BITCODE_FROM_COPIED_FILES = NO
               STRIP_INSTALLED_PRODUCT = NO
               STRIP_STYLE = debugging
               STRIP_SWIFT_SYMBOLS = YES
               SUPPORTED_DEVICE_FAMILIES = 1,2
               SUPPORTED_PLATFORMS = iphoneos iphonesimulator
               SUPPORTS_TEXT_BASED_API = NO
               SUPPRESS_WARNINGS = NO
               SWIFT_ACTIVE_COMPILATION_CONDITIONS =  
               SWIFT_COMPILATION_MODE = wholemodule
               SWIFT_EMIT_LOC_STRINGS = NO
               SWIFT_INSTALL_MODULE_FOR_DEPLOYMENT = YES
               SWIFT_INSTALL_OBJC_HEADER = YES
               SWIFT_OPTIMIZATION_LEVEL = -O
               SWIFT_PLATFORM_TARGET_PREFIX = ios
               SWIFT_VERSION = 5.0
               SYMROOT = /Users/otislewis/arena/ios/build
               SYSTEM_ADMIN_APPS_DIR = /Applications/Utilities
               SYSTEM_APPS_DIR = /Applications
               SYSTEM_CORE_SERVICES_DIR = /System/Library/CoreServices
               SYSTEM_DEMOS_DIR = /Applications/Extras
               SYSTEM_DEVELOPER_APPS_DIR = /Applications/Xcode.app/Contents/Developer/Applications
               SYSTEM_DEVELOPER_BIN_DIR = /Applications/Xcode.app/Contents/Developer/usr/bin
               SYSTEM_DEVELOPER_DEMOS_DIR = /Applications/Xcode.app/Contents/Developer/Applications/Utilities/Built Examples
               SYSTEM_DEVELOPER_DIR = /Applications/Xcode.app/Contents/Developer
               SYSTEM_DEVELOPER_DOC_DIR = /Applications/Xcode.app/Contents/Developer/ADC Reference Library
               SYSTEM_DEVELOPER_GRAPHICS_TOOLS_DIR = /Applications/Xcode.app/Contents/Developer/Applications/Graphics Tools
               SYSTEM_DEVELOPER_JAVA_TOOLS_DIR = /Applications/Xcode.app/Contents/Developer/Applications/Java Tools
               SYSTEM_DEVELOPER_PERFORMANCE_TOOLS_DIR = /Applications/Xcode.app/Contents/Developer/Applications/Performance Tools
               SYSTEM_DEVELOPER_RELEASENOTES_DIR = /Applications/Xcode.app/Contents/Developer/ADC Reference Library/releasenotes
               SYSTEM_DEVELOPER_TOOLS = /Applications/Xcode.app/Contents/Developer/Tools
               SYSTEM_DEVELOPER_TOOLS_DOC_DIR = /Applications/Xcode.app/Contents/Developer/ADC Reference Library/documentation/DeveloperTools
               SYSTEM_DEVELOPER_TOOLS_RELEASENOTES_DIR = /Applications/Xcode.app/Contents/Developer/ADC Reference Library/releasenotes/DeveloperTools
               SYSTEM_DEVELOPER_USR_DIR = /Applications/Xcode.app/Contents/Developer/usr
               SYSTEM_DEVELOPER_UTILITIES_DIR = /Applications/Xcode.app/Contents/Developer/Applications/Utilities
               SYSTEM_DEXT_INSTALL_PATH = /System/Library/DriverExtensions
               SYSTEM_DOCUMENTATION_DIR = /Library/Documentation
               SYSTEM_EXTENSIONS_FOLDER_PATH = grpcpp.framework/SystemExtensions
               SYSTEM_EXTENSIONS_FOLDER_PATH_SHALLOW_BUNDLE_NO = grpcpp.framework/Library/SystemExtensions
               SYSTEM_EXTENSIONS_FOLDER_PATH_SHALLOW_BUNDLE_YES = grpcpp.framework/SystemExtensions
               SYSTEM_KEXT_INSTALL_PATH = /System/Library/Extensions
               SYSTEM_LIBRARY_DIR = /System/Library
               TAPI_DEMANGLE = YES
               TAPI_ENABLE_PROJECT_HEADERS = NO
               TAPI_LANGUAGE = objective-c
               TAPI_LANGUAGE_STANDARD = compiler-default
               TAPI_USE_SRCROOT = YES
               TAPI_VERIFY_MODE = Pedantic
               TARGETED_DEVICE_FAMILY = 1,2
               TARGETNAME = gRPC-C++
               TARGET_BUILD_DIR = /Users/otislewis/arena/build/ios/Release-iphonesimulator/gRPC-C++
               TARGET_NAME = gRPC-C++
               TARGET_TEMP_DIR = /Users/otislewis/arena/build/ios/Pods.build/Release-iphonesimulator/gRPC-C++.build
               TEMP_DIR = /Users/otislewis/arena/build/ios/Pods.build/Release-iphonesimulator/gRPC-C++.build
               TEMP_FILES_DIR = /Users/otislewis/arena/build/ios/Pods.build/Release-iphonesimulator/gRPC-C++.build
               TEMP_FILE_DIR = /Users/otislewis/arena/build/ios/Pods.build/Release-iphonesimulator/gRPC-C++.build
               TEMP_ROOT = /Users/otislewis/arena/build/ios
               TEMP_SANDBOX_DIR = /Users/otislewis/arena/build/ios/TemporaryTaskSandboxes
               TEST_FRAMEWORK_SEARCH_PATHS =  /Applications/Xcode.app/Contents/Developer/Platforms/iPhoneSimulator.platform/Developer/Library/Frameworks /Applications/Xcode.app/Contents/Developer/Platforms/iPhoneSimulator.platform/Developer/SDKs/iPhoneSimulator18.4.sdk/Developer/Library/Frameworks
               TEST_LIBRARY_SEARCH_PATHS =  /Applications/Xcode.app/Contents/Developer/Platforms/iPhoneSimulator.platform/Developer/usr/lib
               TOOLCHAINS = com.apple.dt.toolchain.XcodeDefault
               TOOLCHAIN_DIR = /Applications/Xcode.app/Contents/Developer/Toolchains/XcodeDefault.xctoolchain
               TREAT_MISSING_BASELINES_AS_TEST_FAILURES = NO
               TREAT_MISSING_SCRIPT_PHASE_OUTPUTS_AS_ERRORS = NO
               UID = 501
               UNINSTALLED_PRODUCTS_DIR = /Users/otislewis/arena/build/ios/UninstalledProducts
               UNLOCALIZED_RESOURCES_FOLDER_PATH = grpcpp.framework
               UNLOCALIZED_RESOURCES_FOLDER_PATH_SHALLOW_BUNDLE_NO = grpcpp.framework/Resources
               UNLOCALIZED_RESOURCES_FOLDER_PATH_SHALLOW_BUNDLE_YES = grpcpp.framework
               UNSTRIPPED_PRODUCT = NO
               USER = otislewis
               USER_APPS_DIR = /Users/otislewis/Applications
               USER_HEADER_SEARCH_PATHS = "/Users/otislewis/arena/ios/Pods/gRPC-C++" "/Users/otislewis/arena/ios/Pods/gRPC-C++/src/core/ext/upb-gen" "/Users/otislewis/arena/ios/Pods/gRPC-C++/src/core/ext/upbdefs-gen" "/Users/otislewis/arena/ios/Pods/gRPC-C++/third_party/re2" "/Users/otislewis/arena/ios/Pods/gRPC-C++/third_party/upb" "/Users/otislewis/arena/ios/Pods/gRPC-C++/third_party/xxhash"
               USER_LIBRARY_DIR = /Users/otislewis/Library
               USE_DYNAMIC_NO_PIC = YES
               USE_HEADERMAP = NO
               USE_HEADER_SYMLINKS = NO
               USE_RECURSIVE_SCRIPT_INPUTS_IN_SCRIPT_PHASES = YES
               VALIDATE_DEVELOPMENT_ASSET_PATHS = YES_ERROR
               VALIDATE_PRODUCT = YES
               VALID_ARCHS = arm64
               VERBOSE_PBXCP = NO
               VERSIONING_SYSTEM = apple-generic
               VERSIONPLIST_PATH = grpcpp.framework/version.plist
               VERSIONS_FOLDER_PATH = grpcpp.framework
               VERSIONS_FOLDER_PATH_SHALLOW_BUNDLE_NO = grpcpp.framework/Versions
               VERSIONS_FOLDER_PATH_SHALLOW_BUNDLE_YES = grpcpp.framework
               VERSION_INFO_BUILDER = otislewis
               VERSION_INFO_FILE = grpcpp_vers.c
               VERSION_INFO_STRING = "@(#)PROGRAM:grpcpp  PROJECT:Pods-1"
               WORKSPACE_DIR = /Users/otislewis/arena/ios/Pods/Pods.xcodeproj
               WRAPPER_EXTENSION = framework
               WRAPPER_NAME = grpcpp.framework
               WRAPPER_SUFFIX = .framework
               WRAP_ASSET_PACKS_IN_SEPARATE_DIRECTORIES = NO
               XCODE_APP_SUPPORT_DIR = /Applications/Xcode.app/Contents/Developer/Library/Xcode
               XCODE_PRODUCT_BUILD_VERSION = 16E140
               XCODE_VERSION_ACTUAL = 1630
               XCODE_VERSION_MAJOR = 1600
               XCODE_VERSION_MINOR = 1630
               XPCSERVICES_FOLDER_PATH = grpcpp.framework/XPCServices
               YACC = yacc
               _DISCOVER_COMMAND_LINE_LINKER_INPUTS = YES
               _DISCOVER_COMMAND_LINE_LINKER_INPUTS_INCLUDE_WL = YES
               _WRAPPER_CONTENTS_DIR_SHALLOW_BUNDLE_NO = /Contents
               _WRAPPER_PARENT_PATH_SHALLOW_BUNDLE_NO = /..
               _WRAPPER_RESOURCES_DIR_SHALLOW_BUNDLE_NO = /Resources
               __DIAGNOSE_DEPRECATED_ARCHS = YES
               arch = undefined_arch
               variant = normal

           Build settings for action build and target gRPC-C++-gRPCCertificates-Cpp:
               ACTION = build
               AD_HOC_CODE_SIGNING_ALLOWED = YES
               ALLOW_BUILD_REQUEST_OVERRIDES = NO
               ALLOW_TARGET_PLATFORM_SPECIALIZATION = NO
               ALTERNATE_GROUP = staff
               ALTERNATE_MODE = u+w,go-w,a+rX
               ALTERNATE_OWNER = otislewis
               ALTERNATIVE_DISTRIBUTION_WEB = NO
               ALWAYS_EMBED_SWIFT_STANDARD_LIBRARIES = NO
               ALWAYS_SEARCH_USER_PATHS = NO
               ALWAYS_USE_SEPARATE_HEADERMAPS = NO
               APPLICATION_EXTENSION_API_ONLY = NO
               APPLY_RULES_IN_COPY_FILES = NO
               APPLY_RULES_IN_COPY_HEADERS = NO
               APP_SHORTCUTS_ENABLE_FLEXIBLE_MATCHING = YES
               ARCHS_STANDARD = arm64 x86_64
               ARCHS_STANDARD_32_64_BIT = arm64 x86_64
               ARCHS_STANDARD_64_BIT = arm64 x86_64
               ARCHS_STANDARD_INCLUDING_64_BIT = arm64 x86_64
               ARCHS_UNIVERSAL_IPHONE_OS = arm64 x86_64
               AUTOMATICALLY_MERGE_DEPENDENCIES = NO
               AVAILABLE_PLATFORMS = android appletvos appletvsimulator driverkit iphoneos iphonesimulator macosx qnx watchos watchsimulator xros xrsimulator
               BITCODE_GENERATION_MODE = marker
               BUILD_ACTIVE_RESOURCES_ONLY = NO
               BUILD_COMPONENTS = headers build
               BUILD_DIR = /Users/otislewis/arena/build/ios
               BUILD_LIBRARY_FOR_DISTRIBUTION = NO
               BUILD_ROOT = /Users/otislewis/arena/ios/build
               BUILD_STYLE = 
               BUILD_VARIANTS = normal
               BUILT_PRODUCTS_DIR = /Users/otislewis/arena/build/ios/Release-iphonesimulator/gRPC-C++
               BUNDLE_CONTENTS_FOLDER_PATH_deep = Contents/
               BUNDLE_EXECUTABLE_FOLDER_NAME_deep = MacOS
               BUNDLE_EXTENSIONS_FOLDER_PATH = Extensions
               BUNDLE_FORMAT = shallow
               BUNDLE_FRAMEWORKS_FOLDER_PATH = Frameworks
               BUNDLE_PLUGINS_FOLDER_PATH = PlugIns
               BUNDLE_PRIVATE_HEADERS_FOLDER_PATH = PrivateHeaders
               BUNDLE_PUBLIC_HEADERS_FOLDER_PATH = Headers
               CACHE_ROOT = /var/folders/4y/xy3fflts0nqfk1tsxg0t3mmr0000gn/C/com.apple.DeveloperTools/16.3-16E140/Xcode
               CCHROOT = /var/folders/4y/xy3fflts0nqfk1tsxg0t3mmr0000gn/C/com.apple.DeveloperTools/16.3-16E140/Xcode
               CHMOD = /bin/chmod
               CHOWN = /usr/sbin/chown
               CLANG_ANALYZER_LOCALIZABILITY_NONLOCALIZED = YES
               CLANG_ANALYZER_NONNULL = YES
               CLANG_ANALYZER_NUMBER_OBJECT_CONVERSION = YES_AGGRESSIVE
               CLANG_CACHE_FINE_GRAINED_OUTPUTS = YES
               CLANG_CXX_LANGUAGE_STANDARD = c++14
               CLANG_CXX_LIBRARY = libc++
               CLANG_ENABLE_EXPLICIT_MODULES = YES
               CLANG_ENABLE_MODULES = YES
               CLANG_ENABLE_OBJC_ARC = YES
               CLANG_ENABLE_OBJC_WEAK = YES
               CLANG_MODULES_BUILD_SESSION_FILE = /var/folders/4y/xy3fflts0nqfk1tsxg0t3mmr0000gn/C/org.llvm.clang/ModuleCache.noindex/Session.modulevalidation
               CLANG_WARN_BLOCK_CAPTURE_AUTORELEASING = YES
               CLANG_WARN_BOOL_CONVERSION = YES
               CLANG_WARN_COMMA = YES
               CLANG_WARN_CONSTANT_CONVERSION = YES
               CLANG_WARN_DEPRECATED_OBJC_IMPLEMENTATIONS = YES
               CLANG_WARN_DIRECT_OBJC_ISA_USAGE = YES_ERROR
               CLANG_WARN_DOCUMENTATION_COMMENTS = NO
               CLANG_WARN_EMPTY_BODY = YES
               CLANG_WARN_ENUM_CONVERSION = YES
               CLANG_WARN_INFINITE_RECURSION = YES
               CLANG_WARN_INT_CONVERSION = YES
               CLANG_WARN_NON_LITERAL_NULL_CONVERSION = YES
               CLANG_WARN_OBJC_IMPLICIT_RETAIN_SELF = YES
               CLANG_WARN_OBJC_LITERAL_CONVERSION = YES
               CLANG_WARN_OBJC_ROOT_CLASS = YES_ERROR
               CLANG_WARN_QUOTED_INCLUDE_IN_FRAMEWORK_HEADER = NO
               CLANG_WARN_RANGE_LOOP_ANALYSIS = YES
               CLANG_WARN_STRICT_PROTOTYPES = NO
               CLANG_WARN_SUSPICIOUS_MOVE = YES
               CLANG_WARN_UNGUARDED_AVAILABILITY = YES_AGGRESSIVE
               CLANG_WARN_UNREACHABLE_CODE = YES
               CLANG_WARN__DUPLICATE_METHOD_MATCH = YES
               CLASS_FILE_DIR = /Users/otislewis/arena/build/ios/Pods.build/Release-iphonesimulator/gRPC-C++-gRPCCertificates-Cpp.build/JavaClasses
               CLEAN_PRECOMPS = YES
               CLONE_HEADERS = NO
               CODESIGNING_FOLDER_PATH = /Users/otislewis/arena/build/ios/Release-iphonesimulator/gRPC-C++/gRPCCertificates-Cpp.bundle
               CODE_SIGNING_ALLOWED = NO
               CODE_SIGNING_IDENTITY = -
               CODE_SIGNING_REQUIRED = NO
               CODE_SIGN_CONTEXT_CLASS = XCiPhoneSimulatorCodeSignContext
               CODE_SIGN_IDENTITY = -
               CODE_SIGN_INJECT_BASE_ENTITLEMENTS = YES
               COLOR_DIAGNOSTICS = NO
               COMBINE_HIDPI_IMAGES = NO
               COMPILATION_CACHE_CAS_PATH = /var/folders/4y/xy3fflts0nqfk1tsxg0t3mmr0000gn/C/com.apple.DeveloperTools/16.3-16E140/Xcode/CompilationCache.noindex
               COMPILATION_CACHE_KEEP_CAS_DIRECTORY = YES
               COMPILER_INDEX_STORE_ENABLE = Default
               COMPOSITE_SDK_DIRS = /Users/otislewis/arena/build/ios/CompositeSDKs
               COMPRESS_PNG_FILES = YES
               CONFIGURATION = Release
               CONFIGURATION_BUILD_DIR = /Users/otislewis/arena/build/ios/Release-iphonesimulator/gRPC-C++
               CONFIGURATION_TEMP_DIR = /Users/otislewis/arena/build/ios/Pods.build/Release-iphonesimulator
               CONTENTS_FOLDER_PATH = gRPCCertificates-Cpp.bundle
               CONTENTS_FOLDER_PATH_SHALLOW_BUNDLE_NO = gRPCCertificates-Cpp.bundle/Contents
               CONTENTS_FOLDER_PATH_SHALLOW_BUNDLE_YES = gRPCCertificates-Cpp.bundle
               COPYING_PRESERVES_HFS_DATA = NO
               COPY_HEADERS_RUN_UNIFDEF = NO
               COPY_PHASE_STRIP = NO
               CORRESPONDING_DEVICE_PLATFORM_DIR = /Applications/Xcode.app/Contents/Developer/Platforms/iPhoneOS.platform
               CORRESPONDING_DEVICE_PLATFORM_NAME = iphoneos
               CORRESPONDING_DEVICE_SDK_DIR = /Applications/Xcode.app/Contents/Developer/Platforms/iPhoneOS.platform/Developer/SDKs/iPhoneOS18.4.sdk
               CORRESPONDING_DEVICE_SDK_NAME = iphoneos18.4
               CP = /bin/cp
               CREATE_INFOPLIST_SECTION_IN_BINARY = NO
               CURRENT_ARCH = undefined_arch
               CURRENT_VARIANT = normal
               DEAD_CODE_STRIPPING = YES
               DEBUGGING_SYMBOLS = YES
               DEBUG_INFORMATION_FORMAT = dwarf-with-dsym
               DEBUG_INFORMATION_VERSION = compiler-default
               DEFAULT_COMPILER = com.apple.compilers.llvm.clang.1_0
               DEFAULT_DEXT_INSTALL_PATH = /System/Library/DriverExtensions
               DEFAULT_KEXT_INSTALL_PATH = /System/Library/Extensions
               DEFINES_MODULE = NO
               DEPLOYMENT_LOCATION = NO
               DEPLOYMENT_POSTPROCESSING = NO
               DEPLOYMENT_TARGET_SETTING_NAME = IPHONEOS_DEPLOYMENT_TARGET
               DEPLOYMENT_TARGET_SUGGESTED_VALUES = 12.0 12.1 12.2 12.3 12.4 13.0 13.1 13.2 13.3 13.4 13.5 13.6 14.0 14.1 14.2 14.3 14.4 14.5 14.6 14.7 15.0 15.1 15.2 15.3 15.4 15.5 15.6 16.0 16.1 16.2 16.3 16.4 16.5 16.6 17.0 17.1 17.2 17.3 17.4 17.5 17.6 18.0 18.1 18.2 18.3 18.4
               DERIVED_FILES_DIR = /Users/otislewis/arena/build/ios/Pods.build/Release-iphonesimulator/gRPC-C++-gRPCCertificates-Cpp.build/DerivedSources
               DERIVED_FILE_DIR = /Users/otislewis/arena/build/ios/Pods.build/Release-iphonesimulator/gRPC-C++-gRPCCertificates-Cpp.build/DerivedSources
               DERIVED_SOURCES_DIR = /Users/otislewis/arena/build/ios/Pods.build/Release-iphonesimulator/gRPC-C++-gRPCCertificates-Cpp.build/DerivedSources
               DEVELOPER_APPLICATIONS_DIR = /Applications/Xcode.app/Contents/Developer/Applications
               DEVELOPER_BIN_DIR = /Applications/Xcode.app/Contents/Developer/usr/bin
               DEVELOPER_DIR = /Applications/Xcode.app/Contents/Developer
               DEVELOPER_FRAMEWORKS_DIR = /Applications/Xcode.app/Contents/Developer/Library/Frameworks
               DEVELOPER_FRAMEWORKS_DIR_QUOTED = /Applications/Xcode.app/Contents/Developer/Library/Frameworks
               DEVELOPER_LIBRARY_DIR = /Applications/Xcode.app/Contents/Developer/Library
               DEVELOPER_SDK_DIR = /Applications/Xcode.app/Contents/Developer/Platforms/MacOSX.platform/Developer/SDKs
               DEVELOPER_TOOLS_DIR = /Applications/Xcode.app/Contents/Developer/Tools
               DEVELOPER_USR_DIR = /Applications/Xcode.app/Contents/Developer/usr
               DEVELOPMENT_LANGUAGE = en
               DIAGNOSE_MISSING_TARGET_DEPENDENCIES = YES
               DIFF = /usr/bin/diff
               DOCUMENTATION_FOLDER_PATH = gRPCCertificates-Cpp.bundle/en.lproj/Documentation
               DONT_GENERATE_INFOPLIST_FILE = NO
               DSTROOT = /tmp/Pods.dst
               DT_TOOLCHAIN_DIR = /Applications/Xcode.app/Contents/Developer/Toolchains/XcodeDefault.xctoolchain
               DWARF_DSYM_FILE_NAME = gRPCCertificates-Cpp.bundle.dSYM
               DWARF_DSYM_FILE_SHOULD_ACCOMPANY_PRODUCT = NO
               DWARF_DSYM_FOLDER_PATH = /Users/otislewis/arena/build/ios/Release-iphonesimulator/gRPC-C++
               DYNAMIC_LIBRARY_EXTENSION = dylib
               EAGER_COMPILATION_ALLOW_SCRIPTS = NO
               EAGER_LINKING = NO
               EFFECTIVE_PLATFORM_NAME = -iphonesimulator
               EMBEDDED_CONTENT_CONTAINS_SWIFT = NO
               EMBED_ASSET_PACKS_IN_PRODUCT_BUNDLE = NO
               ENABLE_APP_SANDBOX = NO
               ENABLE_BITCODE = NO
               ENABLE_CODE_COVERAGE = YES
               ENABLE_DEFAULT_HEADER_SEARCH_PATHS = YES
               ENABLE_DEFAULT_SEARCH_PATHS = YES
               ENABLE_HARDENED_RUNTIME = NO
               ENABLE_HEADER_DEPENDENCIES = YES
               ENABLE_INCOMING_NETWORK_CONNECTIONS = NO
               ENABLE_NS_ASSERTIONS = NO
               ENABLE_ON_DEMAND_RESOURCES = NO
               ENABLE_OUTGOING_NETWORK_CONNECTIONS = NO
               ENABLE_RESOURCE_ACCESS_AUDIO_INPUT = NO
               ENABLE_RESOURCE_ACCESS_BLUETOOTH = NO
               ENABLE_RESOURCE_ACCESS_CALENDARS = NO
               ENABLE_RESOURCE_ACCESS_CAMERA = NO
               ENABLE_RESOURCE_ACCESS_CONTACTS = NO
               ENABLE_RESOURCE_ACCESS_LOCATION = NO
               ENABLE_RESOURCE_ACCESS_PRINTING = NO
               ENABLE_RESOURCE_ACCESS_USB = NO
               ENABLE_SDK_IMPORTS = NO
               ENABLE_STRICT_OBJC_MSGSEND = YES
               ENABLE_TESTABILITY = NO
               ENABLE_TESTING_SEARCH_PATHS = NO
               ENABLE_USER_SCRIPT_SANDBOXING = NO
               ENFORCE_VALID_ARCHS = YES
               ENTITLEMENTS_DESTINATION = __entitlements
               ENTITLEMENTS_REQUIRED = NO
               EXCLUDED_ARCHS = arm64
               EXCLUDED_INSTALLSRC_SUBDIRECTORY_PATTERNS = .DS_Store .svn .git .hg CVS
               EXCLUDED_RECURSIVE_SEARCH_PATH_SUBDIRECTORIES = *.nib *.lproj *.framework *.gch *.xcode* *.xcassets (*) .DS_Store CVS .svn .git .hg *.pbproj *.pbxproj
               EXECUTABLES_FOLDER_PATH = gRPCCertificates-Cpp.bundle/Executables
               EXECUTABLE_FOLDER_PATH = gRPCCertificates-Cpp.bundle
               EXECUTABLE_FOLDER_PATH_SHALLOW_BUNDLE_NO = gRPCCertificates-Cpp.bundle/MacOS
               EXECUTABLE_FOLDER_PATH_SHALLOW_BUNDLE_YES = gRPCCertificates-Cpp.bundle
               EXECUTABLE_NAME = gRPCCertificates-Cpp
               EXECUTABLE_PATH = gRPCCertificates-Cpp.bundle/gRPCCertificates-Cpp
               EXPANDED_CODE_SIGN_IDENTITY = -
               EXTENSIONS_FOLDER_PATH = gRPCCertificates-Cpp.bundle/Extensions
               FILE_LIST = /Users/otislewis/arena/build/ios/Pods.build/Release-iphonesimulator/gRPC-C++-gRPCCertificates-Cpp.build/Objects/LinkFileList
               FIXED_FILES_DIR = /Users/otislewis/arena/build/ios/Pods.build/Release-iphonesimulator/gRPC-C++-gRPCCertificates-Cpp.build/FixedFiles
               FRAMEWORKS_FOLDER_PATH = gRPCCertificates-Cpp.bundle/Frameworks
               FRAMEWORK_FLAG_PREFIX = -framework
               FRAMEWORK_SEARCH_PATHS = /Users/otislewis/arena/build/ios/Release-iphonesimulator/gRPC-C++  "/Users/otislewis/arena/build/ios/Release-iphonesimulator/BoringSSL-GRPC" "/Users/otislewis/arena/build/ios/Release-iphonesimulator/abseil" "/Users/otislewis/arena/build/ios/Release-iphonesimulator/gRPC-Core"
               FRAMEWORK_VERSION = A
               FULL_PRODUCT_NAME = gRPCCertificates-Cpp.bundle
               FUSE_BUILD_PHASES = YES
               FUSE_BUILD_SCRIPT_PHASES = NO
               GCC3_VERSION = 3.3
               GCC_C_LANGUAGE_STANDARD = gnu11
               GCC_INLINES_ARE_PRIVATE_EXTERN = YES
               GCC_NO_COMMON_BLOCKS = YES
               GCC_OBJC_LEGACY_DISPATCH = YES
               GCC_PFE_FILE_C_DIALECTS = c objective-c c++ objective-c++
               GCC_PREPROCESSOR_DEFINITIONS = POD_CONFIGURATION_RELEASE=1  COCOAPODS=1
               GCC_TREAT_WARNINGS_AS_ERRORS = NO
               GCC_VERSION = com.apple.compilers.llvm.clang.1_0
               GCC_VERSION_IDENTIFIER = com_apple_compilers_llvm_clang_1_0
               GCC_WARN_64_TO_32_BIT_CONVERSION = YES
               GCC_WARN_ABOUT_RETURN_TYPE = YES_ERROR
               GCC_WARN_UNDECLARED_SELECTOR = YES
               GCC_WARN_UNINITIALIZED_AUTOS = YES_AGGRESSIVE
               GCC_WARN_UNUSED_FUNCTION = YES
               GCC_WARN_UNUSED_VARIABLE = YES
               GENERATED_MODULEMAP_DIR = /Users/otislewis/arena/build/ios/GeneratedModuleMaps-iphonesimulator
               GENERATE_INFOPLIST_FILE = NO
               GENERATE_INTERMEDIATE_TEXT_BASED_STUBS = YES
               GENERATE_MASTER_OBJECT_FILE = NO
               GENERATE_PKGINFO_FILE = NO
               GENERATE_PROFILING_CODE = NO
               GENERATE_TEXT_BASED_STUBS = NO
               GID = 20
               GROUP = staff
               HEADERMAP_INCLUDES_FLAT_ENTRIES_FOR_TARGET_BEING_BUILT = YES
               HEADERMAP_INCLUDES_FRAMEWORK_ENTRIES_FOR_ALL_PRODUCT_TYPES = YES
               HEADERMAP_INCLUDES_FRAMEWORK_ENTRIES_FOR_TARGETS_NOT_BEING_BUILT = YES
               HEADERMAP_INCLUDES_NONPUBLIC_NONPRIVATE_HEADERS = YES
               HEADERMAP_INCLUDES_PROJECT_HEADERS = YES
               HEADERMAP_USES_FRAMEWORK_PREFIX_ENTRIES = YES
               HEADERMAP_USES_VFS = NO
               HEADER_SEARCH_PATHS = /Users/otislewis/arena/build/ios/Release-iphonesimulator/gRPC-C++/include "" "/Users/otislewis/arena/ios/Pods/gRPC-C++/include"
               HIDE_BITCODE_SYMBOLS = YES
               HOME = /Users/otislewis
               HOST_ARCH = arm64
               HOST_PLATFORM = macosx
               IBSC_MODULE = grpcpp
               ICONV = /usr/bin/iconv
               IMPLICIT_DEPENDENCY_DOMAIN = default
               INFOPLIST_ENABLE_CFBUNDLEICONS_MERGE = YES
               INFOPLIST_EXPAND_BUILD_SETTINGS = YES
               INFOPLIST_FILE = Target Support Files/gRPC-C++/ResourceBundle-gRPCCertificates-Cpp-gRPC-C++-Info.plist
               INFOPLIST_OUTPUT_FORMAT = binary
               INFOPLIST_PATH = gRPCCertificates-Cpp.bundle/Info.plist
               INFOPLIST_PREPROCESS = NO
               INFOSTRINGS_PATH = gRPCCertificates-Cpp.bundle/en.lproj/InfoPlist.strings
               INLINE_PRIVATE_FRAMEWORKS = NO
               INSTALLAPI_IGNORE_SKIP_INSTALL = YES
               INSTALLHDRS_COPY_PHASE = NO
               INSTALLHDRS_SCRIPT_PHASE = NO
               INSTALL_DIR = /tmp/Pods.dst
               INSTALL_GROUP = staff
               INSTALL_MODE_FLAG = u+w,go-w,a+rX
               INSTALL_OWNER = otislewis
               INSTALL_ROOT = /tmp/Pods.dst
               IPHONEOS_DEPLOYMENT_TARGET = 13.0
               IS_UNOPTIMIZED_BUILD = NO
               JAVAC_DEFAULT_FLAGS = -J-Xms64m -J-XX:NewSize=4M -J-Dfile.encoding=UTF8
               JAVA_APP_STUB = /System/Library/Frameworks/JavaVM.framework/Resources/MacOS/JavaApplicationStub
               JAVA_ARCHIVE_CLASSES = YES
               JAVA_ARCHIVE_TYPE = JAR
               JAVA_COMPILER = /usr/bin/javac
               JAVA_FOLDER_PATH = gRPCCertificates-Cpp.bundle/Java
               JAVA_FRAMEWORK_RESOURCES_DIRS = Resources
               JAVA_JAR_FLAGS = cv
               JAVA_SOURCE_SUBDIR = .
               JAVA_USE_DEPENDENCIES = YES
               JAVA_ZIP_FLAGS = -urg
               JIKES_DEFAULT_FLAGS = +E +OLDCSO
               KEEP_PRIVATE_EXTERNS = NO
               LD_DEPENDENCY_INFO_FILE = /Users/otislewis/arena/build/ios/Pods.build/Release-iphonesimulator/gRPC-C++-gRPCCertificates-Cpp.build/Objects-normal/undefined_arch/gRPCCertificates-Cpp_dependency_info.dat
               LD_EXPORT_SYMBOLS = YES
               LD_GENERATE_MAP_FILE = NO
               LD_MAP_FILE_PATH = /Users/otislewis/arena/build/ios/Pods.build/Release-iphonesimulator/gRPC-C++-gRPCCertificates-Cpp.build/gRPCCertificates-Cpp-LinkMap-normal-undefined_arch.txt
               LD_NO_PIE = NO
               LD_QUOTE_LINKER_ARGUMENTS_FOR_COMPILER_DRIVER = YES
               LD_SHARED_CACHE_ELIGIBLE = Automatic
               LD_WARN_DUPLICATE_LIBRARIES = NO
               LD_WARN_UNUSED_DYLIBS = NO
               LEGACY_DEVELOPER_DIR = /Applications/Xcode.app/Contents/PlugIns/Xcode3Core.ideplugin/Contents/SharedSupport/Developer
               LEX = lex
               LIBRARY_DEXT_INSTALL_PATH = /Library/DriverExtensions
               LIBRARY_FLAG_NOSPACE = YES
               LIBRARY_FLAG_PREFIX = -l
               LIBRARY_KEXT_INSTALL_PATH = /Library/Extensions
               LIBRARY_SEARCH_PATHS = /Users/otislewis/arena/build/ios/Release-iphonesimulator/gRPC-C++ 
               LINKER_DISPLAYS_MANGLED_NAMES = NO
               LINK_OBJC_RUNTIME = YES
               LINK_WITH_STANDARD_LIBRARIES = YES
               LLVM_TARGET_TRIPLE_OS_VERSION = ios13.0
               LLVM_TARGET_TRIPLE_SUFFIX = -simulator
               LLVM_TARGET_TRIPLE_VENDOR = apple
               LOCALIZATION_EXPORT_SUPPORTED = YES
               LOCALIZATION_PREFERS_STRING_CATALOGS = NO
               LOCALIZED_RESOURCES_FOLDER_PATH = gRPCCertificates-Cpp.bundle/en.lproj
               LOCALIZED_STRING_MACRO_NAMES = NSLocalizedString CFCopyLocalizedString
               LOCALIZED_STRING_SWIFTUI_SUPPORT = YES
               LOCAL_ADMIN_APPS_DIR = /Applications/Utilities
               LOCAL_APPS_DIR = /Applications
               LOCAL_DEVELOPER_DIR = /Library/Developer
               LOCAL_LIBRARY_DIR = /Library
               LOCROOT = /Users/otislewis/arena/ios/Pods
               LOCSYMROOT = /Users/otislewis/arena/ios/Pods
               MACH_O_TYPE = mh_bundle
               MAC_OS_X_PRODUCT_BUILD_VERSION = 24F74
               MAC_OS_X_VERSION_ACTUAL = 150500
               MAC_OS_X_VERSION_MAJOR = 150000
               MAC_OS_X_VERSION_MINOR = 150500
               MAKE_MERGEABLE = NO
               MERGEABLE_LIBRARY = NO
               MERGED_BINARY_TYPE = none
               MERGE_LINKED_LIBRARIES = NO
               METAL_LIBRARY_FILE_BASE = default
               METAL_LIBRARY_OUTPUT_DIR = /Users/otislewis/arena/build/ios/Release-iphonesimulator/gRPC-C++/gRPCCertificates-Cpp.bundle
               MODULES_FOLDER_PATH = gRPCCertificates-Cpp.bundle/Modules
               MTL_ENABLE_DEBUG_INFO = NO
               MTL_FAST_MATH = YES
               NATIVE_ARCH = arm64
               NATIVE_ARCH_32_BIT = arm
               NATIVE_ARCH_64_BIT = arm64
               NATIVE_ARCH_ACTUAL = arm64
               NO_COMMON = YES
               OBJC_ABI_VERSION = 2
               OBJECT_FILE_DIR = /Users/otislewis/arena/build/ios/Pods.build/Release-iphonesimulator/gRPC-C++-gRPCCertificates-Cpp.build/Objects
               OBJECT_FILE_DIR_normal = /Users/otislewis/arena/build/ios/Pods.build/Release-iphonesimulator/gRPC-C++-gRPCCertificates-Cpp.build/Objects-normal
               OBJROOT = /Users/otislewis/arena/build/ios
               ONLY_ACTIVE_ARCH = NO
               OS = MACOS
               OSAC = /usr/bin/osacompile
               OTHER_LDFLAGS =  -l"c++" -framework "absl" -framework "grpc"
               PACKAGE_TYPE = com.apple.package-type.wrapper
               PASCAL_STRINGS = YES
               PATH = /Applications/Xcode.app/Contents/SharedFrameworks/SwiftBuild.framework/Versions/A/PlugIns/SWBBuildService.bundle/Contents/PlugIns/SWBUniversalPlatformPlugin.bundle/Contents/Frameworks/SWBUniversalPlatform.framework/Resources:/Applications/Xcode.app/Contents/Developer/Toolchains/XcodeDefault.xctoolchain/usr/bin:/Applications/Xcode.app/Contents/Developer/Toolchains/XcodeDefault.xctoolchain/usr/local/bin:/Applications/Xcode.app/Contents/Developer/Toolchains/XcodeDefault.xctoolchain/usr/libexec:/Applications/Xcode.app/Contents/Developer/Platforms/iPhoneSimulator.platform/usr/bin:/Applications/Xcode.app/Contents/Developer/Platforms/iPhoneSimulator.platform/usr/local/bin:/Applications/Xcode.app/Contents/Developer/Platforms/iPhoneSimulator.platform/Developer/usr/bin:/Applications/Xcode.app/Contents/Developer/Platforms/iPhoneSimulator.platform/Developer/usr/local/bin:/Applications/Xcode.app/Contents/Developer/usr/bin:/Applications/Xcode.app/Contents/Developer/usr/local/bin:/Users/otislewis/.gem/ruby/3.3.0/bin:/opt/homebrew/bin:/opt/homebrew/sbin:/usr/local/bin:/System/Cryptexes/App/usr/bin:/usr/bin:/bin:/usr/sbin:/sbin:/var/run/com.apple.security.cryptexd/codex.system/bootstrap/usr/local/bin:/var/run/com.apple.security.cryptexd/codex.system/bootstrap/usr/bin:/var/run/com.apple.security.cryptexd/codex.system/bootstrap/usr/appleinternal/bin:/Library/Apple/usr/bin:/opt/homebrew/Caskroom/flutter/3.32.0/flutter/bin:/Users/otislewis/Library/Android/sdk/emulator:/Users/otislewis/Library/Android/sdk/tools:/Users/otislewis/Library/Android/sdk/tools/bin:/Users/otislewis/Library/Android/sdk/platform-tools:/opt/homebrew/Caskroom/flutter/3.32.0/flutter/bin/cache/dart-sdk/bin
               PATH_PREFIXES_EXCLUDED_FROM_HEADER_DEPENDENCIES = /usr/include /usr/local/include /System/Library/Frameworks /System/Library/PrivateFrameworks /Applications/Xcode.app/Contents/Developer/Headers /Applications/Xcode.app/Contents/Developer/SDKs /Applications/Xcode.app/Contents/Developer/Platforms
               PBDEVELOPMENTPLIST_PATH = gRPCCertificates-Cpp.bundle/pbdevelopment.plist
               PER_ARCH_MODULE_FILE_DIR = /Users/otislewis/arena/build/ios/Pods.build/Release-iphonesimulator/gRPC-C++-gRPCCertificates-Cpp.build/Objects-normal/undefined_arch
               PER_ARCH_OBJECT_FILE_DIR = /Users/otislewis/arena/build/ios/Pods.build/Release-iphonesimulator/gRPC-C++-gRPCCertificates-Cpp.build/Objects-normal/undefined_arch
               PER_VARIANT_OBJECT_FILE_DIR = /Users/otislewis/arena/build/ios/Pods.build/Release-iphonesimulator/gRPC-C++-gRPCCertificates-Cpp.build/Objects-normal
               PKGINFO_FILE_PATH = /Users/otislewis/arena/build/ios/Pods.build/Release-iphonesimulator/gRPC-C++-gRPCCertificates-Cpp.build/PkgInfo
               PKGINFO_PATH = gRPCCertificates-Cpp.bundle/PkgInfo
               PLATFORM_DEVELOPER_APPLICATIONS_DIR = /Applications/Xcode.app/Contents/Developer/Platforms/iPhoneSimulator.platform/Developer/Applications
               PLATFORM_DEVELOPER_BIN_DIR = /Applications/Xcode.app/Contents/Developer/Platforms/iPhoneSimulator.platform/Developer/usr/bin
               PLATFORM_DEVELOPER_LIBRARY_DIR = /Applications/Xcode.app/Contents/Developer/Platforms/iPhoneSimulator.platform/Developer/Library
               PLATFORM_DEVELOPER_SDK_DIR = /Applications/Xcode.app/Contents/Developer/Platforms/iPhoneSimulator.platform/Developer/SDKs
               PLATFORM_DEVELOPER_TOOLS_DIR = /Applications/Xcode.app/Contents/Developer/Platforms/iPhoneSimulator.platform/Developer/Tools
               PLATFORM_DEVELOPER_USR_DIR = /Applications/Xcode.app/Contents/Developer/Platforms/iPhoneSimulator.platform/Developer/usr
               PLATFORM_DIR = /Applications/Xcode.app/Contents/Developer/Platforms/iPhoneSimulator.platform
               PLATFORM_DISPLAY_NAME = iOS Simulator
               PLATFORM_FAMILY_NAME = iOS
               PLATFORM_NAME = iphonesimulator
               PLATFORM_PREFERRED_ARCH = x86_64
               PLATFORM_PRODUCT_BUILD_VERSION = 22E235
               PLATFORM_REQUIRES_SWIFT_AUTOLINK_EXTRACT = NO
               PLATFORM_REQUIRES_SWIFT_MODULEWRAP = NO
               PLIST_FILE_OUTPUT_FORMAT = binary
               PLUGINS_FOLDER_PATH = gRPCCertificates-Cpp.bundle/PlugIns
               PODS_BUILD_DIR = /Users/otislewis/arena/build/ios
               PODS_CONFIGURATION_BUILD_DIR = /Users/otislewis/arena/build/ios/Release-iphonesimulator
               PODS_DEVELOPMENT_LANGUAGE = en
               PODS_ROOT = /Users/otislewis/arena/ios/Pods
               PODS_TARGET_SRCROOT = /Users/otislewis/arena/ios/Pods/gRPC-C++
               PODS_XCFRAMEWORKS_BUILD_DIR = /Users/otislewis/arena/build/ios/Release-iphonesimulator/XCFrameworkIntermediates
               PRECOMPS_INCLUDE_HEADERS_FROM_BUILT_PRODUCTS_DIR = YES
               PRECOMP_DESTINATION_DIR = /Users/otislewis/arena/build/ios/Pods.build/Release-iphonesimulator/gRPC-C++-gRPCCertificates-Cpp.build/PrefixHeaders
               PRIVATE_HEADERS_FOLDER_PATH = gRPCCertificates-Cpp.bundle/PrivateHeaders
               PROCESSED_INFOPLIST_PATH = /Users/otislewis/arena/build/ios/Pods.build/Release-iphonesimulator/gRPC-C++-gRPCCertificates-Cpp.build/Objects-normal/undefined_arch/Processed-Info.plist
               PRODUCT_BUNDLE_IDENTIFIER = org.cocoapods.gRPCCertificates-Cpp
               PRODUCT_BUNDLE_PACKAGE_TYPE = BNDL
               PRODUCT_MODULE_NAME = gRPCCertificates_Cpp
               PRODUCT_NAME = gRPCCertificates-Cpp
               PRODUCT_SETTINGS_PATH = /Users/otislewis/arena/ios/Pods/Target Support Files/gRPC-C++/ResourceBundle-gRPCCertificates-Cpp-gRPC-C++-Info.plist
               PRODUCT_TYPE = com.apple.product-type.bundle
               PROFILING_CODE = NO
               PROJECT = Pods
               PROJECT_DERIVED_FILE_DIR = /Users/otislewis/arena/build/ios/Pods.build/DerivedSources
               PROJECT_DIR = /Users/otislewis/arena/ios/Pods
               PROJECT_FILE_PATH = /Users/otislewis/arena/ios/Pods/Pods.xcodeproj
               PROJECT_GUID = bfdfe7dc352907fc980b868725387e98
               PROJECT_NAME = Pods
               PROJECT_TEMP_DIR = /Users/otislewis/arena/build/ios/Pods.build
               PROJECT_TEMP_ROOT = /Users/otislewis/arena/build/ios
               PUBLIC_HEADERS_FOLDER_PATH = gRPCCertificates-Cpp.bundle/Headers
               RECOMMENDED_IPHONEOS_DEPLOYMENT_TARGET = 15.0
               RECURSIVE_SEARCH_PATHS_FOLLOW_SYMLINKS = YES
               REMOVE_CVS_FROM_RESOURCES = YES
               REMOVE_GIT_FROM_RESOURCES = YES
               REMOVE_HEADERS_FROM_EMBEDDED_BUNDLES = YES
               REMOVE_HG_FROM_RESOURCES = YES
               REMOVE_STATIC_EXECUTABLES_FROM_EMBEDDED_BUNDLES = YES
               REMOVE_SVN_FROM_RESOURCES = YES
               RESCHEDULE_INDEPENDENT_HEADERS_PHASES = YES
               REZ_COLLECTOR_DIR = /Users/otislewis/arena/build/ios/Pods.build/Release-iphonesimulator/gRPC-C++-gRPCCertificates-Cpp.build/ResourceManagerResources
               REZ_OBJECTS_DIR = /Users/otislewis/arena/build/ios/Pods.build/Release-iphonesimulator/gRPC-C++-gRPCCertificates-Cpp.build/ResourceManagerResources/Objects
               REZ_SEARCH_PATHS = /Users/otislewis/arena/build/ios/Release-iphonesimulator/gRPC-C++ 
               SCAN_ALL_SOURCE_FILES_FOR_INCLUDES = NO
               SCRIPTS_FOLDER_PATH = gRPCCertificates-Cpp.bundle/Scripts
               SDKROOT = /Applications/Xcode.app/Contents/Developer/Platforms/iPhoneSimulator.platform/Developer/SDKs/iPhoneSimulator18.4.sdk
               SDK_DIR = /Applications/Xcode.app/Contents/Developer/Platforms/iPhoneSimulator.platform/Developer/SDKs/iPhoneSimulator18.4.sdk
               SDK_DIR_iphonesimulator = /Applications/Xcode.app/Contents/Developer/Platforms/iPhoneSimulator.platform/Developer/SDKs/iPhoneSimulator18.4.sdk
               SDK_DIR_iphonesimulator18_4 = /Applications/Xcode.app/Contents/Developer/Platforms/iPhoneSimulator.platform/Developer/SDKs/iPhoneSimulator18.4.sdk
               SDK_NAME = iphonesimulator18.4
               SDK_NAMES = iphonesimulator18.4
               SDK_PRODUCT_BUILD_VERSION = 22E235
               SDK_STAT_CACHE_DIR = /var/folders/4y/xy3fflts0nqfk1tsxg0t3mmr0000gn/C/com.apple.DeveloperTools/16.3-16E140/Xcode
               SDK_STAT_CACHE_ENABLE = YES
               SDK_STAT_CACHE_PATH = /var/folders/4y/xy3fflts0nqfk1tsxg0t3mmr0000gn/C/com.apple.DeveloperTools/16.3-16E140/Xcode/SDKStatCaches.noindex/iphonesimulator18.4-22E235-71825a6d136aa4733edcbe86ece5525b.sdkstatcache
               SDK_VERSION = 18.4
               SDK_VERSION_ACTUAL = 180400
               SDK_VERSION_MAJOR = 180000
               SDK_VERSION_MINOR = 180400
               SED = /usr/bin/sed
               SEPARATE_STRIP = NO
               SEPARATE_SYMBOL_EDIT = NO
               SET_DIR_MODE_OWNER_GROUP = YES
               SET_FILE_MODE_OWNER_GROUP = NO
               SHALLOW_BUNDLE = YES
               SHALLOW_BUNDLE_TRIPLE = ios-simulator
               SHALLOW_BUNDLE_ios_macabi = NO
               SHALLOW_BUNDLE_macos = NO
               SHARED_DERIVED_FILE_DIR = /Users/otislewis/arena/build/ios/Release-iphonesimulator/gRPC-C++/DerivedSources
               SHARED_FRAMEWORKS_FOLDER_PATH = gRPCCertificates-Cpp.bundle/SharedFrameworks
               SHARED_PRECOMPS_DIR = /Users/otislewis/arena/build/ios/SharedPrecompiledHeaders
               SHARED_SUPPORT_FOLDER_PATH = gRPCCertificates-Cpp.bundle/SharedSupport
               SKIP_INSTALL = YES
               SOURCE_ROOT = /Users/otislewis/arena/ios/Pods
               SRCROOT = /Users/otislewis/arena/ios/Pods
               STRINGSDATA_DIR = /Users/otislewis/arena/build/ios/Pods.build/Release-iphonesimulator/gRPC-C++-gRPCCertificates-Cpp.build/Objects-normal/undefined_arch
               STRINGSDATA_ROOT = /Users/otislewis/arena/build/ios/Pods.build/Release-iphonesimulator/gRPC-C++-gRPCCertificates-Cpp.build
               STRINGS_FILE_INFOPLIST_RENAME = YES
               STRINGS_FILE_OUTPUT_ENCODING = binary
               STRIP_BITCODE_FROM_COPIED_FILES = NO
               STRIP_INSTALLED_PRODUCT = NO
               STRIP_STYLE = non-global
               STRIP_SWIFT_SYMBOLS = YES
               SUPPORTED_DEVICE_FAMILIES = 1,2
               SUPPORTED_PLATFORMS = iphoneos iphonesimulator
               SUPPORTS_TEXT_BASED_API = NO
               SUPPRESS_WARNINGS = NO
               SWIFT_COMPILATION_MODE = wholemodule
               SWIFT_EMIT_LOC_STRINGS = NO
               SWIFT_OPTIMIZATION_LEVEL = -O
               SWIFT_PLATFORM_TARGET_PREFIX = ios
               SWIFT_VERSION = 5.0
               SYMROOT = /Users/otislewis/arena/ios/build
               SYSTEM_ADMIN_APPS_DIR = /Applications/Utilities
               SYSTEM_APPS_DIR = /Applications
               SYSTEM_CORE_SERVICES_DIR = /System/Library/CoreServices
               SYSTEM_DEMOS_DIR = /Applications/Extras
               SYSTEM_DEVELOPER_APPS_DIR = /Applications/Xcode.app/Contents/Developer/Applications
               SYSTEM_DEVELOPER_BIN_DIR = /Applications/Xcode.app/Contents/Developer/usr/bin
               SYSTEM_DEVELOPER_DEMOS_DIR = /Applications/Xcode.app/Contents/Developer/Applications/Utilities/Built Examples
               SYSTEM_DEVELOPER_DIR = /Applications/Xcode.app/Contents/Developer
               SYSTEM_DEVELOPER_DOC_DIR = /Applications/Xcode.app/Contents/Developer/ADC Reference Library
               SYSTEM_DEVELOPER_GRAPHICS_TOOLS_DIR = /Applications/Xcode.app/Contents/Developer/Applications/Graphics Tools
               SYSTEM_DEVELOPER_JAVA_TOOLS_DIR = /Applications/Xcode.app/Contents/Developer/Applications/Java Tools
               SYSTEM_DEVELOPER_PERFORMANCE_TOOLS_DIR = /Applications/Xcode.app/Contents/Developer/Applications/Performance Tools
               SYSTEM_DEVELOPER_RELEASENOTES_DIR = /Applications/Xcode.app/Contents/Developer/ADC Reference Library/releasenotes
               SYSTEM_DEVELOPER_TOOLS = /Applications/Xcode.app/Contents/Developer/Tools
               SYSTEM_DEVELOPER_TOOLS_DOC_DIR = /Applications/Xcode.app/Contents/Developer/ADC Reference Library/documentation/DeveloperTools
               SYSTEM_DEVELOPER_TOOLS_RELEASENOTES_DIR = /Applications/Xcode.app/Contents/Developer/ADC Reference Library/releasenotes/DeveloperTools
               SYSTEM_DEVELOPER_USR_DIR = /Applications/Xcode.app/Contents/Developer/usr
               SYSTEM_DEVELOPER_UTILITIES_DIR = /Applications/Xcode.app/Contents/Developer/Applications/Utilities
               SYSTEM_DEXT_INSTALL_PATH = /System/Library/DriverExtensions
               SYSTEM_DOCUMENTATION_DIR = /Library/Documentation
               SYSTEM_EXTENSIONS_FOLDER_PATH = gRPCCertificates-Cpp.bundle/SystemExtensions
               SYSTEM_EXTENSIONS_FOLDER_PATH_SHALLOW_BUNDLE_NO = gRPCCertificates-Cpp.bundle/Library/SystemExtensions
               SYSTEM_EXTENSIONS_FOLDER_PATH_SHALLOW_BUNDLE_YES = gRPCCertificates-Cpp.bundle/SystemExtensions
               SYSTEM_KEXT_INSTALL_PATH = /System/Library/Extensions
               SYSTEM_LIBRARY_DIR = /System/Library
               TAPI_DEMANGLE = YES
               TAPI_ENABLE_PROJECT_HEADERS = NO
               TAPI_LANGUAGE = objective-c
               TAPI_LANGUAGE_STANDARD = compiler-default
               TAPI_USE_SRCROOT = YES
               TAPI_VERIFY_MODE = Pedantic
               TARGETED_DEVICE_FAMILY = 1,2
               TARGETNAME = gRPC-C++-gRPCCertificates-Cpp
               TARGET_BUILD_DIR = /Users/otislewis/arena/build/ios/Release-iphonesimulator/gRPC-C++
               TARGET_NAME = gRPC-C++-gRPCCertificates-Cpp
               TARGET_TEMP_DIR = /Users/otislewis/arena/build/ios/Pods.build/Release-iphonesimulator/gRPC-C++-gRPCCertificates-Cpp.build
               TEMP_DIR = /Users/otislewis/arena/build/ios/Pods.build/Release-iphonesimulator/gRPC-C++-gRPCCertificates-Cpp.build
               TEMP_FILES_DIR = /Users/otislewis/arena/build/ios/Pods.build/Release-iphonesimulator/gRPC-C++-gRPCCertificates-Cpp.build
               TEMP_FILE_DIR = /Users/otislewis/arena/build/ios/Pods.build/Release-iphonesimulator/gRPC-C++-gRPCCertificates-Cpp.build
               TEMP_ROOT = /Users/otislewis/arena/build/ios
               TEMP_SANDBOX_DIR = /Users/otislewis/arena/build/ios/TemporaryTaskSandboxes
               TEST_FRAMEWORK_SEARCH_PATHS =  /Applications/Xcode.app/Contents/Developer/Platforms/iPhoneSimulator.platform/Developer/Library/Frameworks /Applications/Xcode.app/Contents/Developer/Platforms/iPhoneSimulator.platform/Developer/SDKs/iPhoneSimulator18.4.sdk/Developer/Library/Frameworks
               TEST_LIBRARY_SEARCH_PATHS =  /Applications/Xcode.app/Contents/Developer/Platforms/iPhoneSimulator.platform/Developer/usr/lib
               TOOLCHAINS = com.apple.dt.toolchain.XcodeDefault
               TOOLCHAIN_DIR = /Applications/Xcode.app/Contents/Developer/Toolchains/XcodeDefault.xctoolchain
               TREAT_MISSING_BASELINES_AS_TEST_FAILURES = NO
               TREAT_MISSING_SCRIPT_PHASE_OUTPUTS_AS_ERRORS = NO
               UID = 501
               UNINSTALLED_PRODUCTS_DIR = /Users/otislewis/arena/build/ios/UninstalledProducts
               UNLOCALIZED_RESOURCES_FOLDER_PATH = gRPCCertificates-Cpp.bundle
               UNLOCALIZED_RESOURCES_FOLDER_PATH_SHALLOW_BUNDLE_NO = gRPCCertificates-Cpp.bundle/Resources
               UNLOCALIZED_RESOURCES_FOLDER_PATH_SHALLOW_BUNDLE_YES = gRPCCertificates-Cpp.bundle
               UNSTRIPPED_PRODUCT = NO
               USER = otislewis
               USER_APPS_DIR = /Users/otislewis/Applications
               USER_HEADER_SEARCH_PATHS = "/Users/otislewis/arena/ios/Pods/gRPC-C++" "/Users/otislewis/arena/ios/Pods/gRPC-C++/src/core/ext/upb-gen" "/Users/otislewis/arena/ios/Pods/gRPC-C++/src/core/ext/upbdefs-gen" "/Users/otislewis/arena/ios/Pods/gRPC-C++/third_party/re2" "/Users/otislewis/arena/ios/Pods/gRPC-C++/third_party/upb" "/Users/otislewis/arena/ios/Pods/gRPC-C++/third_party/xxhash"
               USER_LIBRARY_DIR = /Users/otislewis/Library
               USE_DYNAMIC_NO_PIC = YES
               USE_HEADERMAP = NO
               USE_HEADER_SYMLINKS = NO
               USE_RECURSIVE_SCRIPT_INPUTS_IN_SCRIPT_PHASES = YES
               VALIDATE_DEVELOPMENT_ASSET_PATHS = YES_ERROR
               VALIDATE_PRODUCT = NO
               VALID_ARCHS = arm64
               VERBOSE_PBXCP = NO
               VERSIONPLIST_PATH = gRPCCertificates-Cpp.bundle/version.plist
               VERSION_INFO_BUILDER = otislewis
               VERSION_INFO_FILE = gRPCCertificates-Cpp_vers.c
               VERSION_INFO_STRING = "@(#)PROGRAM:gRPCCertificates-Cpp  PROJECT:Pods-"
               WORKSPACE_DIR = /Users/otislewis/arena/ios/Pods/Pods.xcodeproj
               WRAPPER_EXTENSION = bundle
               WRAPPER_NAME = gRPCCertificates-Cpp.bundle
               WRAPPER_SUFFIX = .bundle
               WRAP_ASSET_PACKS_IN_SEPARATE_DIRECTORIES = NO
               XCODE_APP_SUPPORT_DIR = /Applications/Xcode.app/Contents/Developer/Library/Xcode
               XCODE_PRODUCT_BUILD_VERSION = 16E140
               XCODE_VERSION_ACTUAL = 1630
               XCODE_VERSION_MAJOR = 1600
               XCODE_VERSION_MINOR = 1630
               XPCSERVICES_FOLDER_PATH = gRPCCertificates-Cpp.bundle/XPCServices
               YACC = yacc
               _DISCOVER_COMMAND_LINE_LINKER_INPUTS = YES
               _DISCOVER_COMMAND_LINE_LINKER_INPUTS_INCLUDE_WL = YES
               _WRAPPER_CONTENTS_DIR_SHALLOW_BUNDLE_NO = /Contents
               _WRAPPER_PARENT_PATH_SHALLOW_BUNDLE_NO = /..
               _WRAPPER_RESOURCES_DIR_SHALLOW_BUNDLE_NO = /Resources
               __DIAGNOSE_DEPRECATED_ARCHS = YES
               arch = undefined_arch
               variant = normal

           Build settings for action build and target gRPC-C++-grpcpp:
               ACTION = build
               AD_HOC_CODE_SIGNING_ALLOWED = YES
               ALLOW_BUILD_REQUEST_OVERRIDES = NO
               ALLOW_TARGET_PLATFORM_SPECIALIZATION = NO
               ALTERNATE_GROUP = staff
               ALTERNATE_MODE = u+w,go-w,a+rX
               ALTERNATE_OWNER = otislewis
               ALTERNATIVE_DISTRIBUTION_WEB = NO
               ALWAYS_EMBED_SWIFT_STANDARD_LIBRARIES = NO
               ALWAYS_SEARCH_USER_PATHS = NO
               ALWAYS_USE_SEPARATE_HEADERMAPS = NO
               APPLICATION_EXTENSION_API_ONLY = NO
               APPLY_RULES_IN_COPY_FILES = NO
               APPLY_RULES_IN_COPY_HEADERS = NO
               APP_SHORTCUTS_ENABLE_FLEXIBLE_MATCHING = YES
               ARCHS_STANDARD = arm64 x86_64
               ARCHS_STANDARD_32_64_BIT = arm64 x86_64
               ARCHS_STANDARD_64_BIT = arm64 x86_64
               ARCHS_STANDARD_INCLUDING_64_BIT = arm64 x86_64
               ARCHS_UNIVERSAL_IPHONE_OS = arm64 x86_64
               AUTOMATICALLY_MERGE_DEPENDENCIES = NO
               AVAILABLE_PLATFORMS = android appletvos appletvsimulator driverkit iphoneos iphonesimulator macosx qnx watchos watchsimulator xros xrsimulator
               BITCODE_GENERATION_MODE = marker
               BUILD_ACTIVE_RESOURCES_ONLY = NO
               BUILD_COMPONENTS = headers build
               BUILD_DIR = /Users/otislewis/arena/build/ios
               BUILD_LIBRARY_FOR_DISTRIBUTION = NO
               BUILD_ROOT = /Users/otislewis/arena/ios/build
               BUILD_STYLE = 
               BUILD_VARIANTS = normal
               BUILT_PRODUCTS_DIR = /Users/otislewis/arena/build/ios/Release-iphonesimulator/gRPC-C++
               BUNDLE_CONTENTS_FOLDER_PATH_deep = Contents/
               BUNDLE_EXECUTABLE_FOLDER_NAME_deep = MacOS
               BUNDLE_EXTENSIONS_FOLDER_PATH = Extensions
               BUNDLE_FORMAT = shallow
               BUNDLE_FRAMEWORKS_FOLDER_PATH = Frameworks
               BUNDLE_PLUGINS_FOLDER_PATH = PlugIns
               BUNDLE_PRIVATE_HEADERS_FOLDER_PATH = PrivateHeaders
               BUNDLE_PUBLIC_HEADERS_FOLDER_PATH = Headers
               CACHE_ROOT = /var/folders/4y/xy3fflts0nqfk1tsxg0t3mmr0000gn/C/com.apple.DeveloperTools/16.3-16E140/Xcode
               CCHROOT = /var/folders/4y/xy3fflts0nqfk1tsxg0t3mmr0000gn/C/com.apple.DeveloperTools/16.3-16E140/Xcode
               CHMOD = /bin/chmod
               CHOWN = /usr/sbin/chown
               CLANG_ANALYZER_LOCALIZABILITY_NONLOCALIZED = YES
               CLANG_ANALYZER_NONNULL = YES
               CLANG_ANALYZER_NUMBER_OBJECT_CONVERSION = YES_AGGRESSIVE
               CLANG_CACHE_FINE_GRAINED_OUTPUTS = YES
               CLANG_CXX_LANGUAGE_STANDARD = c++14
               CLANG_CXX_LIBRARY = libc++
               CLANG_ENABLE_EXPLICIT_MODULES = YES
               CLANG_ENABLE_MODULES = YES
               CLANG_ENABLE_OBJC_ARC = YES
               CLANG_ENABLE_OBJC_WEAK = YES
               CLANG_MODULES_BUILD_SESSION_FILE = /var/folders/4y/xy3fflts0nqfk1tsxg0t3mmr0000gn/C/org.llvm.clang/ModuleCache.noindex/Session.modulevalidation
               CLANG_WARN_BLOCK_CAPTURE_AUTORELEASING = YES
               CLANG_WARN_BOOL_CONVERSION = YES
               CLANG_WARN_COMMA = YES
               CLANG_WARN_CONSTANT_CONVERSION = YES
               CLANG_WARN_DEPRECATED_OBJC_IMPLEMENTATIONS = YES
               CLANG_WARN_DIRECT_OBJC_ISA_USAGE = YES_ERROR
               CLANG_WARN_DOCUMENTATION_COMMENTS = NO
               CLANG_WARN_EMPTY_BODY = YES
               CLANG_WARN_ENUM_CONVERSION = YES
               CLANG_WARN_INFINITE_RECURSION = YES
               CLANG_WARN_INT_CONVERSION = YES
               CLANG_WARN_NON_LITERAL_NULL_CONVERSION = YES
               CLANG_WARN_OBJC_IMPLICIT_RETAIN_SELF = YES
               CLANG_WARN_OBJC_LITERAL_CONVERSION = YES
               CLANG_WARN_OBJC_ROOT_CLASS = YES_ERROR
               CLANG_WARN_QUOTED_INCLUDE_IN_FRAMEWORK_HEADER = NO
               CLANG_WARN_RANGE_LOOP_ANALYSIS = YES
               CLANG_WARN_STRICT_PROTOTYPES = NO
               CLANG_WARN_SUSPICIOUS_MOVE = YES
               CLANG_WARN_UNGUARDED_AVAILABILITY = YES_AGGRESSIVE
               CLANG_WARN_UNREACHABLE_CODE = YES
               CLANG_WARN__DUPLICATE_METHOD_MATCH = YES
               CLASS_FILE_DIR = /Users/otislewis/arena/build/ios/Pods.build/Release-iphonesimulator/gRPC-C++-grpcpp.build/JavaClasses
               CLEAN_PRECOMPS = YES
               CLONE_HEADERS = NO
               CODESIGNING_FOLDER_PATH = /Users/otislewis/arena/build/ios/Release-iphonesimulator/gRPC-C++/grpcpp.bundle
               CODE_SIGNING_ALLOWED = NO
               CODE_SIGNING_IDENTITY = -
               CODE_SIGNING_REQUIRED = NO
               CODE_SIGN_CONTEXT_CLASS = XCiPhoneSimulatorCodeSignContext
               CODE_SIGN_IDENTITY = -
               CODE_SIGN_INJECT_BASE_ENTITLEMENTS = YES
               COLOR_DIAGNOSTICS = NO
               COMBINE_HIDPI_IMAGES = NO
               COMPILATION_CACHE_CAS_PATH = /var/folders/4y/xy3fflts0nqfk1tsxg0t3mmr0000gn/C/com.apple.DeveloperTools/16.3-16E140/Xcode/CompilationCache.noindex
               COMPILATION_CACHE_KEEP_CAS_DIRECTORY = YES
               COMPILER_INDEX_STORE_ENABLE = Default
               COMPOSITE_SDK_DIRS = /Users/otislewis/arena/build/ios/CompositeSDKs
               COMPRESS_PNG_FILES = YES
               CONFIGURATION = Release
               CONFIGURATION_BUILD_DIR = /Users/otislewis/arena/build/ios/Release-iphonesimulator/gRPC-C++
               CONFIGURATION_TEMP_DIR = /Users/otislewis/arena/build/ios/Pods.build/Release-iphonesimulator
               CONTENTS_FOLDER_PATH = grpcpp.bundle
               CONTENTS_FOLDER_PATH_SHALLOW_BUNDLE_NO = grpcpp.bundle/Contents
               CONTENTS_FOLDER_PATH_SHALLOW_BUNDLE_YES = grpcpp.bundle
               COPYING_PRESERVES_HFS_DATA = NO
               COPY_HEADERS_RUN_UNIFDEF = NO
               COPY_PHASE_STRIP = NO
               CORRESPONDING_DEVICE_PLATFORM_DIR = /Applications/Xcode.app/Contents/Developer/Platforms/iPhoneOS.platform
               CORRESPONDING_DEVICE_PLATFORM_NAME = iphoneos
               CORRESPONDING_DEVICE_SDK_DIR = /Applications/Xcode.app/Contents/Developer/Platforms/iPhoneOS.platform/Developer/SDKs/iPhoneOS18.4.sdk
               CORRESPONDING_DEVICE_SDK_NAME = iphoneos18.4
               CP = /bin/cp
               CREATE_INFOPLIST_SECTION_IN_BINARY = NO
               CURRENT_ARCH = undefined_arch
               CURRENT_VARIANT = normal
               DEAD_CODE_STRIPPING = YES
               DEBUGGING_SYMBOLS = YES
               DEBUG_INFORMATION_FORMAT = dwarf-with-dsym
               DEBUG_INFORMATION_VERSION = compiler-default
               DEFAULT_COMPILER = com.apple.compilers.llvm.clang.1_0
               DEFAULT_DEXT_INSTALL_PATH = /System/Library/DriverExtensions
               DEFAULT_KEXT_INSTALL_PATH = /System/Library/Extensions
               DEFINES_MODULE = NO
               DEPLOYMENT_LOCATION = NO
               DEPLOYMENT_POSTPROCESSING = NO
               DEPLOYMENT_TARGET_SETTING_NAME = IPHONEOS_DEPLOYMENT_TARGET
               DEPLOYMENT_TARGET_SUGGESTED_VALUES = 12.0 12.1 12.2 12.3 12.4 13.0 13.1 13.2 13.3 13.4 13.5 13.6 14.0 14.1 14.2 14.3 14.4 14.5 14.6 14.7 15.0 15.1 15.2 15.3 15.4 15.5 15.6 16.0 16.1 16.2 16.3 16.4 16.5 16.6 17.0 17.1 17.2 17.3 17.4 17.5 17.6 18.0 18.1 18.2 18.3 18.4
               DERIVED_FILES_DIR = /Users/otislewis/arena/build/ios/Pods.build/Release-iphonesimulator/gRPC-C++-grpcpp.build/DerivedSources
               DERIVED_FILE_DIR = /Users/otislewis/arena/build/ios/Pods.build/Release-iphonesimulator/gRPC-C++-grpcpp.build/DerivedSources
               DERIVED_SOURCES_DIR = /Users/otislewis/arena/build/ios/Pods.build/Release-iphonesimulator/gRPC-C++-grpcpp.build/DerivedSources
               DEVELOPER_APPLICATIONS_DIR = /Applications/Xcode.app/Contents/Developer/Applications
               DEVELOPER_BIN_DIR = /Applications/Xcode.app/Contents/Developer/usr/bin
               DEVELOPER_DIR = /Applications/Xcode.app/Contents/Developer
               DEVELOPER_FRAMEWORKS_DIR = /Applications/Xcode.app/Contents/Developer/Library/Frameworks
               DEVELOPER_FRAMEWORKS_DIR_QUOTED = /Applications/Xcode.app/Contents/Developer/Library/Frameworks
               DEVELOPER_LIBRARY_DIR = /Applications/Xcode.app/Contents/Developer/Library
               DEVELOPER_SDK_DIR = /Applications/Xcode.app/Contents/Developer/Platforms/MacOSX.platform/Developer/SDKs
               DEVELOPER_TOOLS_DIR = /Applications/Xcode.app/Contents/Developer/Tools
               DEVELOPER_USR_DIR = /Applications/Xcode.app/Contents/Developer/usr
               DEVELOPMENT_LANGUAGE = en
               DIAGNOSE_MISSING_TARGET_DEPENDENCIES = YES
               DIFF = /usr/bin/diff
               DOCUMENTATION_FOLDER_PATH = grpcpp.bundle/en.lproj/Documentation
               DONT_GENERATE_INFOPLIST_FILE = NO
               DSTROOT = /tmp/Pods.dst
               DT_TOOLCHAIN_DIR = /Applications/Xcode.app/Contents/Developer/Toolchains/XcodeDefault.xctoolchain
               DWARF_DSYM_FILE_NAME = grpcpp.bundle.dSYM
               DWARF_DSYM_FILE_SHOULD_ACCOMPANY_PRODUCT = NO
               DWARF_DSYM_FOLDER_PATH = /Users/otislewis/arena/build/ios/Release-iphonesimulator/gRPC-C++
               DYNAMIC_LIBRARY_EXTENSION = dylib
               EAGER_COMPILATION_ALLOW_SCRIPTS = NO
               EAGER_LINKING = NO
               EFFECTIVE_PLATFORM_NAME = -iphonesimulator
               EMBEDDED_CONTENT_CONTAINS_SWIFT = NO
               EMBED_ASSET_PACKS_IN_PRODUCT_BUNDLE = NO
               ENABLE_APP_SANDBOX = NO
               ENABLE_BITCODE = NO
               ENABLE_CODE_COVERAGE = YES
               ENABLE_DEFAULT_HEADER_SEARCH_PATHS = YES
               ENABLE_DEFAULT_SEARCH_PATHS = YES
               ENABLE_HARDENED_RUNTIME = NO
               ENABLE_HEADER_DEPENDENCIES = YES
               ENABLE_INCOMING_NETWORK_CONNECTIONS = NO
               ENABLE_NS_ASSERTIONS = NO
               ENABLE_ON_DEMAND_RESOURCES = NO
               ENABLE_OUTGOING_NETWORK_CONNECTIONS = NO
               ENABLE_RESOURCE_ACCESS_AUDIO_INPUT = NO
               ENABLE_RESOURCE_ACCESS_BLUETOOTH = NO
               ENABLE_RESOURCE_ACCESS_CALENDARS = NO
               ENABLE_RESOURCE_ACCESS_CAMERA = NO
               ENABLE_RESOURCE_ACCESS_CONTACTS = NO
               ENABLE_RESOURCE_ACCESS_LOCATION = NO
               ENABLE_RESOURCE_ACCESS_PRINTING = NO
               ENABLE_RESOURCE_ACCESS_USB = NO
               ENABLE_SDK_IMPORTS = NO
               ENABLE_STRICT_OBJC_MSGSEND = YES
               ENABLE_TESTABILITY = NO
               ENABLE_TESTING_SEARCH_PATHS = NO
               ENABLE_USER_SCRIPT_SANDBOXING = NO
               ENFORCE_VALID_ARCHS = YES
               ENTITLEMENTS_DESTINATION = __entitlements
               ENTITLEMENTS_REQUIRED = NO
               EXCLUDED_ARCHS = arm64
               EXCLUDED_INSTALLSRC_SUBDIRECTORY_PATTERNS = .DS_Store .svn .git .hg CVS
               EXCLUDED_RECURSIVE_SEARCH_PATH_SUBDIRECTORIES = *.nib *.lproj *.framework *.gch *.xcode* *.xcassets (*) .DS_Store CVS .svn .git .hg *.pbproj *.pbxproj
               EXECUTABLES_FOLDER_PATH = grpcpp.bundle/Executables
               EXECUTABLE_FOLDER_PATH = grpcpp.bundle
               EXECUTABLE_FOLDER_PATH_SHALLOW_BUNDLE_NO = grpcpp.bundle/MacOS
               EXECUTABLE_FOLDER_PATH_SHALLOW_BUNDLE_YES = grpcpp.bundle
               EXECUTABLE_NAME = grpcpp
               EXECUTABLE_PATH = grpcpp.bundle/grpcpp
               EXPANDED_CODE_SIGN_IDENTITY = -
               EXTENSIONS_FOLDER_PATH = grpcpp.bundle/Extensions
               FILE_LIST = /Users/otislewis/arena/build/ios/Pods.build/Release-iphonesimulator/gRPC-C++-grpcpp.build/Objects/LinkFileList
               FIXED_FILES_DIR = /Users/otislewis/arena/build/ios/Pods.build/Release-iphonesimulator/gRPC-C++-grpcpp.build/FixedFiles
               FRAMEWORKS_FOLDER_PATH = grpcpp.bundle/Frameworks
               FRAMEWORK_FLAG_PREFIX = -framework
               FRAMEWORK_SEARCH_PATHS = /Users/otislewis/arena/build/ios/Release-iphonesimulator/gRPC-C++  "/Users/otislewis/arena/build/ios/Release-iphonesimulator/BoringSSL-GRPC" "/Users/otislewis/arena/build/ios/Release-iphonesimulator/abseil" "/Users/otislewis/arena/build/ios/Release-iphonesimulator/gRPC-Core"
               FRAMEWORK_VERSION = A
               FULL_PRODUCT_NAME = grpcpp.bundle
               FUSE_BUILD_PHASES = YES
               FUSE_BUILD_SCRIPT_PHASES = NO
               GCC3_VERSION = 3.3
               GCC_C_LANGUAGE_STANDARD = gnu11
               GCC_INLINES_ARE_PRIVATE_EXTERN = YES
               GCC_NO_COMMON_BLOCKS = YES
               GCC_OBJC_LEGACY_DISPATCH = YES
               GCC_PFE_FILE_C_DIALECTS = c objective-c c++ objective-c++
               GCC_PREPROCESSOR_DEFINITIONS = POD_CONFIGURATION_RELEASE=1  COCOAPODS=1
               GCC_TREAT_WARNINGS_AS_ERRORS = NO
               GCC_VERSION = com.apple.compilers.llvm.clang.1_0
               GCC_VERSION_IDENTIFIER = com_apple_compilers_llvm_clang_1_0
               GCC_WARN_64_TO_32_BIT_CONVERSION = YES
               GCC_WARN_ABOUT_RETURN_TYPE = YES_ERROR
               GCC_WARN_UNDECLARED_SELECTOR = YES
               GCC_WARN_UNINITIALIZED_AUTOS = YES_AGGRESSIVE
               GCC_WARN_UNUSED_FUNCTION = YES
               GCC_WARN_UNUSED_VARIABLE = YES
               GENERATED_MODULEMAP_DIR = /Users/otislewis/arena/build/ios/GeneratedModuleMaps-iphonesimulator
               GENERATE_INFOPLIST_FILE = NO
               GENERATE_INTERMEDIATE_TEXT_BASED_STUBS = YES
               GENERATE_MASTER_OBJECT_FILE = NO
               GENERATE_PKGINFO_FILE = NO
               GENERATE_PROFILING_CODE = NO
               GENERATE_TEXT_BASED_STUBS = NO
               GID = 20
               GROUP = staff
               HEADERMAP_INCLUDES_FLAT_ENTRIES_FOR_TARGET_BEING_BUILT = YES
               HEADERMAP_INCLUDES_FRAMEWORK_ENTRIES_FOR_ALL_PRODUCT_TYPES = YES
               HEADERMAP_INCLUDES_FRAMEWORK_ENTRIES_FOR_TARGETS_NOT_BEING_BUILT = YES
               HEADERMAP_INCLUDES_NONPUBLIC_NONPRIVATE_HEADERS = YES
               HEADERMAP_INCLUDES_PROJECT_HEADERS = YES
               HEADERMAP_USES_FRAMEWORK_PREFIX_ENTRIES = YES
               HEADERMAP_USES_VFS = NO
               HEADER_SEARCH_PATHS = /Users/otislewis/arena/build/ios/Release-iphonesimulator/gRPC-C++/include "" "/Users/otislewis/arena/ios/Pods/gRPC-C++/include"
               HIDE_BITCODE_SYMBOLS = YES
               HOME = /Users/otislewis
               HOST_ARCH = arm64
               HOST_PLATFORM = macosx
               IBSC_MODULE = grpcpp
               ICONV = /usr/bin/iconv
               IMPLICIT_DEPENDENCY_DOMAIN = default
               INFOPLIST_ENABLE_CFBUNDLEICONS_MERGE = YES
               INFOPLIST_EXPAND_BUILD_SETTINGS = YES
               INFOPLIST_FILE = Target Support Files/gRPC-C++/ResourceBundle-grpcpp-gRPC-C++-Info.plist
               INFOPLIST_OUTPUT_FORMAT = binary
               INFOPLIST_PATH = grpcpp.bundle/Info.plist
               INFOPLIST_PREPROCESS = NO
               INFOSTRINGS_PATH = grpcpp.bundle/en.lproj/InfoPlist.strings
               INLINE_PRIVATE_FRAMEWORKS = NO
               INSTALLAPI_IGNORE_SKIP_INSTALL = YES
               INSTALLHDRS_COPY_PHASE = NO
               INSTALLHDRS_SCRIPT_PHASE = NO
               INSTALL_DIR = /tmp/Pods.dst
               INSTALL_GROUP = staff
               INSTALL_MODE_FLAG = u+w,go-w,a+rX
               INSTALL_OWNER = otislewis
               INSTALL_ROOT = /tmp/Pods.dst
               IPHONEOS_DEPLOYMENT_TARGET = 13.0
               IS_UNOPTIMIZED_BUILD = NO
               JAVAC_DEFAULT_FLAGS = -J-Xms64m -J-XX:NewSize=4M -J-Dfile.encoding=UTF8
               JAVA_APP_STUB = /System/Library/Frameworks/JavaVM.framework/Resources/MacOS/JavaApplicationStub
               JAVA_ARCHIVE_CLASSES = YES
               JAVA_ARCHIVE_TYPE = JAR
               JAVA_COMPILER = /usr/bin/javac
               JAVA_FOLDER_PATH = grpcpp.bundle/Java
               JAVA_FRAMEWORK_RESOURCES_DIRS = Resources
               JAVA_JAR_FLAGS = cv
               JAVA_SOURCE_SUBDIR = .
               JAVA_USE_DEPENDENCIES = YES
               JAVA_ZIP_FLAGS = -urg
               JIKES_DEFAULT_FLAGS = +E +OLDCSO
               KEEP_PRIVATE_EXTERNS = NO
               LD_DEPENDENCY_INFO_FILE = /Users/otislewis/arena/build/ios/Pods.build/Release-iphonesimulator/gRPC-C++-grpcpp.build/Objects-normal/undefined_arch/grpcpp_dependency_info.dat
               LD_EXPORT_SYMBOLS = YES
               LD_GENERATE_MAP_FILE = NO
               LD_MAP_FILE_PATH = /Users/otislewis/arena/build/ios/Pods.build/Release-iphonesimulator/gRPC-C++-grpcpp.build/grpcpp-LinkMap-normal-undefined_arch.txt
               LD_NO_PIE = NO
               LD_QUOTE_LINKER_ARGUMENTS_FOR_COMPILER_DRIVER = YES
               LD_SHARED_CACHE_ELIGIBLE = Automatic
               LD_WARN_DUPLICATE_LIBRARIES = NO
               LD_WARN_UNUSED_DYLIBS = NO
               LEGACY_DEVELOPER_DIR = /Applications/Xcode.app/Contents/PlugIns/Xcode3Core.ideplugin/Contents/SharedSupport/Developer
               LEX = lex
               LIBRARY_DEXT_INSTALL_PATH = /Library/DriverExtensions
               LIBRARY_FLAG_NOSPACE = YES
               LIBRARY_FLAG_PREFIX = -l
               LIBRARY_KEXT_INSTALL_PATH = /Library/Extensions
               LIBRARY_SEARCH_PATHS = /Users/otislewis/arena/build/ios/Release-iphonesimulator/gRPC-C++ 
               LINKER_DISPLAYS_MANGLED_NAMES = NO
               LINK_OBJC_RUNTIME = YES
               LINK_WITH_STANDARD_LIBRARIES = YES
               LLVM_TARGET_TRIPLE_OS_VERSION = ios13.0
               LLVM_TARGET_TRIPLE_SUFFIX = -simulator
               LLVM_TARGET_TRIPLE_VENDOR = apple
               LOCALIZATION_EXPORT_SUPPORTED = YES
               LOCALIZATION_PREFERS_STRING_CATALOGS = NO
               LOCALIZED_RESOURCES_FOLDER_PATH = grpcpp.bundle/en.lproj
               LOCALIZED_STRING_MACRO_NAMES = NSLocalizedString CFCopyLocalizedString
               LOCALIZED_STRING_SWIFTUI_SUPPORT = YES
               LOCAL_ADMIN_APPS_DIR = /Applications/Utilities
               LOCAL_APPS_DIR = /Applications
               LOCAL_DEVELOPER_DIR = /Library/Developer
               LOCAL_LIBRARY_DIR = /Library
               LOCROOT = /Users/otislewis/arena/ios/Pods
               LOCSYMROOT = /Users/otislewis/arena/ios/Pods
               MACH_O_TYPE = mh_bundle
               MAC_OS_X_PRODUCT_BUILD_VERSION = 24F74
               MAC_OS_X_VERSION_ACTUAL = 150500
               MAC_OS_X_VERSION_MAJOR = 150000
               MAC_OS_X_VERSION_MINOR = 150500
               MAKE_MERGEABLE = NO
               MERGEABLE_LIBRARY = NO
               MERGED_BINARY_TYPE = none
               MERGE_LINKED_LIBRARIES = NO
               METAL_LIBRARY_FILE_BASE = default
               METAL_LIBRARY_OUTPUT_DIR = /Users/otislewis/arena/build/ios/Release-iphonesimulator/gRPC-C++/grpcpp.bundle
               MODULES_FOLDER_PATH = grpcpp.bundle/Modules
               MTL_ENABLE_DEBUG_INFO = NO
               MTL_FAST_MATH = YES
               NATIVE_ARCH = arm64
               NATIVE_ARCH_32_BIT = arm
               NATIVE_ARCH_64_BIT = arm64
               NATIVE_ARCH_ACTUAL = arm64
               NO_COMMON = YES
               OBJC_ABI_VERSION = 2
               OBJECT_FILE_DIR = /Users/otislewis/arena/build/ios/Pods.build/Release-iphonesimulator/gRPC-C++-grpcpp.build/Objects
               OBJECT_FILE_DIR_normal = /Users/otislewis/arena/build/ios/Pods.build/Release-iphonesimulator/gRPC-C++-grpcpp.build/Objects-normal
               OBJROOT = /Users/otislewis/arena/build/ios
               ONLY_ACTIVE_ARCH = NO
               OS = MACOS
               OSAC = /usr/bin/osacompile
               OTHER_LDFLAGS =  -l"c++" -framework "absl" -framework "grpc"
               PACKAGE_TYPE = com.apple.package-type.wrapper
               PASCAL_STRINGS = YES
               PATH = /Applications/Xcode.app/Contents/SharedFrameworks/SwiftBuild.framework/Versions/A/PlugIns/SWBBuildService.bundle/Contents/PlugIns/SWBUniversalPlatformPlugin.bundle/Contents/Frameworks/SWBUniversalPlatform.framework/Resources:/Applications/Xcode.app/Contents/Developer/Toolchains/XcodeDefault.xctoolchain/usr/bin:/Applications/Xcode.app/Contents/Developer/Toolchains/XcodeDefault.xctoolchain/usr/local/bin:/Applications/Xcode.app/Contents/Developer/Toolchains/XcodeDefault.xctoolchain/usr/libexec:/Applications/Xcode.app/Contents/Developer/Platforms/iPhoneSimulator.platform/usr/bin:/Applications/Xcode.app/Contents/Developer/Platforms/iPhoneSimulator.platform/usr/local/bin:/Applications/Xcode.app/Contents/Developer/Platforms/iPhoneSimulator.platform/Developer/usr/bin:/Applications/Xcode.app/Contents/Developer/Platforms/iPhoneSimulator.platform/Developer/usr/local/bin:/Applications/Xcode.app/Contents/Developer/usr/bin:/Applications/Xcode.app/Contents/Developer/usr/local/bin:/Users/otislewis/.gem/ruby/3.3.0/bin:/opt/homebrew/bin:/opt/homebrew/sbin:/usr/local/bin:/System/Cryptexes/App/usr/bin:/usr/bin:/bin:/usr/sbin:/sbin:/var/run/com.apple.security.cryptexd/codex.system/bootstrap/usr/local/bin:/var/run/com.apple.security.cryptexd/codex.system/bootstrap/usr/bin:/var/run/com.apple.security.cryptexd/codex.system/bootstrap/usr/appleinternal/bin:/Library/Apple/usr/bin:/opt/homebrew/Caskroom/flutter/3.32.0/flutter/bin:/Users/otislewis/Library/Android/sdk/emulator:/Users/otislewis/Library/Android/sdk/tools:/Users/otislewis/Library/Android/sdk/tools/bin:/Users/otislewis/Library/Android/sdk/platform-tools:/opt/homebrew/Caskroom/flutter/3.32.0/flutter/bin/cache/dart-sdk/bin
               PATH_PREFIXES_EXCLUDED_FROM_HEADER_DEPENDENCIES = /usr/include /usr/local/include /System/Library/Frameworks /System/Library/PrivateFrameworks /Applications/Xcode.app/Contents/Developer/Headers /Applications/Xcode.app/Contents/Developer/SDKs /Applications/Xcode.app/Contents/Developer/Platforms
               PBDEVELOPMENTPLIST_PATH = grpcpp.bundle/pbdevelopment.plist
               PER_ARCH_MODULE_FILE_DIR = /Users/otislewis/arena/build/ios/Pods.build/Release-iphonesimulator/gRPC-C++-grpcpp.build/Objects-normal/undefined_arch
               PER_ARCH_OBJECT_FILE_DIR = /Users/otislewis/arena/build/ios/Pods.build/Release-iphonesimulator/gRPC-C++-grpcpp.build/Objects-normal/undefined_arch
               PER_VARIANT_OBJECT_FILE_DIR = /Users/otislewis/arena/build/ios/Pods.build/Release-iphonesimulator/gRPC-C++-grpcpp.build/Objects-normal
               PKGINFO_FILE_PATH = /Users/otislewis/arena/build/ios/Pods.build/Release-iphonesimulator/gRPC-C++-grpcpp.build/PkgInfo
               PKGINFO_PATH = grpcpp.bundle/PkgInfo
               PLATFORM_DEVELOPER_APPLICATIONS_DIR = /Applications/Xcode.app/Contents/Developer/Platforms/iPhoneSimulator.platform/Developer/Applications
               PLATFORM_DEVELOPER_BIN_DIR = /Applications/Xcode.app/Contents/Developer/Platforms/iPhoneSimulator.platform/Developer/usr/bin
               PLATFORM_DEVELOPER_LIBRARY_DIR = /Applications/Xcode.app/Contents/Developer/Platforms/iPhoneSimulator.platform/Developer/Library
               PLATFORM_DEVELOPER_SDK_DIR = /Applications/Xcode.app/Contents/Developer/Platforms/iPhoneSimulator.platform/Developer/SDKs
               PLATFORM_DEVELOPER_TOOLS_DIR = /Applications/Xcode.app/Contents/Developer/Platforms/iPhoneSimulator.platform/Developer/Tools
               PLATFORM_DEVELOPER_USR_DIR = /Applications/Xcode.app/Contents/Developer/Platforms/iPhoneSimulator.platform/Developer/usr
               PLATFORM_DIR = /Applications/Xcode.app/Contents/Developer/Platforms/iPhoneSimulator.platform
               PLATFORM_DISPLAY_NAME = iOS Simulator
               PLATFORM_FAMILY_NAME = iOS
               PLATFORM_NAME = iphonesimulator
               PLATFORM_PREFERRED_ARCH = x86_64
               PLATFORM_PRODUCT_BUILD_VERSION = 22E235
               PLATFORM_REQUIRES_SWIFT_AUTOLINK_EXTRACT = NO
               PLATFORM_REQUIRES_SWIFT_MODULEWRAP = NO
               PLIST_FILE_OUTPUT_FORMAT = binary
               PLUGINS_FOLDER_PATH = grpcpp.bundle/PlugIns
               PODS_BUILD_DIR = /Users/otislewis/arena/build/ios
               PODS_CONFIGURATION_BUILD_DIR = /Users/otislewis/arena/build/ios/Release-iphonesimulator
               PODS_DEVELOPMENT_LANGUAGE = en
               PODS_ROOT = /Users/otislewis/arena/ios/Pods
               PODS_TARGET_SRCROOT = /Users/otislewis/arena/ios/Pods/gRPC-C++
               PODS_XCFRAMEWORKS_BUILD_DIR = /Users/otislewis/arena/build/ios/Release-iphonesimulator/XCFrameworkIntermediates
               PRECOMPS_INCLUDE_HEADERS_FROM_BUILT_PRODUCTS_DIR = YES
               PRECOMP_DESTINATION_DIR = /Users/otislewis/arena/build/ios/Pods.build/Release-iphonesimulator/gRPC-C++-grpcpp.build/PrefixHeaders
               PRIVATE_HEADERS_FOLDER_PATH = grpcpp.bundle/PrivateHeaders
               PROCESSED_INFOPLIST_PATH = /Users/otislewis/arena/build/ios/Pods.build/Release-iphonesimulator/gRPC-C++-grpcpp.build/Objects-normal/undefined_arch/Processed-Info.plist
               PRODUCT_BUNDLE_IDENTIFIER = org.cocoapods.grpcpp
               PRODUCT_BUNDLE_PACKAGE_TYPE = BNDL
               PRODUCT_MODULE_NAME = grpcpp
               PRODUCT_NAME = grpcpp
               PRODUCT_SETTINGS_PATH = /Users/otislewis/arena/ios/Pods/Target Support Files/gRPC-C++/ResourceBundle-grpcpp-gRPC-C++-Info.plist
               PRODUCT_TYPE = com.apple.product-type.bundle
               PROFILING_CODE = NO
               PROJECT = Pods
               PROJECT_DERIVED_FILE_DIR = /Users/otislewis/arena/build/ios/Pods.build/DerivedSources
               PROJECT_DIR = /Users/otislewis/arena/ios/Pods
               PROJECT_FILE_PATH = /Users/otislewis/arena/ios/Pods/Pods.xcodeproj
               PROJECT_GUID = bfdfe7dc352907fc980b868725387e98
               PROJECT_NAME = Pods
               PROJECT_TEMP_DIR = /Users/otislewis/arena/build/ios/Pods.build
               PROJECT_TEMP_ROOT = /Users/otislewis/arena/build/ios
               PUBLIC_HEADERS_FOLDER_PATH = grpcpp.bundle/Headers
               RECOMMENDED_IPHONEOS_DEPLOYMENT_TARGET = 15.0
               RECURSIVE_SEARCH_PATHS_FOLLOW_SYMLINKS = YES
               REMOVE_CVS_FROM_RESOURCES = YES
               REMOVE_GIT_FROM_RESOURCES = YES
               REMOVE_HEADERS_FROM_EMBEDDED_BUNDLES = YES
               REMOVE_HG_FROM_RESOURCES = YES
               REMOVE_STATIC_EXECUTABLES_FROM_EMBEDDED_BUNDLES = YES
               REMOVE_SVN_FROM_RESOURCES = YES
               RESCHEDULE_INDEPENDENT_HEADERS_PHASES = YES
               REZ_COLLECTOR_DIR = /Users/otislewis/arena/build/ios/Pods.build/Release-iphonesimulator/gRPC-C++-grpcpp.build/ResourceManagerResources
               REZ_OBJECTS_DIR = /Users/otislewis/arena/build/ios/Pods.build/Release-iphonesimulator/gRPC-C++-grpcpp.build/ResourceManagerResources/Objects
               REZ_SEARCH_PATHS = /Users/otislewis/arena/build/ios/Release-iphonesimulator/gRPC-C++ 
               SCAN_ALL_SOURCE_FILES_FOR_INCLUDES = NO
               SCRIPTS_FOLDER_PATH = grpcpp.bundle/Scripts
               SDKROOT = /Applications/Xcode.app/Contents/Developer/Platforms/iPhoneSimulator.platform/Developer/SDKs/iPhoneSimulator18.4.sdk
               SDK_DIR = /Applications/Xcode.app/Contents/Developer/Platforms/iPhoneSimulator.platform/Developer/SDKs/iPhoneSimulator18.4.sdk
               SDK_DIR_iphonesimulator = /Applications/Xcode.app/Contents/Developer/Platforms/iPhoneSimulator.platform/Developer/SDKs/iPhoneSimulator18.4.sdk
               SDK_DIR_iphonesimulator18_4 = /Applications/Xcode.app/Contents/Developer/Platforms/iPhoneSimulator.platform/Developer/SDKs/iPhoneSimulator18.4.sdk
               SDK_NAME = iphonesimulator18.4
               SDK_NAMES = iphonesimulator18.4
               SDK_PRODUCT_BUILD_VERSION = 22E235
               SDK_STAT_CACHE_DIR = /var/folders/4y/xy3fflts0nqfk1tsxg0t3mmr0000gn/C/com.apple.DeveloperTools/16.3-16E140/Xcode
               SDK_STAT_CACHE_ENABLE = YES
               SDK_STAT_CACHE_PATH = /var/folders/4y/xy3fflts0nqfk1tsxg0t3mmr0000gn/C/com.apple.DeveloperTools/16.3-16E140/Xcode/SDKStatCaches.noindex/iphonesimulator18.4-22E235-71825a6d136aa4733edcbe86ece5525b.sdkstatcache
               SDK_VERSION = 18.4
               SDK_VERSION_ACTUAL = 180400
               SDK_VERSION_MAJOR = 180000
               SDK_VERSION_MINOR = 180400
               SED = /usr/bin/sed
               SEPARATE_STRIP = NO
               SEPARATE_SYMBOL_EDIT = NO
               SET_DIR_MODE_OWNER_GROUP = YES
               SET_FILE_MODE_OWNER_GROUP = NO
               SHALLOW_BUNDLE = YES
               SHALLOW_BUNDLE_TRIPLE = ios-simulator
               SHALLOW_BUNDLE_ios_macabi = NO
               SHALLOW_BUNDLE_macos = NO
               SHARED_DERIVED_FILE_DIR = /Users/otislewis/arena/build/ios/Release-iphonesimulator/gRPC-C++/DerivedSources
               SHARED_FRAMEWORKS_FOLDER_PATH = grpcpp.bundle/SharedFrameworks
               SHARED_PRECOMPS_DIR = /Users/otislewis/arena/build/ios/SharedPrecompiledHeaders
               SHARED_SUPPORT_FOLDER_PATH = grpcpp.bundle/SharedSupport
               SKIP_INSTALL = YES
               SOURCE_ROOT = /Users/otislewis/arena/ios/Pods
               SRCROOT = /Users/otislewis/arena/ios/Pods
               STRINGSDATA_DIR = /Users/otislewis/arena/build/ios/Pods.build/Release-iphonesimulator/gRPC-C++-grpcpp.build/Objects-normal/undefined_arch
               STRINGSDATA_ROOT = /Users/otislewis/arena/build/ios/Pods.build/Release-iphonesimulator/gRPC-C++-grpcpp.build
               STRINGS_FILE_INFOPLIST_RENAME = YES
               STRINGS_FILE_OUTPUT_ENCODING = binary
               STRIP_BITCODE_FROM_COPIED_FILES = NO
               STRIP_INSTALLED_PRODUCT = NO
               STRIP_STYLE = non-global
               STRIP_SWIFT_SYMBOLS = YES
               SUPPORTED_DEVICE_FAMILIES = 1,2
               SUPPORTED_PLATFORMS = iphoneos iphonesimulator
               SUPPORTS_TEXT_BASED_API = NO
               SUPPRESS_WARNINGS = NO
               SWIFT_COMPILATION_MODE = wholemodule
               SWIFT_EMIT_LOC_STRINGS = NO
               SWIFT_OPTIMIZATION_LEVEL = -O
               SWIFT_PLATFORM_TARGET_PREFIX = ios
               SWIFT_VERSION = 5.0
               SYMROOT = /Users/otislewis/arena/ios/build
               SYSTEM_ADMIN_APPS_DIR = /Applications/Utilities
               SYSTEM_APPS_DIR = /Applications
               SYSTEM_CORE_SERVICES_DIR = /System/Library/CoreServices
               SYSTEM_DEMOS_DIR = /Applications/Extras
               SYSTEM_DEVELOPER_APPS_DIR = /Applications/Xcode.app/Contents/Developer/Applications
               SYSTEM_DEVELOPER_BIN_DIR = /Applications/Xcode.app/Contents/Developer/usr/bin
               SYSTEM_DEVELOPER_DEMOS_DIR = /Applications/Xcode.app/Contents/Developer/Applications/Utilities/Built Examples
               SYSTEM_DEVELOPER_DIR = /Applications/Xcode.app/Contents/Developer
               SYSTEM_DEVELOPER_DOC_DIR = /Applications/Xcode.app/Contents/Developer/ADC Reference Library
               SYSTEM_DEVELOPER_GRAPHICS_TOOLS_DIR = /Applications/Xcode.app/Contents/Developer/Applications/Graphics Tools
               SYSTEM_DEVELOPER_JAVA_TOOLS_DIR = /Applications/Xcode.app/Contents/Developer/Applications/Java Tools
               SYSTEM_DEVELOPER_PERFORMANCE_TOOLS_DIR = /Applications/Xcode.app/Contents/Developer/Applications/Performance Tools
               SYSTEM_DEVELOPER_RELEASENOTES_DIR = /Applications/Xcode.app/Contents/Developer/ADC Reference Library/releasenotes
               SYSTEM_DEVELOPER_TOOLS = /Applications/Xcode.app/Contents/Developer/Tools
               SYSTEM_DEVELOPER_TOOLS_DOC_DIR = /Applications/Xcode.app/Contents/Developer/ADC Reference Library/documentation/DeveloperTools
               SYSTEM_DEVELOPER_TOOLS_RELEASENOTES_DIR = /Applications/Xcode.app/Contents/Developer/ADC Reference Library/releasenotes/DeveloperTools
               SYSTEM_DEVELOPER_USR_DIR = /Applications/Xcode.app/Contents/Developer/usr
               SYSTEM_DEVELOPER_UTILITIES_DIR = /Applications/Xcode.app/Contents/Developer/Applications/Utilities
               SYSTEM_DEXT_INSTALL_PATH = /System/Library/DriverExtensions
               SYSTEM_DOCUMENTATION_DIR = /Library/Documentation
               SYSTEM_EXTENSIONS_FOLDER_PATH = grpcpp.bundle/SystemExtensions
               SYSTEM_EXTENSIONS_FOLDER_PATH_SHALLOW_BUNDLE_NO = grpcpp.bundle/Library/SystemExtensions
               SYSTEM_EXTENSIONS_FOLDER_PATH_SHALLOW_BUNDLE_YES = grpcpp.bundle/SystemExtensions
               SYSTEM_KEXT_INSTALL_PATH = /System/Library/Extensions
               SYSTEM_LIBRARY_DIR = /System/Library
               TAPI_DEMANGLE = YES
               TAPI_ENABLE_PROJECT_HEADERS = NO
               TAPI_LANGUAGE = objective-c
               TAPI_LANGUAGE_STANDARD = compiler-default
               TAPI_USE_SRCROOT = YES
               TAPI_VERIFY_MODE = Pedantic
               TARGETED_DEVICE_FAMILY = 1,2
               TARGETNAME = gRPC-C++-grpcpp
               TARGET_BUILD_DIR = /Users/otislewis/arena/build/ios/Release-iphonesimulator/gRPC-C++
               TARGET_NAME = gRPC-C++-grpcpp
               TARGET_TEMP_DIR = /Users/otislewis/arena/build/ios/Pods.build/Release-iphonesimulator/gRPC-C++-grpcpp.build
               TEMP_DIR = /Users/otislewis/arena/build/ios/Pods.build/Release-iphonesimulator/gRPC-C++-grpcpp.build
               TEMP_FILES_DIR = /Users/otislewis/arena/build/ios/Pods.build/Release-iphonesimulator/gRPC-C++-grpcpp.build
               TEMP_FILE_DIR = /Users/otislewis/arena/build/ios/Pods.build/Release-iphonesimulator/gRPC-C++-grpcpp.build
               TEMP_ROOT = /Users/otislewis/arena/build/ios
               TEMP_SANDBOX_DIR = /Users/otislewis/arena/build/ios/TemporaryTaskSandboxes
               TEST_FRAMEWORK_SEARCH_PATHS =  /Applications/Xcode.app/Contents/Developer/Platforms/iPhoneSimulator.platform/Developer/Library/Frameworks /Applications/Xcode.app/Contents/Developer/Platforms/iPhoneSimulator.platform/Developer/SDKs/iPhoneSimulator18.4.sdk/Developer/Library/Frameworks
               TEST_LIBRARY_SEARCH_PATHS =  /Applications/Xcode.app/Contents/Developer/Platforms/iPhoneSimulator.platform/Developer/usr/lib
               TOOLCHAINS = com.apple.dt.toolchain.XcodeDefault
               TOOLCHAIN_DIR = /Applications/Xcode.app/Contents/Developer/Toolchains/XcodeDefault.xctoolchain
               TREAT_MISSING_BASELINES_AS_TEST_FAILURES = NO
               TREAT_MISSING_SCRIPT_PHASE_OUTPUTS_AS_ERRORS = NO
               UID = 501
               UNINSTALLED_PRODUCTS_DIR = /Users/otislewis/arena/build/ios/UninstalledProducts
               UNLOCALIZED_RESOURCES_FOLDER_PATH = grpcpp.bundle
               UNLOCALIZED_RESOURCES_FOLDER_PATH_SHALLOW_BUNDLE_NO = grpcpp.bundle/Resources
               UNLOCALIZED_RESOURCES_FOLDER_PATH_SHALLOW_BUNDLE_YES = grpcpp.bundle
               UNSTRIPPED_PRODUCT = NO
               USER = otislewis
               USER_APPS_DIR = /Users/otislewis/Applications
               USER_HEADER_SEARCH_PATHS = "/Users/otislewis/arena/ios/Pods/gRPC-C++" "/Users/otislewis/arena/ios/Pods/gRPC-C++/src/core/ext/upb-gen" "/Users/otislewis/arena/ios/Pods/gRPC-C++/src/core/ext/upbdefs-gen" "/Users/otislewis/arena/ios/Pods/gRPC-C++/third_party/re2" "/Users/otislewis/arena/ios/Pods/gRPC-C++/third_party/upb" "/Users/otislewis/arena/ios/Pods/gRPC-C++/third_party/xxhash"
               USER_LIBRARY_DIR = /Users/otislewis/Library
               USE_DYNAMIC_NO_PIC = YES
               USE_HEADERMAP = NO
               USE_HEADER_SYMLINKS = NO
               USE_RECURSIVE_SCRIPT_INPUTS_IN_SCRIPT_PHASES = YES
               VALIDATE_DEVELOPMENT_ASSET_PATHS = YES_ERROR
               VALIDATE_PRODUCT = NO
               VALID_ARCHS = arm64
               VERBOSE_PBXCP = NO
               VERSIONPLIST_PATH = grpcpp.bundle/version.plist
               VERSION_INFO_BUILDER = otislewis
               VERSION_INFO_FILE = grpcpp_vers.c
               VERSION_INFO_STRING = "@(#)PROGRAM:grpcpp  PROJECT:Pods-"
               WORKSPACE_DIR = /Users/otislewis/arena/ios/Pods/Pods.xcodeproj
               WRAPPER_EXTENSION = bundle
               WRAPPER_NAME = grpcpp.bundle
               WRAPPER_SUFFIX = .bundle
               WRAP_ASSET_PACKS_IN_SEPARATE_DIRECTORIES = NO
               XCODE_APP_SUPPORT_DIR = /Applications/Xcode.app/Contents/Developer/Library/Xcode
               XCODE_PRODUCT_BUILD_VERSION = 16E140
               XCODE_VERSION_ACTUAL = 1630
               XCODE_VERSION_MAJOR = 1600
               XCODE_VERSION_MINOR = 1630
               XPCSERVICES_FOLDER_PATH = grpcpp.bundle/XPCServices
               YACC = yacc
               _DISCOVER_COMMAND_LINE_LINKER_INPUTS = YES
               _DISCOVER_COMMAND_LINE_LINKER_INPUTS_INCLUDE_WL = YES
               _WRAPPER_CONTENTS_DIR_SHALLOW_BUNDLE_NO = /Contents
               _WRAPPER_PARENT_PATH_SHALLOW_BUNDLE_NO = /..
               _WRAPPER_RESOURCES_DIR_SHALLOW_BUNDLE_NO = /Resources
               __DIAGNOSE_DEPRECATED_ARCHS = YES
               arch = undefined_arch
               variant = normal

           Build settings for action build and target gRPC-Core:
               ACTION = build
               AD_HOC_CODE_SIGNING_ALLOWED = YES
               ALLOW_BUILD_REQUEST_OVERRIDES = NO
               ALLOW_TARGET_PLATFORM_SPECIALIZATION = NO
               ALTERNATE_GROUP = staff
               ALTERNATE_MODE = u+w,go-w,a+rX
               ALTERNATE_OWNER = otislewis
               ALTERNATIVE_DISTRIBUTION_WEB = NO
               ALWAYS_EMBED_SWIFT_STANDARD_LIBRARIES = NO
               ALWAYS_SEARCH_USER_PATHS = NO
               ALWAYS_USE_SEPARATE_HEADERMAPS = NO
               APPLICATION_EXTENSION_API_ONLY = NO
               APPLY_RULES_IN_COPY_FILES = NO
               APPLY_RULES_IN_COPY_HEADERS = NO
               APP_SHORTCUTS_ENABLE_FLEXIBLE_MATCHING = YES
               ARCHS_STANDARD = arm64 x86_64
               ARCHS_STANDARD_32_64_BIT = arm64 x86_64
               ARCHS_STANDARD_64_BIT = arm64 x86_64
               ARCHS_STANDARD_INCLUDING_64_BIT = arm64 x86_64
               ARCHS_UNIVERSAL_IPHONE_OS = arm64 x86_64
               AUTOMATICALLY_MERGE_DEPENDENCIES = NO
               AVAILABLE_PLATFORMS = android appletvos appletvsimulator driverkit iphoneos iphonesimulator macosx qnx watchos watchsimulator xros xrsimulator
               BITCODE_GENERATION_MODE = marker
               BUILD_ACTIVE_RESOURCES_ONLY = NO
               BUILD_COMPONENTS = headers build
               BUILD_DIR = /Users/otislewis/arena/build/ios
               BUILD_LIBRARY_FOR_DISTRIBUTION = NO
               BUILD_ROOT = /Users/otislewis/arena/ios/build
               BUILD_STYLE = 
               BUILD_VARIANTS = normal
               BUILT_PRODUCTS_DIR = /Users/otislewis/arena/build/ios/Release-iphonesimulator/gRPC-Core
               BUNDLE_CONTENTS_FOLDER_PATH_deep = Contents/
               BUNDLE_EXECUTABLE_FOLDER_NAME_deep = MacOS
               BUNDLE_EXTENSIONS_FOLDER_PATH = Extensions
               BUNDLE_FORMAT = shallow
               BUNDLE_FRAMEWORKS_FOLDER_PATH = Frameworks
               BUNDLE_PLUGINS_FOLDER_PATH = PlugIns
               BUNDLE_PRIVATE_HEADERS_FOLDER_PATH = PrivateHeaders
               BUNDLE_PUBLIC_HEADERS_FOLDER_PATH = Headers
               CACHE_ROOT = /var/folders/4y/xy3fflts0nqfk1tsxg0t3mmr0000gn/C/com.apple.DeveloperTools/16.3-16E140/Xcode
               CCHROOT = /var/folders/4y/xy3fflts0nqfk1tsxg0t3mmr0000gn/C/com.apple.DeveloperTools/16.3-16E140/Xcode
               CHMOD = /bin/chmod
               CHOWN = /usr/sbin/chown
               CLANG_ANALYZER_LOCALIZABILITY_NONLOCALIZED = YES
               CLANG_ANALYZER_NONNULL = YES
               CLANG_ANALYZER_NUMBER_OBJECT_CONVERSION = YES_AGGRESSIVE
               CLANG_CACHE_FINE_GRAINED_OUTPUTS = YES
               CLANG_CXX_LANGUAGE_STANDARD = c++14
               CLANG_CXX_LIBRARY = libc++
               CLANG_ENABLE_EXPLICIT_MODULES = YES
               CLANG_ENABLE_MODULES = YES
               CLANG_ENABLE_OBJC_ARC = YES
               CLANG_ENABLE_OBJC_WEAK = NO
               CLANG_MODULES_BUILD_SESSION_FILE = /var/folders/4y/xy3fflts0nqfk1tsxg0t3mmr0000gn/C/org.llvm.clang/ModuleCache.noindex/Session.modulevalidation
               CLANG_WARN_BLOCK_CAPTURE_AUTORELEASING = YES
               CLANG_WARN_BOOL_CONVERSION = YES
               CLANG_WARN_COMMA = YES
               CLANG_WARN_CONSTANT_CONVERSION = YES
               CLANG_WARN_DEPRECATED_OBJC_IMPLEMENTATIONS = YES
               CLANG_WARN_DIRECT_OBJC_ISA_USAGE = YES_ERROR
               CLANG_WARN_DOCUMENTATION_COMMENTS = YES
               CLANG_WARN_EMPTY_BODY = YES
               CLANG_WARN_ENUM_CONVERSION = YES
               CLANG_WARN_INFINITE_RECURSION = YES
               CLANG_WARN_INT_CONVERSION = YES
               CLANG_WARN_NON_LITERAL_NULL_CONVERSION = YES
               CLANG_WARN_OBJC_IMPLICIT_RETAIN_SELF = YES
               CLANG_WARN_OBJC_LITERAL_CONVERSION = YES
               CLANG_WARN_OBJC_ROOT_CLASS = YES_ERROR
               CLANG_WARN_QUOTED_INCLUDE_IN_FRAMEWORK_HEADER = NO
               CLANG_WARN_RANGE_LOOP_ANALYSIS = YES
               CLANG_WARN_STRICT_PROTOTYPES = NO
               CLANG_WARN_SUSPICIOUS_MOVE = YES
               CLANG_WARN_UNGUARDED_AVAILABILITY = YES_AGGRESSIVE
               CLANG_WARN_UNREACHABLE_CODE = YES
               CLANG_WARN__DUPLICATE_METHOD_MATCH = YES
               CLASS_FILE_DIR = /Users/otislewis/arena/build/ios/Pods.build/Release-iphonesimulator/gRPC-Core.build/JavaClasses
               CLEAN_PRECOMPS = YES
               CLONE_HEADERS = NO
               CODESIGNING_FOLDER_PATH = /Users/otislewis/arena/build/ios/Release-iphonesimulator/gRPC-Core/grpc.framework
               CODE_SIGNING_ALLOWED = YES
               CODE_SIGNING_REQUIRED = NO
               CODE_SIGNING_REQUIRES_TEAM = YES
               CODE_SIGN_CONTEXT_CLASS = XCiPhoneSimulatorCodeSignContext
               CODE_SIGN_IDENTITY = -
               CODE_SIGN_INJECT_BASE_ENTITLEMENTS = YES
               COLOR_DIAGNOSTICS = NO
               COMBINE_HIDPI_IMAGES = NO
               COMPILATION_CACHE_CAS_PATH = /var/folders/4y/xy3fflts0nqfk1tsxg0t3mmr0000gn/C/com.apple.DeveloperTools/16.3-16E140/Xcode/CompilationCache.noindex
               COMPILATION_CACHE_KEEP_CAS_DIRECTORY = YES
               COMPILER_INDEX_STORE_ENABLE = Default
               COMPOSITE_SDK_DIRS = /Users/otislewis/arena/build/ios/CompositeSDKs
               COMPRESS_PNG_FILES = YES
               CONFIGURATION = Release
               CONFIGURATION_BUILD_DIR = /Users/otislewis/arena/build/ios/Release-iphonesimulator/gRPC-Core
               CONFIGURATION_TEMP_DIR = /Users/otislewis/arena/build/ios/Pods.build/Release-iphonesimulator
               CONTENTS_FOLDER_PATH = grpc.framework
               CONTENTS_FOLDER_PATH_SHALLOW_BUNDLE_NO = grpc.framework/A
               CONTENTS_FOLDER_PATH_SHALLOW_BUNDLE_YES = grpc.framework
               COPYING_PRESERVES_HFS_DATA = NO
               COPY_HEADERS_RUN_UNIFDEF = NO
               COPY_PHASE_STRIP = NO
               CORRESPONDING_DEVICE_PLATFORM_DIR = /Applications/Xcode.app/Contents/Developer/Platforms/iPhoneOS.platform
               CORRESPONDING_DEVICE_PLATFORM_NAME = iphoneos
               CORRESPONDING_DEVICE_SDK_DIR = /Applications/Xcode.app/Contents/Developer/Platforms/iPhoneOS.platform/Developer/SDKs/iPhoneOS18.4.sdk
               CORRESPONDING_DEVICE_SDK_NAME = iphoneos18.4
               CP = /bin/cp
               CREATE_INFOPLIST_SECTION_IN_BINARY = NO
               CURRENT_ARCH = undefined_arch
               CURRENT_PROJECT_VERSION = 1
               CURRENT_VARIANT = normal
               CURRENT_VERSION = Current
               DEAD_CODE_STRIPPING = YES
               DEBUGGING_SYMBOLS = YES
               DEBUG_INFORMATION_FORMAT = dwarf-with-dsym
               DEBUG_INFORMATION_VERSION = compiler-default
               DEFAULT_COMPILER = com.apple.compilers.llvm.clang.1_0
               DEFAULT_DEXT_INSTALL_PATH = /System/Library/DriverExtensions
               DEFAULT_KEXT_INSTALL_PATH = /System/Library/Extensions
               DEFINES_MODULE = YES
               DEPLOYMENT_LOCATION = NO
               DEPLOYMENT_POSTPROCESSING = NO
               DEPLOYMENT_TARGET_SETTING_NAME = IPHONEOS_DEPLOYMENT_TARGET
               DEPLOYMENT_TARGET_SUGGESTED_VALUES = 12.0 12.1 12.2 12.3 12.4 13.0 13.1 13.2 13.3 13.4 13.5 13.6 14.0 14.1 14.2 14.3 14.4 14.5 14.6 14.7 15.0 15.1 15.2 15.3 15.4 15.5 15.6 16.0 16.1 16.2 16.3 16.4 16.5 16.6 17.0 17.1 17.2 17.3 17.4 17.5 17.6 18.0 18.1 18.2 18.3 18.4
               DERIVED_FILES_DIR = /Users/otislewis/arena/build/ios/Pods.build/Release-iphonesimulator/gRPC-Core.build/DerivedSources
               DERIVED_FILE_DIR = /Users/otislewis/arena/build/ios/Pods.build/Release-iphonesimulator/gRPC-Core.build/DerivedSources
               DERIVED_SOURCES_DIR = /Users/otislewis/arena/build/ios/Pods.build/Release-iphonesimulator/gRPC-Core.build/DerivedSources
               DEVELOPER_APPLICATIONS_DIR = /Applications/Xcode.app/Contents/Developer/Applications
               DEVELOPER_BIN_DIR = /Applications/Xcode.app/Contents/Developer/usr/bin
               DEVELOPER_DIR = /Applications/Xcode.app/Contents/Developer
               DEVELOPER_FRAMEWORKS_DIR = /Applications/Xcode.app/Contents/Developer/Library/Frameworks
               DEVELOPER_FRAMEWORKS_DIR_QUOTED = /Applications/Xcode.app/Contents/Developer/Library/Frameworks
               DEVELOPER_LIBRARY_DIR = /Applications/Xcode.app/Contents/Developer/Library
               DEVELOPER_SDK_DIR = /Applications/Xcode.app/Contents/Developer/Platforms/MacOSX.platform/Developer/SDKs
               DEVELOPER_TOOLS_DIR = /Applications/Xcode.app/Contents/Developer/Tools
               DEVELOPER_USR_DIR = /Applications/Xcode.app/Contents/Developer/usr
               DEVELOPMENT_LANGUAGE = en
               DIAGNOSE_MISSING_TARGET_DEPENDENCIES = YES
               DIFF = /usr/bin/diff
               DOCUMENTATION_FOLDER_PATH = grpc.framework/en.lproj/Documentation
               DONT_GENERATE_INFOPLIST_FILE = NO
               DSTROOT = /tmp/Pods.dst
               DT_TOOLCHAIN_DIR = /Applications/Xcode.app/Contents/Developer/Toolchains/XcodeDefault.xctoolchain
               DWARF_DSYM_FILE_NAME = grpc.framework.dSYM
               DWARF_DSYM_FILE_SHOULD_ACCOMPANY_PRODUCT = NO
               DWARF_DSYM_FOLDER_PATH = /Users/otislewis/arena/build/ios/Release-iphonesimulator/gRPC-Core
               DYLIB_COMPATIBILITY_VERSION = 1
               DYLIB_CURRENT_VERSION = 1
               DYLIB_INSTALL_NAME_BASE = @rpath
               DYNAMIC_LIBRARY_EXTENSION = dylib
               EAGER_COMPILATION_ALLOW_SCRIPTS = NO
               EAGER_LINKING = NO
               EFFECTIVE_PLATFORM_NAME = -iphonesimulator
               EMBEDDED_CONTENT_CONTAINS_SWIFT = NO
               EMBED_ASSET_PACKS_IN_PRODUCT_BUNDLE = NO
               ENABLE_APP_SANDBOX = NO
               ENABLE_BITCODE = NO
               ENABLE_CODE_COVERAGE = YES
               ENABLE_DEFAULT_HEADER_SEARCH_PATHS = YES
               ENABLE_DEFAULT_SEARCH_PATHS = YES
               ENABLE_HARDENED_RUNTIME = NO
               ENABLE_HEADER_DEPENDENCIES = YES
               ENABLE_INCOMING_NETWORK_CONNECTIONS = NO
               ENABLE_MODULE_VERIFIER = NO
               ENABLE_NS_ASSERTIONS = NO
               ENABLE_ON_DEMAND_RESOURCES = NO
               ENABLE_OUTGOING_NETWORK_CONNECTIONS = NO
               ENABLE_RESOURCE_ACCESS_AUDIO_INPUT = NO
               ENABLE_RESOURCE_ACCESS_BLUETOOTH = NO
               ENABLE_RESOURCE_ACCESS_CALENDARS = NO
               ENABLE_RESOURCE_ACCESS_CAMERA = NO
               ENABLE_RESOURCE_ACCESS_CONTACTS = NO
               ENABLE_RESOURCE_ACCESS_LOCATION = NO
               ENABLE_RESOURCE_ACCESS_PRINTING = NO
               ENABLE_RESOURCE_ACCESS_USB = NO
               ENABLE_SDK_IMPORTS = NO
               ENABLE_STRICT_OBJC_MSGSEND = YES
               ENABLE_TESTABILITY = NO
               ENABLE_TESTING_SEARCH_PATHS = NO
               ENABLE_USER_SCRIPT_SANDBOXING = NO
               ENFORCE_VALID_ARCHS = YES
               ENTITLEMENTS_DESTINATION = __entitlements
               ENTITLEMENTS_REQUIRED = NO
               EXCLUDED_ARCHS = arm64
               EXCLUDED_INSTALLSRC_SUBDIRECTORY_PATTERNS = .DS_Store .svn .git .hg CVS
               EXCLUDED_RECURSIVE_SEARCH_PATH_SUBDIRECTORIES = *.nib *.lproj *.framework *.gch *.xcode* *.xcassets (*) .DS_Store CVS .svn .git .hg *.pbproj *.pbxproj
               EXECUTABLES_FOLDER_PATH = grpc.framework/en.lproj
               EXECUTABLE_FOLDER_PATH = grpc.framework
               EXECUTABLE_FOLDER_PATH_SHALLOW_BUNDLE_NO = grpc.framework
               EXECUTABLE_FOLDER_PATH_SHALLOW_BUNDLE_YES = grpc.framework
               EXECUTABLE_NAME = grpc
               EXECUTABLE_PATH = grpc.framework/grpc
               EXTENSIONS_FOLDER_PATH = grpc.framework/Extensions
               FILE_LIST = /Users/otislewis/arena/build/ios/Pods.build/Release-iphonesimulator/gRPC-Core.build/Objects/LinkFileList
               FIXED_FILES_DIR = /Users/otislewis/arena/build/ios/Pods.build/Release-iphonesimulator/gRPC-Core.build/FixedFiles
               FRAMEWORKS_FOLDER_PATH = grpc.framework/Frameworks
               FRAMEWORK_FLAG_PREFIX = -framework
               FRAMEWORK_SEARCH_PATHS = /Users/otislewis/arena/build/ios/Release-iphonesimulator/gRPC-Core  "/Users/otislewis/arena/build/ios/Release-iphonesimulator/BoringSSL-GRPC" "/Users/otislewis/arena/build/ios/Release-iphonesimulator/abseil"
               FRAMEWORK_VERSION = A
               FULL_PRODUCT_NAME = grpc.framework
               FUSE_BUILD_PHASES = YES
               FUSE_BUILD_SCRIPT_PHASES = NO
               GCC3_VERSION = 3.3
               GCC_C_LANGUAGE_STANDARD = gnu11
               GCC_INLINES_ARE_PRIVATE_EXTERN = YES
               GCC_NO_COMMON_BLOCKS = YES
               GCC_OBJC_LEGACY_DISPATCH = YES
               GCC_PFE_FILE_C_DIALECTS = c objective-c c++ objective-c++
               GCC_PREFIX_HEADER = Target Support Files/gRPC-Core/gRPC-Core-prefix.pch
               GCC_PREPROCESSOR_DEFINITIONS = POD_CONFIGURATION_RELEASE=1  COCOAPODS=1
               GCC_TREAT_WARNINGS_AS_ERRORS = NO
               GCC_VERSION = com.apple.compilers.llvm.clang.1_0
               GCC_VERSION_IDENTIFIER = com_apple_compilers_llvm_clang_1_0
               GCC_WARN_64_TO_32_BIT_CONVERSION = YES
               GCC_WARN_ABOUT_RETURN_TYPE = YES_ERROR
               GCC_WARN_UNDECLARED_SELECTOR = YES
               GCC_WARN_UNINITIALIZED_AUTOS = YES_AGGRESSIVE
               GCC_WARN_UNUSED_FUNCTION = YES
               GCC_WARN_UNUSED_VARIABLE = YES
               GENERATED_MODULEMAP_DIR = /Users/otislewis/arena/build/ios/GeneratedModuleMaps-iphonesimulator
               GENERATE_INFOPLIST_FILE = NO
               GENERATE_INTERMEDIATE_TEXT_BASED_STUBS = YES
               GENERATE_MASTER_OBJECT_FILE = NO
               GENERATE_PKGINFO_FILE = NO
               GENERATE_PROFILING_CODE = NO
               GENERATE_TEXT_BASED_STUBS = NO
               GID = 20
               GROUP = staff
               HEADERMAP_INCLUDES_FLAT_ENTRIES_FOR_TARGET_BEING_BUILT = YES
               HEADERMAP_INCLUDES_FRAMEWORK_ENTRIES_FOR_ALL_PRODUCT_TYPES = YES
               HEADERMAP_INCLUDES_FRAMEWORK_ENTRIES_FOR_TARGETS_NOT_BEING_BUILT = YES
               HEADERMAP_INCLUDES_NONPUBLIC_NONPRIVATE_HEADERS = YES
               HEADERMAP_INCLUDES_PROJECT_HEADERS = YES
               HEADERMAP_USES_FRAMEWORK_PREFIX_ENTRIES = YES
               HEADERMAP_USES_VFS = YES
               HEADER_SEARCH_PATHS = /Users/otislewis/arena/build/ios/Release-iphonesimulator/gRPC-Core/include "" "/Users/otislewis/arena/ios/Pods/gRPC-Core/include"
               HIDE_BITCODE_SYMBOLS = YES
               HOME = /Users/otislewis
               HOST_ARCH = arm64
               HOST_PLATFORM = macosx
               ICONV = /usr/bin/iconv
               IMPLICIT_DEPENDENCY_DOMAIN = default
               INFOPLIST_ENABLE_CFBUNDLEICONS_MERGE = YES
               INFOPLIST_EXPAND_BUILD_SETTINGS = YES
               INFOPLIST_FILE = Target Support Files/gRPC-Core/gRPC-Core-Info.plist
               INFOPLIST_OUTPUT_FORMAT = binary
               INFOPLIST_PATH = grpc.framework/Info.plist
               INFOPLIST_PREPROCESS = NO
               INFOSTRINGS_PATH = grpc.framework/en.lproj/InfoPlist.strings
               INLINE_PRIVATE_FRAMEWORKS = NO
               INSTALLAPI_IGNORE_SKIP_INSTALL = YES
               INSTALLHDRS_COPY_PHASE = NO
               INSTALLHDRS_SCRIPT_PHASE = NO
               INSTALL_DIR = /tmp/Pods.dst/Library/Frameworks
               INSTALL_GROUP = staff
               INSTALL_MODE_FLAG = u+w,go-w,a+rX
               INSTALL_OWNER = otislewis
               INSTALL_PATH = /Library/Frameworks
               INSTALL_ROOT = /tmp/Pods.dst
               IPHONEOS_DEPLOYMENT_TARGET = 13.0
               IS_UNOPTIMIZED_BUILD = NO
               JAVAC_DEFAULT_FLAGS = -J-Xms64m -J-XX:NewSize=4M -J-Dfile.encoding=UTF8
               JAVA_APP_STUB = /System/Library/Frameworks/JavaVM.framework/Resources/MacOS/JavaApplicationStub
               JAVA_ARCHIVE_CLASSES = YES
               JAVA_ARCHIVE_TYPE = JAR
               JAVA_COMPILER = /usr/bin/javac
               JAVA_FOLDER_PATH = grpc.framework/Java
               JAVA_FRAMEWORK_RESOURCES_DIRS = Resources
               JAVA_JAR_FLAGS = cv
               JAVA_SOURCE_SUBDIR = .
               JAVA_USE_DEPENDENCIES = YES
               JAVA_ZIP_FLAGS = -urg
               JIKES_DEFAULT_FLAGS = +E +OLDCSO
               KEEP_PRIVATE_EXTERNS = NO
               LD_DEPENDENCY_INFO_FILE = /Users/otislewis/arena/build/ios/Pods.build/Release-iphonesimulator/gRPC-Core.build/Objects-normal/undefined_arch/grpc_dependency_info.dat
               LD_DYLIB_INSTALL_NAME = @rpath/grpc.framework/grpc
               LD_EXPORT_SYMBOLS = YES
               LD_GENERATE_MAP_FILE = NO
               LD_MAP_FILE_PATH = /Users/otislewis/arena/build/ios/Pods.build/Release-iphonesimulator/gRPC-Core.build/grpc-LinkMap-normal-undefined_arch.txt
               LD_NO_PIE = NO
               LD_QUOTE_LINKER_ARGUMENTS_FOR_COMPILER_DRIVER = YES
               LD_RUNPATH_SEARCH_PATHS =  @executable_path/Frameworks @loader_path/Frameworks
               LD_SHARED_CACHE_ELIGIBLE = Automatic
               LD_WARN_DUPLICATE_LIBRARIES = NO
               LD_WARN_UNUSED_DYLIBS = NO
               LEGACY_DEVELOPER_DIR = /Applications/Xcode.app/Contents/PlugIns/Xcode3Core.ideplugin/Contents/SharedSupport/Developer
               LEX = lex
               LIBRARY_DEXT_INSTALL_PATH = /Library/DriverExtensions
               LIBRARY_FLAG_NOSPACE = YES
               LIBRARY_FLAG_PREFIX = -l
               LIBRARY_KEXT_INSTALL_PATH = /Library/Extensions
               LIBRARY_SEARCH_PATHS = /Users/otislewis/arena/build/ios/Release-iphonesimulator/gRPC-Core 
               LINKER_DISPLAYS_MANGLED_NAMES = NO
               LINK_OBJC_RUNTIME = YES
               LINK_WITH_STANDARD_LIBRARIES = YES
               LLVM_TARGET_TRIPLE_OS_VERSION = ios13.0
               LLVM_TARGET_TRIPLE_SUFFIX = -simulator
               LLVM_TARGET_TRIPLE_VENDOR = apple
               LOCALIZATION_EXPORT_SUPPORTED = YES
               LOCALIZATION_PREFERS_STRING_CATALOGS = NO
               LOCALIZED_RESOURCES_FOLDER_PATH = grpc.framework/en.lproj
               LOCALIZED_STRING_MACRO_NAMES = NSLocalizedString CFCopyLocalizedString
               LOCALIZED_STRING_SWIFTUI_SUPPORT = YES
               LOCAL_ADMIN_APPS_DIR = /Applications/Utilities
               LOCAL_APPS_DIR = /Applications
               LOCAL_DEVELOPER_DIR = /Library/Developer
               LOCAL_LIBRARY_DIR = /Library
               LOCROOT = /Users/otislewis/arena/ios/Pods
               LOCSYMROOT = /Users/otislewis/arena/ios/Pods
               MACH_O_TYPE = mh_dylib
               MAC_OS_X_PRODUCT_BUILD_VERSION = 24F74
               MAC_OS_X_VERSION_ACTUAL = 150500
               MAC_OS_X_VERSION_MAJOR = 150000
               MAC_OS_X_VERSION_MINOR = 150500
               MAKE_MERGEABLE = NO
               MERGEABLE_LIBRARY = NO
               MERGED_BINARY_TYPE = none
               MERGE_LINKED_LIBRARIES = NO
               METAL_LIBRARY_FILE_BASE = default
               METAL_LIBRARY_OUTPUT_DIR = /Users/otislewis/arena/build/ios/Release-iphonesimulator/gRPC-Core/grpc.framework
               MODULEMAP_FILE = Target Support Files/gRPC-Core/gRPC-Core.modulemap
               MODULES_FOLDER_PATH = grpc.framework/Modules
               MTL_ENABLE_DEBUG_INFO = NO
               MTL_FAST_MATH = YES
               NATIVE_ARCH = arm64
               NATIVE_ARCH_32_BIT = arm
               NATIVE_ARCH_64_BIT = arm64
               NATIVE_ARCH_ACTUAL = arm64
               NO_COMMON = YES
               OBJC_ABI_VERSION = 2
               OBJECT_FILE_DIR = /Users/otislewis/arena/build/ios/Pods.build/Release-iphonesimulator/gRPC-Core.build/Objects
               OBJECT_FILE_DIR_normal = /Users/otislewis/arena/build/ios/Pods.build/Release-iphonesimulator/gRPC-Core.build/Objects-normal
               OBJROOT = /Users/otislewis/arena/build/ios
               ONLY_ACTIVE_ARCH = NO
               OS = MACOS
               OSAC = /usr/bin/osacompile
               OTHER_LDFLAGS =  -l"c++" -l"z" -framework "absl" -framework "openssl_grpc"
               PACKAGE_TYPE = com.apple.package-type.wrapper.framework
               PASCAL_STRINGS = YES
               PATH = /Applications/Xcode.app/Contents/SharedFrameworks/SwiftBuild.framework/Versions/A/PlugIns/SWBBuildService.bundle/Contents/PlugIns/SWBUniversalPlatformPlugin.bundle/Contents/Frameworks/SWBUniversalPlatform.framework/Resources:/Applications/Xcode.app/Contents/Developer/Toolchains/XcodeDefault.xctoolchain/usr/bin:/Applications/Xcode.app/Contents/Developer/Toolchains/XcodeDefault.xctoolchain/usr/local/bin:/Applications/Xcode.app/Contents/Developer/Toolchains/XcodeDefault.xctoolchain/usr/libexec:/Applications/Xcode.app/Contents/Developer/Platforms/iPhoneSimulator.platform/usr/bin:/Applications/Xcode.app/Contents/Developer/Platforms/iPhoneSimulator.platform/usr/local/bin:/Applications/Xcode.app/Contents/Developer/Platforms/iPhoneSimulator.platform/Developer/usr/bin:/Applications/Xcode.app/Contents/Developer/Platforms/iPhoneSimulator.platform/Developer/usr/local/bin:/Applications/Xcode.app/Contents/Developer/usr/bin:/Applications/Xcode.app/Contents/Developer/usr/local/bin:/Users/otislewis/.gem/ruby/3.3.0/bin:/opt/homebrew/bin:/opt/homebrew/sbin:/usr/local/bin:/System/Cryptexes/App/usr/bin:/usr/bin:/bin:/usr/sbin:/sbin:/var/run/com.apple.security.cryptexd/codex.system/bootstrap/usr/local/bin:/var/run/com.apple.security.cryptexd/codex.system/bootstrap/usr/bin:/var/run/com.apple.security.cryptexd/codex.system/bootstrap/usr/appleinternal/bin:/Library/Apple/usr/bin:/opt/homebrew/Caskroom/flutter/3.32.0/flutter/bin:/Users/otislewis/Library/Android/sdk/emulator:/Users/otislewis/Library/Android/sdk/tools:/Users/otislewis/Library/Android/sdk/tools/bin:/Users/otislewis/Library/Android/sdk/platform-tools:/opt/homebrew/Caskroom/flutter/3.32.0/flutter/bin/cache/dart-sdk/bin
               PATH_PREFIXES_EXCLUDED_FROM_HEADER_DEPENDENCIES = /usr/include /usr/local/include /System/Library/Frameworks /System/Library/PrivateFrameworks /Applications/Xcode.app/Contents/Developer/Headers /Applications/Xcode.app/Contents/Developer/SDKs /Applications/Xcode.app/Contents/Developer/Platforms
               PBDEVELOPMENTPLIST_PATH = grpc.framework/pbdevelopment.plist
               PER_ARCH_MODULE_FILE_DIR = /Users/otislewis/arena/build/ios/Pods.build/Release-iphonesimulator/gRPC-Core.build/Objects-normal/undefined_arch
               PER_ARCH_OBJECT_FILE_DIR = /Users/otislewis/arena/build/ios/Pods.build/Release-iphonesimulator/gRPC-Core.build/Objects-normal/undefined_arch
               PER_VARIANT_OBJECT_FILE_DIR = /Users/otislewis/arena/build/ios/Pods.build/Release-iphonesimulator/gRPC-Core.build/Objects-normal
               PKGINFO_FILE_PATH = /Users/otislewis/arena/build/ios/Pods.build/Release-iphonesimulator/gRPC-Core.build/PkgInfo
               PKGINFO_PATH = grpc.framework/PkgInfo
               PLATFORM_DEVELOPER_APPLICATIONS_DIR = /Applications/Xcode.app/Contents/Developer/Platforms/iPhoneSimulator.platform/Developer/Applications
               PLATFORM_DEVELOPER_BIN_DIR = /Applications/Xcode.app/Contents/Developer/Platforms/iPhoneSimulator.platform/Developer/usr/bin
               PLATFORM_DEVELOPER_LIBRARY_DIR = /Applications/Xcode.app/Contents/Developer/Platforms/iPhoneSimulator.platform/Developer/Library
               PLATFORM_DEVELOPER_SDK_DIR = /Applications/Xcode.app/Contents/Developer/Platforms/iPhoneSimulator.platform/Developer/SDKs
               PLATFORM_DEVELOPER_TOOLS_DIR = /Applications/Xcode.app/Contents/Developer/Platforms/iPhoneSimulator.platform/Developer/Tools
               PLATFORM_DEVELOPER_USR_DIR = /Applications/Xcode.app/Contents/Developer/Platforms/iPhoneSimulator.platform/Developer/usr
               PLATFORM_DIR = /Applications/Xcode.app/Contents/Developer/Platforms/iPhoneSimulator.platform
               PLATFORM_DISPLAY_NAME = iOS Simulator
               PLATFORM_FAMILY_NAME = iOS
               PLATFORM_NAME = iphonesimulator
               PLATFORM_PREFERRED_ARCH = x86_64
               PLATFORM_PRODUCT_BUILD_VERSION = 22E235
               PLATFORM_REQUIRES_SWIFT_AUTOLINK_EXTRACT = NO
               PLATFORM_REQUIRES_SWIFT_MODULEWRAP = NO
               PLIST_FILE_OUTPUT_FORMAT = binary
               PLUGINS_FOLDER_PATH = grpc.framework/PlugIns
               PODS_BUILD_DIR = /Users/otislewis/arena/build/ios
               PODS_CONFIGURATION_BUILD_DIR = /Users/otislewis/arena/build/ios/Release-iphonesimulator
               PODS_DEVELOPMENT_LANGUAGE = en
               PODS_ROOT = /Users/otislewis/arena/ios/Pods
               PODS_TARGET_SRCROOT = /Users/otislewis/arena/ios/Pods/gRPC-Core
               PODS_XCFRAMEWORKS_BUILD_DIR = /Users/otislewis/arena/build/ios/Release-iphonesimulator/XCFrameworkIntermediates
               PRECOMPS_INCLUDE_HEADERS_FROM_BUILT_PRODUCTS_DIR = YES
               PRECOMP_DESTINATION_DIR = /Users/otislewis/arena/build/ios/Pods.build/Release-iphonesimulator/gRPC-Core.build/PrefixHeaders
               PRIVATE_HEADERS_FOLDER_PATH = grpc.framework/PrivateHeaders
               PROCESSED_INFOPLIST_PATH = /Users/otislewis/arena/build/ios/Pods.build/Release-iphonesimulator/gRPC-Core.build/Objects-normal/undefined_arch/Processed-Info.plist
               PRODUCT_BUNDLE_IDENTIFIER = org.cocoapods.grpc
               PRODUCT_BUNDLE_PACKAGE_TYPE = FMWK
               PRODUCT_MODULE_NAME = grpc
               PRODUCT_NAME = grpc
               PRODUCT_SETTINGS_PATH = /Users/otislewis/arena/ios/Pods/Target Support Files/gRPC-Core/gRPC-Core-Info.plist
               PRODUCT_TYPE = com.apple.product-type.framework
               PROFILING_CODE = NO
               PROJECT = Pods
               PROJECT_DERIVED_FILE_DIR = /Users/otislewis/arena/build/ios/Pods.build/DerivedSources
               PROJECT_DIR = /Users/otislewis/arena/ios/Pods
               PROJECT_FILE_PATH = /Users/otislewis/arena/ios/Pods/Pods.xcodeproj
               PROJECT_GUID = bfdfe7dc352907fc980b868725387e98
               PROJECT_NAME = Pods
               PROJECT_TEMP_DIR = /Users/otislewis/arena/build/ios/Pods.build
               PROJECT_TEMP_ROOT = /Users/otislewis/arena/build/ios
               PUBLIC_HEADERS_FOLDER_PATH = grpc.framework/Headers
               RECOMMENDED_IPHONEOS_DEPLOYMENT_TARGET = 15.0
               RECURSIVE_SEARCH_PATHS_FOLLOW_SYMLINKS = YES
               REMOVE_CVS_FROM_RESOURCES = YES
               REMOVE_GIT_FROM_RESOURCES = YES
               REMOVE_HEADERS_FROM_EMBEDDED_BUNDLES = YES
               REMOVE_HG_FROM_RESOURCES = YES
               REMOVE_STATIC_EXECUTABLES_FROM_EMBEDDED_BUNDLES = YES
               REMOVE_SVN_FROM_RESOURCES = YES
               RESCHEDULE_INDEPENDENT_HEADERS_PHASES = YES
               REZ_COLLECTOR_DIR = /Users/otislewis/arena/build/ios/Pods.build/Release-iphonesimulator/gRPC-Core.build/ResourceManagerResources
               REZ_OBJECTS_DIR = /Users/otislewis/arena/build/ios/Pods.build/Release-iphonesimulator/gRPC-Core.build/ResourceManagerResources/Objects
               REZ_SEARCH_PATHS = /Users/otislewis/arena/build/ios/Release-iphonesimulator/gRPC-Core 
               SCAN_ALL_SOURCE_FILES_FOR_INCLUDES = NO
               SCRIPTS_FOLDER_PATH = grpc.framework/Scripts
               SDKROOT = /Applications/Xcode.app/Contents/Developer/Platforms/iPhoneSimulator.platform/Developer/SDKs/iPhoneSimulator18.4.sdk
               SDK_DIR = /Applications/Xcode.app/Contents/Developer/Platforms/iPhoneSimulator.platform/Developer/SDKs/iPhoneSimulator18.4.sdk
               SDK_DIR_iphonesimulator = /Applications/Xcode.app/Contents/Developer/Platforms/iPhoneSimulator.platform/Developer/SDKs/iPhoneSimulator18.4.sdk
               SDK_DIR_iphonesimulator18_4 = /Applications/Xcode.app/Contents/Developer/Platforms/iPhoneSimulator.platform/Developer/SDKs/iPhoneSimulator18.4.sdk
               SDK_NAME = iphonesimulator18.4
               SDK_NAMES = iphonesimulator18.4
               SDK_PRODUCT_BUILD_VERSION = 22E235
               SDK_STAT_CACHE_DIR = /var/folders/4y/xy3fflts0nqfk1tsxg0t3mmr0000gn/C/com.apple.DeveloperTools/16.3-16E140/Xcode
               SDK_STAT_CACHE_ENABLE = YES
               SDK_STAT_CACHE_PATH = /var/folders/4y/xy3fflts0nqfk1tsxg0t3mmr0000gn/C/com.apple.DeveloperTools/16.3-16E140/Xcode/SDKStatCaches.noindex/iphonesimulator18.4-22E235-71825a6d136aa4733edcbe86ece5525b.sdkstatcache
               SDK_VERSION = 18.4
               SDK_VERSION_ACTUAL = 180400
               SDK_VERSION_MAJOR = 180000
               SDK_VERSION_MINOR = 180400
               SED = /usr/bin/sed
               SEPARATE_STRIP = NO
               SEPARATE_SYMBOL_EDIT = NO
               SET_DIR_MODE_OWNER_GROUP = YES
               SET_FILE_MODE_OWNER_GROUP = NO
               SHALLOW_BUNDLE = YES
               SHALLOW_BUNDLE_TRIPLE = ios-simulator
               SHALLOW_BUNDLE_ios_macabi = NO
               SHALLOW_BUNDLE_macos = NO
               SHARED_DERIVED_FILE_DIR = /Users/otislewis/arena/build/ios/Release-iphonesimulator/gRPC-Core/DerivedSources
               SHARED_FRAMEWORKS_FOLDER_PATH = grpc.framework/SharedFrameworks
               SHARED_PRECOMPS_DIR = /Users/otislewis/arena/build/ios/SharedPrecompiledHeaders
               SHARED_SUPPORT_FOLDER_PATH = grpc.framework
               SKIP_INSTALL = YES
               SOURCE_ROOT = /Users/otislewis/arena/ios/Pods
               SRCROOT = /Users/otislewis/arena/ios/Pods
               STRINGSDATA_DIR = /Users/otislewis/arena/build/ios/Pods.build/Release-iphonesimulator/gRPC-Core.build/Objects-normal/undefined_arch
               STRINGSDATA_ROOT = /Users/otislewis/arena/build/ios/Pods.build/Release-iphonesimulator/gRPC-Core.build
               STRINGS_FILE_INFOPLIST_RENAME = YES
               STRINGS_FILE_OUTPUT_ENCODING = binary
               STRIP_BITCODE_FROM_COPIED_FILES = NO
               STRIP_INSTALLED_PRODUCT = NO
               STRIP_STYLE = debugging
               STRIP_SWIFT_SYMBOLS = YES
               SUPPORTED_DEVICE_FAMILIES = 1,2
               SUPPORTED_PLATFORMS = iphoneos iphonesimulator
               SUPPORTS_TEXT_BASED_API = NO
               SUPPRESS_WARNINGS = NO
               SWIFT_ACTIVE_COMPILATION_CONDITIONS =  
               SWIFT_COMPILATION_MODE = wholemodule
               SWIFT_EMIT_LOC_STRINGS = NO
               SWIFT_INSTALL_MODULE_FOR_DEPLOYMENT = YES
               SWIFT_INSTALL_OBJC_HEADER = YES
               SWIFT_OPTIMIZATION_LEVEL = -O
               SWIFT_PLATFORM_TARGET_PREFIX = ios
               SWIFT_VERSION = 5.0
               SYMROOT = /Users/otislewis/arena/ios/build
               SYSTEM_ADMIN_APPS_DIR = /Applications/Utilities
               SYSTEM_APPS_DIR = /Applications
               SYSTEM_CORE_SERVICES_DIR = /System/Library/CoreServices
               SYSTEM_DEMOS_DIR = /Applications/Extras
               SYSTEM_DEVELOPER_APPS_DIR = /Applications/Xcode.app/Contents/Developer/Applications
               SYSTEM_DEVELOPER_BIN_DIR = /Applications/Xcode.app/Contents/Developer/usr/bin
               SYSTEM_DEVELOPER_DEMOS_DIR = /Applications/Xcode.app/Contents/Developer/Applications/Utilities/Built Examples
               SYSTEM_DEVELOPER_DIR = /Applications/Xcode.app/Contents/Developer
               SYSTEM_DEVELOPER_DOC_DIR = /Applications/Xcode.app/Contents/Developer/ADC Reference Library
               SYSTEM_DEVELOPER_GRAPHICS_TOOLS_DIR = /Applications/Xcode.app/Contents/Developer/Applications/Graphics Tools
               SYSTEM_DEVELOPER_JAVA_TOOLS_DIR = /Applications/Xcode.app/Contents/Developer/Applications/Java Tools
               SYSTEM_DEVELOPER_PERFORMANCE_TOOLS_DIR = /Applications/Xcode.app/Contents/Developer/Applications/Performance Tools
               SYSTEM_DEVELOPER_RELEASENOTES_DIR = /Applications/Xcode.app/Contents/Developer/ADC Reference Library/releasenotes
               SYSTEM_DEVELOPER_TOOLS = /Applications/Xcode.app/Contents/Developer/Tools
               SYSTEM_DEVELOPER_TOOLS_DOC_DIR = /Applications/Xcode.app/Contents/Developer/ADC Reference Library/documentation/DeveloperTools
               SYSTEM_DEVELOPER_TOOLS_RELEASENOTES_DIR = /Applications/Xcode.app/Contents/Developer/ADC Reference Library/releasenotes/DeveloperTools
               SYSTEM_DEVELOPER_USR_DIR = /Applications/Xcode.app/Contents/Developer/usr
               SYSTEM_DEVELOPER_UTILITIES_DIR = /Applications/Xcode.app/Contents/Developer/Applications/Utilities
               SYSTEM_DEXT_INSTALL_PATH = /System/Library/DriverExtensions
               SYSTEM_DOCUMENTATION_DIR = /Library/Documentation
               SYSTEM_EXTENSIONS_FOLDER_PATH = grpc.framework/SystemExtensions
               SYSTEM_EXTENSIONS_FOLDER_PATH_SHALLOW_BUNDLE_NO = grpc.framework/Library/SystemExtensions
               SYSTEM_EXTENSIONS_FOLDER_PATH_SHALLOW_BUNDLE_YES = grpc.framework/SystemExtensions
               SYSTEM_KEXT_INSTALL_PATH = /System/Library/Extensions
               SYSTEM_LIBRARY_DIR = /System/Library
               TAPI_DEMANGLE = YES
               TAPI_ENABLE_PROJECT_HEADERS = NO
               TAPI_LANGUAGE = objective-c
               TAPI_LANGUAGE_STANDARD = compiler-default
               TAPI_USE_SRCROOT = YES
               TAPI_VERIFY_MODE = Pedantic
               TARGETED_DEVICE_FAMILY = 1,2
               TARGETNAME = gRPC-Core
               TARGET_BUILD_DIR = /Users/otislewis/arena/build/ios/Release-iphonesimulator/gRPC-Core
               TARGET_NAME = gRPC-Core
               TARGET_TEMP_DIR = /Users/otislewis/arena/build/ios/Pods.build/Release-iphonesimulator/gRPC-Core.build
               TEMP_DIR = /Users/otislewis/arena/build/ios/Pods.build/Release-iphonesimulator/gRPC-Core.build
               TEMP_FILES_DIR = /Users/otislewis/arena/build/ios/Pods.build/Release-iphonesimulator/gRPC-Core.build
               TEMP_FILE_DIR = /Users/otislewis/arena/build/ios/Pods.build/Release-iphonesimulator/gRPC-Core.build
               TEMP_ROOT = /Users/otislewis/arena/build/ios
               TEMP_SANDBOX_DIR = /Users/otislewis/arena/build/ios/TemporaryTaskSandboxes
               TEST_FRAMEWORK_SEARCH_PATHS =  /Applications/Xcode.app/Contents/Developer/Platforms/iPhoneSimulator.platform/Developer/Library/Frameworks /Applications/Xcode.app/Contents/Developer/Platforms/iPhoneSimulator.platform/Developer/SDKs/iPhoneSimulator18.4.sdk/Developer/Library/Frameworks
               TEST_LIBRARY_SEARCH_PATHS =  /Applications/Xcode.app/Contents/Developer/Platforms/iPhoneSimulator.platform/Developer/usr/lib
               TOOLCHAINS = com.apple.dt.toolchain.XcodeDefault
               TOOLCHAIN_DIR = /Applications/Xcode.app/Contents/Developer/Toolchains/XcodeDefault.xctoolchain
               TREAT_MISSING_BASELINES_AS_TEST_FAILURES = NO
               TREAT_MISSING_SCRIPT_PHASE_OUTPUTS_AS_ERRORS = NO
               UID = 501
               UNINSTALLED_PRODUCTS_DIR = /Users/otislewis/arena/build/ios/UninstalledProducts
               UNLOCALIZED_RESOURCES_FOLDER_PATH = grpc.framework
               UNLOCALIZED_RESOURCES_FOLDER_PATH_SHALLOW_BUNDLE_NO = grpc.framework/Resources
               UNLOCALIZED_RESOURCES_FOLDER_PATH_SHALLOW_BUNDLE_YES = grpc.framework
               UNSTRIPPED_PRODUCT = NO
               USER = otislewis
               USER_APPS_DIR = /Users/otislewis/Applications
               USER_HEADER_SEARCH_PATHS = "/Users/otislewis/arena/ios/Pods/gRPC-Core" "/Users/otislewis/arena/ios/Pods/gRPC-Core/src/core/ext/upb-gen" "/Users/otislewis/arena/ios/Pods/gRPC-Core/src/core/ext/upbdefs-gen" "/Users/otislewis/arena/ios/Pods/gRPC-Core/third_party/re2" "/Users/otislewis/arena/ios/Pods/gRPC-Core/third_party/upb" "/Users/otislewis/arena/ios/Pods/gRPC-Core/third_party/utf8_range" "/Users/otislewis/arena/ios/Pods/gRPC-Core/third_party/xxhash"
               USER_LIBRARY_DIR = /Users/otislewis/Library
               USE_DYNAMIC_NO_PIC = YES
               USE_HEADERMAP = NO
               USE_HEADER_SYMLINKS = NO
               USE_RECURSIVE_SCRIPT_INPUTS_IN_SCRIPT_PHASES = YES
               VALIDATE_DEVELOPMENT_ASSET_PATHS = YES_ERROR
               VALIDATE_PRODUCT = YES
               VALID_ARCHS = arm64
               VERBOSE_PBXCP = NO
               VERSIONING_SYSTEM = apple-generic
               VERSIONPLIST_PATH = grpc.framework/version.plist
               VERSIONS_FOLDER_PATH = grpc.framework
               VERSIONS_FOLDER_PATH_SHALLOW_BUNDLE_NO = grpc.framework/Versions
               VERSIONS_FOLDER_PATH_SHALLOW_BUNDLE_YES = grpc.framework
               VERSION_INFO_BUILDER = otislewis
               VERSION_INFO_FILE = grpc_vers.c
               VERSION_INFO_STRING = "@(#)PROGRAM:grpc  PROJECT:Pods-1"
               WORKSPACE_DIR = /Users/otislewis/arena/ios/Pods/Pods.xcodeproj
               WRAPPER_EXTENSION = framework
               WRAPPER_NAME = grpc.framework
               WRAPPER_SUFFIX = .framework
               WRAP_ASSET_PACKS_IN_SEPARATE_DIRECTORIES = NO
               XCODE_APP_SUPPORT_DIR = /Applications/Xcode.app/Contents/Developer/Library/Xcode
               XCODE_PRODUCT_BUILD_VERSION = 16E140
               XCODE_VERSION_ACTUAL = 1630
               XCODE_VERSION_MAJOR = 1600
               XCODE_VERSION_MINOR = 1630
               XPCSERVICES_FOLDER_PATH = grpc.framework/XPCServices
               YACC = yacc
               _DISCOVER_COMMAND_LINE_LINKER_INPUTS = YES
               _DISCOVER_COMMAND_LINE_LINKER_INPUTS_INCLUDE_WL = YES
               _WRAPPER_CONTENTS_DIR_SHALLOW_BUNDLE_NO = /Contents
               _WRAPPER_PARENT_PATH_SHALLOW_BUNDLE_NO = /..
               _WRAPPER_RESOURCES_DIR_SHALLOW_BUNDLE_NO = /Resources
               __DIAGNOSE_DEPRECATED_ARCHS = YES
               arch = undefined_arch
               variant = normal

           Build settings for action build and target gRPC-Core-grpc:
               ACTION = build
               AD_HOC_CODE_SIGNING_ALLOWED = YES
               ALLOW_BUILD_REQUEST_OVERRIDES = NO
               ALLOW_TARGET_PLATFORM_SPECIALIZATION = NO
               ALTERNATE_GROUP = staff
               ALTERNATE_MODE = u+w,go-w,a+rX
               ALTERNATE_OWNER = otislewis
               ALTERNATIVE_DISTRIBUTION_WEB = NO
               ALWAYS_EMBED_SWIFT_STANDARD_LIBRARIES = NO
               ALWAYS_SEARCH_USER_PATHS = NO
               ALWAYS_USE_SEPARATE_HEADERMAPS = NO
               APPLICATION_EXTENSION_API_ONLY = NO
               APPLY_RULES_IN_COPY_FILES = NO
               APPLY_RULES_IN_COPY_HEADERS = NO
               APP_SHORTCUTS_ENABLE_FLEXIBLE_MATCHING = YES
               ARCHS_STANDARD = arm64 x86_64
               ARCHS_STANDARD_32_64_BIT = arm64 x86_64
               ARCHS_STANDARD_64_BIT = arm64 x86_64
               ARCHS_STANDARD_INCLUDING_64_BIT = arm64 x86_64
               ARCHS_UNIVERSAL_IPHONE_OS = arm64 x86_64
               AUTOMATICALLY_MERGE_DEPENDENCIES = NO
               AVAILABLE_PLATFORMS = android appletvos appletvsimulator driverkit iphoneos iphonesimulator macosx qnx watchos watchsimulator xros xrsimulator
               BITCODE_GENERATION_MODE = marker
               BUILD_ACTIVE_RESOURCES_ONLY = NO
               BUILD_COMPONENTS = headers build
               BUILD_DIR = /Users/otislewis/arena/build/ios
               BUILD_LIBRARY_FOR_DISTRIBUTION = NO
               BUILD_ROOT = /Users/otislewis/arena/ios/build
               BUILD_STYLE = 
               BUILD_VARIANTS = normal
               BUILT_PRODUCTS_DIR = /Users/otislewis/arena/build/ios/Release-iphonesimulator/gRPC-Core
               BUNDLE_CONTENTS_FOLDER_PATH_deep = Contents/
               BUNDLE_EXECUTABLE_FOLDER_NAME_deep = MacOS
               BUNDLE_EXTENSIONS_FOLDER_PATH = Extensions
               BUNDLE_FORMAT = shallow
               BUNDLE_FRAMEWORKS_FOLDER_PATH = Frameworks
               BUNDLE_PLUGINS_FOLDER_PATH = PlugIns
               BUNDLE_PRIVATE_HEADERS_FOLDER_PATH = PrivateHeaders
               BUNDLE_PUBLIC_HEADERS_FOLDER_PATH = Headers
               CACHE_ROOT = /var/folders/4y/xy3fflts0nqfk1tsxg0t3mmr0000gn/C/com.apple.DeveloperTools/16.3-16E140/Xcode
               CCHROOT = /var/folders/4y/xy3fflts0nqfk1tsxg0t3mmr0000gn/C/com.apple.DeveloperTools/16.3-16E140/Xcode
               CHMOD = /bin/chmod
               CHOWN = /usr/sbin/chown
               CLANG_ANALYZER_LOCALIZABILITY_NONLOCALIZED = YES
               CLANG_ANALYZER_NONNULL = YES
               CLANG_ANALYZER_NUMBER_OBJECT_CONVERSION = YES_AGGRESSIVE
               CLANG_CACHE_FINE_GRAINED_OUTPUTS = YES
               CLANG_CXX_LANGUAGE_STANDARD = c++14
               CLANG_CXX_LIBRARY = libc++
               CLANG_ENABLE_EXPLICIT_MODULES = YES
               CLANG_ENABLE_MODULES = YES
               CLANG_ENABLE_OBJC_ARC = YES
               CLANG_ENABLE_OBJC_WEAK = YES
               CLANG_MODULES_BUILD_SESSION_FILE = /var/folders/4y/xy3fflts0nqfk1tsxg0t3mmr0000gn/C/org.llvm.clang/ModuleCache.noindex/Session.modulevalidation
               CLANG_WARN_BLOCK_CAPTURE_AUTORELEASING = YES
               CLANG_WARN_BOOL_CONVERSION = YES
               CLANG_WARN_COMMA = YES
               CLANG_WARN_CONSTANT_CONVERSION = YES
               CLANG_WARN_DEPRECATED_OBJC_IMPLEMENTATIONS = YES
               CLANG_WARN_DIRECT_OBJC_ISA_USAGE = YES_ERROR
               CLANG_WARN_DOCUMENTATION_COMMENTS = YES
               CLANG_WARN_EMPTY_BODY = YES
               CLANG_WARN_ENUM_CONVERSION = YES
               CLANG_WARN_INFINITE_RECURSION = YES
               CLANG_WARN_INT_CONVERSION = YES
               CLANG_WARN_NON_LITERAL_NULL_CONVERSION = YES
               CLANG_WARN_OBJC_IMPLICIT_RETAIN_SELF = YES
               CLANG_WARN_OBJC_LITERAL_CONVERSION = YES
               CLANG_WARN_OBJC_ROOT_CLASS = YES_ERROR
               CLANG_WARN_QUOTED_INCLUDE_IN_FRAMEWORK_HEADER = NO
               CLANG_WARN_RANGE_LOOP_ANALYSIS = YES
               CLANG_WARN_STRICT_PROTOTYPES = NO
               CLANG_WARN_SUSPICIOUS_MOVE = YES
               CLANG_WARN_UNGUARDED_AVAILABILITY = YES_AGGRESSIVE
               CLANG_WARN_UNREACHABLE_CODE = YES
               CLANG_WARN__DUPLICATE_METHOD_MATCH = YES
               CLASS_FILE_DIR = /Users/otislewis/arena/build/ios/Pods.build/Release-iphonesimulator/gRPC-Core-grpc.build/JavaClasses
               CLEAN_PRECOMPS = YES
               CLONE_HEADERS = NO
               CODESIGNING_FOLDER_PATH = /Users/otislewis/arena/build/ios/Release-iphonesimulator/gRPC-Core/grpc.bundle
               CODE_SIGNING_ALLOWED = NO
               CODE_SIGNING_IDENTITY = -
               CODE_SIGNING_REQUIRED = NO
               CODE_SIGN_CONTEXT_CLASS = XCiPhoneSimulatorCodeSignContext
               CODE_SIGN_IDENTITY = -
               CODE_SIGN_INJECT_BASE_ENTITLEMENTS = YES
               COLOR_DIAGNOSTICS = NO
               COMBINE_HIDPI_IMAGES = NO
               COMPILATION_CACHE_CAS_PATH = /var/folders/4y/xy3fflts0nqfk1tsxg0t3mmr0000gn/C/com.apple.DeveloperTools/16.3-16E140/Xcode/CompilationCache.noindex
               COMPILATION_CACHE_KEEP_CAS_DIRECTORY = YES
               COMPILER_INDEX_STORE_ENABLE = Default
               COMPOSITE_SDK_DIRS = /Users/otislewis/arena/build/ios/CompositeSDKs
               COMPRESS_PNG_FILES = YES
               CONFIGURATION = Release
               CONFIGURATION_BUILD_DIR = /Users/otislewis/arena/build/ios/Release-iphonesimulator/gRPC-Core
               CONFIGURATION_TEMP_DIR = /Users/otislewis/arena/build/ios/Pods.build/Release-iphonesimulator
               CONTENTS_FOLDER_PATH = grpc.bundle
               CONTENTS_FOLDER_PATH_SHALLOW_BUNDLE_NO = grpc.bundle/Contents
               CONTENTS_FOLDER_PATH_SHALLOW_BUNDLE_YES = grpc.bundle
               COPYING_PRESERVES_HFS_DATA = NO
               COPY_HEADERS_RUN_UNIFDEF = NO
               COPY_PHASE_STRIP = NO
               CORRESPONDING_DEVICE_PLATFORM_DIR = /Applications/Xcode.app/Contents/Developer/Platforms/iPhoneOS.platform
               CORRESPONDING_DEVICE_PLATFORM_NAME = iphoneos
               CORRESPONDING_DEVICE_SDK_DIR = /Applications/Xcode.app/Contents/Developer/Platforms/iPhoneOS.platform/Developer/SDKs/iPhoneOS18.4.sdk
               CORRESPONDING_DEVICE_SDK_NAME = iphoneos18.4
               CP = /bin/cp
               CREATE_INFOPLIST_SECTION_IN_BINARY = NO
               CURRENT_ARCH = undefined_arch
               CURRENT_VARIANT = normal
               DEAD_CODE_STRIPPING = YES
               DEBUGGING_SYMBOLS = YES
               DEBUG_INFORMATION_FORMAT = dwarf-with-dsym
               DEBUG_INFORMATION_VERSION = compiler-default
               DEFAULT_COMPILER = com.apple.compilers.llvm.clang.1_0
               DEFAULT_DEXT_INSTALL_PATH = /System/Library/DriverExtensions
               DEFAULT_KEXT_INSTALL_PATH = /System/Library/Extensions
               DEFINES_MODULE = NO
               DEPLOYMENT_LOCATION = NO
               DEPLOYMENT_POSTPROCESSING = NO
               DEPLOYMENT_TARGET_SETTING_NAME = IPHONEOS_DEPLOYMENT_TARGET
               DEPLOYMENT_TARGET_SUGGESTED_VALUES = 12.0 12.1 12.2 12.3 12.4 13.0 13.1 13.2 13.3 13.4 13.5 13.6 14.0 14.1 14.2 14.3 14.4 14.5 14.6 14.7 15.0 15.1 15.2 15.3 15.4 15.5 15.6 16.0 16.1 16.2 16.3 16.4 16.5 16.6 17.0 17.1 17.2 17.3 17.4 17.5 17.6 18.0 18.1 18.2 18.3 18.4
               DERIVED_FILES_DIR = /Users/otislewis/arena/build/ios/Pods.build/Release-iphonesimulator/gRPC-Core-grpc.build/DerivedSources
               DERIVED_FILE_DIR = /Users/otislewis/arena/build/ios/Pods.build/Release-iphonesimulator/gRPC-Core-grpc.build/DerivedSources
               DERIVED_SOURCES_DIR = /Users/otislewis/arena/build/ios/Pods.build/Release-iphonesimulator/gRPC-Core-grpc.build/DerivedSources
               DEVELOPER_APPLICATIONS_DIR = /Applications/Xcode.app/Contents/Developer/Applications
               DEVELOPER_BIN_DIR = /Applications/Xcode.app/Contents/Developer/usr/bin
               DEVELOPER_DIR = /Applications/Xcode.app/Contents/Developer
               DEVELOPER_FRAMEWORKS_DIR = /Applications/Xcode.app/Contents/Developer/Library/Frameworks
               DEVELOPER_FRAMEWORKS_DIR_QUOTED = /Applications/Xcode.app/Contents/Developer/Library/Frameworks
               DEVELOPER_LIBRARY_DIR = /Applications/Xcode.app/Contents/Developer/Library
               DEVELOPER_SDK_DIR = /Applications/Xcode.app/Contents/Developer/Platforms/MacOSX.platform/Developer/SDKs
               DEVELOPER_TOOLS_DIR = /Applications/Xcode.app/Contents/Developer/Tools
               DEVELOPER_USR_DIR = /Applications/Xcode.app/Contents/Developer/usr
               DEVELOPMENT_LANGUAGE = en
               DIAGNOSE_MISSING_TARGET_DEPENDENCIES = YES
               DIFF = /usr/bin/diff
               DOCUMENTATION_FOLDER_PATH = grpc.bundle/en.lproj/Documentation
               DONT_GENERATE_INFOPLIST_FILE = NO
               DSTROOT = /tmp/Pods.dst
               DT_TOOLCHAIN_DIR = /Applications/Xcode.app/Contents/Developer/Toolchains/XcodeDefault.xctoolchain
               DWARF_DSYM_FILE_NAME = grpc.bundle.dSYM
               DWARF_DSYM_FILE_SHOULD_ACCOMPANY_PRODUCT = NO
               DWARF_DSYM_FOLDER_PATH = /Users/otislewis/arena/build/ios/Release-iphonesimulator/gRPC-Core
               DYNAMIC_LIBRARY_EXTENSION = dylib
               EAGER_COMPILATION_ALLOW_SCRIPTS = NO
               EAGER_LINKING = NO
               EFFECTIVE_PLATFORM_NAME = -iphonesimulator
               EMBEDDED_CONTENT_CONTAINS_SWIFT = NO
               EMBED_ASSET_PACKS_IN_PRODUCT_BUNDLE = NO
               ENABLE_APP_SANDBOX = NO
               ENABLE_BITCODE = NO
               ENABLE_CODE_COVERAGE = YES
               ENABLE_DEFAULT_HEADER_SEARCH_PATHS = YES
               ENABLE_DEFAULT_SEARCH_PATHS = YES
               ENABLE_HARDENED_RUNTIME = NO
               ENABLE_HEADER_DEPENDENCIES = YES
               ENABLE_INCOMING_NETWORK_CONNECTIONS = NO
               ENABLE_NS_ASSERTIONS = NO
               ENABLE_ON_DEMAND_RESOURCES = NO
               ENABLE_OUTGOING_NETWORK_CONNECTIONS = NO
               ENABLE_RESOURCE_ACCESS_AUDIO_INPUT = NO
               ENABLE_RESOURCE_ACCESS_BLUETOOTH = NO
               ENABLE_RESOURCE_ACCESS_CALENDARS = NO
               ENABLE_RESOURCE_ACCESS_CAMERA = NO
               ENABLE_RESOURCE_ACCESS_CONTACTS = NO
               ENABLE_RESOURCE_ACCESS_LOCATION = NO
               ENABLE_RESOURCE_ACCESS_PRINTING = NO
               ENABLE_RESOURCE_ACCESS_USB = NO
               ENABLE_SDK_IMPORTS = NO
               ENABLE_STRICT_OBJC_MSGSEND = YES
               ENABLE_TESTABILITY = NO
               ENABLE_TESTING_SEARCH_PATHS = NO
               ENABLE_USER_SCRIPT_SANDBOXING = NO
               ENFORCE_VALID_ARCHS = YES
               ENTITLEMENTS_DESTINATION = __entitlements
               ENTITLEMENTS_REQUIRED = NO
               EXCLUDED_ARCHS = arm64
               EXCLUDED_INSTALLSRC_SUBDIRECTORY_PATTERNS = .DS_Store .svn .git .hg CVS
               EXCLUDED_RECURSIVE_SEARCH_PATH_SUBDIRECTORIES = *.nib *.lproj *.framework *.gch *.xcode* *.xcassets (*) .DS_Store CVS .svn .git .hg *.pbproj *.pbxproj
               EXECUTABLES_FOLDER_PATH = grpc.bundle/Executables
               EXECUTABLE_FOLDER_PATH = grpc.bundle
               EXECUTABLE_FOLDER_PATH_SHALLOW_BUNDLE_NO = grpc.bundle/MacOS
               EXECUTABLE_FOLDER_PATH_SHALLOW_BUNDLE_YES = grpc.bundle
               EXECUTABLE_NAME = grpc
               EXECUTABLE_PATH = grpc.bundle/grpc
               EXPANDED_CODE_SIGN_IDENTITY = -
               EXTENSIONS_FOLDER_PATH = grpc.bundle/Extensions
               FILE_LIST = /Users/otislewis/arena/build/ios/Pods.build/Release-iphonesimulator/gRPC-Core-grpc.build/Objects/LinkFileList
               FIXED_FILES_DIR = /Users/otislewis/arena/build/ios/Pods.build/Release-iphonesimulator/gRPC-Core-grpc.build/FixedFiles
               FRAMEWORKS_FOLDER_PATH = grpc.bundle/Frameworks
               FRAMEWORK_FLAG_PREFIX = -framework
               FRAMEWORK_SEARCH_PATHS = /Users/otislewis/arena/build/ios/Release-iphonesimulator/gRPC-Core  "/Users/otislewis/arena/build/ios/Release-iphonesimulator/BoringSSL-GRPC" "/Users/otislewis/arena/build/ios/Release-iphonesimulator/abseil"
               FRAMEWORK_VERSION = A
               FULL_PRODUCT_NAME = grpc.bundle
               FUSE_BUILD_PHASES = YES
               FUSE_BUILD_SCRIPT_PHASES = NO
               GCC3_VERSION = 3.3
               GCC_C_LANGUAGE_STANDARD = gnu11
               GCC_INLINES_ARE_PRIVATE_EXTERN = YES
               GCC_NO_COMMON_BLOCKS = YES
               GCC_OBJC_LEGACY_DISPATCH = YES
               GCC_PFE_FILE_C_DIALECTS = c objective-c c++ objective-c++
               GCC_PREPROCESSOR_DEFINITIONS = POD_CONFIGURATION_RELEASE=1  COCOAPODS=1
               GCC_TREAT_WARNINGS_AS_ERRORS = NO
               GCC_VERSION = com.apple.compilers.llvm.clang.1_0
               GCC_VERSION_IDENTIFIER = com_apple_compilers_llvm_clang_1_0
               GCC_WARN_64_TO_32_BIT_CONVERSION = YES
               GCC_WARN_ABOUT_RETURN_TYPE = YES_ERROR
               GCC_WARN_UNDECLARED_SELECTOR = YES
               GCC_WARN_UNINITIALIZED_AUTOS = YES_AGGRESSIVE
               GCC_WARN_UNUSED_FUNCTION = YES
               GCC_WARN_UNUSED_VARIABLE = YES
               GENERATED_MODULEMAP_DIR = /Users/otislewis/arena/build/ios/GeneratedModuleMaps-iphonesimulator
               GENERATE_INFOPLIST_FILE = NO
               GENERATE_INTERMEDIATE_TEXT_BASED_STUBS = YES
               GENERATE_MASTER_OBJECT_FILE = NO
               GENERATE_PKGINFO_FILE = NO
               GENERATE_PROFILING_CODE = NO
               GENERATE_TEXT_BASED_STUBS = NO
               GID = 20
               GROUP = staff
               HEADERMAP_INCLUDES_FLAT_ENTRIES_FOR_TARGET_BEING_BUILT = YES
               HEADERMAP_INCLUDES_FRAMEWORK_ENTRIES_FOR_ALL_PRODUCT_TYPES = YES
               HEADERMAP_INCLUDES_FRAMEWORK_ENTRIES_FOR_TARGETS_NOT_BEING_BUILT = YES
               HEADERMAP_INCLUDES_NONPUBLIC_NONPRIVATE_HEADERS = YES
               HEADERMAP_INCLUDES_PROJECT_HEADERS = YES
               HEADERMAP_USES_FRAMEWORK_PREFIX_ENTRIES = YES
               HEADERMAP_USES_VFS = NO
               HEADER_SEARCH_PATHS = /Users/otislewis/arena/build/ios/Release-iphonesimulator/gRPC-Core/include "" "/Users/otislewis/arena/ios/Pods/gRPC-Core/include"
               HIDE_BITCODE_SYMBOLS = YES
               HOME = /Users/otislewis
               HOST_ARCH = arm64
               HOST_PLATFORM = macosx
               IBSC_MODULE = grpc
               ICONV = /usr/bin/iconv
               IMPLICIT_DEPENDENCY_DOMAIN = default
               INFOPLIST_ENABLE_CFBUNDLEICONS_MERGE = YES
               INFOPLIST_EXPAND_BUILD_SETTINGS = YES
               INFOPLIST_FILE = Target Support Files/gRPC-Core/ResourceBundle-grpc-gRPC-Core-Info.plist
               INFOPLIST_OUTPUT_FORMAT = binary
               INFOPLIST_PATH = grpc.bundle/Info.plist
               INFOPLIST_PREPROCESS = NO
               INFOSTRINGS_PATH = grpc.bundle/en.lproj/InfoPlist.strings
               INLINE_PRIVATE_FRAMEWORKS = NO
               INSTALLAPI_IGNORE_SKIP_INSTALL = YES
               INSTALLHDRS_COPY_PHASE = NO
               INSTALLHDRS_SCRIPT_PHASE = NO
               INSTALL_DIR = /tmp/Pods.dst
               INSTALL_GROUP = staff
               INSTALL_MODE_FLAG = u+w,go-w,a+rX
               INSTALL_OWNER = otislewis
               INSTALL_ROOT = /tmp/Pods.dst
               IPHONEOS_DEPLOYMENT_TARGET = 13.0
               IS_UNOPTIMIZED_BUILD = NO
               JAVAC_DEFAULT_FLAGS = -J-Xms64m -J-XX:NewSize=4M -J-Dfile.encoding=UTF8
               JAVA_APP_STUB = /System/Library/Frameworks/JavaVM.framework/Resources/MacOS/JavaApplicationStub
               JAVA_ARCHIVE_CLASSES = YES
               JAVA_ARCHIVE_TYPE = JAR
               JAVA_COMPILER = /usr/bin/javac
               JAVA_FOLDER_PATH = grpc.bundle/Java
               JAVA_FRAMEWORK_RESOURCES_DIRS = Resources
               JAVA_JAR_FLAGS = cv
               JAVA_SOURCE_SUBDIR = .
               JAVA_USE_DEPENDENCIES = YES
               JAVA_ZIP_FLAGS = -urg
               JIKES_DEFAULT_FLAGS = +E +OLDCSO
               KEEP_PRIVATE_EXTERNS = NO
               LD_DEPENDENCY_INFO_FILE = /Users/otislewis/arena/build/ios/Pods.build/Release-iphonesimulator/gRPC-Core-grpc.build/Objects-normal/undefined_arch/grpc_dependency_info.dat
               LD_EXPORT_SYMBOLS = YES
               LD_GENERATE_MAP_FILE = NO
               LD_MAP_FILE_PATH = /Users/otislewis/arena/build/ios/Pods.build/Release-iphonesimulator/gRPC-Core-grpc.build/grpc-LinkMap-normal-undefined_arch.txt
               LD_NO_PIE = NO
               LD_QUOTE_LINKER_ARGUMENTS_FOR_COMPILER_DRIVER = YES
               LD_SHARED_CACHE_ELIGIBLE = Automatic
               LD_WARN_DUPLICATE_LIBRARIES = NO
               LD_WARN_UNUSED_DYLIBS = NO
               LEGACY_DEVELOPER_DIR = /Applications/Xcode.app/Contents/PlugIns/Xcode3Core.ideplugin/Contents/SharedSupport/Developer
               LEX = lex
               LIBRARY_DEXT_INSTALL_PATH = /Library/DriverExtensions
               LIBRARY_FLAG_NOSPACE = YES
               LIBRARY_FLAG_PREFIX = -l
               LIBRARY_KEXT_INSTALL_PATH = /Library/Extensions
               LIBRARY_SEARCH_PATHS = /Users/otislewis/arena/build/ios/Release-iphonesimulator/gRPC-Core 
               LINKER_DISPLAYS_MANGLED_NAMES = NO
               LINK_OBJC_RUNTIME = YES
               LINK_WITH_STANDARD_LIBRARIES = YES
               LLVM_TARGET_TRIPLE_OS_VERSION = ios13.0
               LLVM_TARGET_TRIPLE_SUFFIX = -simulator
               LLVM_TARGET_TRIPLE_VENDOR = apple
               LOCALIZATION_EXPORT_SUPPORTED = YES
               LOCALIZATION_PREFERS_STRING_CATALOGS = NO
               LOCALIZED_RESOURCES_FOLDER_PATH = grpc.bundle/en.lproj
               LOCALIZED_STRING_MACRO_NAMES = NSLocalizedString CFCopyLocalizedString
               LOCALIZED_STRING_SWIFTUI_SUPPORT = YES
               LOCAL_ADMIN_APPS_DIR = /Applications/Utilities
               LOCAL_APPS_DIR = /Applications
               LOCAL_DEVELOPER_DIR = /Library/Developer
               LOCAL_LIBRARY_DIR = /Library
               LOCROOT = /Users/otislewis/arena/ios/Pods
               LOCSYMROOT = /Users/otislewis/arena/ios/Pods
               MACH_O_TYPE = mh_bundle
               MAC_OS_X_PRODUCT_BUILD_VERSION = 24F74
               MAC_OS_X_VERSION_ACTUAL = 150500
               MAC_OS_X_VERSION_MAJOR = 150000
               MAC_OS_X_VERSION_MINOR = 150500
               MAKE_MERGEABLE = NO
               MERGEABLE_LIBRARY = NO
               MERGED_BINARY_TYPE = none
               MERGE_LINKED_LIBRARIES = NO
               METAL_LIBRARY_FILE_BASE = default
               METAL_LIBRARY_OUTPUT_DIR = /Users/otislewis/arena/build/ios/Release-iphonesimulator/gRPC-Core/grpc.bundle
               MODULES_FOLDER_PATH = grpc.bundle/Modules
               MTL_ENABLE_DEBUG_INFO = NO
               MTL_FAST_MATH = YES
               NATIVE_ARCH = arm64
               NATIVE_ARCH_32_BIT = arm
               NATIVE_ARCH_64_BIT = arm64
               NATIVE_ARCH_ACTUAL = arm64
               NO_COMMON = YES
               OBJC_ABI_VERSION = 2
               OBJECT_FILE_DIR = /Users/otislewis/arena/build/ios/Pods.build/Release-iphonesimulator/gRPC-Core-grpc.build/Objects
               OBJECT_FILE_DIR_normal = /Users/otislewis/arena/build/ios/Pods.build/Release-iphonesimulator/gRPC-Core-grpc.build/Objects-normal
               OBJROOT = /Users/otislewis/arena/build/ios
               ONLY_ACTIVE_ARCH = NO
               OS = MACOS
               OSAC = /usr/bin/osacompile
               OTHER_LDFLAGS =  -l"c++" -l"z" -framework "absl" -framework "openssl_grpc"
               PACKAGE_TYPE = com.apple.package-type.wrapper
               PASCAL_STRINGS = YES
               PATH = /Applications/Xcode.app/Contents/SharedFrameworks/SwiftBuild.framework/Versions/A/PlugIns/SWBBuildService.bundle/Contents/PlugIns/SWBUniversalPlatformPlugin.bundle/Contents/Frameworks/SWBUniversalPlatform.framework/Resources:/Applications/Xcode.app/Contents/Developer/Toolchains/XcodeDefault.xctoolchain/usr/bin:/Applications/Xcode.app/Contents/Developer/Toolchains/XcodeDefault.xctoolchain/usr/local/bin:/Applications/Xcode.app/Contents/Developer/Toolchains/XcodeDefault.xctoolchain/usr/libexec:/Applications/Xcode.app/Contents/Developer/Platforms/iPhoneSimulator.platform/usr/bin:/Applications/Xcode.app/Contents/Developer/Platforms/iPhoneSimulator.platform/usr/local/bin:/Applications/Xcode.app/Contents/Developer/Platforms/iPhoneSimulator.platform/Developer/usr/bin:/Applications/Xcode.app/Contents/Developer/Platforms/iPhoneSimulator.platform/Developer/usr/local/bin:/Applications/Xcode.app/Contents/Developer/usr/bin:/Applications/Xcode.app/Contents/Developer/usr/local/bin:/Users/otislewis/.gem/ruby/3.3.0/bin:/opt/homebrew/bin:/opt/homebrew/sbin:/usr/local/bin:/System/Cryptexes/App/usr/bin:/usr/bin:/bin:/usr/sbin:/sbin:/var/run/com.apple.security.cryptexd/codex.system/bootstrap/usr/local/bin:/var/run/com.apple.security.cryptexd/codex.system/bootstrap/usr/bin:/var/run/com.apple.security.cryptexd/codex.system/bootstrap/usr/appleinternal/bin:/Library/Apple/usr/bin:/opt/homebrew/Caskroom/flutter/3.32.0/flutter/bin:/Users/otislewis/Library/Android/sdk/emulator:/Users/otislewis/Library/Android/sdk/tools:/Users/otislewis/Library/Android/sdk/tools/bin:/Users/otislewis/Library/Android/sdk/platform-tools:/opt/homebrew/Caskroom/flutter/3.32.0/flutter/bin/cache/dart-sdk/bin
               PATH_PREFIXES_EXCLUDED_FROM_HEADER_DEPENDENCIES = /usr/include /usr/local/include /System/Library/Frameworks /System/Library/PrivateFrameworks /Applications/Xcode.app/Contents/Developer/Headers /Applications/Xcode.app/Contents/Developer/SDKs /Applications/Xcode.app/Contents/Developer/Platforms
               PBDEVELOPMENTPLIST_PATH = grpc.bundle/pbdevelopment.plist
               PER_ARCH_MODULE_FILE_DIR = /Users/otislewis/arena/build/ios/Pods.build/Release-iphonesimulator/gRPC-Core-grpc.build/Objects-normal/undefined_arch
               PER_ARCH_OBJECT_FILE_DIR = /Users/otislewis/arena/build/ios/Pods.build/Release-iphonesimulator/gRPC-Core-grpc.build/Objects-normal/undefined_arch
               PER_VARIANT_OBJECT_FILE_DIR = /Users/otislewis/arena/build/ios/Pods.build/Release-iphonesimulator/gRPC-Core-grpc.build/Objects-normal
               PKGINFO_FILE_PATH = /Users/otislewis/arena/build/ios/Pods.build/Release-iphonesimulator/gRPC-Core-grpc.build/PkgInfo
               PKGINFO_PATH = grpc.bundle/PkgInfo
               PLATFORM_DEVELOPER_APPLICATIONS_DIR = /Applications/Xcode.app/Contents/Developer/Platforms/iPhoneSimulator.platform/Developer/Applications
               PLATFORM_DEVELOPER_BIN_DIR = /Applications/Xcode.app/Contents/Developer/Platforms/iPhoneSimulator.platform/Developer/usr/bin
               PLATFORM_DEVELOPER_LIBRARY_DIR = /Applications/Xcode.app/Contents/Developer/Platforms/iPhoneSimulator.platform/Developer/Library
               PLATFORM_DEVELOPER_SDK_DIR = /Applications/Xcode.app/Contents/Developer/Platforms/iPhoneSimulator.platform/Developer/SDKs
               PLATFORM_DEVELOPER_TOOLS_DIR = /Applications/Xcode.app/Contents/Developer/Platforms/iPhoneSimulator.platform/Developer/Tools
               PLATFORM_DEVELOPER_USR_DIR = /Applications/Xcode.app/Contents/Developer/Platforms/iPhoneSimulator.platform/Developer/usr
               PLATFORM_DIR = /Applications/Xcode.app/Contents/Developer/Platforms/iPhoneSimulator.platform
               PLATFORM_DISPLAY_NAME = iOS Simulator
               PLATFORM_FAMILY_NAME = iOS
               PLATFORM_NAME = iphonesimulator
               PLATFORM_PREFERRED_ARCH = x86_64
               PLATFORM_PRODUCT_BUILD_VERSION = 22E235
               PLATFORM_REQUIRES_SWIFT_AUTOLINK_EXTRACT = NO
               PLATFORM_REQUIRES_SWIFT_MODULEWRAP = NO
               PLIST_FILE_OUTPUT_FORMAT = binary
               PLUGINS_FOLDER_PATH = grpc.bundle/PlugIns
               PODS_BUILD_DIR = /Users/otislewis/arena/build/ios
               PODS_CONFIGURATION_BUILD_DIR = /Users/otislewis/arena/build/ios/Release-iphonesimulator
               PODS_DEVELOPMENT_LANGUAGE = en
               PODS_ROOT = /Users/otislewis/arena/ios/Pods
               PODS_TARGET_SRCROOT = /Users/otislewis/arena/ios/Pods/gRPC-Core
               PODS_XCFRAMEWORKS_BUILD_DIR = /Users/otislewis/arena/build/ios/Release-iphonesimulator/XCFrameworkIntermediates
               PRECOMPS_INCLUDE_HEADERS_FROM_BUILT_PRODUCTS_DIR = YES
               PRECOMP_DESTINATION_DIR = /Users/otislewis/arena/build/ios/Pods.build/Release-iphonesimulator/gRPC-Core-grpc.build/PrefixHeaders
               PRIVATE_HEADERS_FOLDER_PATH = grpc.bundle/PrivateHeaders
               PROCESSED_INFOPLIST_PATH = /Users/otislewis/arena/build/ios/Pods.build/Release-iphonesimulator/gRPC-Core-grpc.build/Objects-normal/undefined_arch/Processed-Info.plist
               PRODUCT_BUNDLE_IDENTIFIER = org.cocoapods.grpc
               PRODUCT_BUNDLE_PACKAGE_TYPE = BNDL
               PRODUCT_MODULE_NAME = grpc
               PRODUCT_NAME = grpc
               PRODUCT_SETTINGS_PATH = /Users/otislewis/arena/ios/Pods/Target Support Files/gRPC-Core/ResourceBundle-grpc-gRPC-Core-Info.plist
               PRODUCT_TYPE = com.apple.product-type.bundle
               PROFILING_CODE = NO
               PROJECT = Pods
               PROJECT_DERIVED_FILE_DIR = /Users/otislewis/arena/build/ios/Pods.build/DerivedSources
               PROJECT_DIR = /Users/otislewis/arena/ios/Pods
               PROJECT_FILE_PATH = /Users/otislewis/arena/ios/Pods/Pods.xcodeproj
               PROJECT_GUID = bfdfe7dc352907fc980b868725387e98
               PROJECT_NAME = Pods
               PROJECT_TEMP_DIR = /Users/otislewis/arena/build/ios/Pods.build
               PROJECT_TEMP_ROOT = /Users/otislewis/arena/build/ios
               PUBLIC_HEADERS_FOLDER_PATH = grpc.bundle/Headers
               RECOMMENDED_IPHONEOS_DEPLOYMENT_TARGET = 15.0
               RECURSIVE_SEARCH_PATHS_FOLLOW_SYMLINKS = YES
               REMOVE_CVS_FROM_RESOURCES = YES
               REMOVE_GIT_FROM_RESOURCES = YES
               REMOVE_HEADERS_FROM_EMBEDDED_BUNDLES = YES
               REMOVE_HG_FROM_RESOURCES = YES
               REMOVE_STATIC_EXECUTABLES_FROM_EMBEDDED_BUNDLES = YES
               REMOVE_SVN_FROM_RESOURCES = YES
               RESCHEDULE_INDEPENDENT_HEADERS_PHASES = YES
               REZ_COLLECTOR_DIR = /Users/otislewis/arena/build/ios/Pods.build/Release-iphonesimulator/gRPC-Core-grpc.build/ResourceManagerResources
               REZ_OBJECTS_DIR = /Users/otislewis/arena/build/ios/Pods.build/Release-iphonesimulator/gRPC-Core-grpc.build/ResourceManagerResources/Objects
               REZ_SEARCH_PATHS = /Users/otislewis/arena/build/ios/Release-iphonesimulator/gRPC-Core 
               SCAN_ALL_SOURCE_FILES_FOR_INCLUDES = NO
               SCRIPTS_FOLDER_PATH = grpc.bundle/Scripts
               SDKROOT = /Applications/Xcode.app/Contents/Developer/Platforms/iPhoneSimulator.platform/Developer/SDKs/iPhoneSimulator18.4.sdk
               SDK_DIR = /Applications/Xcode.app/Contents/Developer/Platforms/iPhoneSimulator.platform/Developer/SDKs/iPhoneSimulator18.4.sdk
               SDK_DIR_iphonesimulator = /Applications/Xcode.app/Contents/Developer/Platforms/iPhoneSimulator.platform/Developer/SDKs/iPhoneSimulator18.4.sdk
               SDK_DIR_iphonesimulator18_4 = /Applications/Xcode.app/Contents/Developer/Platforms/iPhoneSimulator.platform/Developer/SDKs/iPhoneSimulator18.4.sdk
               SDK_NAME = iphonesimulator18.4
               SDK_NAMES = iphonesimulator18.4
               SDK_PRODUCT_BUILD_VERSION = 22E235
               SDK_STAT_CACHE_DIR = /var/folders/4y/xy3fflts0nqfk1tsxg0t3mmr0000gn/C/com.apple.DeveloperTools/16.3-16E140/Xcode
               SDK_STAT_CACHE_ENABLE = YES
               SDK_STAT_CACHE_PATH = /var/folders/4y/xy3fflts0nqfk1tsxg0t3mmr0000gn/C/com.apple.DeveloperTools/16.3-16E140/Xcode/SDKStatCaches.noindex/iphonesimulator18.4-22E235-71825a6d136aa4733edcbe86ece5525b.sdkstatcache
               SDK_VERSION = 18.4
               SDK_VERSION_ACTUAL = 180400
               SDK_VERSION_MAJOR = 180000
               SDK_VERSION_MINOR = 180400
               SED = /usr/bin/sed
               SEPARATE_STRIP = NO
               SEPARATE_SYMBOL_EDIT = NO
               SET_DIR_MODE_OWNER_GROUP = YES
               SET_FILE_MODE_OWNER_GROUP = NO
               SHALLOW_BUNDLE = YES
               SHALLOW_BUNDLE_TRIPLE = ios-simulator
               SHALLOW_BUNDLE_ios_macabi = NO
               SHALLOW_BUNDLE_macos = NO
               SHARED_DERIVED_FILE_DIR = /Users/otislewis/arena/build/ios/Release-iphonesimulator/gRPC-Core/DerivedSources
               SHARED_FRAMEWORKS_FOLDER_PATH = grpc.bundle/SharedFrameworks
               SHARED_PRECOMPS_DIR = /Users/otislewis/arena/build/ios/SharedPrecompiledHeaders
               SHARED_SUPPORT_FOLDER_PATH = grpc.bundle/SharedSupport
               SKIP_INSTALL = YES
               SOURCE_ROOT = /Users/otislewis/arena/ios/Pods
               SRCROOT = /Users/otislewis/arena/ios/Pods
               STRINGSDATA_DIR = /Users/otislewis/arena/build/ios/Pods.build/Release-iphonesimulator/gRPC-Core-grpc.build/Objects-normal/undefined_arch
               STRINGSDATA_ROOT = /Users/otislewis/arena/build/ios/Pods.build/Release-iphonesimulator/gRPC-Core-grpc.build
               STRINGS_FILE_INFOPLIST_RENAME = YES
               STRINGS_FILE_OUTPUT_ENCODING = binary
               STRIP_BITCODE_FROM_COPIED_FILES = NO
               STRIP_INSTALLED_PRODUCT = NO
               STRIP_STYLE = non-global
               STRIP_SWIFT_SYMBOLS = YES
               SUPPORTED_DEVICE_FAMILIES = 1,2
               SUPPORTED_PLATFORMS = iphoneos iphonesimulator
               SUPPORTS_TEXT_BASED_API = NO
               SUPPRESS_WARNINGS = NO
               SWIFT_COMPILATION_MODE = wholemodule
               SWIFT_EMIT_LOC_STRINGS = NO
               SWIFT_OPTIMIZATION_LEVEL = -O
               SWIFT_PLATFORM_TARGET_PREFIX = ios
               SWIFT_VERSION = 5.0
               SYMROOT = /Users/otislewis/arena/ios/build
               SYSTEM_ADMIN_APPS_DIR = /Applications/Utilities
               SYSTEM_APPS_DIR = /Applications
               SYSTEM_CORE_SERVICES_DIR = /System/Library/CoreServices
               SYSTEM_DEMOS_DIR = /Applications/Extras
               SYSTEM_DEVELOPER_APPS_DIR = /Applications/Xcode.app/Contents/Developer/Applications
               SYSTEM_DEVELOPER_BIN_DIR = /Applications/Xcode.app/Contents/Developer/usr/bin
               SYSTEM_DEVELOPER_DEMOS_DIR = /Applications/Xcode.app/Contents/Developer/Applications/Utilities/Built Examples
               SYSTEM_DEVELOPER_DIR = /Applications/Xcode.app/Contents/Developer
               SYSTEM_DEVELOPER_DOC_DIR = /Applications/Xcode.app/Contents/Developer/ADC Reference Library
               SYSTEM_DEVELOPER_GRAPHICS_TOOLS_DIR = /Applications/Xcode.app/Contents/Developer/Applications/Graphics Tools
               SYSTEM_DEVELOPER_JAVA_TOOLS_DIR = /Applications/Xcode.app/Contents/Developer/Applications/Java Tools
               SYSTEM_DEVELOPER_PERFORMANCE_TOOLS_DIR = /Applications/Xcode.app/Contents/Developer/Applications/Performance Tools
               SYSTEM_DEVELOPER_RELEASENOTES_DIR = /Applications/Xcode.app/Contents/Developer/ADC Reference Library/releasenotes
               SYSTEM_DEVELOPER_TOOLS = /Applications/Xcode.app/Contents/Developer/Tools
               SYSTEM_DEVELOPER_TOOLS_DOC_DIR = /Applications/Xcode.app/Contents/Developer/ADC Reference Library/documentation/DeveloperTools
               SYSTEM_DEVELOPER_TOOLS_RELEASENOTES_DIR = /Applications/Xcode.app/Contents/Developer/ADC Reference Library/releasenotes/DeveloperTools
               SYSTEM_DEVELOPER_USR_DIR = /Applications/Xcode.app/Contents/Developer/usr
               SYSTEM_DEVELOPER_UTILITIES_DIR = /Applications/Xcode.app/Contents/Developer/Applications/Utilities
               SYSTEM_DEXT_INSTALL_PATH = /System/Library/DriverExtensions
               SYSTEM_DOCUMENTATION_DIR = /Library/Documentation
               SYSTEM_EXTENSIONS_FOLDER_PATH = grpc.bundle/SystemExtensions
               SYSTEM_EXTENSIONS_FOLDER_PATH_SHALLOW_BUNDLE_NO = grpc.bundle/Library/SystemExtensions
               SYSTEM_EXTENSIONS_FOLDER_PATH_SHALLOW_BUNDLE_YES = grpc.bundle/SystemExtensions
               SYSTEM_KEXT_INSTALL_PATH = /System/Library/Extensions
               SYSTEM_LIBRARY_DIR = /System/Library
               TAPI_DEMANGLE = YES
               TAPI_ENABLE_PROJECT_HEADERS = NO
               TAPI_LANGUAGE = objective-c
               TAPI_LANGUAGE_STANDARD = compiler-default
               TAPI_USE_SRCROOT = YES
               TAPI_VERIFY_MODE = Pedantic
               TARGETED_DEVICE_FAMILY = 1,2
               TARGETNAME = gRPC-Core-grpc
               TARGET_BUILD_DIR = /Users/otislewis/arena/build/ios/Release-iphonesimulator/gRPC-Core
               TARGET_NAME = gRPC-Core-grpc
               TARGET_TEMP_DIR = /Users/otislewis/arena/build/ios/Pods.build/Release-iphonesimulator/gRPC-Core-grpc.build
               TEMP_DIR = /Users/otislewis/arena/build/ios/Pods.build/Release-iphonesimulator/gRPC-Core-grpc.build
               TEMP_FILES_DIR = /Users/otislewis/arena/build/ios/Pods.build/Release-iphonesimulator/gRPC-Core-grpc.build
               TEMP_FILE_DIR = /Users/otislewis/arena/build/ios/Pods.build/Release-iphonesimulator/gRPC-Core-grpc.build
               TEMP_ROOT = /Users/otislewis/arena/build/ios
               TEMP_SANDBOX_DIR = /Users/otislewis/arena/build/ios/TemporaryTaskSandboxes
               TEST_FRAMEWORK_SEARCH_PATHS =  /Applications/Xcode.app/Contents/Developer/Platforms/iPhoneSimulator.platform/Developer/Library/Frameworks /Applications/Xcode.app/Contents/Developer/Platforms/iPhoneSimulator.platform/Developer/SDKs/iPhoneSimulator18.4.sdk/Developer/Library/Frameworks
               TEST_LIBRARY_SEARCH_PATHS =  /Applications/Xcode.app/Contents/Developer/Platforms/iPhoneSimulator.platform/Developer/usr/lib
               TOOLCHAINS = com.apple.dt.toolchain.XcodeDefault
               TOOLCHAIN_DIR = /Applications/Xcode.app/Contents/Developer/Toolchains/XcodeDefault.xctoolchain
               TREAT_MISSING_BASELINES_AS_TEST_FAILURES = NO
               TREAT_MISSING_SCRIPT_PHASE_OUTPUTS_AS_ERRORS = NO
               UID = 501
               UNINSTALLED_PRODUCTS_DIR = /Users/otislewis/arena/build/ios/UninstalledProducts
               UNLOCALIZED_RESOURCES_FOLDER_PATH = grpc.bundle
               UNLOCALIZED_RESOURCES_FOLDER_PATH_SHALLOW_BUNDLE_NO = grpc.bundle/Resources
               UNLOCALIZED_RESOURCES_FOLDER_PATH_SHALLOW_BUNDLE_YES = grpc.bundle
               UNSTRIPPED_PRODUCT = NO
               USER = otislewis
               USER_APPS_DIR = /Users/otislewis/Applications
               USER_HEADER_SEARCH_PATHS = "/Users/otislewis/arena/ios/Pods/gRPC-Core" "/Users/otislewis/arena/ios/Pods/gRPC-Core/src/core/ext/upb-gen" "/Users/otislewis/arena/ios/Pods/gRPC-Core/src/core/ext/upbdefs-gen" "/Users/otislewis/arena/ios/Pods/gRPC-Core/third_party/re2" "/Users/otislewis/arena/ios/Pods/gRPC-Core/third_party/upb" "/Users/otislewis/arena/ios/Pods/gRPC-Core/third_party/utf8_range" "/Users/otislewis/arena/ios/Pods/gRPC-Core/third_party/xxhash"
               USER_LIBRARY_DIR = /Users/otislewis/Library
               USE_DYNAMIC_NO_PIC = YES
               USE_HEADERMAP = NO
               USE_HEADER_SYMLINKS = NO
               USE_RECURSIVE_SCRIPT_INPUTS_IN_SCRIPT_PHASES = YES
               VALIDATE_DEVELOPMENT_ASSET_PATHS = YES_ERROR
               VALIDATE_PRODUCT = NO
               VALID_ARCHS = arm64
               VERBOSE_PBXCP = NO
               VERSIONPLIST_PATH = grpc.bundle/version.plist
               VERSION_INFO_BUILDER = otislewis
               VERSION_INFO_FILE = grpc_vers.c
               VERSION_INFO_STRING = "@(#)PROGRAM:grpc  PROJECT:Pods-"
               WORKSPACE_DIR = /Users/otislewis/arena/ios/Pods/Pods.xcodeproj
               WRAPPER_EXTENSION = bundle
               WRAPPER_NAME = grpc.bundle
               WRAPPER_SUFFIX = .bundle
               WRAP_ASSET_PACKS_IN_SEPARATE_DIRECTORIES = NO
               XCODE_APP_SUPPORT_DIR = /Applications/Xcode.app/Contents/Developer/Library/Xcode
               XCODE_PRODUCT_BUILD_VERSION = 16E140
               XCODE_VERSION_ACTUAL = 1630
               XCODE_VERSION_MAJOR = 1600
               XCODE_VERSION_MINOR = 1630
               XPCSERVICES_FOLDER_PATH = grpc.bundle/XPCServices
               YACC = yacc
               _DISCOVER_COMMAND_LINE_LINKER_INPUTS = YES
               _DISCOVER_COMMAND_LINE_LINKER_INPUTS_INCLUDE_WL = YES
               _WRAPPER_CONTENTS_DIR_SHALLOW_BUNDLE_NO = /Contents
               _WRAPPER_PARENT_PATH_SHALLOW_BUNDLE_NO = /..
               _WRAPPER_RESOURCES_DIR_SHALLOW_BUNDLE_NO = /Resources
               __DIAGNOSE_DEPRECATED_ARCHS = YES
               arch = undefined_arch
               variant = normal

           Build settings for action build and target GTMSessionFetcher:
               ACTION = build
               AD_HOC_CODE_SIGNING_ALLOWED = YES
               ALLOW_BUILD_REQUEST_OVERRIDES = NO
               ALLOW_TARGET_PLATFORM_SPECIALIZATION = NO
               ALTERNATE_GROUP = staff
               ALTERNATE_MODE = u+w,go-w,a+rX
               ALTERNATE_OWNER = otislewis
               ALTERNATIVE_DISTRIBUTION_WEB = NO
               ALWAYS_EMBED_SWIFT_STANDARD_LIBRARIES = NO
               ALWAYS_SEARCH_USER_PATHS = NO
               ALWAYS_USE_SEPARATE_HEADERMAPS = NO
               APPLICATION_EXTENSION_API_ONLY = NO
               APPLY_RULES_IN_COPY_FILES = NO
               APPLY_RULES_IN_COPY_HEADERS = NO
               APP_SHORTCUTS_ENABLE_FLEXIBLE_MATCHING = YES
               ARCHS_STANDARD = arm64 x86_64
               ARCHS_STANDARD_32_64_BIT = arm64 x86_64
               ARCHS_STANDARD_64_BIT = arm64 x86_64
               ARCHS_STANDARD_INCLUDING_64_BIT = arm64 x86_64
               ARCHS_UNIVERSAL_IPHONE_OS = arm64 x86_64
               AUTOMATICALLY_MERGE_DEPENDENCIES = NO
               AVAILABLE_PLATFORMS = android appletvos appletvsimulator driverkit iphoneos iphonesimulator macosx qnx watchos watchsimulator xros xrsimulator
               BITCODE_GENERATION_MODE = marker
               BUILD_ACTIVE_RESOURCES_ONLY = NO
               BUILD_COMPONENTS = headers build
               BUILD_DIR = /Users/otislewis/arena/build/ios
               BUILD_LIBRARY_FOR_DISTRIBUTION = NO
               BUILD_ROOT = /Users/otislewis/arena/ios/build
               BUILD_STYLE = 
               BUILD_VARIANTS = normal
               BUILT_PRODUCTS_DIR = /Users/otislewis/arena/build/ios/Release-iphonesimulator/GTMSessionFetcher
               BUNDLE_CONTENTS_FOLDER_PATH_deep = Contents/
               BUNDLE_EXECUTABLE_FOLDER_NAME_deep = MacOS
               BUNDLE_EXTENSIONS_FOLDER_PATH = Extensions
               BUNDLE_FORMAT = shallow
               BUNDLE_FRAMEWORKS_FOLDER_PATH = Frameworks
               BUNDLE_PLUGINS_FOLDER_PATH = PlugIns
               BUNDLE_PRIVATE_HEADERS_FOLDER_PATH = PrivateHeaders
               BUNDLE_PUBLIC_HEADERS_FOLDER_PATH = Headers
               CACHE_ROOT = /var/folders/4y/xy3fflts0nqfk1tsxg0t3mmr0000gn/C/com.apple.DeveloperTools/16.3-16E140/Xcode
               CCHROOT = /var/folders/4y/xy3fflts0nqfk1tsxg0t3mmr0000gn/C/com.apple.DeveloperTools/16.3-16E140/Xcode
               CHMOD = /bin/chmod
               CHOWN = /usr/sbin/chown
               CLANG_ANALYZER_LOCALIZABILITY_NONLOCALIZED = YES
               CLANG_ANALYZER_NONNULL = YES
               CLANG_ANALYZER_NUMBER_OBJECT_CONVERSION = YES_AGGRESSIVE
               CLANG_CACHE_FINE_GRAINED_OUTPUTS = YES
               CLANG_CXX_LANGUAGE_STANDARD = gnu++14
               CLANG_CXX_LIBRARY = libc++
               CLANG_ENABLE_EXPLICIT_MODULES = YES
               CLANG_ENABLE_MODULES = YES
               CLANG_ENABLE_OBJC_ARC = YES
               CLANG_ENABLE_OBJC_WEAK = NO
               CLANG_MODULES_BUILD_SESSION_FILE = /var/folders/4y/xy3fflts0nqfk1tsxg0t3mmr0000gn/C/org.llvm.clang/ModuleCache.noindex/Session.modulevalidation
               CLANG_WARN_BLOCK_CAPTURE_AUTORELEASING = YES
               CLANG_WARN_BOOL_CONVERSION = YES
               CLANG_WARN_COMMA = YES
               CLANG_WARN_CONSTANT_CONVERSION = YES
               CLANG_WARN_DEPRECATED_OBJC_IMPLEMENTATIONS = YES
               CLANG_WARN_DIRECT_OBJC_ISA_USAGE = YES_ERROR
               CLANG_WARN_DOCUMENTATION_COMMENTS = YES
               CLANG_WARN_EMPTY_BODY = YES
               CLANG_WARN_ENUM_CONVERSION = YES
               CLANG_WARN_INFINITE_RECURSION = YES
               CLANG_WARN_INT_CONVERSION = YES
               CLANG_WARN_NON_LITERAL_NULL_CONVERSION = YES
               CLANG_WARN_OBJC_IMPLICIT_RETAIN_SELF = YES
               CLANG_WARN_OBJC_LITERAL_CONVERSION = YES
               CLANG_WARN_OBJC_ROOT_CLASS = YES_ERROR
               CLANG_WARN_QUOTED_INCLUDE_IN_FRAMEWORK_HEADER = NO
               CLANG_WARN_RANGE_LOOP_ANALYSIS = YES
               CLANG_WARN_STRICT_PROTOTYPES = YES
               CLANG_WARN_SUSPICIOUS_MOVE = YES
               CLANG_WARN_UNGUARDED_AVAILABILITY = YES_AGGRESSIVE
               CLANG_WARN_UNREACHABLE_CODE = YES
               CLANG_WARN__DUPLICATE_METHOD_MATCH = YES
               CLASS_FILE_DIR = /Users/otislewis/arena/build/ios/Pods.build/Release-iphonesimulator/GTMSessionFetcher.build/JavaClasses
               CLEAN_PRECOMPS = YES
               CLONE_HEADERS = NO
               CODESIGNING_FOLDER_PATH = /Users/otislewis/arena/build/ios/Release-iphonesimulator/GTMSessionFetcher/GTMSessionFetcher.framework
               CODE_SIGNING_ALLOWED = YES
               CODE_SIGNING_REQUIRED = NO
               CODE_SIGNING_REQUIRES_TEAM = YES
               CODE_SIGN_CONTEXT_CLASS = XCiPhoneSimulatorCodeSignContext
               CODE_SIGN_IDENTITY = -
               CODE_SIGN_INJECT_BASE_ENTITLEMENTS = YES
               COLOR_DIAGNOSTICS = NO
               COMBINE_HIDPI_IMAGES = NO
               COMPILATION_CACHE_CAS_PATH = /var/folders/4y/xy3fflts0nqfk1tsxg0t3mmr0000gn/C/com.apple.DeveloperTools/16.3-16E140/Xcode/CompilationCache.noindex
               COMPILATION_CACHE_KEEP_CAS_DIRECTORY = YES
               COMPILER_INDEX_STORE_ENABLE = Default
               COMPOSITE_SDK_DIRS = /Users/otislewis/arena/build/ios/CompositeSDKs
               COMPRESS_PNG_FILES = YES
               CONFIGURATION = Release
               CONFIGURATION_BUILD_DIR = /Users/otislewis/arena/build/ios/Release-iphonesimulator/GTMSessionFetcher
               CONFIGURATION_TEMP_DIR = /Users/otislewis/arena/build/ios/Pods.build/Release-iphonesimulator
               CONTENTS_FOLDER_PATH = GTMSessionFetcher.framework
               CONTENTS_FOLDER_PATH_SHALLOW_BUNDLE_NO = GTMSessionFetcher.framework/A
               CONTENTS_FOLDER_PATH_SHALLOW_BUNDLE_YES = GTMSessionFetcher.framework
               COPYING_PRESERVES_HFS_DATA = NO
               COPY_HEADERS_RUN_UNIFDEF = NO
               COPY_PHASE_STRIP = NO
               CORRESPONDING_DEVICE_PLATFORM_DIR = /Applications/Xcode.app/Contents/Developer/Platforms/iPhoneOS.platform
               CORRESPONDING_DEVICE_PLATFORM_NAME = iphoneos
               CORRESPONDING_DEVICE_SDK_DIR = /Applications/Xcode.app/Contents/Developer/Platforms/iPhoneOS.platform/Developer/SDKs/iPhoneOS18.4.sdk
               CORRESPONDING_DEVICE_SDK_NAME = iphoneos18.4
               CP = /bin/cp
               CREATE_INFOPLIST_SECTION_IN_BINARY = NO
               CURRENT_ARCH = undefined_arch
               CURRENT_PROJECT_VERSION = 1
               CURRENT_VARIANT = normal
               CURRENT_VERSION = Current
               DEAD_CODE_STRIPPING = YES
               DEBUGGING_SYMBOLS = YES
               DEBUG_INFORMATION_FORMAT = dwarf-with-dsym
               DEBUG_INFORMATION_VERSION = compiler-default
               DEFAULT_COMPILER = com.apple.compilers.llvm.clang.1_0
               DEFAULT_DEXT_INSTALL_PATH = /System/Library/DriverExtensions
               DEFAULT_KEXT_INSTALL_PATH = /System/Library/Extensions
               DEFINES_MODULE = YES
               DEPLOYMENT_LOCATION = NO
               DEPLOYMENT_POSTPROCESSING = NO
               DEPLOYMENT_TARGET_SETTING_NAME = IPHONEOS_DEPLOYMENT_TARGET
               DEPLOYMENT_TARGET_SUGGESTED_VALUES = 12.0 12.1 12.2 12.3 12.4 13.0 13.1 13.2 13.3 13.4 13.5 13.6 14.0 14.1 14.2 14.3 14.4 14.5 14.6 14.7 15.0 15.1 15.2 15.3 15.4 15.5 15.6 16.0 16.1 16.2 16.3 16.4 16.5 16.6 17.0 17.1 17.2 17.3 17.4 17.5 17.6 18.0 18.1 18.2 18.3 18.4
               DERIVED_FILES_DIR = /Users/otislewis/arena/build/ios/Pods.build/Release-iphonesimulator/GTMSessionFetcher.build/DerivedSources
               DERIVED_FILE_DIR = /Users/otislewis/arena/build/ios/Pods.build/Release-iphonesimulator/GTMSessionFetcher.build/DerivedSources
               DERIVED_SOURCES_DIR = /Users/otislewis/arena/build/ios/Pods.build/Release-iphonesimulator/GTMSessionFetcher.build/DerivedSources
               DEVELOPER_APPLICATIONS_DIR = /Applications/Xcode.app/Contents/Developer/Applications
               DEVELOPER_BIN_DIR = /Applications/Xcode.app/Contents/Developer/usr/bin
               DEVELOPER_DIR = /Applications/Xcode.app/Contents/Developer
               DEVELOPER_FRAMEWORKS_DIR = /Applications/Xcode.app/Contents/Developer/Library/Frameworks
               DEVELOPER_FRAMEWORKS_DIR_QUOTED = /Applications/Xcode.app/Contents/Developer/Library/Frameworks
               DEVELOPER_LIBRARY_DIR = /Applications/Xcode.app/Contents/Developer/Library
               DEVELOPER_SDK_DIR = /Applications/Xcode.app/Contents/Developer/Platforms/MacOSX.platform/Developer/SDKs
               DEVELOPER_TOOLS_DIR = /Applications/Xcode.app/Contents/Developer/Tools
               DEVELOPER_USR_DIR = /Applications/Xcode.app/Contents/Developer/usr
               DEVELOPMENT_LANGUAGE = en
               DIAGNOSE_MISSING_TARGET_DEPENDENCIES = YES
               DIFF = /usr/bin/diff
               DOCUMENTATION_FOLDER_PATH = GTMSessionFetcher.framework/en.lproj/Documentation
               DONT_GENERATE_INFOPLIST_FILE = NO
               DSTROOT = /tmp/Pods.dst
               DT_TOOLCHAIN_DIR = /Applications/Xcode.app/Contents/Developer/Toolchains/XcodeDefault.xctoolchain
               DWARF_DSYM_FILE_NAME = GTMSessionFetcher.framework.dSYM
               DWARF_DSYM_FILE_SHOULD_ACCOMPANY_PRODUCT = NO
               DWARF_DSYM_FOLDER_PATH = /Users/otislewis/arena/build/ios/Release-iphonesimulator/GTMSessionFetcher
               DYLIB_COMPATIBILITY_VERSION = 1
               DYLIB_CURRENT_VERSION = 1
               DYLIB_INSTALL_NAME_BASE = @rpath
               DYNAMIC_LIBRARY_EXTENSION = dylib
               EAGER_COMPILATION_ALLOW_SCRIPTS = NO
               EAGER_LINKING = NO
               EFFECTIVE_PLATFORM_NAME = -iphonesimulator
               EMBEDDED_CONTENT_CONTAINS_SWIFT = NO
               EMBED_ASSET_PACKS_IN_PRODUCT_BUNDLE = NO
               ENABLE_APP_SANDBOX = NO
               ENABLE_BITCODE = NO
               ENABLE_CODE_COVERAGE = YES
               ENABLE_DEFAULT_HEADER_SEARCH_PATHS = YES
               ENABLE_DEFAULT_SEARCH_PATHS = YES
               ENABLE_HARDENED_RUNTIME = NO
               ENABLE_HEADER_DEPENDENCIES = YES
               ENABLE_INCOMING_NETWORK_CONNECTIONS = NO
               ENABLE_MODULE_VERIFIER = NO
               ENABLE_NS_ASSERTIONS = NO
               ENABLE_ON_DEMAND_RESOURCES = NO
               ENABLE_OUTGOING_NETWORK_CONNECTIONS = NO
               ENABLE_RESOURCE_ACCESS_AUDIO_INPUT = NO
               ENABLE_RESOURCE_ACCESS_BLUETOOTH = NO
               ENABLE_RESOURCE_ACCESS_CALENDARS = NO
               ENABLE_RESOURCE_ACCESS_CAMERA = NO
               ENABLE_RESOURCE_ACCESS_CONTACTS = NO
               ENABLE_RESOURCE_ACCESS_LOCATION = NO
               ENABLE_RESOURCE_ACCESS_PRINTING = NO
               ENABLE_RESOURCE_ACCESS_USB = NO
               ENABLE_SDK_IMPORTS = NO
               ENABLE_STRICT_OBJC_MSGSEND = YES
               ENABLE_TESTABILITY = NO
               ENABLE_TESTING_SEARCH_PATHS = NO
               ENABLE_USER_SCRIPT_SANDBOXING = NO
               ENFORCE_VALID_ARCHS = YES
               ENTITLEMENTS_DESTINATION = __entitlements
               ENTITLEMENTS_REQUIRED = NO
               EXCLUDED_ARCHS = arm64
               EXCLUDED_INSTALLSRC_SUBDIRECTORY_PATTERNS = .DS_Store .svn .git .hg CVS
               EXCLUDED_RECURSIVE_SEARCH_PATH_SUBDIRECTORIES = *.nib *.lproj *.framework *.gch *.xcode* *.xcassets (*) .DS_Store CVS .svn .git .hg *.pbproj *.pbxproj
               EXECUTABLES_FOLDER_PATH = GTMSessionFetcher.framework/en.lproj
               EXECUTABLE_FOLDER_PATH = GTMSessionFetcher.framework
               EXECUTABLE_FOLDER_PATH_SHALLOW_BUNDLE_NO = GTMSessionFetcher.framework
               EXECUTABLE_FOLDER_PATH_SHALLOW_BUNDLE_YES = GTMSessionFetcher.framework
               EXECUTABLE_NAME = GTMSessionFetcher
               EXECUTABLE_PATH = GTMSessionFetcher.framework/GTMSessionFetcher
               EXTENSIONS_FOLDER_PATH = GTMSessionFetcher.framework/Extensions
               FILE_LIST = /Users/otislewis/arena/build/ios/Pods.build/Release-iphonesimulator/GTMSessionFetcher.build/Objects/LinkFileList
               FIXED_FILES_DIR = /Users/otislewis/arena/build/ios/Pods.build/Release-iphonesimulator/GTMSessionFetcher.build/FixedFiles
               FRAMEWORKS_FOLDER_PATH = GTMSessionFetcher.framework/Frameworks
               FRAMEWORK_FLAG_PREFIX = -framework
               FRAMEWORK_SEARCH_PATHS = /Users/otislewis/arena/build/ios/Release-iphonesimulator/GTMSessionFetcher 
               FRAMEWORK_VERSION = A
               FULL_PRODUCT_NAME = GTMSessionFetcher.framework
               FUSE_BUILD_PHASES = YES
               FUSE_BUILD_SCRIPT_PHASES = NO
               GCC3_VERSION = 3.3
               GCC_C_LANGUAGE_STANDARD = gnu11
               GCC_INLINES_ARE_PRIVATE_EXTERN = YES
               GCC_NO_COMMON_BLOCKS = YES
               GCC_OBJC_LEGACY_DISPATCH = YES
               GCC_PFE_FILE_C_DIALECTS = c objective-c c++ objective-c++
               GCC_PREPROCESSOR_DEFINITIONS = POD_CONFIGURATION_RELEASE=1  COCOAPODS=1
               GCC_TREAT_WARNINGS_AS_ERRORS = NO
               GCC_VERSION = com.apple.compilers.llvm.clang.1_0
               GCC_VERSION_IDENTIFIER = com_apple_compilers_llvm_clang_1_0
               GCC_WARN_64_TO_32_BIT_CONVERSION = YES
               GCC_WARN_ABOUT_RETURN_TYPE = YES_ERROR
               GCC_WARN_UNDECLARED_SELECTOR = YES
               GCC_WARN_UNINITIALIZED_AUTOS = YES_AGGRESSIVE
               GCC_WARN_UNUSED_FUNCTION = YES
               GCC_WARN_UNUSED_VARIABLE = YES
               GENERATED_MODULEMAP_DIR = /Users/otislewis/arena/build/ios/GeneratedModuleMaps-iphonesimulator
               GENERATE_INFOPLIST_FILE = NO
               GENERATE_INTERMEDIATE_TEXT_BASED_STUBS = YES
               GENERATE_MASTER_OBJECT_FILE = NO
               GENERATE_PKGINFO_FILE = NO
               GENERATE_PROFILING_CODE = NO
               GENERATE_TEXT_BASED_STUBS = NO
               GID = 20
               GROUP = staff
               HEADERMAP_INCLUDES_FLAT_ENTRIES_FOR_TARGET_BEING_BUILT = YES
               HEADERMAP_INCLUDES_FRAMEWORK_ENTRIES_FOR_ALL_PRODUCT_TYPES = YES
               HEADERMAP_INCLUDES_FRAMEWORK_ENTRIES_FOR_TARGETS_NOT_BEING_BUILT = YES
               HEADERMAP_INCLUDES_NONPUBLIC_NONPRIVATE_HEADERS = YES
               HEADERMAP_INCLUDES_PROJECT_HEADERS = YES
               HEADERMAP_USES_FRAMEWORK_PREFIX_ENTRIES = YES
               HEADERMAP_USES_VFS = YES
               HEADER_SEARCH_PATHS = /Users/otislewis/arena/build/ios/Release-iphonesimulator/GTMSessionFetcher/include 
               HIDE_BITCODE_SYMBOLS = YES
               HOME = /Users/otislewis
               HOST_ARCH = arm64
               HOST_PLATFORM = macosx
               ICONV = /usr/bin/iconv
               IMPLICIT_DEPENDENCY_DOMAIN = default
               INFOPLIST_ENABLE_CFBUNDLEICONS_MERGE = YES
               INFOPLIST_EXPAND_BUILD_SETTINGS = YES
               INFOPLIST_FILE = Target Support Files/GTMSessionFetcher/GTMSessionFetcher-Info.plist
               INFOPLIST_OUTPUT_FORMAT = binary
               INFOPLIST_PATH = GTMSessionFetcher.framework/Info.plist
               INFOPLIST_PREPROCESS = NO
               INFOSTRINGS_PATH = GTMSessionFetcher.framework/en.lproj/InfoPlist.strings
               INLINE_PRIVATE_FRAMEWORKS = NO
               INSTALLAPI_IGNORE_SKIP_INSTALL = YES
               INSTALLHDRS_COPY_PHASE = NO
               INSTALLHDRS_SCRIPT_PHASE = NO
               INSTALL_DIR = /tmp/Pods.dst/Library/Frameworks
               INSTALL_GROUP = staff
               INSTALL_MODE_FLAG = u+w,go-w,a+rX
               INSTALL_OWNER = otislewis
               INSTALL_PATH = /Library/Frameworks
               INSTALL_ROOT = /tmp/Pods.dst
               IPHONEOS_DEPLOYMENT_TARGET = 13.0
               IS_UNOPTIMIZED_BUILD = NO
               JAVAC_DEFAULT_FLAGS = -J-Xms64m -J-XX:NewSize=4M -J-Dfile.encoding=UTF8
               JAVA_APP_STUB = /System/Library/Frameworks/JavaVM.framework/Resources/MacOS/JavaApplicationStub
               JAVA_ARCHIVE_CLASSES = YES
               JAVA_ARCHIVE_TYPE = JAR
               JAVA_COMPILER = /usr/bin/javac
               JAVA_FOLDER_PATH = GTMSessionFetcher.framework/Java
               JAVA_FRAMEWORK_RESOURCES_DIRS = Resources
               JAVA_JAR_FLAGS = cv
               JAVA_SOURCE_SUBDIR = .
               JAVA_USE_DEPENDENCIES = YES
               JAVA_ZIP_FLAGS = -urg
               JIKES_DEFAULT_FLAGS = +E +OLDCSO
               KEEP_PRIVATE_EXTERNS = NO
               LD_DEPENDENCY_INFO_FILE = /Users/otislewis/arena/build/ios/Pods.build/Release-iphonesimulator/GTMSessionFetcher.build/Objects-normal/undefined_arch/GTMSessionFetcher_dependency_info.dat
               LD_DYLIB_INSTALL_NAME = @rpath/GTMSessionFetcher.framework/GTMSessionFetcher
               LD_EXPORT_SYMBOLS = YES
               LD_GENERATE_MAP_FILE = NO
               LD_MAP_FILE_PATH = /Users/otislewis/arena/build/ios/Pods.build/Release-iphonesimulator/GTMSessionFetcher.build/GTMSessionFetcher-LinkMap-normal-undefined_arch.txt
               LD_NO_PIE = NO
               LD_QUOTE_LINKER_ARGUMENTS_FOR_COMPILER_DRIVER = YES
               LD_RUNPATH_SEARCH_PATHS =  @executable_path/Frameworks @loader_path/Frameworks
               LD_SHARED_CACHE_ELIGIBLE = Automatic
               LD_WARN_DUPLICATE_LIBRARIES = NO
               LD_WARN_UNUSED_DYLIBS = NO
               LEGACY_DEVELOPER_DIR = /Applications/Xcode.app/Contents/PlugIns/Xcode3Core.ideplugin/Contents/SharedSupport/Developer
               LEX = lex
               LIBRARY_DEXT_INSTALL_PATH = /Library/DriverExtensions
               LIBRARY_FLAG_NOSPACE = YES
               LIBRARY_FLAG_PREFIX = -l
               LIBRARY_KEXT_INSTALL_PATH = /Library/Extensions
               LIBRARY_SEARCH_PATHS = /Users/otislewis/arena/build/ios/Release-iphonesimulator/GTMSessionFetcher 
               LINKER_DISPLAYS_MANGLED_NAMES = NO
               LINK_OBJC_RUNTIME = YES
               LINK_WITH_STANDARD_LIBRARIES = YES
               LLVM_TARGET_TRIPLE_OS_VERSION = ios13.0
               LLVM_TARGET_TRIPLE_SUFFIX = -simulator
               LLVM_TARGET_TRIPLE_VENDOR = apple
               LOCALIZATION_EXPORT_SUPPORTED = YES
               LOCALIZATION_PREFERS_STRING_CATALOGS = NO
               LOCALIZED_RESOURCES_FOLDER_PATH = GTMSessionFetcher.framework/en.lproj
               LOCALIZED_STRING_MACRO_NAMES = NSLocalizedString CFCopyLocalizedString
               LOCALIZED_STRING_SWIFTUI_SUPPORT = YES
               LOCAL_ADMIN_APPS_DIR = /Applications/Utilities
               LOCAL_APPS_DIR = /Applications
               LOCAL_DEVELOPER_DIR = /Library/Developer
               LOCAL_LIBRARY_DIR = /Library
               LOCROOT = /Users/otislewis/arena/ios/Pods
               LOCSYMROOT = /Users/otislewis/arena/ios/Pods
               MACH_O_TYPE = mh_dylib
               MAC_OS_X_PRODUCT_BUILD_VERSION = 24F74
               MAC_OS_X_VERSION_ACTUAL = 150500
               MAC_OS_X_VERSION_MAJOR = 150000
               MAC_OS_X_VERSION_MINOR = 150500
               MAKE_MERGEABLE = NO
               MERGEABLE_LIBRARY = NO
               MERGED_BINARY_TYPE = none
               MERGE_LINKED_LIBRARIES = NO
               METAL_LIBRARY_FILE_BASE = default
               METAL_LIBRARY_OUTPUT_DIR = /Users/otislewis/arena/build/ios/Release-iphonesimulator/GTMSessionFetcher/GTMSessionFetcher.framework
               MODULEMAP_FILE = Target Support Files/GTMSessionFetcher/GTMSessionFetcher.modulemap
               MODULES_FOLDER_PATH = GTMSessionFetcher.framework/Modules
               MTL_ENABLE_DEBUG_INFO = NO
               MTL_FAST_MATH = YES
               NATIVE_ARCH = arm64
               NATIVE_ARCH_32_BIT = arm
               NATIVE_ARCH_64_BIT = arm64
               NATIVE_ARCH_ACTUAL = arm64
               NO_COMMON = YES
               OBJC_ABI_VERSION = 2
               OBJECT_FILE_DIR = /Users/otislewis/arena/build/ios/Pods.build/Release-iphonesimulator/GTMSessionFetcher.build/Objects
               OBJECT_FILE_DIR_normal = /Users/otislewis/arena/build/ios/Pods.build/Release-iphonesimulator/GTMSessionFetcher.build/Objects-normal
               OBJROOT = /Users/otislewis/arena/build/ios
               ONLY_ACTIVE_ARCH = NO
               OS = MACOS
               OSAC = /usr/bin/osacompile
               OTHER_LDFLAGS =  -framework "Security"
               PACKAGE_TYPE = com.apple.package-type.wrapper.framework
               PASCAL_STRINGS = YES
               PATH = /Applications/Xcode.app/Contents/SharedFrameworks/SwiftBuild.framework/Versions/A/PlugIns/SWBBuildService.bundle/Contents/PlugIns/SWBUniversalPlatformPlugin.bundle/Contents/Frameworks/SWBUniversalPlatform.framework/Resources:/Applications/Xcode.app/Contents/Developer/Toolchains/XcodeDefault.xctoolchain/usr/bin:/Applications/Xcode.app/Contents/Developer/Toolchains/XcodeDefault.xctoolchain/usr/local/bin:/Applications/Xcode.app/Contents/Developer/Toolchains/XcodeDefault.xctoolchain/usr/libexec:/Applications/Xcode.app/Contents/Developer/Platforms/iPhoneSimulator.platform/usr/bin:/Applications/Xcode.app/Contents/Developer/Platforms/iPhoneSimulator.platform/usr/local/bin:/Applications/Xcode.app/Contents/Developer/Platforms/iPhoneSimulator.platform/Developer/usr/bin:/Applications/Xcode.app/Contents/Developer/Platforms/iPhoneSimulator.platform/Developer/usr/local/bin:/Applications/Xcode.app/Contents/Developer/usr/bin:/Applications/Xcode.app/Contents/Developer/usr/local/bin:/Users/otislewis/.gem/ruby/3.3.0/bin:/opt/homebrew/bin:/opt/homebrew/sbin:/usr/local/bin:/System/Cryptexes/App/usr/bin:/usr/bin:/bin:/usr/sbin:/sbin:/var/run/com.apple.security.cryptexd/codex.system/bootstrap/usr/local/bin:/var/run/com.apple.security.cryptexd/codex.system/bootstrap/usr/bin:/var/run/com.apple.security.cryptexd/codex.system/bootstrap/usr/appleinternal/bin:/Library/Apple/usr/bin:/opt/homebrew/Caskroom/flutter/3.32.0/flutter/bin:/Users/otislewis/Library/Android/sdk/emulator:/Users/otislewis/Library/Android/sdk/tools:/Users/otislewis/Library/Android/sdk/tools/bin:/Users/otislewis/Library/Android/sdk/platform-tools:/opt/homebrew/Caskroom/flutter/3.32.0/flutter/bin/cache/dart-sdk/bin
               PATH_PREFIXES_EXCLUDED_FROM_HEADER_DEPENDENCIES = /usr/include /usr/local/include /System/Library/Frameworks /System/Library/PrivateFrameworks /Applications/Xcode.app/Contents/Developer/Headers /Applications/Xcode.app/Contents/Developer/SDKs /Applications/Xcode.app/Contents/Developer/Platforms
               PBDEVELOPMENTPLIST_PATH = GTMSessionFetcher.framework/pbdevelopment.plist
               PER_ARCH_MODULE_FILE_DIR = /Users/otislewis/arena/build/ios/Pods.build/Release-iphonesimulator/GTMSessionFetcher.build/Objects-normal/undefined_arch
               PER_ARCH_OBJECT_FILE_DIR = /Users/otislewis/arena/build/ios/Pods.build/Release-iphonesimulator/GTMSessionFetcher.build/Objects-normal/undefined_arch
               PER_VARIANT_OBJECT_FILE_DIR = /Users/otislewis/arena/build/ios/Pods.build/Release-iphonesimulator/GTMSessionFetcher.build/Objects-normal
               PKGINFO_FILE_PATH = /Users/otislewis/arena/build/ios/Pods.build/Release-iphonesimulator/GTMSessionFetcher.build/PkgInfo
               PKGINFO_PATH = GTMSessionFetcher.framework/PkgInfo
               PLATFORM_DEVELOPER_APPLICATIONS_DIR = /Applications/Xcode.app/Contents/Developer/Platforms/iPhoneSimulator.platform/Developer/Applications
               PLATFORM_DEVELOPER_BIN_DIR = /Applications/Xcode.app/Contents/Developer/Platforms/iPhoneSimulator.platform/Developer/usr/bin
               PLATFORM_DEVELOPER_LIBRARY_DIR = /Applications/Xcode.app/Contents/Developer/Platforms/iPhoneSimulator.platform/Developer/Library
               PLATFORM_DEVELOPER_SDK_DIR = /Applications/Xcode.app/Contents/Developer/Platforms/iPhoneSimulator.platform/Developer/SDKs
               PLATFORM_DEVELOPER_TOOLS_DIR = /Applications/Xcode.app/Contents/Developer/Platforms/iPhoneSimulator.platform/Developer/Tools
               PLATFORM_DEVELOPER_USR_DIR = /Applications/Xcode.app/Contents/Developer/Platforms/iPhoneSimulator.platform/Developer/usr
               PLATFORM_DIR = /Applications/Xcode.app/Contents/Developer/Platforms/iPhoneSimulator.platform
               PLATFORM_DISPLAY_NAME = iOS Simulator
               PLATFORM_FAMILY_NAME = iOS
               PLATFORM_NAME = iphonesimulator
               PLATFORM_PREFERRED_ARCH = x86_64
               PLATFORM_PRODUCT_BUILD_VERSION = 22E235
               PLATFORM_REQUIRES_SWIFT_AUTOLINK_EXTRACT = NO
               PLATFORM_REQUIRES_SWIFT_MODULEWRAP = NO
               PLIST_FILE_OUTPUT_FORMAT = binary
               PLUGINS_FOLDER_PATH = GTMSessionFetcher.framework/PlugIns
               PODS_BUILD_DIR = /Users/otislewis/arena/build/ios
               PODS_CONFIGURATION_BUILD_DIR = /Users/otislewis/arena/build/ios/Release-iphonesimulator
               PODS_DEVELOPMENT_LANGUAGE = en
               PODS_ROOT = /Users/otislewis/arena/ios/Pods
               PODS_TARGET_SRCROOT = /Users/otislewis/arena/ios/Pods/GTMSessionFetcher
               PODS_XCFRAMEWORKS_BUILD_DIR = /Users/otislewis/arena/build/ios/Release-iphonesimulator/XCFrameworkIntermediates
               PRECOMPS_INCLUDE_HEADERS_FROM_BUILT_PRODUCTS_DIR = YES
               PRECOMP_DESTINATION_DIR = /Users/otislewis/arena/build/ios/Pods.build/Release-iphonesimulator/GTMSessionFetcher.build/PrefixHeaders
               PRIVATE_HEADERS_FOLDER_PATH = GTMSessionFetcher.framework/PrivateHeaders
               PROCESSED_INFOPLIST_PATH = /Users/otislewis/arena/build/ios/Pods.build/Release-iphonesimulator/GTMSessionFetcher.build/Objects-normal/undefined_arch/Processed-Info.plist
               PRODUCT_BUNDLE_IDENTIFIER = org.cocoapods.GTMSessionFetcher
               PRODUCT_BUNDLE_PACKAGE_TYPE = FMWK
               PRODUCT_MODULE_NAME = GTMSessionFetcher
               PRODUCT_NAME = GTMSessionFetcher
               PRODUCT_SETTINGS_PATH = /Users/otislewis/arena/ios/Pods/Target Support Files/GTMSessionFetcher/GTMSessionFetcher-Info.plist
               PRODUCT_TYPE = com.apple.product-type.framework
               PROFILING_CODE = NO
               PROJECT = Pods
               PROJECT_DERIVED_FILE_DIR = /Users/otislewis/arena/build/ios/Pods.build/DerivedSources
               PROJECT_DIR = /Users/otislewis/arena/ios/Pods
               PROJECT_FILE_PATH = /Users/otislewis/arena/ios/Pods/Pods.xcodeproj
               PROJECT_GUID = bfdfe7dc352907fc980b868725387e98
               PROJECT_NAME = Pods
               PROJECT_TEMP_DIR = /Users/otislewis/arena/build/ios/Pods.build
               PROJECT_TEMP_ROOT = /Users/otislewis/arena/build/ios
               PUBLIC_HEADERS_FOLDER_PATH = GTMSessionFetcher.framework/Headers
               RECOMMENDED_IPHONEOS_DEPLOYMENT_TARGET = 15.0
               RECURSIVE_SEARCH_PATHS_FOLLOW_SYMLINKS = YES
               REMOVE_CVS_FROM_RESOURCES = YES
               REMOVE_GIT_FROM_RESOURCES = YES
               REMOVE_HEADERS_FROM_EMBEDDED_BUNDLES = YES
               REMOVE_HG_FROM_RESOURCES = YES
               REMOVE_STATIC_EXECUTABLES_FROM_EMBEDDED_BUNDLES = YES
               REMOVE_SVN_FROM_RESOURCES = YES
               RESCHEDULE_INDEPENDENT_HEADERS_PHASES = YES
               REZ_COLLECTOR_DIR = /Users/otislewis/arena/build/ios/Pods.build/Release-iphonesimulator/GTMSessionFetcher.build/ResourceManagerResources
               REZ_OBJECTS_DIR = /Users/otislewis/arena/build/ios/Pods.build/Release-iphonesimulator/GTMSessionFetcher.build/ResourceManagerResources/Objects
               REZ_SEARCH_PATHS = /Users/otislewis/arena/build/ios/Release-iphonesimulator/GTMSessionFetcher 
               SCAN_ALL_SOURCE_FILES_FOR_INCLUDES = NO
               SCRIPTS_FOLDER_PATH = GTMSessionFetcher.framework/Scripts
               SDKROOT = /Applications/Xcode.app/Contents/Developer/Platforms/iPhoneSimulator.platform/Developer/SDKs/iPhoneSimulator18.4.sdk
               SDK_DIR = /Applications/Xcode.app/Contents/Developer/Platforms/iPhoneSimulator.platform/Developer/SDKs/iPhoneSimulator18.4.sdk
               SDK_DIR_iphonesimulator = /Applications/Xcode.app/Contents/Developer/Platforms/iPhoneSimulator.platform/Developer/SDKs/iPhoneSimulator18.4.sdk
               SDK_DIR_iphonesimulator18_4 = /Applications/Xcode.app/Contents/Developer/Platforms/iPhoneSimulator.platform/Developer/SDKs/iPhoneSimulator18.4.sdk
               SDK_NAME = iphonesimulator18.4
               SDK_NAMES = iphonesimulator18.4
               SDK_PRODUCT_BUILD_VERSION = 22E235
               SDK_STAT_CACHE_DIR = /var/folders/4y/xy3fflts0nqfk1tsxg0t3mmr0000gn/C/com.apple.DeveloperTools/16.3-16E140/Xcode
               SDK_STAT_CACHE_ENABLE = YES
               SDK_STAT_CACHE_PATH = /var/folders/4y/xy3fflts0nqfk1tsxg0t3mmr0000gn/C/com.apple.DeveloperTools/16.3-16E140/Xcode/SDKStatCaches.noindex/iphonesimulator18.4-22E235-71825a6d136aa4733edcbe86ece5525b.sdkstatcache
               SDK_VERSION = 18.4
               SDK_VERSION_ACTUAL = 180400
               SDK_VERSION_MAJOR = 180000
               SDK_VERSION_MINOR = 180400
               SED = /usr/bin/sed
               SEPARATE_STRIP = NO
               SEPARATE_SYMBOL_EDIT = NO
               SET_DIR_MODE_OWNER_GROUP = YES
               SET_FILE_MODE_OWNER_GROUP = NO
               SHALLOW_BUNDLE = YES
               SHALLOW_BUNDLE_TRIPLE = ios-simulator
               SHALLOW_BUNDLE_ios_macabi = NO
               SHALLOW_BUNDLE_macos = NO
               SHARED_DERIVED_FILE_DIR = /Users/otislewis/arena/build/ios/Release-iphonesimulator/GTMSessionFetcher/DerivedSources
               SHARED_FRAMEWORKS_FOLDER_PATH = GTMSessionFetcher.framework/SharedFrameworks
               SHARED_PRECOMPS_DIR = /Users/otislewis/arena/build/ios/SharedPrecompiledHeaders
               SHARED_SUPPORT_FOLDER_PATH = GTMSessionFetcher.framework
               SKIP_INSTALL = YES
               SOURCE_ROOT = /Users/otislewis/arena/ios/Pods
               SRCROOT = /Users/otislewis/arena/ios/Pods
               STRINGSDATA_DIR = /Users/otislewis/arena/build/ios/Pods.build/Release-iphonesimulator/GTMSessionFetcher.build/Objects-normal/undefined_arch
               STRINGSDATA_ROOT = /Users/otislewis/arena/build/ios/Pods.build/Release-iphonesimulator/GTMSessionFetcher.build
               STRINGS_FILE_INFOPLIST_RENAME = YES
               STRINGS_FILE_OUTPUT_ENCODING = binary
               STRIP_BITCODE_FROM_COPIED_FILES = NO
               STRIP_INSTALLED_PRODUCT = NO
               STRIP_STYLE = debugging
               STRIP_SWIFT_SYMBOLS = YES
               SUPPORTED_DEVICE_FAMILIES = 1,2
               SUPPORTED_PLATFORMS = iphoneos iphonesimulator
               SUPPORTS_TEXT_BASED_API = NO
               SUPPRESS_WARNINGS = NO
               SWIFT_ACTIVE_COMPILATION_CONDITIONS =  
               SWIFT_COMPILATION_MODE = wholemodule
               SWIFT_EMIT_LOC_STRINGS = NO
               SWIFT_INSTALL_MODULE_FOR_DEPLOYMENT = YES
               SWIFT_INSTALL_OBJC_HEADER = YES
               SWIFT_OPTIMIZATION_LEVEL = -O
               SWIFT_PLATFORM_TARGET_PREFIX = ios
               SWIFT_VERSION = 5.0
               SYMROOT = /Users/otislewis/arena/ios/build
               SYSTEM_ADMIN_APPS_DIR = /Applications/Utilities
               SYSTEM_APPS_DIR = /Applications
               SYSTEM_CORE_SERVICES_DIR = /System/Library/CoreServices
               SYSTEM_DEMOS_DIR = /Applications/Extras
               SYSTEM_DEVELOPER_APPS_DIR = /Applications/Xcode.app/Contents/Developer/Applications
               SYSTEM_DEVELOPER_BIN_DIR = /Applications/Xcode.app/Contents/Developer/usr/bin
               SYSTEM_DEVELOPER_DEMOS_DIR = /Applications/Xcode.app/Contents/Developer/Applications/Utilities/Built Examples
               SYSTEM_DEVELOPER_DIR = /Applications/Xcode.app/Contents/Developer
               SYSTEM_DEVELOPER_DOC_DIR = /Applications/Xcode.app/Contents/Developer/ADC Reference Library
               SYSTEM_DEVELOPER_GRAPHICS_TOOLS_DIR = /Applications/Xcode.app/Contents/Developer/Applications/Graphics Tools
               SYSTEM_DEVELOPER_JAVA_TOOLS_DIR = /Applications/Xcode.app/Contents/Developer/Applications/Java Tools
               SYSTEM_DEVELOPER_PERFORMANCE_TOOLS_DIR = /Applications/Xcode.app/Contents/Developer/Applications/Performance Tools
               SYSTEM_DEVELOPER_RELEASENOTES_DIR = /Applications/Xcode.app/Contents/Developer/ADC Reference Library/releasenotes
               SYSTEM_DEVELOPER_TOOLS = /Applications/Xcode.app/Contents/Developer/Tools
               SYSTEM_DEVELOPER_TOOLS_DOC_DIR = /Applications/Xcode.app/Contents/Developer/ADC Reference Library/documentation/DeveloperTools
               SYSTEM_DEVELOPER_TOOLS_RELEASENOTES_DIR = /Applications/Xcode.app/Contents/Developer/ADC Reference Library/releasenotes/DeveloperTools
               SYSTEM_DEVELOPER_USR_DIR = /Applications/Xcode.app/Contents/Developer/usr
               SYSTEM_DEVELOPER_UTILITIES_DIR = /Applications/Xcode.app/Contents/Developer/Applications/Utilities
               SYSTEM_DEXT_INSTALL_PATH = /System/Library/DriverExtensions
               SYSTEM_DOCUMENTATION_DIR = /Library/Documentation
               SYSTEM_EXTENSIONS_FOLDER_PATH = GTMSessionFetcher.framework/SystemExtensions
               SYSTEM_EXTENSIONS_FOLDER_PATH_SHALLOW_BUNDLE_NO = GTMSessionFetcher.framework/Library/SystemExtensions
               SYSTEM_EXTENSIONS_FOLDER_PATH_SHALLOW_BUNDLE_YES = GTMSessionFetcher.framework/SystemExtensions
               SYSTEM_KEXT_INSTALL_PATH = /System/Library/Extensions
               SYSTEM_LIBRARY_DIR = /System/Library
               TAPI_DEMANGLE = YES
               TAPI_ENABLE_PROJECT_HEADERS = NO
               TAPI_LANGUAGE = objective-c
               TAPI_LANGUAGE_STANDARD = compiler-default
               TAPI_USE_SRCROOT = YES
               TAPI_VERIFY_MODE = Pedantic
               TARGETED_DEVICE_FAMILY = 1,2
               TARGETNAME = GTMSessionFetcher
               TARGET_BUILD_DIR = /Users/otislewis/arena/build/ios/Release-iphonesimulator/GTMSessionFetcher
               TARGET_NAME = GTMSessionFetcher
               TARGET_TEMP_DIR = /Users/otislewis/arena/build/ios/Pods.build/Release-iphonesimulator/GTMSessionFetcher.build
               TEMP_DIR = /Users/otislewis/arena/build/ios/Pods.build/Release-iphonesimulator/GTMSessionFetcher.build
               TEMP_FILES_DIR = /Users/otislewis/arena/build/ios/Pods.build/Release-iphonesimulator/GTMSessionFetcher.build
               TEMP_FILE_DIR = /Users/otislewis/arena/build/ios/Pods.build/Release-iphonesimulator/GTMSessionFetcher.build
               TEMP_ROOT = /Users/otislewis/arena/build/ios
               TEMP_SANDBOX_DIR = /Users/otislewis/arena/build/ios/TemporaryTaskSandboxes
               TEST_FRAMEWORK_SEARCH_PATHS =  /Applications/Xcode.app/Contents/Developer/Platforms/iPhoneSimulator.platform/Developer/Library/Frameworks /Applications/Xcode.app/Contents/Developer/Platforms/iPhoneSimulator.platform/Developer/SDKs/iPhoneSimulator18.4.sdk/Developer/Library/Frameworks
               TEST_LIBRARY_SEARCH_PATHS =  /Applications/Xcode.app/Contents/Developer/Platforms/iPhoneSimulator.platform/Developer/usr/lib
               TOOLCHAINS = com.apple.dt.toolchain.XcodeDefault
               TOOLCHAIN_DIR = /Applications/Xcode.app/Contents/Developer/Toolchains/XcodeDefault.xctoolchain
               TREAT_MISSING_BASELINES_AS_TEST_FAILURES = NO
               TREAT_MISSING_SCRIPT_PHASE_OUTPUTS_AS_ERRORS = NO
               UID = 501
               UNINSTALLED_PRODUCTS_DIR = /Users/otislewis/arena/build/ios/UninstalledProducts
               UNLOCALIZED_RESOURCES_FOLDER_PATH = GTMSessionFetcher.framework
               UNLOCALIZED_RESOURCES_FOLDER_PATH_SHALLOW_BUNDLE_NO = GTMSessionFetcher.framework/Resources
               UNLOCALIZED_RESOURCES_FOLDER_PATH_SHALLOW_BUNDLE_YES = GTMSessionFetcher.framework
               UNSTRIPPED_PRODUCT = NO
               USER = otislewis
               USER_APPS_DIR = /Users/otislewis/Applications
               USER_LIBRARY_DIR = /Users/otislewis/Library
               USE_DYNAMIC_NO_PIC = YES
               USE_HEADERMAP = YES
               USE_HEADER_SYMLINKS = NO
               USE_RECURSIVE_SCRIPT_INPUTS_IN_SCRIPT_PHASES = YES
               VALIDATE_DEVELOPMENT_ASSET_PATHS = YES_ERROR
               VALIDATE_PRODUCT = YES
               VALID_ARCHS = arm64
               VERBOSE_PBXCP = NO
               VERSIONING_SYSTEM = apple-generic
               VERSIONPLIST_PATH = GTMSessionFetcher.framework/version.plist
               VERSIONS_FOLDER_PATH = GTMSessionFetcher.framework
               VERSIONS_FOLDER_PATH_SHALLOW_BUNDLE_NO = GTMSessionFetcher.framework/Versions
               VERSIONS_FOLDER_PATH_SHALLOW_BUNDLE_YES = GTMSessionFetcher.framework
               VERSION_INFO_BUILDER = otislewis
               VERSION_INFO_FILE = GTMSessionFetcher_vers.c
               VERSION_INFO_STRING = "@(#)PROGRAM:GTMSessionFetcher  PROJECT:Pods-1"
               WORKSPACE_DIR = /Users/otislewis/arena/ios/Pods/Pods.xcodeproj
               WRAPPER_EXTENSION = framework
               WRAPPER_NAME = GTMSessionFetcher.framework
               WRAPPER_SUFFIX = .framework
               WRAP_ASSET_PACKS_IN_SEPARATE_DIRECTORIES = NO
               XCODE_APP_SUPPORT_DIR = /Applications/Xcode.app/Contents/Developer/Library/Xcode
               XCODE_PRODUCT_BUILD_VERSION = 16E140
               XCODE_VERSION_ACTUAL = 1630
               XCODE_VERSION_MAJOR = 1600
               XCODE_VERSION_MINOR = 1630
               XPCSERVICES_FOLDER_PATH = GTMSessionFetcher.framework/XPCServices
               YACC = yacc
               _DISCOVER_COMMAND_LINE_LINKER_INPUTS = YES
               _DISCOVER_COMMAND_LINE_LINKER_INPUTS_INCLUDE_WL = YES
               _WRAPPER_CONTENTS_DIR_SHALLOW_BUNDLE_NO = /Contents
               _WRAPPER_PARENT_PATH_SHALLOW_BUNDLE_NO = /..
               _WRAPPER_RESOURCES_DIR_SHALLOW_BUNDLE_NO = /Resources
               __DIAGNOSE_DEPRECATED_ARCHS = YES
               arch = undefined_arch
               variant = normal

           Build settings for action build and target GTMSessionFetcher-GTMSessionFetcher_Core_Privacy:
               ACTION = build
               AD_HOC_CODE_SIGNING_ALLOWED = YES
               ALLOW_BUILD_REQUEST_OVERRIDES = NO
               ALLOW_TARGET_PLATFORM_SPECIALIZATION = NO
               ALTERNATE_GROUP = staff
               ALTERNATE_MODE = u+w,go-w,a+rX
               ALTERNATE_OWNER = otislewis
               ALTERNATIVE_DISTRIBUTION_WEB = NO
               ALWAYS_EMBED_SWIFT_STANDARD_LIBRARIES = NO
               ALWAYS_SEARCH_USER_PATHS = NO
               ALWAYS_USE_SEPARATE_HEADERMAPS = NO
               APPLICATION_EXTENSION_API_ONLY = NO
               APPLY_RULES_IN_COPY_FILES = NO
               APPLY_RULES_IN_COPY_HEADERS = NO
               APP_SHORTCUTS_ENABLE_FLEXIBLE_MATCHING = YES
               ARCHS_STANDARD = arm64 x86_64
               ARCHS_STANDARD_32_64_BIT = arm64 x86_64
               ARCHS_STANDARD_64_BIT = arm64 x86_64
               ARCHS_STANDARD_INCLUDING_64_BIT = arm64 x86_64
               ARCHS_UNIVERSAL_IPHONE_OS = arm64 x86_64
               AUTOMATICALLY_MERGE_DEPENDENCIES = NO
               AVAILABLE_PLATFORMS = android appletvos appletvsimulator driverkit iphoneos iphonesimulator macosx qnx watchos watchsimulator xros xrsimulator
               BITCODE_GENERATION_MODE = marker
               BUILD_ACTIVE_RESOURCES_ONLY = NO
               BUILD_COMPONENTS = headers build
               BUILD_DIR = /Users/otislewis/arena/build/ios
               BUILD_LIBRARY_FOR_DISTRIBUTION = NO
               BUILD_ROOT = /Users/otislewis/arena/ios/build
               BUILD_STYLE = 
               BUILD_VARIANTS = normal
               BUILT_PRODUCTS_DIR = /Users/otislewis/arena/build/ios/Release-iphonesimulator/GTMSessionFetcher
               BUNDLE_CONTENTS_FOLDER_PATH_deep = Contents/
               BUNDLE_EXECUTABLE_FOLDER_NAME_deep = MacOS
               BUNDLE_EXTENSIONS_FOLDER_PATH = Extensions
               BUNDLE_FORMAT = shallow
               BUNDLE_FRAMEWORKS_FOLDER_PATH = Frameworks
               BUNDLE_PLUGINS_FOLDER_PATH = PlugIns
               BUNDLE_PRIVATE_HEADERS_FOLDER_PATH = PrivateHeaders
               BUNDLE_PUBLIC_HEADERS_FOLDER_PATH = Headers
               CACHE_ROOT = /var/folders/4y/xy3fflts0nqfk1tsxg0t3mmr0000gn/C/com.apple.DeveloperTools/16.3-16E140/Xcode
               CCHROOT = /var/folders/4y/xy3fflts0nqfk1tsxg0t3mmr0000gn/C/com.apple.DeveloperTools/16.3-16E140/Xcode
               CHMOD = /bin/chmod
               CHOWN = /usr/sbin/chown
               CLANG_ANALYZER_LOCALIZABILITY_NONLOCALIZED = YES
               CLANG_ANALYZER_NONNULL = YES
               CLANG_ANALYZER_NUMBER_OBJECT_CONVERSION = YES_AGGRESSIVE
               CLANG_CACHE_FINE_GRAINED_OUTPUTS = YES
               CLANG_CXX_LANGUAGE_STANDARD = gnu++14
               CLANG_CXX_LIBRARY = libc++
               CLANG_ENABLE_EXPLICIT_MODULES = YES
               CLANG_ENABLE_MODULES = YES
               CLANG_ENABLE_OBJC_ARC = YES
               CLANG_ENABLE_OBJC_WEAK = YES
               CLANG_MODULES_BUILD_SESSION_FILE = /var/folders/4y/xy3fflts0nqfk1tsxg0t3mmr0000gn/C/org.llvm.clang/ModuleCache.noindex/Session.modulevalidation
               CLANG_WARN_BLOCK_CAPTURE_AUTORELEASING = YES
               CLANG_WARN_BOOL_CONVERSION = YES
               CLANG_WARN_COMMA = YES
               CLANG_WARN_CONSTANT_CONVERSION = YES
               CLANG_WARN_DEPRECATED_OBJC_IMPLEMENTATIONS = YES
               CLANG_WARN_DIRECT_OBJC_ISA_USAGE = YES_ERROR
               CLANG_WARN_DOCUMENTATION_COMMENTS = YES
               CLANG_WARN_EMPTY_BODY = YES
               CLANG_WARN_ENUM_CONVERSION = YES
               CLANG_WARN_INFINITE_RECURSION = YES
               CLANG_WARN_INT_CONVERSION = YES
               CLANG_WARN_NON_LITERAL_NULL_CONVERSION = YES
               CLANG_WARN_OBJC_IMPLICIT_RETAIN_SELF = YES
               CLANG_WARN_OBJC_LITERAL_CONVERSION = YES
               CLANG_WARN_OBJC_ROOT_CLASS = YES_ERROR
               CLANG_WARN_QUOTED_INCLUDE_IN_FRAMEWORK_HEADER = NO
               CLANG_WARN_RANGE_LOOP_ANALYSIS = YES
               CLANG_WARN_STRICT_PROTOTYPES = YES
               CLANG_WARN_SUSPICIOUS_MOVE = YES
               CLANG_WARN_UNGUARDED_AVAILABILITY = YES_AGGRESSIVE
               CLANG_WARN_UNREACHABLE_CODE = YES
               CLANG_WARN__DUPLICATE_METHOD_MATCH = YES
               CLASS_FILE_DIR = /Users/otislewis/arena/build/ios/Pods.build/Release-iphonesimulator/GTMSessionFetcher-GTMSessionFetcher_Core_Privacy.build/JavaClasses
               CLEAN_PRECOMPS = YES
               CLONE_HEADERS = NO
               CODESIGNING_FOLDER_PATH = /Users/otislewis/arena/build/ios/Release-iphonesimulator/GTMSessionFetcher/GTMSessionFetcher_Core_Privacy.bundle
               CODE_SIGNING_ALLOWED = NO
               CODE_SIGNING_IDENTITY = -
               CODE_SIGNING_REQUIRED = NO
               CODE_SIGN_CONTEXT_CLASS = XCiPhoneSimulatorCodeSignContext
               CODE_SIGN_IDENTITY = -
               CODE_SIGN_INJECT_BASE_ENTITLEMENTS = YES
               COLOR_DIAGNOSTICS = NO
               COMBINE_HIDPI_IMAGES = NO
               COMPILATION_CACHE_CAS_PATH = /var/folders/4y/xy3fflts0nqfk1tsxg0t3mmr0000gn/C/com.apple.DeveloperTools/16.3-16E140/Xcode/CompilationCache.noindex
               COMPILATION_CACHE_KEEP_CAS_DIRECTORY = YES
               COMPILER_INDEX_STORE_ENABLE = Default
               COMPOSITE_SDK_DIRS = /Users/otislewis/arena/build/ios/CompositeSDKs
               COMPRESS_PNG_FILES = YES
               CONFIGURATION = Release
               CONFIGURATION_BUILD_DIR = /Users/otislewis/arena/build/ios/Release-iphonesimulator/GTMSessionFetcher
               CONFIGURATION_TEMP_DIR = /Users/otislewis/arena/build/ios/Pods.build/Release-iphonesimulator
               CONTENTS_FOLDER_PATH = GTMSessionFetcher_Core_Privacy.bundle
               CONTENTS_FOLDER_PATH_SHALLOW_BUNDLE_NO = GTMSessionFetcher_Core_Privacy.bundle/Contents
               CONTENTS_FOLDER_PATH_SHALLOW_BUNDLE_YES = GTMSessionFetcher_Core_Privacy.bundle
               COPYING_PRESERVES_HFS_DATA = NO
               COPY_HEADERS_RUN_UNIFDEF = NO
               COPY_PHASE_STRIP = NO
               CORRESPONDING_DEVICE_PLATFORM_DIR = /Applications/Xcode.app/Contents/Developer/Platforms/iPhoneOS.platform
               CORRESPONDING_DEVICE_PLATFORM_NAME = iphoneos
               CORRESPONDING_DEVICE_SDK_DIR = /Applications/Xcode.app/Contents/Developer/Platforms/iPhoneOS.platform/Developer/SDKs/iPhoneOS18.4.sdk
               CORRESPONDING_DEVICE_SDK_NAME = iphoneos18.4
               CP = /bin/cp
               CREATE_INFOPLIST_SECTION_IN_BINARY = NO
               CURRENT_ARCH = undefined_arch
               CURRENT_VARIANT = normal
               DEAD_CODE_STRIPPING = YES
               DEBUGGING_SYMBOLS = YES
               DEBUG_INFORMATION_FORMAT = dwarf-with-dsym
               DEBUG_INFORMATION_VERSION = compiler-default
               DEFAULT_COMPILER = com.apple.compilers.llvm.clang.1_0
               DEFAULT_DEXT_INSTALL_PATH = /System/Library/DriverExtensions
               DEFAULT_KEXT_INSTALL_PATH = /System/Library/Extensions
               DEFINES_MODULE = YES
               DEPLOYMENT_LOCATION = NO
               DEPLOYMENT_POSTPROCESSING = NO
               DEPLOYMENT_TARGET_SETTING_NAME = IPHONEOS_DEPLOYMENT_TARGET
               DEPLOYMENT_TARGET_SUGGESTED_VALUES = 12.0 12.1 12.2 12.3 12.4 13.0 13.1 13.2 13.3 13.4 13.5 13.6 14.0 14.1 14.2 14.3 14.4 14.5 14.6 14.7 15.0 15.1 15.2 15.3 15.4 15.5 15.6 16.0 16.1 16.2 16.3 16.4 16.5 16.6 17.0 17.1 17.2 17.3 17.4 17.5 17.6 18.0 18.1 18.2 18.3 18.4
               DERIVED_FILES_DIR = /Users/otislewis/arena/build/ios/Pods.build/Release-iphonesimulator/GTMSessionFetcher-GTMSessionFetcher_Core_Privacy.build/DerivedSources
               DERIVED_FILE_DIR = /Users/otislewis/arena/build/ios/Pods.build/Release-iphonesimulator/GTMSessionFetcher-GTMSessionFetcher_Core_Privacy.build/DerivedSources
               DERIVED_SOURCES_DIR = /Users/otislewis/arena/build/ios/Pods.build/Release-iphonesimulator/GTMSessionFetcher-GTMSessionFetcher_Core_Privacy.build/DerivedSources
               DEVELOPER_APPLICATIONS_DIR = /Applications/Xcode.app/Contents/Developer/Applications
               DEVELOPER_BIN_DIR = /Applications/Xcode.app/Contents/Developer/usr/bin
               DEVELOPER_DIR = /Applications/Xcode.app/Contents/Developer
               DEVELOPER_FRAMEWORKS_DIR = /Applications/Xcode.app/Contents/Developer/Library/Frameworks
               DEVELOPER_FRAMEWORKS_DIR_QUOTED = /Applications/Xcode.app/Contents/Developer/Library/Frameworks
               DEVELOPER_LIBRARY_DIR = /Applications/Xcode.app/Contents/Developer/Library
               DEVELOPER_SDK_DIR = /Applications/Xcode.app/Contents/Developer/Platforms/MacOSX.platform/Developer/SDKs
               DEVELOPER_TOOLS_DIR = /Applications/Xcode.app/Contents/Developer/Tools
               DEVELOPER_USR_DIR = /Applications/Xcode.app/Contents/Developer/usr
               DEVELOPMENT_LANGUAGE = en
               DIAGNOSE_MISSING_TARGET_DEPENDENCIES = YES
               DIFF = /usr/bin/diff
               DOCUMENTATION_FOLDER_PATH = GTMSessionFetcher_Core_Privacy.bundle/en.lproj/Documentation
               DONT_GENERATE_INFOPLIST_FILE = NO
               DSTROOT = /tmp/Pods.dst
               DT_TOOLCHAIN_DIR = /Applications/Xcode.app/Contents/Developer/Toolchains/XcodeDefault.xctoolchain
               DWARF_DSYM_FILE_NAME = GTMSessionFetcher_Core_Privacy.bundle.dSYM
               DWARF_DSYM_FILE_SHOULD_ACCOMPANY_PRODUCT = NO
               DWARF_DSYM_FOLDER_PATH = /Users/otislewis/arena/build/ios/Release-iphonesimulator/GTMSessionFetcher
               DYNAMIC_LIBRARY_EXTENSION = dylib
               EAGER_COMPILATION_ALLOW_SCRIPTS = NO
               EAGER_LINKING = NO
               EFFECTIVE_PLATFORM_NAME = -iphonesimulator
               EMBEDDED_CONTENT_CONTAINS_SWIFT = NO
               EMBED_ASSET_PACKS_IN_PRODUCT_BUNDLE = NO
               ENABLE_APP_SANDBOX = NO
               ENABLE_BITCODE = NO
               ENABLE_CODE_COVERAGE = YES
               ENABLE_DEFAULT_HEADER_SEARCH_PATHS = YES
               ENABLE_DEFAULT_SEARCH_PATHS = YES
               ENABLE_HARDENED_RUNTIME = NO
               ENABLE_HEADER_DEPENDENCIES = YES
               ENABLE_INCOMING_NETWORK_CONNECTIONS = NO
               ENABLE_NS_ASSERTIONS = NO
               ENABLE_ON_DEMAND_RESOURCES = NO
               ENABLE_OUTGOING_NETWORK_CONNECTIONS = NO
               ENABLE_RESOURCE_ACCESS_AUDIO_INPUT = NO
               ENABLE_RESOURCE_ACCESS_BLUETOOTH = NO
               ENABLE_RESOURCE_ACCESS_CALENDARS = NO
               ENABLE_RESOURCE_ACCESS_CAMERA = NO
               ENABLE_RESOURCE_ACCESS_CONTACTS = NO
               ENABLE_RESOURCE_ACCESS_LOCATION = NO
               ENABLE_RESOURCE_ACCESS_PRINTING = NO
               ENABLE_RESOURCE_ACCESS_USB = NO
               ENABLE_SDK_IMPORTS = NO
               ENABLE_STRICT_OBJC_MSGSEND = YES
               ENABLE_TESTABILITY = NO
               ENABLE_TESTING_SEARCH_PATHS = NO
               ENABLE_USER_SCRIPT_SANDBOXING = NO
               ENFORCE_VALID_ARCHS = YES
               ENTITLEMENTS_DESTINATION = __entitlements
               ENTITLEMENTS_REQUIRED = NO
               EXCLUDED_ARCHS = arm64
               EXCLUDED_INSTALLSRC_SUBDIRECTORY_PATTERNS = .DS_Store .svn .git .hg CVS
               EXCLUDED_RECURSIVE_SEARCH_PATH_SUBDIRECTORIES = *.nib *.lproj *.framework *.gch *.xcode* *.xcassets (*) .DS_Store CVS .svn .git .hg *.pbproj *.pbxproj
               EXECUTABLES_FOLDER_PATH = GTMSessionFetcher_Core_Privacy.bundle/Executables
               EXECUTABLE_FOLDER_PATH = GTMSessionFetcher_Core_Privacy.bundle
               EXECUTABLE_FOLDER_PATH_SHALLOW_BUNDLE_NO = GTMSessionFetcher_Core_Privacy.bundle/MacOS
               EXECUTABLE_FOLDER_PATH_SHALLOW_BUNDLE_YES = GTMSessionFetcher_Core_Privacy.bundle
               EXECUTABLE_NAME = GTMSessionFetcher_Core_Privacy
               EXECUTABLE_PATH = GTMSessionFetcher_Core_Privacy.bundle/GTMSessionFetcher_Core_Privacy
               EXPANDED_CODE_SIGN_IDENTITY = -
               EXTENSIONS_FOLDER_PATH = GTMSessionFetcher_Core_Privacy.bundle/Extensions
               FILE_LIST = /Users/otislewis/arena/build/ios/Pods.build/Release-iphonesimulator/GTMSessionFetcher-GTMSessionFetcher_Core_Privacy.build/Objects/LinkFileList
               FIXED_FILES_DIR = /Users/otislewis/arena/build/ios/Pods.build/Release-iphonesimulator/GTMSessionFetcher-GTMSessionFetcher_Core_Privacy.build/FixedFiles
               FRAMEWORKS_FOLDER_PATH = GTMSessionFetcher_Core_Privacy.bundle/Frameworks
               FRAMEWORK_FLAG_PREFIX = -framework
               FRAMEWORK_SEARCH_PATHS = /Users/otislewis/arena/build/ios/Release-iphonesimulator/GTMSessionFetcher 
               FRAMEWORK_VERSION = A
               FULL_PRODUCT_NAME = GTMSessionFetcher_Core_Privacy.bundle
               FUSE_BUILD_PHASES = YES
               FUSE_BUILD_SCRIPT_PHASES = NO
               GCC3_VERSION = 3.3
               GCC_C_LANGUAGE_STANDARD = gnu11
               GCC_INLINES_ARE_PRIVATE_EXTERN = YES
               GCC_NO_COMMON_BLOCKS = YES
               GCC_OBJC_LEGACY_DISPATCH = YES
               GCC_PFE_FILE_C_DIALECTS = c objective-c c++ objective-c++
               GCC_PREPROCESSOR_DEFINITIONS = POD_CONFIGURATION_RELEASE=1  COCOAPODS=1
               GCC_TREAT_WARNINGS_AS_ERRORS = NO
               GCC_VERSION = com.apple.compilers.llvm.clang.1_0
               GCC_VERSION_IDENTIFIER = com_apple_compilers_llvm_clang_1_0
               GCC_WARN_64_TO_32_BIT_CONVERSION = YES
               GCC_WARN_ABOUT_RETURN_TYPE = YES_ERROR
               GCC_WARN_UNDECLARED_SELECTOR = YES
               GCC_WARN_UNINITIALIZED_AUTOS = YES_AGGRESSIVE
               GCC_WARN_UNUSED_FUNCTION = YES
               GCC_WARN_UNUSED_VARIABLE = YES
               GENERATED_MODULEMAP_DIR = /Users/otislewis/arena/build/ios/GeneratedModuleMaps-iphonesimulator
               GENERATE_INFOPLIST_FILE = NO
               GENERATE_INTERMEDIATE_TEXT_BASED_STUBS = YES
               GENERATE_MASTER_OBJECT_FILE = NO
               GENERATE_PKGINFO_FILE = NO
               GENERATE_PROFILING_CODE = NO
               GENERATE_TEXT_BASED_STUBS = NO
               GID = 20
               GROUP = staff
               HEADERMAP_INCLUDES_FLAT_ENTRIES_FOR_TARGET_BEING_BUILT = YES
               HEADERMAP_INCLUDES_FRAMEWORK_ENTRIES_FOR_ALL_PRODUCT_TYPES = YES
               HEADERMAP_INCLUDES_FRAMEWORK_ENTRIES_FOR_TARGETS_NOT_BEING_BUILT = YES
               HEADERMAP_INCLUDES_NONPUBLIC_NONPRIVATE_HEADERS = YES
               HEADERMAP_INCLUDES_PROJECT_HEADERS = YES
               HEADERMAP_USES_FRAMEWORK_PREFIX_ENTRIES = YES
               HEADERMAP_USES_VFS = YES
               HEADER_SEARCH_PATHS = /Users/otislewis/arena/build/ios/Release-iphonesimulator/GTMSessionFetcher/include 
               HIDE_BITCODE_SYMBOLS = YES
               HOME = /Users/otislewis
               HOST_ARCH = arm64
               HOST_PLATFORM = macosx
               IBSC_MODULE = GTMSessionFetcher
               ICONV = /usr/bin/iconv
               IMPLICIT_DEPENDENCY_DOMAIN = default
               INFOPLIST_ENABLE_CFBUNDLEICONS_MERGE = YES
               INFOPLIST_EXPAND_BUILD_SETTINGS = YES
               INFOPLIST_FILE = Target Support Files/GTMSessionFetcher/ResourceBundle-GTMSessionFetcher_Core_Privacy-GTMSessionFetcher-Info.plist
               INFOPLIST_OUTPUT_FORMAT = binary
               INFOPLIST_PATH = GTMSessionFetcher_Core_Privacy.bundle/Info.plist
               INFOPLIST_PREPROCESS = NO
               INFOSTRINGS_PATH = GTMSessionFetcher_Core_Privacy.bundle/en.lproj/InfoPlist.strings
               INLINE_PRIVATE_FRAMEWORKS = NO
               INSTALLAPI_IGNORE_SKIP_INSTALL = YES
               INSTALLHDRS_COPY_PHASE = NO
               INSTALLHDRS_SCRIPT_PHASE = NO
               INSTALL_DIR = /tmp/Pods.dst
               INSTALL_GROUP = staff
               INSTALL_MODE_FLAG = u+w,go-w,a+rX
               INSTALL_OWNER = otislewis
               INSTALL_ROOT = /tmp/Pods.dst
               IPHONEOS_DEPLOYMENT_TARGET = 13.0
               IS_UNOPTIMIZED_BUILD = NO
               JAVAC_DEFAULT_FLAGS = -J-Xms64m -J-XX:NewSize=4M -J-Dfile.encoding=UTF8
               JAVA_APP_STUB = /System/Library/Frameworks/JavaVM.framework/Resources/MacOS/JavaApplicationStub
               JAVA_ARCHIVE_CLASSES = YES
               JAVA_ARCHIVE_TYPE = JAR
               JAVA_COMPILER = /usr/bin/javac
               JAVA_FOLDER_PATH = GTMSessionFetcher_Core_Privacy.bundle/Java
               JAVA_FRAMEWORK_RESOURCES_DIRS = Resources
               JAVA_JAR_FLAGS = cv
               JAVA_SOURCE_SUBDIR = .
               JAVA_USE_DEPENDENCIES = YES
               JAVA_ZIP_FLAGS = -urg
               JIKES_DEFAULT_FLAGS = +E +OLDCSO
               KEEP_PRIVATE_EXTERNS = NO
               LD_DEPENDENCY_INFO_FILE = /Users/otislewis/arena/build/ios/Pods.build/Release-iphonesimulator/GTMSessionFetcher-GTMSessionFetcher_Core_Privacy.build/Objects-normal/undefined_arch/GTMSessionFetcher_Core_Privacy_dependency_info.dat
               LD_EXPORT_SYMBOLS = YES
               LD_GENERATE_MAP_FILE = NO
               LD_MAP_FILE_PATH = /Users/otislewis/arena/build/ios/Pods.build/Release-iphonesimulator/GTMSessionFetcher-GTMSessionFetcher_Core_Privacy.build/GTMSessionFetcher_Core_Privacy-LinkMap-normal-undefined_arch.txt
               LD_NO_PIE = NO
               LD_QUOTE_LINKER_ARGUMENTS_FOR_COMPILER_DRIVER = YES
               LD_SHARED_CACHE_ELIGIBLE = Automatic
               LD_WARN_DUPLICATE_LIBRARIES = NO
               LD_WARN_UNUSED_DYLIBS = NO
               LEGACY_DEVELOPER_DIR = /Applications/Xcode.app/Contents/PlugIns/Xcode3Core.ideplugin/Contents/SharedSupport/Developer
               LEX = lex
               LIBRARY_DEXT_INSTALL_PATH = /Library/DriverExtensions
               LIBRARY_FLAG_NOSPACE = YES
               LIBRARY_FLAG_PREFIX = -l
               LIBRARY_KEXT_INSTALL_PATH = /Library/Extensions
               LIBRARY_SEARCH_PATHS = /Users/otislewis/arena/build/ios/Release-iphonesimulator/GTMSessionFetcher 
               LINKER_DISPLAYS_MANGLED_NAMES = NO
               LINK_OBJC_RUNTIME = YES
               LINK_WITH_STANDARD_LIBRARIES = YES
               LLVM_TARGET_TRIPLE_OS_VERSION = ios13.0
               LLVM_TARGET_TRIPLE_SUFFIX = -simulator
               LLVM_TARGET_TRIPLE_VENDOR = apple
               LOCALIZATION_EXPORT_SUPPORTED = YES
               LOCALIZATION_PREFERS_STRING_CATALOGS = NO
               LOCALIZED_RESOURCES_FOLDER_PATH = GTMSessionFetcher_Core_Privacy.bundle/en.lproj
               LOCALIZED_STRING_MACRO_NAMES = NSLocalizedString CFCopyLocalizedString
               LOCALIZED_STRING_SWIFTUI_SUPPORT = YES
               LOCAL_ADMIN_APPS_DIR = /Applications/Utilities
               LOCAL_APPS_DIR = /Applications
               LOCAL_DEVELOPER_DIR = /Library/Developer
               LOCAL_LIBRARY_DIR = /Library
               LOCROOT = /Users/otislewis/arena/ios/Pods
               LOCSYMROOT = /Users/otislewis/arena/ios/Pods
               MACH_O_TYPE = mh_bundle
               MAC_OS_X_PRODUCT_BUILD_VERSION = 24F74
               MAC_OS_X_VERSION_ACTUAL = 150500
               MAC_OS_X_VERSION_MAJOR = 150000
               MAC_OS_X_VERSION_MINOR = 150500
               MAKE_MERGEABLE = NO
               MERGEABLE_LIBRARY = NO
               MERGED_BINARY_TYPE = none
               MERGE_LINKED_LIBRARIES = NO
               METAL_LIBRARY_FILE_BASE = default
               METAL_LIBRARY_OUTPUT_DIR = /Users/otislewis/arena/build/ios/Release-iphonesimulator/GTMSessionFetcher/GTMSessionFetcher_Core_Privacy.bundle
               MODULES_FOLDER_PATH = GTMSessionFetcher_Core_Privacy.bundle/Modules
               MTL_ENABLE_DEBUG_INFO = NO
               MTL_FAST_MATH = YES
               NATIVE_ARCH = arm64
               NATIVE_ARCH_32_BIT = arm
               NATIVE_ARCH_64_BIT = arm64
               NATIVE_ARCH_ACTUAL = arm64
               NO_COMMON = YES
               OBJC_ABI_VERSION = 2
               OBJECT_FILE_DIR = /Users/otislewis/arena/build/ios/Pods.build/Release-iphonesimulator/GTMSessionFetcher-GTMSessionFetcher_Core_Privacy.build/Objects
               OBJECT_FILE_DIR_normal = /Users/otislewis/arena/build/ios/Pods.build/Release-iphonesimulator/GTMSessionFetcher-GTMSessionFetcher_Core_Privacy.build/Objects-normal
               OBJROOT = /Users/otislewis/arena/build/ios
               ONLY_ACTIVE_ARCH = NO
               OS = MACOS
               OSAC = /usr/bin/osacompile
               OTHER_LDFLAGS =  -framework "Security"
               PACKAGE_TYPE = com.apple.package-type.wrapper
               PASCAL_STRINGS = YES
               PATH = /Applications/Xcode.app/Contents/SharedFrameworks/SwiftBuild.framework/Versions/A/PlugIns/SWBBuildService.bundle/Contents/PlugIns/SWBUniversalPlatformPlugin.bundle/Contents/Frameworks/SWBUniversalPlatform.framework/Resources:/Applications/Xcode.app/Contents/Developer/Toolchains/XcodeDefault.xctoolchain/usr/bin:/Applications/Xcode.app/Contents/Developer/Toolchains/XcodeDefault.xctoolchain/usr/local/bin:/Applications/Xcode.app/Contents/Developer/Toolchains/XcodeDefault.xctoolchain/usr/libexec:/Applications/Xcode.app/Contents/Developer/Platforms/iPhoneSimulator.platform/usr/bin:/Applications/Xcode.app/Contents/Developer/Platforms/iPhoneSimulator.platform/usr/local/bin:/Applications/Xcode.app/Contents/Developer/Platforms/iPhoneSimulator.platform/Developer/usr/bin:/Applications/Xcode.app/Contents/Developer/Platforms/iPhoneSimulator.platform/Developer/usr/local/bin:/Applications/Xcode.app/Contents/Developer/usr/bin:/Applications/Xcode.app/Contents/Developer/usr/local/bin:/Users/otislewis/.gem/ruby/3.3.0/bin:/opt/homebrew/bin:/opt/homebrew/sbin:/usr/local/bin:/System/Cryptexes/App/usr/bin:/usr/bin:/bin:/usr/sbin:/sbin:/var/run/com.apple.security.cryptexd/codex.system/bootstrap/usr/local/bin:/var/run/com.apple.security.cryptexd/codex.system/bootstrap/usr/bin:/var/run/com.apple.security.cryptexd/codex.system/bootstrap/usr/appleinternal/bin:/Library/Apple/usr/bin:/opt/homebrew/Caskroom/flutter/3.32.0/flutter/bin:/Users/otislewis/Library/Android/sdk/emulator:/Users/otislewis/Library/Android/sdk/tools:/Users/otislewis/Library/Android/sdk/tools/bin:/Users/otislewis/Library/Android/sdk/platform-tools:/opt/homebrew/Caskroom/flutter/3.32.0/flutter/bin/cache/dart-sdk/bin
               PATH_PREFIXES_EXCLUDED_FROM_HEADER_DEPENDENCIES = /usr/include /usr/local/include /System/Library/Frameworks /System/Library/PrivateFrameworks /Applications/Xcode.app/Contents/Developer/Headers /Applications/Xcode.app/Contents/Developer/SDKs /Applications/Xcode.app/Contents/Developer/Platforms
               PBDEVELOPMENTPLIST_PATH = GTMSessionFetcher_Core_Privacy.bundle/pbdevelopment.plist
               PER_ARCH_MODULE_FILE_DIR = /Users/otislewis/arena/build/ios/Pods.build/Release-iphonesimulator/GTMSessionFetcher-GTMSessionFetcher_Core_Privacy.build/Objects-normal/undefined_arch
               PER_ARCH_OBJECT_FILE_DIR = /Users/otislewis/arena/build/ios/Pods.build/Release-iphonesimulator/GTMSessionFetcher-GTMSessionFetcher_Core_Privacy.build/Objects-normal/undefined_arch
               PER_VARIANT_OBJECT_FILE_DIR = /Users/otislewis/arena/build/ios/Pods.build/Release-iphonesimulator/GTMSessionFetcher-GTMSessionFetcher_Core_Privacy.build/Objects-normal
               PKGINFO_FILE_PATH = /Users/otislewis/arena/build/ios/Pods.build/Release-iphonesimulator/GTMSessionFetcher-GTMSessionFetcher_Core_Privacy.build/PkgInfo
               PKGINFO_PATH = GTMSessionFetcher_Core_Privacy.bundle/PkgInfo
               PLATFORM_DEVELOPER_APPLICATIONS_DIR = /Applications/Xcode.app/Contents/Developer/Platforms/iPhoneSimulator.platform/Developer/Applications
               PLATFORM_DEVELOPER_BIN_DIR = /Applications/Xcode.app/Contents/Developer/Platforms/iPhoneSimulator.platform/Developer/usr/bin
               PLATFORM_DEVELOPER_LIBRARY_DIR = /Applications/Xcode.app/Contents/Developer/Platforms/iPhoneSimulator.platform/Developer/Library
               PLATFORM_DEVELOPER_SDK_DIR = /Applications/Xcode.app/Contents/Developer/Platforms/iPhoneSimulator.platform/Developer/SDKs
               PLATFORM_DEVELOPER_TOOLS_DIR = /Applications/Xcode.app/Contents/Developer/Platforms/iPhoneSimulator.platform/Developer/Tools
               PLATFORM_DEVELOPER_USR_DIR = /Applications/Xcode.app/Contents/Developer/Platforms/iPhoneSimulator.platform/Developer/usr
               PLATFORM_DIR = /Applications/Xcode.app/Contents/Developer/Platforms/iPhoneSimulator.platform
               PLATFORM_DISPLAY_NAME = iOS Simulator
               PLATFORM_FAMILY_NAME = iOS
               PLATFORM_NAME = iphonesimulator
               PLATFORM_PREFERRED_ARCH = x86_64
               PLATFORM_PRODUCT_BUILD_VERSION = 22E235
               PLATFORM_REQUIRES_SWIFT_AUTOLINK_EXTRACT = NO
               PLATFORM_REQUIRES_SWIFT_MODULEWRAP = NO
               PLIST_FILE_OUTPUT_FORMAT = binary
               PLUGINS_FOLDER_PATH = GTMSessionFetcher_Core_Privacy.bundle/PlugIns
               PODS_BUILD_DIR = /Users/otislewis/arena/build/ios
               PODS_CONFIGURATION_BUILD_DIR = /Users/otislewis/arena/build/ios/Release-iphonesimulator
               PODS_DEVELOPMENT_LANGUAGE = en
               PODS_ROOT = /Users/otislewis/arena/ios/Pods
               PODS_TARGET_SRCROOT = /Users/otislewis/arena/ios/Pods/GTMSessionFetcher
               PODS_XCFRAMEWORKS_BUILD_DIR = /Users/otislewis/arena/build/ios/Release-iphonesimulator/XCFrameworkIntermediates
               PRECOMPS_INCLUDE_HEADERS_FROM_BUILT_PRODUCTS_DIR = YES
               PRECOMP_DESTINATION_DIR = /Users/otislewis/arena/build/ios/Pods.build/Release-iphonesimulator/GTMSessionFetcher-GTMSessionFetcher_Core_Privacy.build/PrefixHeaders
               PRIVATE_HEADERS_FOLDER_PATH = GTMSessionFetcher_Core_Privacy.bundle/PrivateHeaders
               PROCESSED_INFOPLIST_PATH = /Users/otislewis/arena/build/ios/Pods.build/Release-iphonesimulator/GTMSessionFetcher-GTMSessionFetcher_Core_Privacy.build/Objects-normal/undefined_arch/Processed-Info.plist
               PRODUCT_BUNDLE_IDENTIFIER = org.cocoapods.GTMSessionFetcher-Core-Privacy
               PRODUCT_BUNDLE_PACKAGE_TYPE = BNDL
               PRODUCT_MODULE_NAME = GTMSessionFetcher_Core_Privacy
               PRODUCT_NAME = GTMSessionFetcher_Core_Privacy
               PRODUCT_SETTINGS_PATH = /Users/otislewis/arena/ios/Pods/Target Support Files/GTMSessionFetcher/ResourceBundle-GTMSessionFetcher_Core_Privacy-GTMSessionFetcher-Info.plist
               PRODUCT_TYPE = com.apple.product-type.bundle
               PROFILING_CODE = NO
               PROJECT = Pods
               PROJECT_DERIVED_FILE_DIR = /Users/otislewis/arena/build/ios/Pods.build/DerivedSources
               PROJECT_DIR = /Users/otislewis/arena/ios/Pods
               PROJECT_FILE_PATH = /Users/otislewis/arena/ios/Pods/Pods.xcodeproj
               PROJECT_GUID = bfdfe7dc352907fc980b868725387e98
               PROJECT_NAME = Pods
               PROJECT_TEMP_DIR = /Users/otislewis/arena/build/ios/Pods.build
               PROJECT_TEMP_ROOT = /Users/otislewis/arena/build/ios
               PUBLIC_HEADERS_FOLDER_PATH = GTMSessionFetcher_Core_Privacy.bundle/Headers
               RECOMMENDED_IPHONEOS_DEPLOYMENT_TARGET = 15.0
               RECURSIVE_SEARCH_PATHS_FOLLOW_SYMLINKS = YES
               REMOVE_CVS_FROM_RESOURCES = YES
               REMOVE_GIT_FROM_RESOURCES = YES
               REMOVE_HEADERS_FROM_EMBEDDED_BUNDLES = YES
               REMOVE_HG_FROM_RESOURCES = YES
               REMOVE_STATIC_EXECUTABLES_FROM_EMBEDDED_BUNDLES = YES
               REMOVE_SVN_FROM_RESOURCES = YES
               RESCHEDULE_INDEPENDENT_HEADERS_PHASES = YES
               REZ_COLLECTOR_DIR = /Users/otislewis/arena/build/ios/Pods.build/Release-iphonesimulator/GTMSessionFetcher-GTMSessionFetcher_Core_Privacy.build/ResourceManagerResources
               REZ_OBJECTS_DIR = /Users/otislewis/arena/build/ios/Pods.build/Release-iphonesimulator/GTMSessionFetcher-GTMSessionFetcher_Core_Privacy.build/ResourceManagerResources/Objects
               REZ_SEARCH_PATHS = /Users/otislewis/arena/build/ios/Release-iphonesimulator/GTMSessionFetcher 
               SCAN_ALL_SOURCE_FILES_FOR_INCLUDES = NO
               SCRIPTS_FOLDER_PATH = GTMSessionFetcher_Core_Privacy.bundle/Scripts
               SDKROOT = /Applications/Xcode.app/Contents/Developer/Platforms/iPhoneSimulator.platform/Developer/SDKs/iPhoneSimulator18.4.sdk
               SDK_DIR = /Applications/Xcode.app/Contents/Developer/Platforms/iPhoneSimulator.platform/Developer/SDKs/iPhoneSimulator18.4.sdk
               SDK_DIR_iphonesimulator = /Applications/Xcode.app/Contents/Developer/Platforms/iPhoneSimulator.platform/Developer/SDKs/iPhoneSimulator18.4.sdk
               SDK_DIR_iphonesimulator18_4 = /Applications/Xcode.app/Contents/Developer/Platforms/iPhoneSimulator.platform/Developer/SDKs/iPhoneSimulator18.4.sdk
               SDK_NAME = iphonesimulator18.4
               SDK_NAMES = iphonesimulator18.4
               SDK_PRODUCT_BUILD_VERSION = 22E235
               SDK_STAT_CACHE_DIR = /var/folders/4y/xy3fflts0nqfk1tsxg0t3mmr0000gn/C/com.apple.DeveloperTools/16.3-16E140/Xcode
               SDK_STAT_CACHE_ENABLE = YES
               SDK_STAT_CACHE_PATH = /var/folders/4y/xy3fflts0nqfk1tsxg0t3mmr0000gn/C/com.apple.DeveloperTools/16.3-16E140/Xcode/SDKStatCaches.noindex/iphonesimulator18.4-22E235-71825a6d136aa4733edcbe86ece5525b.sdkstatcache
               SDK_VERSION = 18.4
               SDK_VERSION_ACTUAL = 180400
               SDK_VERSION_MAJOR = 180000
               SDK_VERSION_MINOR = 180400
               SED = /usr/bin/sed
               SEPARATE_STRIP = NO
               SEPARATE_SYMBOL_EDIT = NO
               SET_DIR_MODE_OWNER_GROUP = YES
               SET_FILE_MODE_OWNER_GROUP = NO
               SHALLOW_BUNDLE = YES
               SHALLOW_BUNDLE_TRIPLE = ios-simulator
               SHALLOW_BUNDLE_ios_macabi = NO
               SHALLOW_BUNDLE_macos = NO
               SHARED_DERIVED_FILE_DIR = /Users/otislewis/arena/build/ios/Release-iphonesimulator/GTMSessionFetcher/DerivedSources
               SHARED_FRAMEWORKS_FOLDER_PATH = GTMSessionFetcher_Core_Privacy.bundle/SharedFrameworks
               SHARED_PRECOMPS_DIR = /Users/otislewis/arena/build/ios/SharedPrecompiledHeaders
               SHARED_SUPPORT_FOLDER_PATH = GTMSessionFetcher_Core_Privacy.bundle/SharedSupport
               SKIP_INSTALL = YES
               SOURCE_ROOT = /Users/otislewis/arena/ios/Pods
               SRCROOT = /Users/otislewis/arena/ios/Pods
               STRINGSDATA_DIR = /Users/otislewis/arena/build/ios/Pods.build/Release-iphonesimulator/GTMSessionFetcher-GTMSessionFetcher_Core_Privacy.build/Objects-normal/undefined_arch
               STRINGSDATA_ROOT = /Users/otislewis/arena/build/ios/Pods.build/Release-iphonesimulator/GTMSessionFetcher-GTMSessionFetcher_Core_Privacy.build
               STRINGS_FILE_INFOPLIST_RENAME = YES
               STRINGS_FILE_OUTPUT_ENCODING = binary
               STRIP_BITCODE_FROM_COPIED_FILES = NO
               STRIP_INSTALLED_PRODUCT = NO
               STRIP_STYLE = non-global
               STRIP_SWIFT_SYMBOLS = YES
               SUPPORTED_DEVICE_FAMILIES = 1,2
               SUPPORTED_PLATFORMS = iphoneos iphonesimulator
               SUPPORTS_TEXT_BASED_API = NO
               SUPPRESS_WARNINGS = NO
               SWIFT_COMPILATION_MODE = wholemodule
               SWIFT_EMIT_LOC_STRINGS = NO
               SWIFT_OPTIMIZATION_LEVEL = -O
               SWIFT_PLATFORM_TARGET_PREFIX = ios
               SWIFT_VERSION = 5.0
               SYMROOT = /Users/otislewis/arena/ios/build
               SYSTEM_ADMIN_APPS_DIR = /Applications/Utilities
               SYSTEM_APPS_DIR = /Applications
               SYSTEM_CORE_SERVICES_DIR = /System/Library/CoreServices
               SYSTEM_DEMOS_DIR = /Applications/Extras
               SYSTEM_DEVELOPER_APPS_DIR = /Applications/Xcode.app/Contents/Developer/Applications
               SYSTEM_DEVELOPER_BIN_DIR = /Applications/Xcode.app/Contents/Developer/usr/bin
               SYSTEM_DEVELOPER_DEMOS_DIR = /Applications/Xcode.app/Contents/Developer/Applications/Utilities/Built Examples
               SYSTEM_DEVELOPER_DIR = /Applications/Xcode.app/Contents/Developer
               SYSTEM_DEVELOPER_DOC_DIR = /Applications/Xcode.app/Contents/Developer/ADC Reference Library
               SYSTEM_DEVELOPER_GRAPHICS_TOOLS_DIR = /Applications/Xcode.app/Contents/Developer/Applications/Graphics Tools
               SYSTEM_DEVELOPER_JAVA_TOOLS_DIR = /Applications/Xcode.app/Contents/Developer/Applications/Java Tools
               SYSTEM_DEVELOPER_PERFORMANCE_TOOLS_DIR = /Applications/Xcode.app/Contents/Developer/Applications/Performance Tools
               SYSTEM_DEVELOPER_RELEASENOTES_DIR = /Applications/Xcode.app/Contents/Developer/ADC Reference Library/releasenotes
               SYSTEM_DEVELOPER_TOOLS = /Applications/Xcode.app/Contents/Developer/Tools
               SYSTEM_DEVELOPER_TOOLS_DOC_DIR = /Applications/Xcode.app/Contents/Developer/ADC Reference Library/documentation/DeveloperTools
               SYSTEM_DEVELOPER_TOOLS_RELEASENOTES_DIR = /Applications/Xcode.app/Contents/Developer/ADC Reference Library/releasenotes/DeveloperTools
               SYSTEM_DEVELOPER_USR_DIR = /Applications/Xcode.app/Contents/Developer/usr
               SYSTEM_DEVELOPER_UTILITIES_DIR = /Applications/Xcode.app/Contents/Developer/Applications/Utilities
               SYSTEM_DEXT_INSTALL_PATH = /System/Library/DriverExtensions
               SYSTEM_DOCUMENTATION_DIR = /Library/Documentation
               SYSTEM_EXTENSIONS_FOLDER_PATH = GTMSessionFetcher_Core_Privacy.bundle/SystemExtensions
               SYSTEM_EXTENSIONS_FOLDER_PATH_SHALLOW_BUNDLE_NO = GTMSessionFetcher_Core_Privacy.bundle/Library/SystemExtensions
               SYSTEM_EXTENSIONS_FOLDER_PATH_SHALLOW_BUNDLE_YES = GTMSessionFetcher_Core_Privacy.bundle/SystemExtensions
               SYSTEM_KEXT_INSTALL_PATH = /System/Library/Extensions
               SYSTEM_LIBRARY_DIR = /System/Library
               TAPI_DEMANGLE = YES
               TAPI_ENABLE_PROJECT_HEADERS = NO
               TAPI_LANGUAGE = objective-c
               TAPI_LANGUAGE_STANDARD = compiler-default
               TAPI_USE_SRCROOT = YES
               TAPI_VERIFY_MODE = Pedantic
               TARGETED_DEVICE_FAMILY = 1,2
               TARGETNAME = GTMSessionFetcher-GTMSessionFetcher_Core_Privacy
               TARGET_BUILD_DIR = /Users/otislewis/arena/build/ios/Release-iphonesimulator/GTMSessionFetcher
               TARGET_NAME = GTMSessionFetcher-GTMSessionFetcher_Core_Privacy
               TARGET_TEMP_DIR = /Users/otislewis/arena/build/ios/Pods.build/Release-iphonesimulator/GTMSessionFetcher-GTMSessionFetcher_Core_Privacy.build
               TEMP_DIR = /Users/otislewis/arena/build/ios/Pods.build/Release-iphonesimulator/GTMSessionFetcher-GTMSessionFetcher_Core_Privacy.build
               TEMP_FILES_DIR = /Users/otislewis/arena/build/ios/Pods.build/Release-iphonesimulator/GTMSessionFetcher-GTMSessionFetcher_Core_Privacy.build
               TEMP_FILE_DIR = /Users/otislewis/arena/build/ios/Pods.build/Release-iphonesimulator/GTMSessionFetcher-GTMSessionFetcher_Core_Privacy.build
               TEMP_ROOT = /Users/otislewis/arena/build/ios
               TEMP_SANDBOX_DIR = /Users/otislewis/arena/build/ios/TemporaryTaskSandboxes
               TEST_FRAMEWORK_SEARCH_PATHS =  /Applications/Xcode.app/Contents/Developer/Platforms/iPhoneSimulator.platform/Developer/Library/Frameworks /Applications/Xcode.app/Contents/Developer/Platforms/iPhoneSimulator.platform/Developer/SDKs/iPhoneSimulator18.4.sdk/Developer/Library/Frameworks
               TEST_LIBRARY_SEARCH_PATHS =  /Applications/Xcode.app/Contents/Developer/Platforms/iPhoneSimulator.platform/Developer/usr/lib
               TOOLCHAINS = com.apple.dt.toolchain.XcodeDefault
               TOOLCHAIN_DIR = /Applications/Xcode.app/Contents/Developer/Toolchains/XcodeDefault.xctoolchain
               TREAT_MISSING_BASELINES_AS_TEST_FAILURES = NO
               TREAT_MISSING_SCRIPT_PHASE_OUTPUTS_AS_ERRORS = NO
               UID = 501
               UNINSTALLED_PRODUCTS_DIR = /Users/otislewis/arena/build/ios/UninstalledProducts
               UNLOCALIZED_RESOURCES_FOLDER_PATH = GTMSessionFetcher_Core_Privacy.bundle
               UNLOCALIZED_RESOURCES_FOLDER_PATH_SHALLOW_BUNDLE_NO = GTMSessionFetcher_Core_Privacy.bundle/Resources
               UNLOCALIZED_RESOURCES_FOLDER_PATH_SHALLOW_BUNDLE_YES = GTMSessionFetcher_Core_Privacy.bundle
               UNSTRIPPED_PRODUCT = NO
               USER = otislewis
               USER_APPS_DIR = /Users/otislewis/Applications
               USER_LIBRARY_DIR = /Users/otislewis/Library
               USE_DYNAMIC_NO_PIC = YES
               USE_HEADERMAP = YES
               USE_HEADER_SYMLINKS = NO
               USE_RECURSIVE_SCRIPT_INPUTS_IN_SCRIPT_PHASES = YES
               VALIDATE_DEVELOPMENT_ASSET_PATHS = YES_ERROR
               VALIDATE_PRODUCT = NO
               VALID_ARCHS = arm64
               VERBOSE_PBXCP = NO
               VERSIONPLIST_PATH = GTMSessionFetcher_Core_Privacy.bundle/version.plist
               VERSION_INFO_BUILDER = otislewis
               VERSION_INFO_FILE = GTMSessionFetcher_Core_Privacy_vers.c
               VERSION_INFO_STRING = "@(#)PROGRAM:GTMSessionFetcher_Core_Privacy  PROJECT:Pods-"
               WORKSPACE_DIR = /Users/otislewis/arena/ios/Pods/Pods.xcodeproj
               WRAPPER_EXTENSION = bundle
               WRAPPER_NAME = GTMSessionFetcher_Core_Privacy.bundle
               WRAPPER_SUFFIX = .bundle
               WRAP_ASSET_PACKS_IN_SEPARATE_DIRECTORIES = NO
               XCODE_APP_SUPPORT_DIR = /Applications/Xcode.app/Contents/Developer/Library/Xcode
               XCODE_PRODUCT_BUILD_VERSION = 16E140
               XCODE_VERSION_ACTUAL = 1630
               XCODE_VERSION_MAJOR = 1600
               XCODE_VERSION_MINOR = 1630
               XPCSERVICES_FOLDER_PATH = GTMSessionFetcher_Core_Privacy.bundle/XPCServices
               YACC = yacc
               _DISCOVER_COMMAND_LINE_LINKER_INPUTS = YES
               _DISCOVER_COMMAND_LINE_LINKER_INPUTS_INCLUDE_WL = YES
               _WRAPPER_CONTENTS_DIR_SHALLOW_BUNDLE_NO = /Contents
               _WRAPPER_PARENT_PATH_SHALLOW_BUNDLE_NO = /..
               _WRAPPER_RESOURCES_DIR_SHALLOW_BUNDLE_NO = /Resources
               __DIAGNOSE_DEPRECATED_ARCHS = YES
               arch = undefined_arch
               variant = normal

           Build settings for action build and target image_picker_ios:
               ACTION = build
               AD_HOC_CODE_SIGNING_ALLOWED = YES
               ALLOW_BUILD_REQUEST_OVERRIDES = NO
               ALLOW_TARGET_PLATFORM_SPECIALIZATION = NO
               ALTERNATE_GROUP = staff
               ALTERNATE_MODE = u+w,go-w,a+rX
               ALTERNATE_OWNER = otislewis
               ALTERNATIVE_DISTRIBUTION_WEB = NO
               ALWAYS_EMBED_SWIFT_STANDARD_LIBRARIES = NO
               ALWAYS_SEARCH_USER_PATHS = NO
               ALWAYS_USE_SEPARATE_HEADERMAPS = NO
               APPLICATION_EXTENSION_API_ONLY = NO
               APPLY_RULES_IN_COPY_FILES = NO
               APPLY_RULES_IN_COPY_HEADERS = NO
               APP_SHORTCUTS_ENABLE_FLEXIBLE_MATCHING = YES
               ARCHS = x86_64
               ARCHS_STANDARD = arm64 x86_64
               ARCHS_STANDARD_32_64_BIT = arm64 x86_64
               ARCHS_STANDARD_64_BIT = arm64 x86_64
               ARCHS_STANDARD_INCLUDING_64_BIT = arm64 x86_64
               ARCHS_UNIVERSAL_IPHONE_OS = arm64 x86_64
               AUTOMATICALLY_MERGE_DEPENDENCIES = NO
               AVAILABLE_PLATFORMS = android appletvos appletvsimulator driverkit iphoneos iphonesimulator macosx qnx watchos watchsimulator xros xrsimulator
               BITCODE_GENERATION_MODE = marker
               BUILD_ACTIVE_RESOURCES_ONLY = NO
               BUILD_COMPONENTS = headers build
               BUILD_DIR = /Users/otislewis/arena/build/ios
               BUILD_LIBRARY_FOR_DISTRIBUTION = NO
               BUILD_ROOT = /Users/otislewis/arena/ios/build
               BUILD_STYLE = 
               BUILD_VARIANTS = normal
               BUILT_PRODUCTS_DIR = /Users/otislewis/arena/build/ios/Release-iphonesimulator/image_picker_ios
               BUNDLE_CONTENTS_FOLDER_PATH_deep = Contents/
               BUNDLE_EXECUTABLE_FOLDER_NAME_deep = MacOS
               BUNDLE_EXTENSIONS_FOLDER_PATH = Extensions
               BUNDLE_FORMAT = shallow
               BUNDLE_FRAMEWORKS_FOLDER_PATH = Frameworks
               BUNDLE_PLUGINS_FOLDER_PATH = PlugIns
               BUNDLE_PRIVATE_HEADERS_FOLDER_PATH = PrivateHeaders
               BUNDLE_PUBLIC_HEADERS_FOLDER_PATH = Headers
               CACHE_ROOT = /var/folders/4y/xy3fflts0nqfk1tsxg0t3mmr0000gn/C/com.apple.DeveloperTools/16.3-16E140/Xcode
               CCHROOT = /var/folders/4y/xy3fflts0nqfk1tsxg0t3mmr0000gn/C/com.apple.DeveloperTools/16.3-16E140/Xcode
               CHMOD = /bin/chmod
               CHOWN = /usr/sbin/chown
               CLANG_ANALYZER_LOCALIZABILITY_NONLOCALIZED = YES
               CLANG_ANALYZER_NONNULL = YES
               CLANG_ANALYZER_NUMBER_OBJECT_CONVERSION = YES_AGGRESSIVE
               CLANG_CACHE_FINE_GRAINED_OUTPUTS = YES
               CLANG_CXX_LANGUAGE_STANDARD = gnu++14
               CLANG_CXX_LIBRARY = libc++
               CLANG_ENABLE_EXPLICIT_MODULES = YES
               CLANG_ENABLE_MODULES = YES
               CLANG_ENABLE_OBJC_ARC = YES
               CLANG_ENABLE_OBJC_WEAK = NO
               CLANG_MODULES_BUILD_SESSION_FILE = /var/folders/4y/xy3fflts0nqfk1tsxg0t3mmr0000gn/C/org.llvm.clang/ModuleCache.noindex/Session.modulevalidation
               CLANG_WARN_BLOCK_CAPTURE_AUTORELEASING = YES
               CLANG_WARN_BOOL_CONVERSION = YES
               CLANG_WARN_COMMA = YES
               CLANG_WARN_CONSTANT_CONVERSION = YES
               CLANG_WARN_DEPRECATED_OBJC_IMPLEMENTATIONS = YES
               CLANG_WARN_DIRECT_OBJC_ISA_USAGE = YES_ERROR
               CLANG_WARN_DOCUMENTATION_COMMENTS = YES
               CLANG_WARN_EMPTY_BODY = YES
               CLANG_WARN_ENUM_CONVERSION = YES
               CLANG_WARN_INFINITE_RECURSION = YES
               CLANG_WARN_INT_CONVERSION = YES
               CLANG_WARN_NON_LITERAL_NULL_CONVERSION = YES
               CLANG_WARN_OBJC_IMPLICIT_RETAIN_SELF = YES
               CLANG_WARN_OBJC_LITERAL_CONVERSION = YES
               CLANG_WARN_OBJC_ROOT_CLASS = YES_ERROR
               CLANG_WARN_QUOTED_INCLUDE_IN_FRAMEWORK_HEADER = NO
               CLANG_WARN_RANGE_LOOP_ANALYSIS = YES
               CLANG_WARN_STRICT_PROTOTYPES = YES
               CLANG_WARN_SUSPICIOUS_MOVE = YES
               CLANG_WARN_UNGUARDED_AVAILABILITY = YES_AGGRESSIVE
               CLANG_WARN_UNREACHABLE_CODE = YES
               CLANG_WARN__DUPLICATE_METHOD_MATCH = YES
               CLASS_FILE_DIR = /Users/otislewis/arena/build/ios/Pods.build/Release-iphonesimulator/image_picker_ios.build/JavaClasses
               CLEAN_PRECOMPS = YES
               CLONE_HEADERS = NO
               CODESIGNING_FOLDER_PATH = /Users/otislewis/arena/build/ios/Release-iphonesimulator/image_picker_ios/image_picker_ios.framework
               CODE_SIGNING_ALLOWED = YES
               CODE_SIGNING_REQUIRED = NO
               CODE_SIGNING_REQUIRES_TEAM = YES
               CODE_SIGN_CONTEXT_CLASS = XCiPhoneSimulatorCodeSignContext
               CODE_SIGN_IDENTITY = -
               CODE_SIGN_INJECT_BASE_ENTITLEMENTS = YES
               COLOR_DIAGNOSTICS = NO
               COMBINE_HIDPI_IMAGES = NO
               COMPILATION_CACHE_CAS_PATH = /var/folders/4y/xy3fflts0nqfk1tsxg0t3mmr0000gn/C/com.apple.DeveloperTools/16.3-16E140/Xcode/CompilationCache.noindex
               COMPILATION_CACHE_KEEP_CAS_DIRECTORY = YES
               COMPILER_INDEX_STORE_ENABLE = Default
               COMPOSITE_SDK_DIRS = /Users/otislewis/arena/build/ios/CompositeSDKs
               COMPRESS_PNG_FILES = YES
               CONFIGURATION = Release
               CONFIGURATION_BUILD_DIR = /Users/otislewis/arena/build/ios/Release-iphonesimulator/image_picker_ios
               CONFIGURATION_TEMP_DIR = /Users/otislewis/arena/build/ios/Pods.build/Release-iphonesimulator
               CONTENTS_FOLDER_PATH = image_picker_ios.framework
               CONTENTS_FOLDER_PATH_SHALLOW_BUNDLE_NO = image_picker_ios.framework/A
               CONTENTS_FOLDER_PATH_SHALLOW_BUNDLE_YES = image_picker_ios.framework
               COPYING_PRESERVES_HFS_DATA = NO
               COPY_HEADERS_RUN_UNIFDEF = NO
               COPY_PHASE_STRIP = NO
               CORRESPONDING_DEVICE_PLATFORM_DIR = /Applications/Xcode.app/Contents/Developer/Platforms/iPhoneOS.platform
               CORRESPONDING_DEVICE_PLATFORM_NAME = iphoneos
               CORRESPONDING_DEVICE_SDK_DIR = /Applications/Xcode.app/Contents/Developer/Platforms/iPhoneOS.platform/Developer/SDKs/iPhoneOS18.4.sdk
               CORRESPONDING_DEVICE_SDK_NAME = iphoneos18.4
               CP = /bin/cp
               CREATE_INFOPLIST_SECTION_IN_BINARY = NO
               CURRENT_ARCH = undefined_arch
               CURRENT_PROJECT_VERSION = 1
               CURRENT_VARIANT = normal
               CURRENT_VERSION = Current
               DEAD_CODE_STRIPPING = YES
               DEBUGGING_SYMBOLS = YES
               DEBUG_INFORMATION_FORMAT = dwarf-with-dsym
               DEBUG_INFORMATION_VERSION = compiler-default
               DEFAULT_COMPILER = com.apple.compilers.llvm.clang.1_0
               DEFAULT_DEXT_INSTALL_PATH = /System/Library/DriverExtensions
               DEFAULT_KEXT_INSTALL_PATH = /System/Library/Extensions
               DEFINES_MODULE = YES
               DEPLOYMENT_LOCATION = NO
               DEPLOYMENT_POSTPROCESSING = NO
               DEPLOYMENT_TARGET_SETTING_NAME = IPHONEOS_DEPLOYMENT_TARGET
               DEPLOYMENT_TARGET_SUGGESTED_VALUES = 12.0 12.1 12.2 12.3 12.4 13.0 13.1 13.2 13.3 13.4 13.5 13.6 14.0 14.1 14.2 14.3 14.4 14.5 14.6 14.7 15.0 15.1 15.2 15.3 15.4 15.5 15.6 16.0 16.1 16.2 16.3 16.4 16.5 16.6 17.0 17.1 17.2 17.3 17.4 17.5 17.6 18.0 18.1 18.2 18.3 18.4
               DERIVED_FILES_DIR = /Users/otislewis/arena/build/ios/Pods.build/Release-iphonesimulator/image_picker_ios.build/DerivedSources
               DERIVED_FILE_DIR = /Users/otislewis/arena/build/ios/Pods.build/Release-iphonesimulator/image_picker_ios.build/DerivedSources
               DERIVED_SOURCES_DIR = /Users/otislewis/arena/build/ios/Pods.build/Release-iphonesimulator/image_picker_ios.build/DerivedSources
               DEVELOPER_APPLICATIONS_DIR = /Applications/Xcode.app/Contents/Developer/Applications
               DEVELOPER_BIN_DIR = /Applications/Xcode.app/Contents/Developer/usr/bin
               DEVELOPER_DIR = /Applications/Xcode.app/Contents/Developer
               DEVELOPER_FRAMEWORKS_DIR = /Applications/Xcode.app/Contents/Developer/Library/Frameworks
               DEVELOPER_FRAMEWORKS_DIR_QUOTED = /Applications/Xcode.app/Contents/Developer/Library/Frameworks
               DEVELOPER_LIBRARY_DIR = /Applications/Xcode.app/Contents/Developer/Library
               DEVELOPER_SDK_DIR = /Applications/Xcode.app/Contents/Developer/Platforms/MacOSX.platform/Developer/SDKs
               DEVELOPER_TOOLS_DIR = /Applications/Xcode.app/Contents/Developer/Tools
               DEVELOPER_USR_DIR = /Applications/Xcode.app/Contents/Developer/usr
               DEVELOPMENT_LANGUAGE = en
               DIAGNOSE_MISSING_TARGET_DEPENDENCIES = YES
               DIFF = /usr/bin/diff
               DOCUMENTATION_FOLDER_PATH = image_picker_ios.framework/en.lproj/Documentation
               DONT_GENERATE_INFOPLIST_FILE = NO
               DSTROOT = /tmp/Pods.dst
               DT_TOOLCHAIN_DIR = /Applications/Xcode.app/Contents/Developer/Toolchains/XcodeDefault.xctoolchain
               DWARF_DSYM_FILE_NAME = image_picker_ios.framework.dSYM
               DWARF_DSYM_FILE_SHOULD_ACCOMPANY_PRODUCT = NO
               DWARF_DSYM_FOLDER_PATH = /Users/otislewis/arena/build/ios/Release-iphonesimulator/image_picker_ios
               DYLIB_COMPATIBILITY_VERSION = 1
               DYLIB_CURRENT_VERSION = 1
               DYLIB_INSTALL_NAME_BASE = @rpath
               DYNAMIC_LIBRARY_EXTENSION = dylib
               EAGER_COMPILATION_ALLOW_SCRIPTS = NO
               EAGER_LINKING = NO
               EFFECTIVE_PLATFORM_NAME = -iphonesimulator
               EMBEDDED_CONTENT_CONTAINS_SWIFT = NO
               EMBED_ASSET_PACKS_IN_PRODUCT_BUNDLE = NO
               ENABLE_APP_SANDBOX = NO
               ENABLE_BITCODE = NO
               ENABLE_CODE_COVERAGE = YES
               ENABLE_DEFAULT_HEADER_SEARCH_PATHS = YES
               ENABLE_DEFAULT_SEARCH_PATHS = YES
               ENABLE_HARDENED_RUNTIME = NO
               ENABLE_HEADER_DEPENDENCIES = YES
               ENABLE_INCOMING_NETWORK_CONNECTIONS = NO
               ENABLE_MODULE_VERIFIER = NO
               ENABLE_NS_ASSERTIONS = NO
               ENABLE_ON_DEMAND_RESOURCES = NO
               ENABLE_OUTGOING_NETWORK_CONNECTIONS = NO
               ENABLE_RESOURCE_ACCESS_AUDIO_INPUT = NO
               ENABLE_RESOURCE_ACCESS_BLUETOOTH = NO
               ENABLE_RESOURCE_ACCESS_CALENDARS = NO
               ENABLE_RESOURCE_ACCESS_CAMERA = NO
               ENABLE_RESOURCE_ACCESS_CONTACTS = NO
               ENABLE_RESOURCE_ACCESS_LOCATION = NO
               ENABLE_RESOURCE_ACCESS_PRINTING = NO
               ENABLE_RESOURCE_ACCESS_USB = NO
               ENABLE_SDK_IMPORTS = NO
               ENABLE_STRICT_OBJC_MSGSEND = YES
               ENABLE_TESTABILITY = NO
               ENABLE_TESTING_SEARCH_PATHS = NO
               ENABLE_USER_SCRIPT_SANDBOXING = NO
               ENFORCE_VALID_ARCHS = YES
               ENTITLEMENTS_DESTINATION = __entitlements
               ENTITLEMENTS_REQUIRED = NO
               EXCLUDED_ARCHS = arm64
               EXCLUDED_INSTALLSRC_SUBDIRECTORY_PATTERNS = .DS_Store .svn .git .hg CVS
               EXCLUDED_RECURSIVE_SEARCH_PATH_SUBDIRECTORIES = *.nib *.lproj *.framework *.gch *.xcode* *.xcassets (*) .DS_Store CVS .svn .git .hg *.pbproj *.pbxproj
               EXECUTABLES_FOLDER_PATH = image_picker_ios.framework/en.lproj
               EXECUTABLE_FOLDER_PATH = image_picker_ios.framework
               EXECUTABLE_FOLDER_PATH_SHALLOW_BUNDLE_NO = image_picker_ios.framework
               EXECUTABLE_FOLDER_PATH_SHALLOW_BUNDLE_YES = image_picker_ios.framework
               EXECUTABLE_NAME = image_picker_ios
               EXECUTABLE_PATH = image_picker_ios.framework/image_picker_ios
               EXTENSIONS_FOLDER_PATH = image_picker_ios.framework/Extensions
               FILE_LIST = /Users/otislewis/arena/build/ios/Pods.build/Release-iphonesimulator/image_picker_ios.build/Objects/LinkFileList
               FIXED_FILES_DIR = /Users/otislewis/arena/build/ios/Pods.build/Release-iphonesimulator/image_picker_ios.build/FixedFiles
               FRAMEWORKS_FOLDER_PATH = image_picker_ios.framework/Frameworks
               FRAMEWORK_FLAG_PREFIX = -framework
               FRAMEWORK_SEARCH_PATHS = /Users/otislewis/arena/build/ios/Release-iphonesimulator/image_picker_ios "/opt/homebrew/Caskroom/flutter/3.32.0/flutter/bin/cache/artifacts/engine/ios-release/Flutter.xcframework/ios-arm64_x86_64-simulator" 
               FRAMEWORK_VERSION = A
               FULL_PRODUCT_NAME = image_picker_ios.framework
               FUSE_BUILD_PHASES = YES
               FUSE_BUILD_SCRIPT_PHASES = NO
               GCC3_VERSION = 3.3
               GCC_C_LANGUAGE_STANDARD = gnu11
               GCC_INLINES_ARE_PRIVATE_EXTERN = YES
               GCC_NO_COMMON_BLOCKS = YES
               GCC_OBJC_LEGACY_DISPATCH = YES
               GCC_PFE_FILE_C_DIALECTS = c objective-c c++ objective-c++
               GCC_PREFIX_HEADER = Target Support Files/image_picker_ios/image_picker_ios-prefix.pch
               GCC_PREPROCESSOR_DEFINITIONS = POD_CONFIGURATION_RELEASE=1  COCOAPODS=1
               GCC_TREAT_WARNINGS_AS_ERRORS = NO
               GCC_VERSION = com.apple.compilers.llvm.clang.1_0
               GCC_VERSION_IDENTIFIER = com_apple_compilers_llvm_clang_1_0
               GCC_WARN_64_TO_32_BIT_CONVERSION = YES
               GCC_WARN_ABOUT_RETURN_TYPE = YES_ERROR
               GCC_WARN_UNDECLARED_SELECTOR = YES
               GCC_WARN_UNINITIALIZED_AUTOS = YES_AGGRESSIVE
               GCC_WARN_UNUSED_FUNCTION = YES
               GCC_WARN_UNUSED_VARIABLE = YES
               GENERATED_MODULEMAP_DIR = /Users/otislewis/arena/build/ios/GeneratedModuleMaps-iphonesimulator
               GENERATE_INFOPLIST_FILE = NO
               GENERATE_INTERMEDIATE_TEXT_BASED_STUBS = YES
               GENERATE_MASTER_OBJECT_FILE = NO
               GENERATE_PKGINFO_FILE = NO
               GENERATE_PROFILING_CODE = NO
               GENERATE_TEXT_BASED_STUBS = NO
               GID = 20
               GROUP = staff
               HEADERMAP_INCLUDES_FLAT_ENTRIES_FOR_TARGET_BEING_BUILT = YES
               HEADERMAP_INCLUDES_FRAMEWORK_ENTRIES_FOR_ALL_PRODUCT_TYPES = YES
               HEADERMAP_INCLUDES_FRAMEWORK_ENTRIES_FOR_TARGETS_NOT_BEING_BUILT = YES
               HEADERMAP_INCLUDES_NONPUBLIC_NONPRIVATE_HEADERS = YES
               HEADERMAP_INCLUDES_PROJECT_HEADERS = YES
               HEADERMAP_USES_FRAMEWORK_PREFIX_ENTRIES = YES
               HEADERMAP_USES_VFS = YES
               HEADER_SEARCH_PATHS = /Users/otislewis/arena/build/ios/Release-iphonesimulator/image_picker_ios/include 
               HIDE_BITCODE_SYMBOLS = YES
               HOME = /Users/otislewis
               HOST_ARCH = arm64
               HOST_PLATFORM = macosx
               ICONV = /usr/bin/iconv
               IMPLICIT_DEPENDENCY_DOMAIN = default
               INFOPLIST_ENABLE_CFBUNDLEICONS_MERGE = YES
               INFOPLIST_EXPAND_BUILD_SETTINGS = YES
               INFOPLIST_FILE = Target Support Files/image_picker_ios/image_picker_ios-Info.plist
               INFOPLIST_OUTPUT_FORMAT = binary
               INFOPLIST_PATH = image_picker_ios.framework/Info.plist
               INFOPLIST_PREPROCESS = NO
               INFOSTRINGS_PATH = image_picker_ios.framework/en.lproj/InfoPlist.strings
               INLINE_PRIVATE_FRAMEWORKS = NO
               INSTALLAPI_IGNORE_SKIP_INSTALL = YES
               INSTALLHDRS_COPY_PHASE = NO
               INSTALLHDRS_SCRIPT_PHASE = NO
               INSTALL_DIR = /tmp/Pods.dst/Library/Frameworks
               INSTALL_GROUP = staff
               INSTALL_MODE_FLAG = u+w,go-w,a+rX
               INSTALL_OWNER = otislewis
               INSTALL_PATH = /Library/Frameworks
               INSTALL_ROOT = /tmp/Pods.dst
               IPHONEOS_DEPLOYMENT_TARGET = 13.0
               IS_UNOPTIMIZED_BUILD = NO
               JAVAC_DEFAULT_FLAGS = -J-Xms64m -J-XX:NewSize=4M -J-Dfile.encoding=UTF8
               JAVA_APP_STUB = /System/Library/Frameworks/JavaVM.framework/Resources/MacOS/JavaApplicationStub
               JAVA_ARCHIVE_CLASSES = YES
               JAVA_ARCHIVE_TYPE = JAR
               JAVA_COMPILER = /usr/bin/javac
               JAVA_FOLDER_PATH = image_picker_ios.framework/Java
               JAVA_FRAMEWORK_RESOURCES_DIRS = Resources
               JAVA_JAR_FLAGS = cv
               JAVA_SOURCE_SUBDIR = .
               JAVA_USE_DEPENDENCIES = YES
               JAVA_ZIP_FLAGS = -urg
               JIKES_DEFAULT_FLAGS = +E +OLDCSO
               KEEP_PRIVATE_EXTERNS = NO
               LD_DEPENDENCY_INFO_FILE = /Users/otislewis/arena/build/ios/Pods.build/Release-iphonesimulator/image_picker_ios.build/Objects-normal/undefined_arch/image_picker_ios_dependency_info.dat
               LD_DYLIB_INSTALL_NAME = @rpath/image_picker_ios.framework/image_picker_ios
               LD_EXPORT_SYMBOLS = YES
               LD_GENERATE_MAP_FILE = NO
               LD_MAP_FILE_PATH = /Users/otislewis/arena/build/ios/Pods.build/Release-iphonesimulator/image_picker_ios.build/image_picker_ios-LinkMap-normal-undefined_arch.txt
               LD_NO_PIE = NO
               LD_QUOTE_LINKER_ARGUMENTS_FOR_COMPILER_DRIVER = YES
               LD_RUNPATH_SEARCH_PATHS =  @executable_path/Frameworks @loader_path/Frameworks
               LD_SHARED_CACHE_ELIGIBLE = Automatic
               LD_WARN_DUPLICATE_LIBRARIES = NO
               LD_WARN_UNUSED_DYLIBS = NO
               LEGACY_DEVELOPER_DIR = /Applications/Xcode.app/Contents/PlugIns/Xcode3Core.ideplugin/Contents/SharedSupport/Developer
               LEX = lex
               LIBRARY_DEXT_INSTALL_PATH = /Library/DriverExtensions
               LIBRARY_FLAG_NOSPACE = YES
               LIBRARY_FLAG_PREFIX = -l
               LIBRARY_KEXT_INSTALL_PATH = /Library/Extensions
               LIBRARY_SEARCH_PATHS = /Users/otislewis/arena/build/ios/Release-iphonesimulator/image_picker_ios 
               LINKER_DISPLAYS_MANGLED_NAMES = NO
               LINK_FILE_LIST_normal_x86_64 = /Users/otislewis/arena/build/ios/Pods.build/Release-iphonesimulator/image_picker_ios.build/Objects-normal/x86_64/image_picker_ios.LinkFileList
               LINK_OBJC_RUNTIME = YES
               LINK_WITH_STANDARD_LIBRARIES = YES
               LLVM_TARGET_TRIPLE_OS_VERSION = ios13.0
               LLVM_TARGET_TRIPLE_SUFFIX = -simulator
               LLVM_TARGET_TRIPLE_VENDOR = apple
               LM_AUX_CONST_METADATA_LIST_PATH_normal_x86_64 = /Users/otislewis/arena/build/ios/Pods.build/Release-iphonesimulator/image_picker_ios.build/Objects-normal/x86_64/image_picker_ios.SwiftConstValuesFileList
               LOCALIZATION_EXPORT_SUPPORTED = YES
               LOCALIZATION_PREFERS_STRING_CATALOGS = NO
               LOCALIZED_RESOURCES_FOLDER_PATH = image_picker_ios.framework/en.lproj
               LOCALIZED_STRING_MACRO_NAMES = NSLocalizedString CFCopyLocalizedString
               LOCALIZED_STRING_SWIFTUI_SUPPORT = YES
               LOCAL_ADMIN_APPS_DIR = /Applications/Utilities
               LOCAL_APPS_DIR = /Applications
               LOCAL_DEVELOPER_DIR = /Library/Developer
               LOCAL_LIBRARY_DIR = /Library
               LOCROOT = /Users/otislewis/arena/ios/Pods
               LOCSYMROOT = /Users/otislewis/arena/ios/Pods
               MACH_O_TYPE = mh_dylib
               MAC_OS_X_PRODUCT_BUILD_VERSION = 24F74
               MAC_OS_X_VERSION_ACTUAL = 150500
               MAC_OS_X_VERSION_MAJOR = 150000
               MAC_OS_X_VERSION_MINOR = 150500
               MAKE_MERGEABLE = NO
               MERGEABLE_LIBRARY = NO
               MERGED_BINARY_TYPE = none
               MERGE_LINKED_LIBRARIES = NO
               METAL_LIBRARY_FILE_BASE = default
               METAL_LIBRARY_OUTPUT_DIR = /Users/otislewis/arena/build/ios/Release-iphonesimulator/image_picker_ios/image_picker_ios.framework
               MODULEMAP_FILE = Target Support Files/image_picker_ios/image_picker_ios.modulemap
               MODULES_FOLDER_PATH = image_picker_ios.framework/Modules
               MTL_ENABLE_DEBUG_INFO = NO
               MTL_FAST_MATH = YES
               NATIVE_ARCH = arm64
               NATIVE_ARCH_32_BIT = arm
               NATIVE_ARCH_64_BIT = arm64
               NATIVE_ARCH_ACTUAL = arm64
               NO_COMMON = YES
               OBJC_ABI_VERSION = 2
               OBJECT_FILE_DIR = /Users/otislewis/arena/build/ios/Pods.build/Release-iphonesimulator/image_picker_ios.build/Objects
               OBJECT_FILE_DIR_normal = /Users/otislewis/arena/build/ios/Pods.build/Release-iphonesimulator/image_picker_ios.build/Objects-normal
               OBJROOT = /Users/otislewis/arena/build/ios
               ONLY_ACTIVE_ARCH = NO
               OS = MACOS
               OSAC = /usr/bin/osacompile
               OTHER_LDFLAGS =  -framework Flutter
               PACKAGE_TYPE = com.apple.package-type.wrapper.framework
               PASCAL_STRINGS = YES
               PATH = /Applications/Xcode.app/Contents/SharedFrameworks/SwiftBuild.framework/Versions/A/PlugIns/SWBBuildService.bundle/Contents/PlugIns/SWBUniversalPlatformPlugin.bundle/Contents/Frameworks/SWBUniversalPlatform.framework/Resources:/Applications/Xcode.app/Contents/Developer/Toolchains/XcodeDefault.xctoolchain/usr/bin:/Applications/Xcode.app/Contents/Developer/Toolchains/XcodeDefault.xctoolchain/usr/local/bin:/Applications/Xcode.app/Contents/Developer/Toolchains/XcodeDefault.xctoolchain/usr/libexec:/Applications/Xcode.app/Contents/Developer/Platforms/iPhoneSimulator.platform/usr/bin:/Applications/Xcode.app/Contents/Developer/Platforms/iPhoneSimulator.platform/usr/local/bin:/Applications/Xcode.app/Contents/Developer/Platforms/iPhoneSimulator.platform/Developer/usr/bin:/Applications/Xcode.app/Contents/Developer/Platforms/iPhoneSimulator.platform/Developer/usr/local/bin:/Applications/Xcode.app/Contents/Developer/usr/bin:/Applications/Xcode.app/Contents/Developer/usr/local/bin:/Users/otislewis/.gem/ruby/3.3.0/bin:/opt/homebrew/bin:/opt/homebrew/sbin:/usr/local/bin:/System/Cryptexes/App/usr/bin:/usr/bin:/bin:/usr/sbin:/sbin:/var/run/com.apple.security.cryptexd/codex.system/bootstrap/usr/local/bin:/var/run/com.apple.security.cryptexd/codex.system/bootstrap/usr/bin:/var/run/com.apple.security.cryptexd/codex.system/bootstrap/usr/appleinternal/bin:/Library/Apple/usr/bin:/opt/homebrew/Caskroom/flutter/3.32.0/flutter/bin:/Users/otislewis/Library/Android/sdk/emulator:/Users/otislewis/Library/Android/sdk/tools:/Users/otislewis/Library/Android/sdk/tools/bin:/Users/otislewis/Library/Android/sdk/platform-tools:/opt/homebrew/Caskroom/flutter/3.32.0/flutter/bin/cache/dart-sdk/bin
               PATH_PREFIXES_EXCLUDED_FROM_HEADER_DEPENDENCIES = /usr/include /usr/local/include /System/Library/Frameworks /System/Library/PrivateFrameworks /Applications/Xcode.app/Contents/Developer/Headers /Applications/Xcode.app/Contents/Developer/SDKs /Applications/Xcode.app/Contents/Developer/Platforms
               PBDEVELOPMENTPLIST_PATH = image_picker_ios.framework/pbdevelopment.plist
               PER_ARCH_MODULE_FILE_DIR = /Users/otislewis/arena/build/ios/Pods.build/Release-iphonesimulator/image_picker_ios.build/Objects-normal/undefined_arch
               PER_ARCH_OBJECT_FILE_DIR = /Users/otislewis/arena/build/ios/Pods.build/Release-iphonesimulator/image_picker_ios.build/Objects-normal/undefined_arch
               PER_VARIANT_OBJECT_FILE_DIR = /Users/otislewis/arena/build/ios/Pods.build/Release-iphonesimulator/image_picker_ios.build/Objects-normal
               PKGINFO_FILE_PATH = /Users/otislewis/arena/build/ios/Pods.build/Release-iphonesimulator/image_picker_ios.build/PkgInfo
               PKGINFO_PATH = image_picker_ios.framework/PkgInfo
               PLATFORM_DEVELOPER_APPLICATIONS_DIR = /Applications/Xcode.app/Contents/Developer/Platforms/iPhoneSimulator.platform/Developer/Applications
               PLATFORM_DEVELOPER_BIN_DIR = /Applications/Xcode.app/Contents/Developer/Platforms/iPhoneSimulator.platform/Developer/usr/bin
               PLATFORM_DEVELOPER_LIBRARY_DIR = /Applications/Xcode.app/Contents/Developer/Platforms/iPhoneSimulator.platform/Developer/Library
               PLATFORM_DEVELOPER_SDK_DIR = /Applications/Xcode.app/Contents/Developer/Platforms/iPhoneSimulator.platform/Developer/SDKs
               PLATFORM_DEVELOPER_TOOLS_DIR = /Applications/Xcode.app/Contents/Developer/Platforms/iPhoneSimulator.platform/Developer/Tools
               PLATFORM_DEVELOPER_USR_DIR = /Applications/Xcode.app/Contents/Developer/Platforms/iPhoneSimulator.platform/Developer/usr
               PLATFORM_DIR = /Applications/Xcode.app/Contents/Developer/Platforms/iPhoneSimulator.platform
               PLATFORM_DISPLAY_NAME = iOS Simulator
               PLATFORM_FAMILY_NAME = iOS
               PLATFORM_NAME = iphonesimulator
               PLATFORM_PREFERRED_ARCH = x86_64
               PLATFORM_PRODUCT_BUILD_VERSION = 22E235
               PLATFORM_REQUIRES_SWIFT_AUTOLINK_EXTRACT = NO
               PLATFORM_REQUIRES_SWIFT_MODULEWRAP = NO
               PLIST_FILE_OUTPUT_FORMAT = binary
               PLUGINS_FOLDER_PATH = image_picker_ios.framework/PlugIns
               PODS_BUILD_DIR = /Users/otislewis/arena/build/ios
               PODS_CONFIGURATION_BUILD_DIR = /Users/otislewis/arena/build/ios/Release-iphonesimulator
               PODS_DEVELOPMENT_LANGUAGE = en
               PODS_ROOT = /Users/otislewis/arena/ios/Pods
               PODS_TARGET_SRCROOT = /Users/otislewis/arena/ios/Pods/../.symlinks/plugins/image_picker_ios/ios
               PODS_XCFRAMEWORKS_BUILD_DIR = /Users/otislewis/arena/build/ios/Release-iphonesimulator/XCFrameworkIntermediates
               PRECOMPS_INCLUDE_HEADERS_FROM_BUILT_PRODUCTS_DIR = YES
               PRECOMP_DESTINATION_DIR = /Users/otislewis/arena/build/ios/Pods.build/Release-iphonesimulator/image_picker_ios.build/PrefixHeaders
               PRIVATE_HEADERS_FOLDER_PATH = image_picker_ios.framework/PrivateHeaders
               PROCESSED_INFOPLIST_PATH = /Users/otislewis/arena/build/ios/Pods.build/Release-iphonesimulator/image_picker_ios.build/Objects-normal/undefined_arch/Processed-Info.plist
               PRODUCT_BUNDLE_IDENTIFIER = org.cocoapods.image-picker-ios
               PRODUCT_BUNDLE_PACKAGE_TYPE = FMWK
               PRODUCT_MODULE_NAME = image_picker_ios
               PRODUCT_NAME = image_picker_ios
               PRODUCT_SETTINGS_PATH = /Users/otislewis/arena/ios/Pods/Target Support Files/image_picker_ios/image_picker_ios-Info.plist
               PRODUCT_TYPE = com.apple.product-type.framework
               PROFILING_CODE = NO
               PROJECT = Pods
               PROJECT_DERIVED_FILE_DIR = /Users/otislewis/arena/build/ios/Pods.build/DerivedSources
               PROJECT_DIR = /Users/otislewis/arena/ios/Pods
               PROJECT_FILE_PATH = /Users/otislewis/arena/ios/Pods/Pods.xcodeproj
               PROJECT_GUID = bfdfe7dc352907fc980b868725387e98
               PROJECT_NAME = Pods
               PROJECT_TEMP_DIR = /Users/otislewis/arena/build/ios/Pods.build
               PROJECT_TEMP_ROOT = /Users/otislewis/arena/build/ios
               PUBLIC_HEADERS_FOLDER_PATH = image_picker_ios.framework/Headers
               RECOMMENDED_IPHONEOS_DEPLOYMENT_TARGET = 15.0
               RECURSIVE_SEARCH_PATHS_FOLLOW_SYMLINKS = YES
               REMOVE_CVS_FROM_RESOURCES = YES
               REMOVE_GIT_FROM_RESOURCES = YES
               REMOVE_HEADERS_FROM_EMBEDDED_BUNDLES = YES
               REMOVE_HG_FROM_RESOURCES = YES
               REMOVE_STATIC_EXECUTABLES_FROM_EMBEDDED_BUNDLES = YES
               REMOVE_SVN_FROM_RESOURCES = YES
               RESCHEDULE_INDEPENDENT_HEADERS_PHASES = YES
               REZ_COLLECTOR_DIR = /Users/otislewis/arena/build/ios/Pods.build/Release-iphonesimulator/image_picker_ios.build/ResourceManagerResources
               REZ_OBJECTS_DIR = /Users/otislewis/arena/build/ios/Pods.build/Release-iphonesimulator/image_picker_ios.build/ResourceManagerResources/Objects
               REZ_SEARCH_PATHS = /Users/otislewis/arena/build/ios/Release-iphonesimulator/image_picker_ios 
               SCAN_ALL_SOURCE_FILES_FOR_INCLUDES = NO
               SCRIPTS_FOLDER_PATH = image_picker_ios.framework/Scripts
               SDKROOT = /Applications/Xcode.app/Contents/Developer/Platforms/iPhoneSimulator.platform/Developer/SDKs/iPhoneSimulator18.4.sdk
               SDK_DIR = /Applications/Xcode.app/Contents/Developer/Platforms/iPhoneSimulator.platform/Developer/SDKs/iPhoneSimulator18.4.sdk
               SDK_DIR_iphonesimulator = /Applications/Xcode.app/Contents/Developer/Platforms/iPhoneSimulator.platform/Developer/SDKs/iPhoneSimulator18.4.sdk
               SDK_DIR_iphonesimulator18_4 = /Applications/Xcode.app/Contents/Developer/Platforms/iPhoneSimulator.platform/Developer/SDKs/iPhoneSimulator18.4.sdk
               SDK_NAME = iphonesimulator18.4
               SDK_NAMES = iphonesimulator18.4
               SDK_PRODUCT_BUILD_VERSION = 22E235
               SDK_STAT_CACHE_DIR = /var/folders/4y/xy3fflts0nqfk1tsxg0t3mmr0000gn/C/com.apple.DeveloperTools/16.3-16E140/Xcode
               SDK_STAT_CACHE_ENABLE = YES
               SDK_STAT_CACHE_PATH = /var/folders/4y/xy3fflts0nqfk1tsxg0t3mmr0000gn/C/com.apple.DeveloperTools/16.3-16E140/Xcode/SDKStatCaches.noindex/iphonesimulator18.4-22E235-71825a6d136aa4733edcbe86ece5525b.sdkstatcache
               SDK_VERSION = 18.4
               SDK_VERSION_ACTUAL = 180400
               SDK_VERSION_MAJOR = 180000
               SDK_VERSION_MINOR = 180400
               SED = /usr/bin/sed
               SEPARATE_STRIP = NO
               SEPARATE_SYMBOL_EDIT = NO
               SET_DIR_MODE_OWNER_GROUP = YES
               SET_FILE_MODE_OWNER_GROUP = NO
               SHALLOW_BUNDLE = YES
               SHALLOW_BUNDLE_TRIPLE = ios-simulator
               SHALLOW_BUNDLE_ios_macabi = NO
               SHALLOW_BUNDLE_macos = NO
               SHARED_DERIVED_FILE_DIR = /Users/otislewis/arena/build/ios/Release-iphonesimulator/image_picker_ios/DerivedSources
               SHARED_FRAMEWORKS_FOLDER_PATH = image_picker_ios.framework/SharedFrameworks
               SHARED_PRECOMPS_DIR = /Users/otislewis/arena/build/ios/SharedPrecompiledHeaders
               SHARED_SUPPORT_FOLDER_PATH = image_picker_ios.framework
               SKIP_INSTALL = YES
               SOURCE_ROOT = /Users/otislewis/arena/ios/Pods
               SRCROOT = /Users/otislewis/arena/ios/Pods
               STRINGSDATA_DIR = /Users/otislewis/arena/build/ios/Pods.build/Release-iphonesimulator/image_picker_ios.build/Objects-normal/undefined_arch
               STRINGSDATA_ROOT = /Users/otislewis/arena/build/ios/Pods.build/Release-iphonesimulator/image_picker_ios.build
               STRINGS_FILE_INFOPLIST_RENAME = YES
               STRINGS_FILE_OUTPUT_ENCODING = binary
               STRIP_BITCODE_FROM_COPIED_FILES = NO
               STRIP_INSTALLED_PRODUCT = NO
               STRIP_STYLE = debugging
               STRIP_SWIFT_SYMBOLS = YES
               SUPPORTED_DEVICE_FAMILIES = 1,2
               SUPPORTED_PLATFORMS = iphoneos iphonesimulator
               SUPPORTS_TEXT_BASED_API = NO
               SUPPRESS_WARNINGS = NO
               SWIFT_ACTIVE_COMPILATION_CONDITIONS =  
               SWIFT_COMPILATION_MODE = wholemodule
               SWIFT_EMIT_LOC_STRINGS = NO
               SWIFT_INSTALL_MODULE_FOR_DEPLOYMENT = YES
               SWIFT_INSTALL_OBJC_HEADER = YES
               SWIFT_OPTIMIZATION_LEVEL = -O
               SWIFT_PLATFORM_TARGET_PREFIX = ios
               SWIFT_RESPONSE_FILE_PATH_normal_x86_64 = /Users/otislewis/arena/build/ios/Pods.build/Release-iphonesimulator/image_picker_ios.build/Objects-normal/x86_64/image_picker_ios.SwiftFileList
               SWIFT_VERSION = 5.0
               SYMROOT = /Users/otislewis/arena/ios/build
               SYSTEM_ADMIN_APPS_DIR = /Applications/Utilities
               SYSTEM_APPS_DIR = /Applications
               SYSTEM_CORE_SERVICES_DIR = /System/Library/CoreServices
               SYSTEM_DEMOS_DIR = /Applications/Extras
               SYSTEM_DEVELOPER_APPS_DIR = /Applications/Xcode.app/Contents/Developer/Applications
               SYSTEM_DEVELOPER_BIN_DIR = /Applications/Xcode.app/Contents/Developer/usr/bin
               SYSTEM_DEVELOPER_DEMOS_DIR = /Applications/Xcode.app/Contents/Developer/Applications/Utilities/Built Examples
               SYSTEM_DEVELOPER_DIR = /Applications/Xcode.app/Contents/Developer
               SYSTEM_DEVELOPER_DOC_DIR = /Applications/Xcode.app/Contents/Developer/ADC Reference Library
               SYSTEM_DEVELOPER_GRAPHICS_TOOLS_DIR = /Applications/Xcode.app/Contents/Developer/Applications/Graphics Tools
               SYSTEM_DEVELOPER_JAVA_TOOLS_DIR = /Applications/Xcode.app/Contents/Developer/Applications/Java Tools
               SYSTEM_DEVELOPER_PERFORMANCE_TOOLS_DIR = /Applications/Xcode.app/Contents/Developer/Applications/Performance Tools
               SYSTEM_DEVELOPER_RELEASENOTES_DIR = /Applications/Xcode.app/Contents/Developer/ADC Reference Library/releasenotes
               SYSTEM_DEVELOPER_TOOLS = /Applications/Xcode.app/Contents/Developer/Tools
               SYSTEM_DEVELOPER_TOOLS_DOC_DIR = /Applications/Xcode.app/Contents/Developer/ADC Reference Library/documentation/DeveloperTools
               SYSTEM_DEVELOPER_TOOLS_RELEASENOTES_DIR = /Applications/Xcode.app/Contents/Developer/ADC Reference Library/releasenotes/DeveloperTools
               SYSTEM_DEVELOPER_USR_DIR = /Applications/Xcode.app/Contents/Developer/usr
               SYSTEM_DEVELOPER_UTILITIES_DIR = /Applications/Xcode.app/Contents/Developer/Applications/Utilities
               SYSTEM_DEXT_INSTALL_PATH = /System/Library/DriverExtensions
               SYSTEM_DOCUMENTATION_DIR = /Library/Documentation
               SYSTEM_EXTENSIONS_FOLDER_PATH = image_picker_ios.framework/SystemExtensions
               SYSTEM_EXTENSIONS_FOLDER_PATH_SHALLOW_BUNDLE_NO = image_picker_ios.framework/Library/SystemExtensions
               SYSTEM_EXTENSIONS_FOLDER_PATH_SHALLOW_BUNDLE_YES = image_picker_ios.framework/SystemExtensions
               SYSTEM_KEXT_INSTALL_PATH = /System/Library/Extensions
               SYSTEM_LIBRARY_DIR = /System/Library
               TAPI_DEMANGLE = YES
               TAPI_ENABLE_PROJECT_HEADERS = NO
               TAPI_LANGUAGE = objective-c
               TAPI_LANGUAGE_STANDARD = compiler-default
               TAPI_USE_SRCROOT = YES
               TAPI_VERIFY_MODE = Pedantic
               TARGETED_DEVICE_FAMILY = 1,2
               TARGETNAME = image_picker_ios
               TARGET_BUILD_DIR = /Users/otislewis/arena/build/ios/Release-iphonesimulator/image_picker_ios
               TARGET_NAME = image_picker_ios
               TARGET_TEMP_DIR = /Users/otislewis/arena/build/ios/Pods.build/Release-iphonesimulator/image_picker_ios.build
               TEMP_DIR = /Users/otislewis/arena/build/ios/Pods.build/Release-iphonesimulator/image_picker_ios.build
               TEMP_FILES_DIR = /Users/otislewis/arena/build/ios/Pods.build/Release-iphonesimulator/image_picker_ios.build
               TEMP_FILE_DIR = /Users/otislewis/arena/build/ios/Pods.build/Release-iphonesimulator/image_picker_ios.build
               TEMP_ROOT = /Users/otislewis/arena/build/ios
               TEMP_SANDBOX_DIR = /Users/otislewis/arena/build/ios/TemporaryTaskSandboxes
               TEST_FRAMEWORK_SEARCH_PATHS =  /Applications/Xcode.app/Contents/Developer/Platforms/iPhoneSimulator.platform/Developer/Library/Frameworks /Applications/Xcode.app/Contents/Developer/Platforms/iPhoneSimulator.platform/Developer/SDKs/iPhoneSimulator18.4.sdk/Developer/Library/Frameworks
               TEST_LIBRARY_SEARCH_PATHS =  /Applications/Xcode.app/Contents/Developer/Platforms/iPhoneSimulator.platform/Developer/usr/lib
               TOOLCHAINS = com.apple.dt.toolchain.XcodeDefault
               TOOLCHAIN_DIR = /Applications/Xcode.app/Contents/Developer/Toolchains/XcodeDefault.xctoolchain
               TREAT_MISSING_BASELINES_AS_TEST_FAILURES = NO
               TREAT_MISSING_SCRIPT_PHASE_OUTPUTS_AS_ERRORS = NO
               UID = 501
               UNINSTALLED_PRODUCTS_DIR = /Users/otislewis/arena/build/ios/UninstalledProducts
               UNLOCALIZED_RESOURCES_FOLDER_PATH = image_picker_ios.framework
               UNLOCALIZED_RESOURCES_FOLDER_PATH_SHALLOW_BUNDLE_NO = image_picker_ios.framework/Resources
               UNLOCALIZED_RESOURCES_FOLDER_PATH_SHALLOW_BUNDLE_YES = image_picker_ios.framework
               UNSTRIPPED_PRODUCT = NO
               USER = otislewis
               USER_APPS_DIR = /Users/otislewis/Applications
               USER_LIBRARY_DIR = /Users/otislewis/Library
               USE_DYNAMIC_NO_PIC = YES
               USE_HEADERMAP = YES
               USE_HEADER_SYMLINKS = NO
               USE_RECURSIVE_SCRIPT_INPUTS_IN_SCRIPT_PHASES = YES
               VALIDATE_DEVELOPMENT_ASSET_PATHS = YES_ERROR
               VALIDATE_PRODUCT = YES
               VALID_ARCHS = arm64 x86_64
               VERBOSE_PBXCP = NO
               VERSIONING_SYSTEM = apple-generic
               VERSIONPLIST_PATH = image_picker_ios.framework/version.plist
               VERSIONS_FOLDER_PATH = image_picker_ios.framework
               VERSIONS_FOLDER_PATH_SHALLOW_BUNDLE_NO = image_picker_ios.framework/Versions
               VERSIONS_FOLDER_PATH_SHALLOW_BUNDLE_YES = image_picker_ios.framework
               VERSION_INFO_BUILDER = otislewis
               VERSION_INFO_FILE = image_picker_ios_vers.c
               VERSION_INFO_STRING = "@(#)PROGRAM:image_picker_ios  PROJECT:Pods-1"
               WORKSPACE_DIR = /Users/otislewis/arena/ios/Pods/Pods.xcodeproj
               WRAPPER_EXTENSION = framework
               WRAPPER_NAME = image_picker_ios.framework
               WRAPPER_SUFFIX = .framework
               WRAP_ASSET_PACKS_IN_SEPARATE_DIRECTORIES = NO
               XCODE_APP_SUPPORT_DIR = /Applications/Xcode.app/Contents/Developer/Library/Xcode
               XCODE_PRODUCT_BUILD_VERSION = 16E140
               XCODE_VERSION_ACTUAL = 1630
               XCODE_VERSION_MAJOR = 1600
               XCODE_VERSION_MINOR = 1630
               XPCSERVICES_FOLDER_PATH = image_picker_ios.framework/XPCServices
               YACC = yacc
               _DISCOVER_COMMAND_LINE_LINKER_INPUTS = YES
               _DISCOVER_COMMAND_LINE_LINKER_INPUTS_INCLUDE_WL = YES
               _WRAPPER_CONTENTS_DIR_SHALLOW_BUNDLE_NO = /Contents
               _WRAPPER_PARENT_PATH_SHALLOW_BUNDLE_NO = /..
               _WRAPPER_RESOURCES_DIR_SHALLOW_BUNDLE_NO = /Resources
               __DIAGNOSE_DEPRECATED_ARCHS = YES
               arch = undefined_arch
               variant = normal

           Build settings for action build and target image_picker_ios-image_picker_ios_privacy:
               ACTION = build
               AD_HOC_CODE_SIGNING_ALLOWED = YES
               ALLOW_BUILD_REQUEST_OVERRIDES = NO
               ALLOW_TARGET_PLATFORM_SPECIALIZATION = NO
               ALTERNATE_GROUP = staff
               ALTERNATE_MODE = u+w,go-w,a+rX
               ALTERNATE_OWNER = otislewis
               ALTERNATIVE_DISTRIBUTION_WEB = NO
               ALWAYS_EMBED_SWIFT_STANDARD_LIBRARIES = NO
               ALWAYS_SEARCH_USER_PATHS = NO
               ALWAYS_USE_SEPARATE_HEADERMAPS = NO
               APPLICATION_EXTENSION_API_ONLY = NO
               APPLY_RULES_IN_COPY_FILES = NO
               APPLY_RULES_IN_COPY_HEADERS = NO
               APP_SHORTCUTS_ENABLE_FLEXIBLE_MATCHING = YES
               ARCHS_STANDARD = arm64 x86_64
               ARCHS_STANDARD_32_64_BIT = arm64 x86_64
               ARCHS_STANDARD_64_BIT = arm64 x86_64
               ARCHS_STANDARD_INCLUDING_64_BIT = arm64 x86_64
               ARCHS_UNIVERSAL_IPHONE_OS = arm64 x86_64
               AUTOMATICALLY_MERGE_DEPENDENCIES = NO
               AVAILABLE_PLATFORMS = android appletvos appletvsimulator driverkit iphoneos iphonesimulator macosx qnx watchos watchsimulator xros xrsimulator
               BITCODE_GENERATION_MODE = marker
               BUILD_ACTIVE_RESOURCES_ONLY = NO
               BUILD_COMPONENTS = headers build
               BUILD_DIR = /Users/otislewis/arena/build/ios
               BUILD_LIBRARY_FOR_DISTRIBUTION = NO
               BUILD_ROOT = /Users/otislewis/arena/ios/build
               BUILD_STYLE = 
               BUILD_VARIANTS = normal
               BUILT_PRODUCTS_DIR = /Users/otislewis/arena/build/ios/Release-iphonesimulator/image_picker_ios
               BUNDLE_CONTENTS_FOLDER_PATH_deep = Contents/
               BUNDLE_EXECUTABLE_FOLDER_NAME_deep = MacOS
               BUNDLE_EXTENSIONS_FOLDER_PATH = Extensions
               BUNDLE_FORMAT = shallow
               BUNDLE_FRAMEWORKS_FOLDER_PATH = Frameworks
               BUNDLE_PLUGINS_FOLDER_PATH = PlugIns
               BUNDLE_PRIVATE_HEADERS_FOLDER_PATH = PrivateHeaders
               BUNDLE_PUBLIC_HEADERS_FOLDER_PATH = Headers
               CACHE_ROOT = /var/folders/4y/xy3fflts0nqfk1tsxg0t3mmr0000gn/C/com.apple.DeveloperTools/16.3-16E140/Xcode
               CCHROOT = /var/folders/4y/xy3fflts0nqfk1tsxg0t3mmr0000gn/C/com.apple.DeveloperTools/16.3-16E140/Xcode
               CHMOD = /bin/chmod
               CHOWN = /usr/sbin/chown
               CLANG_ANALYZER_LOCALIZABILITY_NONLOCALIZED = YES
               CLANG_ANALYZER_NONNULL = YES
               CLANG_ANALYZER_NUMBER_OBJECT_CONVERSION = YES_AGGRESSIVE
               CLANG_CACHE_FINE_GRAINED_OUTPUTS = YES
               CLANG_CXX_LANGUAGE_STANDARD = gnu++14
               CLANG_CXX_LIBRARY = libc++
               CLANG_ENABLE_EXPLICIT_MODULES = YES
               CLANG_ENABLE_MODULES = YES
               CLANG_ENABLE_OBJC_ARC = YES
               CLANG_ENABLE_OBJC_WEAK = YES
               CLANG_MODULES_BUILD_SESSION_FILE = /var/folders/4y/xy3fflts0nqfk1tsxg0t3mmr0000gn/C/org.llvm.clang/ModuleCache.noindex/Session.modulevalidation
               CLANG_WARN_BLOCK_CAPTURE_AUTORELEASING = YES
               CLANG_WARN_BOOL_CONVERSION = YES
               CLANG_WARN_COMMA = YES
               CLANG_WARN_CONSTANT_CONVERSION = YES
               CLANG_WARN_DEPRECATED_OBJC_IMPLEMENTATIONS = YES
               CLANG_WARN_DIRECT_OBJC_ISA_USAGE = YES_ERROR
               CLANG_WARN_DOCUMENTATION_COMMENTS = YES
               CLANG_WARN_EMPTY_BODY = YES
               CLANG_WARN_ENUM_CONVERSION = YES
               CLANG_WARN_INFINITE_RECURSION = YES
               CLANG_WARN_INT_CONVERSION = YES
               CLANG_WARN_NON_LITERAL_NULL_CONVERSION = YES
               CLANG_WARN_OBJC_IMPLICIT_RETAIN_SELF = YES
               CLANG_WARN_OBJC_LITERAL_CONVERSION = YES
               CLANG_WARN_OBJC_ROOT_CLASS = YES_ERROR
               CLANG_WARN_QUOTED_INCLUDE_IN_FRAMEWORK_HEADER = NO
               CLANG_WARN_RANGE_LOOP_ANALYSIS = YES
               CLANG_WARN_STRICT_PROTOTYPES = YES
               CLANG_WARN_SUSPICIOUS_MOVE = YES
               CLANG_WARN_UNGUARDED_AVAILABILITY = YES_AGGRESSIVE
               CLANG_WARN_UNREACHABLE_CODE = YES
               CLANG_WARN__DUPLICATE_METHOD_MATCH = YES
               CLASS_FILE_DIR = /Users/otislewis/arena/build/ios/Pods.build/Release-iphonesimulator/image_picker_ios-image_picker_ios_privacy.build/JavaClasses
               CLEAN_PRECOMPS = YES
               CLONE_HEADERS = NO
               CODESIGNING_FOLDER_PATH = /Users/otislewis/arena/build/ios/Release-iphonesimulator/image_picker_ios/image_picker_ios_privacy.bundle
               CODE_SIGNING_ALLOWED = NO
               CODE_SIGNING_IDENTITY = -
               CODE_SIGNING_REQUIRED = NO
               CODE_SIGN_CONTEXT_CLASS = XCiPhoneSimulatorCodeSignContext
               CODE_SIGN_IDENTITY = -
               CODE_SIGN_INJECT_BASE_ENTITLEMENTS = YES
               COLOR_DIAGNOSTICS = NO
               COMBINE_HIDPI_IMAGES = NO
               COMPILATION_CACHE_CAS_PATH = /var/folders/4y/xy3fflts0nqfk1tsxg0t3mmr0000gn/C/com.apple.DeveloperTools/16.3-16E140/Xcode/CompilationCache.noindex
               COMPILATION_CACHE_KEEP_CAS_DIRECTORY = YES
               COMPILER_INDEX_STORE_ENABLE = Default
               COMPOSITE_SDK_DIRS = /Users/otislewis/arena/build/ios/CompositeSDKs
               COMPRESS_PNG_FILES = YES
               CONFIGURATION = Release
               CONFIGURATION_BUILD_DIR = /Users/otislewis/arena/build/ios/Release-iphonesimulator/image_picker_ios
               CONFIGURATION_TEMP_DIR = /Users/otislewis/arena/build/ios/Pods.build/Release-iphonesimulator
               CONTENTS_FOLDER_PATH = image_picker_ios_privacy.bundle
               CONTENTS_FOLDER_PATH_SHALLOW_BUNDLE_NO = image_picker_ios_privacy.bundle/Contents
               CONTENTS_FOLDER_PATH_SHALLOW_BUNDLE_YES = image_picker_ios_privacy.bundle
               COPYING_PRESERVES_HFS_DATA = NO
               COPY_HEADERS_RUN_UNIFDEF = NO
               COPY_PHASE_STRIP = NO
               CORRESPONDING_DEVICE_PLATFORM_DIR = /Applications/Xcode.app/Contents/Developer/Platforms/iPhoneOS.platform
               CORRESPONDING_DEVICE_PLATFORM_NAME = iphoneos
               CORRESPONDING_DEVICE_SDK_DIR = /Applications/Xcode.app/Contents/Developer/Platforms/iPhoneOS.platform/Developer/SDKs/iPhoneOS18.4.sdk
               CORRESPONDING_DEVICE_SDK_NAME = iphoneos18.4
               CP = /bin/cp
               CREATE_INFOPLIST_SECTION_IN_BINARY = NO
               CURRENT_ARCH = undefined_arch
               CURRENT_VARIANT = normal
               DEAD_CODE_STRIPPING = YES
               DEBUGGING_SYMBOLS = YES
               DEBUG_INFORMATION_FORMAT = dwarf-with-dsym
               DEBUG_INFORMATION_VERSION = compiler-default
               DEFAULT_COMPILER = com.apple.compilers.llvm.clang.1_0
               DEFAULT_DEXT_INSTALL_PATH = /System/Library/DriverExtensions
               DEFAULT_KEXT_INSTALL_PATH = /System/Library/Extensions
               DEFINES_MODULE = YES
               DEPLOYMENT_LOCATION = NO
               DEPLOYMENT_POSTPROCESSING = NO
               DEPLOYMENT_TARGET_SETTING_NAME = IPHONEOS_DEPLOYMENT_TARGET
               DEPLOYMENT_TARGET_SUGGESTED_VALUES = 12.0 12.1 12.2 12.3 12.4 13.0 13.1 13.2 13.3 13.4 13.5 13.6 14.0 14.1 14.2 14.3 14.4 14.5 14.6 14.7 15.0 15.1 15.2 15.3 15.4 15.5 15.6 16.0 16.1 16.2 16.3 16.4 16.5 16.6 17.0 17.1 17.2 17.3 17.4 17.5 17.6 18.0 18.1 18.2 18.3 18.4
               DERIVED_FILES_DIR = /Users/otislewis/arena/build/ios/Pods.build/Release-iphonesimulator/image_picker_ios-image_picker_ios_privacy.build/DerivedSources
               DERIVED_FILE_DIR = /Users/otislewis/arena/build/ios/Pods.build/Release-iphonesimulator/image_picker_ios-image_picker_ios_privacy.build/DerivedSources
               DERIVED_SOURCES_DIR = /Users/otislewis/arena/build/ios/Pods.build/Release-iphonesimulator/image_picker_ios-image_picker_ios_privacy.build/DerivedSources
               DEVELOPER_APPLICATIONS_DIR = /Applications/Xcode.app/Contents/Developer/Applications
               DEVELOPER_BIN_DIR = /Applications/Xcode.app/Contents/Developer/usr/bin
               DEVELOPER_DIR = /Applications/Xcode.app/Contents/Developer
               DEVELOPER_FRAMEWORKS_DIR = /Applications/Xcode.app/Contents/Developer/Library/Frameworks
               DEVELOPER_FRAMEWORKS_DIR_QUOTED = /Applications/Xcode.app/Contents/Developer/Library/Frameworks
               DEVELOPER_LIBRARY_DIR = /Applications/Xcode.app/Contents/Developer/Library
               DEVELOPER_SDK_DIR = /Applications/Xcode.app/Contents/Developer/Platforms/MacOSX.platform/Developer/SDKs
               DEVELOPER_TOOLS_DIR = /Applications/Xcode.app/Contents/Developer/Tools
               DEVELOPER_USR_DIR = /Applications/Xcode.app/Contents/Developer/usr
               DEVELOPMENT_LANGUAGE = en
               DIAGNOSE_MISSING_TARGET_DEPENDENCIES = YES
               DIFF = /usr/bin/diff
               DOCUMENTATION_FOLDER_PATH = image_picker_ios_privacy.bundle/en.lproj/Documentation
               DONT_GENERATE_INFOPLIST_FILE = NO
               DSTROOT = /tmp/Pods.dst
               DT_TOOLCHAIN_DIR = /Applications/Xcode.app/Contents/Developer/Toolchains/XcodeDefault.xctoolchain
               DWARF_DSYM_FILE_NAME = image_picker_ios_privacy.bundle.dSYM
               DWARF_DSYM_FILE_SHOULD_ACCOMPANY_PRODUCT = NO
               DWARF_DSYM_FOLDER_PATH = /Users/otislewis/arena/build/ios/Release-iphonesimulator/image_picker_ios
               DYNAMIC_LIBRARY_EXTENSION = dylib
               EAGER_COMPILATION_ALLOW_SCRIPTS = NO
               EAGER_LINKING = NO
               EFFECTIVE_PLATFORM_NAME = -iphonesimulator
               EMBEDDED_CONTENT_CONTAINS_SWIFT = NO
               EMBED_ASSET_PACKS_IN_PRODUCT_BUNDLE = NO
               ENABLE_APP_SANDBOX = NO
               ENABLE_BITCODE = NO
               ENABLE_CODE_COVERAGE = YES
               ENABLE_DEFAULT_HEADER_SEARCH_PATHS = YES
               ENABLE_DEFAULT_SEARCH_PATHS = YES
               ENABLE_HARDENED_RUNTIME = NO
               ENABLE_HEADER_DEPENDENCIES = YES
               ENABLE_INCOMING_NETWORK_CONNECTIONS = NO
               ENABLE_NS_ASSERTIONS = NO
               ENABLE_ON_DEMAND_RESOURCES = NO
               ENABLE_OUTGOING_NETWORK_CONNECTIONS = NO
               ENABLE_RESOURCE_ACCESS_AUDIO_INPUT = NO
               ENABLE_RESOURCE_ACCESS_BLUETOOTH = NO
               ENABLE_RESOURCE_ACCESS_CALENDARS = NO
               ENABLE_RESOURCE_ACCESS_CAMERA = NO
               ENABLE_RESOURCE_ACCESS_CONTACTS = NO
               ENABLE_RESOURCE_ACCESS_LOCATION = NO
               ENABLE_RESOURCE_ACCESS_PRINTING = NO
               ENABLE_RESOURCE_ACCESS_USB = NO
               ENABLE_SDK_IMPORTS = NO
               ENABLE_STRICT_OBJC_MSGSEND = YES
               ENABLE_TESTABILITY = NO
               ENABLE_TESTING_SEARCH_PATHS = NO
               ENABLE_USER_SCRIPT_SANDBOXING = NO
               ENFORCE_VALID_ARCHS = YES
               ENTITLEMENTS_DESTINATION = __entitlements
               ENTITLEMENTS_REQUIRED = NO
               EXCLUDED_ARCHS = arm64
               EXCLUDED_INSTALLSRC_SUBDIRECTORY_PATTERNS = .DS_Store .svn .git .hg CVS
               EXCLUDED_RECURSIVE_SEARCH_PATH_SUBDIRECTORIES = *.nib *.lproj *.framework *.gch *.xcode* *.xcassets (*) .DS_Store CVS .svn .git .hg *.pbproj *.pbxproj
               EXECUTABLES_FOLDER_PATH = image_picker_ios_privacy.bundle/Executables
               EXECUTABLE_FOLDER_PATH = image_picker_ios_privacy.bundle
               EXECUTABLE_FOLDER_PATH_SHALLOW_BUNDLE_NO = image_picker_ios_privacy.bundle/MacOS
               EXECUTABLE_FOLDER_PATH_SHALLOW_BUNDLE_YES = image_picker_ios_privacy.bundle
               EXECUTABLE_NAME = image_picker_ios_privacy
               EXECUTABLE_PATH = image_picker_ios_privacy.bundle/image_picker_ios_privacy
               EXPANDED_CODE_SIGN_IDENTITY = -
               EXTENSIONS_FOLDER_PATH = image_picker_ios_privacy.bundle/Extensions
               FILE_LIST = /Users/otislewis/arena/build/ios/Pods.build/Release-iphonesimulator/image_picker_ios-image_picker_ios_privacy.build/Objects/LinkFileList
               FIXED_FILES_DIR = /Users/otislewis/arena/build/ios/Pods.build/Release-iphonesimulator/image_picker_ios-image_picker_ios_privacy.build/FixedFiles
               FRAMEWORKS_FOLDER_PATH = image_picker_ios_privacy.bundle/Frameworks
               FRAMEWORK_FLAG_PREFIX = -framework
               FRAMEWORK_SEARCH_PATHS = /Users/otislewis/arena/build/ios/Release-iphonesimulator/image_picker_ios 
               FRAMEWORK_VERSION = A
               FULL_PRODUCT_NAME = image_picker_ios_privacy.bundle
               FUSE_BUILD_PHASES = YES
               FUSE_BUILD_SCRIPT_PHASES = NO
               GCC3_VERSION = 3.3
               GCC_C_LANGUAGE_STANDARD = gnu11
               GCC_INLINES_ARE_PRIVATE_EXTERN = YES
               GCC_NO_COMMON_BLOCKS = YES
               GCC_OBJC_LEGACY_DISPATCH = YES
               GCC_PFE_FILE_C_DIALECTS = c objective-c c++ objective-c++
               GCC_PREPROCESSOR_DEFINITIONS = POD_CONFIGURATION_RELEASE=1  COCOAPODS=1
               GCC_TREAT_WARNINGS_AS_ERRORS = NO
               GCC_VERSION = com.apple.compilers.llvm.clang.1_0
               GCC_VERSION_IDENTIFIER = com_apple_compilers_llvm_clang_1_0
               GCC_WARN_64_TO_32_BIT_CONVERSION = YES
               GCC_WARN_ABOUT_RETURN_TYPE = YES_ERROR
               GCC_WARN_UNDECLARED_SELECTOR = YES
               GCC_WARN_UNINITIALIZED_AUTOS = YES_AGGRESSIVE
               GCC_WARN_UNUSED_FUNCTION = YES
               GCC_WARN_UNUSED_VARIABLE = YES
               GENERATED_MODULEMAP_DIR = /Users/otislewis/arena/build/ios/GeneratedModuleMaps-iphonesimulator
               GENERATE_INFOPLIST_FILE = NO
               GENERATE_INTERMEDIATE_TEXT_BASED_STUBS = YES
               GENERATE_MASTER_OBJECT_FILE = NO
               GENERATE_PKGINFO_FILE = NO
               GENERATE_PROFILING_CODE = NO
               GENERATE_TEXT_BASED_STUBS = NO
               GID = 20
               GROUP = staff
               HEADERMAP_INCLUDES_FLAT_ENTRIES_FOR_TARGET_BEING_BUILT = YES
               HEADERMAP_INCLUDES_FRAMEWORK_ENTRIES_FOR_ALL_PRODUCT_TYPES = YES
               HEADERMAP_INCLUDES_FRAMEWORK_ENTRIES_FOR_TARGETS_NOT_BEING_BUILT = YES
               HEADERMAP_INCLUDES_NONPUBLIC_NONPRIVATE_HEADERS = YES
               HEADERMAP_INCLUDES_PROJECT_HEADERS = YES
               HEADERMAP_USES_FRAMEWORK_PREFIX_ENTRIES = YES
               HEADERMAP_USES_VFS = YES
               HEADER_SEARCH_PATHS = /Users/otislewis/arena/build/ios/Release-iphonesimulator/image_picker_ios/include 
               HIDE_BITCODE_SYMBOLS = YES
               HOME = /Users/otislewis
               HOST_ARCH = arm64
               HOST_PLATFORM = macosx
               IBSC_MODULE = image_picker_ios
               ICONV = /usr/bin/iconv
               IMPLICIT_DEPENDENCY_DOMAIN = default
               INFOPLIST_ENABLE_CFBUNDLEICONS_MERGE = YES
               INFOPLIST_EXPAND_BUILD_SETTINGS = YES
               INFOPLIST_FILE = Target Support Files/image_picker_ios/ResourceBundle-image_picker_ios_privacy-image_picker_ios-Info.plist
               INFOPLIST_OUTPUT_FORMAT = binary
               INFOPLIST_PATH = image_picker_ios_privacy.bundle/Info.plist
               INFOPLIST_PREPROCESS = NO
               INFOSTRINGS_PATH = image_picker_ios_privacy.bundle/en.lproj/InfoPlist.strings
               INLINE_PRIVATE_FRAMEWORKS = NO
               INSTALLAPI_IGNORE_SKIP_INSTALL = YES
               INSTALLHDRS_COPY_PHASE = NO
               INSTALLHDRS_SCRIPT_PHASE = NO
               INSTALL_DIR = /tmp/Pods.dst
               INSTALL_GROUP = staff
               INSTALL_MODE_FLAG = u+w,go-w,a+rX
               INSTALL_OWNER = otislewis
               INSTALL_ROOT = /tmp/Pods.dst
               IPHONEOS_DEPLOYMENT_TARGET = 13.0
               IS_UNOPTIMIZED_BUILD = NO
               JAVAC_DEFAULT_FLAGS = -J-Xms64m -J-XX:NewSize=4M -J-Dfile.encoding=UTF8
               JAVA_APP_STUB = /System/Library/Frameworks/JavaVM.framework/Resources/MacOS/JavaApplicationStub
               JAVA_ARCHIVE_CLASSES = YES
               JAVA_ARCHIVE_TYPE = JAR
               JAVA_COMPILER = /usr/bin/javac
               JAVA_FOLDER_PATH = image_picker_ios_privacy.bundle/Java
               JAVA_FRAMEWORK_RESOURCES_DIRS = Resources
               JAVA_JAR_FLAGS = cv
               JAVA_SOURCE_SUBDIR = .
               JAVA_USE_DEPENDENCIES = YES
               JAVA_ZIP_FLAGS = -urg
               JIKES_DEFAULT_FLAGS = +E +OLDCSO
               KEEP_PRIVATE_EXTERNS = NO
               LD_DEPENDENCY_INFO_FILE = /Users/otislewis/arena/build/ios/Pods.build/Release-iphonesimulator/image_picker_ios-image_picker_ios_privacy.build/Objects-normal/undefined_arch/image_picker_ios_privacy_dependency_info.dat
               LD_EXPORT_SYMBOLS = YES
               LD_GENERATE_MAP_FILE = NO
               LD_MAP_FILE_PATH = /Users/otislewis/arena/build/ios/Pods.build/Release-iphonesimulator/image_picker_ios-image_picker_ios_privacy.build/image_picker_ios_privacy-LinkMap-normal-undefined_arch.txt
               LD_NO_PIE = NO
               LD_QUOTE_LINKER_ARGUMENTS_FOR_COMPILER_DRIVER = YES
               LD_SHARED_CACHE_ELIGIBLE = Automatic
               LD_WARN_DUPLICATE_LIBRARIES = NO
               LD_WARN_UNUSED_DYLIBS = NO
               LEGACY_DEVELOPER_DIR = /Applications/Xcode.app/Contents/PlugIns/Xcode3Core.ideplugin/Contents/SharedSupport/Developer
               LEX = lex
               LIBRARY_DEXT_INSTALL_PATH = /Library/DriverExtensions
               LIBRARY_FLAG_NOSPACE = YES
               LIBRARY_FLAG_PREFIX = -l
               LIBRARY_KEXT_INSTALL_PATH = /Library/Extensions
               LIBRARY_SEARCH_PATHS = /Users/otislewis/arena/build/ios/Release-iphonesimulator/image_picker_ios 
               LINKER_DISPLAYS_MANGLED_NAMES = NO
               LINK_OBJC_RUNTIME = YES
               LINK_WITH_STANDARD_LIBRARIES = YES
               LLVM_TARGET_TRIPLE_OS_VERSION = ios13.0
               LLVM_TARGET_TRIPLE_SUFFIX = -simulator
               LLVM_TARGET_TRIPLE_VENDOR = apple
               LOCALIZATION_EXPORT_SUPPORTED = YES
               LOCALIZATION_PREFERS_STRING_CATALOGS = NO
               LOCALIZED_RESOURCES_FOLDER_PATH = image_picker_ios_privacy.bundle/en.lproj
               LOCALIZED_STRING_MACRO_NAMES = NSLocalizedString CFCopyLocalizedString
               LOCALIZED_STRING_SWIFTUI_SUPPORT = YES
               LOCAL_ADMIN_APPS_DIR = /Applications/Utilities
               LOCAL_APPS_DIR = /Applications
               LOCAL_DEVELOPER_DIR = /Library/Developer
               LOCAL_LIBRARY_DIR = /Library
               LOCROOT = /Users/otislewis/arena/ios/Pods
               LOCSYMROOT = /Users/otislewis/arena/ios/Pods
               MACH_O_TYPE = mh_bundle
               MAC_OS_X_PRODUCT_BUILD_VERSION = 24F74
               MAC_OS_X_VERSION_ACTUAL = 150500
               MAC_OS_X_VERSION_MAJOR = 150000
               MAC_OS_X_VERSION_MINOR = 150500
               MAKE_MERGEABLE = NO
               MERGEABLE_LIBRARY = NO
               MERGED_BINARY_TYPE = none
               MERGE_LINKED_LIBRARIES = NO
               METAL_LIBRARY_FILE_BASE = default
               METAL_LIBRARY_OUTPUT_DIR = /Users/otislewis/arena/build/ios/Release-iphonesimulator/image_picker_ios/image_picker_ios_privacy.bundle
               MODULES_FOLDER_PATH = image_picker_ios_privacy.bundle/Modules
               MTL_ENABLE_DEBUG_INFO = NO
               MTL_FAST_MATH = YES
               NATIVE_ARCH = arm64
               NATIVE_ARCH_32_BIT = arm
               NATIVE_ARCH_64_BIT = arm64
               NATIVE_ARCH_ACTUAL = arm64
               NO_COMMON = YES
               OBJC_ABI_VERSION = 2
               OBJECT_FILE_DIR = /Users/otislewis/arena/build/ios/Pods.build/Release-iphonesimulator/image_picker_ios-image_picker_ios_privacy.build/Objects
               OBJECT_FILE_DIR_normal = /Users/otislewis/arena/build/ios/Pods.build/Release-iphonesimulator/image_picker_ios-image_picker_ios_privacy.build/Objects-normal
               OBJROOT = /Users/otislewis/arena/build/ios
               ONLY_ACTIVE_ARCH = NO
               OS = MACOS
               OSAC = /usr/bin/osacompile
               PACKAGE_TYPE = com.apple.package-type.wrapper
               PASCAL_STRINGS = YES
               PATH = /Applications/Xcode.app/Contents/SharedFrameworks/SwiftBuild.framework/Versions/A/PlugIns/SWBBuildService.bundle/Contents/PlugIns/SWBUniversalPlatformPlugin.bundle/Contents/Frameworks/SWBUniversalPlatform.framework/Resources:/Applications/Xcode.app/Contents/Developer/Toolchains/XcodeDefault.xctoolchain/usr/bin:/Applications/Xcode.app/Contents/Developer/Toolchains/XcodeDefault.xctoolchain/usr/local/bin:/Applications/Xcode.app/Contents/Developer/Toolchains/XcodeDefault.xctoolchain/usr/libexec:/Applications/Xcode.app/Contents/Developer/Platforms/iPhoneSimulator.platform/usr/bin:/Applications/Xcode.app/Contents/Developer/Platforms/iPhoneSimulator.platform/usr/local/bin:/Applications/Xcode.app/Contents/Developer/Platforms/iPhoneSimulator.platform/Developer/usr/bin:/Applications/Xcode.app/Contents/Developer/Platforms/iPhoneSimulator.platform/Developer/usr/local/bin:/Applications/Xcode.app/Contents/Developer/usr/bin:/Applications/Xcode.app/Contents/Developer/usr/local/bin:/Users/otislewis/.gem/ruby/3.3.0/bin:/opt/homebrew/bin:/opt/homebrew/sbin:/usr/local/bin:/System/Cryptexes/App/usr/bin:/usr/bin:/bin:/usr/sbin:/sbin:/var/run/com.apple.security.cryptexd/codex.system/bootstrap/usr/local/bin:/var/run/com.apple.security.cryptexd/codex.system/bootstrap/usr/bin:/var/run/com.apple.security.cryptexd/codex.system/bootstrap/usr/appleinternal/bin:/Library/Apple/usr/bin:/opt/homebrew/Caskroom/flutter/3.32.0/flutter/bin:/Users/otislewis/Library/Android/sdk/emulator:/Users/otislewis/Library/Android/sdk/tools:/Users/otislewis/Library/Android/sdk/tools/bin:/Users/otislewis/Library/Android/sdk/platform-tools:/opt/homebrew/Caskroom/flutter/3.32.0/flutter/bin/cache/dart-sdk/bin
               PATH_PREFIXES_EXCLUDED_FROM_HEADER_DEPENDENCIES = /usr/include /usr/local/include /System/Library/Frameworks /System/Library/PrivateFrameworks /Applications/Xcode.app/Contents/Developer/Headers /Applications/Xcode.app/Contents/Developer/SDKs /Applications/Xcode.app/Contents/Developer/Platforms
               PBDEVELOPMENTPLIST_PATH = image_picker_ios_privacy.bundle/pbdevelopment.plist
               PER_ARCH_MODULE_FILE_DIR = /Users/otislewis/arena/build/ios/Pods.build/Release-iphonesimulator/image_picker_ios-image_picker_ios_privacy.build/Objects-normal/undefined_arch
               PER_ARCH_OBJECT_FILE_DIR = /Users/otislewis/arena/build/ios/Pods.build/Release-iphonesimulator/image_picker_ios-image_picker_ios_privacy.build/Objects-normal/undefined_arch
               PER_VARIANT_OBJECT_FILE_DIR = /Users/otislewis/arena/build/ios/Pods.build/Release-iphonesimulator/image_picker_ios-image_picker_ios_privacy.build/Objects-normal
               PKGINFO_FILE_PATH = /Users/otislewis/arena/build/ios/Pods.build/Release-iphonesimulator/image_picker_ios-image_picker_ios_privacy.build/PkgInfo
               PKGINFO_PATH = image_picker_ios_privacy.bundle/PkgInfo
               PLATFORM_DEVELOPER_APPLICATIONS_DIR = /Applications/Xcode.app/Contents/Developer/Platforms/iPhoneSimulator.platform/Developer/Applications
               PLATFORM_DEVELOPER_BIN_DIR = /Applications/Xcode.app/Contents/Developer/Platforms/iPhoneSimulator.platform/Developer/usr/bin
               PLATFORM_DEVELOPER_LIBRARY_DIR = /Applications/Xcode.app/Contents/Developer/Platforms/iPhoneSimulator.platform/Developer/Library
               PLATFORM_DEVELOPER_SDK_DIR = /Applications/Xcode.app/Contents/Developer/Platforms/iPhoneSimulator.platform/Developer/SDKs
               PLATFORM_DEVELOPER_TOOLS_DIR = /Applications/Xcode.app/Contents/Developer/Platforms/iPhoneSimulator.platform/Developer/Tools
               PLATFORM_DEVELOPER_USR_DIR = /Applications/Xcode.app/Contents/Developer/Platforms/iPhoneSimulator.platform/Developer/usr
               PLATFORM_DIR = /Applications/Xcode.app/Contents/Developer/Platforms/iPhoneSimulator.platform
               PLATFORM_DISPLAY_NAME = iOS Simulator
               PLATFORM_FAMILY_NAME = iOS
               PLATFORM_NAME = iphonesimulator
               PLATFORM_PREFERRED_ARCH = x86_64
               PLATFORM_PRODUCT_BUILD_VERSION = 22E235
               PLATFORM_REQUIRES_SWIFT_AUTOLINK_EXTRACT = NO
               PLATFORM_REQUIRES_SWIFT_MODULEWRAP = NO
               PLIST_FILE_OUTPUT_FORMAT = binary
               PLUGINS_FOLDER_PATH = image_picker_ios_privacy.bundle/PlugIns
               PODS_BUILD_DIR = /Users/otislewis/arena/build/ios
               PODS_CONFIGURATION_BUILD_DIR = /Users/otislewis/arena/build/ios/Release-iphonesimulator
               PODS_DEVELOPMENT_LANGUAGE = en
               PODS_ROOT = /Users/otislewis/arena/ios/Pods
               PODS_TARGET_SRCROOT = /Users/otislewis/arena/ios/Pods/../.symlinks/plugins/image_picker_ios/ios
               PODS_XCFRAMEWORKS_BUILD_DIR = /Users/otislewis/arena/build/ios/Release-iphonesimulator/XCFrameworkIntermediates
               PRECOMPS_INCLUDE_HEADERS_FROM_BUILT_PRODUCTS_DIR = YES
               PRECOMP_DESTINATION_DIR = /Users/otislewis/arena/build/ios/Pods.build/Release-iphonesimulator/image_picker_ios-image_picker_ios_privacy.build/PrefixHeaders
               PRIVATE_HEADERS_FOLDER_PATH = image_picker_ios_privacy.bundle/PrivateHeaders
               PROCESSED_INFOPLIST_PATH = /Users/otislewis/arena/build/ios/Pods.build/Release-iphonesimulator/image_picker_ios-image_picker_ios_privacy.build/Objects-normal/undefined_arch/Processed-Info.plist
               PRODUCT_BUNDLE_IDENTIFIER = org.cocoapods.image-picker-ios-privacy
               PRODUCT_BUNDLE_PACKAGE_TYPE = BNDL
               PRODUCT_MODULE_NAME = image_picker_ios_privacy
               PRODUCT_NAME = image_picker_ios_privacy
               PRODUCT_SETTINGS_PATH = /Users/otislewis/arena/ios/Pods/Target Support Files/image_picker_ios/ResourceBundle-image_picker_ios_privacy-image_picker_ios-Info.plist
               PRODUCT_TYPE = com.apple.product-type.bundle
               PROFILING_CODE = NO
               PROJECT = Pods
               PROJECT_DERIVED_FILE_DIR = /Users/otislewis/arena/build/ios/Pods.build/DerivedSources
               PROJECT_DIR = /Users/otislewis/arena/ios/Pods
               PROJECT_FILE_PATH = /Users/otislewis/arena/ios/Pods/Pods.xcodeproj
               PROJECT_GUID = bfdfe7dc352907fc980b868725387e98
               PROJECT_NAME = Pods
               PROJECT_TEMP_DIR = /Users/otislewis/arena/build/ios/Pods.build
               PROJECT_TEMP_ROOT = /Users/otislewis/arena/build/ios
               PUBLIC_HEADERS_FOLDER_PATH = image_picker_ios_privacy.bundle/Headers
               RECOMMENDED_IPHONEOS_DEPLOYMENT_TARGET = 15.0
               RECURSIVE_SEARCH_PATHS_FOLLOW_SYMLINKS = YES
               REMOVE_CVS_FROM_RESOURCES = YES
               REMOVE_GIT_FROM_RESOURCES = YES
               REMOVE_HEADERS_FROM_EMBEDDED_BUNDLES = YES
               REMOVE_HG_FROM_RESOURCES = YES
               REMOVE_STATIC_EXECUTABLES_FROM_EMBEDDED_BUNDLES = YES
               REMOVE_SVN_FROM_RESOURCES = YES
               RESCHEDULE_INDEPENDENT_HEADERS_PHASES = YES
               REZ_COLLECTOR_DIR = /Users/otislewis/arena/build/ios/Pods.build/Release-iphonesimulator/image_picker_ios-image_picker_ios_privacy.build/ResourceManagerResources
               REZ_OBJECTS_DIR = /Users/otislewis/arena/build/ios/Pods.build/Release-iphonesimulator/image_picker_ios-image_picker_ios_privacy.build/ResourceManagerResources/Objects
               REZ_SEARCH_PATHS = /Users/otislewis/arena/build/ios/Release-iphonesimulator/image_picker_ios 
               SCAN_ALL_SOURCE_FILES_FOR_INCLUDES = NO
               SCRIPTS_FOLDER_PATH = image_picker_ios_privacy.bundle/Scripts
               SDKROOT = /Applications/Xcode.app/Contents/Developer/Platforms/iPhoneSimulator.platform/Developer/SDKs/iPhoneSimulator18.4.sdk
               SDK_DIR = /Applications/Xcode.app/Contents/Developer/Platforms/iPhoneSimulator.platform/Developer/SDKs/iPhoneSimulator18.4.sdk
               SDK_DIR_iphonesimulator = /Applications/Xcode.app/Contents/Developer/Platforms/iPhoneSimulator.platform/Developer/SDKs/iPhoneSimulator18.4.sdk
               SDK_DIR_iphonesimulator18_4 = /Applications/Xcode.app/Contents/Developer/Platforms/iPhoneSimulator.platform/Developer/SDKs/iPhoneSimulator18.4.sdk
               SDK_NAME = iphonesimulator18.4
               SDK_NAMES = iphonesimulator18.4
               SDK_PRODUCT_BUILD_VERSION = 22E235
               SDK_STAT_CACHE_DIR = /var/folders/4y/xy3fflts0nqfk1tsxg0t3mmr0000gn/C/com.apple.DeveloperTools/16.3-16E140/Xcode
               SDK_STAT_CACHE_ENABLE = YES
               SDK_STAT_CACHE_PATH = /var/folders/4y/xy3fflts0nqfk1tsxg0t3mmr0000gn/C/com.apple.DeveloperTools/16.3-16E140/Xcode/SDKStatCaches.noindex/iphonesimulator18.4-22E235-71825a6d136aa4733edcbe86ece5525b.sdkstatcache
               SDK_VERSION = 18.4
               SDK_VERSION_ACTUAL = 180400
               SDK_VERSION_MAJOR = 180000
               SDK_VERSION_MINOR = 180400
               SED = /usr/bin/sed
               SEPARATE_STRIP = NO
               SEPARATE_SYMBOL_EDIT = NO
               SET_DIR_MODE_OWNER_GROUP = YES
               SET_FILE_MODE_OWNER_GROUP = NO
               SHALLOW_BUNDLE = YES
               SHALLOW_BUNDLE_TRIPLE = ios-simulator
               SHALLOW_BUNDLE_ios_macabi = NO
               SHALLOW_BUNDLE_macos = NO
               SHARED_DERIVED_FILE_DIR = /Users/otislewis/arena/build/ios/Release-iphonesimulator/image_picker_ios/DerivedSources
               SHARED_FRAMEWORKS_FOLDER_PATH = image_picker_ios_privacy.bundle/SharedFrameworks
               SHARED_PRECOMPS_DIR = /Users/otislewis/arena/build/ios/SharedPrecompiledHeaders
               SHARED_SUPPORT_FOLDER_PATH = image_picker_ios_privacy.bundle/SharedSupport
               SKIP_INSTALL = YES
               SOURCE_ROOT = /Users/otislewis/arena/ios/Pods
               SRCROOT = /Users/otislewis/arena/ios/Pods
               STRINGSDATA_DIR = /Users/otislewis/arena/build/ios/Pods.build/Release-iphonesimulator/image_picker_ios-image_picker_ios_privacy.build/Objects-normal/undefined_arch
               STRINGSDATA_ROOT = /Users/otislewis/arena/build/ios/Pods.build/Release-iphonesimulator/image_picker_ios-image_picker_ios_privacy.build
               STRINGS_FILE_INFOPLIST_RENAME = YES
               STRINGS_FILE_OUTPUT_ENCODING = binary
               STRIP_BITCODE_FROM_COPIED_FILES = NO
               STRIP_INSTALLED_PRODUCT = NO
               STRIP_STYLE = non-global
               STRIP_SWIFT_SYMBOLS = YES
               SUPPORTED_DEVICE_FAMILIES = 1,2
               SUPPORTED_PLATFORMS = iphoneos iphonesimulator
               SUPPORTS_TEXT_BASED_API = NO
               SUPPRESS_WARNINGS = NO
               SWIFT_COMPILATION_MODE = wholemodule
               SWIFT_EMIT_LOC_STRINGS = NO
               SWIFT_OPTIMIZATION_LEVEL = -O
               SWIFT_PLATFORM_TARGET_PREFIX = ios
               SWIFT_VERSION = 5.0
               SYMROOT = /Users/otislewis/arena/ios/build
               SYSTEM_ADMIN_APPS_DIR = /Applications/Utilities
               SYSTEM_APPS_DIR = /Applications
               SYSTEM_CORE_SERVICES_DIR = /System/Library/CoreServices
               SYSTEM_DEMOS_DIR = /Applications/Extras
               SYSTEM_DEVELOPER_APPS_DIR = /Applications/Xcode.app/Contents/Developer/Applications
               SYSTEM_DEVELOPER_BIN_DIR = /Applications/Xcode.app/Contents/Developer/usr/bin
               SYSTEM_DEVELOPER_DEMOS_DIR = /Applications/Xcode.app/Contents/Developer/Applications/Utilities/Built Examples
               SYSTEM_DEVELOPER_DIR = /Applications/Xcode.app/Contents/Developer
               SYSTEM_DEVELOPER_DOC_DIR = /Applications/Xcode.app/Contents/Developer/ADC Reference Library
               SYSTEM_DEVELOPER_GRAPHICS_TOOLS_DIR = /Applications/Xcode.app/Contents/Developer/Applications/Graphics Tools
               SYSTEM_DEVELOPER_JAVA_TOOLS_DIR = /Applications/Xcode.app/Contents/Developer/Applications/Java Tools
               SYSTEM_DEVELOPER_PERFORMANCE_TOOLS_DIR = /Applications/Xcode.app/Contents/Developer/Applications/Performance Tools
               SYSTEM_DEVELOPER_RELEASENOTES_DIR = /Applications/Xcode.app/Contents/Developer/ADC Reference Library/releasenotes
               SYSTEM_DEVELOPER_TOOLS = /Applications/Xcode.app/Contents/Developer/Tools
               SYSTEM_DEVELOPER_TOOLS_DOC_DIR = /Applications/Xcode.app/Contents/Developer/ADC Reference Library/documentation/DeveloperTools
               SYSTEM_DEVELOPER_TOOLS_RELEASENOTES_DIR = /Applications/Xcode.app/Contents/Developer/ADC Reference Library/releasenotes/DeveloperTools
               SYSTEM_DEVELOPER_USR_DIR = /Applications/Xcode.app/Contents/Developer/usr
               SYSTEM_DEVELOPER_UTILITIES_DIR = /Applications/Xcode.app/Contents/Developer/Applications/Utilities
               SYSTEM_DEXT_INSTALL_PATH = /System/Library/DriverExtensions
               SYSTEM_DOCUMENTATION_DIR = /Library/Documentation
               SYSTEM_EXTENSIONS_FOLDER_PATH = image_picker_ios_privacy.bundle/SystemExtensions
               SYSTEM_EXTENSIONS_FOLDER_PATH_SHALLOW_BUNDLE_NO = image_picker_ios_privacy.bundle/Library/SystemExtensions
               SYSTEM_EXTENSIONS_FOLDER_PATH_SHALLOW_BUNDLE_YES = image_picker_ios_privacy.bundle/SystemExtensions
               SYSTEM_KEXT_INSTALL_PATH = /System/Library/Extensions
               SYSTEM_LIBRARY_DIR = /System/Library
               TAPI_DEMANGLE = YES
               TAPI_ENABLE_PROJECT_HEADERS = NO
               TAPI_LANGUAGE = objective-c
               TAPI_LANGUAGE_STANDARD = compiler-default
               TAPI_USE_SRCROOT = YES
               TAPI_VERIFY_MODE = Pedantic
               TARGETED_DEVICE_FAMILY = 1,2
               TARGETNAME = image_picker_ios-image_picker_ios_privacy
               TARGET_BUILD_DIR = /Users/otislewis/arena/build/ios/Release-iphonesimulator/image_picker_ios
               TARGET_NAME = image_picker_ios-image_picker_ios_privacy
               TARGET_TEMP_DIR = /Users/otislewis/arena/build/ios/Pods.build/Release-iphonesimulator/image_picker_ios-image_picker_ios_privacy.build
               TEMP_DIR = /Users/otislewis/arena/build/ios/Pods.build/Release-iphonesimulator/image_picker_ios-image_picker_ios_privacy.build
               TEMP_FILES_DIR = /Users/otislewis/arena/build/ios/Pods.build/Release-iphonesimulator/image_picker_ios-image_picker_ios_privacy.build
               TEMP_FILE_DIR = /Users/otislewis/arena/build/ios/Pods.build/Release-iphonesimulator/image_picker_ios-image_picker_ios_privacy.build
               TEMP_ROOT = /Users/otislewis/arena/build/ios
               TEMP_SANDBOX_DIR = /Users/otislewis/arena/build/ios/TemporaryTaskSandboxes
               TEST_FRAMEWORK_SEARCH_PATHS =  /Applications/Xcode.app/Contents/Developer/Platforms/iPhoneSimulator.platform/Developer/Library/Frameworks /Applications/Xcode.app/Contents/Developer/Platforms/iPhoneSimulator.platform/Developer/SDKs/iPhoneSimulator18.4.sdk/Developer/Library/Frameworks
               TEST_LIBRARY_SEARCH_PATHS =  /Applications/Xcode.app/Contents/Developer/Platforms/iPhoneSimulator.platform/Developer/usr/lib
               TOOLCHAINS = com.apple.dt.toolchain.XcodeDefault
               TOOLCHAIN_DIR = /Applications/Xcode.app/Contents/Developer/Toolchains/XcodeDefault.xctoolchain
               TREAT_MISSING_BASELINES_AS_TEST_FAILURES = NO
               TREAT_MISSING_SCRIPT_PHASE_OUTPUTS_AS_ERRORS = NO
               UID = 501
               UNINSTALLED_PRODUCTS_DIR = /Users/otislewis/arena/build/ios/UninstalledProducts
               UNLOCALIZED_RESOURCES_FOLDER_PATH = image_picker_ios_privacy.bundle
               UNLOCALIZED_RESOURCES_FOLDER_PATH_SHALLOW_BUNDLE_NO = image_picker_ios_privacy.bundle/Resources
               UNLOCALIZED_RESOURCES_FOLDER_PATH_SHALLOW_BUNDLE_YES = image_picker_ios_privacy.bundle
               UNSTRIPPED_PRODUCT = NO
               USER = otislewis
               USER_APPS_DIR = /Users/otislewis/Applications
               USER_LIBRARY_DIR = /Users/otislewis/Library
               USE_DYNAMIC_NO_PIC = YES
               USE_HEADERMAP = YES
               USE_HEADER_SYMLINKS = NO
               USE_RECURSIVE_SCRIPT_INPUTS_IN_SCRIPT_PHASES = YES
               VALIDATE_DEVELOPMENT_ASSET_PATHS = YES_ERROR
               VALIDATE_PRODUCT = NO
               VALID_ARCHS = arm64
               VERBOSE_PBXCP = NO
               VERSIONPLIST_PATH = image_picker_ios_privacy.bundle/version.plist
               VERSION_INFO_BUILDER = otislewis
               VERSION_INFO_FILE = image_picker_ios_privacy_vers.c
               VERSION_INFO_STRING = "@(#)PROGRAM:image_picker_ios_privacy  PROJECT:Pods-"
               WORKSPACE_DIR = /Users/otislewis/arena/ios/Pods/Pods.xcodeproj
               WRAPPER_EXTENSION = bundle
               WRAPPER_NAME = image_picker_ios_privacy.bundle
               WRAPPER_SUFFIX = .bundle
               WRAP_ASSET_PACKS_IN_SEPARATE_DIRECTORIES = NO
               XCODE_APP_SUPPORT_DIR = /Applications/Xcode.app/Contents/Developer/Library/Xcode
               XCODE_PRODUCT_BUILD_VERSION = 16E140
               XCODE_VERSION_ACTUAL = 1630
               XCODE_VERSION_MAJOR = 1600
               XCODE_VERSION_MINOR = 1630
               XPCSERVICES_FOLDER_PATH = image_picker_ios_privacy.bundle/XPCServices
               YACC = yacc
               _DISCOVER_COMMAND_LINE_LINKER_INPUTS = YES
               _DISCOVER_COMMAND_LINE_LINKER_INPUTS_INCLUDE_WL = YES
               _WRAPPER_CONTENTS_DIR_SHALLOW_BUNDLE_NO = /Contents
               _WRAPPER_PARENT_PATH_SHALLOW_BUNDLE_NO = /..
               _WRAPPER_RESOURCES_DIR_SHALLOW_BUNDLE_NO = /Resources
               __DIAGNOSE_DEPRECATED_ARCHS = YES
               arch = undefined_arch
               variant = normal

           Build settings for action build and target leveldb-library:
               ACTION = build
               AD_HOC_CODE_SIGNING_ALLOWED = YES
               ALLOW_BUILD_REQUEST_OVERRIDES = NO
               ALLOW_TARGET_PLATFORM_SPECIALIZATION = NO
               ALTERNATE_GROUP = staff
               ALTERNATE_MODE = u+w,go-w,a+rX
               ALTERNATE_OWNER = otislewis
               ALTERNATIVE_DISTRIBUTION_WEB = NO
               ALWAYS_EMBED_SWIFT_STANDARD_LIBRARIES = NO
               ALWAYS_SEARCH_USER_PATHS = NO
               ALWAYS_USE_SEPARATE_HEADERMAPS = NO
               APPLICATION_EXTENSION_API_ONLY = NO
               APPLY_RULES_IN_COPY_FILES = NO
               APPLY_RULES_IN_COPY_HEADERS = NO
               APP_SHORTCUTS_ENABLE_FLEXIBLE_MATCHING = YES
               ARCHS_STANDARD = arm64 x86_64
               ARCHS_STANDARD_32_64_BIT = arm64 x86_64
               ARCHS_STANDARD_64_BIT = arm64 x86_64
               ARCHS_STANDARD_INCLUDING_64_BIT = arm64 x86_64
               ARCHS_UNIVERSAL_IPHONE_OS = arm64 x86_64
               AUTOMATICALLY_MERGE_DEPENDENCIES = NO
               AVAILABLE_PLATFORMS = android appletvos appletvsimulator driverkit iphoneos iphonesimulator macosx qnx watchos watchsimulator xros xrsimulator
               BITCODE_GENERATION_MODE = marker
               BUILD_ACTIVE_RESOURCES_ONLY = NO
               BUILD_COMPONENTS = headers build
               BUILD_DIR = /Users/otislewis/arena/build/ios
               BUILD_LIBRARY_FOR_DISTRIBUTION = NO
               BUILD_ROOT = /Users/otislewis/arena/ios/build
               BUILD_STYLE = 
               BUILD_VARIANTS = normal
               BUILT_PRODUCTS_DIR = /Users/otislewis/arena/build/ios/Release-iphonesimulator/leveldb-library
               BUNDLE_CONTENTS_FOLDER_PATH_deep = Contents/
               BUNDLE_EXECUTABLE_FOLDER_NAME_deep = MacOS
               BUNDLE_EXTENSIONS_FOLDER_PATH = Extensions
               BUNDLE_FORMAT = shallow
               BUNDLE_FRAMEWORKS_FOLDER_PATH = Frameworks
               BUNDLE_PLUGINS_FOLDER_PATH = PlugIns
               BUNDLE_PRIVATE_HEADERS_FOLDER_PATH = PrivateHeaders
               BUNDLE_PUBLIC_HEADERS_FOLDER_PATH = Headers
               CACHE_ROOT = /var/folders/4y/xy3fflts0nqfk1tsxg0t3mmr0000gn/C/com.apple.DeveloperTools/16.3-16E140/Xcode
               CCHROOT = /var/folders/4y/xy3fflts0nqfk1tsxg0t3mmr0000gn/C/com.apple.DeveloperTools/16.3-16E140/Xcode
               CHMOD = /bin/chmod
               CHOWN = /usr/sbin/chown
               CLANG_ANALYZER_LOCALIZABILITY_NONLOCALIZED = YES
               CLANG_ANALYZER_NONNULL = YES
               CLANG_ANALYZER_NUMBER_OBJECT_CONVERSION = YES_AGGRESSIVE
               CLANG_CACHE_FINE_GRAINED_OUTPUTS = YES
               CLANG_CXX_LANGUAGE_STANDARD = gnu++14
               CLANG_CXX_LIBRARY = libc++
               CLANG_ENABLE_EXPLICIT_MODULES = YES
               CLANG_ENABLE_MODULES = YES
               CLANG_ENABLE_OBJC_ARC = YES
               CLANG_ENABLE_OBJC_WEAK = NO
               CLANG_MODULES_BUILD_SESSION_FILE = /var/folders/4y/xy3fflts0nqfk1tsxg0t3mmr0000gn/C/org.llvm.clang/ModuleCache.noindex/Session.modulevalidation
               CLANG_WARN_BLOCK_CAPTURE_AUTORELEASING = YES
               CLANG_WARN_BOOL_CONVERSION = YES
               CLANG_WARN_COMMA = YES
               CLANG_WARN_CONSTANT_CONVERSION = YES
               CLANG_WARN_DEPRECATED_OBJC_IMPLEMENTATIONS = YES
               CLANG_WARN_DIRECT_OBJC_ISA_USAGE = YES_ERROR
               CLANG_WARN_DOCUMENTATION_COMMENTS = YES
               CLANG_WARN_EMPTY_BODY = YES
               CLANG_WARN_ENUM_CONVERSION = YES
               CLANG_WARN_INFINITE_RECURSION = YES
               CLANG_WARN_INT_CONVERSION = YES
               CLANG_WARN_NON_LITERAL_NULL_CONVERSION = YES
               CLANG_WARN_OBJC_IMPLICIT_RETAIN_SELF = YES
               CLANG_WARN_OBJC_LITERAL_CONVERSION = YES
               CLANG_WARN_OBJC_ROOT_CLASS = YES_ERROR
               CLANG_WARN_QUOTED_INCLUDE_IN_FRAMEWORK_HEADER = NO
               CLANG_WARN_RANGE_LOOP_ANALYSIS = YES
               CLANG_WARN_STRICT_PROTOTYPES = YES
               CLANG_WARN_SUSPICIOUS_MOVE = YES
               CLANG_WARN_UNGUARDED_AVAILABILITY = YES_AGGRESSIVE
               CLANG_WARN_UNREACHABLE_CODE = YES
               CLANG_WARN__DUPLICATE_METHOD_MATCH = YES
               CLASS_FILE_DIR = /Users/otislewis/arena/build/ios/Pods.build/Release-iphonesimulator/leveldb-library.build/JavaClasses
               CLEAN_PRECOMPS = YES
               CLONE_HEADERS = NO
               CODESIGNING_FOLDER_PATH = /Users/otislewis/arena/build/ios/Release-iphonesimulator/leveldb-library/leveldb.framework
               CODE_SIGNING_ALLOWED = YES
               CODE_SIGNING_REQUIRED = NO
               CODE_SIGNING_REQUIRES_TEAM = YES
               CODE_SIGN_CONTEXT_CLASS = XCiPhoneSimulatorCodeSignContext
               CODE_SIGN_IDENTITY = -
               CODE_SIGN_INJECT_BASE_ENTITLEMENTS = YES
               COLOR_DIAGNOSTICS = NO
               COMBINE_HIDPI_IMAGES = NO
               COMPILATION_CACHE_CAS_PATH = /var/folders/4y/xy3fflts0nqfk1tsxg0t3mmr0000gn/C/com.apple.DeveloperTools/16.3-16E140/Xcode/CompilationCache.noindex
               COMPILATION_CACHE_KEEP_CAS_DIRECTORY = YES
               COMPILER_INDEX_STORE_ENABLE = Default
               COMPOSITE_SDK_DIRS = /Users/otislewis/arena/build/ios/CompositeSDKs
               COMPRESS_PNG_FILES = YES
               CONFIGURATION = Release
               CONFIGURATION_BUILD_DIR = /Users/otislewis/arena/build/ios/Release-iphonesimulator/leveldb-library
               CONFIGURATION_TEMP_DIR = /Users/otislewis/arena/build/ios/Pods.build/Release-iphonesimulator
               CONTENTS_FOLDER_PATH = leveldb.framework
               CONTENTS_FOLDER_PATH_SHALLOW_BUNDLE_NO = leveldb.framework/A
               CONTENTS_FOLDER_PATH_SHALLOW_BUNDLE_YES = leveldb.framework
               COPYING_PRESERVES_HFS_DATA = NO
               COPY_HEADERS_RUN_UNIFDEF = NO
               COPY_PHASE_STRIP = NO
               CORRESPONDING_DEVICE_PLATFORM_DIR = /Applications/Xcode.app/Contents/Developer/Platforms/iPhoneOS.platform
               CORRESPONDING_DEVICE_PLATFORM_NAME = iphoneos
               CORRESPONDING_DEVICE_SDK_DIR = /Applications/Xcode.app/Contents/Developer/Platforms/iPhoneOS.platform/Developer/SDKs/iPhoneOS18.4.sdk
               CORRESPONDING_DEVICE_SDK_NAME = iphoneos18.4
               CP = /bin/cp
               CREATE_INFOPLIST_SECTION_IN_BINARY = NO
               CURRENT_ARCH = undefined_arch
               CURRENT_PROJECT_VERSION = 1
               CURRENT_VARIANT = normal
               CURRENT_VERSION = Current
               DEAD_CODE_STRIPPING = YES
               DEBUGGING_SYMBOLS = YES
               DEBUG_INFORMATION_FORMAT = dwarf-with-dsym
               DEBUG_INFORMATION_VERSION = compiler-default
               DEFAULT_COMPILER = com.apple.compilers.llvm.clang.1_0
               DEFAULT_DEXT_INSTALL_PATH = /System/Library/DriverExtensions
               DEFAULT_KEXT_INSTALL_PATH = /System/Library/Extensions
               DEFINES_MODULE = YES
               DEPLOYMENT_LOCATION = NO
               DEPLOYMENT_POSTPROCESSING = NO
               DEPLOYMENT_TARGET_SETTING_NAME = IPHONEOS_DEPLOYMENT_TARGET
               DEPLOYMENT_TARGET_SUGGESTED_VALUES = 12.0 12.1 12.2 12.3 12.4 13.0 13.1 13.2 13.3 13.4 13.5 13.6 14.0 14.1 14.2 14.3 14.4 14.5 14.6 14.7 15.0 15.1 15.2 15.3 15.4 15.5 15.6 16.0 16.1 16.2 16.3 16.4 16.5 16.6 17.0 17.1 17.2 17.3 17.4 17.5 17.6 18.0 18.1 18.2 18.3 18.4
               DERIVED_FILES_DIR = /Users/otislewis/arena/build/ios/Pods.build/Release-iphonesimulator/leveldb-library.build/DerivedSources
               DERIVED_FILE_DIR = /Users/otislewis/arena/build/ios/Pods.build/Release-iphonesimulator/leveldb-library.build/DerivedSources
               DERIVED_SOURCES_DIR = /Users/otislewis/arena/build/ios/Pods.build/Release-iphonesimulator/leveldb-library.build/DerivedSources
               DEVELOPER_APPLICATIONS_DIR = /Applications/Xcode.app/Contents/Developer/Applications
               DEVELOPER_BIN_DIR = /Applications/Xcode.app/Contents/Developer/usr/bin
               DEVELOPER_DIR = /Applications/Xcode.app/Contents/Developer
               DEVELOPER_FRAMEWORKS_DIR = /Applications/Xcode.app/Contents/Developer/Library/Frameworks
               DEVELOPER_FRAMEWORKS_DIR_QUOTED = /Applications/Xcode.app/Contents/Developer/Library/Frameworks
               DEVELOPER_LIBRARY_DIR = /Applications/Xcode.app/Contents/Developer/Library
               DEVELOPER_SDK_DIR = /Applications/Xcode.app/Contents/Developer/Platforms/MacOSX.platform/Developer/SDKs
               DEVELOPER_TOOLS_DIR = /Applications/Xcode.app/Contents/Developer/Tools
               DEVELOPER_USR_DIR = /Applications/Xcode.app/Contents/Developer/usr
               DEVELOPMENT_LANGUAGE = en
               DIAGNOSE_MISSING_TARGET_DEPENDENCIES = YES
               DIFF = /usr/bin/diff
               DOCUMENTATION_FOLDER_PATH = leveldb.framework/en.lproj/Documentation
               DONT_GENERATE_INFOPLIST_FILE = NO
               DSTROOT = /tmp/Pods.dst
               DT_TOOLCHAIN_DIR = /Applications/Xcode.app/Contents/Developer/Toolchains/XcodeDefault.xctoolchain
               DWARF_DSYM_FILE_NAME = leveldb.framework.dSYM
               DWARF_DSYM_FILE_SHOULD_ACCOMPANY_PRODUCT = NO
               DWARF_DSYM_FOLDER_PATH = /Users/otislewis/arena/build/ios/Release-iphonesimulator/leveldb-library
               DYLIB_COMPATIBILITY_VERSION = 1
               DYLIB_CURRENT_VERSION = 1
               DYLIB_INSTALL_NAME_BASE = @rpath
               DYNAMIC_LIBRARY_EXTENSION = dylib
               EAGER_COMPILATION_ALLOW_SCRIPTS = NO
               EAGER_LINKING = NO
               EFFECTIVE_PLATFORM_NAME = -iphonesimulator
               EMBEDDED_CONTENT_CONTAINS_SWIFT = NO
               EMBED_ASSET_PACKS_IN_PRODUCT_BUNDLE = NO
               ENABLE_APP_SANDBOX = NO
               ENABLE_BITCODE = NO
               ENABLE_CODE_COVERAGE = YES
               ENABLE_DEFAULT_HEADER_SEARCH_PATHS = YES
               ENABLE_DEFAULT_SEARCH_PATHS = YES
               ENABLE_HARDENED_RUNTIME = NO
               ENABLE_HEADER_DEPENDENCIES = YES
               ENABLE_INCOMING_NETWORK_CONNECTIONS = NO
               ENABLE_MODULE_VERIFIER = NO
               ENABLE_NS_ASSERTIONS = NO
               ENABLE_ON_DEMAND_RESOURCES = NO
               ENABLE_OUTGOING_NETWORK_CONNECTIONS = NO
               ENABLE_RESOURCE_ACCESS_AUDIO_INPUT = NO
               ENABLE_RESOURCE_ACCESS_BLUETOOTH = NO
               ENABLE_RESOURCE_ACCESS_CALENDARS = NO
               ENABLE_RESOURCE_ACCESS_CAMERA = NO
               ENABLE_RESOURCE_ACCESS_CONTACTS = NO
               ENABLE_RESOURCE_ACCESS_LOCATION = NO
               ENABLE_RESOURCE_ACCESS_PRINTING = NO
               ENABLE_RESOURCE_ACCESS_USB = NO
               ENABLE_SDK_IMPORTS = NO
               ENABLE_STRICT_OBJC_MSGSEND = YES
               ENABLE_TESTABILITY = NO
               ENABLE_TESTING_SEARCH_PATHS = NO
               ENABLE_USER_SCRIPT_SANDBOXING = NO
               ENFORCE_VALID_ARCHS = YES
               ENTITLEMENTS_DESTINATION = __entitlements
               ENTITLEMENTS_REQUIRED = NO
               EXCLUDED_ARCHS = arm64
               EXCLUDED_INSTALLSRC_SUBDIRECTORY_PATTERNS = .DS_Store .svn .git .hg CVS
               EXCLUDED_RECURSIVE_SEARCH_PATH_SUBDIRECTORIES = *.nib *.lproj *.framework *.gch *.xcode* *.xcassets (*) .DS_Store CVS .svn .git .hg *.pbproj *.pbxproj
               EXECUTABLES_FOLDER_PATH = leveldb.framework/en.lproj
               EXECUTABLE_FOLDER_PATH = leveldb.framework
               EXECUTABLE_FOLDER_PATH_SHALLOW_BUNDLE_NO = leveldb.framework
               EXECUTABLE_FOLDER_PATH_SHALLOW_BUNDLE_YES = leveldb.framework
               EXECUTABLE_NAME = leveldb
               EXECUTABLE_PATH = leveldb.framework/leveldb
               EXTENSIONS_FOLDER_PATH = leveldb.framework/Extensions
               FILE_LIST = /Users/otislewis/arena/build/ios/Pods.build/Release-iphonesimulator/leveldb-library.build/Objects/LinkFileList
               FIXED_FILES_DIR = /Users/otislewis/arena/build/ios/Pods.build/Release-iphonesimulator/leveldb-library.build/FixedFiles
               FRAMEWORKS_FOLDER_PATH = leveldb.framework/Frameworks
               FRAMEWORK_FLAG_PREFIX = -framework
               FRAMEWORK_SEARCH_PATHS = /Users/otislewis/arena/build/ios/Release-iphonesimulator/leveldb-library 
               FRAMEWORK_VERSION = A
               FULL_PRODUCT_NAME = leveldb.framework
               FUSE_BUILD_PHASES = YES
               FUSE_BUILD_SCRIPT_PHASES = NO
               GCC3_VERSION = 3.3
               GCC_C_LANGUAGE_STANDARD = gnu11
               GCC_INLINES_ARE_PRIVATE_EXTERN = YES
               GCC_NO_COMMON_BLOCKS = YES
               GCC_OBJC_LEGACY_DISPATCH = YES
               GCC_PFE_FILE_C_DIALECTS = c objective-c c++ objective-c++
               GCC_PREFIX_HEADER = Target Support Files/leveldb-library/leveldb-library-prefix.pch
               GCC_PREPROCESSOR_DEFINITIONS = POD_CONFIGURATION_RELEASE=1  COCOAPODS=1 LEVELDB_IS_BIG_ENDIAN=0 LEVELDB_PLATFORM_POSIX HAVE_FULLFSYNC=1
               GCC_TREAT_WARNINGS_AS_ERRORS = NO
               GCC_VERSION = com.apple.compilers.llvm.clang.1_0
               GCC_VERSION_IDENTIFIER = com_apple_compilers_llvm_clang_1_0
               GCC_WARN_64_TO_32_BIT_CONVERSION = YES
               GCC_WARN_ABOUT_RETURN_TYPE = YES_ERROR
               GCC_WARN_UNDECLARED_SELECTOR = YES
               GCC_WARN_UNINITIALIZED_AUTOS = YES_AGGRESSIVE
               GCC_WARN_UNUSED_FUNCTION = YES
               GCC_WARN_UNUSED_VARIABLE = YES
               GENERATED_MODULEMAP_DIR = /Users/otislewis/arena/build/ios/GeneratedModuleMaps-iphonesimulator
               GENERATE_INFOPLIST_FILE = NO
               GENERATE_INTERMEDIATE_TEXT_BASED_STUBS = YES
               GENERATE_MASTER_OBJECT_FILE = NO
               GENERATE_PKGINFO_FILE = NO
               GENERATE_PROFILING_CODE = NO
               GENERATE_TEXT_BASED_STUBS = NO
               GID = 20
               GROUP = staff
               HEADERMAP_INCLUDES_FLAT_ENTRIES_FOR_TARGET_BEING_BUILT = YES
               HEADERMAP_INCLUDES_FRAMEWORK_ENTRIES_FOR_ALL_PRODUCT_TYPES = YES
               HEADERMAP_INCLUDES_FRAMEWORK_ENTRIES_FOR_TARGETS_NOT_BEING_BUILT = YES
               HEADERMAP_INCLUDES_NONPUBLIC_NONPRIVATE_HEADERS = YES
               HEADERMAP_INCLUDES_PROJECT_HEADERS = YES
               HEADERMAP_USES_FRAMEWORK_PREFIX_ENTRIES = YES
               HEADERMAP_USES_VFS = YES
               HEADER_SEARCH_PATHS = /Users/otislewis/arena/build/ios/Release-iphonesimulator/leveldb-library/include  "/Users/otislewis/arena/ios/Pods/leveldb-library"
               HIDE_BITCODE_SYMBOLS = YES
               HOME = /Users/otislewis
               HOST_ARCH = arm64
               HOST_PLATFORM = macosx
               ICONV = /usr/bin/iconv
               IMPLICIT_DEPENDENCY_DOMAIN = default
               INFOPLIST_ENABLE_CFBUNDLEICONS_MERGE = YES
               INFOPLIST_EXPAND_BUILD_SETTINGS = YES
               INFOPLIST_FILE = Target Support Files/leveldb-library/leveldb-library-Info.plist
               INFOPLIST_OUTPUT_FORMAT = binary
               INFOPLIST_PATH = leveldb.framework/Info.plist
               INFOPLIST_PREPROCESS = NO
               INFOSTRINGS_PATH = leveldb.framework/en.lproj/InfoPlist.strings
               INLINE_PRIVATE_FRAMEWORKS = NO
               INSTALLAPI_IGNORE_SKIP_INSTALL = YES
               INSTALLHDRS_COPY_PHASE = NO
               INSTALLHDRS_SCRIPT_PHASE = NO
               INSTALL_DIR = /tmp/Pods.dst/Library/Frameworks
               INSTALL_GROUP = staff
               INSTALL_MODE_FLAG = u+w,go-w,a+rX
               INSTALL_OWNER = otislewis
               INSTALL_PATH = /Library/Frameworks
               INSTALL_ROOT = /tmp/Pods.dst
               IPHONEOS_DEPLOYMENT_TARGET = 13.0
               IS_UNOPTIMIZED_BUILD = NO
               JAVAC_DEFAULT_FLAGS = -J-Xms64m -J-XX:NewSize=4M -J-Dfile.encoding=UTF8
               JAVA_APP_STUB = /System/Library/Frameworks/JavaVM.framework/Resources/MacOS/JavaApplicationStub
               JAVA_ARCHIVE_CLASSES = YES
               JAVA_ARCHIVE_TYPE = JAR
               JAVA_COMPILER = /usr/bin/javac
               JAVA_FOLDER_PATH = leveldb.framework/Java
               JAVA_FRAMEWORK_RESOURCES_DIRS = Resources
               JAVA_JAR_FLAGS = cv
               JAVA_SOURCE_SUBDIR = .
               JAVA_USE_DEPENDENCIES = YES
               JAVA_ZIP_FLAGS = -urg
               JIKES_DEFAULT_FLAGS = +E +OLDCSO
               KEEP_PRIVATE_EXTERNS = NO
               LD_DEPENDENCY_INFO_FILE = /Users/otislewis/arena/build/ios/Pods.build/Release-iphonesimulator/leveldb-library.build/Objects-normal/undefined_arch/leveldb_dependency_info.dat
               LD_DYLIB_INSTALL_NAME = @rpath/leveldb.framework/leveldb
               LD_EXPORT_SYMBOLS = YES
               LD_GENERATE_MAP_FILE = NO
               LD_MAP_FILE_PATH = /Users/otislewis/arena/build/ios/Pods.build/Release-iphonesimulator/leveldb-library.build/leveldb-LinkMap-normal-undefined_arch.txt
               LD_NO_PIE = NO
               LD_QUOTE_LINKER_ARGUMENTS_FOR_COMPILER_DRIVER = YES
               LD_RUNPATH_SEARCH_PATHS =  @executable_path/Frameworks @loader_path/Frameworks
               LD_SHARED_CACHE_ELIGIBLE = Automatic
               LD_WARN_DUPLICATE_LIBRARIES = NO
               LD_WARN_UNUSED_DYLIBS = NO
               LEGACY_DEVELOPER_DIR = /Applications/Xcode.app/Contents/PlugIns/Xcode3Core.ideplugin/Contents/SharedSupport/Developer
               LEX = lex
               LIBRARY_DEXT_INSTALL_PATH = /Library/DriverExtensions
               LIBRARY_FLAG_NOSPACE = YES
               LIBRARY_FLAG_PREFIX = -l
               LIBRARY_KEXT_INSTALL_PATH = /Library/Extensions
               LIBRARY_SEARCH_PATHS = /Users/otislewis/arena/build/ios/Release-iphonesimulator/leveldb-library 
               LINKER_DISPLAYS_MANGLED_NAMES = NO
               LINK_OBJC_RUNTIME = YES
               LINK_WITH_STANDARD_LIBRARIES = YES
               LLVM_TARGET_TRIPLE_OS_VERSION = ios13.0
               LLVM_TARGET_TRIPLE_SUFFIX = -simulator
               LLVM_TARGET_TRIPLE_VENDOR = apple
               LOCALIZATION_EXPORT_SUPPORTED = YES
               LOCALIZATION_PREFERS_STRING_CATALOGS = NO
               LOCALIZED_RESOURCES_FOLDER_PATH = leveldb.framework/en.lproj
               LOCALIZED_STRING_MACRO_NAMES = NSLocalizedString CFCopyLocalizedString
               LOCALIZED_STRING_SWIFTUI_SUPPORT = YES
               LOCAL_ADMIN_APPS_DIR = /Applications/Utilities
               LOCAL_APPS_DIR = /Applications
               LOCAL_DEVELOPER_DIR = /Library/Developer
               LOCAL_LIBRARY_DIR = /Library
               LOCROOT = /Users/otislewis/arena/ios/Pods
               LOCSYMROOT = /Users/otislewis/arena/ios/Pods
               MACH_O_TYPE = mh_dylib
               MAC_OS_X_PRODUCT_BUILD_VERSION = 24F74
               MAC_OS_X_VERSION_ACTUAL = 150500
               MAC_OS_X_VERSION_MAJOR = 150000
               MAC_OS_X_VERSION_MINOR = 150500
               MAKE_MERGEABLE = NO
               MERGEABLE_LIBRARY = NO
               MERGED_BINARY_TYPE = none
               MERGE_LINKED_LIBRARIES = NO
               METAL_LIBRARY_FILE_BASE = default
               METAL_LIBRARY_OUTPUT_DIR = /Users/otislewis/arena/build/ios/Release-iphonesimulator/leveldb-library/leveldb.framework
               MODULEMAP_FILE = Target Support Files/leveldb-library/leveldb-library.modulemap
               MODULES_FOLDER_PATH = leveldb.framework/Modules
               MTL_ENABLE_DEBUG_INFO = NO
               MTL_FAST_MATH = YES
               NATIVE_ARCH = arm64
               NATIVE_ARCH_32_BIT = arm
               NATIVE_ARCH_64_BIT = arm64
               NATIVE_ARCH_ACTUAL = arm64
               NO_COMMON = YES
               OBJC_ABI_VERSION = 2
               OBJECT_FILE_DIR = /Users/otislewis/arena/build/ios/Pods.build/Release-iphonesimulator/leveldb-library.build/Objects
               OBJECT_FILE_DIR_normal = /Users/otislewis/arena/build/ios/Pods.build/Release-iphonesimulator/leveldb-library.build/Objects-normal
               OBJROOT = /Users/otislewis/arena/build/ios
               ONLY_ACTIVE_ARCH = NO
               OS = MACOS
               OSAC = /usr/bin/osacompile
               OTHER_LDFLAGS =  -l"c++"
               PACKAGE_TYPE = com.apple.package-type.wrapper.framework
               PASCAL_STRINGS = YES
               PATH = /Applications/Xcode.app/Contents/SharedFrameworks/SwiftBuild.framework/Versions/A/PlugIns/SWBBuildService.bundle/Contents/PlugIns/SWBUniversalPlatformPlugin.bundle/Contents/Frameworks/SWBUniversalPlatform.framework/Resources:/Applications/Xcode.app/Contents/Developer/Toolchains/XcodeDefault.xctoolchain/usr/bin:/Applications/Xcode.app/Contents/Developer/Toolchains/XcodeDefault.xctoolchain/usr/local/bin:/Applications/Xcode.app/Contents/Developer/Toolchains/XcodeDefault.xctoolchain/usr/libexec:/Applications/Xcode.app/Contents/Developer/Platforms/iPhoneSimulator.platform/usr/bin:/Applications/Xcode.app/Contents/Developer/Platforms/iPhoneSimulator.platform/usr/local/bin:/Applications/Xcode.app/Contents/Developer/Platforms/iPhoneSimulator.platform/Developer/usr/bin:/Applications/Xcode.app/Contents/Developer/Platforms/iPhoneSimulator.platform/Developer/usr/local/bin:/Applications/Xcode.app/Contents/Developer/usr/bin:/Applications/Xcode.app/Contents/Developer/usr/local/bin:/Users/otislewis/.gem/ruby/3.3.0/bin:/opt/homebrew/bin:/opt/homebrew/sbin:/usr/local/bin:/System/Cryptexes/App/usr/bin:/usr/bin:/bin:/usr/sbin:/sbin:/var/run/com.apple.security.cryptexd/codex.system/bootstrap/usr/local/bin:/var/run/com.apple.security.cryptexd/codex.system/bootstrap/usr/bin:/var/run/com.apple.security.cryptexd/codex.system/bootstrap/usr/appleinternal/bin:/Library/Apple/usr/bin:/opt/homebrew/Caskroom/flutter/3.32.0/flutter/bin:/Users/otislewis/Library/Android/sdk/emulator:/Users/otislewis/Library/Android/sdk/tools:/Users/otislewis/Library/Android/sdk/tools/bin:/Users/otislewis/Library/Android/sdk/platform-tools:/opt/homebrew/Caskroom/flutter/3.32.0/flutter/bin/cache/dart-sdk/bin
               PATH_PREFIXES_EXCLUDED_FROM_HEADER_DEPENDENCIES = /usr/include /usr/local/include /System/Library/Frameworks /System/Library/PrivateFrameworks /Applications/Xcode.app/Contents/Developer/Headers /Applications/Xcode.app/Contents/Developer/SDKs /Applications/Xcode.app/Contents/Developer/Platforms
               PBDEVELOPMENTPLIST_PATH = leveldb.framework/pbdevelopment.plist
               PER_ARCH_MODULE_FILE_DIR = /Users/otislewis/arena/build/ios/Pods.build/Release-iphonesimulator/leveldb-library.build/Objects-normal/undefined_arch
               PER_ARCH_OBJECT_FILE_DIR = /Users/otislewis/arena/build/ios/Pods.build/Release-iphonesimulator/leveldb-library.build/Objects-normal/undefined_arch
               PER_VARIANT_OBJECT_FILE_DIR = /Users/otislewis/arena/build/ios/Pods.build/Release-iphonesimulator/leveldb-library.build/Objects-normal
               PKGINFO_FILE_PATH = /Users/otislewis/arena/build/ios/Pods.build/Release-iphonesimulator/leveldb-library.build/PkgInfo
               PKGINFO_PATH = leveldb.framework/PkgInfo
               PLATFORM_DEVELOPER_APPLICATIONS_DIR = /Applications/Xcode.app/Contents/Developer/Platforms/iPhoneSimulator.platform/Developer/Applications
               PLATFORM_DEVELOPER_BIN_DIR = /Applications/Xcode.app/Contents/Developer/Platforms/iPhoneSimulator.platform/Developer/usr/bin
               PLATFORM_DEVELOPER_LIBRARY_DIR = /Applications/Xcode.app/Contents/Developer/Platforms/iPhoneSimulator.platform/Developer/Library
               PLATFORM_DEVELOPER_SDK_DIR = /Applications/Xcode.app/Contents/Developer/Platforms/iPhoneSimulator.platform/Developer/SDKs
               PLATFORM_DEVELOPER_TOOLS_DIR = /Applications/Xcode.app/Contents/Developer/Platforms/iPhoneSimulator.platform/Developer/Tools
               PLATFORM_DEVELOPER_USR_DIR = /Applications/Xcode.app/Contents/Developer/Platforms/iPhoneSimulator.platform/Developer/usr
               PLATFORM_DIR = /Applications/Xcode.app/Contents/Developer/Platforms/iPhoneSimulator.platform
               PLATFORM_DISPLAY_NAME = iOS Simulator
               PLATFORM_FAMILY_NAME = iOS
               PLATFORM_NAME = iphonesimulator
               PLATFORM_PREFERRED_ARCH = x86_64
               PLATFORM_PRODUCT_BUILD_VERSION = 22E235
               PLATFORM_REQUIRES_SWIFT_AUTOLINK_EXTRACT = NO
               PLATFORM_REQUIRES_SWIFT_MODULEWRAP = NO
               PLIST_FILE_OUTPUT_FORMAT = binary
               PLUGINS_FOLDER_PATH = leveldb.framework/PlugIns
               PODS_BUILD_DIR = /Users/otislewis/arena/build/ios
               PODS_CONFIGURATION_BUILD_DIR = /Users/otislewis/arena/build/ios/Release-iphonesimulator
               PODS_DEVELOPMENT_LANGUAGE = en
               PODS_ROOT = /Users/otislewis/arena/ios/Pods
               PODS_TARGET_SRCROOT = /Users/otislewis/arena/ios/Pods/leveldb-library
               PODS_XCFRAMEWORKS_BUILD_DIR = /Users/otislewis/arena/build/ios/Release-iphonesimulator/XCFrameworkIntermediates
               PRECOMPS_INCLUDE_HEADERS_FROM_BUILT_PRODUCTS_DIR = YES
               PRECOMP_DESTINATION_DIR = /Users/otislewis/arena/build/ios/Pods.build/Release-iphonesimulator/leveldb-library.build/PrefixHeaders
               PRIVATE_HEADERS_FOLDER_PATH = leveldb.framework/PrivateHeaders
               PROCESSED_INFOPLIST_PATH = /Users/otislewis/arena/build/ios/Pods.build/Release-iphonesimulator/leveldb-library.build/Objects-normal/undefined_arch/Processed-Info.plist
               PRODUCT_BUNDLE_IDENTIFIER = org.cocoapods.leveldb
               PRODUCT_BUNDLE_PACKAGE_TYPE = FMWK
               PRODUCT_MODULE_NAME = leveldb
               PRODUCT_NAME = leveldb
               PRODUCT_SETTINGS_PATH = /Users/otislewis/arena/ios/Pods/Target Support Files/leveldb-library/leveldb-library-Info.plist
               PRODUCT_TYPE = com.apple.product-type.framework
               PROFILING_CODE = NO
               PROJECT = Pods
               PROJECT_DERIVED_FILE_DIR = /Users/otislewis/arena/build/ios/Pods.build/DerivedSources
               PROJECT_DIR = /Users/otislewis/arena/ios/Pods
               PROJECT_FILE_PATH = /Users/otislewis/arena/ios/Pods/Pods.xcodeproj
               PROJECT_GUID = bfdfe7dc352907fc980b868725387e98
               PROJECT_NAME = Pods
               PROJECT_TEMP_DIR = /Users/otislewis/arena/build/ios/Pods.build
               PROJECT_TEMP_ROOT = /Users/otislewis/arena/build/ios
               PUBLIC_HEADERS_FOLDER_PATH = leveldb.framework/Headers
               RECOMMENDED_IPHONEOS_DEPLOYMENT_TARGET = 15.0
               RECURSIVE_SEARCH_PATHS_FOLLOW_SYMLINKS = YES
               REMOVE_CVS_FROM_RESOURCES = YES
               REMOVE_GIT_FROM_RESOURCES = YES
               REMOVE_HEADERS_FROM_EMBEDDED_BUNDLES = YES
               REMOVE_HG_FROM_RESOURCES = YES
               REMOVE_STATIC_EXECUTABLES_FROM_EMBEDDED_BUNDLES = YES
               REMOVE_SVN_FROM_RESOURCES = YES
               RESCHEDULE_INDEPENDENT_HEADERS_PHASES = YES
               REZ_COLLECTOR_DIR = /Users/otislewis/arena/build/ios/Pods.build/Release-iphonesimulator/leveldb-library.build/ResourceManagerResources
               REZ_OBJECTS_DIR = /Users/otislewis/arena/build/ios/Pods.build/Release-iphonesimulator/leveldb-library.build/ResourceManagerResources/Objects
               REZ_SEARCH_PATHS = /Users/otislewis/arena/build/ios/Release-iphonesimulator/leveldb-library 
               SCAN_ALL_SOURCE_FILES_FOR_INCLUDES = NO
               SCRIPTS_FOLDER_PATH = leveldb.framework/Scripts
               SDKROOT = /Applications/Xcode.app/Contents/Developer/Platforms/iPhoneSimulator.platform/Developer/SDKs/iPhoneSimulator18.4.sdk
               SDK_DIR = /Applications/Xcode.app/Contents/Developer/Platforms/iPhoneSimulator.platform/Developer/SDKs/iPhoneSimulator18.4.sdk
               SDK_DIR_iphonesimulator = /Applications/Xcode.app/Contents/Developer/Platforms/iPhoneSimulator.platform/Developer/SDKs/iPhoneSimulator18.4.sdk
               SDK_DIR_iphonesimulator18_4 = /Applications/Xcode.app/Contents/Developer/Platforms/iPhoneSimulator.platform/Developer/SDKs/iPhoneSimulator18.4.sdk
               SDK_NAME = iphonesimulator18.4
               SDK_NAMES = iphonesimulator18.4
               SDK_PRODUCT_BUILD_VERSION = 22E235
               SDK_STAT_CACHE_DIR = /var/folders/4y/xy3fflts0nqfk1tsxg0t3mmr0000gn/C/com.apple.DeveloperTools/16.3-16E140/Xcode
               SDK_STAT_CACHE_ENABLE = YES
               SDK_STAT_CACHE_PATH = /var/folders/4y/xy3fflts0nqfk1tsxg0t3mmr0000gn/C/com.apple.DeveloperTools/16.3-16E140/Xcode/SDKStatCaches.noindex/iphonesimulator18.4-22E235-71825a6d136aa4733edcbe86ece5525b.sdkstatcache
               SDK_VERSION = 18.4
               SDK_VERSION_ACTUAL = 180400
               SDK_VERSION_MAJOR = 180000
               SDK_VERSION_MINOR = 180400
               SED = /usr/bin/sed
               SEPARATE_STRIP = NO
               SEPARATE_SYMBOL_EDIT = NO
               SET_DIR_MODE_OWNER_GROUP = YES
               SET_FILE_MODE_OWNER_GROUP = NO
               SHALLOW_BUNDLE = YES
               SHALLOW_BUNDLE_TRIPLE = ios-simulator
               SHALLOW_BUNDLE_ios_macabi = NO
               SHALLOW_BUNDLE_macos = NO
               SHARED_DERIVED_FILE_DIR = /Users/otislewis/arena/build/ios/Release-iphonesimulator/leveldb-library/DerivedSources
               SHARED_FRAMEWORKS_FOLDER_PATH = leveldb.framework/SharedFrameworks
               SHARED_PRECOMPS_DIR = /Users/otislewis/arena/build/ios/SharedPrecompiledHeaders
               SHARED_SUPPORT_FOLDER_PATH = leveldb.framework
               SKIP_INSTALL = YES
               SOURCE_ROOT = /Users/otislewis/arena/ios/Pods
               SRCROOT = /Users/otislewis/arena/ios/Pods
               STRINGSDATA_DIR = /Users/otislewis/arena/build/ios/Pods.build/Release-iphonesimulator/leveldb-library.build/Objects-normal/undefined_arch
               STRINGSDATA_ROOT = /Users/otislewis/arena/build/ios/Pods.build/Release-iphonesimulator/leveldb-library.build
               STRINGS_FILE_INFOPLIST_RENAME = YES
               STRINGS_FILE_OUTPUT_ENCODING = binary
               STRIP_BITCODE_FROM_COPIED_FILES = NO
               STRIP_INSTALLED_PRODUCT = NO
               STRIP_STYLE = debugging
               STRIP_SWIFT_SYMBOLS = YES
               SUPPORTED_DEVICE_FAMILIES = 1,2
               SUPPORTED_PLATFORMS = iphoneos iphonesimulator
               SUPPORTS_TEXT_BASED_API = NO
               SUPPRESS_WARNINGS = NO
               SWIFT_ACTIVE_COMPILATION_CONDITIONS =  
               SWIFT_COMPILATION_MODE = wholemodule
               SWIFT_EMIT_LOC_STRINGS = NO
               SWIFT_INSTALL_MODULE_FOR_DEPLOYMENT = YES
               SWIFT_INSTALL_OBJC_HEADER = YES
               SWIFT_OPTIMIZATION_LEVEL = -O
               SWIFT_PLATFORM_TARGET_PREFIX = ios
               SWIFT_VERSION = 5.0
               SYMROOT = /Users/otislewis/arena/ios/build
               SYSTEM_ADMIN_APPS_DIR = /Applications/Utilities
               SYSTEM_APPS_DIR = /Applications
               SYSTEM_CORE_SERVICES_DIR = /System/Library/CoreServices
               SYSTEM_DEMOS_DIR = /Applications/Extras
               SYSTEM_DEVELOPER_APPS_DIR = /Applications/Xcode.app/Contents/Developer/Applications
               SYSTEM_DEVELOPER_BIN_DIR = /Applications/Xcode.app/Contents/Developer/usr/bin
               SYSTEM_DEVELOPER_DEMOS_DIR = /Applications/Xcode.app/Contents/Developer/Applications/Utilities/Built Examples
               SYSTEM_DEVELOPER_DIR = /Applications/Xcode.app/Contents/Developer
               SYSTEM_DEVELOPER_DOC_DIR = /Applications/Xcode.app/Contents/Developer/ADC Reference Library
               SYSTEM_DEVELOPER_GRAPHICS_TOOLS_DIR = /Applications/Xcode.app/Contents/Developer/Applications/Graphics Tools
               SYSTEM_DEVELOPER_JAVA_TOOLS_DIR = /Applications/Xcode.app/Contents/Developer/Applications/Java Tools
               SYSTEM_DEVELOPER_PERFORMANCE_TOOLS_DIR = /Applications/Xcode.app/Contents/Developer/Applications/Performance Tools
               SYSTEM_DEVELOPER_RELEASENOTES_DIR = /Applications/Xcode.app/Contents/Developer/ADC Reference Library/releasenotes
               SYSTEM_DEVELOPER_TOOLS = /Applications/Xcode.app/Contents/Developer/Tools
               SYSTEM_DEVELOPER_TOOLS_DOC_DIR = /Applications/Xcode.app/Contents/Developer/ADC Reference Library/documentation/DeveloperTools
               SYSTEM_DEVELOPER_TOOLS_RELEASENOTES_DIR = /Applications/Xcode.app/Contents/Developer/ADC Reference Library/releasenotes/DeveloperTools
               SYSTEM_DEVELOPER_USR_DIR = /Applications/Xcode.app/Contents/Developer/usr
               SYSTEM_DEVELOPER_UTILITIES_DIR = /Applications/Xcode.app/Contents/Developer/Applications/Utilities
               SYSTEM_DEXT_INSTALL_PATH = /System/Library/DriverExtensions
               SYSTEM_DOCUMENTATION_DIR = /Library/Documentation
               SYSTEM_EXTENSIONS_FOLDER_PATH = leveldb.framework/SystemExtensions
               SYSTEM_EXTENSIONS_FOLDER_PATH_SHALLOW_BUNDLE_NO = leveldb.framework/Library/SystemExtensions
               SYSTEM_EXTENSIONS_FOLDER_PATH_SHALLOW_BUNDLE_YES = leveldb.framework/SystemExtensions
               SYSTEM_KEXT_INSTALL_PATH = /System/Library/Extensions
               SYSTEM_LIBRARY_DIR = /System/Library
               TAPI_DEMANGLE = YES
               TAPI_ENABLE_PROJECT_HEADERS = NO
               TAPI_LANGUAGE = objective-c
               TAPI_LANGUAGE_STANDARD = compiler-default
               TAPI_USE_SRCROOT = YES
               TAPI_VERIFY_MODE = Pedantic
               TARGETED_DEVICE_FAMILY = 1,2
               TARGETNAME = leveldb-library
               TARGET_BUILD_DIR = /Users/otislewis/arena/build/ios/Release-iphonesimulator/leveldb-library
               TARGET_NAME = leveldb-library
               TARGET_TEMP_DIR = /Users/otislewis/arena/build/ios/Pods.build/Release-iphonesimulator/leveldb-library.build
               TEMP_DIR = /Users/otislewis/arena/build/ios/Pods.build/Release-iphonesimulator/leveldb-library.build
               TEMP_FILES_DIR = /Users/otislewis/arena/build/ios/Pods.build/Release-iphonesimulator/leveldb-library.build
               TEMP_FILE_DIR = /Users/otislewis/arena/build/ios/Pods.build/Release-iphonesimulator/leveldb-library.build
               TEMP_ROOT = /Users/otislewis/arena/build/ios
               TEMP_SANDBOX_DIR = /Users/otislewis/arena/build/ios/TemporaryTaskSandboxes
               TEST_FRAMEWORK_SEARCH_PATHS =  /Applications/Xcode.app/Contents/Developer/Platforms/iPhoneSimulator.platform/Developer/Library/Frameworks /Applications/Xcode.app/Contents/Developer/Platforms/iPhoneSimulator.platform/Developer/SDKs/iPhoneSimulator18.4.sdk/Developer/Library/Frameworks
               TEST_LIBRARY_SEARCH_PATHS =  /Applications/Xcode.app/Contents/Developer/Platforms/iPhoneSimulator.platform/Developer/usr/lib
               TOOLCHAINS = com.apple.dt.toolchain.XcodeDefault
               TOOLCHAIN_DIR = /Applications/Xcode.app/Contents/Developer/Toolchains/XcodeDefault.xctoolchain
               TREAT_MISSING_BASELINES_AS_TEST_FAILURES = NO
               TREAT_MISSING_SCRIPT_PHASE_OUTPUTS_AS_ERRORS = NO
               UID = 501
               UNINSTALLED_PRODUCTS_DIR = /Users/otislewis/arena/build/ios/UninstalledProducts
               UNLOCALIZED_RESOURCES_FOLDER_PATH = leveldb.framework
               UNLOCALIZED_RESOURCES_FOLDER_PATH_SHALLOW_BUNDLE_NO = leveldb.framework/Resources
               UNLOCALIZED_RESOURCES_FOLDER_PATH_SHALLOW_BUNDLE_YES = leveldb.framework
               UNSTRIPPED_PRODUCT = NO
               USER = otislewis
               USER_APPS_DIR = /Users/otislewis/Applications
               USER_LIBRARY_DIR = /Users/otislewis/Library
               USE_DYNAMIC_NO_PIC = YES
               USE_HEADERMAP = No
               USE_HEADER_SYMLINKS = NO
               USE_RECURSIVE_SCRIPT_INPUTS_IN_SCRIPT_PHASES = YES
               VALIDATE_DEVELOPMENT_ASSET_PATHS = YES_ERROR
               VALIDATE_PRODUCT = YES
               VALID_ARCHS = arm64
               VERBOSE_PBXCP = NO
               VERSIONING_SYSTEM = apple-generic
               VERSIONPLIST_PATH = leveldb.framework/version.plist
               VERSIONS_FOLDER_PATH = leveldb.framework
               VERSIONS_FOLDER_PATH_SHALLOW_BUNDLE_NO = leveldb.framework/Versions
               VERSIONS_FOLDER_PATH_SHALLOW_BUNDLE_YES = leveldb.framework
               VERSION_INFO_BUILDER = otislewis
               VERSION_INFO_FILE = leveldb_vers.c
               VERSION_INFO_STRING = "@(#)PROGRAM:leveldb  PROJECT:Pods-1"
               WARNING_CFLAGS = -Wno-shorten-64-to-32 -Wno-comma -Wno-unreachable-code -Wno-conditional-uninitialized -Wno-deprecated-declarations
               WORKSPACE_DIR = /Users/otislewis/arena/ios/Pods/Pods.xcodeproj
               WRAPPER_EXTENSION = framework
               WRAPPER_NAME = leveldb.framework
               WRAPPER_SUFFIX = .framework
               WRAP_ASSET_PACKS_IN_SEPARATE_DIRECTORIES = NO
               XCODE_APP_SUPPORT_DIR = /Applications/Xcode.app/Contents/Developer/Library/Xcode
               XCODE_PRODUCT_BUILD_VERSION = 16E140
               XCODE_VERSION_ACTUAL = 1630
               XCODE_VERSION_MAJOR = 1600
               XCODE_VERSION_MINOR = 1630
               XPCSERVICES_FOLDER_PATH = leveldb.framework/XPCServices
               YACC = yacc
               _DISCOVER_COMMAND_LINE_LINKER_INPUTS = YES
               _DISCOVER_COMMAND_LINE_LINKER_INPUTS_INCLUDE_WL = YES
               _WRAPPER_CONTENTS_DIR_SHALLOW_BUNDLE_NO = /Contents
               _WRAPPER_PARENT_PATH_SHALLOW_BUNDLE_NO = /..
               _WRAPPER_RESOURCES_DIR_SHALLOW_BUNDLE_NO = /Resources
               __DIAGNOSE_DEPRECATED_ARCHS = YES
               arch = undefined_arch
               variant = normal

           Build settings for action build and target leveldb-library-leveldb_Privacy:
               ACTION = build
               AD_HOC_CODE_SIGNING_ALLOWED = YES
               ALLOW_BUILD_REQUEST_OVERRIDES = NO
               ALLOW_TARGET_PLATFORM_SPECIALIZATION = NO
               ALTERNATE_GROUP = staff
               ALTERNATE_MODE = u+w,go-w,a+rX
               ALTERNATE_OWNER = otislewis
               ALTERNATIVE_DISTRIBUTION_WEB = NO
               ALWAYS_EMBED_SWIFT_STANDARD_LIBRARIES = NO
               ALWAYS_SEARCH_USER_PATHS = NO
               ALWAYS_USE_SEPARATE_HEADERMAPS = NO
               APPLICATION_EXTENSION_API_ONLY = NO
               APPLY_RULES_IN_COPY_FILES = NO
               APPLY_RULES_IN_COPY_HEADERS = NO
               APP_SHORTCUTS_ENABLE_FLEXIBLE_MATCHING = YES
               ARCHS_STANDARD = arm64 x86_64
               ARCHS_STANDARD_32_64_BIT = arm64 x86_64
               ARCHS_STANDARD_64_BIT = arm64 x86_64
               ARCHS_STANDARD_INCLUDING_64_BIT = arm64 x86_64
               ARCHS_UNIVERSAL_IPHONE_OS = arm64 x86_64
               AUTOMATICALLY_MERGE_DEPENDENCIES = NO
               AVAILABLE_PLATFORMS = android appletvos appletvsimulator driverkit iphoneos iphonesimulator macosx qnx watchos watchsimulator xros xrsimulator
               BITCODE_GENERATION_MODE = marker
               BUILD_ACTIVE_RESOURCES_ONLY = NO
               BUILD_COMPONENTS = headers build
               BUILD_DIR = /Users/otislewis/arena/build/ios
               BUILD_LIBRARY_FOR_DISTRIBUTION = NO
               BUILD_ROOT = /Users/otislewis/arena/ios/build
               BUILD_STYLE = 
               BUILD_VARIANTS = normal
               BUILT_PRODUCTS_DIR = /Users/otislewis/arena/build/ios/Release-iphonesimulator/leveldb-library
               BUNDLE_CONTENTS_FOLDER_PATH_deep = Contents/
               BUNDLE_EXECUTABLE_FOLDER_NAME_deep = MacOS
               BUNDLE_EXTENSIONS_FOLDER_PATH = Extensions
               BUNDLE_FORMAT = shallow
               BUNDLE_FRAMEWORKS_FOLDER_PATH = Frameworks
               BUNDLE_PLUGINS_FOLDER_PATH = PlugIns
               BUNDLE_PRIVATE_HEADERS_FOLDER_PATH = PrivateHeaders
               BUNDLE_PUBLIC_HEADERS_FOLDER_PATH = Headers
               CACHE_ROOT = /var/folders/4y/xy3fflts0nqfk1tsxg0t3mmr0000gn/C/com.apple.DeveloperTools/16.3-16E140/Xcode
               CCHROOT = /var/folders/4y/xy3fflts0nqfk1tsxg0t3mmr0000gn/C/com.apple.DeveloperTools/16.3-16E140/Xcode
               CHMOD = /bin/chmod
               CHOWN = /usr/sbin/chown
               CLANG_ANALYZER_LOCALIZABILITY_NONLOCALIZED = YES
               CLANG_ANALYZER_NONNULL = YES
               CLANG_ANALYZER_NUMBER_OBJECT_CONVERSION = YES_AGGRESSIVE
               CLANG_CACHE_FINE_GRAINED_OUTPUTS = YES
               CLANG_CXX_LANGUAGE_STANDARD = gnu++14
               CLANG_CXX_LIBRARY = libc++
               CLANG_ENABLE_EXPLICIT_MODULES = YES
               CLANG_ENABLE_MODULES = YES
               CLANG_ENABLE_OBJC_ARC = YES
               CLANG_ENABLE_OBJC_WEAK = YES
               CLANG_MODULES_BUILD_SESSION_FILE = /var/folders/4y/xy3fflts0nqfk1tsxg0t3mmr0000gn/C/org.llvm.clang/ModuleCache.noindex/Session.modulevalidation
               CLANG_WARN_BLOCK_CAPTURE_AUTORELEASING = YES
               CLANG_WARN_BOOL_CONVERSION = YES
               CLANG_WARN_COMMA = YES
               CLANG_WARN_CONSTANT_CONVERSION = YES
               CLANG_WARN_DEPRECATED_OBJC_IMPLEMENTATIONS = YES
               CLANG_WARN_DIRECT_OBJC_ISA_USAGE = YES_ERROR
               CLANG_WARN_DOCUMENTATION_COMMENTS = YES
               CLANG_WARN_EMPTY_BODY = YES
               CLANG_WARN_ENUM_CONVERSION = YES
               CLANG_WARN_INFINITE_RECURSION = YES
               CLANG_WARN_INT_CONVERSION = YES
               CLANG_WARN_NON_LITERAL_NULL_CONVERSION = YES
               CLANG_WARN_OBJC_IMPLICIT_RETAIN_SELF = YES
               CLANG_WARN_OBJC_LITERAL_CONVERSION = YES
               CLANG_WARN_OBJC_ROOT_CLASS = YES_ERROR
               CLANG_WARN_QUOTED_INCLUDE_IN_FRAMEWORK_HEADER = NO
               CLANG_WARN_RANGE_LOOP_ANALYSIS = YES
               CLANG_WARN_STRICT_PROTOTYPES = YES
               CLANG_WARN_SUSPICIOUS_MOVE = YES
               CLANG_WARN_UNGUARDED_AVAILABILITY = YES_AGGRESSIVE
               CLANG_WARN_UNREACHABLE_CODE = YES
               CLANG_WARN__DUPLICATE_METHOD_MATCH = YES
               CLASS_FILE_DIR = /Users/otislewis/arena/build/ios/Pods.build/Release-iphonesimulator/leveldb-library-leveldb_Privacy.build/JavaClasses
               CLEAN_PRECOMPS = YES
               CLONE_HEADERS = NO
               CODESIGNING_FOLDER_PATH = /Users/otislewis/arena/build/ios/Release-iphonesimulator/leveldb-library/leveldb_Privacy.bundle
               CODE_SIGNING_ALLOWED = NO
               CODE_SIGNING_IDENTITY = -
               CODE_SIGNING_REQUIRED = NO
               CODE_SIGN_CONTEXT_CLASS = XCiPhoneSimulatorCodeSignContext
               CODE_SIGN_IDENTITY = -
               CODE_SIGN_INJECT_BASE_ENTITLEMENTS = YES
               COLOR_DIAGNOSTICS = NO
               COMBINE_HIDPI_IMAGES = NO
               COMPILATION_CACHE_CAS_PATH = /var/folders/4y/xy3fflts0nqfk1tsxg0t3mmr0000gn/C/com.apple.DeveloperTools/16.3-16E140/Xcode/CompilationCache.noindex
               COMPILATION_CACHE_KEEP_CAS_DIRECTORY = YES
               COMPILER_INDEX_STORE_ENABLE = Default
               COMPOSITE_SDK_DIRS = /Users/otislewis/arena/build/ios/CompositeSDKs
               COMPRESS_PNG_FILES = YES
               CONFIGURATION = Release
               CONFIGURATION_BUILD_DIR = /Users/otislewis/arena/build/ios/Release-iphonesimulator/leveldb-library
               CONFIGURATION_TEMP_DIR = /Users/otislewis/arena/build/ios/Pods.build/Release-iphonesimulator
               CONTENTS_FOLDER_PATH = leveldb_Privacy.bundle
               CONTENTS_FOLDER_PATH_SHALLOW_BUNDLE_NO = leveldb_Privacy.bundle/Contents
               CONTENTS_FOLDER_PATH_SHALLOW_BUNDLE_YES = leveldb_Privacy.bundle
               COPYING_PRESERVES_HFS_DATA = NO
               COPY_HEADERS_RUN_UNIFDEF = NO
               COPY_PHASE_STRIP = NO
               CORRESPONDING_DEVICE_PLATFORM_DIR = /Applications/Xcode.app/Contents/Developer/Platforms/iPhoneOS.platform
               CORRESPONDING_DEVICE_PLATFORM_NAME = iphoneos
               CORRESPONDING_DEVICE_SDK_DIR = /Applications/Xcode.app/Contents/Developer/Platforms/iPhoneOS.platform/Developer/SDKs/iPhoneOS18.4.sdk
               CORRESPONDING_DEVICE_SDK_NAME = iphoneos18.4
               CP = /bin/cp
               CREATE_INFOPLIST_SECTION_IN_BINARY = NO
               CURRENT_ARCH = undefined_arch
               CURRENT_VARIANT = normal
               DEAD_CODE_STRIPPING = YES
               DEBUGGING_SYMBOLS = YES
               DEBUG_INFORMATION_FORMAT = dwarf-with-dsym
               DEBUG_INFORMATION_VERSION = compiler-default
               DEFAULT_COMPILER = com.apple.compilers.llvm.clang.1_0
               DEFAULT_DEXT_INSTALL_PATH = /System/Library/DriverExtensions
               DEFAULT_KEXT_INSTALL_PATH = /System/Library/Extensions
               DEFINES_MODULE = NO
               DEPLOYMENT_LOCATION = NO
               DEPLOYMENT_POSTPROCESSING = NO
               DEPLOYMENT_TARGET_SETTING_NAME = IPHONEOS_DEPLOYMENT_TARGET
               DEPLOYMENT_TARGET_SUGGESTED_VALUES = 12.0 12.1 12.2 12.3 12.4 13.0 13.1 13.2 13.3 13.4 13.5 13.6 14.0 14.1 14.2 14.3 14.4 14.5 14.6 14.7 15.0 15.1 15.2 15.3 15.4 15.5 15.6 16.0 16.1 16.2 16.3 16.4 16.5 16.6 17.0 17.1 17.2 17.3 17.4 17.5 17.6 18.0 18.1 18.2 18.3 18.4
               DERIVED_FILES_DIR = /Users/otislewis/arena/build/ios/Pods.build/Release-iphonesimulator/leveldb-library-leveldb_Privacy.build/DerivedSources
               DERIVED_FILE_DIR = /Users/otislewis/arena/build/ios/Pods.build/Release-iphonesimulator/leveldb-library-leveldb_Privacy.build/DerivedSources
               DERIVED_SOURCES_DIR = /Users/otislewis/arena/build/ios/Pods.build/Release-iphonesimulator/leveldb-library-leveldb_Privacy.build/DerivedSources
               DEVELOPER_APPLICATIONS_DIR = /Applications/Xcode.app/Contents/Developer/Applications
               DEVELOPER_BIN_DIR = /Applications/Xcode.app/Contents/Developer/usr/bin
               DEVELOPER_DIR = /Applications/Xcode.app/Contents/Developer
               DEVELOPER_FRAMEWORKS_DIR = /Applications/Xcode.app/Contents/Developer/Library/Frameworks
               DEVELOPER_FRAMEWORKS_DIR_QUOTED = /Applications/Xcode.app/Contents/Developer/Library/Frameworks
               DEVELOPER_LIBRARY_DIR = /Applications/Xcode.app/Contents/Developer/Library
               DEVELOPER_SDK_DIR = /Applications/Xcode.app/Contents/Developer/Platforms/MacOSX.platform/Developer/SDKs
               DEVELOPER_TOOLS_DIR = /Applications/Xcode.app/Contents/Developer/Tools
               DEVELOPER_USR_DIR = /Applications/Xcode.app/Contents/Developer/usr
               DEVELOPMENT_LANGUAGE = en
               DIAGNOSE_MISSING_TARGET_DEPENDENCIES = YES
               DIFF = /usr/bin/diff
               DOCUMENTATION_FOLDER_PATH = leveldb_Privacy.bundle/en.lproj/Documentation
               DONT_GENERATE_INFOPLIST_FILE = NO
               DSTROOT = /tmp/Pods.dst
               DT_TOOLCHAIN_DIR = /Applications/Xcode.app/Contents/Developer/Toolchains/XcodeDefault.xctoolchain
               DWARF_DSYM_FILE_NAME = leveldb_Privacy.bundle.dSYM
               DWARF_DSYM_FILE_SHOULD_ACCOMPANY_PRODUCT = NO
               DWARF_DSYM_FOLDER_PATH = /Users/otislewis/arena/build/ios/Release-iphonesimulator/leveldb-library
               DYNAMIC_LIBRARY_EXTENSION = dylib
               EAGER_COMPILATION_ALLOW_SCRIPTS = NO
               EAGER_LINKING = NO
               EFFECTIVE_PLATFORM_NAME = -iphonesimulator
               EMBEDDED_CONTENT_CONTAINS_SWIFT = NO
               EMBED_ASSET_PACKS_IN_PRODUCT_BUNDLE = NO
               ENABLE_APP_SANDBOX = NO
               ENABLE_BITCODE = NO
               ENABLE_CODE_COVERAGE = YES
               ENABLE_DEFAULT_HEADER_SEARCH_PATHS = YES
               ENABLE_DEFAULT_SEARCH_PATHS = YES
               ENABLE_HARDENED_RUNTIME = NO
               ENABLE_HEADER_DEPENDENCIES = YES
               ENABLE_INCOMING_NETWORK_CONNECTIONS = NO
               ENABLE_NS_ASSERTIONS = NO
               ENABLE_ON_DEMAND_RESOURCES = NO
               ENABLE_OUTGOING_NETWORK_CONNECTIONS = NO
               ENABLE_RESOURCE_ACCESS_AUDIO_INPUT = NO
               ENABLE_RESOURCE_ACCESS_BLUETOOTH = NO
               ENABLE_RESOURCE_ACCESS_CALENDARS = NO
               ENABLE_RESOURCE_ACCESS_CAMERA = NO
               ENABLE_RESOURCE_ACCESS_CONTACTS = NO
               ENABLE_RESOURCE_ACCESS_LOCATION = NO
               ENABLE_RESOURCE_ACCESS_PRINTING = NO
               ENABLE_RESOURCE_ACCESS_USB = NO
               ENABLE_SDK_IMPORTS = NO
               ENABLE_STRICT_OBJC_MSGSEND = YES
               ENABLE_TESTABILITY = NO
               ENABLE_TESTING_SEARCH_PATHS = NO
               ENABLE_USER_SCRIPT_SANDBOXING = NO
               ENFORCE_VALID_ARCHS = YES
               ENTITLEMENTS_DESTINATION = __entitlements
               ENTITLEMENTS_REQUIRED = NO
               EXCLUDED_ARCHS = arm64
               EXCLUDED_INSTALLSRC_SUBDIRECTORY_PATTERNS = .DS_Store .svn .git .hg CVS
               EXCLUDED_RECURSIVE_SEARCH_PATH_SUBDIRECTORIES = *.nib *.lproj *.framework *.gch *.xcode* *.xcassets (*) .DS_Store CVS .svn .git .hg *.pbproj *.pbxproj
               EXECUTABLES_FOLDER_PATH = leveldb_Privacy.bundle/Executables
               EXECUTABLE_FOLDER_PATH = leveldb_Privacy.bundle
               EXECUTABLE_FOLDER_PATH_SHALLOW_BUNDLE_NO = leveldb_Privacy.bundle/MacOS
               EXECUTABLE_FOLDER_PATH_SHALLOW_BUNDLE_YES = leveldb_Privacy.bundle
               EXECUTABLE_NAME = leveldb_Privacy
               EXECUTABLE_PATH = leveldb_Privacy.bundle/leveldb_Privacy
               EXPANDED_CODE_SIGN_IDENTITY = -
               EXTENSIONS_FOLDER_PATH = leveldb_Privacy.bundle/Extensions
               FILE_LIST = /Users/otislewis/arena/build/ios/Pods.build/Release-iphonesimulator/leveldb-library-leveldb_Privacy.build/Objects/LinkFileList
               FIXED_FILES_DIR = /Users/otislewis/arena/build/ios/Pods.build/Release-iphonesimulator/leveldb-library-leveldb_Privacy.build/FixedFiles
               FRAMEWORKS_FOLDER_PATH = leveldb_Privacy.bundle/Frameworks
               FRAMEWORK_FLAG_PREFIX = -framework
               FRAMEWORK_SEARCH_PATHS = /Users/otislewis/arena/build/ios/Release-iphonesimulator/leveldb-library 
               FRAMEWORK_VERSION = A
               FULL_PRODUCT_NAME = leveldb_Privacy.bundle
               FUSE_BUILD_PHASES = YES
               FUSE_BUILD_SCRIPT_PHASES = NO
               GCC3_VERSION = 3.3
               GCC_C_LANGUAGE_STANDARD = gnu11
               GCC_INLINES_ARE_PRIVATE_EXTERN = YES
               GCC_NO_COMMON_BLOCKS = YES
               GCC_OBJC_LEGACY_DISPATCH = YES
               GCC_PFE_FILE_C_DIALECTS = c objective-c c++ objective-c++
               GCC_PREPROCESSOR_DEFINITIONS = POD_CONFIGURATION_RELEASE=1  COCOAPODS=1 LEVELDB_IS_BIG_ENDIAN=0 LEVELDB_PLATFORM_POSIX HAVE_FULLFSYNC=1
               GCC_TREAT_WARNINGS_AS_ERRORS = NO
               GCC_VERSION = com.apple.compilers.llvm.clang.1_0
               GCC_VERSION_IDENTIFIER = com_apple_compilers_llvm_clang_1_0
               GCC_WARN_64_TO_32_BIT_CONVERSION = YES
               GCC_WARN_ABOUT_RETURN_TYPE = YES_ERROR
               GCC_WARN_UNDECLARED_SELECTOR = YES
               GCC_WARN_UNINITIALIZED_AUTOS = YES_AGGRESSIVE
               GCC_WARN_UNUSED_FUNCTION = YES
               GCC_WARN_UNUSED_VARIABLE = YES
               GENERATED_MODULEMAP_DIR = /Users/otislewis/arena/build/ios/GeneratedModuleMaps-iphonesimulator
               GENERATE_INFOPLIST_FILE = NO
               GENERATE_INTERMEDIATE_TEXT_BASED_STUBS = YES
               GENERATE_MASTER_OBJECT_FILE = NO
               GENERATE_PKGINFO_FILE = NO
               GENERATE_PROFILING_CODE = NO
               GENERATE_TEXT_BASED_STUBS = NO
               GID = 20
               GROUP = staff
               HEADERMAP_INCLUDES_FLAT_ENTRIES_FOR_TARGET_BEING_BUILT = YES
               HEADERMAP_INCLUDES_FRAMEWORK_ENTRIES_FOR_ALL_PRODUCT_TYPES = YES
               HEADERMAP_INCLUDES_FRAMEWORK_ENTRIES_FOR_TARGETS_NOT_BEING_BUILT = YES
               HEADERMAP_INCLUDES_NONPUBLIC_NONPRIVATE_HEADERS = YES
               HEADERMAP_INCLUDES_PROJECT_HEADERS = YES
               HEADERMAP_USES_FRAMEWORK_PREFIX_ENTRIES = YES
               HEADERMAP_USES_VFS = NO
               HEADER_SEARCH_PATHS = /Users/otislewis/arena/build/ios/Release-iphonesimulator/leveldb-library/include  "/Users/otislewis/arena/ios/Pods/leveldb-library"
               HIDE_BITCODE_SYMBOLS = YES
               HOME = /Users/otislewis
               HOST_ARCH = arm64
               HOST_PLATFORM = macosx
               IBSC_MODULE = leveldb
               ICONV = /usr/bin/iconv
               IMPLICIT_DEPENDENCY_DOMAIN = default
               INFOPLIST_ENABLE_CFBUNDLEICONS_MERGE = YES
               INFOPLIST_EXPAND_BUILD_SETTINGS = YES
               INFOPLIST_FILE = Target Support Files/leveldb-library/ResourceBundle-leveldb_Privacy-leveldb-library-Info.plist
               INFOPLIST_OUTPUT_FORMAT = binary
               INFOPLIST_PATH = leveldb_Privacy.bundle/Info.plist
               INFOPLIST_PREPROCESS = NO
               INFOSTRINGS_PATH = leveldb_Privacy.bundle/en.lproj/InfoPlist.strings
               INLINE_PRIVATE_FRAMEWORKS = NO
               INSTALLAPI_IGNORE_SKIP_INSTALL = YES
               INSTALLHDRS_COPY_PHASE = NO
               INSTALLHDRS_SCRIPT_PHASE = NO
               INSTALL_DIR = /tmp/Pods.dst
               INSTALL_GROUP = staff
               INSTALL_MODE_FLAG = u+w,go-w,a+rX
               INSTALL_OWNER = otislewis
               INSTALL_ROOT = /tmp/Pods.dst
               IPHONEOS_DEPLOYMENT_TARGET = 13.0
               IS_UNOPTIMIZED_BUILD = NO
               JAVAC_DEFAULT_FLAGS = -J-Xms64m -J-XX:NewSize=4M -J-Dfile.encoding=UTF8
               JAVA_APP_STUB = /System/Library/Frameworks/JavaVM.framework/Resources/MacOS/JavaApplicationStub
               JAVA_ARCHIVE_CLASSES = YES
               JAVA_ARCHIVE_TYPE = JAR
               JAVA_COMPILER = /usr/bin/javac
               JAVA_FOLDER_PATH = leveldb_Privacy.bundle/Java
               JAVA_FRAMEWORK_RESOURCES_DIRS = Resources
               JAVA_JAR_FLAGS = cv
               JAVA_SOURCE_SUBDIR = .
               JAVA_USE_DEPENDENCIES = YES
               JAVA_ZIP_FLAGS = -urg
               JIKES_DEFAULT_FLAGS = +E +OLDCSO
               KEEP_PRIVATE_EXTERNS = NO
               LD_DEPENDENCY_INFO_FILE = /Users/otislewis/arena/build/ios/Pods.build/Release-iphonesimulator/leveldb-library-leveldb_Privacy.build/Objects-normal/undefined_arch/leveldb_Privacy_dependency_info.dat
               LD_EXPORT_SYMBOLS = YES
               LD_GENERATE_MAP_FILE = NO
               LD_MAP_FILE_PATH = /Users/otislewis/arena/build/ios/Pods.build/Release-iphonesimulator/leveldb-library-leveldb_Privacy.build/leveldb_Privacy-LinkMap-normal-undefined_arch.txt
               LD_NO_PIE = NO
               LD_QUOTE_LINKER_ARGUMENTS_FOR_COMPILER_DRIVER = YES
               LD_SHARED_CACHE_ELIGIBLE = Automatic
               LD_WARN_DUPLICATE_LIBRARIES = NO
               LD_WARN_UNUSED_DYLIBS = NO
               LEGACY_DEVELOPER_DIR = /Applications/Xcode.app/Contents/PlugIns/Xcode3Core.ideplugin/Contents/SharedSupport/Developer
               LEX = lex
               LIBRARY_DEXT_INSTALL_PATH = /Library/DriverExtensions
               LIBRARY_FLAG_NOSPACE = YES
               LIBRARY_FLAG_PREFIX = -l
               LIBRARY_KEXT_INSTALL_PATH = /Library/Extensions
               LIBRARY_SEARCH_PATHS = /Users/otislewis/arena/build/ios/Release-iphonesimulator/leveldb-library 
               LINKER_DISPLAYS_MANGLED_NAMES = NO
               LINK_OBJC_RUNTIME = YES
               LINK_WITH_STANDARD_LIBRARIES = YES
               LLVM_TARGET_TRIPLE_OS_VERSION = ios13.0
               LLVM_TARGET_TRIPLE_SUFFIX = -simulator
               LLVM_TARGET_TRIPLE_VENDOR = apple
               LOCALIZATION_EXPORT_SUPPORTED = YES
               LOCALIZATION_PREFERS_STRING_CATALOGS = NO
               LOCALIZED_RESOURCES_FOLDER_PATH = leveldb_Privacy.bundle/en.lproj
               LOCALIZED_STRING_MACRO_NAMES = NSLocalizedString CFCopyLocalizedString
               LOCALIZED_STRING_SWIFTUI_SUPPORT = YES
               LOCAL_ADMIN_APPS_DIR = /Applications/Utilities
               LOCAL_APPS_DIR = /Applications
               LOCAL_DEVELOPER_DIR = /Library/Developer
               LOCAL_LIBRARY_DIR = /Library
               LOCROOT = /Users/otislewis/arena/ios/Pods
               LOCSYMROOT = /Users/otislewis/arena/ios/Pods
               MACH_O_TYPE = mh_bundle
               MAC_OS_X_PRODUCT_BUILD_VERSION = 24F74
               MAC_OS_X_VERSION_ACTUAL = 150500
               MAC_OS_X_VERSION_MAJOR = 150000
               MAC_OS_X_VERSION_MINOR = 150500
               MAKE_MERGEABLE = NO
               MERGEABLE_LIBRARY = NO
               MERGED_BINARY_TYPE = none
               MERGE_LINKED_LIBRARIES = NO
               METAL_LIBRARY_FILE_BASE = default
               METAL_LIBRARY_OUTPUT_DIR = /Users/otislewis/arena/build/ios/Release-iphonesimulator/leveldb-library/leveldb_Privacy.bundle
               MODULES_FOLDER_PATH = leveldb_Privacy.bundle/Modules
               MTL_ENABLE_DEBUG_INFO = NO
               MTL_FAST_MATH = YES
               NATIVE_ARCH = arm64
               NATIVE_ARCH_32_BIT = arm
               NATIVE_ARCH_64_BIT = arm64
               NATIVE_ARCH_ACTUAL = arm64
               NO_COMMON = YES
               OBJC_ABI_VERSION = 2
               OBJECT_FILE_DIR = /Users/otislewis/arena/build/ios/Pods.build/Release-iphonesimulator/leveldb-library-leveldb_Privacy.build/Objects
               OBJECT_FILE_DIR_normal = /Users/otislewis/arena/build/ios/Pods.build/Release-iphonesimulator/leveldb-library-leveldb_Privacy.build/Objects-normal
               OBJROOT = /Users/otislewis/arena/build/ios
               ONLY_ACTIVE_ARCH = NO
               OS = MACOS
               OSAC = /usr/bin/osacompile
               OTHER_LDFLAGS =  -l"c++"
               PACKAGE_TYPE = com.apple.package-type.wrapper
               PASCAL_STRINGS = YES
               PATH = /Applications/Xcode.app/Contents/SharedFrameworks/SwiftBuild.framework/Versions/A/PlugIns/SWBBuildService.bundle/Contents/PlugIns/SWBUniversalPlatformPlugin.bundle/Contents/Frameworks/SWBUniversalPlatform.framework/Resources:/Applications/Xcode.app/Contents/Developer/Toolchains/XcodeDefault.xctoolchain/usr/bin:/Applications/Xcode.app/Contents/Developer/Toolchains/XcodeDefault.xctoolchain/usr/local/bin:/Applications/Xcode.app/Contents/Developer/Toolchains/XcodeDefault.xctoolchain/usr/libexec:/Applications/Xcode.app/Contents/Developer/Platforms/iPhoneSimulator.platform/usr/bin:/Applications/Xcode.app/Contents/Developer/Platforms/iPhoneSimulator.platform/usr/local/bin:/Applications/Xcode.app/Contents/Developer/Platforms/iPhoneSimulator.platform/Developer/usr/bin:/Applications/Xcode.app/Contents/Developer/Platforms/iPhoneSimulator.platform/Developer/usr/local/bin:/Applications/Xcode.app/Contents/Developer/usr/bin:/Applications/Xcode.app/Contents/Developer/usr/local/bin:/Users/otislewis/.gem/ruby/3.3.0/bin:/opt/homebrew/bin:/opt/homebrew/sbin:/usr/local/bin:/System/Cryptexes/App/usr/bin:/usr/bin:/bin:/usr/sbin:/sbin:/var/run/com.apple.security.cryptexd/codex.system/bootstrap/usr/local/bin:/var/run/com.apple.security.cryptexd/codex.system/bootstrap/usr/bin:/var/run/com.apple.security.cryptexd/codex.system/bootstrap/usr/appleinternal/bin:/Library/Apple/usr/bin:/opt/homebrew/Caskroom/flutter/3.32.0/flutter/bin:/Users/otislewis/Library/Android/sdk/emulator:/Users/otislewis/Library/Android/sdk/tools:/Users/otislewis/Library/Android/sdk/tools/bin:/Users/otislewis/Library/Android/sdk/platform-tools:/opt/homebrew/Caskroom/flutter/3.32.0/flutter/bin/cache/dart-sdk/bin
               PATH_PREFIXES_EXCLUDED_FROM_HEADER_DEPENDENCIES = /usr/include /usr/local/include /System/Library/Frameworks /System/Library/PrivateFrameworks /Applications/Xcode.app/Contents/Developer/Headers /Applications/Xcode.app/Contents/Developer/SDKs /Applications/Xcode.app/Contents/Developer/Platforms
               PBDEVELOPMENTPLIST_PATH = leveldb_Privacy.bundle/pbdevelopment.plist
               PER_ARCH_MODULE_FILE_DIR = /Users/otislewis/arena/build/ios/Pods.build/Release-iphonesimulator/leveldb-library-leveldb_Privacy.build/Objects-normal/undefined_arch
               PER_ARCH_OBJECT_FILE_DIR = /Users/otislewis/arena/build/ios/Pods.build/Release-iphonesimulator/leveldb-library-leveldb_Privacy.build/Objects-normal/undefined_arch
               PER_VARIANT_OBJECT_FILE_DIR = /Users/otislewis/arena/build/ios/Pods.build/Release-iphonesimulator/leveldb-library-leveldb_Privacy.build/Objects-normal
               PKGINFO_FILE_PATH = /Users/otislewis/arena/build/ios/Pods.build/Release-iphonesimulator/leveldb-library-leveldb_Privacy.build/PkgInfo
               PKGINFO_PATH = leveldb_Privacy.bundle/PkgInfo
               PLATFORM_DEVELOPER_APPLICATIONS_DIR = /Applications/Xcode.app/Contents/Developer/Platforms/iPhoneSimulator.platform/Developer/Applications
               PLATFORM_DEVELOPER_BIN_DIR = /Applications/Xcode.app/Contents/Developer/Platforms/iPhoneSimulator.platform/Developer/usr/bin
               PLATFORM_DEVELOPER_LIBRARY_DIR = /Applications/Xcode.app/Contents/Developer/Platforms/iPhoneSimulator.platform/Developer/Library
               PLATFORM_DEVELOPER_SDK_DIR = /Applications/Xcode.app/Contents/Developer/Platforms/iPhoneSimulator.platform/Developer/SDKs
               PLATFORM_DEVELOPER_TOOLS_DIR = /Applications/Xcode.app/Contents/Developer/Platforms/iPhoneSimulator.platform/Developer/Tools
               PLATFORM_DEVELOPER_USR_DIR = /Applications/Xcode.app/Contents/Developer/Platforms/iPhoneSimulator.platform/Developer/usr
               PLATFORM_DIR = /Applications/Xcode.app/Contents/Developer/Platforms/iPhoneSimulator.platform
               PLATFORM_DISPLAY_NAME = iOS Simulator
               PLATFORM_FAMILY_NAME = iOS
               PLATFORM_NAME = iphonesimulator
               PLATFORM_PREFERRED_ARCH = x86_64
               PLATFORM_PRODUCT_BUILD_VERSION = 22E235
               PLATFORM_REQUIRES_SWIFT_AUTOLINK_EXTRACT = NO
               PLATFORM_REQUIRES_SWIFT_MODULEWRAP = NO
               PLIST_FILE_OUTPUT_FORMAT = binary
               PLUGINS_FOLDER_PATH = leveldb_Privacy.bundle/PlugIns
               PODS_BUILD_DIR = /Users/otislewis/arena/build/ios
               PODS_CONFIGURATION_BUILD_DIR = /Users/otislewis/arena/build/ios/Release-iphonesimulator
               PODS_DEVELOPMENT_LANGUAGE = en
               PODS_ROOT = /Users/otislewis/arena/ios/Pods
               PODS_TARGET_SRCROOT = /Users/otislewis/arena/ios/Pods/leveldb-library
               PODS_XCFRAMEWORKS_BUILD_DIR = /Users/otislewis/arena/build/ios/Release-iphonesimulator/XCFrameworkIntermediates
               PRECOMPS_INCLUDE_HEADERS_FROM_BUILT_PRODUCTS_DIR = YES
               PRECOMP_DESTINATION_DIR = /Users/otislewis/arena/build/ios/Pods.build/Release-iphonesimulator/leveldb-library-leveldb_Privacy.build/PrefixHeaders
               PRIVATE_HEADERS_FOLDER_PATH = leveldb_Privacy.bundle/PrivateHeaders
               PROCESSED_INFOPLIST_PATH = /Users/otislewis/arena/build/ios/Pods.build/Release-iphonesimulator/leveldb-library-leveldb_Privacy.build/Objects-normal/undefined_arch/Processed-Info.plist
               PRODUCT_BUNDLE_IDENTIFIER = org.cocoapods.leveldb-Privacy
               PRODUCT_BUNDLE_PACKAGE_TYPE = BNDL
               PRODUCT_MODULE_NAME = leveldb_Privacy
               PRODUCT_NAME = leveldb_Privacy
               PRODUCT_SETTINGS_PATH = /Users/otislewis/arena/ios/Pods/Target Support Files/leveldb-library/ResourceBundle-leveldb_Privacy-leveldb-library-Info.plist
               PRODUCT_TYPE = com.apple.product-type.bundle
               PROFILING_CODE = NO
               PROJECT = Pods
               PROJECT_DERIVED_FILE_DIR = /Users/otislewis/arena/build/ios/Pods.build/DerivedSources
               PROJECT_DIR = /Users/otislewis/arena/ios/Pods
               PROJECT_FILE_PATH = /Users/otislewis/arena/ios/Pods/Pods.xcodeproj
               PROJECT_GUID = bfdfe7dc352907fc980b868725387e98
               PROJECT_NAME = Pods
               PROJECT_TEMP_DIR = /Users/otislewis/arena/build/ios/Pods.build
               PROJECT_TEMP_ROOT = /Users/otislewis/arena/build/ios
               PUBLIC_HEADERS_FOLDER_PATH = leveldb_Privacy.bundle/Headers
               RECOMMENDED_IPHONEOS_DEPLOYMENT_TARGET = 15.0
               RECURSIVE_SEARCH_PATHS_FOLLOW_SYMLINKS = YES
               REMOVE_CVS_FROM_RESOURCES = YES
               REMOVE_GIT_FROM_RESOURCES = YES
               REMOVE_HEADERS_FROM_EMBEDDED_BUNDLES = YES
               REMOVE_HG_FROM_RESOURCES = YES
               REMOVE_STATIC_EXECUTABLES_FROM_EMBEDDED_BUNDLES = YES
               REMOVE_SVN_FROM_RESOURCES = YES
               RESCHEDULE_INDEPENDENT_HEADERS_PHASES = YES
               REZ_COLLECTOR_DIR = /Users/otislewis/arena/build/ios/Pods.build/Release-iphonesimulator/leveldb-library-leveldb_Privacy.build/ResourceManagerResources
               REZ_OBJECTS_DIR = /Users/otislewis/arena/build/ios/Pods.build/Release-iphonesimulator/leveldb-library-leveldb_Privacy.build/ResourceManagerResources/Objects
               REZ_SEARCH_PATHS = /Users/otislewis/arena/build/ios/Release-iphonesimulator/leveldb-library 
               SCAN_ALL_SOURCE_FILES_FOR_INCLUDES = NO
               SCRIPTS_FOLDER_PATH = leveldb_Privacy.bundle/Scripts
               SDKROOT = /Applications/Xcode.app/Contents/Developer/Platforms/iPhoneSimulator.platform/Developer/SDKs/iPhoneSimulator18.4.sdk
               SDK_DIR = /Applications/Xcode.app/Contents/Developer/Platforms/iPhoneSimulator.platform/Developer/SDKs/iPhoneSimulator18.4.sdk
               SDK_DIR_iphonesimulator = /Applications/Xcode.app/Contents/Developer/Platforms/iPhoneSimulator.platform/Developer/SDKs/iPhoneSimulator18.4.sdk
               SDK_DIR_iphonesimulator18_4 = /Applications/Xcode.app/Contents/Developer/Platforms/iPhoneSimulator.platform/Developer/SDKs/iPhoneSimulator18.4.sdk
               SDK_NAME = iphonesimulator18.4
               SDK_NAMES = iphonesimulator18.4
               SDK_PRODUCT_BUILD_VERSION = 22E235
               SDK_STAT_CACHE_DIR = /var/folders/4y/xy3fflts0nqfk1tsxg0t3mmr0000gn/C/com.apple.DeveloperTools/16.3-16E140/Xcode
               SDK_STAT_CACHE_ENABLE = YES
               SDK_STAT_CACHE_PATH = /var/folders/4y/xy3fflts0nqfk1tsxg0t3mmr0000gn/C/com.apple.DeveloperTools/16.3-16E140/Xcode/SDKStatCaches.noindex/iphonesimulator18.4-22E235-71825a6d136aa4733edcbe86ece5525b.sdkstatcache
               SDK_VERSION = 18.4
               SDK_VERSION_ACTUAL = 180400
               SDK_VERSION_MAJOR = 180000
               SDK_VERSION_MINOR = 180400
               SED = /usr/bin/sed
               SEPARATE_STRIP = NO
               SEPARATE_SYMBOL_EDIT = NO
               SET_DIR_MODE_OWNER_GROUP = YES
               SET_FILE_MODE_OWNER_GROUP = NO
               SHALLOW_BUNDLE = YES
               SHALLOW_BUNDLE_TRIPLE = ios-simulator
               SHALLOW_BUNDLE_ios_macabi = NO
               SHALLOW_BUNDLE_macos = NO
               SHARED_DERIVED_FILE_DIR = /Users/otislewis/arena/build/ios/Release-iphonesimulator/leveldb-library/DerivedSources
               SHARED_FRAMEWORKS_FOLDER_PATH = leveldb_Privacy.bundle/SharedFrameworks
               SHARED_PRECOMPS_DIR = /Users/otislewis/arena/build/ios/SharedPrecompiledHeaders
               SHARED_SUPPORT_FOLDER_PATH = leveldb_Privacy.bundle/SharedSupport
               SKIP_INSTALL = YES
               SOURCE_ROOT = /Users/otislewis/arena/ios/Pods
               SRCROOT = /Users/otislewis/arena/ios/Pods
               STRINGSDATA_DIR = /Users/otislewis/arena/build/ios/Pods.build/Release-iphonesimulator/leveldb-library-leveldb_Privacy.build/Objects-normal/undefined_arch
               STRINGSDATA_ROOT = /Users/otislewis/arena/build/ios/Pods.build/Release-iphonesimulator/leveldb-library-leveldb_Privacy.build
               STRINGS_FILE_INFOPLIST_RENAME = YES
               STRINGS_FILE_OUTPUT_ENCODING = binary
               STRIP_BITCODE_FROM_COPIED_FILES = NO
               STRIP_INSTALLED_PRODUCT = NO
               STRIP_STYLE = non-global
               STRIP_SWIFT_SYMBOLS = YES
               SUPPORTED_DEVICE_FAMILIES = 1,2
               SUPPORTED_PLATFORMS = iphoneos iphonesimulator
               SUPPORTS_TEXT_BASED_API = NO
               SUPPRESS_WARNINGS = NO
               SWIFT_COMPILATION_MODE = wholemodule
               SWIFT_EMIT_LOC_STRINGS = NO
               SWIFT_OPTIMIZATION_LEVEL = -O
               SWIFT_PLATFORM_TARGET_PREFIX = ios
               SWIFT_VERSION = 5.0
               SYMROOT = /Users/otislewis/arena/ios/build
               SYSTEM_ADMIN_APPS_DIR = /Applications/Utilities
               SYSTEM_APPS_DIR = /Applications
               SYSTEM_CORE_SERVICES_DIR = /System/Library/CoreServices
               SYSTEM_DEMOS_DIR = /Applications/Extras
               SYSTEM_DEVELOPER_APPS_DIR = /Applications/Xcode.app/Contents/Developer/Applications
               SYSTEM_DEVELOPER_BIN_DIR = /Applications/Xcode.app/Contents/Developer/usr/bin
               SYSTEM_DEVELOPER_DEMOS_DIR = /Applications/Xcode.app/Contents/Developer/Applications/Utilities/Built Examples
               SYSTEM_DEVELOPER_DIR = /Applications/Xcode.app/Contents/Developer
               SYSTEM_DEVELOPER_DOC_DIR = /Applications/Xcode.app/Contents/Developer/ADC Reference Library
               SYSTEM_DEVELOPER_GRAPHICS_TOOLS_DIR = /Applications/Xcode.app/Contents/Developer/Applications/Graphics Tools
               SYSTEM_DEVELOPER_JAVA_TOOLS_DIR = /Applications/Xcode.app/Contents/Developer/Applications/Java Tools
               SYSTEM_DEVELOPER_PERFORMANCE_TOOLS_DIR = /Applications/Xcode.app/Contents/Developer/Applications/Performance Tools
               SYSTEM_DEVELOPER_RELEASENOTES_DIR = /Applications/Xcode.app/Contents/Developer/ADC Reference Library/releasenotes
               SYSTEM_DEVELOPER_TOOLS = /Applications/Xcode.app/Contents/Developer/Tools
               SYSTEM_DEVELOPER_TOOLS_DOC_DIR = /Applications/Xcode.app/Contents/Developer/ADC Reference Library/documentation/DeveloperTools
               SYSTEM_DEVELOPER_TOOLS_RELEASENOTES_DIR = /Applications/Xcode.app/Contents/Developer/ADC Reference Library/releasenotes/DeveloperTools
               SYSTEM_DEVELOPER_USR_DIR = /Applications/Xcode.app/Contents/Developer/usr
               SYSTEM_DEVELOPER_UTILITIES_DIR = /Applications/Xcode.app/Contents/Developer/Applications/Utilities
               SYSTEM_DEXT_INSTALL_PATH = /System/Library/DriverExtensions
               SYSTEM_DOCUMENTATION_DIR = /Library/Documentation
               SYSTEM_EXTENSIONS_FOLDER_PATH = leveldb_Privacy.bundle/SystemExtensions
               SYSTEM_EXTENSIONS_FOLDER_PATH_SHALLOW_BUNDLE_NO = leveldb_Privacy.bundle/Library/SystemExtensions
               SYSTEM_EXTENSIONS_FOLDER_PATH_SHALLOW_BUNDLE_YES = leveldb_Privacy.bundle/SystemExtensions
               SYSTEM_KEXT_INSTALL_PATH = /System/Library/Extensions
               SYSTEM_LIBRARY_DIR = /System/Library
               TAPI_DEMANGLE = YES
               TAPI_ENABLE_PROJECT_HEADERS = NO
               TAPI_LANGUAGE = objective-c
               TAPI_LANGUAGE_STANDARD = compiler-default
               TAPI_USE_SRCROOT = YES
               TAPI_VERIFY_MODE = Pedantic
               TARGETED_DEVICE_FAMILY = 1,2
               TARGETNAME = leveldb-library-leveldb_Privacy
               TARGET_BUILD_DIR = /Users/otislewis/arena/build/ios/Release-iphonesimulator/leveldb-library
               TARGET_NAME = leveldb-library-leveldb_Privacy
               TARGET_TEMP_DIR = /Users/otislewis/arena/build/ios/Pods.build/Release-iphonesimulator/leveldb-library-leveldb_Privacy.build
               TEMP_DIR = /Users/otislewis/arena/build/ios/Pods.build/Release-iphonesimulator/leveldb-library-leveldb_Privacy.build
               TEMP_FILES_DIR = /Users/otislewis/arena/build/ios/Pods.build/Release-iphonesimulator/leveldb-library-leveldb_Privacy.build
               TEMP_FILE_DIR = /Users/otislewis/arena/build/ios/Pods.build/Release-iphonesimulator/leveldb-library-leveldb_Privacy.build
               TEMP_ROOT = /Users/otislewis/arena/build/ios
               TEMP_SANDBOX_DIR = /Users/otislewis/arena/build/ios/TemporaryTaskSandboxes
               TEST_FRAMEWORK_SEARCH_PATHS =  /Applications/Xcode.app/Contents/Developer/Platforms/iPhoneSimulator.platform/Developer/Library/Frameworks /Applications/Xcode.app/Contents/Developer/Platforms/iPhoneSimulator.platform/Developer/SDKs/iPhoneSimulator18.4.sdk/Developer/Library/Frameworks
               TEST_LIBRARY_SEARCH_PATHS =  /Applications/Xcode.app/Contents/Developer/Platforms/iPhoneSimulator.platform/Developer/usr/lib
               TOOLCHAINS = com.apple.dt.toolchain.XcodeDefault
               TOOLCHAIN_DIR = /Applications/Xcode.app/Contents/Developer/Toolchains/XcodeDefault.xctoolchain
               TREAT_MISSING_BASELINES_AS_TEST_FAILURES = NO
               TREAT_MISSING_SCRIPT_PHASE_OUTPUTS_AS_ERRORS = NO
               UID = 501
               UNINSTALLED_PRODUCTS_DIR = /Users/otislewis/arena/build/ios/UninstalledProducts
               UNLOCALIZED_RESOURCES_FOLDER_PATH = leveldb_Privacy.bundle
               UNLOCALIZED_RESOURCES_FOLDER_PATH_SHALLOW_BUNDLE_NO = leveldb_Privacy.bundle/Resources
               UNLOCALIZED_RESOURCES_FOLDER_PATH_SHALLOW_BUNDLE_YES = leveldb_Privacy.bundle
               UNSTRIPPED_PRODUCT = NO
               USER = otislewis
               USER_APPS_DIR = /Users/otislewis/Applications
               USER_LIBRARY_DIR = /Users/otislewis/Library
               USE_DYNAMIC_NO_PIC = YES
               USE_HEADERMAP = No
               USE_HEADER_SYMLINKS = NO
               USE_RECURSIVE_SCRIPT_INPUTS_IN_SCRIPT_PHASES = YES
               VALIDATE_DEVELOPMENT_ASSET_PATHS = YES_ERROR
               VALIDATE_PRODUCT = NO
               VALID_ARCHS = arm64
               VERBOSE_PBXCP = NO
               VERSIONPLIST_PATH = leveldb_Privacy.bundle/version.plist
               VERSION_INFO_BUILDER = otislewis
               VERSION_INFO_FILE = leveldb_Privacy_vers.c
               VERSION_INFO_STRING = "@(#)PROGRAM:leveldb_Privacy  PROJECT:Pods-"
               WARNING_CFLAGS = -Wno-shorten-64-to-32 -Wno-comma -Wno-unreachable-code -Wno-conditional-uninitialized -Wno-deprecated-declarations
               WORKSPACE_DIR = /Users/otislewis/arena/ios/Pods/Pods.xcodeproj
               WRAPPER_EXTENSION = bundle
               WRAPPER_NAME = leveldb_Privacy.bundle
               WRAPPER_SUFFIX = .bundle
               WRAP_ASSET_PACKS_IN_SEPARATE_DIRECTORIES = NO
               XCODE_APP_SUPPORT_DIR = /Applications/Xcode.app/Contents/Developer/Library/Xcode
               XCODE_PRODUCT_BUILD_VERSION = 16E140
               XCODE_VERSION_ACTUAL = 1630
               XCODE_VERSION_MAJOR = 1600
               XCODE_VERSION_MINOR = 1630
               XPCSERVICES_FOLDER_PATH = leveldb_Privacy.bundle/XPCServices
               YACC = yacc
               _DISCOVER_COMMAND_LINE_LINKER_INPUTS = YES
               _DISCOVER_COMMAND_LINE_LINKER_INPUTS_INCLUDE_WL = YES
               _WRAPPER_CONTENTS_DIR_SHALLOW_BUNDLE_NO = /Contents
               _WRAPPER_PARENT_PATH_SHALLOW_BUNDLE_NO = /..
               _WRAPPER_RESOURCES_DIR_SHALLOW_BUNDLE_NO = /Resources
               __DIAGNOSE_DEPRECATED_ARCHS = YES
               arch = undefined_arch
               variant = normal

           Build settings for action build and target nanopb:
               ACTION = build
               AD_HOC_CODE_SIGNING_ALLOWED = YES
               ALLOW_BUILD_REQUEST_OVERRIDES = NO
               ALLOW_TARGET_PLATFORM_SPECIALIZATION = NO
               ALTERNATE_GROUP = staff
               ALTERNATE_MODE = u+w,go-w,a+rX
               ALTERNATE_OWNER = otislewis
               ALTERNATIVE_DISTRIBUTION_WEB = NO
               ALWAYS_EMBED_SWIFT_STANDARD_LIBRARIES = NO
               ALWAYS_SEARCH_USER_PATHS = NO
               ALWAYS_USE_SEPARATE_HEADERMAPS = NO
               APPLICATION_EXTENSION_API_ONLY = NO
               APPLY_RULES_IN_COPY_FILES = NO
               APPLY_RULES_IN_COPY_HEADERS = NO
               APP_SHORTCUTS_ENABLE_FLEXIBLE_MATCHING = YES
               ARCHS_STANDARD = arm64 x86_64
               ARCHS_STANDARD_32_64_BIT = arm64 x86_64
               ARCHS_STANDARD_64_BIT = arm64 x86_64
               ARCHS_STANDARD_INCLUDING_64_BIT = arm64 x86_64
               ARCHS_UNIVERSAL_IPHONE_OS = arm64 x86_64
               AUTOMATICALLY_MERGE_DEPENDENCIES = NO
               AVAILABLE_PLATFORMS = android appletvos appletvsimulator driverkit iphoneos iphonesimulator macosx qnx watchos watchsimulator xros xrsimulator
               BITCODE_GENERATION_MODE = marker
               BUILD_ACTIVE_RESOURCES_ONLY = NO
               BUILD_COMPONENTS = headers build
               BUILD_DIR = /Users/otislewis/arena/build/ios
               BUILD_LIBRARY_FOR_DISTRIBUTION = NO
               BUILD_ROOT = /Users/otislewis/arena/ios/build
               BUILD_STYLE = 
               BUILD_VARIANTS = normal
               BUILT_PRODUCTS_DIR = /Users/otislewis/arena/build/ios/Release-iphonesimulator/nanopb
               BUNDLE_CONTENTS_FOLDER_PATH_deep = Contents/
               BUNDLE_EXECUTABLE_FOLDER_NAME_deep = MacOS
               BUNDLE_EXTENSIONS_FOLDER_PATH = Extensions
               BUNDLE_FORMAT = shallow
               BUNDLE_FRAMEWORKS_FOLDER_PATH = Frameworks
               BUNDLE_PLUGINS_FOLDER_PATH = PlugIns
               BUNDLE_PRIVATE_HEADERS_FOLDER_PATH = PrivateHeaders
               BUNDLE_PUBLIC_HEADERS_FOLDER_PATH = Headers
               CACHE_ROOT = /var/folders/4y/xy3fflts0nqfk1tsxg0t3mmr0000gn/C/com.apple.DeveloperTools/16.3-16E140/Xcode
               CCHROOT = /var/folders/4y/xy3fflts0nqfk1tsxg0t3mmr0000gn/C/com.apple.DeveloperTools/16.3-16E140/Xcode
               CHMOD = /bin/chmod
               CHOWN = /usr/sbin/chown
               CLANG_ANALYZER_LOCALIZABILITY_NONLOCALIZED = YES
               CLANG_ANALYZER_NONNULL = YES
               CLANG_ANALYZER_NUMBER_OBJECT_CONVERSION = YES_AGGRESSIVE
               CLANG_CACHE_FINE_GRAINED_OUTPUTS = YES
               CLANG_CXX_LANGUAGE_STANDARD = gnu++14
               CLANG_CXX_LIBRARY = libc++
               CLANG_ENABLE_EXPLICIT_MODULES = YES
               CLANG_ENABLE_MODULES = YES
               CLANG_ENABLE_OBJC_ARC = YES
               CLANG_ENABLE_OBJC_WEAK = YES
               CLANG_MODULES_BUILD_SESSION_FILE = /var/folders/4y/xy3fflts0nqfk1tsxg0t3mmr0000gn/C/org.llvm.clang/ModuleCache.noindex/Session.modulevalidation
               CLANG_WARN_BLOCK_CAPTURE_AUTORELEASING = YES
               CLANG_WARN_BOOL_CONVERSION = YES
               CLANG_WARN_COMMA = YES
               CLANG_WARN_CONSTANT_CONVERSION = YES
               CLANG_WARN_DEPRECATED_OBJC_IMPLEMENTATIONS = YES
               CLANG_WARN_DIRECT_OBJC_ISA_USAGE = YES_ERROR
               CLANG_WARN_DOCUMENTATION_COMMENTS = YES
               CLANG_WARN_EMPTY_BODY = YES
               CLANG_WARN_ENUM_CONVERSION = YES
               CLANG_WARN_INFINITE_RECURSION = YES
               CLANG_WARN_INT_CONVERSION = YES
               CLANG_WARN_NON_LITERAL_NULL_CONVERSION = YES
               CLANG_WARN_OBJC_IMPLICIT_RETAIN_SELF = YES
               CLANG_WARN_OBJC_LITERAL_CONVERSION = YES
               CLANG_WARN_OBJC_ROOT_CLASS = YES_ERROR
               CLANG_WARN_QUOTED_INCLUDE_IN_FRAMEWORK_HEADER = NO
               CLANG_WARN_RANGE_LOOP_ANALYSIS = YES
               CLANG_WARN_STRICT_PROTOTYPES = YES
               CLANG_WARN_SUSPICIOUS_MOVE = YES
               CLANG_WARN_UNGUARDED_AVAILABILITY = YES_AGGRESSIVE
               CLANG_WARN_UNREACHABLE_CODE = YES
               CLANG_WARN__DUPLICATE_METHOD_MATCH = YES
               CLASS_FILE_DIR = /Users/otislewis/arena/build/ios/Pods.build/Release-iphonesimulator/nanopb.build/JavaClasses
               CLEAN_PRECOMPS = YES
               CLONE_HEADERS = NO
               CODESIGNING_FOLDER_PATH = /Users/otislewis/arena/build/ios/Release-iphonesimulator/nanopb/nanopb.framework
               CODE_SIGNING_ALLOWED = YES
               CODE_SIGNING_REQUIRED = NO
               CODE_SIGNING_REQUIRES_TEAM = YES
               CODE_SIGN_CONTEXT_CLASS = XCiPhoneSimulatorCodeSignContext
               CODE_SIGN_IDENTITY = -
               CODE_SIGN_INJECT_BASE_ENTITLEMENTS = YES
               COLOR_DIAGNOSTICS = NO
               COMBINE_HIDPI_IMAGES = NO
               COMPILATION_CACHE_CAS_PATH = /var/folders/4y/xy3fflts0nqfk1tsxg0t3mmr0000gn/C/com.apple.DeveloperTools/16.3-16E140/Xcode/CompilationCache.noindex
               COMPILATION_CACHE_KEEP_CAS_DIRECTORY = YES
               COMPILER_INDEX_STORE_ENABLE = Default
               COMPOSITE_SDK_DIRS = /Users/otislewis/arena/build/ios/CompositeSDKs
               COMPRESS_PNG_FILES = YES
               CONFIGURATION = Release
               CONFIGURATION_BUILD_DIR = /Users/otislewis/arena/build/ios/Release-iphonesimulator/nanopb
               CONFIGURATION_TEMP_DIR = /Users/otislewis/arena/build/ios/Pods.build/Release-iphonesimulator
               CONTENTS_FOLDER_PATH = nanopb.framework
               CONTENTS_FOLDER_PATH_SHALLOW_BUNDLE_NO = nanopb.framework/A
               CONTENTS_FOLDER_PATH_SHALLOW_BUNDLE_YES = nanopb.framework
               COPYING_PRESERVES_HFS_DATA = NO
               COPY_HEADERS_RUN_UNIFDEF = NO
               COPY_PHASE_STRIP = NO
               CORRESPONDING_DEVICE_PLATFORM_DIR = /Applications/Xcode.app/Contents/Developer/Platforms/iPhoneOS.platform
               CORRESPONDING_DEVICE_PLATFORM_NAME = iphoneos
               CORRESPONDING_DEVICE_SDK_DIR = /Applications/Xcode.app/Contents/Developer/Platforms/iPhoneOS.platform/Developer/SDKs/iPhoneOS18.4.sdk
               CORRESPONDING_DEVICE_SDK_NAME = iphoneos18.4
               CP = /bin/cp
               CREATE_INFOPLIST_SECTION_IN_BINARY = NO
               CURRENT_ARCH = undefined_arch
               CURRENT_PROJECT_VERSION = 1
               CURRENT_VARIANT = normal
               CURRENT_VERSION = Current
               DEAD_CODE_STRIPPING = YES
               DEBUGGING_SYMBOLS = YES
               DEBUG_INFORMATION_FORMAT = dwarf-with-dsym
               DEBUG_INFORMATION_VERSION = compiler-default
               DEFAULT_COMPILER = com.apple.compilers.llvm.clang.1_0
               DEFAULT_DEXT_INSTALL_PATH = /System/Library/DriverExtensions
               DEFAULT_KEXT_INSTALL_PATH = /System/Library/Extensions
               DEFINES_MODULE = YES
               DEPLOYMENT_LOCATION = NO
               DEPLOYMENT_POSTPROCESSING = NO
               DEPLOYMENT_TARGET_SETTING_NAME = IPHONEOS_DEPLOYMENT_TARGET
               DEPLOYMENT_TARGET_SUGGESTED_VALUES = 12.0 12.1 12.2 12.3 12.4 13.0 13.1 13.2 13.3 13.4 13.5 13.6 14.0 14.1 14.2 14.3 14.4 14.5 14.6 14.7 15.0 15.1 15.2 15.3 15.4 15.5 15.6 16.0 16.1 16.2 16.3 16.4 16.5 16.6 17.0 17.1 17.2 17.3 17.4 17.5 17.6 18.0 18.1 18.2 18.3 18.4
               DERIVED_FILES_DIR = /Users/otislewis/arena/build/ios/Pods.build/Release-iphonesimulator/nanopb.build/DerivedSources
               DERIVED_FILE_DIR = /Users/otislewis/arena/build/ios/Pods.build/Release-iphonesimulator/nanopb.build/DerivedSources
               DERIVED_SOURCES_DIR = /Users/otislewis/arena/build/ios/Pods.build/Release-iphonesimulator/nanopb.build/DerivedSources
               DEVELOPER_APPLICATIONS_DIR = /Applications/Xcode.app/Contents/Developer/Applications
               DEVELOPER_BIN_DIR = /Applications/Xcode.app/Contents/Developer/usr/bin
               DEVELOPER_DIR = /Applications/Xcode.app/Contents/Developer
               DEVELOPER_FRAMEWORKS_DIR = /Applications/Xcode.app/Contents/Developer/Library/Frameworks
               DEVELOPER_FRAMEWORKS_DIR_QUOTED = /Applications/Xcode.app/Contents/Developer/Library/Frameworks
               DEVELOPER_LIBRARY_DIR = /Applications/Xcode.app/Contents/Developer/Library
               DEVELOPER_SDK_DIR = /Applications/Xcode.app/Contents/Developer/Platforms/MacOSX.platform/Developer/SDKs
               DEVELOPER_TOOLS_DIR = /Applications/Xcode.app/Contents/Developer/Tools
               DEVELOPER_USR_DIR = /Applications/Xcode.app/Contents/Developer/usr
               DEVELOPMENT_LANGUAGE = en
               DIAGNOSE_MISSING_TARGET_DEPENDENCIES = YES
               DIFF = /usr/bin/diff
               DOCUMENTATION_FOLDER_PATH = nanopb.framework/en.lproj/Documentation
               DONT_GENERATE_INFOPLIST_FILE = NO
               DSTROOT = /tmp/Pods.dst
               DT_TOOLCHAIN_DIR = /Applications/Xcode.app/Contents/Developer/Toolchains/XcodeDefault.xctoolchain
               DWARF_DSYM_FILE_NAME = nanopb.framework.dSYM
               DWARF_DSYM_FILE_SHOULD_ACCOMPANY_PRODUCT = NO
               DWARF_DSYM_FOLDER_PATH = /Users/otislewis/arena/build/ios/Release-iphonesimulator/nanopb
               DYLIB_COMPATIBILITY_VERSION = 1
               DYLIB_CURRENT_VERSION = 1
               DYLIB_INSTALL_NAME_BASE = @rpath
               DYNAMIC_LIBRARY_EXTENSION = dylib
               EAGER_COMPILATION_ALLOW_SCRIPTS = NO
               EAGER_LINKING = NO
               EFFECTIVE_PLATFORM_NAME = -iphonesimulator
               EMBEDDED_CONTENT_CONTAINS_SWIFT = NO
               EMBED_ASSET_PACKS_IN_PRODUCT_BUNDLE = NO
               ENABLE_APP_SANDBOX = NO
               ENABLE_BITCODE = NO
               ENABLE_CODE_COVERAGE = YES
               ENABLE_DEFAULT_HEADER_SEARCH_PATHS = YES
               ENABLE_DEFAULT_SEARCH_PATHS = YES
               ENABLE_HARDENED_RUNTIME = NO
               ENABLE_HEADER_DEPENDENCIES = YES
               ENABLE_INCOMING_NETWORK_CONNECTIONS = NO
               ENABLE_MODULE_VERIFIER = NO
               ENABLE_NS_ASSERTIONS = NO
               ENABLE_ON_DEMAND_RESOURCES = NO
               ENABLE_OUTGOING_NETWORK_CONNECTIONS = NO
               ENABLE_RESOURCE_ACCESS_AUDIO_INPUT = NO
               ENABLE_RESOURCE_ACCESS_BLUETOOTH = NO
               ENABLE_RESOURCE_ACCESS_CALENDARS = NO
               ENABLE_RESOURCE_ACCESS_CAMERA = NO
               ENABLE_RESOURCE_ACCESS_CONTACTS = NO
               ENABLE_RESOURCE_ACCESS_LOCATION = NO
               ENABLE_RESOURCE_ACCESS_PRINTING = NO
               ENABLE_RESOURCE_ACCESS_USB = NO
               ENABLE_SDK_IMPORTS = NO
               ENABLE_STRICT_OBJC_MSGSEND = YES
               ENABLE_TESTABILITY = NO
               ENABLE_TESTING_SEARCH_PATHS = NO
               ENABLE_USER_SCRIPT_SANDBOXING = NO
               ENFORCE_VALID_ARCHS = YES
               ENTITLEMENTS_DESTINATION = __entitlements
               ENTITLEMENTS_REQUIRED = NO
               EXCLUDED_ARCHS = arm64
               EXCLUDED_INSTALLSRC_SUBDIRECTORY_PATTERNS = .DS_Store .svn .git .hg CVS
               EXCLUDED_RECURSIVE_SEARCH_PATH_SUBDIRECTORIES = *.nib *.lproj *.framework *.gch *.xcode* *.xcassets (*) .DS_Store CVS .svn .git .hg *.pbproj *.pbxproj
               EXECUTABLES_FOLDER_PATH = nanopb.framework/en.lproj
               EXECUTABLE_FOLDER_PATH = nanopb.framework
               EXECUTABLE_FOLDER_PATH_SHALLOW_BUNDLE_NO = nanopb.framework
               EXECUTABLE_FOLDER_PATH_SHALLOW_BUNDLE_YES = nanopb.framework
               EXECUTABLE_NAME = nanopb
               EXECUTABLE_PATH = nanopb.framework/nanopb
               EXTENSIONS_FOLDER_PATH = nanopb.framework/Extensions
               FILE_LIST = /Users/otislewis/arena/build/ios/Pods.build/Release-iphonesimulator/nanopb.build/Objects/LinkFileList
               FIXED_FILES_DIR = /Users/otislewis/arena/build/ios/Pods.build/Release-iphonesimulator/nanopb.build/FixedFiles
               FRAMEWORKS_FOLDER_PATH = nanopb.framework/Frameworks
               FRAMEWORK_FLAG_PREFIX = -framework
               FRAMEWORK_SEARCH_PATHS = /Users/otislewis/arena/build/ios/Release-iphonesimulator/nanopb 
               FRAMEWORK_VERSION = A
               FULL_PRODUCT_NAME = nanopb.framework
               FUSE_BUILD_PHASES = YES
               FUSE_BUILD_SCRIPT_PHASES = NO
               GCC3_VERSION = 3.3
               GCC_C_LANGUAGE_STANDARD = gnu11
               GCC_INLINES_ARE_PRIVATE_EXTERN = YES
               GCC_NO_COMMON_BLOCKS = YES
               GCC_OBJC_LEGACY_DISPATCH = YES
               GCC_PFE_FILE_C_DIALECTS = c objective-c c++ objective-c++
               GCC_PREFIX_HEADER = Target Support Files/nanopb/nanopb-prefix.pch
               GCC_PREPROCESSOR_DEFINITIONS = POD_CONFIGURATION_RELEASE=1  COCOAPODS=1 POD_CONFIGURATION_RELEASE=1  PB_FIELD_32BIT=1 PB_NO_PACKED_STRUCTS=1 PB_ENABLE_MALLOC=1
               GCC_TREAT_WARNINGS_AS_ERRORS = NO
               GCC_VERSION = com.apple.compilers.llvm.clang.1_0
               GCC_VERSION_IDENTIFIER = com_apple_compilers_llvm_clang_1_0
               GCC_WARN_64_TO_32_BIT_CONVERSION = YES
               GCC_WARN_ABOUT_RETURN_TYPE = YES_ERROR
               GCC_WARN_UNDECLARED_SELECTOR = YES
               GCC_WARN_UNINITIALIZED_AUTOS = YES_AGGRESSIVE
               GCC_WARN_UNUSED_FUNCTION = YES
               GCC_WARN_UNUSED_VARIABLE = YES
               GENERATED_MODULEMAP_DIR = /Users/otislewis/arena/build/ios/GeneratedModuleMaps-iphonesimulator
               GENERATE_INFOPLIST_FILE = NO
               GENERATE_INTERMEDIATE_TEXT_BASED_STUBS = YES
               GENERATE_MASTER_OBJECT_FILE = NO
               GENERATE_PKGINFO_FILE = NO
               GENERATE_PROFILING_CODE = NO
               GENERATE_TEXT_BASED_STUBS = NO
               GID = 20
               GROUP = staff
               HEADERMAP_INCLUDES_FLAT_ENTRIES_FOR_TARGET_BEING_BUILT = YES
               HEADERMAP_INCLUDES_FRAMEWORK_ENTRIES_FOR_ALL_PRODUCT_TYPES = YES
               HEADERMAP_INCLUDES_FRAMEWORK_ENTRIES_FOR_TARGETS_NOT_BEING_BUILT = YES
               HEADERMAP_INCLUDES_NONPUBLIC_NONPRIVATE_HEADERS = YES
               HEADERMAP_INCLUDES_PROJECT_HEADERS = YES
               HEADERMAP_USES_FRAMEWORK_PREFIX_ENTRIES = YES
               HEADERMAP_USES_VFS = YES
               HEADER_SEARCH_PATHS = /Users/otislewis/arena/build/ios/Release-iphonesimulator/nanopb/include 
               HIDE_BITCODE_SYMBOLS = YES
               HOME = /Users/otislewis
               HOST_ARCH = arm64
               HOST_PLATFORM = macosx
               ICONV = /usr/bin/iconv
               IMPLICIT_DEPENDENCY_DOMAIN = default
               INFOPLIST_ENABLE_CFBUNDLEICONS_MERGE = YES
               INFOPLIST_EXPAND_BUILD_SETTINGS = YES
               INFOPLIST_FILE = Target Support Files/nanopb/nanopb-Info.plist
               INFOPLIST_OUTPUT_FORMAT = binary
               INFOPLIST_PATH = nanopb.framework/Info.plist
               INFOPLIST_PREPROCESS = NO
               INFOSTRINGS_PATH = nanopb.framework/en.lproj/InfoPlist.strings
               INLINE_PRIVATE_FRAMEWORKS = NO
               INSTALLAPI_IGNORE_SKIP_INSTALL = YES
               INSTALLHDRS_COPY_PHASE = NO
               INSTALLHDRS_SCRIPT_PHASE = NO
               INSTALL_DIR = /tmp/Pods.dst/Library/Frameworks
               INSTALL_GROUP = staff
               INSTALL_MODE_FLAG = u+w,go-w,a+rX
               INSTALL_OWNER = otislewis
               INSTALL_PATH = /Library/Frameworks
               INSTALL_ROOT = /tmp/Pods.dst
               IPHONEOS_DEPLOYMENT_TARGET = 13.0
               IS_UNOPTIMIZED_BUILD = NO
               JAVAC_DEFAULT_FLAGS = -J-Xms64m -J-XX:NewSize=4M -J-Dfile.encoding=UTF8
               JAVA_APP_STUB = /System/Library/Frameworks/JavaVM.framework/Resources/MacOS/JavaApplicationStub
               JAVA_ARCHIVE_CLASSES = YES
               JAVA_ARCHIVE_TYPE = JAR
               JAVA_COMPILER = /usr/bin/javac
               JAVA_FOLDER_PATH = nanopb.framework/Java
               JAVA_FRAMEWORK_RESOURCES_DIRS = Resources
               JAVA_JAR_FLAGS = cv
               JAVA_SOURCE_SUBDIR = .
               JAVA_USE_DEPENDENCIES = YES
               JAVA_ZIP_FLAGS = -urg
               JIKES_DEFAULT_FLAGS = +E +OLDCSO
               KEEP_PRIVATE_EXTERNS = NO
               LD_DEPENDENCY_INFO_FILE = /Users/otislewis/arena/build/ios/Pods.build/Release-iphonesimulator/nanopb.build/Objects-normal/undefined_arch/nanopb_dependency_info.dat
               LD_DYLIB_INSTALL_NAME = @rpath/nanopb.framework/nanopb
               LD_EXPORT_SYMBOLS = YES
               LD_GENERATE_MAP_FILE = NO
               LD_MAP_FILE_PATH = /Users/otislewis/arena/build/ios/Pods.build/Release-iphonesimulator/nanopb.build/nanopb-LinkMap-normal-undefined_arch.txt
               LD_NO_PIE = NO
               LD_QUOTE_LINKER_ARGUMENTS_FOR_COMPILER_DRIVER = YES
               LD_RUNPATH_SEARCH_PATHS =  @executable_path/Frameworks @loader_path/Frameworks
               LD_SHARED_CACHE_ELIGIBLE = Automatic
               LD_WARN_DUPLICATE_LIBRARIES = NO
               LD_WARN_UNUSED_DYLIBS = NO
               LEGACY_DEVELOPER_DIR = /Applications/Xcode.app/Contents/PlugIns/Xcode3Core.ideplugin/Contents/SharedSupport/Developer
               LEX = lex
               LIBRARY_DEXT_INSTALL_PATH = /Library/DriverExtensions
               LIBRARY_FLAG_NOSPACE = YES
               LIBRARY_FLAG_PREFIX = -l
               LIBRARY_KEXT_INSTALL_PATH = /Library/Extensions
               LIBRARY_SEARCH_PATHS = /Users/otislewis/arena/build/ios/Release-iphonesimulator/nanopb 
               LINKER_DISPLAYS_MANGLED_NAMES = NO
               LINK_OBJC_RUNTIME = YES
               LINK_WITH_STANDARD_LIBRARIES = YES
               LLVM_TARGET_TRIPLE_OS_VERSION = ios13.0
               LLVM_TARGET_TRIPLE_SUFFIX = -simulator
               LLVM_TARGET_TRIPLE_VENDOR = apple
               LOCALIZATION_EXPORT_SUPPORTED = YES
               LOCALIZATION_PREFERS_STRING_CATALOGS = NO
               LOCALIZED_RESOURCES_FOLDER_PATH = nanopb.framework/en.lproj
               LOCALIZED_STRING_MACRO_NAMES = NSLocalizedString CFCopyLocalizedString
               LOCALIZED_STRING_SWIFTUI_SUPPORT = YES
               LOCAL_ADMIN_APPS_DIR = /Applications/Utilities
               LOCAL_APPS_DIR = /Applications
               LOCAL_DEVELOPER_DIR = /Library/Developer
               LOCAL_LIBRARY_DIR = /Library
               LOCROOT = /Users/otislewis/arena/ios/Pods
               LOCSYMROOT = /Users/otislewis/arena/ios/Pods
               MACH_O_TYPE = mh_dylib
               MAC_OS_X_PRODUCT_BUILD_VERSION = 24F74
               MAC_OS_X_VERSION_ACTUAL = 150500
               MAC_OS_X_VERSION_MAJOR = 150000
               MAC_OS_X_VERSION_MINOR = 150500
               MAKE_MERGEABLE = NO
               MERGEABLE_LIBRARY = NO
               MERGED_BINARY_TYPE = none
               MERGE_LINKED_LIBRARIES = NO
               METAL_LIBRARY_FILE_BASE = default
               METAL_LIBRARY_OUTPUT_DIR = /Users/otislewis/arena/build/ios/Release-iphonesimulator/nanopb/nanopb.framework
               MODULEMAP_FILE = Target Support Files/nanopb/nanopb.modulemap
               MODULES_FOLDER_PATH = nanopb.framework/Modules
               MTL_ENABLE_DEBUG_INFO = NO
               MTL_FAST_MATH = YES
               NATIVE_ARCH = arm64
               NATIVE_ARCH_32_BIT = arm
               NATIVE_ARCH_64_BIT = arm64
               NATIVE_ARCH_ACTUAL = arm64
               NO_COMMON = YES
               OBJC_ABI_VERSION = 2
               OBJECT_FILE_DIR = /Users/otislewis/arena/build/ios/Pods.build/Release-iphonesimulator/nanopb.build/Objects
               OBJECT_FILE_DIR_normal = /Users/otislewis/arena/build/ios/Pods.build/Release-iphonesimulator/nanopb.build/Objects-normal
               OBJROOT = /Users/otislewis/arena/build/ios
               ONLY_ACTIVE_ARCH = NO
               OS = MACOS
               OSAC = /usr/bin/osacompile
               PACKAGE_TYPE = com.apple.package-type.wrapper.framework
               PASCAL_STRINGS = YES
               PATH = /Applications/Xcode.app/Contents/SharedFrameworks/SwiftBuild.framework/Versions/A/PlugIns/SWBBuildService.bundle/Contents/PlugIns/SWBUniversalPlatformPlugin.bundle/Contents/Frameworks/SWBUniversalPlatform.framework/Resources:/Applications/Xcode.app/Contents/Developer/Toolchains/XcodeDefault.xctoolchain/usr/bin:/Applications/Xcode.app/Contents/Developer/Toolchains/XcodeDefault.xctoolchain/usr/local/bin:/Applications/Xcode.app/Contents/Developer/Toolchains/XcodeDefault.xctoolchain/usr/libexec:/Applications/Xcode.app/Contents/Developer/Platforms/iPhoneSimulator.platform/usr/bin:/Applications/Xcode.app/Contents/Developer/Platforms/iPhoneSimulator.platform/usr/local/bin:/Applications/Xcode.app/Contents/Developer/Platforms/iPhoneSimulator.platform/Developer/usr/bin:/Applications/Xcode.app/Contents/Developer/Platforms/iPhoneSimulator.platform/Developer/usr/local/bin:/Applications/Xcode.app/Contents/Developer/usr/bin:/Applications/Xcode.app/Contents/Developer/usr/local/bin:/Users/otislewis/.gem/ruby/3.3.0/bin:/opt/homebrew/bin:/opt/homebrew/sbin:/usr/local/bin:/System/Cryptexes/App/usr/bin:/usr/bin:/bin:/usr/sbin:/sbin:/var/run/com.apple.security.cryptexd/codex.system/bootstrap/usr/local/bin:/var/run/com.apple.security.cryptexd/codex.system/bootstrap/usr/bin:/var/run/com.apple.security.cryptexd/codex.system/bootstrap/usr/appleinternal/bin:/Library/Apple/usr/bin:/opt/homebrew/Caskroom/flutter/3.32.0/flutter/bin:/Users/otislewis/Library/Android/sdk/emulator:/Users/otislewis/Library/Android/sdk/tools:/Users/otislewis/Library/Android/sdk/tools/bin:/Users/otislewis/Library/Android/sdk/platform-tools:/opt/homebrew/Caskroom/flutter/3.32.0/flutter/bin/cache/dart-sdk/bin
               PATH_PREFIXES_EXCLUDED_FROM_HEADER_DEPENDENCIES = /usr/include /usr/local/include /System/Library/Frameworks /System/Library/PrivateFrameworks /Applications/Xcode.app/Contents/Developer/Headers /Applications/Xcode.app/Contents/Developer/SDKs /Applications/Xcode.app/Contents/Developer/Platforms
               PBDEVELOPMENTPLIST_PATH = nanopb.framework/pbdevelopment.plist
               PER_ARCH_MODULE_FILE_DIR = /Users/otislewis/arena/build/ios/Pods.build/Release-iphonesimulator/nanopb.build/Objects-normal/undefined_arch
               PER_ARCH_OBJECT_FILE_DIR = /Users/otislewis/arena/build/ios/Pods.build/Release-iphonesimulator/nanopb.build/Objects-normal/undefined_arch
               PER_VARIANT_OBJECT_FILE_DIR = /Users/otislewis/arena/build/ios/Pods.build/Release-iphonesimulator/nanopb.build/Objects-normal
               PKGINFO_FILE_PATH = /Users/otislewis/arena/build/ios/Pods.build/Release-iphonesimulator/nanopb.build/PkgInfo
               PKGINFO_PATH = nanopb.framework/PkgInfo
               PLATFORM_DEVELOPER_APPLICATIONS_DIR = /Applications/Xcode.app/Contents/Developer/Platforms/iPhoneSimulator.platform/Developer/Applications
               PLATFORM_DEVELOPER_BIN_DIR = /Applications/Xcode.app/Contents/Developer/Platforms/iPhoneSimulator.platform/Developer/usr/bin
               PLATFORM_DEVELOPER_LIBRARY_DIR = /Applications/Xcode.app/Contents/Developer/Platforms/iPhoneSimulator.platform/Developer/Library
               PLATFORM_DEVELOPER_SDK_DIR = /Applications/Xcode.app/Contents/Developer/Platforms/iPhoneSimulator.platform/Developer/SDKs
               PLATFORM_DEVELOPER_TOOLS_DIR = /Applications/Xcode.app/Contents/Developer/Platforms/iPhoneSimulator.platform/Developer/Tools
               PLATFORM_DEVELOPER_USR_DIR = /Applications/Xcode.app/Contents/Developer/Platforms/iPhoneSimulator.platform/Developer/usr
               PLATFORM_DIR = /Applications/Xcode.app/Contents/Developer/Platforms/iPhoneSimulator.platform
               PLATFORM_DISPLAY_NAME = iOS Simulator
               PLATFORM_FAMILY_NAME = iOS
               PLATFORM_NAME = iphonesimulator
               PLATFORM_PREFERRED_ARCH = x86_64
               PLATFORM_PRODUCT_BUILD_VERSION = 22E235
               PLATFORM_REQUIRES_SWIFT_AUTOLINK_EXTRACT = NO
               PLATFORM_REQUIRES_SWIFT_MODULEWRAP = NO
               PLIST_FILE_OUTPUT_FORMAT = binary
               PLUGINS_FOLDER_PATH = nanopb.framework/PlugIns
               PODS_BUILD_DIR = /Users/otislewis/arena/build/ios
               PODS_CONFIGURATION_BUILD_DIR = /Users/otislewis/arena/build/ios/Release-iphonesimulator
               PODS_DEVELOPMENT_LANGUAGE = en
               PODS_ROOT = /Users/otislewis/arena/ios/Pods
               PODS_TARGET_SRCROOT = /Users/otislewis/arena/ios/Pods/nanopb
               PODS_XCFRAMEWORKS_BUILD_DIR = /Users/otislewis/arena/build/ios/Release-iphonesimulator/XCFrameworkIntermediates
               PRECOMPS_INCLUDE_HEADERS_FROM_BUILT_PRODUCTS_DIR = YES
               PRECOMP_DESTINATION_DIR = /Users/otislewis/arena/build/ios/Pods.build/Release-iphonesimulator/nanopb.build/PrefixHeaders
               PRIVATE_HEADERS_FOLDER_PATH = nanopb.framework/PrivateHeaders
               PROCESSED_INFOPLIST_PATH = /Users/otislewis/arena/build/ios/Pods.build/Release-iphonesimulator/nanopb.build/Objects-normal/undefined_arch/Processed-Info.plist
               PRODUCT_BUNDLE_IDENTIFIER = org.cocoapods.nanopb
               PRODUCT_BUNDLE_PACKAGE_TYPE = FMWK
               PRODUCT_MODULE_NAME = nanopb
               PRODUCT_NAME = nanopb
               PRODUCT_SETTINGS_PATH = /Users/otislewis/arena/ios/Pods/Target Support Files/nanopb/nanopb-Info.plist
               PRODUCT_TYPE = com.apple.product-type.framework
               PROFILING_CODE = NO
               PROJECT = Pods
               PROJECT_DERIVED_FILE_DIR = /Users/otislewis/arena/build/ios/Pods.build/DerivedSources
               PROJECT_DIR = /Users/otislewis/arena/ios/Pods
               PROJECT_FILE_PATH = /Users/otislewis/arena/ios/Pods/Pods.xcodeproj
               PROJECT_GUID = bfdfe7dc352907fc980b868725387e98
               PROJECT_NAME = Pods
               PROJECT_TEMP_DIR = /Users/otislewis/arena/build/ios/Pods.build
               PROJECT_TEMP_ROOT = /Users/otislewis/arena/build/ios
               PUBLIC_HEADERS_FOLDER_PATH = nanopb.framework/Headers
               RECOMMENDED_IPHONEOS_DEPLOYMENT_TARGET = 15.0
               RECURSIVE_SEARCH_PATHS_FOLLOW_SYMLINKS = YES
               REMOVE_CVS_FROM_RESOURCES = YES
               REMOVE_GIT_FROM_RESOURCES = YES
               REMOVE_HEADERS_FROM_EMBEDDED_BUNDLES = YES
               REMOVE_HG_FROM_RESOURCES = YES
               REMOVE_STATIC_EXECUTABLES_FROM_EMBEDDED_BUNDLES = YES
               REMOVE_SVN_FROM_RESOURCES = YES
               RESCHEDULE_INDEPENDENT_HEADERS_PHASES = YES
               REZ_COLLECTOR_DIR = /Users/otislewis/arena/build/ios/Pods.build/Release-iphonesimulator/nanopb.build/ResourceManagerResources
               REZ_OBJECTS_DIR = /Users/otislewis/arena/build/ios/Pods.build/Release-iphonesimulator/nanopb.build/ResourceManagerResources/Objects
               REZ_SEARCH_PATHS = /Users/otislewis/arena/build/ios/Release-iphonesimulator/nanopb 
               SCAN_ALL_SOURCE_FILES_FOR_INCLUDES = NO
               SCRIPTS_FOLDER_PATH = nanopb.framework/Scripts
               SDKROOT = /Applications/Xcode.app/Contents/Developer/Platforms/iPhoneSimulator.platform/Developer/SDKs/iPhoneSimulator18.4.sdk
               SDK_DIR = /Applications/Xcode.app/Contents/Developer/Platforms/iPhoneSimulator.platform/Developer/SDKs/iPhoneSimulator18.4.sdk
               SDK_DIR_iphonesimulator = /Applications/Xcode.app/Contents/Developer/Platforms/iPhoneSimulator.platform/Developer/SDKs/iPhoneSimulator18.4.sdk
               SDK_DIR_iphonesimulator18_4 = /Applications/Xcode.app/Contents/Developer/Platforms/iPhoneSimulator.platform/Developer/SDKs/iPhoneSimulator18.4.sdk
               SDK_NAME = iphonesimulator18.4
               SDK_NAMES = iphonesimulator18.4
               SDK_PRODUCT_BUILD_VERSION = 22E235
               SDK_STAT_CACHE_DIR = /var/folders/4y/xy3fflts0nqfk1tsxg0t3mmr0000gn/C/com.apple.DeveloperTools/16.3-16E140/Xcode
               SDK_STAT_CACHE_ENABLE = YES
               SDK_STAT_CACHE_PATH = /var/folders/4y/xy3fflts0nqfk1tsxg0t3mmr0000gn/C/com.apple.DeveloperTools/16.3-16E140/Xcode/SDKStatCaches.noindex/iphonesimulator18.4-22E235-71825a6d136aa4733edcbe86ece5525b.sdkstatcache
               SDK_VERSION = 18.4
               SDK_VERSION_ACTUAL = 180400
               SDK_VERSION_MAJOR = 180000
               SDK_VERSION_MINOR = 180400
               SED = /usr/bin/sed
               SEPARATE_STRIP = NO
               SEPARATE_SYMBOL_EDIT = NO
               SET_DIR_MODE_OWNER_GROUP = YES
               SET_FILE_MODE_OWNER_GROUP = NO
               SHALLOW_BUNDLE = YES
               SHALLOW_BUNDLE_TRIPLE = ios-simulator
               SHALLOW_BUNDLE_ios_macabi = NO
               SHALLOW_BUNDLE_macos = NO
               SHARED_DERIVED_FILE_DIR = /Users/otislewis/arena/build/ios/Release-iphonesimulator/nanopb/DerivedSources
               SHARED_FRAMEWORKS_FOLDER_PATH = nanopb.framework/SharedFrameworks
               SHARED_PRECOMPS_DIR = /Users/otislewis/arena/build/ios/SharedPrecompiledHeaders
               SHARED_SUPPORT_FOLDER_PATH = nanopb.framework
               SKIP_INSTALL = YES
               SOURCE_ROOT = /Users/otislewis/arena/ios/Pods
               SRCROOT = /Users/otislewis/arena/ios/Pods
               STRINGSDATA_DIR = /Users/otislewis/arena/build/ios/Pods.build/Release-iphonesimulator/nanopb.build/Objects-normal/undefined_arch
               STRINGSDATA_ROOT = /Users/otislewis/arena/build/ios/Pods.build/Release-iphonesimulator/nanopb.build
               STRINGS_FILE_INFOPLIST_RENAME = YES
               STRINGS_FILE_OUTPUT_ENCODING = binary
               STRIP_BITCODE_FROM_COPIED_FILES = NO
               STRIP_INSTALLED_PRODUCT = NO
               STRIP_STYLE = debugging
               STRIP_SWIFT_SYMBOLS = YES
               SUPPORTED_DEVICE_FAMILIES = 1,2
               SUPPORTED_PLATFORMS = iphoneos iphonesimulator
               SUPPORTS_TEXT_BASED_API = NO
               SUPPRESS_WARNINGS = NO
               SWIFT_ACTIVE_COMPILATION_CONDITIONS =  
               SWIFT_COMPILATION_MODE = wholemodule
               SWIFT_EMIT_LOC_STRINGS = NO
               SWIFT_INSTALL_MODULE_FOR_DEPLOYMENT = YES
               SWIFT_INSTALL_OBJC_HEADER = YES
               SWIFT_OPTIMIZATION_LEVEL = -O
               SWIFT_PLATFORM_TARGET_PREFIX = ios
               SWIFT_VERSION = 5.0
               SYMROOT = /Users/otislewis/arena/ios/build
               SYSTEM_ADMIN_APPS_DIR = /Applications/Utilities
               SYSTEM_APPS_DIR = /Applications
               SYSTEM_CORE_SERVICES_DIR = /System/Library/CoreServices
               SYSTEM_DEMOS_DIR = /Applications/Extras
               SYSTEM_DEVELOPER_APPS_DIR = /Applications/Xcode.app/Contents/Developer/Applications
               SYSTEM_DEVELOPER_BIN_DIR = /Applications/Xcode.app/Contents/Developer/usr/bin
               SYSTEM_DEVELOPER_DEMOS_DIR = /Applications/Xcode.app/Contents/Developer/Applications/Utilities/Built Examples
               SYSTEM_DEVELOPER_DIR = /Applications/Xcode.app/Contents/Developer
               SYSTEM_DEVELOPER_DOC_DIR = /Applications/Xcode.app/Contents/Developer/ADC Reference Library
               SYSTEM_DEVELOPER_GRAPHICS_TOOLS_DIR = /Applications/Xcode.app/Contents/Developer/Applications/Graphics Tools
               SYSTEM_DEVELOPER_JAVA_TOOLS_DIR = /Applications/Xcode.app/Contents/Developer/Applications/Java Tools
               SYSTEM_DEVELOPER_PERFORMANCE_TOOLS_DIR = /Applications/Xcode.app/Contents/Developer/Applications/Performance Tools
               SYSTEM_DEVELOPER_RELEASENOTES_DIR = /Applications/Xcode.app/Contents/Developer/ADC Reference Library/releasenotes
               SYSTEM_DEVELOPER_TOOLS = /Applications/Xcode.app/Contents/Developer/Tools
               SYSTEM_DEVELOPER_TOOLS_DOC_DIR = /Applications/Xcode.app/Contents/Developer/ADC Reference Library/documentation/DeveloperTools
               SYSTEM_DEVELOPER_TOOLS_RELEASENOTES_DIR = /Applications/Xcode.app/Contents/Developer/ADC Reference Library/releasenotes/DeveloperTools
               SYSTEM_DEVELOPER_USR_DIR = /Applications/Xcode.app/Contents/Developer/usr
               SYSTEM_DEVELOPER_UTILITIES_DIR = /Applications/Xcode.app/Contents/Developer/Applications/Utilities
               SYSTEM_DEXT_INSTALL_PATH = /System/Library/DriverExtensions
               SYSTEM_DOCUMENTATION_DIR = /Library/Documentation
               SYSTEM_EXTENSIONS_FOLDER_PATH = nanopb.framework/SystemExtensions
               SYSTEM_EXTENSIONS_FOLDER_PATH_SHALLOW_BUNDLE_NO = nanopb.framework/Library/SystemExtensions
               SYSTEM_EXTENSIONS_FOLDER_PATH_SHALLOW_BUNDLE_YES = nanopb.framework/SystemExtensions
               SYSTEM_KEXT_INSTALL_PATH = /System/Library/Extensions
               SYSTEM_LIBRARY_DIR = /System/Library
               TAPI_DEMANGLE = YES
               TAPI_ENABLE_PROJECT_HEADERS = NO
               TAPI_LANGUAGE = objective-c
               TAPI_LANGUAGE_STANDARD = compiler-default
               TAPI_USE_SRCROOT = YES
               TAPI_VERIFY_MODE = Pedantic
               TARGETED_DEVICE_FAMILY = 1,2
               TARGETNAME = nanopb
               TARGET_BUILD_DIR = /Users/otislewis/arena/build/ios/Release-iphonesimulator/nanopb
               TARGET_NAME = nanopb
               TARGET_TEMP_DIR = /Users/otislewis/arena/build/ios/Pods.build/Release-iphonesimulator/nanopb.build
               TEMP_DIR = /Users/otislewis/arena/build/ios/Pods.build/Release-iphonesimulator/nanopb.build
               TEMP_FILES_DIR = /Users/otislewis/arena/build/ios/Pods.build/Release-iphonesimulator/nanopb.build
               TEMP_FILE_DIR = /Users/otislewis/arena/build/ios/Pods.build/Release-iphonesimulator/nanopb.build
               TEMP_ROOT = /Users/otislewis/arena/build/ios
               TEMP_SANDBOX_DIR = /Users/otislewis/arena/build/ios/TemporaryTaskSandboxes
               TEST_FRAMEWORK_SEARCH_PATHS =  /Applications/Xcode.app/Contents/Developer/Platforms/iPhoneSimulator.platform/Developer/Library/Frameworks /Applications/Xcode.app/Contents/Developer/Platforms/iPhoneSimulator.platform/Developer/SDKs/iPhoneSimulator18.4.sdk/Developer/Library/Frameworks
               TEST_LIBRARY_SEARCH_PATHS =  /Applications/Xcode.app/Contents/Developer/Platforms/iPhoneSimulator.platform/Developer/usr/lib
               TOOLCHAINS = com.apple.dt.toolchain.XcodeDefault
               TOOLCHAIN_DIR = /Applications/Xcode.app/Contents/Developer/Toolchains/XcodeDefault.xctoolchain
               TREAT_MISSING_BASELINES_AS_TEST_FAILURES = NO
               TREAT_MISSING_SCRIPT_PHASE_OUTPUTS_AS_ERRORS = NO
               UID = 501
               UNINSTALLED_PRODUCTS_DIR = /Users/otislewis/arena/build/ios/UninstalledProducts
               UNLOCALIZED_RESOURCES_FOLDER_PATH = nanopb.framework
               UNLOCALIZED_RESOURCES_FOLDER_PATH_SHALLOW_BUNDLE_NO = nanopb.framework/Resources
               UNLOCALIZED_RESOURCES_FOLDER_PATH_SHALLOW_BUNDLE_YES = nanopb.framework
               UNSTRIPPED_PRODUCT = NO
               USER = otislewis
               USER_APPS_DIR = /Users/otislewis/Applications
               USER_LIBRARY_DIR = /Users/otislewis/Library
               USE_DYNAMIC_NO_PIC = YES
               USE_HEADERMAP = YES
               USE_HEADER_SYMLINKS = NO
               USE_RECURSIVE_SCRIPT_INPUTS_IN_SCRIPT_PHASES = YES
               VALIDATE_DEVELOPMENT_ASSET_PATHS = YES_ERROR
               VALIDATE_PRODUCT = YES
               VALID_ARCHS = arm64
               VERBOSE_PBXCP = NO
               VERSIONING_SYSTEM = apple-generic
               VERSIONPLIST_PATH = nanopb.framework/version.plist
               VERSIONS_FOLDER_PATH = nanopb.framework
               VERSIONS_FOLDER_PATH_SHALLOW_BUNDLE_NO = nanopb.framework/Versions
               VERSIONS_FOLDER_PATH_SHALLOW_BUNDLE_YES = nanopb.framework
               VERSION_INFO_BUILDER = otislewis
               VERSION_INFO_FILE = nanopb_vers.c
               VERSION_INFO_STRING = "@(#)PROGRAM:nanopb  PROJECT:Pods-1"
               WORKSPACE_DIR = /Users/otislewis/arena/ios/Pods/Pods.xcodeproj
               WRAPPER_EXTENSION = framework
               WRAPPER_NAME = nanopb.framework
               WRAPPER_SUFFIX = .framework
               WRAP_ASSET_PACKS_IN_SEPARATE_DIRECTORIES = NO
               XCODE_APP_SUPPORT_DIR = /Applications/Xcode.app/Contents/Developer/Library/Xcode
               XCODE_PRODUCT_BUILD_VERSION = 16E140
               XCODE_VERSION_ACTUAL = 1630
               XCODE_VERSION_MAJOR = 1600
               XCODE_VERSION_MINOR = 1630
               XPCSERVICES_FOLDER_PATH = nanopb.framework/XPCServices
               YACC = yacc
               _DISCOVER_COMMAND_LINE_LINKER_INPUTS = YES
               _DISCOVER_COMMAND_LINE_LINKER_INPUTS_INCLUDE_WL = YES
               _WRAPPER_CONTENTS_DIR_SHALLOW_BUNDLE_NO = /Contents
               _WRAPPER_PARENT_PATH_SHALLOW_BUNDLE_NO = /..
               _WRAPPER_RESOURCES_DIR_SHALLOW_BUNDLE_NO = /Resources
               __DIAGNOSE_DEPRECATED_ARCHS = YES
               arch = undefined_arch
               variant = normal

           Build settings for action build and target nanopb-nanopb_Privacy:
               ACTION = build
               AD_HOC_CODE_SIGNING_ALLOWED = YES
               ALLOW_BUILD_REQUEST_OVERRIDES = NO
               ALLOW_TARGET_PLATFORM_SPECIALIZATION = NO
               ALTERNATE_GROUP = staff
               ALTERNATE_MODE = u+w,go-w,a+rX
               ALTERNATE_OWNER = otislewis
               ALTERNATIVE_DISTRIBUTION_WEB = NO
               ALWAYS_EMBED_SWIFT_STANDARD_LIBRARIES = NO
               ALWAYS_SEARCH_USER_PATHS = NO
               ALWAYS_USE_SEPARATE_HEADERMAPS = NO
               APPLICATION_EXTENSION_API_ONLY = NO
               APPLY_RULES_IN_COPY_FILES = NO
               APPLY_RULES_IN_COPY_HEADERS = NO
               APP_SHORTCUTS_ENABLE_FLEXIBLE_MATCHING = YES
               ARCHS_STANDARD = arm64 x86_64
               ARCHS_STANDARD_32_64_BIT = arm64 x86_64
               ARCHS_STANDARD_64_BIT = arm64 x86_64
               ARCHS_STANDARD_INCLUDING_64_BIT = arm64 x86_64
               ARCHS_UNIVERSAL_IPHONE_OS = arm64 x86_64
               AUTOMATICALLY_MERGE_DEPENDENCIES = NO
               AVAILABLE_PLATFORMS = android appletvos appletvsimulator driverkit iphoneos iphonesimulator macosx qnx watchos watchsimulator xros xrsimulator
               BITCODE_GENERATION_MODE = marker
               BUILD_ACTIVE_RESOURCES_ONLY = NO
               BUILD_COMPONENTS = headers build
               BUILD_DIR = /Users/otislewis/arena/build/ios
               BUILD_LIBRARY_FOR_DISTRIBUTION = NO
               BUILD_ROOT = /Users/otislewis/arena/ios/build
               BUILD_STYLE = 
               BUILD_VARIANTS = normal
               BUILT_PRODUCTS_DIR = /Users/otislewis/arena/build/ios/Release-iphonesimulator/nanopb
               BUNDLE_CONTENTS_FOLDER_PATH_deep = Contents/
               BUNDLE_EXECUTABLE_FOLDER_NAME_deep = MacOS
               BUNDLE_EXTENSIONS_FOLDER_PATH = Extensions
               BUNDLE_FORMAT = shallow
               BUNDLE_FRAMEWORKS_FOLDER_PATH = Frameworks
               BUNDLE_PLUGINS_FOLDER_PATH = PlugIns
               BUNDLE_PRIVATE_HEADERS_FOLDER_PATH = PrivateHeaders
               BUNDLE_PUBLIC_HEADERS_FOLDER_PATH = Headers
               CACHE_ROOT = /var/folders/4y/xy3fflts0nqfk1tsxg0t3mmr0000gn/C/com.apple.DeveloperTools/16.3-16E140/Xcode
               CCHROOT = /var/folders/4y/xy3fflts0nqfk1tsxg0t3mmr0000gn/C/com.apple.DeveloperTools/16.3-16E140/Xcode
               CHMOD = /bin/chmod
               CHOWN = /usr/sbin/chown
               CLANG_ANALYZER_LOCALIZABILITY_NONLOCALIZED = YES
               CLANG_ANALYZER_NONNULL = YES
               CLANG_ANALYZER_NUMBER_OBJECT_CONVERSION = YES_AGGRESSIVE
               CLANG_CACHE_FINE_GRAINED_OUTPUTS = YES
               CLANG_CXX_LANGUAGE_STANDARD = gnu++14
               CLANG_CXX_LIBRARY = libc++
               CLANG_ENABLE_EXPLICIT_MODULES = YES
               CLANG_ENABLE_MODULES = YES
               CLANG_ENABLE_OBJC_ARC = YES
               CLANG_ENABLE_OBJC_WEAK = YES
               CLANG_MODULES_BUILD_SESSION_FILE = /var/folders/4y/xy3fflts0nqfk1tsxg0t3mmr0000gn/C/org.llvm.clang/ModuleCache.noindex/Session.modulevalidation
               CLANG_WARN_BLOCK_CAPTURE_AUTORELEASING = YES
               CLANG_WARN_BOOL_CONVERSION = YES
               CLANG_WARN_COMMA = YES
               CLANG_WARN_CONSTANT_CONVERSION = YES
               CLANG_WARN_DEPRECATED_OBJC_IMPLEMENTATIONS = YES
               CLANG_WARN_DIRECT_OBJC_ISA_USAGE = YES_ERROR
               CLANG_WARN_DOCUMENTATION_COMMENTS = YES
               CLANG_WARN_EMPTY_BODY = YES
               CLANG_WARN_ENUM_CONVERSION = YES
               CLANG_WARN_INFINITE_RECURSION = YES
               CLANG_WARN_INT_CONVERSION = YES
               CLANG_WARN_NON_LITERAL_NULL_CONVERSION = YES
               CLANG_WARN_OBJC_IMPLICIT_RETAIN_SELF = YES
               CLANG_WARN_OBJC_LITERAL_CONVERSION = YES
               CLANG_WARN_OBJC_ROOT_CLASS = YES_ERROR
               CLANG_WARN_QUOTED_INCLUDE_IN_FRAMEWORK_HEADER = NO
               CLANG_WARN_RANGE_LOOP_ANALYSIS = YES
               CLANG_WARN_STRICT_PROTOTYPES = YES
               CLANG_WARN_SUSPICIOUS_MOVE = YES
               CLANG_WARN_UNGUARDED_AVAILABILITY = YES_AGGRESSIVE
               CLANG_WARN_UNREACHABLE_CODE = YES
               CLANG_WARN__DUPLICATE_METHOD_MATCH = YES
               CLASS_FILE_DIR = /Users/otislewis/arena/build/ios/Pods.build/Release-iphonesimulator/nanopb-nanopb_Privacy.build/JavaClasses
               CLEAN_PRECOMPS = YES
               CLONE_HEADERS = NO
               CODESIGNING_FOLDER_PATH = /Users/otislewis/arena/build/ios/Release-iphonesimulator/nanopb/nanopb_Privacy.bundle
               CODE_SIGNING_ALLOWED = NO
               CODE_SIGNING_IDENTITY = -
               CODE_SIGNING_REQUIRED = NO
               CODE_SIGN_CONTEXT_CLASS = XCiPhoneSimulatorCodeSignContext
               CODE_SIGN_IDENTITY = -
               CODE_SIGN_INJECT_BASE_ENTITLEMENTS = YES
               COLOR_DIAGNOSTICS = NO
               COMBINE_HIDPI_IMAGES = NO
               COMPILATION_CACHE_CAS_PATH = /var/folders/4y/xy3fflts0nqfk1tsxg0t3mmr0000gn/C/com.apple.DeveloperTools/16.3-16E140/Xcode/CompilationCache.noindex
               COMPILATION_CACHE_KEEP_CAS_DIRECTORY = YES
               COMPILER_INDEX_STORE_ENABLE = Default
               COMPOSITE_SDK_DIRS = /Users/otislewis/arena/build/ios/CompositeSDKs
               COMPRESS_PNG_FILES = YES
               CONFIGURATION = Release
               CONFIGURATION_BUILD_DIR = /Users/otislewis/arena/build/ios/Release-iphonesimulator/nanopb
               CONFIGURATION_TEMP_DIR = /Users/otislewis/arena/build/ios/Pods.build/Release-iphonesimulator
               CONTENTS_FOLDER_PATH = nanopb_Privacy.bundle
               CONTENTS_FOLDER_PATH_SHALLOW_BUNDLE_NO = nanopb_Privacy.bundle/Contents
               CONTENTS_FOLDER_PATH_SHALLOW_BUNDLE_YES = nanopb_Privacy.bundle
               COPYING_PRESERVES_HFS_DATA = NO
               COPY_HEADERS_RUN_UNIFDEF = NO
               COPY_PHASE_STRIP = NO
               CORRESPONDING_DEVICE_PLATFORM_DIR = /Applications/Xcode.app/Contents/Developer/Platforms/iPhoneOS.platform
               CORRESPONDING_DEVICE_PLATFORM_NAME = iphoneos
               CORRESPONDING_DEVICE_SDK_DIR = /Applications/Xcode.app/Contents/Developer/Platforms/iPhoneOS.platform/Developer/SDKs/iPhoneOS18.4.sdk
               CORRESPONDING_DEVICE_SDK_NAME = iphoneos18.4
               CP = /bin/cp
               CREATE_INFOPLIST_SECTION_IN_BINARY = NO
               CURRENT_ARCH = undefined_arch
               CURRENT_VARIANT = normal
               DEAD_CODE_STRIPPING = YES
               DEBUGGING_SYMBOLS = YES
               DEBUG_INFORMATION_FORMAT = dwarf-with-dsym
               DEBUG_INFORMATION_VERSION = compiler-default
               DEFAULT_COMPILER = com.apple.compilers.llvm.clang.1_0
               DEFAULT_DEXT_INSTALL_PATH = /System/Library/DriverExtensions
               DEFAULT_KEXT_INSTALL_PATH = /System/Library/Extensions
               DEFINES_MODULE = NO
               DEPLOYMENT_LOCATION = NO
               DEPLOYMENT_POSTPROCESSING = NO
               DEPLOYMENT_TARGET_SETTING_NAME = IPHONEOS_DEPLOYMENT_TARGET
               DEPLOYMENT_TARGET_SUGGESTED_VALUES = 12.0 12.1 12.2 12.3 12.4 13.0 13.1 13.2 13.3 13.4 13.5 13.6 14.0 14.1 14.2 14.3 14.4 14.5 14.6 14.7 15.0 15.1 15.2 15.3 15.4 15.5 15.6 16.0 16.1 16.2 16.3 16.4 16.5 16.6 17.0 17.1 17.2 17.3 17.4 17.5 17.6 18.0 18.1 18.2 18.3 18.4
               DERIVED_FILES_DIR = /Users/otislewis/arena/build/ios/Pods.build/Release-iphonesimulator/nanopb-nanopb_Privacy.build/DerivedSources
               DERIVED_FILE_DIR = /Users/otislewis/arena/build/ios/Pods.build/Release-iphonesimulator/nanopb-nanopb_Privacy.build/DerivedSources
               DERIVED_SOURCES_DIR = /Users/otislewis/arena/build/ios/Pods.build/Release-iphonesimulator/nanopb-nanopb_Privacy.build/DerivedSources
               DEVELOPER_APPLICATIONS_DIR = /Applications/Xcode.app/Contents/Developer/Applications
               DEVELOPER_BIN_DIR = /Applications/Xcode.app/Contents/Developer/usr/bin
               DEVELOPER_DIR = /Applications/Xcode.app/Contents/Developer
               DEVELOPER_FRAMEWORKS_DIR = /Applications/Xcode.app/Contents/Developer/Library/Frameworks
               DEVELOPER_FRAMEWORKS_DIR_QUOTED = /Applications/Xcode.app/Contents/Developer/Library/Frameworks
               DEVELOPER_LIBRARY_DIR = /Applications/Xcode.app/Contents/Developer/Library
               DEVELOPER_SDK_DIR = /Applications/Xcode.app/Contents/Developer/Platforms/MacOSX.platform/Developer/SDKs
               DEVELOPER_TOOLS_DIR = /Applications/Xcode.app/Contents/Developer/Tools
               DEVELOPER_USR_DIR = /Applications/Xcode.app/Contents/Developer/usr
               DEVELOPMENT_LANGUAGE = en
               DIAGNOSE_MISSING_TARGET_DEPENDENCIES = YES
               DIFF = /usr/bin/diff
               DOCUMENTATION_FOLDER_PATH = nanopb_Privacy.bundle/en.lproj/Documentation
               DONT_GENERATE_INFOPLIST_FILE = NO
               DSTROOT = /tmp/Pods.dst
               DT_TOOLCHAIN_DIR = /Applications/Xcode.app/Contents/Developer/Toolchains/XcodeDefault.xctoolchain
               DWARF_DSYM_FILE_NAME = nanopb_Privacy.bundle.dSYM
               DWARF_DSYM_FILE_SHOULD_ACCOMPANY_PRODUCT = NO
               DWARF_DSYM_FOLDER_PATH = /Users/otislewis/arena/build/ios/Release-iphonesimulator/nanopb
               DYNAMIC_LIBRARY_EXTENSION = dylib
               EAGER_COMPILATION_ALLOW_SCRIPTS = NO
               EAGER_LINKING = NO
               EFFECTIVE_PLATFORM_NAME = -iphonesimulator
               EMBEDDED_CONTENT_CONTAINS_SWIFT = NO
               EMBED_ASSET_PACKS_IN_PRODUCT_BUNDLE = NO
               ENABLE_APP_SANDBOX = NO
               ENABLE_BITCODE = NO
               ENABLE_CODE_COVERAGE = YES
               ENABLE_DEFAULT_HEADER_SEARCH_PATHS = YES
               ENABLE_DEFAULT_SEARCH_PATHS = YES
               ENABLE_HARDENED_RUNTIME = NO
               ENABLE_HEADER_DEPENDENCIES = YES
               ENABLE_INCOMING_NETWORK_CONNECTIONS = NO
               ENABLE_NS_ASSERTIONS = NO
               ENABLE_ON_DEMAND_RESOURCES = NO
               ENABLE_OUTGOING_NETWORK_CONNECTIONS = NO
               ENABLE_RESOURCE_ACCESS_AUDIO_INPUT = NO
               ENABLE_RESOURCE_ACCESS_BLUETOOTH = NO
               ENABLE_RESOURCE_ACCESS_CALENDARS = NO
               ENABLE_RESOURCE_ACCESS_CAMERA = NO
               ENABLE_RESOURCE_ACCESS_CONTACTS = NO
               ENABLE_RESOURCE_ACCESS_LOCATION = NO
               ENABLE_RESOURCE_ACCESS_PRINTING = NO
               ENABLE_RESOURCE_ACCESS_USB = NO
               ENABLE_SDK_IMPORTS = NO
               ENABLE_STRICT_OBJC_MSGSEND = YES
               ENABLE_TESTABILITY = NO
               ENABLE_TESTING_SEARCH_PATHS = NO
               ENABLE_USER_SCRIPT_SANDBOXING = NO
               ENFORCE_VALID_ARCHS = YES
               ENTITLEMENTS_DESTINATION = __entitlements
               ENTITLEMENTS_REQUIRED = NO
               EXCLUDED_ARCHS = arm64
               EXCLUDED_INSTALLSRC_SUBDIRECTORY_PATTERNS = .DS_Store .svn .git .hg CVS
               EXCLUDED_RECURSIVE_SEARCH_PATH_SUBDIRECTORIES = *.nib *.lproj *.framework *.gch *.xcode* *.xcassets (*) .DS_Store CVS .svn .git .hg *.pbproj *.pbxproj
               EXECUTABLES_FOLDER_PATH = nanopb_Privacy.bundle/Executables
               EXECUTABLE_FOLDER_PATH = nanopb_Privacy.bundle
               EXECUTABLE_FOLDER_PATH_SHALLOW_BUNDLE_NO = nanopb_Privacy.bundle/MacOS
               EXECUTABLE_FOLDER_PATH_SHALLOW_BUNDLE_YES = nanopb_Privacy.bundle
               EXECUTABLE_NAME = nanopb_Privacy
               EXECUTABLE_PATH = nanopb_Privacy.bundle/nanopb_Privacy
               EXPANDED_CODE_SIGN_IDENTITY = -
               EXTENSIONS_FOLDER_PATH = nanopb_Privacy.bundle/Extensions
               FILE_LIST = /Users/otislewis/arena/build/ios/Pods.build/Release-iphonesimulator/nanopb-nanopb_Privacy.build/Objects/LinkFileList
               FIXED_FILES_DIR = /Users/otislewis/arena/build/ios/Pods.build/Release-iphonesimulator/nanopb-nanopb_Privacy.build/FixedFiles
               FRAMEWORKS_FOLDER_PATH = nanopb_Privacy.bundle/Frameworks
               FRAMEWORK_FLAG_PREFIX = -framework
               FRAMEWORK_SEARCH_PATHS = /Users/otislewis/arena/build/ios/Release-iphonesimulator/nanopb 
               FRAMEWORK_VERSION = A
               FULL_PRODUCT_NAME = nanopb_Privacy.bundle
               FUSE_BUILD_PHASES = YES
               FUSE_BUILD_SCRIPT_PHASES = NO
               GCC3_VERSION = 3.3
               GCC_C_LANGUAGE_STANDARD = gnu11
               GCC_INLINES_ARE_PRIVATE_EXTERN = YES
               GCC_NO_COMMON_BLOCKS = YES
               GCC_OBJC_LEGACY_DISPATCH = YES
               GCC_PFE_FILE_C_DIALECTS = c objective-c c++ objective-c++
               GCC_PREPROCESSOR_DEFINITIONS = POD_CONFIGURATION_RELEASE=1  COCOAPODS=1 POD_CONFIGURATION_RELEASE=1  PB_FIELD_32BIT=1 PB_NO_PACKED_STRUCTS=1 PB_ENABLE_MALLOC=1
               GCC_TREAT_WARNINGS_AS_ERRORS = NO
               GCC_VERSION = com.apple.compilers.llvm.clang.1_0
               GCC_VERSION_IDENTIFIER = com_apple_compilers_llvm_clang_1_0
               GCC_WARN_64_TO_32_BIT_CONVERSION = YES
               GCC_WARN_ABOUT_RETURN_TYPE = YES_ERROR
               GCC_WARN_UNDECLARED_SELECTOR = YES
               GCC_WARN_UNINITIALIZED_AUTOS = YES_AGGRESSIVE
               GCC_WARN_UNUSED_FUNCTION = YES
               GCC_WARN_UNUSED_VARIABLE = YES
               GENERATED_MODULEMAP_DIR = /Users/otislewis/arena/build/ios/GeneratedModuleMaps-iphonesimulator
               GENERATE_INFOPLIST_FILE = NO
               GENERATE_INTERMEDIATE_TEXT_BASED_STUBS = YES
               GENERATE_MASTER_OBJECT_FILE = NO
               GENERATE_PKGINFO_FILE = NO
               GENERATE_PROFILING_CODE = NO
               GENERATE_TEXT_BASED_STUBS = NO
               GID = 20
               GROUP = staff
               HEADERMAP_INCLUDES_FLAT_ENTRIES_FOR_TARGET_BEING_BUILT = YES
               HEADERMAP_INCLUDES_FRAMEWORK_ENTRIES_FOR_ALL_PRODUCT_TYPES = YES
               HEADERMAP_INCLUDES_FRAMEWORK_ENTRIES_FOR_TARGETS_NOT_BEING_BUILT = YES
               HEADERMAP_INCLUDES_NONPUBLIC_NONPRIVATE_HEADERS = YES
               HEADERMAP_INCLUDES_PROJECT_HEADERS = YES
               HEADERMAP_USES_FRAMEWORK_PREFIX_ENTRIES = YES
               HEADERMAP_USES_VFS = NO
               HEADER_SEARCH_PATHS = /Users/otislewis/arena/build/ios/Release-iphonesimulator/nanopb/include 
               HIDE_BITCODE_SYMBOLS = YES
               HOME = /Users/otislewis
               HOST_ARCH = arm64
               HOST_PLATFORM = macosx
               IBSC_MODULE = nanopb
               ICONV = /usr/bin/iconv
               IMPLICIT_DEPENDENCY_DOMAIN = default
               INFOPLIST_ENABLE_CFBUNDLEICONS_MERGE = YES
               INFOPLIST_EXPAND_BUILD_SETTINGS = YES
               INFOPLIST_FILE = Target Support Files/nanopb/ResourceBundle-nanopb_Privacy-nanopb-Info.plist
               INFOPLIST_OUTPUT_FORMAT = binary
               INFOPLIST_PATH = nanopb_Privacy.bundle/Info.plist
               INFOPLIST_PREPROCESS = NO
               INFOSTRINGS_PATH = nanopb_Privacy.bundle/en.lproj/InfoPlist.strings
               INLINE_PRIVATE_FRAMEWORKS = NO
               INSTALLAPI_IGNORE_SKIP_INSTALL = YES
               INSTALLHDRS_COPY_PHASE = NO
               INSTALLHDRS_SCRIPT_PHASE = NO
               INSTALL_DIR = /tmp/Pods.dst
               INSTALL_GROUP = staff
               INSTALL_MODE_FLAG = u+w,go-w,a+rX
               INSTALL_OWNER = otislewis
               INSTALL_ROOT = /tmp/Pods.dst
               IPHONEOS_DEPLOYMENT_TARGET = 13.0
               IS_UNOPTIMIZED_BUILD = NO
               JAVAC_DEFAULT_FLAGS = -J-Xms64m -J-XX:NewSize=4M -J-Dfile.encoding=UTF8
               JAVA_APP_STUB = /System/Library/Frameworks/JavaVM.framework/Resources/MacOS/JavaApplicationStub
               JAVA_ARCHIVE_CLASSES = YES
               JAVA_ARCHIVE_TYPE = JAR
               JAVA_COMPILER = /usr/bin/javac
               JAVA_FOLDER_PATH = nanopb_Privacy.bundle/Java
               JAVA_FRAMEWORK_RESOURCES_DIRS = Resources
               JAVA_JAR_FLAGS = cv
               JAVA_SOURCE_SUBDIR = .
               JAVA_USE_DEPENDENCIES = YES
               JAVA_ZIP_FLAGS = -urg
               JIKES_DEFAULT_FLAGS = +E +OLDCSO
               KEEP_PRIVATE_EXTERNS = NO
               LD_DEPENDENCY_INFO_FILE = /Users/otislewis/arena/build/ios/Pods.build/Release-iphonesimulator/nanopb-nanopb_Privacy.build/Objects-normal/undefined_arch/nanopb_Privacy_dependency_info.dat
               LD_EXPORT_SYMBOLS = YES
               LD_GENERATE_MAP_FILE = NO
               LD_MAP_FILE_PATH = /Users/otislewis/arena/build/ios/Pods.build/Release-iphonesimulator/nanopb-nanopb_Privacy.build/nanopb_Privacy-LinkMap-normal-undefined_arch.txt
               LD_NO_PIE = NO
               LD_QUOTE_LINKER_ARGUMENTS_FOR_COMPILER_DRIVER = YES
               LD_SHARED_CACHE_ELIGIBLE = Automatic
               LD_WARN_DUPLICATE_LIBRARIES = NO
               LD_WARN_UNUSED_DYLIBS = NO
               LEGACY_DEVELOPER_DIR = /Applications/Xcode.app/Contents/PlugIns/Xcode3Core.ideplugin/Contents/SharedSupport/Developer
               LEX = lex
               LIBRARY_DEXT_INSTALL_PATH = /Library/DriverExtensions
               LIBRARY_FLAG_NOSPACE = YES
               LIBRARY_FLAG_PREFIX = -l
               LIBRARY_KEXT_INSTALL_PATH = /Library/Extensions
               LIBRARY_SEARCH_PATHS = /Users/otislewis/arena/build/ios/Release-iphonesimulator/nanopb 
               LINKER_DISPLAYS_MANGLED_NAMES = NO
               LINK_OBJC_RUNTIME = YES
               LINK_WITH_STANDARD_LIBRARIES = YES
               LLVM_TARGET_TRIPLE_OS_VERSION = ios13.0
               LLVM_TARGET_TRIPLE_SUFFIX = -simulator
               LLVM_TARGET_TRIPLE_VENDOR = apple
               LOCALIZATION_EXPORT_SUPPORTED = YES
               LOCALIZATION_PREFERS_STRING_CATALOGS = NO
               LOCALIZED_RESOURCES_FOLDER_PATH = nanopb_Privacy.bundle/en.lproj
               LOCALIZED_STRING_MACRO_NAMES = NSLocalizedString CFCopyLocalizedString
               LOCALIZED_STRING_SWIFTUI_SUPPORT = YES
               LOCAL_ADMIN_APPS_DIR = /Applications/Utilities
               LOCAL_APPS_DIR = /Applications
               LOCAL_DEVELOPER_DIR = /Library/Developer
               LOCAL_LIBRARY_DIR = /Library
               LOCROOT = /Users/otislewis/arena/ios/Pods
               LOCSYMROOT = /Users/otislewis/arena/ios/Pods
               MACH_O_TYPE = mh_bundle
               MAC_OS_X_PRODUCT_BUILD_VERSION = 24F74
               MAC_OS_X_VERSION_ACTUAL = 150500
               MAC_OS_X_VERSION_MAJOR = 150000
               MAC_OS_X_VERSION_MINOR = 150500
               MAKE_MERGEABLE = NO
               MERGEABLE_LIBRARY = NO
               MERGED_BINARY_TYPE = none
               MERGE_LINKED_LIBRARIES = NO
               METAL_LIBRARY_FILE_BASE = default
               METAL_LIBRARY_OUTPUT_DIR = /Users/otislewis/arena/build/ios/Release-iphonesimulator/nanopb/nanopb_Privacy.bundle
               MODULES_FOLDER_PATH = nanopb_Privacy.bundle/Modules
               MTL_ENABLE_DEBUG_INFO = NO
               MTL_FAST_MATH = YES
               NATIVE_ARCH = arm64
               NATIVE_ARCH_32_BIT = arm
               NATIVE_ARCH_64_BIT = arm64
               NATIVE_ARCH_ACTUAL = arm64
               NO_COMMON = YES
               OBJC_ABI_VERSION = 2
               OBJECT_FILE_DIR = /Users/otislewis/arena/build/ios/Pods.build/Release-iphonesimulator/nanopb-nanopb_Privacy.build/Objects
               OBJECT_FILE_DIR_normal = /Users/otislewis/arena/build/ios/Pods.build/Release-iphonesimulator/nanopb-nanopb_Privacy.build/Objects-normal
               OBJROOT = /Users/otislewis/arena/build/ios
               ONLY_ACTIVE_ARCH = NO
               OS = MACOS
               OSAC = /usr/bin/osacompile
               PACKAGE_TYPE = com.apple.package-type.wrapper
               PASCAL_STRINGS = YES
               PATH = /Applications/Xcode.app/Contents/SharedFrameworks/SwiftBuild.framework/Versions/A/PlugIns/SWBBuildService.bundle/Contents/PlugIns/SWBUniversalPlatformPlugin.bundle/Contents/Frameworks/SWBUniversalPlatform.framework/Resources:/Applications/Xcode.app/Contents/Developer/Toolchains/XcodeDefault.xctoolchain/usr/bin:/Applications/Xcode.app/Contents/Developer/Toolchains/XcodeDefault.xctoolchain/usr/local/bin:/Applications/Xcode.app/Contents/Developer/Toolchains/XcodeDefault.xctoolchain/usr/libexec:/Applications/Xcode.app/Contents/Developer/Platforms/iPhoneSimulator.platform/usr/bin:/Applications/Xcode.app/Contents/Developer/Platforms/iPhoneSimulator.platform/usr/local/bin:/Applications/Xcode.app/Contents/Developer/Platforms/iPhoneSimulator.platform/Developer/usr/bin:/Applications/Xcode.app/Contents/Developer/Platforms/iPhoneSimulator.platform/Developer/usr/local/bin:/Applications/Xcode.app/Contents/Developer/usr/bin:/Applications/Xcode.app/Contents/Developer/usr/local/bin:/Users/otislewis/.gem/ruby/3.3.0/bin:/opt/homebrew/bin:/opt/homebrew/sbin:/usr/local/bin:/System/Cryptexes/App/usr/bin:/usr/bin:/bin:/usr/sbin:/sbin:/var/run/com.apple.security.cryptexd/codex.system/bootstrap/usr/local/bin:/var/run/com.apple.security.cryptexd/codex.system/bootstrap/usr/bin:/var/run/com.apple.security.cryptexd/codex.system/bootstrap/usr/appleinternal/bin:/Library/Apple/usr/bin:/opt/homebrew/Caskroom/flutter/3.32.0/flutter/bin:/Users/otislewis/Library/Android/sdk/emulator:/Users/otislewis/Library/Android/sdk/tools:/Users/otislewis/Library/Android/sdk/tools/bin:/Users/otislewis/Library/Android/sdk/platform-tools:/opt/homebrew/Caskroom/flutter/3.32.0/flutter/bin/cache/dart-sdk/bin
               PATH_PREFIXES_EXCLUDED_FROM_HEADER_DEPENDENCIES = /usr/include /usr/local/include /System/Library/Frameworks /System/Library/PrivateFrameworks /Applications/Xcode.app/Contents/Developer/Headers /Applications/Xcode.app/Contents/Developer/SDKs /Applications/Xcode.app/Contents/Developer/Platforms
               PBDEVELOPMENTPLIST_PATH = nanopb_Privacy.bundle/pbdevelopment.plist
               PER_ARCH_MODULE_FILE_DIR = /Users/otislewis/arena/build/ios/Pods.build/Release-iphonesimulator/nanopb-nanopb_Privacy.build/Objects-normal/undefined_arch
               PER_ARCH_OBJECT_FILE_DIR = /Users/otislewis/arena/build/ios/Pods.build/Release-iphonesimulator/nanopb-nanopb_Privacy.build/Objects-normal/undefined_arch
               PER_VARIANT_OBJECT_FILE_DIR = /Users/otislewis/arena/build/ios/Pods.build/Release-iphonesimulator/nanopb-nanopb_Privacy.build/Objects-normal
               PKGINFO_FILE_PATH = /Users/otislewis/arena/build/ios/Pods.build/Release-iphonesimulator/nanopb-nanopb_Privacy.build/PkgInfo
               PKGINFO_PATH = nanopb_Privacy.bundle/PkgInfo
               PLATFORM_DEVELOPER_APPLICATIONS_DIR = /Applications/Xcode.app/Contents/Developer/Platforms/iPhoneSimulator.platform/Developer/Applications
               PLATFORM_DEVELOPER_BIN_DIR = /Applications/Xcode.app/Contents/Developer/Platforms/iPhoneSimulator.platform/Developer/usr/bin
               PLATFORM_DEVELOPER_LIBRARY_DIR = /Applications/Xcode.app/Contents/Developer/Platforms/iPhoneSimulator.platform/Developer/Library
               PLATFORM_DEVELOPER_SDK_DIR = /Applications/Xcode.app/Contents/Developer/Platforms/iPhoneSimulator.platform/Developer/SDKs
               PLATFORM_DEVELOPER_TOOLS_DIR = /Applications/Xcode.app/Contents/Developer/Platforms/iPhoneSimulator.platform/Developer/Tools
               PLATFORM_DEVELOPER_USR_DIR = /Applications/Xcode.app/Contents/Developer/Platforms/iPhoneSimulator.platform/Developer/usr
               PLATFORM_DIR = /Applications/Xcode.app/Contents/Developer/Platforms/iPhoneSimulator.platform
               PLATFORM_DISPLAY_NAME = iOS Simulator
               PLATFORM_FAMILY_NAME = iOS
               PLATFORM_NAME = iphonesimulator
               PLATFORM_PREFERRED_ARCH = x86_64
               PLATFORM_PRODUCT_BUILD_VERSION = 22E235
               PLATFORM_REQUIRES_SWIFT_AUTOLINK_EXTRACT = NO
               PLATFORM_REQUIRES_SWIFT_MODULEWRAP = NO
               PLIST_FILE_OUTPUT_FORMAT = binary
               PLUGINS_FOLDER_PATH = nanopb_Privacy.bundle/PlugIns
               PODS_BUILD_DIR = /Users/otislewis/arena/build/ios
               PODS_CONFIGURATION_BUILD_DIR = /Users/otislewis/arena/build/ios/Release-iphonesimulator
               PODS_DEVELOPMENT_LANGUAGE = en
               PODS_ROOT = /Users/otislewis/arena/ios/Pods
               PODS_TARGET_SRCROOT = /Users/otislewis/arena/ios/Pods/nanopb
               PODS_XCFRAMEWORKS_BUILD_DIR = /Users/otislewis/arena/build/ios/Release-iphonesimulator/XCFrameworkIntermediates
               PRECOMPS_INCLUDE_HEADERS_FROM_BUILT_PRODUCTS_DIR = YES
               PRECOMP_DESTINATION_DIR = /Users/otislewis/arena/build/ios/Pods.build/Release-iphonesimulator/nanopb-nanopb_Privacy.build/PrefixHeaders
               PRIVATE_HEADERS_FOLDER_PATH = nanopb_Privacy.bundle/PrivateHeaders
               PROCESSED_INFOPLIST_PATH = /Users/otislewis/arena/build/ios/Pods.build/Release-iphonesimulator/nanopb-nanopb_Privacy.build/Objects-normal/undefined_arch/Processed-Info.plist
               PRODUCT_BUNDLE_IDENTIFIER = org.cocoapods.nanopb-Privacy
               PRODUCT_BUNDLE_PACKAGE_TYPE = BNDL
               PRODUCT_MODULE_NAME = nanopb_Privacy
               PRODUCT_NAME = nanopb_Privacy
               PRODUCT_SETTINGS_PATH = /Users/otislewis/arena/ios/Pods/Target Support Files/nanopb/ResourceBundle-nanopb_Privacy-nanopb-Info.plist
               PRODUCT_TYPE = com.apple.product-type.bundle
               PROFILING_CODE = NO
               PROJECT = Pods
               PROJECT_DERIVED_FILE_DIR = /Users/otislewis/arena/build/ios/Pods.build/DerivedSources
               PROJECT_DIR = /Users/otislewis/arena/ios/Pods
               PROJECT_FILE_PATH = /Users/otislewis/arena/ios/Pods/Pods.xcodeproj
               PROJECT_GUID = bfdfe7dc352907fc980b868725387e98
               PROJECT_NAME = Pods
               PROJECT_TEMP_DIR = /Users/otislewis/arena/build/ios/Pods.build
               PROJECT_TEMP_ROOT = /Users/otislewis/arena/build/ios
               PUBLIC_HEADERS_FOLDER_PATH = nanopb_Privacy.bundle/Headers
               RECOMMENDED_IPHONEOS_DEPLOYMENT_TARGET = 15.0
               RECURSIVE_SEARCH_PATHS_FOLLOW_SYMLINKS = YES
               REMOVE_CVS_FROM_RESOURCES = YES
               REMOVE_GIT_FROM_RESOURCES = YES
               REMOVE_HEADERS_FROM_EMBEDDED_BUNDLES = YES
               REMOVE_HG_FROM_RESOURCES = YES
               REMOVE_STATIC_EXECUTABLES_FROM_EMBEDDED_BUNDLES = YES
               REMOVE_SVN_FROM_RESOURCES = YES
               RESCHEDULE_INDEPENDENT_HEADERS_PHASES = YES
               REZ_COLLECTOR_DIR = /Users/otislewis/arena/build/ios/Pods.build/Release-iphonesimulator/nanopb-nanopb_Privacy.build/ResourceManagerResources
               REZ_OBJECTS_DIR = /Users/otislewis/arena/build/ios/Pods.build/Release-iphonesimulator/nanopb-nanopb_Privacy.build/ResourceManagerResources/Objects
               REZ_SEARCH_PATHS = /Users/otislewis/arena/build/ios/Release-iphonesimulator/nanopb 
               SCAN_ALL_SOURCE_FILES_FOR_INCLUDES = NO
               SCRIPTS_FOLDER_PATH = nanopb_Privacy.bundle/Scripts
               SDKROOT = /Applications/Xcode.app/Contents/Developer/Platforms/iPhoneSimulator.platform/Developer/SDKs/iPhoneSimulator18.4.sdk
               SDK_DIR = /Applications/Xcode.app/Contents/Developer/Platforms/iPhoneSimulator.platform/Developer/SDKs/iPhoneSimulator18.4.sdk
               SDK_DIR_iphonesimulator = /Applications/Xcode.app/Contents/Developer/Platforms/iPhoneSimulator.platform/Developer/SDKs/iPhoneSimulator18.4.sdk
               SDK_DIR_iphonesimulator18_4 = /Applications/Xcode.app/Contents/Developer/Platforms/iPhoneSimulator.platform/Developer/SDKs/iPhoneSimulator18.4.sdk
               SDK_NAME = iphonesimulator18.4
               SDK_NAMES = iphonesimulator18.4
               SDK_PRODUCT_BUILD_VERSION = 22E235
               SDK_STAT_CACHE_DIR = /var/folders/4y/xy3fflts0nqfk1tsxg0t3mmr0000gn/C/com.apple.DeveloperTools/16.3-16E140/Xcode
               SDK_STAT_CACHE_ENABLE = YES
               SDK_STAT_CACHE_PATH = /var/folders/4y/xy3fflts0nqfk1tsxg0t3mmr0000gn/C/com.apple.DeveloperTools/16.3-16E140/Xcode/SDKStatCaches.noindex/iphonesimulator18.4-22E235-71825a6d136aa4733edcbe86ece5525b.sdkstatcache
               SDK_VERSION = 18.4
               SDK_VERSION_ACTUAL = 180400
               SDK_VERSION_MAJOR = 180000
               SDK_VERSION_MINOR = 180400
               SED = /usr/bin/sed
               SEPARATE_STRIP = NO
               SEPARATE_SYMBOL_EDIT = NO
               SET_DIR_MODE_OWNER_GROUP = YES
               SET_FILE_MODE_OWNER_GROUP = NO
               SHALLOW_BUNDLE = YES
               SHALLOW_BUNDLE_TRIPLE = ios-simulator
               SHALLOW_BUNDLE_ios_macabi = NO
               SHALLOW_BUNDLE_macos = NO
               SHARED_DERIVED_FILE_DIR = /Users/otislewis/arena/build/ios/Release-iphonesimulator/nanopb/DerivedSources
               SHARED_FRAMEWORKS_FOLDER_PATH = nanopb_Privacy.bundle/SharedFrameworks
               SHARED_PRECOMPS_DIR = /Users/otislewis/arena/build/ios/SharedPrecompiledHeaders
               SHARED_SUPPORT_FOLDER_PATH = nanopb_Privacy.bundle/SharedSupport
               SKIP_INSTALL = YES
               SOURCE_ROOT = /Users/otislewis/arena/ios/Pods
               SRCROOT = /Users/otislewis/arena/ios/Pods
               STRINGSDATA_DIR = /Users/otislewis/arena/build/ios/Pods.build/Release-iphonesimulator/nanopb-nanopb_Privacy.build/Objects-normal/undefined_arch
               STRINGSDATA_ROOT = /Users/otislewis/arena/build/ios/Pods.build/Release-iphonesimulator/nanopb-nanopb_Privacy.build
               STRINGS_FILE_INFOPLIST_RENAME = YES
               STRINGS_FILE_OUTPUT_ENCODING = binary
               STRIP_BITCODE_FROM_COPIED_FILES = NO
               STRIP_INSTALLED_PRODUCT = NO
               STRIP_STYLE = non-global
               STRIP_SWIFT_SYMBOLS = YES
               SUPPORTED_DEVICE_FAMILIES = 1,2
               SUPPORTED_PLATFORMS = iphoneos iphonesimulator
               SUPPORTS_TEXT_BASED_API = NO
               SUPPRESS_WARNINGS = NO
               SWIFT_COMPILATION_MODE = wholemodule
               SWIFT_EMIT_LOC_STRINGS = NO
               SWIFT_OPTIMIZATION_LEVEL = -O
               SWIFT_PLATFORM_TARGET_PREFIX = ios
               SWIFT_VERSION = 5.0
               SYMROOT = /Users/otislewis/arena/ios/build
               SYSTEM_ADMIN_APPS_DIR = /Applications/Utilities
               SYSTEM_APPS_DIR = /Applications
               SYSTEM_CORE_SERVICES_DIR = /System/Library/CoreServices
               SYSTEM_DEMOS_DIR = /Applications/Extras
               SYSTEM_DEVELOPER_APPS_DIR = /Applications/Xcode.app/Contents/Developer/Applications
               SYSTEM_DEVELOPER_BIN_DIR = /Applications/Xcode.app/Contents/Developer/usr/bin
               SYSTEM_DEVELOPER_DEMOS_DIR = /Applications/Xcode.app/Contents/Developer/Applications/Utilities/Built Examples
               SYSTEM_DEVELOPER_DIR = /Applications/Xcode.app/Contents/Developer
               SYSTEM_DEVELOPER_DOC_DIR = /Applications/Xcode.app/Contents/Developer/ADC Reference Library
               SYSTEM_DEVELOPER_GRAPHICS_TOOLS_DIR = /Applications/Xcode.app/Contents/Developer/Applications/Graphics Tools
               SYSTEM_DEVELOPER_JAVA_TOOLS_DIR = /Applications/Xcode.app/Contents/Developer/Applications/Java Tools
               SYSTEM_DEVELOPER_PERFORMANCE_TOOLS_DIR = /Applications/Xcode.app/Contents/Developer/Applications/Performance Tools
               SYSTEM_DEVELOPER_RELEASENOTES_DIR = /Applications/Xcode.app/Contents/Developer/ADC Reference Library/releasenotes
               SYSTEM_DEVELOPER_TOOLS = /Applications/Xcode.app/Contents/Developer/Tools
               SYSTEM_DEVELOPER_TOOLS_DOC_DIR = /Applications/Xcode.app/Contents/Developer/ADC Reference Library/documentation/DeveloperTools
               SYSTEM_DEVELOPER_TOOLS_RELEASENOTES_DIR = /Applications/Xcode.app/Contents/Developer/ADC Reference Library/releasenotes/DeveloperTools
               SYSTEM_DEVELOPER_USR_DIR = /Applications/Xcode.app/Contents/Developer/usr
               SYSTEM_DEVELOPER_UTILITIES_DIR = /Applications/Xcode.app/Contents/Developer/Applications/Utilities
               SYSTEM_DEXT_INSTALL_PATH = /System/Library/DriverExtensions
               SYSTEM_DOCUMENTATION_DIR = /Library/Documentation
               SYSTEM_EXTENSIONS_FOLDER_PATH = nanopb_Privacy.bundle/SystemExtensions
               SYSTEM_EXTENSIONS_FOLDER_PATH_SHALLOW_BUNDLE_NO = nanopb_Privacy.bundle/Library/SystemExtensions
               SYSTEM_EXTENSIONS_FOLDER_PATH_SHALLOW_BUNDLE_YES = nanopb_Privacy.bundle/SystemExtensions
               SYSTEM_KEXT_INSTALL_PATH = /System/Library/Extensions
               SYSTEM_LIBRARY_DIR = /System/Library
               TAPI_DEMANGLE = YES
               TAPI_ENABLE_PROJECT_HEADERS = NO
               TAPI_LANGUAGE = objective-c
               TAPI_LANGUAGE_STANDARD = compiler-default
               TAPI_USE_SRCROOT = YES
               TAPI_VERIFY_MODE = Pedantic
               TARGETED_DEVICE_FAMILY = 1,2
               TARGETNAME = nanopb-nanopb_Privacy
               TARGET_BUILD_DIR = /Users/otislewis/arena/build/ios/Release-iphonesimulator/nanopb
               TARGET_NAME = nanopb-nanopb_Privacy
               TARGET_TEMP_DIR = /Users/otislewis/arena/build/ios/Pods.build/Release-iphonesimulator/nanopb-nanopb_Privacy.build
               TEMP_DIR = /Users/otislewis/arena/build/ios/Pods.build/Release-iphonesimulator/nanopb-nanopb_Privacy.build
               TEMP_FILES_DIR = /Users/otislewis/arena/build/ios/Pods.build/Release-iphonesimulator/nanopb-nanopb_Privacy.build
               TEMP_FILE_DIR = /Users/otislewis/arena/build/ios/Pods.build/Release-iphonesimulator/nanopb-nanopb_Privacy.build
               TEMP_ROOT = /Users/otislewis/arena/build/ios
               TEMP_SANDBOX_DIR = /Users/otislewis/arena/build/ios/TemporaryTaskSandboxes
               TEST_FRAMEWORK_SEARCH_PATHS =  /Applications/Xcode.app/Contents/Developer/Platforms/iPhoneSimulator.platform/Developer/Library/Frameworks /Applications/Xcode.app/Contents/Developer/Platforms/iPhoneSimulator.platform/Developer/SDKs/iPhoneSimulator18.4.sdk/Developer/Library/Frameworks
               TEST_LIBRARY_SEARCH_PATHS =  /Applications/Xcode.app/Contents/Developer/Platforms/iPhoneSimulator.platform/Developer/usr/lib
               TOOLCHAINS = com.apple.dt.toolchain.XcodeDefault
               TOOLCHAIN_DIR = /Applications/Xcode.app/Contents/Developer/Toolchains/XcodeDefault.xctoolchain
               TREAT_MISSING_BASELINES_AS_TEST_FAILURES = NO
               TREAT_MISSING_SCRIPT_PHASE_OUTPUTS_AS_ERRORS = NO
               UID = 501
               UNINSTALLED_PRODUCTS_DIR = /Users/otislewis/arena/build/ios/UninstalledProducts
               UNLOCALIZED_RESOURCES_FOLDER_PATH = nanopb_Privacy.bundle
               UNLOCALIZED_RESOURCES_FOLDER_PATH_SHALLOW_BUNDLE_NO = nanopb_Privacy.bundle/Resources
               UNLOCALIZED_RESOURCES_FOLDER_PATH_SHALLOW_BUNDLE_YES = nanopb_Privacy.bundle
               UNSTRIPPED_PRODUCT = NO
               USER = otislewis
               USER_APPS_DIR = /Users/otislewis/Applications
               USER_LIBRARY_DIR = /Users/otislewis/Library
               USE_DYNAMIC_NO_PIC = YES
               USE_HEADERMAP = YES
               USE_HEADER_SYMLINKS = NO
               USE_RECURSIVE_SCRIPT_INPUTS_IN_SCRIPT_PHASES = YES
               VALIDATE_DEVELOPMENT_ASSET_PATHS = YES_ERROR
               VALIDATE_PRODUCT = NO
               VALID_ARCHS = arm64
               VERBOSE_PBXCP = NO
               VERSIONPLIST_PATH = nanopb_Privacy.bundle/version.plist
               VERSION_INFO_BUILDER = otislewis
               VERSION_INFO_FILE = nanopb_Privacy_vers.c
               VERSION_INFO_STRING = "@(#)PROGRAM:nanopb_Privacy  PROJECT:Pods-"
               WORKSPACE_DIR = /Users/otislewis/arena/ios/Pods/Pods.xcodeproj
               WRAPPER_EXTENSION = bundle
               WRAPPER_NAME = nanopb_Privacy.bundle
               WRAPPER_SUFFIX = .bundle
               WRAP_ASSET_PACKS_IN_SEPARATE_DIRECTORIES = NO
               XCODE_APP_SUPPORT_DIR = /Applications/Xcode.app/Contents/Developer/Library/Xcode
               XCODE_PRODUCT_BUILD_VERSION = 16E140
               XCODE_VERSION_ACTUAL = 1630
               XCODE_VERSION_MAJOR = 1600
               XCODE_VERSION_MINOR = 1630
               XPCSERVICES_FOLDER_PATH = nanopb_Privacy.bundle/XPCServices
               YACC = yacc
               _DISCOVER_COMMAND_LINE_LINKER_INPUTS = YES
               _DISCOVER_COMMAND_LINE_LINKER_INPUTS_INCLUDE_WL = YES
               _WRAPPER_CONTENTS_DIR_SHALLOW_BUNDLE_NO = /Contents
               _WRAPPER_PARENT_PATH_SHALLOW_BUNDLE_NO = /..
               _WRAPPER_RESOURCES_DIR_SHALLOW_BUNDLE_NO = /Resources
               __DIAGNOSE_DEPRECATED_ARCHS = YES
               arch = undefined_arch
               variant = normal

           Build settings for action build and target Pods-Runner:
               ACTION = build
               AD_HOC_CODE_SIGNING_ALLOWED = YES
               ALLOW_BUILD_REQUEST_OVERRIDES = NO
               ALLOW_TARGET_PLATFORM_SPECIALIZATION = NO
               ALTERNATE_GROUP = staff
               ALTERNATE_MODE = u+w,go-w,a+rX
               ALTERNATE_OWNER = otislewis
               ALTERNATIVE_DISTRIBUTION_WEB = NO
               ALWAYS_EMBED_SWIFT_STANDARD_LIBRARIES = NO
               ALWAYS_SEARCH_USER_PATHS = NO
               ALWAYS_USE_SEPARATE_HEADERMAPS = NO
               APPLICATION_EXTENSION_API_ONLY = NO
               APPLY_RULES_IN_COPY_FILES = NO
               APPLY_RULES_IN_COPY_HEADERS = NO
               APP_SHORTCUTS_ENABLE_FLEXIBLE_MATCHING = YES
               ARCHS = x86_64
               ARCHS_STANDARD = arm64 x86_64
               ARCHS_STANDARD_32_64_BIT = arm64 x86_64
               ARCHS_STANDARD_64_BIT = arm64 x86_64
               ARCHS_STANDARD_INCLUDING_64_BIT = arm64 x86_64
               ARCHS_UNIVERSAL_IPHONE_OS = arm64 x86_64
               AUTOMATICALLY_MERGE_DEPENDENCIES = NO
               AVAILABLE_PLATFORMS = android appletvos appletvsimulator driverkit iphoneos iphonesimulator macosx qnx watchos watchsimulator xros xrsimulator
               BITCODE_GENERATION_MODE = marker
               BUILD_ACTIVE_RESOURCES_ONLY = NO
               BUILD_COMPONENTS = headers build
               BUILD_DIR = /Users/otislewis/arena/build/ios
               BUILD_LIBRARY_FOR_DISTRIBUTION = NO
               BUILD_ROOT = /Users/otislewis/arena/ios/build
               BUILD_STYLE = 
               BUILD_VARIANTS = normal
               BUILT_PRODUCTS_DIR = /Users/otislewis/arena/build/ios/Release-iphonesimulator
               BUNDLE_CONTENTS_FOLDER_PATH_deep = Contents/
               BUNDLE_EXECUTABLE_FOLDER_NAME_deep = MacOS
               BUNDLE_EXTENSIONS_FOLDER_PATH = Extensions
               BUNDLE_FORMAT = shallow
               BUNDLE_FRAMEWORKS_FOLDER_PATH = Frameworks
               BUNDLE_PLUGINS_FOLDER_PATH = PlugIns
               BUNDLE_PRIVATE_HEADERS_FOLDER_PATH = PrivateHeaders
               BUNDLE_PUBLIC_HEADERS_FOLDER_PATH = Headers
               CACHE_ROOT = /var/folders/4y/xy3fflts0nqfk1tsxg0t3mmr0000gn/C/com.apple.DeveloperTools/16.3-16E140/Xcode
               CCHROOT = /var/folders/4y/xy3fflts0nqfk1tsxg0t3mmr0000gn/C/com.apple.DeveloperTools/16.3-16E140/Xcode
               CHMOD = /bin/chmod
               CHOWN = /usr/sbin/chown
               CLANG_ANALYZER_LOCALIZABILITY_NONLOCALIZED = YES
               CLANG_ANALYZER_NONNULL = YES
               CLANG_ANALYZER_NUMBER_OBJECT_CONVERSION = YES_AGGRESSIVE
               CLANG_CACHE_FINE_GRAINED_OUTPUTS = YES
               CLANG_CXX_LANGUAGE_STANDARD = gnu++14
               CLANG_CXX_LIBRARY = libc++
               CLANG_ENABLE_EXPLICIT_MODULES = YES
               CLANG_ENABLE_MODULES = YES
               CLANG_ENABLE_OBJC_ARC = YES
               CLANG_ENABLE_OBJC_WEAK = NO
               CLANG_MODULES_BUILD_SESSION_FILE = /var/folders/4y/xy3fflts0nqfk1tsxg0t3mmr0000gn/C/org.llvm.clang/ModuleCache.noindex/Session.modulevalidation
               CLANG_WARN_BLOCK_CAPTURE_AUTORELEASING = YES
               CLANG_WARN_BOOL_CONVERSION = YES
               CLANG_WARN_COMMA = YES
               CLANG_WARN_CONSTANT_CONVERSION = YES
               CLANG_WARN_DEPRECATED_OBJC_IMPLEMENTATIONS = YES
               CLANG_WARN_DIRECT_OBJC_ISA_USAGE = YES_ERROR
               CLANG_WARN_DOCUMENTATION_COMMENTS = YES
               CLANG_WARN_EMPTY_BODY = YES
               CLANG_WARN_ENUM_CONVERSION = YES
               CLANG_WARN_INFINITE_RECURSION = YES
               CLANG_WARN_INT_CONVERSION = YES
               CLANG_WARN_NON_LITERAL_NULL_CONVERSION = YES
               CLANG_WARN_OBJC_IMPLICIT_RETAIN_SELF = YES
               CLANG_WARN_OBJC_LITERAL_CONVERSION = YES
               CLANG_WARN_OBJC_ROOT_CLASS = YES_ERROR
               CLANG_WARN_QUOTED_INCLUDE_IN_FRAMEWORK_HEADER = NO
               CLANG_WARN_RANGE_LOOP_ANALYSIS = YES
               CLANG_WARN_STRICT_PROTOTYPES = YES
               CLANG_WARN_SUSPICIOUS_MOVE = YES
               CLANG_WARN_UNGUARDED_AVAILABILITY = YES_AGGRESSIVE
               CLANG_WARN_UNREACHABLE_CODE = YES
               CLANG_WARN__DUPLICATE_METHOD_MATCH = YES
               CLASS_FILE_DIR = /Users/otislewis/arena/build/ios/Pods.build/Release-iphonesimulator/Pods-Runner.build/JavaClasses
               CLEAN_PRECOMPS = YES
               CLONE_HEADERS = NO
               CODESIGNING_FOLDER_PATH = /Users/otislewis/arena/build/ios/Release-iphonesimulator/Pods_Runner.framework
               CODE_SIGNING_ALLOWED = YES
               CODE_SIGNING_REQUIRED = NO
               CODE_SIGNING_REQUIRES_TEAM = YES
               CODE_SIGN_CONTEXT_CLASS = XCiPhoneSimulatorCodeSignContext
               CODE_SIGN_IDENTITY = -
               CODE_SIGN_INJECT_BASE_ENTITLEMENTS = YES
               COLOR_DIAGNOSTICS = NO
               COMBINE_HIDPI_IMAGES = NO
               COMPILATION_CACHE_CAS_PATH = /var/folders/4y/xy3fflts0nqfk1tsxg0t3mmr0000gn/C/com.apple.DeveloperTools/16.3-16E140/Xcode/CompilationCache.noindex
               COMPILATION_CACHE_KEEP_CAS_DIRECTORY = YES
               COMPILER_INDEX_STORE_ENABLE = Default
               COMPOSITE_SDK_DIRS = /Users/otislewis/arena/build/ios/CompositeSDKs
               COMPRESS_PNG_FILES = YES
               CONFIGURATION = Release
               CONFIGURATION_BUILD_DIR = /Users/otislewis/arena/build/ios/Release-iphonesimulator
               CONFIGURATION_TEMP_DIR = /Users/otislewis/arena/build/ios/Pods.build/Release-iphonesimulator
               CONTENTS_FOLDER_PATH = Pods_Runner.framework
               CONTENTS_FOLDER_PATH_SHALLOW_BUNDLE_NO = Pods_Runner.framework/A
               CONTENTS_FOLDER_PATH_SHALLOW_BUNDLE_YES = Pods_Runner.framework
               COPYING_PRESERVES_HFS_DATA = NO
               COPY_HEADERS_RUN_UNIFDEF = NO
               COPY_PHASE_STRIP = NO
               CORRESPONDING_DEVICE_PLATFORM_DIR = /Applications/Xcode.app/Contents/Developer/Platforms/iPhoneOS.platform
               CORRESPONDING_DEVICE_PLATFORM_NAME = iphoneos
               CORRESPONDING_DEVICE_SDK_DIR = /Applications/Xcode.app/Contents/Developer/Platforms/iPhoneOS.platform/Developer/SDKs/iPhoneOS18.4.sdk
               CORRESPONDING_DEVICE_SDK_NAME = iphoneos18.4
               CP = /bin/cp
               CREATE_INFOPLIST_SECTION_IN_BINARY = NO
               CURRENT_ARCH = undefined_arch
               CURRENT_PROJECT_VERSION = 1
               CURRENT_VARIANT = normal
               CURRENT_VERSION = Current
               DEAD_CODE_STRIPPING = YES
               DEBUGGING_SYMBOLS = YES
               DEBUG_INFORMATION_FORMAT = dwarf-with-dsym
               DEBUG_INFORMATION_VERSION = compiler-default
               DEFAULT_COMPILER = com.apple.compilers.llvm.clang.1_0
               DEFAULT_DEXT_INSTALL_PATH = /System/Library/DriverExtensions
               DEFAULT_KEXT_INSTALL_PATH = /System/Library/Extensions
               DEFINES_MODULE = YES
               DEPLOYMENT_LOCATION = NO
               DEPLOYMENT_POSTPROCESSING = NO
               DEPLOYMENT_TARGET_SETTING_NAME = IPHONEOS_DEPLOYMENT_TARGET
               DEPLOYMENT_TARGET_SUGGESTED_VALUES = 12.0 12.1 12.2 12.3 12.4 13.0 13.1 13.2 13.3 13.4 13.5 13.6 14.0 14.1 14.2 14.3 14.4 14.5 14.6 14.7 15.0 15.1 15.2 15.3 15.4 15.5 15.6 16.0 16.1 16.2 16.3 16.4 16.5 16.6 17.0 17.1 17.2 17.3 17.4 17.5 17.6 18.0 18.1 18.2 18.3 18.4
               DERIVED_FILES_DIR = /Users/otislewis/arena/build/ios/Pods.build/Release-iphonesimulator/Pods-Runner.build/DerivedSources
               DERIVED_FILE_DIR = /Users/otislewis/arena/build/ios/Pods.build/Release-iphonesimulator/Pods-Runner.build/DerivedSources
               DERIVED_SOURCES_DIR = /Users/otislewis/arena/build/ios/Pods.build/Release-iphonesimulator/Pods-Runner.build/DerivedSources
               DEVELOPER_APPLICATIONS_DIR = /Applications/Xcode.app/Contents/Developer/Applications
               DEVELOPER_BIN_DIR = /Applications/Xcode.app/Contents/Developer/usr/bin
               DEVELOPER_DIR = /Applications/Xcode.app/Contents/Developer
               DEVELOPER_FRAMEWORKS_DIR = /Applications/Xcode.app/Contents/Developer/Library/Frameworks
               DEVELOPER_FRAMEWORKS_DIR_QUOTED = /Applications/Xcode.app/Contents/Developer/Library/Frameworks
               DEVELOPER_LIBRARY_DIR = /Applications/Xcode.app/Contents/Developer/Library
               DEVELOPER_SDK_DIR = /Applications/Xcode.app/Contents/Developer/Platforms/MacOSX.platform/Developer/SDKs
               DEVELOPER_TOOLS_DIR = /Applications/Xcode.app/Contents/Developer/Tools
               DEVELOPER_USR_DIR = /Applications/Xcode.app/Contents/Developer/usr
               DEVELOPMENT_LANGUAGE = en
               DIAGNOSE_MISSING_TARGET_DEPENDENCIES = YES
               DIFF = /usr/bin/diff
               DOCUMENTATION_FOLDER_PATH = Pods_Runner.framework/en.lproj/Documentation
               DONT_GENERATE_INFOPLIST_FILE = NO
               DSTROOT = /tmp/Pods.dst
               DT_TOOLCHAIN_DIR = /Applications/Xcode.app/Contents/Developer/Toolchains/XcodeDefault.xctoolchain
               DWARF_DSYM_FILE_NAME = Pods_Runner.framework.dSYM
               DWARF_DSYM_FILE_SHOULD_ACCOMPANY_PRODUCT = NO
               DWARF_DSYM_FOLDER_PATH = /Users/otislewis/arena/build/ios/Release-iphonesimulator
               DYLIB_COMPATIBILITY_VERSION = 1
               DYLIB_CURRENT_VERSION = 1
               DYLIB_INSTALL_NAME_BASE = @rpath
               DYNAMIC_LIBRARY_EXTENSION = dylib
               EAGER_COMPILATION_ALLOW_SCRIPTS = NO
               EAGER_LINKING = NO
               EFFECTIVE_PLATFORM_NAME = -iphonesimulator
               EMBEDDED_CONTENT_CONTAINS_SWIFT = NO
               EMBED_ASSET_PACKS_IN_PRODUCT_BUNDLE = NO
               ENABLE_APP_SANDBOX = NO
               ENABLE_BITCODE = NO
               ENABLE_CODE_COVERAGE = YES
               ENABLE_DEFAULT_HEADER_SEARCH_PATHS = YES
               ENABLE_DEFAULT_SEARCH_PATHS = YES
               ENABLE_HARDENED_RUNTIME = NO
               ENABLE_HEADER_DEPENDENCIES = YES
               ENABLE_INCOMING_NETWORK_CONNECTIONS = NO
               ENABLE_MODULE_VERIFIER = NO
               ENABLE_NS_ASSERTIONS = NO
               ENABLE_ON_DEMAND_RESOURCES = NO
               ENABLE_OUTGOING_NETWORK_CONNECTIONS = NO
               ENABLE_RESOURCE_ACCESS_AUDIO_INPUT = NO
               ENABLE_RESOURCE_ACCESS_BLUETOOTH = NO
               ENABLE_RESOURCE_ACCESS_CALENDARS = NO
               ENABLE_RESOURCE_ACCESS_CAMERA = NO
               ENABLE_RESOURCE_ACCESS_CONTACTS = NO
               ENABLE_RESOURCE_ACCESS_LOCATION = NO
               ENABLE_RESOURCE_ACCESS_PRINTING = NO
               ENABLE_RESOURCE_ACCESS_USB = NO
               ENABLE_SDK_IMPORTS = NO
               ENABLE_STRICT_OBJC_MSGSEND = YES
               ENABLE_TESTABILITY = NO
               ENABLE_TESTING_SEARCH_PATHS = NO
               ENABLE_USER_SCRIPT_SANDBOXING = NO
               ENFORCE_VALID_ARCHS = YES
               ENTITLEMENTS_DESTINATION = __entitlements
               ENTITLEMENTS_REQUIRED = NO
               EXCLUDED_ARCHS = arm64
               EXCLUDED_INSTALLSRC_SUBDIRECTORY_PATTERNS = .DS_Store .svn .git .hg CVS
               EXCLUDED_RECURSIVE_SEARCH_PATH_SUBDIRECTORIES = *.nib *.lproj *.framework *.gch *.xcode* *.xcassets (*) .DS_Store CVS .svn .git .hg *.pbproj *.pbxproj
               EXECUTABLES_FOLDER_PATH = Pods_Runner.framework/en.lproj
               EXECUTABLE_FOLDER_PATH = Pods_Runner.framework
               EXECUTABLE_FOLDER_PATH_SHALLOW_BUNDLE_NO = Pods_Runner.framework
               EXECUTABLE_FOLDER_PATH_SHALLOW_BUNDLE_YES = Pods_Runner.framework
               EXECUTABLE_NAME = Pods_Runner
               EXECUTABLE_PATH = Pods_Runner.framework/Pods_Runner
               EXTENSIONS_FOLDER_PATH = Pods_Runner.framework/Extensions
               FILE_LIST = /Users/otislewis/arena/build/ios/Pods.build/Release-iphonesimulator/Pods-Runner.build/Objects/LinkFileList
               FIXED_FILES_DIR = /Users/otislewis/arena/build/ios/Pods.build/Release-iphonesimulator/Pods-Runner.build/FixedFiles
               FRAMEWORKS_FOLDER_PATH = Pods_Runner.framework/Frameworks
               FRAMEWORK_FLAG_PREFIX = -framework
               FRAMEWORK_SEARCH_PATHS = /Users/otislewis/arena/build/ios/Release-iphonesimulator "/opt/homebrew/Caskroom/flutter/3.32.0/flutter/bin/cache/artifacts/engine/ios-release/Flutter.xcframework/ios-arm64_x86_64-simulator"  "/Users/otislewis/arena/build/ios/Release-iphonesimulator/BoringSSL-GRPC" "/Users/otislewis/arena/build/ios/Release-iphonesimulator/FirebaseAppCheckInterop" "/Users/otislewis/arena/build/ios/Release-iphonesimulator/FirebaseAuth" "/Users/otislewis/arena/build/ios/Release-iphonesimulator/FirebaseAuthInterop" "/Users/otislewis/arena/build/ios/Release-iphonesimulator/FirebaseCore" "/Users/otislewis/arena/build/ios/Release-iphonesimulator/FirebaseCoreExtension" "/Users/otislewis/arena/build/ios/Release-iphonesimulator/FirebaseCoreInternal" "/Users/otislewis/arena/build/ios/Release-iphonesimulator/FirebaseFirestore" "/Users/otislewis/arena/build/ios/Release-iphonesimulator/FirebaseFirestoreInternal" "/Users/otislewis/arena/build/ios/Release-iphonesimulator/FirebaseSharedSwift" "/Users/otislewis/arena/build/ios/Release-iphonesimulator/FirebaseStorage" "/Users/otislewis/arena/build/ios/Release-iphonesimulator/GTMSessionFetcher" "/Users/otislewis/arena/build/ios/Release-iphonesimulator/GoogleUtilities" "/Users/otislewis/arena/build/ios/Release-iphonesimulator/PromisesObjC" "/Users/otislewis/arena/build/ios/Release-iphonesimulator/RecaptchaInterop" "/Users/otislewis/arena/build/ios/Release-iphonesimulator/abseil" "/Users/otislewis/arena/build/ios/Release-iphonesimulator/cloud_firestore" "/Users/otislewis/arena/build/ios/Release-iphonesimulator/firebase_auth" "/Users/otislewis/arena/build/ios/Release-iphonesimulator/firebase_core" "/Users/otislewis/arena/build/ios/Release-iphonesimulator/firebase_storage" "/Users/otislewis/arena/build/ios/Release-iphonesimulator/gRPC-C++" "/Users/otislewis/arena/build/ios/Release-iphonesimulator/gRPC-Core" "/Users/otislewis/arena/build/ios/Release-iphonesimulator/image_picker_ios" "/Users/otislewis/arena/build/ios/Release-iphonesimulator/leveldb-library" "/Users/otislewis/arena/build/ios/Release-iphonesimulator/nanopb"
               FRAMEWORK_VERSION = A
               FULL_PRODUCT_NAME = Pods_Runner.framework
               FUSE_BUILD_PHASES = YES
               FUSE_BUILD_SCRIPT_PHASES = NO
               GCC3_VERSION = 3.3
               GCC_C_LANGUAGE_STANDARD = gnu11
               GCC_INLINES_ARE_PRIVATE_EXTERN = YES
               GCC_NO_COMMON_BLOCKS = YES
               GCC_OBJC_LEGACY_DISPATCH = YES
               GCC_PFE_FILE_C_DIALECTS = c objective-c c++ objective-c++
               GCC_PREPROCESSOR_DEFINITIONS = POD_CONFIGURATION_RELEASE=1  COCOAPODS=1 POD_CONFIGURATION_RELEASE=1  PB_FIELD_32BIT=1 PB_NO_PACKED_STRUCTS=1 PB_ENABLE_MALLOC=1
               GCC_TREAT_WARNINGS_AS_ERRORS = NO
               GCC_VERSION = com.apple.compilers.llvm.clang.1_0
               GCC_VERSION_IDENTIFIER = com_apple_compilers_llvm_clang_1_0
               GCC_WARN_64_TO_32_BIT_CONVERSION = YES
               GCC_WARN_ABOUT_RETURN_TYPE = YES_ERROR
               GCC_WARN_UNDECLARED_SELECTOR = YES
               GCC_WARN_UNINITIALIZED_AUTOS = YES_AGGRESSIVE
               GCC_WARN_UNUSED_FUNCTION = YES
               GCC_WARN_UNUSED_VARIABLE = YES
               GENERATED_MODULEMAP_DIR = /Users/otislewis/arena/build/ios/GeneratedModuleMaps-iphonesimulator
               GENERATE_INFOPLIST_FILE = NO
               GENERATE_INTERMEDIATE_TEXT_BASED_STUBS = YES
               GENERATE_MASTER_OBJECT_FILE = NO
               GENERATE_PKGINFO_FILE = NO
               GENERATE_PROFILING_CODE = NO
               GENERATE_TEXT_BASED_STUBS = NO
               GID = 20
               GROUP = staff
               HEADERMAP_INCLUDES_FLAT_ENTRIES_FOR_TARGET_BEING_BUILT = YES
               HEADERMAP_INCLUDES_FRAMEWORK_ENTRIES_FOR_ALL_PRODUCT_TYPES = YES
               HEADERMAP_INCLUDES_FRAMEWORK_ENTRIES_FOR_TARGETS_NOT_BEING_BUILT = YES
               HEADERMAP_INCLUDES_NONPUBLIC_NONPRIVATE_HEADERS = YES
               HEADERMAP_INCLUDES_PROJECT_HEADERS = YES
               HEADERMAP_USES_FRAMEWORK_PREFIX_ENTRIES = YES
               HEADERMAP_USES_VFS = YES
               HEADER_SEARCH_PATHS = /Users/otislewis/arena/build/ios/Release-iphonesimulator/include  "/Users/otislewis/arena/build/ios/Release-iphonesimulator/BoringSSL-GRPC/openssl_grpc.framework/Headers" "/Users/otislewis/arena/build/ios/Release-iphonesimulator/FirebaseAppCheckInterop/FirebaseAppCheckInterop.framework/Headers" "/Users/otislewis/arena/build/ios/Release-iphonesimulator/FirebaseAuth/FirebaseAuth.framework/Headers" "/Users/otislewis/arena/build/ios/Release-iphonesimulator/FirebaseAuthInterop/FirebaseAuthInterop.framework/Headers" "/Users/otislewis/arena/build/ios/Release-iphonesimulator/FirebaseCore/FirebaseCore.framework/Headers" "/Users/otislewis/arena/build/ios/Release-iphonesimulator/FirebaseCoreExtension/FirebaseCoreExtension.framework/Headers" "/Users/otislewis/arena/build/ios/Release-iphonesimulator/FirebaseCoreInternal/FirebaseCoreInternal.framework/Headers" "/Users/otislewis/arena/build/ios/Release-iphonesimulator/FirebaseFirestore/FirebaseFirestore.framework/Headers" "/Users/otislewis/arena/build/ios/Release-iphonesimulator/FirebaseFirestoreInternal/FirebaseFirestoreInternal.framework/Headers" "/Users/otislewis/arena/build/ios/Release-iphonesimulator/FirebaseSharedSwift/FirebaseSharedSwift.framework/Headers" "/Users/otislewis/arena/build/ios/Release-iphonesimulator/FirebaseStorage/FirebaseStorage.framework/Headers" "/Users/otislewis/arena/build/ios/Release-iphonesimulator/GTMSessionFetcher/GTMSessionFetcher.framework/Headers" "/Users/otislewis/arena/build/ios/Release-iphonesimulator/GoogleUtilities/GoogleUtilities.framework/Headers" "/Users/otislewis/arena/build/ios/Release-iphonesimulator/PromisesObjC/FBLPromises.framework/Headers" "/Users/otislewis/arena/build/ios/Release-iphonesimulator/RecaptchaInterop/RecaptchaInterop.framework/Headers" "/Users/otislewis/arena/build/ios/Release-iphonesimulator/abseil/absl.framework/Headers" "/Users/otislewis/arena/build/ios/Release-iphonesimulator/cloud_firestore/cloud_firestore.framework/Headers" "/Users/otislewis/arena/build/ios/Release-iphonesimulator/firebase_auth/firebase_auth.framework/Headers" "/Users/otislewis/arena/build/ios/Release-iphonesimulator/firebase_core/firebase_core.framework/Headers" "/Users/otislewis/arena/build/ios/Release-iphonesimulator/firebase_storage/firebase_storage.framework/Headers" "/Users/otislewis/arena/build/ios/Release-iphonesimulator/gRPC-C++/grpcpp.framework/Headers" "/Users/otislewis/arena/build/ios/Release-iphonesimulator/gRPC-Core/grpc.framework/Headers" "/Users/otislewis/arena/build/ios/Release-iphonesimulator/image_picker_ios/image_picker_ios.framework/Headers" "/Users/otislewis/arena/build/ios/Release-iphonesimulator/leveldb-library/leveldb.framework/Headers" "/Users/otislewis/arena/build/ios/Release-iphonesimulator/nanopb/nanopb.framework/Headers" "/Users/otislewis/arena/ios/Pods/Headers/Public" "/Users/otislewis/arena/ios/Pods/Headers/Public/Firebase"  /Users/otislewis/arena/ios/Pods/Firebase/CoreOnly/Sources
               HIDE_BITCODE_SYMBOLS = YES
               HOME = /Users/otislewis
               HOST_ARCH = arm64
               HOST_PLATFORM = macosx
               ICONV = /usr/bin/iconv
               IMPLICIT_DEPENDENCY_DOMAIN = default
               INFOPLIST_ENABLE_CFBUNDLEICONS_MERGE = YES
               INFOPLIST_EXPAND_BUILD_SETTINGS = YES
               INFOPLIST_FILE = Target Support Files/Pods-Runner/Pods-Runner-Info.plist
               INFOPLIST_OUTPUT_FORMAT = binary
               INFOPLIST_PATH = Pods_Runner.framework/Info.plist
               INFOPLIST_PREPROCESS = NO
               INFOSTRINGS_PATH = Pods_Runner.framework/en.lproj/InfoPlist.strings
               INLINE_PRIVATE_FRAMEWORKS = NO
               INSTALLAPI_IGNORE_SKIP_INSTALL = YES
               INSTALLHDRS_COPY_PHASE = NO
               INSTALLHDRS_SCRIPT_PHASE = NO
               INSTALL_DIR = /tmp/Pods.dst/Library/Frameworks
               INSTALL_GROUP = staff
               INSTALL_MODE_FLAG = u+w,go-w,a+rX
               INSTALL_OWNER = otislewis
               INSTALL_PATH = /Library/Frameworks
               INSTALL_ROOT = /tmp/Pods.dst
               IPHONEOS_DEPLOYMENT_TARGET = 13.0
               IS_UNOPTIMIZED_BUILD = NO
               JAVAC_DEFAULT_FLAGS = -J-Xms64m -J-XX:NewSize=4M -J-Dfile.encoding=UTF8
               JAVA_APP_STUB = /System/Library/Frameworks/JavaVM.framework/Resources/MacOS/JavaApplicationStub
               JAVA_ARCHIVE_CLASSES = YES
               JAVA_ARCHIVE_TYPE = JAR
               JAVA_COMPILER = /usr/bin/javac
               JAVA_FOLDER_PATH = Pods_Runner.framework/Java
               JAVA_FRAMEWORK_RESOURCES_DIRS = Resources
               JAVA_JAR_FLAGS = cv
               JAVA_SOURCE_SUBDIR = .
               JAVA_USE_DEPENDENCIES = YES
               JAVA_ZIP_FLAGS = -urg
               JIKES_DEFAULT_FLAGS = +E +OLDCSO
               KEEP_PRIVATE_EXTERNS = NO
               LD_DEPENDENCY_INFO_FILE = /Users/otislewis/arena/build/ios/Pods.build/Release-iphonesimulator/Pods-Runner.build/Objects-normal/undefined_arch/Pods_Runner_dependency_info.dat
               LD_DYLIB_INSTALL_NAME = @rpath/Pods_Runner.framework/Pods_Runner
               LD_EXPORT_SYMBOLS = YES
               LD_GENERATE_MAP_FILE = NO
               LD_MAP_FILE_PATH = /Users/otislewis/arena/build/ios/Pods.build/Release-iphonesimulator/Pods-Runner.build/Pods_Runner-LinkMap-normal-undefined_arch.txt
               LD_NO_PIE = NO
               LD_QUOTE_LINKER_ARGUMENTS_FOR_COMPILER_DRIVER = YES
               LD_RUNPATH_SEARCH_PATHS =  /usr/lib/swift '@executable_path/Frameworks' '@loader_path/Frameworks' @executable_path/Frameworks @loader_path/Frameworks
               LD_SHARED_CACHE_ELIGIBLE = Automatic
               LD_WARN_DUPLICATE_LIBRARIES = NO
               LD_WARN_UNUSED_DYLIBS = NO
               LEGACY_DEVELOPER_DIR = /Applications/Xcode.app/Contents/PlugIns/Xcode3Core.ideplugin/Contents/SharedSupport/Developer
               LEX = lex
               LIBRARY_DEXT_INSTALL_PATH = /Library/DriverExtensions
               LIBRARY_FLAG_NOSPACE = YES
               LIBRARY_FLAG_PREFIX = -l
               LIBRARY_KEXT_INSTALL_PATH = /Library/Extensions
               LIBRARY_SEARCH_PATHS = /Users/otislewis/arena/build/ios/Release-iphonesimulator /Applications/Xcode.app/Contents/Developer/Toolchains/XcodeDefault.xctoolchain/usr/lib/swift/iphonesimulator /Applications/Xcode.app/Contents/Developer/Platforms/iPhoneSimulator.platform/Developer/SDKs/iPhoneSimulator18.4.sdk/usr/lib/swift
               LINKER_DISPLAYS_MANGLED_NAMES = NO
               LINK_FILE_LIST_normal_x86_64 = /Users/otislewis/arena/build/ios/Pods.build/Release-iphonesimulator/Pods-Runner.build/Objects-normal/x86_64/Pods_Runner.LinkFileList
               LINK_OBJC_RUNTIME = YES
               LINK_WITH_STANDARD_LIBRARIES = YES
               LLVM_TARGET_TRIPLE_OS_VERSION = ios13.0
               LLVM_TARGET_TRIPLE_SUFFIX = -simulator
               LLVM_TARGET_TRIPLE_VENDOR = apple
               LM_AUX_CONST_METADATA_LIST_PATH_normal_x86_64 = /Users/otislewis/arena/build/ios/Pods.build/Release-iphonesimulator/Pods-Runner.build/Objects-normal/x86_64/Pods_Runner.SwiftConstValuesFileList
               LOCALIZATION_EXPORT_SUPPORTED = YES
               LOCALIZATION_PREFERS_STRING_CATALOGS = NO
               LOCALIZED_RESOURCES_FOLDER_PATH = Pods_Runner.framework/en.lproj
               LOCALIZED_STRING_MACRO_NAMES = NSLocalizedString CFCopyLocalizedString
               LOCALIZED_STRING_SWIFTUI_SUPPORT = YES
               LOCAL_ADMIN_APPS_DIR = /Applications/Utilities
               LOCAL_APPS_DIR = /Applications
               LOCAL_DEVELOPER_DIR = /Library/Developer
               LOCAL_LIBRARY_DIR = /Library
               LOCROOT = /Users/otislewis/arena/ios/Pods
               LOCSYMROOT = /Users/otislewis/arena/ios/Pods
               MACH_O_TYPE = staticlib
               MAC_OS_X_PRODUCT_BUILD_VERSION = 24F74
               MAC_OS_X_VERSION_ACTUAL = 150500
               MAC_OS_X_VERSION_MAJOR = 150000
               MAC_OS_X_VERSION_MINOR = 150500
               MAKE_MERGEABLE = NO
               MERGEABLE_LIBRARY = NO
               MERGED_BINARY_TYPE = none
               MERGE_LINKED_LIBRARIES = NO
               METAL_LIBRARY_FILE_BASE = default
               METAL_LIBRARY_OUTPUT_DIR = /Users/otislewis/arena/build/ios/Release-iphonesimulator/Pods_Runner.framework
               MODULEMAP_FILE = Target Support Files/Pods-Runner/Pods-Runner.modulemap
               MODULES_FOLDER_PATH = Pods_Runner.framework/Modules
               MTL_ENABLE_DEBUG_INFO = NO
               MTL_FAST_MATH = YES
               NATIVE_ARCH = arm64
               NATIVE_ARCH_32_BIT = arm
               NATIVE_ARCH_64_BIT = arm64
               NATIVE_ARCH_ACTUAL = arm64
               NO_COMMON = YES
               OBJC_ABI_VERSION = 2
               OBJECT_FILE_DIR = /Users/otislewis/arena/build/ios/Pods.build/Release-iphonesimulator/Pods-Runner.build/Objects
               OBJECT_FILE_DIR_normal = /Users/otislewis/arena/build/ios/Pods.build/Release-iphonesimulator/Pods-Runner.build/Objects-normal
               OBJROOT = /Users/otislewis/arena/build/ios
               ONLY_ACTIVE_ARCH = NO
               OS = MACOS
               OSAC = /usr/bin/osacompile
               OTHER_LDFLAGS =  -ObjC -l"c++" -l"z" -framework "FBLPromises" -framework "FirebaseAppCheckInterop" -framework "FirebaseAuth" -framework "FirebaseAuthInterop" -framework "FirebaseCore" -framework "FirebaseCoreExtension" -framework "FirebaseCoreInternal" -framework "FirebaseFirestore" -framework "FirebaseFirestoreInternal" -framework "FirebaseSharedSwift" -framework "FirebaseStorage" -framework "Foundation" -framework "GTMSessionFetcher" -framework "GoogleUtilities" -framework "RecaptchaInterop" -framework "SafariServices" -framework "Security" -framework "SystemConfiguration" -framework "UIKit" -framework "absl" -framework "cloud_firestore" -framework "firebase_auth" -framework "firebase_core" -framework "firebase_storage" -framework "grpc" -framework "grpcpp" -framework "image_picker_ios" -framework "leveldb" -framework "nanopb" -framework "openssl_grpc" -weak_framework "FirebaseFirestoreInternal" -framework Flutter
               OTHER_MODULE_VERIFIER_FLAGS =  "-F/Users/otislewis/arena/build/ios/Release-iphonesimulator/BoringSSL-GRPC" "-F/Users/otislewis/arena/build/ios/Release-iphonesimulator/Firebase" "-F/Users/otislewis/arena/build/ios/Release-iphonesimulator/FirebaseAppCheckInterop" "-F/Users/otislewis/arena/build/ios/Release-iphonesimulator/FirebaseAuth" "-F/Users/otislewis/arena/build/ios/Release-iphonesimulator/FirebaseAuthInterop" "-F/Users/otislewis/arena/build/ios/Release-iphonesimulator/FirebaseCore" "-F/Users/otislewis/arena/build/ios/Release-iphonesimulator/FirebaseCoreExtension" "-F/Users/otislewis/arena/build/ios/Release-iphonesimulator/FirebaseCoreInternal" "-F/Users/otislewis/arena/build/ios/Release-iphonesimulator/FirebaseFirestore" "-F/Users/otislewis/arena/build/ios/Release-iphonesimulator/FirebaseFirestoreInternal" "-F/Users/otislewis/arena/build/ios/Release-iphonesimulator/FirebaseSharedSwift" "-F/Users/otislewis/arena/build/ios/Release-iphonesimulator/FirebaseStorage" "-F/Users/otislewis/arena/build/ios/Release-iphonesimulator/Flutter" "-F/Users/otislewis/arena/build/ios/Release-iphonesimulator/GTMSessionFetcher" "-F/Users/otislewis/arena/build/ios/Release-iphonesimulator/GoogleUtilities" "-F/Users/otislewis/arena/build/ios/Release-iphonesimulator/PromisesObjC" "-F/Users/otislewis/arena/build/ios/Release-iphonesimulator/RecaptchaInterop" "-F/Users/otislewis/arena/build/ios/Release-iphonesimulator/abseil" "-F/Users/otislewis/arena/build/ios/Release-iphonesimulator/cloud_firestore" "-F/Users/otislewis/arena/build/ios/Release-iphonesimulator/firebase_auth" "-F/Users/otislewis/arena/build/ios/Release-iphonesimulator/firebase_core" "-F/Users/otislewis/arena/build/ios/Release-iphonesimulator/firebase_storage" "-F/Users/otislewis/arena/build/ios/Release-iphonesimulator/gRPC-C++" "-F/Users/otislewis/arena/build/ios/Release-iphonesimulator/gRPC-Core" "-F/Users/otislewis/arena/build/ios/Release-iphonesimulator/image_picker_ios" "-F/Users/otislewis/arena/build/ios/Release-iphonesimulator/leveldb-library" "-F/Users/otislewis/arena/build/ios/Release-iphonesimulator/nanopb"
               OTHER_SWIFT_FLAGS =  -D COCOAPODS
               PACKAGE_TYPE = com.apple.package-type.wrapper.framework
               PASCAL_STRINGS = YES
               PATH = /Applications/Xcode.app/Contents/SharedFrameworks/SwiftBuild.framework/Versions/A/PlugIns/SWBBuildService.bundle/Contents/PlugIns/SWBUniversalPlatformPlugin.bundle/Contents/Frameworks/SWBUniversalPlatform.framework/Resources:/Applications/Xcode.app/Contents/Developer/Toolchains/XcodeDefault.xctoolchain/usr/bin:/Applications/Xcode.app/Contents/Developer/Toolchains/XcodeDefault.xctoolchain/usr/local/bin:/Applications/Xcode.app/Contents/Developer/Toolchains/XcodeDefault.xctoolchain/usr/libexec:/Applications/Xcode.app/Contents/Developer/Platforms/iPhoneSimulator.platform/usr/bin:/Applications/Xcode.app/Contents/Developer/Platforms/iPhoneSimulator.platform/usr/local/bin:/Applications/Xcode.app/Contents/Developer/Platforms/iPhoneSimulator.platform/Developer/usr/bin:/Applications/Xcode.app/Contents/Developer/Platforms/iPhoneSimulator.platform/Developer/usr/local/bin:/Applications/Xcode.app/Contents/Developer/usr/bin:/Applications/Xcode.app/Contents/Developer/usr/local/bin:/Users/otislewis/.gem/ruby/3.3.0/bin:/opt/homebrew/bin:/opt/homebrew/sbin:/usr/local/bin:/System/Cryptexes/App/usr/bin:/usr/bin:/bin:/usr/sbin:/sbin:/var/run/com.apple.security.cryptexd/codex.system/bootstrap/usr/local/bin:/var/run/com.apple.security.cryptexd/codex.system/bootstrap/usr/bin:/var/run/com.apple.security.cryptexd/codex.system/bootstrap/usr/appleinternal/bin:/Library/Apple/usr/bin:/opt/homebrew/Caskroom/flutter/3.32.0/flutter/bin:/Users/otislewis/Library/Android/sdk/emulator:/Users/otislewis/Library/Android/sdk/tools:/Users/otislewis/Library/Android/sdk/tools/bin:/Users/otislewis/Library/Android/sdk/platform-tools:/opt/homebrew/Caskroom/flutter/3.32.0/flutter/bin/cache/dart-sdk/bin
               PATH_PREFIXES_EXCLUDED_FROM_HEADER_DEPENDENCIES = /usr/include /usr/local/include /System/Library/Frameworks /System/Library/PrivateFrameworks /Applications/Xcode.app/Contents/Developer/Headers /Applications/Xcode.app/Contents/Developer/SDKs /Applications/Xcode.app/Contents/Developer/Platforms
               PBDEVELOPMENTPLIST_PATH = Pods_Runner.framework/pbdevelopment.plist
               PER_ARCH_MODULE_FILE_DIR = /Users/otislewis/arena/build/ios/Pods.build/Release-iphonesimulator/Pods-Runner.build/Objects-normal/undefined_arch
               PER_ARCH_OBJECT_FILE_DIR = /Users/otislewis/arena/build/ios/Pods.build/Release-iphonesimulator/Pods-Runner.build/Objects-normal/undefined_arch
               PER_VARIANT_OBJECT_FILE_DIR = /Users/otislewis/arena/build/ios/Pods.build/Release-iphonesimulator/Pods-Runner.build/Objects-normal
               PKGINFO_FILE_PATH = /Users/otislewis/arena/build/ios/Pods.build/Release-iphonesimulator/Pods-Runner.build/PkgInfo
               PKGINFO_PATH = Pods_Runner.framework/PkgInfo
               PLATFORM_DEVELOPER_APPLICATIONS_DIR = /Applications/Xcode.app/Contents/Developer/Platforms/iPhoneSimulator.platform/Developer/Applications
               PLATFORM_DEVELOPER_BIN_DIR = /Applications/Xcode.app/Contents/Developer/Platforms/iPhoneSimulator.platform/Developer/usr/bin
               PLATFORM_DEVELOPER_LIBRARY_DIR = /Applications/Xcode.app/Contents/Developer/Platforms/iPhoneSimulator.platform/Developer/Library
               PLATFORM_DEVELOPER_SDK_DIR = /Applications/Xcode.app/Contents/Developer/Platforms/iPhoneSimulator.platform/Developer/SDKs
               PLATFORM_DEVELOPER_TOOLS_DIR = /Applications/Xcode.app/Contents/Developer/Platforms/iPhoneSimulator.platform/Developer/Tools
               PLATFORM_DEVELOPER_USR_DIR = /Applications/Xcode.app/Contents/Developer/Platforms/iPhoneSimulator.platform/Developer/usr
               PLATFORM_DIR = /Applications/Xcode.app/Contents/Developer/Platforms/iPhoneSimulator.platform
               PLATFORM_DISPLAY_NAME = iOS Simulator
               PLATFORM_FAMILY_NAME = iOS
               PLATFORM_NAME = iphonesimulator
               PLATFORM_PREFERRED_ARCH = x86_64
               PLATFORM_PRODUCT_BUILD_VERSION = 22E235
               PLATFORM_REQUIRES_SWIFT_AUTOLINK_EXTRACT = NO
               PLATFORM_REQUIRES_SWIFT_MODULEWRAP = NO
               PLIST_FILE_OUTPUT_FORMAT = binary
               PLUGINS_FOLDER_PATH = Pods_Runner.framework/PlugIns
               PODS_BUILD_DIR = /Users/otislewis/arena/build/ios
               PODS_CONFIGURATION_BUILD_DIR = /Users/otislewis/arena/build/ios/Release-iphonesimulator
               PODS_PODFILE_DIR_PATH = /Users/otislewis/arena/ios/Pods/.
               PODS_ROOT = /Users/otislewis/arena/ios/Pods
               PODS_XCFRAMEWORKS_BUILD_DIR = /Users/otislewis/arena/build/ios/Release-iphonesimulator/XCFrameworkIntermediates
               PRECOMPS_INCLUDE_HEADERS_FROM_BUILT_PRODUCTS_DIR = YES
               PRECOMP_DESTINATION_DIR = /Users/otislewis/arena/build/ios/Pods.build/Release-iphonesimulator/Pods-Runner.build/PrefixHeaders
               PRIVATE_HEADERS_FOLDER_PATH = Pods_Runner.framework/PrivateHeaders
               PROCESSED_INFOPLIST_PATH = /Users/otislewis/arena/build/ios/Pods.build/Release-iphonesimulator/Pods-Runner.build/Objects-normal/undefined_arch/Processed-Info.plist
               PRODUCT_BUNDLE_IDENTIFIER = org.cocoapods.Pods-Runner
               PRODUCT_BUNDLE_PACKAGE_TYPE = FMWK
               PRODUCT_MODULE_NAME = Pods_Runner
               PRODUCT_NAME = Pods_Runner
               PRODUCT_SETTINGS_PATH = /Users/otislewis/arena/ios/Pods/Target Support Files/Pods-Runner/Pods-Runner-Info.plist
               PRODUCT_TYPE = com.apple.product-type.framework
               PROFILING_CODE = NO
               PROJECT = Pods
               PROJECT_DERIVED_FILE_DIR = /Users/otislewis/arena/build/ios/Pods.build/DerivedSources
               PROJECT_DIR = /Users/otislewis/arena/ios/Pods
               PROJECT_FILE_PATH = /Users/otislewis/arena/ios/Pods/Pods.xcodeproj
               PROJECT_GUID = bfdfe7dc352907fc980b868725387e98
               PROJECT_NAME = Pods
               PROJECT_TEMP_DIR = /Users/otislewis/arena/build/ios/Pods.build
               PROJECT_TEMP_ROOT = /Users/otislewis/arena/build/ios
               PUBLIC_HEADERS_FOLDER_PATH = Pods_Runner.framework/Headers
               RECOMMENDED_IPHONEOS_DEPLOYMENT_TARGET = 15.0
               RECURSIVE_SEARCH_PATHS_FOLLOW_SYMLINKS = YES
               REMOVE_CVS_FROM_RESOURCES = YES
               REMOVE_GIT_FROM_RESOURCES = YES
               REMOVE_HEADERS_FROM_EMBEDDED_BUNDLES = YES
               REMOVE_HG_FROM_RESOURCES = YES
               REMOVE_STATIC_EXECUTABLES_FROM_EMBEDDED_BUNDLES = YES
               REMOVE_SVN_FROM_RESOURCES = YES
               RESCHEDULE_INDEPENDENT_HEADERS_PHASES = YES
               REZ_COLLECTOR_DIR = /Users/otislewis/arena/build/ios/Pods.build/Release-iphonesimulator/Pods-Runner.build/ResourceManagerResources
               REZ_OBJECTS_DIR = /Users/otislewis/arena/build/ios/Pods.build/Release-iphonesimulator/Pods-Runner.build/ResourceManagerResources/Objects
               REZ_SEARCH_PATHS = /Users/otislewis/arena/build/ios/Release-iphonesimulator 
               SCAN_ALL_SOURCE_FILES_FOR_INCLUDES = NO
               SCRIPTS_FOLDER_PATH = Pods_Runner.framework/Scripts
               SDKROOT = /Applications/Xcode.app/Contents/Developer/Platforms/iPhoneSimulator.platform/Developer/SDKs/iPhoneSimulator18.4.sdk
               SDK_DIR = /Applications/Xcode.app/Contents/Developer/Platforms/iPhoneSimulator.platform/Developer/SDKs/iPhoneSimulator18.4.sdk
               SDK_DIR_iphonesimulator = /Applications/Xcode.app/Contents/Developer/Platforms/iPhoneSimulator.platform/Developer/SDKs/iPhoneSimulator18.4.sdk
               SDK_DIR_iphonesimulator18_4 = /Applications/Xcode.app/Contents/Developer/Platforms/iPhoneSimulator.platform/Developer/SDKs/iPhoneSimulator18.4.sdk
               SDK_NAME = iphonesimulator18.4
               SDK_NAMES = iphonesimulator18.4
               SDK_PRODUCT_BUILD_VERSION = 22E235
               SDK_STAT_CACHE_DIR = /var/folders/4y/xy3fflts0nqfk1tsxg0t3mmr0000gn/C/com.apple.DeveloperTools/16.3-16E140/Xcode
               SDK_STAT_CACHE_ENABLE = YES
               SDK_STAT_CACHE_PATH = /var/folders/4y/xy3fflts0nqfk1tsxg0t3mmr0000gn/C/com.apple.DeveloperTools/16.3-16E140/Xcode/SDKStatCaches.noindex/iphonesimulator18.4-22E235-71825a6d136aa4733edcbe86ece5525b.sdkstatcache
               SDK_VERSION = 18.4
               SDK_VERSION_ACTUAL = 180400
               SDK_VERSION_MAJOR = 180000
               SDK_VERSION_MINOR = 180400
               SED = /usr/bin/sed
               SEPARATE_STRIP = NO
               SEPARATE_SYMBOL_EDIT = NO
               SET_DIR_MODE_OWNER_GROUP = YES
               SET_FILE_MODE_OWNER_GROUP = NO
               SHALLOW_BUNDLE = YES
               SHALLOW_BUNDLE_TRIPLE = ios-simulator
               SHALLOW_BUNDLE_ios_macabi = NO
               SHALLOW_BUNDLE_macos = NO
               SHARED_DERIVED_FILE_DIR = /Users/otislewis/arena/build/ios/Release-iphonesimulator/DerivedSources
               SHARED_FRAMEWORKS_FOLDER_PATH = Pods_Runner.framework/SharedFrameworks
               SHARED_PRECOMPS_DIR = /Users/otislewis/arena/build/ios/SharedPrecompiledHeaders
               SHARED_SUPPORT_FOLDER_PATH = Pods_Runner.framework
               SKIP_INSTALL = YES
               SOURCE_ROOT = /Users/otislewis/arena/ios/Pods
               SRCROOT = /Users/otislewis/arena/ios/Pods
               STRINGSDATA_DIR = /Users/otislewis/arena/build/ios/Pods.build/Release-iphonesimulator/Pods-Runner.build/Objects-normal/undefined_arch
               STRINGSDATA_ROOT = /Users/otislewis/arena/build/ios/Pods.build/Release-iphonesimulator/Pods-Runner.build
               STRINGS_FILE_INFOPLIST_RENAME = YES
               STRINGS_FILE_OUTPUT_ENCODING = binary
               STRIP_BITCODE_FROM_COPIED_FILES = NO
               STRIP_INSTALLED_PRODUCT = NO
               STRIP_STYLE = debugging
               STRIP_SWIFT_SYMBOLS = YES
               SUPPORTED_DEVICE_FAMILIES = 1,2
               SUPPORTED_PLATFORMS = iphoneos iphonesimulator
               SUPPORTS_TEXT_BASED_API = NO
               SUPPRESS_WARNINGS = NO
               SWIFT_COMPILATION_MODE = wholemodule
               SWIFT_EMIT_LOC_STRINGS = NO
               SWIFT_INSTALL_MODULE_FOR_DEPLOYMENT = YES
               SWIFT_OPTIMIZATION_LEVEL = -O
               SWIFT_PLATFORM_TARGET_PREFIX = ios
               SWIFT_RESPONSE_FILE_PATH_normal_x86_64 = /Users/otislewis/arena/build/ios/Pods.build/Release-iphonesimulator/Pods-Runner.build/Objects-normal/x86_64/Pods_Runner.SwiftFileList
               SWIFT_VERSION = 5.0
               SYMROOT = /Users/otislewis/arena/ios/build
               SYSTEM_ADMIN_APPS_DIR = /Applications/Utilities
               SYSTEM_APPS_DIR = /Applications
               SYSTEM_CORE_SERVICES_DIR = /System/Library/CoreServices
               SYSTEM_DEMOS_DIR = /Applications/Extras
               SYSTEM_DEVELOPER_APPS_DIR = /Applications/Xcode.app/Contents/Developer/Applications
               SYSTEM_DEVELOPER_BIN_DIR = /Applications/Xcode.app/Contents/Developer/usr/bin
               SYSTEM_DEVELOPER_DEMOS_DIR = /Applications/Xcode.app/Contents/Developer/Applications/Utilities/Built Examples
               SYSTEM_DEVELOPER_DIR = /Applications/Xcode.app/Contents/Developer
               SYSTEM_DEVELOPER_DOC_DIR = /Applications/Xcode.app/Contents/Developer/ADC Reference Library
               SYSTEM_DEVELOPER_GRAPHICS_TOOLS_DIR = /Applications/Xcode.app/Contents/Developer/Applications/Graphics Tools
               SYSTEM_DEVELOPER_JAVA_TOOLS_DIR = /Applications/Xcode.app/Contents/Developer/Applications/Java Tools
               SYSTEM_DEVELOPER_PERFORMANCE_TOOLS_DIR = /Applications/Xcode.app/Contents/Developer/Applications/Performance Tools
               SYSTEM_DEVELOPER_RELEASENOTES_DIR = /Applications/Xcode.app/Contents/Developer/ADC Reference Library/releasenotes
               SYSTEM_DEVELOPER_TOOLS = /Applications/Xcode.app/Contents/Developer/Tools
               SYSTEM_DEVELOPER_TOOLS_DOC_DIR = /Applications/Xcode.app/Contents/Developer/ADC Reference Library/documentation/DeveloperTools
               SYSTEM_DEVELOPER_TOOLS_RELEASENOTES_DIR = /Applications/Xcode.app/Contents/Developer/ADC Reference Library/releasenotes/DeveloperTools
               SYSTEM_DEVELOPER_USR_DIR = /Applications/Xcode.app/Contents/Developer/usr
               SYSTEM_DEVELOPER_UTILITIES_DIR = /Applications/Xcode.app/Contents/Developer/Applications/Utilities
               SYSTEM_DEXT_INSTALL_PATH = /System/Library/DriverExtensions
               SYSTEM_DOCUMENTATION_DIR = /Library/Documentation
               SYSTEM_EXTENSIONS_FOLDER_PATH = Pods_Runner.framework/SystemExtensions
               SYSTEM_EXTENSIONS_FOLDER_PATH_SHALLOW_BUNDLE_NO = Pods_Runner.framework/Library/SystemExtensions
               SYSTEM_EXTENSIONS_FOLDER_PATH_SHALLOW_BUNDLE_YES = Pods_Runner.framework/SystemExtensions
               SYSTEM_KEXT_INSTALL_PATH = /System/Library/Extensions
               SYSTEM_LIBRARY_DIR = /System/Library
               TAPI_DEMANGLE = YES
               TAPI_ENABLE_PROJECT_HEADERS = NO
               TAPI_LANGUAGE = objective-c
               TAPI_LANGUAGE_STANDARD = compiler-default
               TAPI_USE_SRCROOT = YES
               TAPI_VERIFY_MODE = Pedantic
               TARGETED_DEVICE_FAMILY = 1,2
               TARGETNAME = Pods-Runner
               TARGET_BUILD_DIR = /Users/otislewis/arena/build/ios/Release-iphonesimulator
               TARGET_NAME = Pods-Runner
               TARGET_TEMP_DIR = /Users/otislewis/arena/build/ios/Pods.build/Release-iphonesimulator/Pods-Runner.build
               TEMP_DIR = /Users/otislewis/arena/build/ios/Pods.build/Release-iphonesimulator/Pods-Runner.build
               TEMP_FILES_DIR = /Users/otislewis/arena/build/ios/Pods.build/Release-iphonesimulator/Pods-Runner.build
               TEMP_FILE_DIR = /Users/otislewis/arena/build/ios/Pods.build/Release-iphonesimulator/Pods-Runner.build
               TEMP_ROOT = /Users/otislewis/arena/build/ios
               TEMP_SANDBOX_DIR = /Users/otislewis/arena/build/ios/TemporaryTaskSandboxes
               TEST_FRAMEWORK_SEARCH_PATHS =  /Applications/Xcode.app/Contents/Developer/Platforms/iPhoneSimulator.platform/Developer/Library/Frameworks /Applications/Xcode.app/Contents/Developer/Platforms/iPhoneSimulator.platform/Developer/SDKs/iPhoneSimulator18.4.sdk/Developer/Library/Frameworks
               TEST_LIBRARY_SEARCH_PATHS =  /Applications/Xcode.app/Contents/Developer/Platforms/iPhoneSimulator.platform/Developer/usr/lib
               TOOLCHAINS = com.apple.dt.toolchain.XcodeDefault
               TOOLCHAIN_DIR = /Applications/Xcode.app/Contents/Developer/Toolchains/XcodeDefault.xctoolchain
               TREAT_MISSING_BASELINES_AS_TEST_FAILURES = NO
               TREAT_MISSING_SCRIPT_PHASE_OUTPUTS_AS_ERRORS = NO
               UID = 501
               UNINSTALLED_PRODUCTS_DIR = /Users/otislewis/arena/build/ios/UninstalledProducts
               UNLOCALIZED_RESOURCES_FOLDER_PATH = Pods_Runner.framework
               UNLOCALIZED_RESOURCES_FOLDER_PATH_SHALLOW_BUNDLE_NO = Pods_Runner.framework/Resources
               UNLOCALIZED_RESOURCES_FOLDER_PATH_SHALLOW_BUNDLE_YES = Pods_Runner.framework
               UNSTRIPPED_PRODUCT = NO
               USER = otislewis
               USER_APPS_DIR = /Users/otislewis/Applications
               USER_LIBRARY_DIR = /Users/otislewis/Library
               USE_DYNAMIC_NO_PIC = YES
               USE_HEADERMAP = YES
               USE_HEADER_SYMLINKS = NO
               USE_RECURSIVE_SCRIPT_INPUTS_IN_SCRIPT_PHASES = YES
               VALIDATE_DEVELOPMENT_ASSET_PATHS = YES_ERROR
               VALIDATE_PRODUCT = YES
               VALID_ARCHS = arm64 x86_64
               VERBOSE_PBXCP = NO
               VERSIONING_SYSTEM = apple-generic
               VERSIONPLIST_PATH = Pods_Runner.framework/version.plist
               VERSIONS_FOLDER_PATH = Pods_Runner.framework
               VERSIONS_FOLDER_PATH_SHALLOW_BUNDLE_NO = Pods_Runner.framework/Versions
               VERSIONS_FOLDER_PATH_SHALLOW_BUNDLE_YES = Pods_Runner.framework
               VERSION_INFO_BUILDER = otislewis
               VERSION_INFO_FILE = Pods_Runner_vers.c
               VERSION_INFO_STRING = "@(#)PROGRAM:Pods_Runner  PROJECT:Pods-1"
               WORKSPACE_DIR = /Users/otislewis/arena/ios/Pods/Pods.xcodeproj
               WRAPPER_EXTENSION = framework
               WRAPPER_NAME = Pods_Runner.framework
               WRAPPER_SUFFIX = .framework
               WRAP_ASSET_PACKS_IN_SEPARATE_DIRECTORIES = NO
               XCODE_APP_SUPPORT_DIR = /Applications/Xcode.app/Contents/Developer/Library/Xcode
               XCODE_PRODUCT_BUILD_VERSION = 16E140
               XCODE_VERSION_ACTUAL = 1630
               XCODE_VERSION_MAJOR = 1600
               XCODE_VERSION_MINOR = 1630
               XPCSERVICES_FOLDER_PATH = Pods_Runner.framework/XPCServices
               YACC = yacc
               _DISCOVER_COMMAND_LINE_LINKER_INPUTS = YES
               _DISCOVER_COMMAND_LINE_LINKER_INPUTS_INCLUDE_WL = YES
               _WRAPPER_CONTENTS_DIR_SHALLOW_BUNDLE_NO = /Contents
               _WRAPPER_PARENT_PATH_SHALLOW_BUNDLE_NO = /..
               _WRAPPER_RESOURCES_DIR_SHALLOW_BUNDLE_NO = /Resources
               __DIAGNOSE_DEPRECATED_ARCHS = YES
               arch = undefined_arch
               variant = normal

           Build settings for action build and target Pods-RunnerTests:
               ACTION = build
               AD_HOC_CODE_SIGNING_ALLOWED = YES
               ALLOW_BUILD_REQUEST_OVERRIDES = NO
               ALLOW_TARGET_PLATFORM_SPECIALIZATION = NO
               ALTERNATE_GROUP = staff
               ALTERNATE_MODE = u+w,go-w,a+rX
               ALTERNATE_OWNER = otislewis
               ALTERNATIVE_DISTRIBUTION_WEB = NO
               ALWAYS_EMBED_SWIFT_STANDARD_LIBRARIES = NO
               ALWAYS_SEARCH_USER_PATHS = NO
               ALWAYS_USE_SEPARATE_HEADERMAPS = NO
               APPLICATION_EXTENSION_API_ONLY = NO
               APPLY_RULES_IN_COPY_FILES = NO
               APPLY_RULES_IN_COPY_HEADERS = NO
               APP_SHORTCUTS_ENABLE_FLEXIBLE_MATCHING = YES
               ARCHS = x86_64
               ARCHS_STANDARD = arm64 x86_64
               ARCHS_STANDARD_32_64_BIT = arm64 x86_64
               ARCHS_STANDARD_64_BIT = arm64 x86_64
               ARCHS_STANDARD_INCLUDING_64_BIT = arm64 x86_64
               ARCHS_UNIVERSAL_IPHONE_OS = arm64 x86_64
               AUTOMATICALLY_MERGE_DEPENDENCIES = NO
               AVAILABLE_PLATFORMS = android appletvos appletvsimulator driverkit iphoneos iphonesimulator macosx qnx watchos watchsimulator xros xrsimulator
               BITCODE_GENERATION_MODE = marker
               BUILD_ACTIVE_RESOURCES_ONLY = NO
               BUILD_COMPONENTS = headers build
               BUILD_DIR = /Users/otislewis/arena/build/ios
               BUILD_LIBRARY_FOR_DISTRIBUTION = NO
               BUILD_ROOT = /Users/otislewis/arena/ios/build
               BUILD_STYLE = 
               BUILD_VARIANTS = normal
               BUILT_PRODUCTS_DIR = /Users/otislewis/arena/build/ios/Release-iphonesimulator
               BUNDLE_CONTENTS_FOLDER_PATH_deep = Contents/
               BUNDLE_EXECUTABLE_FOLDER_NAME_deep = MacOS
               BUNDLE_EXTENSIONS_FOLDER_PATH = Extensions
               BUNDLE_FORMAT = shallow
               BUNDLE_FRAMEWORKS_FOLDER_PATH = Frameworks
               BUNDLE_PLUGINS_FOLDER_PATH = PlugIns
               BUNDLE_PRIVATE_HEADERS_FOLDER_PATH = PrivateHeaders
               BUNDLE_PUBLIC_HEADERS_FOLDER_PATH = Headers
               CACHE_ROOT = /var/folders/4y/xy3fflts0nqfk1tsxg0t3mmr0000gn/C/com.apple.DeveloperTools/16.3-16E140/Xcode
               CCHROOT = /var/folders/4y/xy3fflts0nqfk1tsxg0t3mmr0000gn/C/com.apple.DeveloperTools/16.3-16E140/Xcode
               CHMOD = /bin/chmod
               CHOWN = /usr/sbin/chown
               CLANG_ANALYZER_LOCALIZABILITY_NONLOCALIZED = YES
               CLANG_ANALYZER_NONNULL = YES
               CLANG_ANALYZER_NUMBER_OBJECT_CONVERSION = YES_AGGRESSIVE
               CLANG_CACHE_FINE_GRAINED_OUTPUTS = YES
               CLANG_CXX_LANGUAGE_STANDARD = gnu++14
               CLANG_CXX_LIBRARY = libc++
               CLANG_ENABLE_EXPLICIT_MODULES = YES
               CLANG_ENABLE_MODULES = YES
               CLANG_ENABLE_OBJC_ARC = YES
               CLANG_ENABLE_OBJC_WEAK = NO
               CLANG_MODULES_BUILD_SESSION_FILE = /var/folders/4y/xy3fflts0nqfk1tsxg0t3mmr0000gn/C/org.llvm.clang/ModuleCache.noindex/Session.modulevalidation
               CLANG_WARN_BLOCK_CAPTURE_AUTORELEASING = YES
               CLANG_WARN_BOOL_CONVERSION = YES
               CLANG_WARN_COMMA = YES
               CLANG_WARN_CONSTANT_CONVERSION = YES
               CLANG_WARN_DEPRECATED_OBJC_IMPLEMENTATIONS = YES
               CLANG_WARN_DIRECT_OBJC_ISA_USAGE = YES_ERROR
               CLANG_WARN_DOCUMENTATION_COMMENTS = YES
               CLANG_WARN_EMPTY_BODY = YES
               CLANG_WARN_ENUM_CONVERSION = YES
               CLANG_WARN_INFINITE_RECURSION = YES
               CLANG_WARN_INT_CONVERSION = YES
               CLANG_WARN_NON_LITERAL_NULL_CONVERSION = YES
               CLANG_WARN_OBJC_IMPLICIT_RETAIN_SELF = YES
               CLANG_WARN_OBJC_LITERAL_CONVERSION = YES
               CLANG_WARN_OBJC_ROOT_CLASS = YES_ERROR
               CLANG_WARN_QUOTED_INCLUDE_IN_FRAMEWORK_HEADER = NO
               CLANG_WARN_RANGE_LOOP_ANALYSIS = YES
               CLANG_WARN_STRICT_PROTOTYPES = YES
               CLANG_WARN_SUSPICIOUS_MOVE = YES
               CLANG_WARN_UNGUARDED_AVAILABILITY = YES_AGGRESSIVE
               CLANG_WARN_UNREACHABLE_CODE = YES
               CLANG_WARN__DUPLICATE_METHOD_MATCH = YES
               CLASS_FILE_DIR = /Users/otislewis/arena/build/ios/Pods.build/Release-iphonesimulator/Pods-RunnerTests.build/JavaClasses
               CLEAN_PRECOMPS = YES
               CLONE_HEADERS = NO
               CODESIGNING_FOLDER_PATH = /Users/otislewis/arena/build/ios/Release-iphonesimulator/Pods_RunnerTests.framework
               CODE_SIGNING_ALLOWED = YES
               CODE_SIGNING_REQUIRED = NO
               CODE_SIGNING_REQUIRES_TEAM = YES
               CODE_SIGN_CONTEXT_CLASS = XCiPhoneSimulatorCodeSignContext
               CODE_SIGN_IDENTITY = -
               CODE_SIGN_INJECT_BASE_ENTITLEMENTS = YES
               COLOR_DIAGNOSTICS = NO
               COMBINE_HIDPI_IMAGES = NO
               COMPILATION_CACHE_CAS_PATH = /var/folders/4y/xy3fflts0nqfk1tsxg0t3mmr0000gn/C/com.apple.DeveloperTools/16.3-16E140/Xcode/CompilationCache.noindex
               COMPILATION_CACHE_KEEP_CAS_DIRECTORY = YES
               COMPILER_INDEX_STORE_ENABLE = Default
               COMPOSITE_SDK_DIRS = /Users/otislewis/arena/build/ios/CompositeSDKs
               COMPRESS_PNG_FILES = YES
               CONFIGURATION = Release
               CONFIGURATION_BUILD_DIR = /Users/otislewis/arena/build/ios/Release-iphonesimulator
               CONFIGURATION_TEMP_DIR = /Users/otislewis/arena/build/ios/Pods.build/Release-iphonesimulator
               CONTENTS_FOLDER_PATH = Pods_RunnerTests.framework
               CONTENTS_FOLDER_PATH_SHALLOW_BUNDLE_NO = Pods_RunnerTests.framework/A
               CONTENTS_FOLDER_PATH_SHALLOW_BUNDLE_YES = Pods_RunnerTests.framework
               COPYING_PRESERVES_HFS_DATA = NO
               COPY_HEADERS_RUN_UNIFDEF = NO
               COPY_PHASE_STRIP = NO
               CORRESPONDING_DEVICE_PLATFORM_DIR = /Applications/Xcode.app/Contents/Developer/Platforms/iPhoneOS.platform
               CORRESPONDING_DEVICE_PLATFORM_NAME = iphoneos
               CORRESPONDING_DEVICE_SDK_DIR = /Applications/Xcode.app/Contents/Developer/Platforms/iPhoneOS.platform/Developer/SDKs/iPhoneOS18.4.sdk
               CORRESPONDING_DEVICE_SDK_NAME = iphoneos18.4
               CP = /bin/cp
               CREATE_INFOPLIST_SECTION_IN_BINARY = NO
               CURRENT_ARCH = undefined_arch
               CURRENT_PROJECT_VERSION = 1
               CURRENT_VARIANT = normal
               CURRENT_VERSION = Current
               DEAD_CODE_STRIPPING = YES
               DEBUGGING_SYMBOLS = YES
               DEBUG_INFORMATION_FORMAT = dwarf-with-dsym
               DEBUG_INFORMATION_VERSION = compiler-default
               DEFAULT_COMPILER = com.apple.compilers.llvm.clang.1_0
               DEFAULT_DEXT_INSTALL_PATH = /System/Library/DriverExtensions
               DEFAULT_KEXT_INSTALL_PATH = /System/Library/Extensions
               DEFINES_MODULE = YES
               DEPLOYMENT_LOCATION = NO
               DEPLOYMENT_POSTPROCESSING = NO
               DEPLOYMENT_TARGET_SETTING_NAME = IPHONEOS_DEPLOYMENT_TARGET
               DEPLOYMENT_TARGET_SUGGESTED_VALUES = 12.0 12.1 12.2 12.3 12.4 13.0 13.1 13.2 13.3 13.4 13.5 13.6 14.0 14.1 14.2 14.3 14.4 14.5 14.6 14.7 15.0 15.1 15.2 15.3 15.4 15.5 15.6 16.0 16.1 16.2 16.3 16.4 16.5 16.6 17.0 17.1 17.2 17.3 17.4 17.5 17.6 18.0 18.1 18.2 18.3 18.4
               DERIVED_FILES_DIR = /Users/otislewis/arena/build/ios/Pods.build/Release-iphonesimulator/Pods-RunnerTests.build/DerivedSources
               DERIVED_FILE_DIR = /Users/otislewis/arena/build/ios/Pods.build/Release-iphonesimulator/Pods-RunnerTests.build/DerivedSources
               DERIVED_SOURCES_DIR = /Users/otislewis/arena/build/ios/Pods.build/Release-iphonesimulator/Pods-RunnerTests.build/DerivedSources
               DEVELOPER_APPLICATIONS_DIR = /Applications/Xcode.app/Contents/Developer/Applications
               DEVELOPER_BIN_DIR = /Applications/Xcode.app/Contents/Developer/usr/bin
               DEVELOPER_DIR = /Applications/Xcode.app/Contents/Developer
               DEVELOPER_FRAMEWORKS_DIR = /Applications/Xcode.app/Contents/Developer/Library/Frameworks
               DEVELOPER_FRAMEWORKS_DIR_QUOTED = /Applications/Xcode.app/Contents/Developer/Library/Frameworks
               DEVELOPER_LIBRARY_DIR = /Applications/Xcode.app/Contents/Developer/Library
               DEVELOPER_SDK_DIR = /Applications/Xcode.app/Contents/Developer/Platforms/MacOSX.platform/Developer/SDKs
               DEVELOPER_TOOLS_DIR = /Applications/Xcode.app/Contents/Developer/Tools
               DEVELOPER_USR_DIR = /Applications/Xcode.app/Contents/Developer/usr
               DEVELOPMENT_LANGUAGE = en
               DIAGNOSE_MISSING_TARGET_DEPENDENCIES = YES
               DIFF = /usr/bin/diff
               DOCUMENTATION_FOLDER_PATH = Pods_RunnerTests.framework/en.lproj/Documentation
               DONT_GENERATE_INFOPLIST_FILE = NO
               DSTROOT = /tmp/Pods.dst
               DT_TOOLCHAIN_DIR = /Applications/Xcode.app/Contents/Developer/Toolchains/XcodeDefault.xctoolchain
               DWARF_DSYM_FILE_NAME = Pods_RunnerTests.framework.dSYM
               DWARF_DSYM_FILE_SHOULD_ACCOMPANY_PRODUCT = NO
               DWARF_DSYM_FOLDER_PATH = /Users/otislewis/arena/build/ios/Release-iphonesimulator
               DYLIB_COMPATIBILITY_VERSION = 1
               DYLIB_CURRENT_VERSION = 1
               DYLIB_INSTALL_NAME_BASE = @rpath
               DYNAMIC_LIBRARY_EXTENSION = dylib
               EAGER_COMPILATION_ALLOW_SCRIPTS = NO
               EAGER_LINKING = NO
               EFFECTIVE_PLATFORM_NAME = -iphonesimulator
               EMBEDDED_CONTENT_CONTAINS_SWIFT = NO
               EMBED_ASSET_PACKS_IN_PRODUCT_BUNDLE = NO
               ENABLE_APP_SANDBOX = NO
               ENABLE_BITCODE = NO
               ENABLE_CODE_COVERAGE = YES
               ENABLE_DEFAULT_HEADER_SEARCH_PATHS = YES
               ENABLE_DEFAULT_SEARCH_PATHS = YES
               ENABLE_HARDENED_RUNTIME = NO
               ENABLE_HEADER_DEPENDENCIES = YES
               ENABLE_INCOMING_NETWORK_CONNECTIONS = NO
               ENABLE_MODULE_VERIFIER = NO
               ENABLE_NS_ASSERTIONS = NO
               ENABLE_ON_DEMAND_RESOURCES = NO
               ENABLE_OUTGOING_NETWORK_CONNECTIONS = NO
               ENABLE_RESOURCE_ACCESS_AUDIO_INPUT = NO
               ENABLE_RESOURCE_ACCESS_BLUETOOTH = NO
               ENABLE_RESOURCE_ACCESS_CALENDARS = NO
               ENABLE_RESOURCE_ACCESS_CAMERA = NO
               ENABLE_RESOURCE_ACCESS_CONTACTS = NO
               ENABLE_RESOURCE_ACCESS_LOCATION = NO
               ENABLE_RESOURCE_ACCESS_PRINTING = NO
               ENABLE_RESOURCE_ACCESS_USB = NO
               ENABLE_SDK_IMPORTS = NO
               ENABLE_STRICT_OBJC_MSGSEND = YES
               ENABLE_TESTABILITY = NO
               ENABLE_TESTING_SEARCH_PATHS = NO
               ENABLE_USER_SCRIPT_SANDBOXING = NO
               ENFORCE_VALID_ARCHS = YES
               ENTITLEMENTS_DESTINATION = __entitlements
               ENTITLEMENTS_REQUIRED = NO
               EXCLUDED_ARCHS = arm64
               EXCLUDED_INSTALLSRC_SUBDIRECTORY_PATTERNS = .DS_Store .svn .git .hg CVS
               EXCLUDED_RECURSIVE_SEARCH_PATH_SUBDIRECTORIES = *.nib *.lproj *.framework *.gch *.xcode* *.xcassets (*) .DS_Store CVS .svn .git .hg *.pbproj *.pbxproj
               EXECUTABLES_FOLDER_PATH = Pods_RunnerTests.framework/en.lproj
               EXECUTABLE_FOLDER_PATH = Pods_RunnerTests.framework
               EXECUTABLE_FOLDER_PATH_SHALLOW_BUNDLE_NO = Pods_RunnerTests.framework
               EXECUTABLE_FOLDER_PATH_SHALLOW_BUNDLE_YES = Pods_RunnerTests.framework
               EXECUTABLE_NAME = Pods_RunnerTests
               EXECUTABLE_PATH = Pods_RunnerTests.framework/Pods_RunnerTests
               EXTENSIONS_FOLDER_PATH = Pods_RunnerTests.framework/Extensions
               FILE_LIST = /Users/otislewis/arena/build/ios/Pods.build/Release-iphonesimulator/Pods-RunnerTests.build/Objects/LinkFileList
               FIXED_FILES_DIR = /Users/otislewis/arena/build/ios/Pods.build/Release-iphonesimulator/Pods-RunnerTests.build/FixedFiles
               FRAMEWORKS_FOLDER_PATH = Pods_RunnerTests.framework/Frameworks
               FRAMEWORK_FLAG_PREFIX = -framework
               FRAMEWORK_SEARCH_PATHS = /Users/otislewis/arena/build/ios/Release-iphonesimulator "/opt/homebrew/Caskroom/flutter/3.32.0/flutter/bin/cache/artifacts/engine/ios-release/Flutter.xcframework/ios-arm64_x86_64-simulator"  "/Users/otislewis/arena/build/ios/Release-iphonesimulator/BoringSSL-GRPC" "/Users/otislewis/arena/build/ios/Release-iphonesimulator/FirebaseAppCheckInterop" "/Users/otislewis/arena/build/ios/Release-iphonesimulator/FirebaseAuth" "/Users/otislewis/arena/build/ios/Release-iphonesimulator/FirebaseAuthInterop" "/Users/otislewis/arena/build/ios/Release-iphonesimulator/FirebaseCore" "/Users/otislewis/arena/build/ios/Release-iphonesimulator/FirebaseCoreExtension" "/Users/otislewis/arena/build/ios/Release-iphonesimulator/FirebaseCoreInternal" "/Users/otislewis/arena/build/ios/Release-iphonesimulator/FirebaseFirestore" "/Users/otislewis/arena/build/ios/Release-iphonesimulator/FirebaseFirestoreInternal" "/Users/otislewis/arena/build/ios/Release-iphonesimulator/FirebaseSharedSwift" "/Users/otislewis/arena/build/ios/Release-iphonesimulator/FirebaseStorage" "/Users/otislewis/arena/build/ios/Release-iphonesimulator/GTMSessionFetcher" "/Users/otislewis/arena/build/ios/Release-iphonesimulator/GoogleUtilities" "/Users/otislewis/arena/build/ios/Release-iphonesimulator/PromisesObjC" "/Users/otislewis/arena/build/ios/Release-iphonesimulator/RecaptchaInterop" "/Users/otislewis/arena/build/ios/Release-iphonesimulator/abseil" "/Users/otislewis/arena/build/ios/Release-iphonesimulator/cloud_firestore" "/Users/otislewis/arena/build/ios/Release-iphonesimulator/firebase_auth" "/Users/otislewis/arena/build/ios/Release-iphonesimulator/firebase_core" "/Users/otislewis/arena/build/ios/Release-iphonesimulator/firebase_storage" "/Users/otislewis/arena/build/ios/Release-iphonesimulator/gRPC-C++" "/Users/otislewis/arena/build/ios/Release-iphonesimulator/gRPC-Core" "/Users/otislewis/arena/build/ios/Release-iphonesimulator/image_picker_ios" "/Users/otislewis/arena/build/ios/Release-iphonesimulator/leveldb-library" "/Users/otislewis/arena/build/ios/Release-iphonesimulator/nanopb"
               FRAMEWORK_VERSION = A
               FULL_PRODUCT_NAME = Pods_RunnerTests.framework
               FUSE_BUILD_PHASES = YES
               FUSE_BUILD_SCRIPT_PHASES = NO
               GCC3_VERSION = 3.3
               GCC_C_LANGUAGE_STANDARD = gnu11
               GCC_INLINES_ARE_PRIVATE_EXTERN = YES
               GCC_NO_COMMON_BLOCKS = YES
               GCC_OBJC_LEGACY_DISPATCH = YES
               GCC_PFE_FILE_C_DIALECTS = c objective-c c++ objective-c++
               GCC_PREPROCESSOR_DEFINITIONS = POD_CONFIGURATION_RELEASE=1  COCOAPODS=1 POD_CONFIGURATION_RELEASE=1  PB_FIELD_32BIT=1 PB_NO_PACKED_STRUCTS=1 PB_ENABLE_MALLOC=1
               GCC_TREAT_WARNINGS_AS_ERRORS = NO
               GCC_VERSION = com.apple.compilers.llvm.clang.1_0
               GCC_VERSION_IDENTIFIER = com_apple_compilers_llvm_clang_1_0
               GCC_WARN_64_TO_32_BIT_CONVERSION = YES
               GCC_WARN_ABOUT_RETURN_TYPE = YES_ERROR
               GCC_WARN_UNDECLARED_SELECTOR = YES
               GCC_WARN_UNINITIALIZED_AUTOS = YES_AGGRESSIVE
               GCC_WARN_UNUSED_FUNCTION = YES
               GCC_WARN_UNUSED_VARIABLE = YES
               GENERATED_MODULEMAP_DIR = /Users/otislewis/arena/build/ios/GeneratedModuleMaps-iphonesimulator
               GENERATE_INFOPLIST_FILE = NO
               GENERATE_INTERMEDIATE_TEXT_BASED_STUBS = YES
               GENERATE_MASTER_OBJECT_FILE = NO
               GENERATE_PKGINFO_FILE = NO
               GENERATE_PROFILING_CODE = NO
               GENERATE_TEXT_BASED_STUBS = NO
               GID = 20
               GROUP = staff
               HEADERMAP_INCLUDES_FLAT_ENTRIES_FOR_TARGET_BEING_BUILT = YES
               HEADERMAP_INCLUDES_FRAMEWORK_ENTRIES_FOR_ALL_PRODUCT_TYPES = YES
               HEADERMAP_INCLUDES_FRAMEWORK_ENTRIES_FOR_TARGETS_NOT_BEING_BUILT = YES
               HEADERMAP_INCLUDES_NONPUBLIC_NONPRIVATE_HEADERS = YES
               HEADERMAP_INCLUDES_PROJECT_HEADERS = YES
               HEADERMAP_USES_FRAMEWORK_PREFIX_ENTRIES = YES
               HEADERMAP_USES_VFS = YES
               HEADER_SEARCH_PATHS = /Users/otislewis/arena/build/ios/Release-iphonesimulator/include  "/Users/otislewis/arena/build/ios/Release-iphonesimulator/BoringSSL-GRPC/openssl_grpc.framework/Headers" "/Users/otislewis/arena/build/ios/Release-iphonesimulator/FirebaseAppCheckInterop/FirebaseAppCheckInterop.framework/Headers" "/Users/otislewis/arena/build/ios/Release-iphonesimulator/FirebaseAuth/FirebaseAuth.framework/Headers" "/Users/otislewis/arena/build/ios/Release-iphonesimulator/FirebaseAuthInterop/FirebaseAuthInterop.framework/Headers" "/Users/otislewis/arena/build/ios/Release-iphonesimulator/FirebaseCore/FirebaseCore.framework/Headers" "/Users/otislewis/arena/build/ios/Release-iphonesimulator/FirebaseCoreExtension/FirebaseCoreExtension.framework/Headers" "/Users/otislewis/arena/build/ios/Release-iphonesimulator/FirebaseCoreInternal/FirebaseCoreInternal.framework/Headers" "/Users/otislewis/arena/build/ios/Release-iphonesimulator/FirebaseFirestore/FirebaseFirestore.framework/Headers" "/Users/otislewis/arena/build/ios/Release-iphonesimulator/FirebaseFirestoreInternal/FirebaseFirestoreInternal.framework/Headers" "/Users/otislewis/arena/build/ios/Release-iphonesimulator/FirebaseSharedSwift/FirebaseSharedSwift.framework/Headers" "/Users/otislewis/arena/build/ios/Release-iphonesimulator/FirebaseStorage/FirebaseStorage.framework/Headers" "/Users/otislewis/arena/build/ios/Release-iphonesimulator/GTMSessionFetcher/GTMSessionFetcher.framework/Headers" "/Users/otislewis/arena/build/ios/Release-iphonesimulator/GoogleUtilities/GoogleUtilities.framework/Headers" "/Users/otislewis/arena/build/ios/Release-iphonesimulator/PromisesObjC/FBLPromises.framework/Headers" "/Users/otislewis/arena/build/ios/Release-iphonesimulator/RecaptchaInterop/RecaptchaInterop.framework/Headers" "/Users/otislewis/arena/build/ios/Release-iphonesimulator/abseil/absl.framework/Headers" "/Users/otislewis/arena/build/ios/Release-iphonesimulator/cloud_firestore/cloud_firestore.framework/Headers" "/Users/otislewis/arena/build/ios/Release-iphonesimulator/firebase_auth/firebase_auth.framework/Headers" "/Users/otislewis/arena/build/ios/Release-iphonesimulator/firebase_core/firebase_core.framework/Headers" "/Users/otislewis/arena/build/ios/Release-iphonesimulator/firebase_storage/firebase_storage.framework/Headers" "/Users/otislewis/arena/build/ios/Release-iphonesimulator/gRPC-C++/grpcpp.framework/Headers" "/Users/otislewis/arena/build/ios/Release-iphonesimulator/gRPC-Core/grpc.framework/Headers" "/Users/otislewis/arena/build/ios/Release-iphonesimulator/image_picker_ios/image_picker_ios.framework/Headers" "/Users/otislewis/arena/build/ios/Release-iphonesimulator/leveldb-library/leveldb.framework/Headers" "/Users/otislewis/arena/build/ios/Release-iphonesimulator/nanopb/nanopb.framework/Headers" "/Users/otislewis/arena/ios/Pods/Headers/Public" "/Users/otislewis/arena/ios/Pods/Headers/Public/Firebase"  /Users/otislewis/arena/ios/Pods/Firebase/CoreOnly/Sources
               HIDE_BITCODE_SYMBOLS = YES
               HOME = /Users/otislewis
               HOST_ARCH = arm64
               HOST_PLATFORM = macosx
               ICONV = /usr/bin/iconv
               IMPLICIT_DEPENDENCY_DOMAIN = default
               INFOPLIST_ENABLE_CFBUNDLEICONS_MERGE = YES
               INFOPLIST_EXPAND_BUILD_SETTINGS = YES
               INFOPLIST_FILE = Target Support Files/Pods-RunnerTests/Pods-RunnerTests-Info.plist
               INFOPLIST_OUTPUT_FORMAT = binary
               INFOPLIST_PATH = Pods_RunnerTests.framework/Info.plist
               INFOPLIST_PREPROCESS = NO
               INFOSTRINGS_PATH = Pods_RunnerTests.framework/en.lproj/InfoPlist.strings
               INLINE_PRIVATE_FRAMEWORKS = NO
               INSTALLAPI_IGNORE_SKIP_INSTALL = YES
               INSTALLHDRS_COPY_PHASE = NO
               INSTALLHDRS_SCRIPT_PHASE = NO
               INSTALL_DIR = /tmp/Pods.dst/Library/Frameworks
               INSTALL_GROUP = staff
               INSTALL_MODE_FLAG = u+w,go-w,a+rX
               INSTALL_OWNER = otislewis
               INSTALL_PATH = /Library/Frameworks
               INSTALL_ROOT = /tmp/Pods.dst
               IPHONEOS_DEPLOYMENT_TARGET = 13.0
               IS_UNOPTIMIZED_BUILD = NO
               JAVAC_DEFAULT_FLAGS = -J-Xms64m -J-XX:NewSize=4M -J-Dfile.encoding=UTF8
               JAVA_APP_STUB = /System/Library/Frameworks/JavaVM.framework/Resources/MacOS/JavaApplicationStub
               JAVA_ARCHIVE_CLASSES = YES
               JAVA_ARCHIVE_TYPE = JAR
               JAVA_COMPILER = /usr/bin/javac
               JAVA_FOLDER_PATH = Pods_RunnerTests.framework/Java
               JAVA_FRAMEWORK_RESOURCES_DIRS = Resources
               JAVA_JAR_FLAGS = cv
               JAVA_SOURCE_SUBDIR = .
               JAVA_USE_DEPENDENCIES = YES
               JAVA_ZIP_FLAGS = -urg
               JIKES_DEFAULT_FLAGS = +E +OLDCSO
               KEEP_PRIVATE_EXTERNS = NO
               LD_DEPENDENCY_INFO_FILE = /Users/otislewis/arena/build/ios/Pods.build/Release-iphonesimulator/Pods-RunnerTests.build/Objects-normal/undefined_arch/Pods_RunnerTests_dependency_info.dat
               LD_DYLIB_INSTALL_NAME = @rpath/Pods_RunnerTests.framework/Pods_RunnerTests
               LD_EXPORT_SYMBOLS = YES
               LD_GENERATE_MAP_FILE = NO
               LD_MAP_FILE_PATH = /Users/otislewis/arena/build/ios/Pods.build/Release-iphonesimulator/Pods-RunnerTests.build/Pods_RunnerTests-LinkMap-normal-undefined_arch.txt
               LD_NO_PIE = NO
               LD_QUOTE_LINKER_ARGUMENTS_FOR_COMPILER_DRIVER = YES
               LD_RUNPATH_SEARCH_PATHS =  @executable_path/Frameworks @loader_path/Frameworks
               LD_SHARED_CACHE_ELIGIBLE = Automatic
               LD_WARN_DUPLICATE_LIBRARIES = NO
               LD_WARN_UNUSED_DYLIBS = NO
               LEGACY_DEVELOPER_DIR = /Applications/Xcode.app/Contents/PlugIns/Xcode3Core.ideplugin/Contents/SharedSupport/Developer
               LEX = lex
               LIBRARY_DEXT_INSTALL_PATH = /Library/DriverExtensions
               LIBRARY_FLAG_NOSPACE = YES
               LIBRARY_FLAG_PREFIX = -l
               LIBRARY_KEXT_INSTALL_PATH = /Library/Extensions
               LIBRARY_SEARCH_PATHS = /Users/otislewis/arena/build/ios/Release-iphonesimulator 
               LINKER_DISPLAYS_MANGLED_NAMES = NO
               LINK_FILE_LIST_normal_x86_64 = /Users/otislewis/arena/build/ios/Pods.build/Release-iphonesimulator/Pods-RunnerTests.build/Objects-normal/x86_64/Pods_RunnerTests.LinkFileList
               LINK_OBJC_RUNTIME = YES
               LINK_WITH_STANDARD_LIBRARIES = YES
               LLVM_TARGET_TRIPLE_OS_VERSION = ios13.0
               LLVM_TARGET_TRIPLE_SUFFIX = -simulator
               LLVM_TARGET_TRIPLE_VENDOR = apple
               LM_AUX_CONST_METADATA_LIST_PATH_normal_x86_64 = /Users/otislewis/arena/build/ios/Pods.build/Release-iphonesimulator/Pods-RunnerTests.build/Objects-normal/x86_64/Pods_RunnerTests.SwiftConstValuesFileList
               LOCALIZATION_EXPORT_SUPPORTED = YES
               LOCALIZATION_PREFERS_STRING_CATALOGS = NO
               LOCALIZED_RESOURCES_FOLDER_PATH = Pods_RunnerTests.framework/en.lproj
               LOCALIZED_STRING_MACRO_NAMES = NSLocalizedString CFCopyLocalizedString
               LOCALIZED_STRING_SWIFTUI_SUPPORT = YES
               LOCAL_ADMIN_APPS_DIR = /Applications/Utilities
               LOCAL_APPS_DIR = /Applications
               LOCAL_DEVELOPER_DIR = /Library/Developer
               LOCAL_LIBRARY_DIR = /Library
               LOCROOT = /Users/otislewis/arena/ios/Pods
               LOCSYMROOT = /Users/otislewis/arena/ios/Pods
               MACH_O_TYPE = staticlib
               MAC_OS_X_PRODUCT_BUILD_VERSION = 24F74
               MAC_OS_X_VERSION_ACTUAL = 150500
               MAC_OS_X_VERSION_MAJOR = 150000
               MAC_OS_X_VERSION_MINOR = 150500
               MAKE_MERGEABLE = NO
               MERGEABLE_LIBRARY = NO
               MERGED_BINARY_TYPE = none
               MERGE_LINKED_LIBRARIES = NO
               METAL_LIBRARY_FILE_BASE = default
               METAL_LIBRARY_OUTPUT_DIR = /Users/otislewis/arena/build/ios/Release-iphonesimulator/Pods_RunnerTests.framework
               MODULEMAP_FILE = Target Support Files/Pods-RunnerTests/Pods-RunnerTests.modulemap
               MODULES_FOLDER_PATH = Pods_RunnerTests.framework/Modules
               MTL_ENABLE_DEBUG_INFO = NO
               MTL_FAST_MATH = YES
               NATIVE_ARCH = arm64
               NATIVE_ARCH_32_BIT = arm
               NATIVE_ARCH_64_BIT = arm64
               NATIVE_ARCH_ACTUAL = arm64
               NO_COMMON = YES
               OBJC_ABI_VERSION = 2
               OBJECT_FILE_DIR = /Users/otislewis/arena/build/ios/Pods.build/Release-iphonesimulator/Pods-RunnerTests.build/Objects
               OBJECT_FILE_DIR_normal = /Users/otislewis/arena/build/ios/Pods.build/Release-iphonesimulator/Pods-RunnerTests.build/Objects-normal
               OBJROOT = /Users/otislewis/arena/build/ios
               ONLY_ACTIVE_ARCH = NO
               OS = MACOS
               OSAC = /usr/bin/osacompile
               OTHER_LDFLAGS =  -l"c++" -l"z" -framework "FBLPromises" -framework "FirebaseAppCheckInterop" -framework "FirebaseAuth" -framework "FirebaseAuthInterop" -framework "FirebaseCore" -framework "FirebaseCoreExtension" -framework "FirebaseCoreInternal" -framework "FirebaseFirestore" -framework "FirebaseFirestoreInternal" -framework "FirebaseSharedSwift" -framework "FirebaseStorage" -framework "Foundation" -framework "GTMSessionFetcher" -framework "GoogleUtilities" -framework "RecaptchaInterop" -framework "SafariServices" -framework "Security" -framework "SystemConfiguration" -framework "UIKit" -framework "absl" -framework "grpc" -framework "grpcpp" -framework "image_picker_ios" -framework "leveldb" -framework "nanopb" -framework "openssl_grpc" -weak_framework "FirebaseFirestoreInternal" -framework Flutter
               PACKAGE_TYPE = com.apple.package-type.wrapper.framework
               PASCAL_STRINGS = YES
               PATH = /Applications/Xcode.app/Contents/SharedFrameworks/SwiftBuild.framework/Versions/A/PlugIns/SWBBuildService.bundle/Contents/PlugIns/SWBUniversalPlatformPlugin.bundle/Contents/Frameworks/SWBUniversalPlatform.framework/Resources:/Applications/Xcode.app/Contents/Developer/Toolchains/XcodeDefault.xctoolchain/usr/bin:/Applications/Xcode.app/Contents/Developer/Toolchains/XcodeDefault.xctoolchain/usr/local/bin:/Applications/Xcode.app/Contents/Developer/Toolchains/XcodeDefault.xctoolchain/usr/libexec:/Applications/Xcode.app/Contents/Developer/Platforms/iPhoneSimulator.platform/usr/bin:/Applications/Xcode.app/Contents/Developer/Platforms/iPhoneSimulator.platform/usr/local/bin:/Applications/Xcode.app/Contents/Developer/Platforms/iPhoneSimulator.platform/Developer/usr/bin:/Applications/Xcode.app/Contents/Developer/Platforms/iPhoneSimulator.platform/Developer/usr/local/bin:/Applications/Xcode.app/Contents/Developer/usr/bin:/Applications/Xcode.app/Contents/Developer/usr/local/bin:/Users/otislewis/.gem/ruby/3.3.0/bin:/opt/homebrew/bin:/opt/homebrew/sbin:/usr/local/bin:/System/Cryptexes/App/usr/bin:/usr/bin:/bin:/usr/sbin:/sbin:/var/run/com.apple.security.cryptexd/codex.system/bootstrap/usr/local/bin:/var/run/com.apple.security.cryptexd/codex.system/bootstrap/usr/bin:/var/run/com.apple.security.cryptexd/codex.system/bootstrap/usr/appleinternal/bin:/Library/Apple/usr/bin:/opt/homebrew/Caskroom/flutter/3.32.0/flutter/bin:/Users/otislewis/Library/Android/sdk/emulator:/Users/otislewis/Library/Android/sdk/tools:/Users/otislewis/Library/Android/sdk/tools/bin:/Users/otislewis/Library/Android/sdk/platform-tools:/opt/homebrew/Caskroom/flutter/3.32.0/flutter/bin/cache/dart-sdk/bin
               PATH_PREFIXES_EXCLUDED_FROM_HEADER_DEPENDENCIES = /usr/include /usr/local/include /System/Library/Frameworks /System/Library/PrivateFrameworks /Applications/Xcode.app/Contents/Developer/Headers /Applications/Xcode.app/Contents/Developer/SDKs /Applications/Xcode.app/Contents/Developer/Platforms
               PBDEVELOPMENTPLIST_PATH = Pods_RunnerTests.framework/pbdevelopment.plist
               PER_ARCH_MODULE_FILE_DIR = /Users/otislewis/arena/build/ios/Pods.build/Release-iphonesimulator/Pods-RunnerTests.build/Objects-normal/undefined_arch
               PER_ARCH_OBJECT_FILE_DIR = /Users/otislewis/arena/build/ios/Pods.build/Release-iphonesimulator/Pods-RunnerTests.build/Objects-normal/undefined_arch
               PER_VARIANT_OBJECT_FILE_DIR = /Users/otislewis/arena/build/ios/Pods.build/Release-iphonesimulator/Pods-RunnerTests.build/Objects-normal
               PKGINFO_FILE_PATH = /Users/otislewis/arena/build/ios/Pods.build/Release-iphonesimulator/Pods-RunnerTests.build/PkgInfo
               PKGINFO_PATH = Pods_RunnerTests.framework/PkgInfo
               PLATFORM_DEVELOPER_APPLICATIONS_DIR = /Applications/Xcode.app/Contents/Developer/Platforms/iPhoneSimulator.platform/Developer/Applications
               PLATFORM_DEVELOPER_BIN_DIR = /Applications/Xcode.app/Contents/Developer/Platforms/iPhoneSimulator.platform/Developer/usr/bin
               PLATFORM_DEVELOPER_LIBRARY_DIR = /Applications/Xcode.app/Contents/Developer/Platforms/iPhoneSimulator.platform/Developer/Library
               PLATFORM_DEVELOPER_SDK_DIR = /Applications/Xcode.app/Contents/Developer/Platforms/iPhoneSimulator.platform/Developer/SDKs
               PLATFORM_DEVELOPER_TOOLS_DIR = /Applications/Xcode.app/Contents/Developer/Platforms/iPhoneSimulator.platform/Developer/Tools
               PLATFORM_DEVELOPER_USR_DIR = /Applications/Xcode.app/Contents/Developer/Platforms/iPhoneSimulator.platform/Developer/usr
               PLATFORM_DIR = /Applications/Xcode.app/Contents/Developer/Platforms/iPhoneSimulator.platform
               PLATFORM_DISPLAY_NAME = iOS Simulator
               PLATFORM_FAMILY_NAME = iOS
               PLATFORM_NAME = iphonesimulator
               PLATFORM_PREFERRED_ARCH = x86_64
               PLATFORM_PRODUCT_BUILD_VERSION = 22E235
               PLATFORM_REQUIRES_SWIFT_AUTOLINK_EXTRACT = NO
               PLATFORM_REQUIRES_SWIFT_MODULEWRAP = NO
               PLIST_FILE_OUTPUT_FORMAT = binary
               PLUGINS_FOLDER_PATH = Pods_RunnerTests.framework/PlugIns
               PODS_BUILD_DIR = /Users/otislewis/arena/build/ios
               PODS_CONFIGURATION_BUILD_DIR = /Users/otislewis/arena/build/ios/Release-iphonesimulator
               PODS_PODFILE_DIR_PATH = /Users/otislewis/arena/ios/Pods/.
               PODS_ROOT = /Users/otislewis/arena/ios/Pods
               PODS_XCFRAMEWORKS_BUILD_DIR = /Users/otislewis/arena/build/ios/Release-iphonesimulator/XCFrameworkIntermediates
               PRECOMPS_INCLUDE_HEADERS_FROM_BUILT_PRODUCTS_DIR = YES
               PRECOMP_DESTINATION_DIR = /Users/otislewis/arena/build/ios/Pods.build/Release-iphonesimulator/Pods-RunnerTests.build/PrefixHeaders
               PRIVATE_HEADERS_FOLDER_PATH = Pods_RunnerTests.framework/PrivateHeaders
               PROCESSED_INFOPLIST_PATH = /Users/otislewis/arena/build/ios/Pods.build/Release-iphonesimulator/Pods-RunnerTests.build/Objects-normal/undefined_arch/Processed-Info.plist
               PRODUCT_BUNDLE_IDENTIFIER = org.cocoapods.Pods-RunnerTests
               PRODUCT_BUNDLE_PACKAGE_TYPE = FMWK
               PRODUCT_MODULE_NAME = Pods_RunnerTests
               PRODUCT_NAME = Pods_RunnerTests
               PRODUCT_SETTINGS_PATH = /Users/otislewis/arena/ios/Pods/Target Support Files/Pods-RunnerTests/Pods-RunnerTests-Info.plist
               PRODUCT_TYPE = com.apple.product-type.framework
               PROFILING_CODE = NO
               PROJECT = Pods
               PROJECT_DERIVED_FILE_DIR = /Users/otislewis/arena/build/ios/Pods.build/DerivedSources
               PROJECT_DIR = /Users/otislewis/arena/ios/Pods
               PROJECT_FILE_PATH = /Users/otislewis/arena/ios/Pods/Pods.xcodeproj
               PROJECT_GUID = bfdfe7dc352907fc980b868725387e98
               PROJECT_NAME = Pods
               PROJECT_TEMP_DIR = /Users/otislewis/arena/build/ios/Pods.build
               PROJECT_TEMP_ROOT = /Users/otislewis/arena/build/ios
               PUBLIC_HEADERS_FOLDER_PATH = Pods_RunnerTests.framework/Headers
               RECOMMENDED_IPHONEOS_DEPLOYMENT_TARGET = 15.0
               RECURSIVE_SEARCH_PATHS_FOLLOW_SYMLINKS = YES
               REMOVE_CVS_FROM_RESOURCES = YES
               REMOVE_GIT_FROM_RESOURCES = YES
               REMOVE_HEADERS_FROM_EMBEDDED_BUNDLES = YES
               REMOVE_HG_FROM_RESOURCES = YES
               REMOVE_STATIC_EXECUTABLES_FROM_EMBEDDED_BUNDLES = YES
               REMOVE_SVN_FROM_RESOURCES = YES
               RESCHEDULE_INDEPENDENT_HEADERS_PHASES = YES
               REZ_COLLECTOR_DIR = /Users/otislewis/arena/build/ios/Pods.build/Release-iphonesimulator/Pods-RunnerTests.build/ResourceManagerResources
               REZ_OBJECTS_DIR = /Users/otislewis/arena/build/ios/Pods.build/Release-iphonesimulator/Pods-RunnerTests.build/ResourceManagerResources/Objects
               REZ_SEARCH_PATHS = /Users/otislewis/arena/build/ios/Release-iphonesimulator 
               SCAN_ALL_SOURCE_FILES_FOR_INCLUDES = NO
               SCRIPTS_FOLDER_PATH = Pods_RunnerTests.framework/Scripts
               SDKROOT = /Applications/Xcode.app/Contents/Developer/Platforms/iPhoneSimulator.platform/Developer/SDKs/iPhoneSimulator18.4.sdk
               SDK_DIR = /Applications/Xcode.app/Contents/Developer/Platforms/iPhoneSimulator.platform/Developer/SDKs/iPhoneSimulator18.4.sdk
               SDK_DIR_iphonesimulator = /Applications/Xcode.app/Contents/Developer/Platforms/iPhoneSimulator.platform/Developer/SDKs/iPhoneSimulator18.4.sdk
               SDK_DIR_iphonesimulator18_4 = /Applications/Xcode.app/Contents/Developer/Platforms/iPhoneSimulator.platform/Developer/SDKs/iPhoneSimulator18.4.sdk
               SDK_NAME = iphonesimulator18.4
               SDK_NAMES = iphonesimulator18.4
               SDK_PRODUCT_BUILD_VERSION = 22E235
               SDK_STAT_CACHE_DIR = /var/folders/4y/xy3fflts0nqfk1tsxg0t3mmr0000gn/C/com.apple.DeveloperTools/16.3-16E140/Xcode
               SDK_STAT_CACHE_ENABLE = YES
               SDK_STAT_CACHE_PATH = /var/folders/4y/xy3fflts0nqfk1tsxg0t3mmr0000gn/C/com.apple.DeveloperTools/16.3-16E140/Xcode/SDKStatCaches.noindex/iphonesimulator18.4-22E235-71825a6d136aa4733edcbe86ece5525b.sdkstatcache
               SDK_VERSION = 18.4
               SDK_VERSION_ACTUAL = 180400
               SDK_VERSION_MAJOR = 180000
               SDK_VERSION_MINOR = 180400
               SED = /usr/bin/sed
               SEPARATE_STRIP = NO
               SEPARATE_SYMBOL_EDIT = NO
               SET_DIR_MODE_OWNER_GROUP = YES
               SET_FILE_MODE_OWNER_GROUP = NO
               SHALLOW_BUNDLE = YES
               SHALLOW_BUNDLE_TRIPLE = ios-simulator
               SHALLOW_BUNDLE_ios_macabi = NO
               SHALLOW_BUNDLE_macos = NO
               SHARED_DERIVED_FILE_DIR = /Users/otislewis/arena/build/ios/Release-iphonesimulator/DerivedSources
               SHARED_FRAMEWORKS_FOLDER_PATH = Pods_RunnerTests.framework/SharedFrameworks
               SHARED_PRECOMPS_DIR = /Users/otislewis/arena/build/ios/SharedPrecompiledHeaders
               SHARED_SUPPORT_FOLDER_PATH = Pods_RunnerTests.framework
               SKIP_INSTALL = YES
               SOURCE_ROOT = /Users/otislewis/arena/ios/Pods
               SRCROOT = /Users/otislewis/arena/ios/Pods
               STRINGSDATA_DIR = /Users/otislewis/arena/build/ios/Pods.build/Release-iphonesimulator/Pods-RunnerTests.build/Objects-normal/undefined_arch
               STRINGSDATA_ROOT = /Users/otislewis/arena/build/ios/Pods.build/Release-iphonesimulator/Pods-RunnerTests.build
               STRINGS_FILE_INFOPLIST_RENAME = YES
               STRINGS_FILE_OUTPUT_ENCODING = binary
               STRIP_BITCODE_FROM_COPIED_FILES = NO
               STRIP_INSTALLED_PRODUCT = NO
               STRIP_STYLE = debugging
               STRIP_SWIFT_SYMBOLS = YES
               SUPPORTED_DEVICE_FAMILIES = 1,2
               SUPPORTED_PLATFORMS = iphoneos iphonesimulator
               SUPPORTS_TEXT_BASED_API = NO
               SUPPRESS_WARNINGS = NO
               SWIFT_COMPILATION_MODE = wholemodule
               SWIFT_EMIT_LOC_STRINGS = NO
               SWIFT_INSTALL_MODULE_FOR_DEPLOYMENT = YES
               SWIFT_OPTIMIZATION_LEVEL = -O
               SWIFT_PLATFORM_TARGET_PREFIX = ios
               SWIFT_RESPONSE_FILE_PATH_normal_x86_64 = /Users/otislewis/arena/build/ios/Pods.build/Release-iphonesimulator/Pods-RunnerTests.build/Objects-normal/x86_64/Pods_RunnerTests.SwiftFileList
               SWIFT_VERSION = 5.0
               SYMROOT = /Users/otislewis/arena/ios/build
               SYSTEM_ADMIN_APPS_DIR = /Applications/Utilities
               SYSTEM_APPS_DIR = /Applications
               SYSTEM_CORE_SERVICES_DIR = /System/Library/CoreServices
               SYSTEM_DEMOS_DIR = /Applications/Extras
               SYSTEM_DEVELOPER_APPS_DIR = /Applications/Xcode.app/Contents/Developer/Applications
               SYSTEM_DEVELOPER_BIN_DIR = /Applications/Xcode.app/Contents/Developer/usr/bin
               SYSTEM_DEVELOPER_DEMOS_DIR = /Applications/Xcode.app/Contents/Developer/Applications/Utilities/Built Examples
               SYSTEM_DEVELOPER_DIR = /Applications/Xcode.app/Contents/Developer
               SYSTEM_DEVELOPER_DOC_DIR = /Applications/Xcode.app/Contents/Developer/ADC Reference Library
               SYSTEM_DEVELOPER_GRAPHICS_TOOLS_DIR = /Applications/Xcode.app/Contents/Developer/Applications/Graphics Tools
               SYSTEM_DEVELOPER_JAVA_TOOLS_DIR = /Applications/Xcode.app/Contents/Developer/Applications/Java Tools
               SYSTEM_DEVELOPER_PERFORMANCE_TOOLS_DIR = /Applications/Xcode.app/Contents/Developer/Applications/Performance Tools
               SYSTEM_DEVELOPER_RELEASENOTES_DIR = /Applications/Xcode.app/Contents/Developer/ADC Reference Library/releasenotes
               SYSTEM_DEVELOPER_TOOLS = /Applications/Xcode.app/Contents/Developer/Tools
               SYSTEM_DEVELOPER_TOOLS_DOC_DIR = /Applications/Xcode.app/Contents/Developer/ADC Reference Library/documentation/DeveloperTools
               SYSTEM_DEVELOPER_TOOLS_RELEASENOTES_DIR = /Applications/Xcode.app/Contents/Developer/ADC Reference Library/releasenotes/DeveloperTools
               SYSTEM_DEVELOPER_USR_DIR = /Applications/Xcode.app/Contents/Developer/usr
               SYSTEM_DEVELOPER_UTILITIES_DIR = /Applications/Xcode.app/Contents/Developer/Applications/Utilities
               SYSTEM_DEXT_INSTALL_PATH = /System/Library/DriverExtensions
               SYSTEM_DOCUMENTATION_DIR = /Library/Documentation
               SYSTEM_EXTENSIONS_FOLDER_PATH = Pods_RunnerTests.framework/SystemExtensions
               SYSTEM_EXTENSIONS_FOLDER_PATH_SHALLOW_BUNDLE_NO = Pods_RunnerTests.framework/Library/SystemExtensions
               SYSTEM_EXTENSIONS_FOLDER_PATH_SHALLOW_BUNDLE_YES = Pods_RunnerTests.framework/SystemExtensions
               SYSTEM_KEXT_INSTALL_PATH = /System/Library/Extensions
               SYSTEM_LIBRARY_DIR = /System/Library
               TAPI_DEMANGLE = YES
               TAPI_ENABLE_PROJECT_HEADERS = NO
               TAPI_LANGUAGE = objective-c
               TAPI_LANGUAGE_STANDARD = compiler-default
               TAPI_USE_SRCROOT = YES
               TAPI_VERIFY_MODE = Pedantic
               TARGETED_DEVICE_FAMILY = 1,2
               TARGETNAME = Pods-RunnerTests
               TARGET_BUILD_DIR = /Users/otislewis/arena/build/ios/Release-iphonesimulator
               TARGET_NAME = Pods-RunnerTests
               TARGET_TEMP_DIR = /Users/otislewis/arena/build/ios/Pods.build/Release-iphonesimulator/Pods-RunnerTests.build
               TEMP_DIR = /Users/otislewis/arena/build/ios/Pods.build/Release-iphonesimulator/Pods-RunnerTests.build
               TEMP_FILES_DIR = /Users/otislewis/arena/build/ios/Pods.build/Release-iphonesimulator/Pods-RunnerTests.build
               TEMP_FILE_DIR = /Users/otislewis/arena/build/ios/Pods.build/Release-iphonesimulator/Pods-RunnerTests.build
               TEMP_ROOT = /Users/otislewis/arena/build/ios
               TEMP_SANDBOX_DIR = /Users/otislewis/arena/build/ios/TemporaryTaskSandboxes
               TEST_FRAMEWORK_SEARCH_PATHS =  /Applications/Xcode.app/Contents/Developer/Platforms/iPhoneSimulator.platform/Developer/Library/Frameworks /Applications/Xcode.app/Contents/Developer/Platforms/iPhoneSimulator.platform/Developer/SDKs/iPhoneSimulator18.4.sdk/Developer/Library/Frameworks
               TEST_LIBRARY_SEARCH_PATHS =  /Applications/Xcode.app/Contents/Developer/Platforms/iPhoneSimulator.platform/Developer/usr/lib
               TOOLCHAINS = com.apple.dt.toolchain.XcodeDefault
               TOOLCHAIN_DIR = /Applications/Xcode.app/Contents/Developer/Toolchains/XcodeDefault.xctoolchain
               TREAT_MISSING_BASELINES_AS_TEST_FAILURES = NO
               TREAT_MISSING_SCRIPT_PHASE_OUTPUTS_AS_ERRORS = NO
               UID = 501
               UNINSTALLED_PRODUCTS_DIR = /Users/otislewis/arena/build/ios/UninstalledProducts
               UNLOCALIZED_RESOURCES_FOLDER_PATH = Pods_RunnerTests.framework
               UNLOCALIZED_RESOURCES_FOLDER_PATH_SHALLOW_BUNDLE_NO = Pods_RunnerTests.framework/Resources
               UNLOCALIZED_RESOURCES_FOLDER_PATH_SHALLOW_BUNDLE_YES = Pods_RunnerTests.framework
               UNSTRIPPED_PRODUCT = NO
               USER = otislewis
               USER_APPS_DIR = /Users/otislewis/Applications
               USER_LIBRARY_DIR = /Users/otislewis/Library
               USE_DYNAMIC_NO_PIC = YES
               USE_HEADERMAP = YES
               USE_HEADER_SYMLINKS = NO
               USE_RECURSIVE_SCRIPT_INPUTS_IN_SCRIPT_PHASES = YES
               VALIDATE_DEVELOPMENT_ASSET_PATHS = YES_ERROR
               VALIDATE_PRODUCT = YES
               VALID_ARCHS = arm64 x86_64
               VERBOSE_PBXCP = NO
               VERSIONING_SYSTEM = apple-generic
               VERSIONPLIST_PATH = Pods_RunnerTests.framework/version.plist
               VERSIONS_FOLDER_PATH = Pods_RunnerTests.framework
               VERSIONS_FOLDER_PATH_SHALLOW_BUNDLE_NO = Pods_RunnerTests.framework/Versions
               VERSIONS_FOLDER_PATH_SHALLOW_BUNDLE_YES = Pods_RunnerTests.framework
               VERSION_INFO_BUILDER = otislewis
               VERSION_INFO_FILE = Pods_RunnerTests_vers.c
               VERSION_INFO_STRING = "@(#)PROGRAM:Pods_RunnerTests  PROJECT:Pods-1"
               WORKSPACE_DIR = /Users/otislewis/arena/ios/Pods/Pods.xcodeproj
               WRAPPER_EXTENSION = framework
               WRAPPER_NAME = Pods_RunnerTests.framework
               WRAPPER_SUFFIX = .framework
               WRAP_ASSET_PACKS_IN_SEPARATE_DIRECTORIES = NO
               XCODE_APP_SUPPORT_DIR = /Applications/Xcode.app/Contents/Developer/Library/Xcode
               XCODE_PRODUCT_BUILD_VERSION = 16E140
               XCODE_VERSION_ACTUAL = 1630
               XCODE_VERSION_MAJOR = 1600
               XCODE_VERSION_MINOR = 1630
               XPCSERVICES_FOLDER_PATH = Pods_RunnerTests.framework/XPCServices
               YACC = yacc
               _DISCOVER_COMMAND_LINE_LINKER_INPUTS = YES
               _DISCOVER_COMMAND_LINE_LINKER_INPUTS_INCLUDE_WL = YES
               _WRAPPER_CONTENTS_DIR_SHALLOW_BUNDLE_NO = /Contents
               _WRAPPER_PARENT_PATH_SHALLOW_BUNDLE_NO = /..
               _WRAPPER_RESOURCES_DIR_SHALLOW_BUNDLE_NO = /Resources
               __DIAGNOSE_DEPRECATED_ARCHS = YES
               arch = undefined_arch
               variant = normal

           Build settings for action build and target PromisesObjC:
               ACTION = build
               AD_HOC_CODE_SIGNING_ALLOWED = YES
               ALLOW_BUILD_REQUEST_OVERRIDES = NO
               ALLOW_TARGET_PLATFORM_SPECIALIZATION = NO
               ALTERNATE_GROUP = staff
               ALTERNATE_MODE = u+w,go-w,a+rX
               ALTERNATE_OWNER = otislewis
               ALTERNATIVE_DISTRIBUTION_WEB = NO
               ALWAYS_EMBED_SWIFT_STANDARD_LIBRARIES = NO
               ALWAYS_SEARCH_USER_PATHS = NO
               ALWAYS_USE_SEPARATE_HEADERMAPS = NO
               APPLICATION_EXTENSION_API_ONLY = NO
               APPLY_RULES_IN_COPY_FILES = NO
               APPLY_RULES_IN_COPY_HEADERS = NO
               APP_SHORTCUTS_ENABLE_FLEXIBLE_MATCHING = YES
               ARCHS_STANDARD = arm64 x86_64
               ARCHS_STANDARD_32_64_BIT = arm64 x86_64
               ARCHS_STANDARD_64_BIT = arm64 x86_64
               ARCHS_STANDARD_INCLUDING_64_BIT = arm64 x86_64
               ARCHS_UNIVERSAL_IPHONE_OS = arm64 x86_64
               AUTOMATICALLY_MERGE_DEPENDENCIES = NO
               AVAILABLE_PLATFORMS = android appletvos appletvsimulator driverkit iphoneos iphonesimulator macosx qnx watchos watchsimulator xros xrsimulator
               BITCODE_GENERATION_MODE = marker
               BUILD_ACTIVE_RESOURCES_ONLY = NO
               BUILD_COMPONENTS = headers build
               BUILD_DIR = /Users/otislewis/arena/build/ios
               BUILD_LIBRARY_FOR_DISTRIBUTION = NO
               BUILD_ROOT = /Users/otislewis/arena/ios/build
               BUILD_STYLE = 
               BUILD_VARIANTS = normal
               BUILT_PRODUCTS_DIR = /Users/otislewis/arena/build/ios/Release-iphonesimulator/PromisesObjC
               BUNDLE_CONTENTS_FOLDER_PATH_deep = Contents/
               BUNDLE_EXECUTABLE_FOLDER_NAME_deep = MacOS
               BUNDLE_EXTENSIONS_FOLDER_PATH = Extensions
               BUNDLE_FORMAT = shallow
               BUNDLE_FRAMEWORKS_FOLDER_PATH = Frameworks
               BUNDLE_PLUGINS_FOLDER_PATH = PlugIns
               BUNDLE_PRIVATE_HEADERS_FOLDER_PATH = PrivateHeaders
               BUNDLE_PUBLIC_HEADERS_FOLDER_PATH = Headers
               CACHE_ROOT = /var/folders/4y/xy3fflts0nqfk1tsxg0t3mmr0000gn/C/com.apple.DeveloperTools/16.3-16E140/Xcode
               CCHROOT = /var/folders/4y/xy3fflts0nqfk1tsxg0t3mmr0000gn/C/com.apple.DeveloperTools/16.3-16E140/Xcode
               CHMOD = /bin/chmod
               CHOWN = /usr/sbin/chown
               CLANG_ANALYZER_LOCALIZABILITY_NONLOCALIZED = YES
               CLANG_ANALYZER_NONNULL = YES
               CLANG_ANALYZER_NUMBER_OBJECT_CONVERSION = YES_AGGRESSIVE
               CLANG_CACHE_FINE_GRAINED_OUTPUTS = YES
               CLANG_CXX_LANGUAGE_STANDARD = gnu++14
               CLANG_CXX_LIBRARY = libc++
               CLANG_ENABLE_EXPLICIT_MODULES = YES
               CLANG_ENABLE_MODULES = YES
               CLANG_ENABLE_OBJC_ARC = YES
               CLANG_ENABLE_OBJC_WEAK = YES
               CLANG_MODULES_BUILD_SESSION_FILE = /var/folders/4y/xy3fflts0nqfk1tsxg0t3mmr0000gn/C/org.llvm.clang/ModuleCache.noindex/Session.modulevalidation
               CLANG_WARN_BLOCK_CAPTURE_AUTORELEASING = YES
               CLANG_WARN_BOOL_CONVERSION = YES
               CLANG_WARN_COMMA = YES
               CLANG_WARN_CONSTANT_CONVERSION = YES
               CLANG_WARN_DEPRECATED_OBJC_IMPLEMENTATIONS = YES
               CLANG_WARN_DIRECT_OBJC_ISA_USAGE = YES_ERROR
               CLANG_WARN_DOCUMENTATION_COMMENTS = YES
               CLANG_WARN_EMPTY_BODY = YES
               CLANG_WARN_ENUM_CONVERSION = YES
               CLANG_WARN_INFINITE_RECURSION = YES
               CLANG_WARN_INT_CONVERSION = YES
               CLANG_WARN_NON_LITERAL_NULL_CONVERSION = YES
               CLANG_WARN_OBJC_IMPLICIT_RETAIN_SELF = YES
               CLANG_WARN_OBJC_LITERAL_CONVERSION = YES
               CLANG_WARN_OBJC_ROOT_CLASS = YES_ERROR
               CLANG_WARN_QUOTED_INCLUDE_IN_FRAMEWORK_HEADER = NO
               CLANG_WARN_RANGE_LOOP_ANALYSIS = YES
               CLANG_WARN_STRICT_PROTOTYPES = YES
               CLANG_WARN_SUSPICIOUS_MOVE = YES
               CLANG_WARN_UNGUARDED_AVAILABILITY = YES_AGGRESSIVE
               CLANG_WARN_UNREACHABLE_CODE = YES
               CLANG_WARN__DUPLICATE_METHOD_MATCH = YES
               CLASS_FILE_DIR = /Users/otislewis/arena/build/ios/Pods.build/Release-iphonesimulator/PromisesObjC.build/JavaClasses
               CLEAN_PRECOMPS = YES
               CLONE_HEADERS = NO
               CODESIGNING_FOLDER_PATH = /Users/otislewis/arena/build/ios/Release-iphonesimulator/PromisesObjC/FBLPromises.framework
               CODE_SIGNING_ALLOWED = YES
               CODE_SIGNING_REQUIRED = NO
               CODE_SIGNING_REQUIRES_TEAM = YES
               CODE_SIGN_CONTEXT_CLASS = XCiPhoneSimulatorCodeSignContext
               CODE_SIGN_IDENTITY = -
               CODE_SIGN_INJECT_BASE_ENTITLEMENTS = YES
               COLOR_DIAGNOSTICS = NO
               COMBINE_HIDPI_IMAGES = NO
               COMPILATION_CACHE_CAS_PATH = /var/folders/4y/xy3fflts0nqfk1tsxg0t3mmr0000gn/C/com.apple.DeveloperTools/16.3-16E140/Xcode/CompilationCache.noindex
               COMPILATION_CACHE_KEEP_CAS_DIRECTORY = YES
               COMPILER_INDEX_STORE_ENABLE = Default
               COMPOSITE_SDK_DIRS = /Users/otislewis/arena/build/ios/CompositeSDKs
               COMPRESS_PNG_FILES = YES
               CONFIGURATION = Release
               CONFIGURATION_BUILD_DIR = /Users/otislewis/arena/build/ios/Release-iphonesimulator/PromisesObjC
               CONFIGURATION_TEMP_DIR = /Users/otislewis/arena/build/ios/Pods.build/Release-iphonesimulator
               CONTENTS_FOLDER_PATH = FBLPromises.framework
               CONTENTS_FOLDER_PATH_SHALLOW_BUNDLE_NO = FBLPromises.framework/A
               CONTENTS_FOLDER_PATH_SHALLOW_BUNDLE_YES = FBLPromises.framework
               COPYING_PRESERVES_HFS_DATA = NO
               COPY_HEADERS_RUN_UNIFDEF = NO
               COPY_PHASE_STRIP = NO
               CORRESPONDING_DEVICE_PLATFORM_DIR = /Applications/Xcode.app/Contents/Developer/Platforms/iPhoneOS.platform
               CORRESPONDING_DEVICE_PLATFORM_NAME = iphoneos
               CORRESPONDING_DEVICE_SDK_DIR = /Applications/Xcode.app/Contents/Developer/Platforms/iPhoneOS.platform/Developer/SDKs/iPhoneOS18.4.sdk
               CORRESPONDING_DEVICE_SDK_NAME = iphoneos18.4
               CP = /bin/cp
               CREATE_INFOPLIST_SECTION_IN_BINARY = NO
               CURRENT_ARCH = undefined_arch
               CURRENT_PROJECT_VERSION = 1
               CURRENT_VARIANT = normal
               CURRENT_VERSION = Current
               DEAD_CODE_STRIPPING = YES
               DEBUGGING_SYMBOLS = YES
               DEBUG_INFORMATION_FORMAT = dwarf-with-dsym
               DEBUG_INFORMATION_VERSION = compiler-default
               DEFAULT_COMPILER = com.apple.compilers.llvm.clang.1_0
               DEFAULT_DEXT_INSTALL_PATH = /System/Library/DriverExtensions
               DEFAULT_KEXT_INSTALL_PATH = /System/Library/Extensions
               DEFINES_MODULE = YES
               DEPLOYMENT_LOCATION = NO
               DEPLOYMENT_POSTPROCESSING = NO
               DEPLOYMENT_TARGET_SETTING_NAME = IPHONEOS_DEPLOYMENT_TARGET
               DEPLOYMENT_TARGET_SUGGESTED_VALUES = 12.0 12.1 12.2 12.3 12.4 13.0 13.1 13.2 13.3 13.4 13.5 13.6 14.0 14.1 14.2 14.3 14.4 14.5 14.6 14.7 15.0 15.1 15.2 15.3 15.4 15.5 15.6 16.0 16.1 16.2 16.3 16.4 16.5 16.6 17.0 17.1 17.2 17.3 17.4 17.5 17.6 18.0 18.1 18.2 18.3 18.4
               DERIVED_FILES_DIR = /Users/otislewis/arena/build/ios/Pods.build/Release-iphonesimulator/PromisesObjC.build/DerivedSources
               DERIVED_FILE_DIR = /Users/otislewis/arena/build/ios/Pods.build/Release-iphonesimulator/PromisesObjC.build/DerivedSources
               DERIVED_SOURCES_DIR = /Users/otislewis/arena/build/ios/Pods.build/Release-iphonesimulator/PromisesObjC.build/DerivedSources
               DEVELOPER_APPLICATIONS_DIR = /Applications/Xcode.app/Contents/Developer/Applications
               DEVELOPER_BIN_DIR = /Applications/Xcode.app/Contents/Developer/usr/bin
               DEVELOPER_DIR = /Applications/Xcode.app/Contents/Developer
               DEVELOPER_FRAMEWORKS_DIR = /Applications/Xcode.app/Contents/Developer/Library/Frameworks
               DEVELOPER_FRAMEWORKS_DIR_QUOTED = /Applications/Xcode.app/Contents/Developer/Library/Frameworks
               DEVELOPER_LIBRARY_DIR = /Applications/Xcode.app/Contents/Developer/Library
               DEVELOPER_SDK_DIR = /Applications/Xcode.app/Contents/Developer/Platforms/MacOSX.platform/Developer/SDKs
               DEVELOPER_TOOLS_DIR = /Applications/Xcode.app/Contents/Developer/Tools
               DEVELOPER_USR_DIR = /Applications/Xcode.app/Contents/Developer/usr
               DEVELOPMENT_LANGUAGE = en
               DIAGNOSE_MISSING_TARGET_DEPENDENCIES = YES
               DIFF = /usr/bin/diff
               DOCUMENTATION_FOLDER_PATH = FBLPromises.framework/en.lproj/Documentation
               DONT_GENERATE_INFOPLIST_FILE = NO
               DSTROOT = /tmp/Pods.dst
               DT_TOOLCHAIN_DIR = /Applications/Xcode.app/Contents/Developer/Toolchains/XcodeDefault.xctoolchain
               DWARF_DSYM_FILE_NAME = FBLPromises.framework.dSYM
               DWARF_DSYM_FILE_SHOULD_ACCOMPANY_PRODUCT = NO
               DWARF_DSYM_FOLDER_PATH = /Users/otislewis/arena/build/ios/Release-iphonesimulator/PromisesObjC
               DYLIB_COMPATIBILITY_VERSION = 1
               DYLIB_CURRENT_VERSION = 1
               DYLIB_INSTALL_NAME_BASE = @rpath
               DYNAMIC_LIBRARY_EXTENSION = dylib
               EAGER_COMPILATION_ALLOW_SCRIPTS = NO
               EAGER_LINKING = NO
               EFFECTIVE_PLATFORM_NAME = -iphonesimulator
               EMBEDDED_CONTENT_CONTAINS_SWIFT = NO
               EMBED_ASSET_PACKS_IN_PRODUCT_BUNDLE = NO
               ENABLE_APP_SANDBOX = NO
               ENABLE_BITCODE = NO
               ENABLE_CODE_COVERAGE = YES
               ENABLE_DEFAULT_HEADER_SEARCH_PATHS = YES
               ENABLE_DEFAULT_SEARCH_PATHS = YES
               ENABLE_HARDENED_RUNTIME = NO
               ENABLE_HEADER_DEPENDENCIES = YES
               ENABLE_INCOMING_NETWORK_CONNECTIONS = NO
               ENABLE_MODULE_VERIFIER = NO
               ENABLE_NS_ASSERTIONS = NO
               ENABLE_ON_DEMAND_RESOURCES = NO
               ENABLE_OUTGOING_NETWORK_CONNECTIONS = NO
               ENABLE_RESOURCE_ACCESS_AUDIO_INPUT = NO
               ENABLE_RESOURCE_ACCESS_BLUETOOTH = NO
               ENABLE_RESOURCE_ACCESS_CALENDARS = NO
               ENABLE_RESOURCE_ACCESS_CAMERA = NO
               ENABLE_RESOURCE_ACCESS_CONTACTS = NO
               ENABLE_RESOURCE_ACCESS_LOCATION = NO
               ENABLE_RESOURCE_ACCESS_PRINTING = NO
               ENABLE_RESOURCE_ACCESS_USB = NO
               ENABLE_SDK_IMPORTS = NO
               ENABLE_STRICT_OBJC_MSGSEND = YES
               ENABLE_TESTABILITY = NO
               ENABLE_TESTING_SEARCH_PATHS = NO
               ENABLE_USER_SCRIPT_SANDBOXING = NO
               ENFORCE_VALID_ARCHS = YES
               ENTITLEMENTS_DESTINATION = __entitlements
               ENTITLEMENTS_REQUIRED = NO
               EXCLUDED_ARCHS = arm64
               EXCLUDED_INSTALLSRC_SUBDIRECTORY_PATTERNS = .DS_Store .svn .git .hg CVS
               EXCLUDED_RECURSIVE_SEARCH_PATH_SUBDIRECTORIES = *.nib *.lproj *.framework *.gch *.xcode* *.xcassets (*) .DS_Store CVS .svn .git .hg *.pbproj *.pbxproj
               EXECUTABLES_FOLDER_PATH = FBLPromises.framework/en.lproj
               EXECUTABLE_FOLDER_PATH = FBLPromises.framework
               EXECUTABLE_FOLDER_PATH_SHALLOW_BUNDLE_NO = FBLPromises.framework
               EXECUTABLE_FOLDER_PATH_SHALLOW_BUNDLE_YES = FBLPromises.framework
               EXECUTABLE_NAME = FBLPromises
               EXECUTABLE_PATH = FBLPromises.framework/FBLPromises
               EXTENSIONS_FOLDER_PATH = FBLPromises.framework/Extensions
               FILE_LIST = /Users/otislewis/arena/build/ios/Pods.build/Release-iphonesimulator/PromisesObjC.build/Objects/LinkFileList
               FIXED_FILES_DIR = /Users/otislewis/arena/build/ios/Pods.build/Release-iphonesimulator/PromisesObjC.build/FixedFiles
               FRAMEWORKS_FOLDER_PATH = FBLPromises.framework/Frameworks
               FRAMEWORK_FLAG_PREFIX = -framework
               FRAMEWORK_SEARCH_PATHS = /Users/otislewis/arena/build/ios/Release-iphonesimulator/PromisesObjC 
               FRAMEWORK_VERSION = A
               FULL_PRODUCT_NAME = FBLPromises.framework
               FUSE_BUILD_PHASES = YES
               FUSE_BUILD_SCRIPT_PHASES = NO
               GCC3_VERSION = 3.3
               GCC_C_LANGUAGE_STANDARD = gnu11
               GCC_INLINES_ARE_PRIVATE_EXTERN = YES
               GCC_NO_COMMON_BLOCKS = YES
               GCC_OBJC_LEGACY_DISPATCH = YES
               GCC_PFE_FILE_C_DIALECTS = c objective-c c++ objective-c++
               GCC_PREPROCESSOR_DEFINITIONS = POD_CONFIGURATION_RELEASE=1  COCOAPODS=1
               GCC_TREAT_WARNINGS_AS_ERRORS = NO
               GCC_VERSION = com.apple.compilers.llvm.clang.1_0
               GCC_VERSION_IDENTIFIER = com_apple_compilers_llvm_clang_1_0
               GCC_WARN_64_TO_32_BIT_CONVERSION = YES
               GCC_WARN_ABOUT_RETURN_TYPE = YES_ERROR
               GCC_WARN_UNDECLARED_SELECTOR = YES
               GCC_WARN_UNINITIALIZED_AUTOS = YES_AGGRESSIVE
               GCC_WARN_UNUSED_FUNCTION = YES
               GCC_WARN_UNUSED_VARIABLE = YES
               GENERATED_MODULEMAP_DIR = /Users/otislewis/arena/build/ios/GeneratedModuleMaps-iphonesimulator
               GENERATE_INFOPLIST_FILE = NO
               GENERATE_INTERMEDIATE_TEXT_BASED_STUBS = YES
               GENERATE_MASTER_OBJECT_FILE = NO
               GENERATE_PKGINFO_FILE = NO
               GENERATE_PROFILING_CODE = NO
               GENERATE_TEXT_BASED_STUBS = NO
               GID = 20
               GROUP = staff
               HEADERMAP_INCLUDES_FLAT_ENTRIES_FOR_TARGET_BEING_BUILT = YES
               HEADERMAP_INCLUDES_FRAMEWORK_ENTRIES_FOR_ALL_PRODUCT_TYPES = YES
               HEADERMAP_INCLUDES_FRAMEWORK_ENTRIES_FOR_TARGETS_NOT_BEING_BUILT = YES
               HEADERMAP_INCLUDES_NONPUBLIC_NONPRIVATE_HEADERS = YES
               HEADERMAP_INCLUDES_PROJECT_HEADERS = YES
               HEADERMAP_USES_FRAMEWORK_PREFIX_ENTRIES = YES
               HEADERMAP_USES_VFS = YES
               HEADER_SEARCH_PATHS = /Users/otislewis/arena/build/ios/Release-iphonesimulator/PromisesObjC/include 
               HIDE_BITCODE_SYMBOLS = YES
               HOME = /Users/otislewis
               HOST_ARCH = arm64
               HOST_PLATFORM = macosx
               ICONV = /usr/bin/iconv
               IMPLICIT_DEPENDENCY_DOMAIN = default
               INFOPLIST_ENABLE_CFBUNDLEICONS_MERGE = YES
               INFOPLIST_EXPAND_BUILD_SETTINGS = YES
               INFOPLIST_FILE = Target Support Files/PromisesObjC/PromisesObjC-Info.plist
               INFOPLIST_OUTPUT_FORMAT = binary
               INFOPLIST_PATH = FBLPromises.framework/Info.plist
               INFOPLIST_PREPROCESS = NO
               INFOSTRINGS_PATH = FBLPromises.framework/en.lproj/InfoPlist.strings
               INLINE_PRIVATE_FRAMEWORKS = NO
               INSTALLAPI_IGNORE_SKIP_INSTALL = YES
               INSTALLHDRS_COPY_PHASE = NO
               INSTALLHDRS_SCRIPT_PHASE = NO
               INSTALL_DIR = /tmp/Pods.dst/Library/Frameworks
               INSTALL_GROUP = staff
               INSTALL_MODE_FLAG = u+w,go-w,a+rX
               INSTALL_OWNER = otislewis
               INSTALL_PATH = /Library/Frameworks
               INSTALL_ROOT = /tmp/Pods.dst
               IPHONEOS_DEPLOYMENT_TARGET = 13.0
               IS_UNOPTIMIZED_BUILD = NO
               JAVAC_DEFAULT_FLAGS = -J-Xms64m -J-XX:NewSize=4M -J-Dfile.encoding=UTF8
               JAVA_APP_STUB = /System/Library/Frameworks/JavaVM.framework/Resources/MacOS/JavaApplicationStub
               JAVA_ARCHIVE_CLASSES = YES
               JAVA_ARCHIVE_TYPE = JAR
               JAVA_COMPILER = /usr/bin/javac
               JAVA_FOLDER_PATH = FBLPromises.framework/Java
               JAVA_FRAMEWORK_RESOURCES_DIRS = Resources
               JAVA_JAR_FLAGS = cv
               JAVA_SOURCE_SUBDIR = .
               JAVA_USE_DEPENDENCIES = YES
               JAVA_ZIP_FLAGS = -urg
               JIKES_DEFAULT_FLAGS = +E +OLDCSO
               KEEP_PRIVATE_EXTERNS = NO
               LD_DEPENDENCY_INFO_FILE = /Users/otislewis/arena/build/ios/Pods.build/Release-iphonesimulator/PromisesObjC.build/Objects-normal/undefined_arch/FBLPromises_dependency_info.dat
               LD_DYLIB_INSTALL_NAME = @rpath/FBLPromises.framework/FBLPromises
               LD_EXPORT_SYMBOLS = YES
               LD_GENERATE_MAP_FILE = NO
               LD_MAP_FILE_PATH = /Users/otislewis/arena/build/ios/Pods.build/Release-iphonesimulator/PromisesObjC.build/FBLPromises-LinkMap-normal-undefined_arch.txt
               LD_NO_PIE = NO
               LD_QUOTE_LINKER_ARGUMENTS_FOR_COMPILER_DRIVER = YES
               LD_RUNPATH_SEARCH_PATHS =  @executable_path/Frameworks @loader_path/Frameworks
               LD_SHARED_CACHE_ELIGIBLE = Automatic
               LD_WARN_DUPLICATE_LIBRARIES = NO
               LD_WARN_UNUSED_DYLIBS = NO
               LEGACY_DEVELOPER_DIR = /Applications/Xcode.app/Contents/PlugIns/Xcode3Core.ideplugin/Contents/SharedSupport/Developer
               LEX = lex
               LIBRARY_DEXT_INSTALL_PATH = /Library/DriverExtensions
               LIBRARY_FLAG_NOSPACE = YES
               LIBRARY_FLAG_PREFIX = -l
               LIBRARY_KEXT_INSTALL_PATH = /Library/Extensions
               LIBRARY_SEARCH_PATHS = /Users/otislewis/arena/build/ios/Release-iphonesimulator/PromisesObjC 
               LINKER_DISPLAYS_MANGLED_NAMES = NO
               LINK_OBJC_RUNTIME = YES
               LINK_WITH_STANDARD_LIBRARIES = YES
               LLVM_TARGET_TRIPLE_OS_VERSION = ios13.0
               LLVM_TARGET_TRIPLE_SUFFIX = -simulator
               LLVM_TARGET_TRIPLE_VENDOR = apple
               LOCALIZATION_EXPORT_SUPPORTED = YES
               LOCALIZATION_PREFERS_STRING_CATALOGS = NO
               LOCALIZED_RESOURCES_FOLDER_PATH = FBLPromises.framework/en.lproj
               LOCALIZED_STRING_MACRO_NAMES = NSLocalizedString CFCopyLocalizedString
               LOCALIZED_STRING_SWIFTUI_SUPPORT = YES
               LOCAL_ADMIN_APPS_DIR = /Applications/Utilities
               LOCAL_APPS_DIR = /Applications
               LOCAL_DEVELOPER_DIR = /Library/Developer
               LOCAL_LIBRARY_DIR = /Library
               LOCROOT = /Users/otislewis/arena/ios/Pods
               LOCSYMROOT = /Users/otislewis/arena/ios/Pods
               MACH_O_TYPE = mh_dylib
               MAC_OS_X_PRODUCT_BUILD_VERSION = 24F74
               MAC_OS_X_VERSION_ACTUAL = 150500
               MAC_OS_X_VERSION_MAJOR = 150000
               MAC_OS_X_VERSION_MINOR = 150500
               MAKE_MERGEABLE = NO
               MERGEABLE_LIBRARY = NO
               MERGED_BINARY_TYPE = none
               MERGE_LINKED_LIBRARIES = NO
               METAL_LIBRARY_FILE_BASE = default
               METAL_LIBRARY_OUTPUT_DIR = /Users/otislewis/arena/build/ios/Release-iphonesimulator/PromisesObjC/FBLPromises.framework
               MODULEMAP_FILE = Target Support Files/PromisesObjC/PromisesObjC.modulemap
               MODULES_FOLDER_PATH = FBLPromises.framework/Modules
               MTL_ENABLE_DEBUG_INFO = NO
               MTL_FAST_MATH = YES
               NATIVE_ARCH = arm64
               NATIVE_ARCH_32_BIT = arm
               NATIVE_ARCH_64_BIT = arm64
               NATIVE_ARCH_ACTUAL = arm64
               NO_COMMON = YES
               OBJC_ABI_VERSION = 2
               OBJECT_FILE_DIR = /Users/otislewis/arena/build/ios/Pods.build/Release-iphonesimulator/PromisesObjC.build/Objects
               OBJECT_FILE_DIR_normal = /Users/otislewis/arena/build/ios/Pods.build/Release-iphonesimulator/PromisesObjC.build/Objects-normal
               OBJROOT = /Users/otislewis/arena/build/ios
               ONLY_ACTIVE_ARCH = NO
               OS = MACOS
               OSAC = /usr/bin/osacompile
               PACKAGE_TYPE = com.apple.package-type.wrapper.framework
               PASCAL_STRINGS = YES
               PATH = /Applications/Xcode.app/Contents/SharedFrameworks/SwiftBuild.framework/Versions/A/PlugIns/SWBBuildService.bundle/Contents/PlugIns/SWBUniversalPlatformPlugin.bundle/Contents/Frameworks/SWBUniversalPlatform.framework/Resources:/Applications/Xcode.app/Contents/Developer/Toolchains/XcodeDefault.xctoolchain/usr/bin:/Applications/Xcode.app/Contents/Developer/Toolchains/XcodeDefault.xctoolchain/usr/local/bin:/Applications/Xcode.app/Contents/Developer/Toolchains/XcodeDefault.xctoolchain/usr/libexec:/Applications/Xcode.app/Contents/Developer/Platforms/iPhoneSimulator.platform/usr/bin:/Applications/Xcode.app/Contents/Developer/Platforms/iPhoneSimulator.platform/usr/local/bin:/Applications/Xcode.app/Contents/Developer/Platforms/iPhoneSimulator.platform/Developer/usr/bin:/Applications/Xcode.app/Contents/Developer/Platforms/iPhoneSimulator.platform/Developer/usr/local/bin:/Applications/Xcode.app/Contents/Developer/usr/bin:/Applications/Xcode.app/Contents/Developer/usr/local/bin:/Users/otislewis/.gem/ruby/3.3.0/bin:/opt/homebrew/bin:/opt/homebrew/sbin:/usr/local/bin:/System/Cryptexes/App/usr/bin:/usr/bin:/bin:/usr/sbin:/sbin:/var/run/com.apple.security.cryptexd/codex.system/bootstrap/usr/local/bin:/var/run/com.apple.security.cryptexd/codex.system/bootstrap/usr/bin:/var/run/com.apple.security.cryptexd/codex.system/bootstrap/usr/appleinternal/bin:/Library/Apple/usr/bin:/opt/homebrew/Caskroom/flutter/3.32.0/flutter/bin:/Users/otislewis/Library/Android/sdk/emulator:/Users/otislewis/Library/Android/sdk/tools:/Users/otislewis/Library/Android/sdk/tools/bin:/Users/otislewis/Library/Android/sdk/platform-tools:/opt/homebrew/Caskroom/flutter/3.32.0/flutter/bin/cache/dart-sdk/bin
               PATH_PREFIXES_EXCLUDED_FROM_HEADER_DEPENDENCIES = /usr/include /usr/local/include /System/Library/Frameworks /System/Library/PrivateFrameworks /Applications/Xcode.app/Contents/Developer/Headers /Applications/Xcode.app/Contents/Developer/SDKs /Applications/Xcode.app/Contents/Developer/Platforms
               PBDEVELOPMENTPLIST_PATH = FBLPromises.framework/pbdevelopment.plist
               PER_ARCH_MODULE_FILE_DIR = /Users/otislewis/arena/build/ios/Pods.build/Release-iphonesimulator/PromisesObjC.build/Objects-normal/undefined_arch
               PER_ARCH_OBJECT_FILE_DIR = /Users/otislewis/arena/build/ios/Pods.build/Release-iphonesimulator/PromisesObjC.build/Objects-normal/undefined_arch
               PER_VARIANT_OBJECT_FILE_DIR = /Users/otislewis/arena/build/ios/Pods.build/Release-iphonesimulator/PromisesObjC.build/Objects-normal
               PKGINFO_FILE_PATH = /Users/otislewis/arena/build/ios/Pods.build/Release-iphonesimulator/PromisesObjC.build/PkgInfo
               PKGINFO_PATH = FBLPromises.framework/PkgInfo
               PLATFORM_DEVELOPER_APPLICATIONS_DIR = /Applications/Xcode.app/Contents/Developer/Platforms/iPhoneSimulator.platform/Developer/Applications
               PLATFORM_DEVELOPER_BIN_DIR = /Applications/Xcode.app/Contents/Developer/Platforms/iPhoneSimulator.platform/Developer/usr/bin
               PLATFORM_DEVELOPER_LIBRARY_DIR = /Applications/Xcode.app/Contents/Developer/Platforms/iPhoneSimulator.platform/Developer/Library
               PLATFORM_DEVELOPER_SDK_DIR = /Applications/Xcode.app/Contents/Developer/Platforms/iPhoneSimulator.platform/Developer/SDKs
               PLATFORM_DEVELOPER_TOOLS_DIR = /Applications/Xcode.app/Contents/Developer/Platforms/iPhoneSimulator.platform/Developer/Tools
               PLATFORM_DEVELOPER_USR_DIR = /Applications/Xcode.app/Contents/Developer/Platforms/iPhoneSimulator.platform/Developer/usr
               PLATFORM_DIR = /Applications/Xcode.app/Contents/Developer/Platforms/iPhoneSimulator.platform
               PLATFORM_DISPLAY_NAME = iOS Simulator
               PLATFORM_FAMILY_NAME = iOS
               PLATFORM_NAME = iphonesimulator
               PLATFORM_PREFERRED_ARCH = x86_64
               PLATFORM_PRODUCT_BUILD_VERSION = 22E235
               PLATFORM_REQUIRES_SWIFT_AUTOLINK_EXTRACT = NO
               PLATFORM_REQUIRES_SWIFT_MODULEWRAP = NO
               PLIST_FILE_OUTPUT_FORMAT = binary
               PLUGINS_FOLDER_PATH = FBLPromises.framework/PlugIns
               PODS_BUILD_DIR = /Users/otislewis/arena/build/ios
               PODS_CONFIGURATION_BUILD_DIR = /Users/otislewis/arena/build/ios/Release-iphonesimulator
               PODS_DEVELOPMENT_LANGUAGE = en
               PODS_ROOT = /Users/otislewis/arena/ios/Pods
               PODS_TARGET_SRCROOT = /Users/otislewis/arena/ios/Pods/PromisesObjC
               PODS_XCFRAMEWORKS_BUILD_DIR = /Users/otislewis/arena/build/ios/Release-iphonesimulator/XCFrameworkIntermediates
               PRECOMPS_INCLUDE_HEADERS_FROM_BUILT_PRODUCTS_DIR = YES
               PRECOMP_DESTINATION_DIR = /Users/otislewis/arena/build/ios/Pods.build/Release-iphonesimulator/PromisesObjC.build/PrefixHeaders
               PRIVATE_HEADERS_FOLDER_PATH = FBLPromises.framework/PrivateHeaders
               PROCESSED_INFOPLIST_PATH = /Users/otislewis/arena/build/ios/Pods.build/Release-iphonesimulator/PromisesObjC.build/Objects-normal/undefined_arch/Processed-Info.plist
               PRODUCT_BUNDLE_IDENTIFIER = org.cocoapods.FBLPromises
               PRODUCT_BUNDLE_PACKAGE_TYPE = FMWK
               PRODUCT_MODULE_NAME = FBLPromises
               PRODUCT_NAME = FBLPromises
               PRODUCT_SETTINGS_PATH = /Users/otislewis/arena/ios/Pods/Target Support Files/PromisesObjC/PromisesObjC-Info.plist
               PRODUCT_TYPE = com.apple.product-type.framework
               PROFILING_CODE = NO
               PROJECT = Pods
               PROJECT_DERIVED_FILE_DIR = /Users/otislewis/arena/build/ios/Pods.build/DerivedSources
               PROJECT_DIR = /Users/otislewis/arena/ios/Pods
               PROJECT_FILE_PATH = /Users/otislewis/arena/ios/Pods/Pods.xcodeproj
               PROJECT_GUID = bfdfe7dc352907fc980b868725387e98
               PROJECT_NAME = Pods
               PROJECT_TEMP_DIR = /Users/otislewis/arena/build/ios/Pods.build
               PROJECT_TEMP_ROOT = /Users/otislewis/arena/build/ios
               PUBLIC_HEADERS_FOLDER_PATH = FBLPromises.framework/Headers
               RECOMMENDED_IPHONEOS_DEPLOYMENT_TARGET = 15.0
               RECURSIVE_SEARCH_PATHS_FOLLOW_SYMLINKS = YES
               REMOVE_CVS_FROM_RESOURCES = YES
               REMOVE_GIT_FROM_RESOURCES = YES
               REMOVE_HEADERS_FROM_EMBEDDED_BUNDLES = YES
               REMOVE_HG_FROM_RESOURCES = YES
               REMOVE_STATIC_EXECUTABLES_FROM_EMBEDDED_BUNDLES = YES
               REMOVE_SVN_FROM_RESOURCES = YES
               RESCHEDULE_INDEPENDENT_HEADERS_PHASES = YES
               REZ_COLLECTOR_DIR = /Users/otislewis/arena/build/ios/Pods.build/Release-iphonesimulator/PromisesObjC.build/ResourceManagerResources
               REZ_OBJECTS_DIR = /Users/otislewis/arena/build/ios/Pods.build/Release-iphonesimulator/PromisesObjC.build/ResourceManagerResources/Objects
               REZ_SEARCH_PATHS = /Users/otislewis/arena/build/ios/Release-iphonesimulator/PromisesObjC 
               SCAN_ALL_SOURCE_FILES_FOR_INCLUDES = NO
               SCRIPTS_FOLDER_PATH = FBLPromises.framework/Scripts
               SDKROOT = /Applications/Xcode.app/Contents/Developer/Platforms/iPhoneSimulator.platform/Developer/SDKs/iPhoneSimulator18.4.sdk
               SDK_DIR = /Applications/Xcode.app/Contents/Developer/Platforms/iPhoneSimulator.platform/Developer/SDKs/iPhoneSimulator18.4.sdk
               SDK_DIR_iphonesimulator = /Applications/Xcode.app/Contents/Developer/Platforms/iPhoneSimulator.platform/Developer/SDKs/iPhoneSimulator18.4.sdk
               SDK_DIR_iphonesimulator18_4 = /Applications/Xcode.app/Contents/Developer/Platforms/iPhoneSimulator.platform/Developer/SDKs/iPhoneSimulator18.4.sdk
               SDK_NAME = iphonesimulator18.4
               SDK_NAMES = iphonesimulator18.4
               SDK_PRODUCT_BUILD_VERSION = 22E235
               SDK_STAT_CACHE_DIR = /var/folders/4y/xy3fflts0nqfk1tsxg0t3mmr0000gn/C/com.apple.DeveloperTools/16.3-16E140/Xcode
               SDK_STAT_CACHE_ENABLE = YES
               SDK_STAT_CACHE_PATH = /var/folders/4y/xy3fflts0nqfk1tsxg0t3mmr0000gn/C/com.apple.DeveloperTools/16.3-16E140/Xcode/SDKStatCaches.noindex/iphonesimulator18.4-22E235-71825a6d136aa4733edcbe86ece5525b.sdkstatcache
               SDK_VERSION = 18.4
               SDK_VERSION_ACTUAL = 180400
               SDK_VERSION_MAJOR = 180000
               SDK_VERSION_MINOR = 180400
               SED = /usr/bin/sed
               SEPARATE_STRIP = NO
               SEPARATE_SYMBOL_EDIT = NO
               SET_DIR_MODE_OWNER_GROUP = YES
               SET_FILE_MODE_OWNER_GROUP = NO
               SHALLOW_BUNDLE = YES
               SHALLOW_BUNDLE_TRIPLE = ios-simulator
               SHALLOW_BUNDLE_ios_macabi = NO
               SHALLOW_BUNDLE_macos = NO
               SHARED_DERIVED_FILE_DIR = /Users/otislewis/arena/build/ios/Release-iphonesimulator/PromisesObjC/DerivedSources
               SHARED_FRAMEWORKS_FOLDER_PATH = FBLPromises.framework/SharedFrameworks
               SHARED_PRECOMPS_DIR = /Users/otislewis/arena/build/ios/SharedPrecompiledHeaders
               SHARED_SUPPORT_FOLDER_PATH = FBLPromises.framework
               SKIP_INSTALL = YES
               SOURCE_ROOT = /Users/otislewis/arena/ios/Pods
               SRCROOT = /Users/otislewis/arena/ios/Pods
               STRINGSDATA_DIR = /Users/otislewis/arena/build/ios/Pods.build/Release-iphonesimulator/PromisesObjC.build/Objects-normal/undefined_arch
               STRINGSDATA_ROOT = /Users/otislewis/arena/build/ios/Pods.build/Release-iphonesimulator/PromisesObjC.build
               STRINGS_FILE_INFOPLIST_RENAME = YES
               STRINGS_FILE_OUTPUT_ENCODING = binary
               STRIP_BITCODE_FROM_COPIED_FILES = NO
               STRIP_INSTALLED_PRODUCT = NO
               STRIP_STYLE = debugging
               STRIP_SWIFT_SYMBOLS = YES
               SUPPORTED_DEVICE_FAMILIES = 1,2
               SUPPORTED_PLATFORMS = iphoneos iphonesimulator
               SUPPORTS_TEXT_BASED_API = NO
               SUPPRESS_WARNINGS = NO
               SWIFT_ACTIVE_COMPILATION_CONDITIONS =  
               SWIFT_COMPILATION_MODE = wholemodule
               SWIFT_EMIT_LOC_STRINGS = NO
               SWIFT_INSTALL_MODULE_FOR_DEPLOYMENT = YES
               SWIFT_INSTALL_OBJC_HEADER = YES
               SWIFT_OPTIMIZATION_LEVEL = -O
               SWIFT_PLATFORM_TARGET_PREFIX = ios
               SWIFT_VERSION = 5.0
               SYMROOT = /Users/otislewis/arena/ios/build
               SYSTEM_ADMIN_APPS_DIR = /Applications/Utilities
               SYSTEM_APPS_DIR = /Applications
               SYSTEM_CORE_SERVICES_DIR = /System/Library/CoreServices
               SYSTEM_DEMOS_DIR = /Applications/Extras
               SYSTEM_DEVELOPER_APPS_DIR = /Applications/Xcode.app/Contents/Developer/Applications
               SYSTEM_DEVELOPER_BIN_DIR = /Applications/Xcode.app/Contents/Developer/usr/bin
               SYSTEM_DEVELOPER_DEMOS_DIR = /Applications/Xcode.app/Contents/Developer/Applications/Utilities/Built Examples
               SYSTEM_DEVELOPER_DIR = /Applications/Xcode.app/Contents/Developer
               SYSTEM_DEVELOPER_DOC_DIR = /Applications/Xcode.app/Contents/Developer/ADC Reference Library
               SYSTEM_DEVELOPER_GRAPHICS_TOOLS_DIR = /Applications/Xcode.app/Contents/Developer/Applications/Graphics Tools
               SYSTEM_DEVELOPER_JAVA_TOOLS_DIR = /Applications/Xcode.app/Contents/Developer/Applications/Java Tools
               SYSTEM_DEVELOPER_PERFORMANCE_TOOLS_DIR = /Applications/Xcode.app/Contents/Developer/Applications/Performance Tools
               SYSTEM_DEVELOPER_RELEASENOTES_DIR = /Applications/Xcode.app/Contents/Developer/ADC Reference Library/releasenotes
               SYSTEM_DEVELOPER_TOOLS = /Applications/Xcode.app/Contents/Developer/Tools
               SYSTEM_DEVELOPER_TOOLS_DOC_DIR = /Applications/Xcode.app/Contents/Developer/ADC Reference Library/documentation/DeveloperTools
               SYSTEM_DEVELOPER_TOOLS_RELEASENOTES_DIR = /Applications/Xcode.app/Contents/Developer/ADC Reference Library/releasenotes/DeveloperTools
               SYSTEM_DEVELOPER_USR_DIR = /Applications/Xcode.app/Contents/Developer/usr
               SYSTEM_DEVELOPER_UTILITIES_DIR = /Applications/Xcode.app/Contents/Developer/Applications/Utilities
               SYSTEM_DEXT_INSTALL_PATH = /System/Library/DriverExtensions
               SYSTEM_DOCUMENTATION_DIR = /Library/Documentation
               SYSTEM_EXTENSIONS_FOLDER_PATH = FBLPromises.framework/SystemExtensions
               SYSTEM_EXTENSIONS_FOLDER_PATH_SHALLOW_BUNDLE_NO = FBLPromises.framework/Library/SystemExtensions
               SYSTEM_EXTENSIONS_FOLDER_PATH_SHALLOW_BUNDLE_YES = FBLPromises.framework/SystemExtensions
               SYSTEM_KEXT_INSTALL_PATH = /System/Library/Extensions
               SYSTEM_LIBRARY_DIR = /System/Library
               TAPI_DEMANGLE = YES
               TAPI_ENABLE_PROJECT_HEADERS = NO
               TAPI_LANGUAGE = objective-c
               TAPI_LANGUAGE_STANDARD = compiler-default
               TAPI_USE_SRCROOT = YES
               TAPI_VERIFY_MODE = Pedantic
               TARGETED_DEVICE_FAMILY = 1,2
               TARGETNAME = PromisesObjC
               TARGET_BUILD_DIR = /Users/otislewis/arena/build/ios/Release-iphonesimulator/PromisesObjC
               TARGET_NAME = PromisesObjC
               TARGET_TEMP_DIR = /Users/otislewis/arena/build/ios/Pods.build/Release-iphonesimulator/PromisesObjC.build
               TEMP_DIR = /Users/otislewis/arena/build/ios/Pods.build/Release-iphonesimulator/PromisesObjC.build
               TEMP_FILES_DIR = /Users/otislewis/arena/build/ios/Pods.build/Release-iphonesimulator/PromisesObjC.build
               TEMP_FILE_DIR = /Users/otislewis/arena/build/ios/Pods.build/Release-iphonesimulator/PromisesObjC.build
               TEMP_ROOT = /Users/otislewis/arena/build/ios
               TEMP_SANDBOX_DIR = /Users/otislewis/arena/build/ios/TemporaryTaskSandboxes
               TEST_FRAMEWORK_SEARCH_PATHS =  /Applications/Xcode.app/Contents/Developer/Platforms/iPhoneSimulator.platform/Developer/Library/Frameworks /Applications/Xcode.app/Contents/Developer/Platforms/iPhoneSimulator.platform/Developer/SDKs/iPhoneSimulator18.4.sdk/Developer/Library/Frameworks
               TEST_LIBRARY_SEARCH_PATHS =  /Applications/Xcode.app/Contents/Developer/Platforms/iPhoneSimulator.platform/Developer/usr/lib
               TOOLCHAINS = com.apple.dt.toolchain.XcodeDefault
               TOOLCHAIN_DIR = /Applications/Xcode.app/Contents/Developer/Toolchains/XcodeDefault.xctoolchain
               TREAT_MISSING_BASELINES_AS_TEST_FAILURES = NO
               TREAT_MISSING_SCRIPT_PHASE_OUTPUTS_AS_ERRORS = NO
               UID = 501
               UNINSTALLED_PRODUCTS_DIR = /Users/otislewis/arena/build/ios/UninstalledProducts
               UNLOCALIZED_RESOURCES_FOLDER_PATH = FBLPromises.framework
               UNLOCALIZED_RESOURCES_FOLDER_PATH_SHALLOW_BUNDLE_NO = FBLPromises.framework/Resources
               UNLOCALIZED_RESOURCES_FOLDER_PATH_SHALLOW_BUNDLE_YES = FBLPromises.framework
               UNSTRIPPED_PRODUCT = NO
               USER = otislewis
               USER_APPS_DIR = /Users/otislewis/Applications
               USER_LIBRARY_DIR = /Users/otislewis/Library
               USE_DYNAMIC_NO_PIC = YES
               USE_HEADERMAP = YES
               USE_HEADER_SYMLINKS = NO
               USE_RECURSIVE_SCRIPT_INPUTS_IN_SCRIPT_PHASES = YES
               VALIDATE_DEVELOPMENT_ASSET_PATHS = YES_ERROR
               VALIDATE_PRODUCT = YES
               VALID_ARCHS = arm64
               VERBOSE_PBXCP = NO
               VERSIONING_SYSTEM = apple-generic
               VERSIONPLIST_PATH = FBLPromises.framework/version.plist
               VERSIONS_FOLDER_PATH = FBLPromises.framework
               VERSIONS_FOLDER_PATH_SHALLOW_BUNDLE_NO = FBLPromises.framework/Versions
               VERSIONS_FOLDER_PATH_SHALLOW_BUNDLE_YES = FBLPromises.framework
               VERSION_INFO_BUILDER = otislewis
               VERSION_INFO_FILE = FBLPromises_vers.c
               VERSION_INFO_STRING = "@(#)PROGRAM:FBLPromises  PROJECT:Pods-1"
               WORKSPACE_DIR = /Users/otislewis/arena/ios/Pods/Pods.xcodeproj
               WRAPPER_EXTENSION = framework
               WRAPPER_NAME = FBLPromises.framework
               WRAPPER_SUFFIX = .framework
               WRAP_ASSET_PACKS_IN_SEPARATE_DIRECTORIES = NO
               XCODE_APP_SUPPORT_DIR = /Applications/Xcode.app/Contents/Developer/Library/Xcode
               XCODE_PRODUCT_BUILD_VERSION = 16E140
               XCODE_VERSION_ACTUAL = 1630
               XCODE_VERSION_MAJOR = 1600
               XCODE_VERSION_MINOR = 1630
               XPCSERVICES_FOLDER_PATH = FBLPromises.framework/XPCServices
               YACC = yacc
               _DISCOVER_COMMAND_LINE_LINKER_INPUTS = YES
               _DISCOVER_COMMAND_LINE_LINKER_INPUTS_INCLUDE_WL = YES
               _WRAPPER_CONTENTS_DIR_SHALLOW_BUNDLE_NO = /Contents
               _WRAPPER_PARENT_PATH_SHALLOW_BUNDLE_NO = /..
               _WRAPPER_RESOURCES_DIR_SHALLOW_BUNDLE_NO = /Resources
               __DIAGNOSE_DEPRECATED_ARCHS = YES
               arch = undefined_arch
               variant = normal

           Build settings for action build and target PromisesObjC-FBLPromises_Privacy:
               ACTION = build
               AD_HOC_CODE_SIGNING_ALLOWED = YES
               ALLOW_BUILD_REQUEST_OVERRIDES = NO
               ALLOW_TARGET_PLATFORM_SPECIALIZATION = NO
               ALTERNATE_GROUP = staff
               ALTERNATE_MODE = u+w,go-w,a+rX
               ALTERNATE_OWNER = otislewis
               ALTERNATIVE_DISTRIBUTION_WEB = NO
               ALWAYS_EMBED_SWIFT_STANDARD_LIBRARIES = NO
               ALWAYS_SEARCH_USER_PATHS = NO
               ALWAYS_USE_SEPARATE_HEADERMAPS = NO
               APPLICATION_EXTENSION_API_ONLY = NO
               APPLY_RULES_IN_COPY_FILES = NO
               APPLY_RULES_IN_COPY_HEADERS = NO
               APP_SHORTCUTS_ENABLE_FLEXIBLE_MATCHING = YES
               ARCHS_STANDARD = arm64 x86_64
               ARCHS_STANDARD_32_64_BIT = arm64 x86_64
               ARCHS_STANDARD_64_BIT = arm64 x86_64
               ARCHS_STANDARD_INCLUDING_64_BIT = arm64 x86_64
               ARCHS_UNIVERSAL_IPHONE_OS = arm64 x86_64
               AUTOMATICALLY_MERGE_DEPENDENCIES = NO
               AVAILABLE_PLATFORMS = android appletvos appletvsimulator driverkit iphoneos iphonesimulator macosx qnx watchos watchsimulator xros xrsimulator
               BITCODE_GENERATION_MODE = marker
               BUILD_ACTIVE_RESOURCES_ONLY = NO
               BUILD_COMPONENTS = headers build
               BUILD_DIR = /Users/otislewis/arena/build/ios
               BUILD_LIBRARY_FOR_DISTRIBUTION = NO
               BUILD_ROOT = /Users/otislewis/arena/ios/build
               BUILD_STYLE = 
               BUILD_VARIANTS = normal
               BUILT_PRODUCTS_DIR = /Users/otislewis/arena/build/ios/Release-iphonesimulator/PromisesObjC
               BUNDLE_CONTENTS_FOLDER_PATH_deep = Contents/
               BUNDLE_EXECUTABLE_FOLDER_NAME_deep = MacOS
               BUNDLE_EXTENSIONS_FOLDER_PATH = Extensions
               BUNDLE_FORMAT = shallow
               BUNDLE_FRAMEWORKS_FOLDER_PATH = Frameworks
               BUNDLE_PLUGINS_FOLDER_PATH = PlugIns
               BUNDLE_PRIVATE_HEADERS_FOLDER_PATH = PrivateHeaders
               BUNDLE_PUBLIC_HEADERS_FOLDER_PATH = Headers
               CACHE_ROOT = /var/folders/4y/xy3fflts0nqfk1tsxg0t3mmr0000gn/C/com.apple.DeveloperTools/16.3-16E140/Xcode
               CCHROOT = /var/folders/4y/xy3fflts0nqfk1tsxg0t3mmr0000gn/C/com.apple.DeveloperTools/16.3-16E140/Xcode
               CHMOD = /bin/chmod
               CHOWN = /usr/sbin/chown
               CLANG_ANALYZER_LOCALIZABILITY_NONLOCALIZED = YES
               CLANG_ANALYZER_NONNULL = YES
               CLANG_ANALYZER_NUMBER_OBJECT_CONVERSION = YES_AGGRESSIVE
               CLANG_CACHE_FINE_GRAINED_OUTPUTS = YES
               CLANG_CXX_LANGUAGE_STANDARD = gnu++14
               CLANG_CXX_LIBRARY = libc++
               CLANG_ENABLE_EXPLICIT_MODULES = YES
               CLANG_ENABLE_MODULES = YES
               CLANG_ENABLE_OBJC_ARC = YES
               CLANG_ENABLE_OBJC_WEAK = YES
               CLANG_MODULES_BUILD_SESSION_FILE = /var/folders/4y/xy3fflts0nqfk1tsxg0t3mmr0000gn/C/org.llvm.clang/ModuleCache.noindex/Session.modulevalidation
               CLANG_WARN_BLOCK_CAPTURE_AUTORELEASING = YES
               CLANG_WARN_BOOL_CONVERSION = YES
               CLANG_WARN_COMMA = YES
               CLANG_WARN_CONSTANT_CONVERSION = YES
               CLANG_WARN_DEPRECATED_OBJC_IMPLEMENTATIONS = YES
               CLANG_WARN_DIRECT_OBJC_ISA_USAGE = YES_ERROR
               CLANG_WARN_DOCUMENTATION_COMMENTS = YES
               CLANG_WARN_EMPTY_BODY = YES
               CLANG_WARN_ENUM_CONVERSION = YES
               CLANG_WARN_INFINITE_RECURSION = YES
               CLANG_WARN_INT_CONVERSION = YES
               CLANG_WARN_NON_LITERAL_NULL_CONVERSION = YES
               CLANG_WARN_OBJC_IMPLICIT_RETAIN_SELF = YES
               CLANG_WARN_OBJC_LITERAL_CONVERSION = YES
               CLANG_WARN_OBJC_ROOT_CLASS = YES_ERROR
               CLANG_WARN_QUOTED_INCLUDE_IN_FRAMEWORK_HEADER = NO
               CLANG_WARN_RANGE_LOOP_ANALYSIS = YES
               CLANG_WARN_STRICT_PROTOTYPES = YES
               CLANG_WARN_SUSPICIOUS_MOVE = YES
               CLANG_WARN_UNGUARDED_AVAILABILITY = YES_AGGRESSIVE
               CLANG_WARN_UNREACHABLE_CODE = YES
               CLANG_WARN__DUPLICATE_METHOD_MATCH = YES
               CLASS_FILE_DIR = /Users/otislewis/arena/build/ios/Pods.build/Release-iphonesimulator/PromisesObjC-FBLPromises_Privacy.build/JavaClasses
               CLEAN_PRECOMPS = YES
               CLONE_HEADERS = NO
               CODESIGNING_FOLDER_PATH = /Users/otislewis/arena/build/ios/Release-iphonesimulator/PromisesObjC/FBLPromises_Privacy.bundle
               CODE_SIGNING_ALLOWED = NO
               CODE_SIGNING_IDENTITY = -
               CODE_SIGNING_REQUIRED = NO
               CODE_SIGN_CONTEXT_CLASS = XCiPhoneSimulatorCodeSignContext
               CODE_SIGN_IDENTITY = -
               CODE_SIGN_INJECT_BASE_ENTITLEMENTS = YES
               COLOR_DIAGNOSTICS = NO
               COMBINE_HIDPI_IMAGES = NO
               COMPILATION_CACHE_CAS_PATH = /var/folders/4y/xy3fflts0nqfk1tsxg0t3mmr0000gn/C/com.apple.DeveloperTools/16.3-16E140/Xcode/CompilationCache.noindex
               COMPILATION_CACHE_KEEP_CAS_DIRECTORY = YES
               COMPILER_INDEX_STORE_ENABLE = Default
               COMPOSITE_SDK_DIRS = /Users/otislewis/arena/build/ios/CompositeSDKs
               COMPRESS_PNG_FILES = YES
               CONFIGURATION = Release
               CONFIGURATION_BUILD_DIR = /Users/otislewis/arena/build/ios/Release-iphonesimulator/PromisesObjC
               CONFIGURATION_TEMP_DIR = /Users/otislewis/arena/build/ios/Pods.build/Release-iphonesimulator
               CONTENTS_FOLDER_PATH = FBLPromises_Privacy.bundle
               CONTENTS_FOLDER_PATH_SHALLOW_BUNDLE_NO = FBLPromises_Privacy.bundle/Contents
               CONTENTS_FOLDER_PATH_SHALLOW_BUNDLE_YES = FBLPromises_Privacy.bundle
               COPYING_PRESERVES_HFS_DATA = NO
               COPY_HEADERS_RUN_UNIFDEF = NO
               COPY_PHASE_STRIP = NO
               CORRESPONDING_DEVICE_PLATFORM_DIR = /Applications/Xcode.app/Contents/Developer/Platforms/iPhoneOS.platform
               CORRESPONDING_DEVICE_PLATFORM_NAME = iphoneos
               CORRESPONDING_DEVICE_SDK_DIR = /Applications/Xcode.app/Contents/Developer/Platforms/iPhoneOS.platform/Developer/SDKs/iPhoneOS18.4.sdk
               CORRESPONDING_DEVICE_SDK_NAME = iphoneos18.4
               CP = /bin/cp
               CREATE_INFOPLIST_SECTION_IN_BINARY = NO
               CURRENT_ARCH = undefined_arch
               CURRENT_VARIANT = normal
               DEAD_CODE_STRIPPING = YES
               DEBUGGING_SYMBOLS = YES
               DEBUG_INFORMATION_FORMAT = dwarf-with-dsym
               DEBUG_INFORMATION_VERSION = compiler-default
               DEFAULT_COMPILER = com.apple.compilers.llvm.clang.1_0
               DEFAULT_DEXT_INSTALL_PATH = /System/Library/DriverExtensions
               DEFAULT_KEXT_INSTALL_PATH = /System/Library/Extensions
               DEFINES_MODULE = YES
               DEPLOYMENT_LOCATION = NO
               DEPLOYMENT_POSTPROCESSING = NO
               DEPLOYMENT_TARGET_SETTING_NAME = IPHONEOS_DEPLOYMENT_TARGET
               DEPLOYMENT_TARGET_SUGGESTED_VALUES = 12.0 12.1 12.2 12.3 12.4 13.0 13.1 13.2 13.3 13.4 13.5 13.6 14.0 14.1 14.2 14.3 14.4 14.5 14.6 14.7 15.0 15.1 15.2 15.3 15.4 15.5 15.6 16.0 16.1 16.2 16.3 16.4 16.5 16.6 17.0 17.1 17.2 17.3 17.4 17.5 17.6 18.0 18.1 18.2 18.3 18.4
               DERIVED_FILES_DIR = /Users/otislewis/arena/build/ios/Pods.build/Release-iphonesimulator/PromisesObjC-FBLPromises_Privacy.build/DerivedSources
               DERIVED_FILE_DIR = /Users/otislewis/arena/build/ios/Pods.build/Release-iphonesimulator/PromisesObjC-FBLPromises_Privacy.build/DerivedSources
               DERIVED_SOURCES_DIR = /Users/otislewis/arena/build/ios/Pods.build/Release-iphonesimulator/PromisesObjC-FBLPromises_Privacy.build/DerivedSources
               DEVELOPER_APPLICATIONS_DIR = /Applications/Xcode.app/Contents/Developer/Applications
               DEVELOPER_BIN_DIR = /Applications/Xcode.app/Contents/Developer/usr/bin
               DEVELOPER_DIR = /Applications/Xcode.app/Contents/Developer
               DEVELOPER_FRAMEWORKS_DIR = /Applications/Xcode.app/Contents/Developer/Library/Frameworks
               DEVELOPER_FRAMEWORKS_DIR_QUOTED = /Applications/Xcode.app/Contents/Developer/Library/Frameworks
               DEVELOPER_LIBRARY_DIR = /Applications/Xcode.app/Contents/Developer/Library
               DEVELOPER_SDK_DIR = /Applications/Xcode.app/Contents/Developer/Platforms/MacOSX.platform/Developer/SDKs
               DEVELOPER_TOOLS_DIR = /Applications/Xcode.app/Contents/Developer/Tools
               DEVELOPER_USR_DIR = /Applications/Xcode.app/Contents/Developer/usr
               DEVELOPMENT_LANGUAGE = en
               DIAGNOSE_MISSING_TARGET_DEPENDENCIES = YES
               DIFF = /usr/bin/diff
               DOCUMENTATION_FOLDER_PATH = FBLPromises_Privacy.bundle/en.lproj/Documentation
               DONT_GENERATE_INFOPLIST_FILE = NO
               DSTROOT = /tmp/Pods.dst
               DT_TOOLCHAIN_DIR = /Applications/Xcode.app/Contents/Developer/Toolchains/XcodeDefault.xctoolchain
               DWARF_DSYM_FILE_NAME = FBLPromises_Privacy.bundle.dSYM
               DWARF_DSYM_FILE_SHOULD_ACCOMPANY_PRODUCT = NO
               DWARF_DSYM_FOLDER_PATH = /Users/otislewis/arena/build/ios/Release-iphonesimulator/PromisesObjC
               DYNAMIC_LIBRARY_EXTENSION = dylib
               EAGER_COMPILATION_ALLOW_SCRIPTS = NO
               EAGER_LINKING = NO
               EFFECTIVE_PLATFORM_NAME = -iphonesimulator
               EMBEDDED_CONTENT_CONTAINS_SWIFT = NO
               EMBED_ASSET_PACKS_IN_PRODUCT_BUNDLE = NO
               ENABLE_APP_SANDBOX = NO
               ENABLE_BITCODE = NO
               ENABLE_CODE_COVERAGE = YES
               ENABLE_DEFAULT_HEADER_SEARCH_PATHS = YES
               ENABLE_DEFAULT_SEARCH_PATHS = YES
               ENABLE_HARDENED_RUNTIME = NO
               ENABLE_HEADER_DEPENDENCIES = YES
               ENABLE_INCOMING_NETWORK_CONNECTIONS = NO
               ENABLE_NS_ASSERTIONS = NO
               ENABLE_ON_DEMAND_RESOURCES = NO
               ENABLE_OUTGOING_NETWORK_CONNECTIONS = NO
               ENABLE_RESOURCE_ACCESS_AUDIO_INPUT = NO
               ENABLE_RESOURCE_ACCESS_BLUETOOTH = NO
               ENABLE_RESOURCE_ACCESS_CALENDARS = NO
               ENABLE_RESOURCE_ACCESS_CAMERA = NO
               ENABLE_RESOURCE_ACCESS_CONTACTS = NO
               ENABLE_RESOURCE_ACCESS_LOCATION = NO
               ENABLE_RESOURCE_ACCESS_PRINTING = NO
               ENABLE_RESOURCE_ACCESS_USB = NO
               ENABLE_SDK_IMPORTS = NO
               ENABLE_STRICT_OBJC_MSGSEND = YES
               ENABLE_TESTABILITY = NO
               ENABLE_TESTING_SEARCH_PATHS = NO
               ENABLE_USER_SCRIPT_SANDBOXING = NO
               ENFORCE_VALID_ARCHS = YES
               ENTITLEMENTS_DESTINATION = __entitlements
               ENTITLEMENTS_REQUIRED = NO
               EXCLUDED_ARCHS = arm64
               EXCLUDED_INSTALLSRC_SUBDIRECTORY_PATTERNS = .DS_Store .svn .git .hg CVS
               EXCLUDED_RECURSIVE_SEARCH_PATH_SUBDIRECTORIES = *.nib *.lproj *.framework *.gch *.xcode* *.xcassets (*) .DS_Store CVS .svn .git .hg *.pbproj *.pbxproj
               EXECUTABLES_FOLDER_PATH = FBLPromises_Privacy.bundle/Executables
               EXECUTABLE_FOLDER_PATH = FBLPromises_Privacy.bundle
               EXECUTABLE_FOLDER_PATH_SHALLOW_BUNDLE_NO = FBLPromises_Privacy.bundle/MacOS
               EXECUTABLE_FOLDER_PATH_SHALLOW_BUNDLE_YES = FBLPromises_Privacy.bundle
               EXECUTABLE_NAME = FBLPromises_Privacy
               EXECUTABLE_PATH = FBLPromises_Privacy.bundle/FBLPromises_Privacy
               EXPANDED_CODE_SIGN_IDENTITY = -
               EXTENSIONS_FOLDER_PATH = FBLPromises_Privacy.bundle/Extensions
               FILE_LIST = /Users/otislewis/arena/build/ios/Pods.build/Release-iphonesimulator/PromisesObjC-FBLPromises_Privacy.build/Objects/LinkFileList
               FIXED_FILES_DIR = /Users/otislewis/arena/build/ios/Pods.build/Release-iphonesimulator/PromisesObjC-FBLPromises_Privacy.build/FixedFiles
               FRAMEWORKS_FOLDER_PATH = FBLPromises_Privacy.bundle/Frameworks
               FRAMEWORK_FLAG_PREFIX = -framework
               FRAMEWORK_SEARCH_PATHS = /Users/otislewis/arena/build/ios/Release-iphonesimulator/PromisesObjC 
               FRAMEWORK_VERSION = A
               FULL_PRODUCT_NAME = FBLPromises_Privacy.bundle
               FUSE_BUILD_PHASES = YES
               FUSE_BUILD_SCRIPT_PHASES = NO
               GCC3_VERSION = 3.3
               GCC_C_LANGUAGE_STANDARD = gnu11
               GCC_INLINES_ARE_PRIVATE_EXTERN = YES
               GCC_NO_COMMON_BLOCKS = YES
               GCC_OBJC_LEGACY_DISPATCH = YES
               GCC_PFE_FILE_C_DIALECTS = c objective-c c++ objective-c++
               GCC_PREPROCESSOR_DEFINITIONS = POD_CONFIGURATION_RELEASE=1  COCOAPODS=1
               GCC_TREAT_WARNINGS_AS_ERRORS = NO
               GCC_VERSION = com.apple.compilers.llvm.clang.1_0
               GCC_VERSION_IDENTIFIER = com_apple_compilers_llvm_clang_1_0
               GCC_WARN_64_TO_32_BIT_CONVERSION = YES
               GCC_WARN_ABOUT_RETURN_TYPE = YES_ERROR
               GCC_WARN_UNDECLARED_SELECTOR = YES
               GCC_WARN_UNINITIALIZED_AUTOS = YES_AGGRESSIVE
               GCC_WARN_UNUSED_FUNCTION = YES
               GCC_WARN_UNUSED_VARIABLE = YES
               GENERATED_MODULEMAP_DIR = /Users/otislewis/arena/build/ios/GeneratedModuleMaps-iphonesimulator
               GENERATE_INFOPLIST_FILE = NO
               GENERATE_INTERMEDIATE_TEXT_BASED_STUBS = YES
               GENERATE_MASTER_OBJECT_FILE = NO
               GENERATE_PKGINFO_FILE = NO
               GENERATE_PROFILING_CODE = NO
               GENERATE_TEXT_BASED_STUBS = NO
               GID = 20
               GROUP = staff
               HEADERMAP_INCLUDES_FLAT_ENTRIES_FOR_TARGET_BEING_BUILT = YES
               HEADERMAP_INCLUDES_FRAMEWORK_ENTRIES_FOR_ALL_PRODUCT_TYPES = YES
               HEADERMAP_INCLUDES_FRAMEWORK_ENTRIES_FOR_TARGETS_NOT_BEING_BUILT = YES
               HEADERMAP_INCLUDES_NONPUBLIC_NONPRIVATE_HEADERS = YES
               HEADERMAP_INCLUDES_PROJECT_HEADERS = YES
               HEADERMAP_USES_FRAMEWORK_PREFIX_ENTRIES = YES
               HEADERMAP_USES_VFS = YES
               HEADER_SEARCH_PATHS = /Users/otislewis/arena/build/ios/Release-iphonesimulator/PromisesObjC/include 
               HIDE_BITCODE_SYMBOLS = YES
               HOME = /Users/otislewis
               HOST_ARCH = arm64
               HOST_PLATFORM = macosx
               IBSC_MODULE = FBLPromises
               ICONV = /usr/bin/iconv
               IMPLICIT_DEPENDENCY_DOMAIN = default
               INFOPLIST_ENABLE_CFBUNDLEICONS_MERGE = YES
               INFOPLIST_EXPAND_BUILD_SETTINGS = YES
               INFOPLIST_FILE = Target Support Files/PromisesObjC/ResourceBundle-FBLPromises_Privacy-PromisesObjC-Info.plist
               INFOPLIST_OUTPUT_FORMAT = binary
               INFOPLIST_PATH = FBLPromises_Privacy.bundle/Info.plist
               INFOPLIST_PREPROCESS = NO
               INFOSTRINGS_PATH = FBLPromises_Privacy.bundle/en.lproj/InfoPlist.strings
               INLINE_PRIVATE_FRAMEWORKS = NO
               INSTALLAPI_IGNORE_SKIP_INSTALL = YES
               INSTALLHDRS_COPY_PHASE = NO
               INSTALLHDRS_SCRIPT_PHASE = NO
               INSTALL_DIR = /tmp/Pods.dst
               INSTALL_GROUP = staff
               INSTALL_MODE_FLAG = u+w,go-w,a+rX
               INSTALL_OWNER = otislewis
               INSTALL_ROOT = /tmp/Pods.dst
               IPHONEOS_DEPLOYMENT_TARGET = 13.0
               IS_UNOPTIMIZED_BUILD = NO
               JAVAC_DEFAULT_FLAGS = -J-Xms64m -J-XX:NewSize=4M -J-Dfile.encoding=UTF8
               JAVA_APP_STUB = /System/Library/Frameworks/JavaVM.framework/Resources/MacOS/JavaApplicationStub
               JAVA_ARCHIVE_CLASSES = YES
               JAVA_ARCHIVE_TYPE = JAR
               JAVA_COMPILER = /usr/bin/javac
               JAVA_FOLDER_PATH = FBLPromises_Privacy.bundle/Java
               JAVA_FRAMEWORK_RESOURCES_DIRS = Resources
               JAVA_JAR_FLAGS = cv
               JAVA_SOURCE_SUBDIR = .
               JAVA_USE_DEPENDENCIES = YES
               JAVA_ZIP_FLAGS = -urg
               JIKES_DEFAULT_FLAGS = +E +OLDCSO
               KEEP_PRIVATE_EXTERNS = NO
               LD_DEPENDENCY_INFO_FILE = /Users/otislewis/arena/build/ios/Pods.build/Release-iphonesimulator/PromisesObjC-FBLPromises_Privacy.build/Objects-normal/undefined_arch/FBLPromises_Privacy_dependency_info.dat
               LD_EXPORT_SYMBOLS = YES
               LD_GENERATE_MAP_FILE = NO
               LD_MAP_FILE_PATH = /Users/otislewis/arena/build/ios/Pods.build/Release-iphonesimulator/PromisesObjC-FBLPromises_Privacy.build/FBLPromises_Privacy-LinkMap-normal-undefined_arch.txt
               LD_NO_PIE = NO
               LD_QUOTE_LINKER_ARGUMENTS_FOR_COMPILER_DRIVER = YES
               LD_SHARED_CACHE_ELIGIBLE = Automatic
               LD_WARN_DUPLICATE_LIBRARIES = NO
               LD_WARN_UNUSED_DYLIBS = NO
               LEGACY_DEVELOPER_DIR = /Applications/Xcode.app/Contents/PlugIns/Xcode3Core.ideplugin/Contents/SharedSupport/Developer
               LEX = lex
               LIBRARY_DEXT_INSTALL_PATH = /Library/DriverExtensions
               LIBRARY_FLAG_NOSPACE = YES
               LIBRARY_FLAG_PREFIX = -l
               LIBRARY_KEXT_INSTALL_PATH = /Library/Extensions
               LIBRARY_SEARCH_PATHS = /Users/otislewis/arena/build/ios/Release-iphonesimulator/PromisesObjC 
               LINKER_DISPLAYS_MANGLED_NAMES = NO
               LINK_OBJC_RUNTIME = YES
               LINK_WITH_STANDARD_LIBRARIES = YES
               LLVM_TARGET_TRIPLE_OS_VERSION = ios13.0
               LLVM_TARGET_TRIPLE_SUFFIX = -simulator
               LLVM_TARGET_TRIPLE_VENDOR = apple
               LOCALIZATION_EXPORT_SUPPORTED = YES
               LOCALIZATION_PREFERS_STRING_CATALOGS = NO
               LOCALIZED_RESOURCES_FOLDER_PATH = FBLPromises_Privacy.bundle/en.lproj
               LOCALIZED_STRING_MACRO_NAMES = NSLocalizedString CFCopyLocalizedString
               LOCALIZED_STRING_SWIFTUI_SUPPORT = YES
               LOCAL_ADMIN_APPS_DIR = /Applications/Utilities
               LOCAL_APPS_DIR = /Applications
               LOCAL_DEVELOPER_DIR = /Library/Developer
               LOCAL_LIBRARY_DIR = /Library
               LOCROOT = /Users/otislewis/arena/ios/Pods
               LOCSYMROOT = /Users/otislewis/arena/ios/Pods
               MACH_O_TYPE = mh_bundle
               MAC_OS_X_PRODUCT_BUILD_VERSION = 24F74
               MAC_OS_X_VERSION_ACTUAL = 150500
               MAC_OS_X_VERSION_MAJOR = 150000
               MAC_OS_X_VERSION_MINOR = 150500
               MAKE_MERGEABLE = NO
               MERGEABLE_LIBRARY = NO
               MERGED_BINARY_TYPE = none
               MERGE_LINKED_LIBRARIES = NO
               METAL_LIBRARY_FILE_BASE = default
               METAL_LIBRARY_OUTPUT_DIR = /Users/otislewis/arena/build/ios/Release-iphonesimulator/PromisesObjC/FBLPromises_Privacy.bundle
               MODULES_FOLDER_PATH = FBLPromises_Privacy.bundle/Modules
               MTL_ENABLE_DEBUG_INFO = NO
               MTL_FAST_MATH = YES
               NATIVE_ARCH = arm64
               NATIVE_ARCH_32_BIT = arm
               NATIVE_ARCH_64_BIT = arm64
               NATIVE_ARCH_ACTUAL = arm64
               NO_COMMON = YES
               OBJC_ABI_VERSION = 2
               OBJECT_FILE_DIR = /Users/otislewis/arena/build/ios/Pods.build/Release-iphonesimulator/PromisesObjC-FBLPromises_Privacy.build/Objects
               OBJECT_FILE_DIR_normal = /Users/otislewis/arena/build/ios/Pods.build/Release-iphonesimulator/PromisesObjC-FBLPromises_Privacy.build/Objects-normal
               OBJROOT = /Users/otislewis/arena/build/ios
               ONLY_ACTIVE_ARCH = NO
               OS = MACOS
               OSAC = /usr/bin/osacompile
               PACKAGE_TYPE = com.apple.package-type.wrapper
               PASCAL_STRINGS = YES
               PATH = /Applications/Xcode.app/Contents/SharedFrameworks/SwiftBuild.framework/Versions/A/PlugIns/SWBBuildService.bundle/Contents/PlugIns/SWBUniversalPlatformPlugin.bundle/Contents/Frameworks/SWBUniversalPlatform.framework/Resources:/Applications/Xcode.app/Contents/Developer/Toolchains/XcodeDefault.xctoolchain/usr/bin:/Applications/Xcode.app/Contents/Developer/Toolchains/XcodeDefault.xctoolchain/usr/local/bin:/Applications/Xcode.app/Contents/Developer/Toolchains/XcodeDefault.xctoolchain/usr/libexec:/Applications/Xcode.app/Contents/Developer/Platforms/iPhoneSimulator.platform/usr/bin:/Applications/Xcode.app/Contents/Developer/Platforms/iPhoneSimulator.platform/usr/local/bin:/Applications/Xcode.app/Contents/Developer/Platforms/iPhoneSimulator.platform/Developer/usr/bin:/Applications/Xcode.app/Contents/Developer/Platforms/iPhoneSimulator.platform/Developer/usr/local/bin:/Applications/Xcode.app/Contents/Developer/usr/bin:/Applications/Xcode.app/Contents/Developer/usr/local/bin:/Users/otislewis/.gem/ruby/3.3.0/bin:/opt/homebrew/bin:/opt/homebrew/sbin:/usr/local/bin:/System/Cryptexes/App/usr/bin:/usr/bin:/bin:/usr/sbin:/sbin:/var/run/com.apple.security.cryptexd/codex.system/bootstrap/usr/local/bin:/var/run/com.apple.security.cryptexd/codex.system/bootstrap/usr/bin:/var/run/com.apple.security.cryptexd/codex.system/bootstrap/usr/appleinternal/bin:/Library/Apple/usr/bin:/opt/homebrew/Caskroom/flutter/3.32.0/flutter/bin:/Users/otislewis/Library/Android/sdk/emulator:/Users/otislewis/Library/Android/sdk/tools:/Users/otislewis/Library/Android/sdk/tools/bin:/Users/otislewis/Library/Android/sdk/platform-tools:/opt/homebrew/Caskroom/flutter/3.32.0/flutter/bin/cache/dart-sdk/bin
               PATH_PREFIXES_EXCLUDED_FROM_HEADER_DEPENDENCIES = /usr/include /usr/local/include /System/Library/Frameworks /System/Library/PrivateFrameworks /Applications/Xcode.app/Contents/Developer/Headers /Applications/Xcode.app/Contents/Developer/SDKs /Applications/Xcode.app/Contents/Developer/Platforms
               PBDEVELOPMENTPLIST_PATH = FBLPromises_Privacy.bundle/pbdevelopment.plist
               PER_ARCH_MODULE_FILE_DIR = /Users/otislewis/arena/build/ios/Pods.build/Release-iphonesimulator/PromisesObjC-FBLPromises_Privacy.build/Objects-normal/undefined_arch
               PER_ARCH_OBJECT_FILE_DIR = /Users/otislewis/arena/build/ios/Pods.build/Release-iphonesimulator/PromisesObjC-FBLPromises_Privacy.build/Objects-normal/undefined_arch
               PER_VARIANT_OBJECT_FILE_DIR = /Users/otislewis/arena/build/ios/Pods.build/Release-iphonesimulator/PromisesObjC-FBLPromises_Privacy.build/Objects-normal
               PKGINFO_FILE_PATH = /Users/otislewis/arena/build/ios/Pods.build/Release-iphonesimulator/PromisesObjC-FBLPromises_Privacy.build/PkgInfo
               PKGINFO_PATH = FBLPromises_Privacy.bundle/PkgInfo
               PLATFORM_DEVELOPER_APPLICATIONS_DIR = /Applications/Xcode.app/Contents/Developer/Platforms/iPhoneSimulator.platform/Developer/Applications
               PLATFORM_DEVELOPER_BIN_DIR = /Applications/Xcode.app/Contents/Developer/Platforms/iPhoneSimulator.platform/Developer/usr/bin
               PLATFORM_DEVELOPER_LIBRARY_DIR = /Applications/Xcode.app/Contents/Developer/Platforms/iPhoneSimulator.platform/Developer/Library
               PLATFORM_DEVELOPER_SDK_DIR = /Applications/Xcode.app/Contents/Developer/Platforms/iPhoneSimulator.platform/Developer/SDKs
               PLATFORM_DEVELOPER_TOOLS_DIR = /Applications/Xcode.app/Contents/Developer/Platforms/iPhoneSimulator.platform/Developer/Tools
               PLATFORM_DEVELOPER_USR_DIR = /Applications/Xcode.app/Contents/Developer/Platforms/iPhoneSimulator.platform/Developer/usr
               PLATFORM_DIR = /Applications/Xcode.app/Contents/Developer/Platforms/iPhoneSimulator.platform
               PLATFORM_DISPLAY_NAME = iOS Simulator
               PLATFORM_FAMILY_NAME = iOS
               PLATFORM_NAME = iphonesimulator
               PLATFORM_PREFERRED_ARCH = x86_64
               PLATFORM_PRODUCT_BUILD_VERSION = 22E235
               PLATFORM_REQUIRES_SWIFT_AUTOLINK_EXTRACT = NO
               PLATFORM_REQUIRES_SWIFT_MODULEWRAP = NO
               PLIST_FILE_OUTPUT_FORMAT = binary
               PLUGINS_FOLDER_PATH = FBLPromises_Privacy.bundle/PlugIns
               PODS_BUILD_DIR = /Users/otislewis/arena/build/ios
               PODS_CONFIGURATION_BUILD_DIR = /Users/otislewis/arena/build/ios/Release-iphonesimulator
               PODS_DEVELOPMENT_LANGUAGE = en
               PODS_ROOT = /Users/otislewis/arena/ios/Pods
               PODS_TARGET_SRCROOT = /Users/otislewis/arena/ios/Pods/PromisesObjC
               PODS_XCFRAMEWORKS_BUILD_DIR = /Users/otislewis/arena/build/ios/Release-iphonesimulator/XCFrameworkIntermediates
               PRECOMPS_INCLUDE_HEADERS_FROM_BUILT_PRODUCTS_DIR = YES
               PRECOMP_DESTINATION_DIR = /Users/otislewis/arena/build/ios/Pods.build/Release-iphonesimulator/PromisesObjC-FBLPromises_Privacy.build/PrefixHeaders
               PRIVATE_HEADERS_FOLDER_PATH = FBLPromises_Privacy.bundle/PrivateHeaders
               PROCESSED_INFOPLIST_PATH = /Users/otislewis/arena/build/ios/Pods.build/Release-iphonesimulator/PromisesObjC-FBLPromises_Privacy.build/Objects-normal/undefined_arch/Processed-Info.plist
               PRODUCT_BUNDLE_IDENTIFIER = org.cocoapods.FBLPromises-Privacy
               PRODUCT_BUNDLE_PACKAGE_TYPE = BNDL
               PRODUCT_MODULE_NAME = FBLPromises_Privacy
               PRODUCT_NAME = FBLPromises_Privacy
               PRODUCT_SETTINGS_PATH = /Users/otislewis/arena/ios/Pods/Target Support Files/PromisesObjC/ResourceBundle-FBLPromises_Privacy-PromisesObjC-Info.plist
               PRODUCT_TYPE = com.apple.product-type.bundle
               PROFILING_CODE = NO
               PROJECT = Pods
               PROJECT_DERIVED_FILE_DIR = /Users/otislewis/arena/build/ios/Pods.build/DerivedSources
               PROJECT_DIR = /Users/otislewis/arena/ios/Pods
               PROJECT_FILE_PATH = /Users/otislewis/arena/ios/Pods/Pods.xcodeproj
               PROJECT_GUID = bfdfe7dc352907fc980b868725387e98
               PROJECT_NAME = Pods
               PROJECT_TEMP_DIR = /Users/otislewis/arena/build/ios/Pods.build
               PROJECT_TEMP_ROOT = /Users/otislewis/arena/build/ios
               PUBLIC_HEADERS_FOLDER_PATH = FBLPromises_Privacy.bundle/Headers
               RECOMMENDED_IPHONEOS_DEPLOYMENT_TARGET = 15.0
               RECURSIVE_SEARCH_PATHS_FOLLOW_SYMLINKS = YES
               REMOVE_CVS_FROM_RESOURCES = YES
               REMOVE_GIT_FROM_RESOURCES = YES
               REMOVE_HEADERS_FROM_EMBEDDED_BUNDLES = YES
               REMOVE_HG_FROM_RESOURCES = YES
               REMOVE_STATIC_EXECUTABLES_FROM_EMBEDDED_BUNDLES = YES
               REMOVE_SVN_FROM_RESOURCES = YES
               RESCHEDULE_INDEPENDENT_HEADERS_PHASES = YES
               REZ_COLLECTOR_DIR = /Users/otislewis/arena/build/ios/Pods.build/Release-iphonesimulator/PromisesObjC-FBLPromises_Privacy.build/ResourceManagerResources
               REZ_OBJECTS_DIR = /Users/otislewis/arena/build/ios/Pods.build/Release-iphonesimulator/PromisesObjC-FBLPromises_Privacy.build/ResourceManagerResources/Objects
               REZ_SEARCH_PATHS = /Users/otislewis/arena/build/ios/Release-iphonesimulator/PromisesObjC 
               SCAN_ALL_SOURCE_FILES_FOR_INCLUDES = NO
               SCRIPTS_FOLDER_PATH = FBLPromises_Privacy.bundle/Scripts
               SDKROOT = /Applications/Xcode.app/Contents/Developer/Platforms/iPhoneSimulator.platform/Developer/SDKs/iPhoneSimulator18.4.sdk
               SDK_DIR = /Applications/Xcode.app/Contents/Developer/Platforms/iPhoneSimulator.platform/Developer/SDKs/iPhoneSimulator18.4.sdk
               SDK_DIR_iphonesimulator = /Applications/Xcode.app/Contents/Developer/Platforms/iPhoneSimulator.platform/Developer/SDKs/iPhoneSimulator18.4.sdk
               SDK_DIR_iphonesimulator18_4 = /Applications/Xcode.app/Contents/Developer/Platforms/iPhoneSimulator.platform/Developer/SDKs/iPhoneSimulator18.4.sdk
               SDK_NAME = iphonesimulator18.4
               SDK_NAMES = iphonesimulator18.4
               SDK_PRODUCT_BUILD_VERSION = 22E235
               SDK_STAT_CACHE_DIR = /var/folders/4y/xy3fflts0nqfk1tsxg0t3mmr0000gn/C/com.apple.DeveloperTools/16.3-16E140/Xcode
               SDK_STAT_CACHE_ENABLE = YES
               SDK_STAT_CACHE_PATH = /var/folders/4y/xy3fflts0nqfk1tsxg0t3mmr0000gn/C/com.apple.DeveloperTools/16.3-16E140/Xcode/SDKStatCaches.noindex/iphonesimulator18.4-22E235-71825a6d136aa4733edcbe86ece5525b.sdkstatcache
               SDK_VERSION = 18.4
               SDK_VERSION_ACTUAL = 180400
               SDK_VERSION_MAJOR = 180000
               SDK_VERSION_MINOR = 180400
               SED = /usr/bin/sed
               SEPARATE_STRIP = NO
               SEPARATE_SYMBOL_EDIT = NO
               SET_DIR_MODE_OWNER_GROUP = YES
               SET_FILE_MODE_OWNER_GROUP = NO
               SHALLOW_BUNDLE = YES
               SHALLOW_BUNDLE_TRIPLE = ios-simulator
               SHALLOW_BUNDLE_ios_macabi = NO
               SHALLOW_BUNDLE_macos = NO
               SHARED_DERIVED_FILE_DIR = /Users/otislewis/arena/build/ios/Release-iphonesimulator/PromisesObjC/DerivedSources
               SHARED_FRAMEWORKS_FOLDER_PATH = FBLPromises_Privacy.bundle/SharedFrameworks
               SHARED_PRECOMPS_DIR = /Users/otislewis/arena/build/ios/SharedPrecompiledHeaders
               SHARED_SUPPORT_FOLDER_PATH = FBLPromises_Privacy.bundle/SharedSupport
               SKIP_INSTALL = YES
               SOURCE_ROOT = /Users/otislewis/arena/ios/Pods
               SRCROOT = /Users/otislewis/arena/ios/Pods
               STRINGSDATA_DIR = /Users/otislewis/arena/build/ios/Pods.build/Release-iphonesimulator/PromisesObjC-FBLPromises_Privacy.build/Objects-normal/undefined_arch
               STRINGSDATA_ROOT = /Users/otislewis/arena/build/ios/Pods.build/Release-iphonesimulator/PromisesObjC-FBLPromises_Privacy.build
               STRINGS_FILE_INFOPLIST_RENAME = YES
               STRINGS_FILE_OUTPUT_ENCODING = binary
               STRIP_BITCODE_FROM_COPIED_FILES = NO
               STRIP_INSTALLED_PRODUCT = NO
               STRIP_STYLE = non-global
               STRIP_SWIFT_SYMBOLS = YES
               SUPPORTED_DEVICE_FAMILIES = 1,2
               SUPPORTED_PLATFORMS = iphoneos iphonesimulator
               SUPPORTS_TEXT_BASED_API = NO
               SUPPRESS_WARNINGS = NO
               SWIFT_COMPILATION_MODE = wholemodule
               SWIFT_EMIT_LOC_STRINGS = NO
               SWIFT_OPTIMIZATION_LEVEL = -O
               SWIFT_PLATFORM_TARGET_PREFIX = ios
               SWIFT_VERSION = 5.0
               SYMROOT = /Users/otislewis/arena/ios/build
               SYSTEM_ADMIN_APPS_DIR = /Applications/Utilities
               SYSTEM_APPS_DIR = /Applications
               SYSTEM_CORE_SERVICES_DIR = /System/Library/CoreServices
               SYSTEM_DEMOS_DIR = /Applications/Extras
               SYSTEM_DEVELOPER_APPS_DIR = /Applications/Xcode.app/Contents/Developer/Applications
               SYSTEM_DEVELOPER_BIN_DIR = /Applications/Xcode.app/Contents/Developer/usr/bin
               SYSTEM_DEVELOPER_DEMOS_DIR = /Applications/Xcode.app/Contents/Developer/Applications/Utilities/Built Examples
               SYSTEM_DEVELOPER_DIR = /Applications/Xcode.app/Contents/Developer
               SYSTEM_DEVELOPER_DOC_DIR = /Applications/Xcode.app/Contents/Developer/ADC Reference Library
               SYSTEM_DEVELOPER_GRAPHICS_TOOLS_DIR = /Applications/Xcode.app/Contents/Developer/Applications/Graphics Tools
               SYSTEM_DEVELOPER_JAVA_TOOLS_DIR = /Applications/Xcode.app/Contents/Developer/Applications/Java Tools
               SYSTEM_DEVELOPER_PERFORMANCE_TOOLS_DIR = /Applications/Xcode.app/Contents/Developer/Applications/Performance Tools
               SYSTEM_DEVELOPER_RELEASENOTES_DIR = /Applications/Xcode.app/Contents/Developer/ADC Reference Library/releasenotes
               SYSTEM_DEVELOPER_TOOLS = /Applications/Xcode.app/Contents/Developer/Tools
               SYSTEM_DEVELOPER_TOOLS_DOC_DIR = /Applications/Xcode.app/Contents/Developer/ADC Reference Library/documentation/DeveloperTools
               SYSTEM_DEVELOPER_TOOLS_RELEASENOTES_DIR = /Applications/Xcode.app/Contents/Developer/ADC Reference Library/releasenotes/DeveloperTools
               SYSTEM_DEVELOPER_USR_DIR = /Applications/Xcode.app/Contents/Developer/usr
               SYSTEM_DEVELOPER_UTILITIES_DIR = /Applications/Xcode.app/Contents/Developer/Applications/Utilities
               SYSTEM_DEXT_INSTALL_PATH = /System/Library/DriverExtensions
               SYSTEM_DOCUMENTATION_DIR = /Library/Documentation
               SYSTEM_EXTENSIONS_FOLDER_PATH = FBLPromises_Privacy.bundle/SystemExtensions
               SYSTEM_EXTENSIONS_FOLDER_PATH_SHALLOW_BUNDLE_NO = FBLPromises_Privacy.bundle/Library/SystemExtensions
               SYSTEM_EXTENSIONS_FOLDER_PATH_SHALLOW_BUNDLE_YES = FBLPromises_Privacy.bundle/SystemExtensions
               SYSTEM_KEXT_INSTALL_PATH = /System/Library/Extensions
               SYSTEM_LIBRARY_DIR = /System/Library
               TAPI_DEMANGLE = YES
               TAPI_ENABLE_PROJECT_HEADERS = NO
               TAPI_LANGUAGE = objective-c
               TAPI_LANGUAGE_STANDARD = compiler-default
               TAPI_USE_SRCROOT = YES
               TAPI_VERIFY_MODE = Pedantic
               TARGETED_DEVICE_FAMILY = 1,2
               TARGETNAME = PromisesObjC-FBLPromises_Privacy
               TARGET_BUILD_DIR = /Users/otislewis/arena/build/ios/Release-iphonesimulator/PromisesObjC
               TARGET_NAME = PromisesObjC-FBLPromises_Privacy
               TARGET_TEMP_DIR = /Users/otislewis/arena/build/ios/Pods.build/Release-iphonesimulator/PromisesObjC-FBLPromises_Privacy.build
               TEMP_DIR = /Users/otislewis/arena/build/ios/Pods.build/Release-iphonesimulator/PromisesObjC-FBLPromises_Privacy.build
               TEMP_FILES_DIR = /Users/otislewis/arena/build/ios/Pods.build/Release-iphonesimulator/PromisesObjC-FBLPromises_Privacy.build
               TEMP_FILE_DIR = /Users/otislewis/arena/build/ios/Pods.build/Release-iphonesimulator/PromisesObjC-FBLPromises_Privacy.build
               TEMP_ROOT = /Users/otislewis/arena/build/ios
               TEMP_SANDBOX_DIR = /Users/otislewis/arena/build/ios/TemporaryTaskSandboxes
               TEST_FRAMEWORK_SEARCH_PATHS =  /Applications/Xcode.app/Contents/Developer/Platforms/iPhoneSimulator.platform/Developer/Library/Frameworks /Applications/Xcode.app/Contents/Developer/Platforms/iPhoneSimulator.platform/Developer/SDKs/iPhoneSimulator18.4.sdk/Developer/Library/Frameworks
               TEST_LIBRARY_SEARCH_PATHS =  /Applications/Xcode.app/Contents/Developer/Platforms/iPhoneSimulator.platform/Developer/usr/lib
               TOOLCHAINS = com.apple.dt.toolchain.XcodeDefault
               TOOLCHAIN_DIR = /Applications/Xcode.app/Contents/Developer/Toolchains/XcodeDefault.xctoolchain
               TREAT_MISSING_BASELINES_AS_TEST_FAILURES = NO
               TREAT_MISSING_SCRIPT_PHASE_OUTPUTS_AS_ERRORS = NO
               UID = 501
               UNINSTALLED_PRODUCTS_DIR = /Users/otislewis/arena/build/ios/UninstalledProducts
               UNLOCALIZED_RESOURCES_FOLDER_PATH = FBLPromises_Privacy.bundle
               UNLOCALIZED_RESOURCES_FOLDER_PATH_SHALLOW_BUNDLE_NO = FBLPromises_Privacy.bundle/Resources
               UNLOCALIZED_RESOURCES_FOLDER_PATH_SHALLOW_BUNDLE_YES = FBLPromises_Privacy.bundle
               UNSTRIPPED_PRODUCT = NO
               USER = otislewis
               USER_APPS_DIR = /Users/otislewis/Applications
               USER_LIBRARY_DIR = /Users/otislewis/Library
               USE_DYNAMIC_NO_PIC = YES
               USE_HEADERMAP = YES
               USE_HEADER_SYMLINKS = NO
               USE_RECURSIVE_SCRIPT_INPUTS_IN_SCRIPT_PHASES = YES
               VALIDATE_DEVELOPMENT_ASSET_PATHS = YES_ERROR
               VALIDATE_PRODUCT = NO
               VALID_ARCHS = arm64
               VERBOSE_PBXCP = NO
               VERSIONPLIST_PATH = FBLPromises_Privacy.bundle/version.plist
               VERSION_INFO_BUILDER = otislewis
               VERSION_INFO_FILE = FBLPromises_Privacy_vers.c
               VERSION_INFO_STRING = "@(#)PROGRAM:FBLPromises_Privacy  PROJECT:Pods-"
               WORKSPACE_DIR = /Users/otislewis/arena/ios/Pods/Pods.xcodeproj
               WRAPPER_EXTENSION = bundle
               WRAPPER_NAME = FBLPromises_Privacy.bundle
               WRAPPER_SUFFIX = .bundle
               WRAP_ASSET_PACKS_IN_SEPARATE_DIRECTORIES = NO
               XCODE_APP_SUPPORT_DIR = /Applications/Xcode.app/Contents/Developer/Library/Xcode
               XCODE_PRODUCT_BUILD_VERSION = 16E140
               XCODE_VERSION_ACTUAL = 1630
               XCODE_VERSION_MAJOR = 1600
               XCODE_VERSION_MINOR = 1630
               XPCSERVICES_FOLDER_PATH = FBLPromises_Privacy.bundle/XPCServices
               YACC = yacc
               _DISCOVER_COMMAND_LINE_LINKER_INPUTS = YES
               _DISCOVER_COMMAND_LINE_LINKER_INPUTS_INCLUDE_WL = YES
               _WRAPPER_CONTENTS_DIR_SHALLOW_BUNDLE_NO = /Contents
               _WRAPPER_PARENT_PATH_SHALLOW_BUNDLE_NO = /..
               _WRAPPER_RESOURCES_DIR_SHALLOW_BUNDLE_NO = /Resources
               __DIAGNOSE_DEPRECATED_ARCHS = YES
               arch = undefined_arch
               variant = normal

           Build settings for action build and target RecaptchaInterop:
               ACTION = build
               AD_HOC_CODE_SIGNING_ALLOWED = YES
               ALLOW_BUILD_REQUEST_OVERRIDES = NO
               ALLOW_TARGET_PLATFORM_SPECIALIZATION = NO
               ALTERNATE_GROUP = staff
               ALTERNATE_MODE = u+w,go-w,a+rX
               ALTERNATE_OWNER = otislewis
               ALTERNATIVE_DISTRIBUTION_WEB = NO
               ALWAYS_EMBED_SWIFT_STANDARD_LIBRARIES = NO
               ALWAYS_SEARCH_USER_PATHS = NO
               ALWAYS_USE_SEPARATE_HEADERMAPS = NO
               APPLICATION_EXTENSION_API_ONLY = NO
               APPLY_RULES_IN_COPY_FILES = NO
               APPLY_RULES_IN_COPY_HEADERS = NO
               APP_SHORTCUTS_ENABLE_FLEXIBLE_MATCHING = YES
               ARCHS_STANDARD = arm64 x86_64
               ARCHS_STANDARD_32_64_BIT = arm64 x86_64
               ARCHS_STANDARD_64_BIT = arm64 x86_64
               ARCHS_STANDARD_INCLUDING_64_BIT = arm64 x86_64
               ARCHS_UNIVERSAL_IPHONE_OS = arm64 x86_64
               AUTOMATICALLY_MERGE_DEPENDENCIES = NO
               AVAILABLE_PLATFORMS = android appletvos appletvsimulator driverkit iphoneos iphonesimulator macosx qnx watchos watchsimulator xros xrsimulator
               BITCODE_GENERATION_MODE = marker
               BUILD_ACTIVE_RESOURCES_ONLY = NO
               BUILD_COMPONENTS = headers build
               BUILD_DIR = /Users/otislewis/arena/build/ios
               BUILD_LIBRARY_FOR_DISTRIBUTION = NO
               BUILD_ROOT = /Users/otislewis/arena/ios/build
               BUILD_STYLE = 
               BUILD_VARIANTS = normal
               BUILT_PRODUCTS_DIR = /Users/otislewis/arena/build/ios/Release-iphonesimulator/RecaptchaInterop
               BUNDLE_CONTENTS_FOLDER_PATH_deep = Contents/
               BUNDLE_EXECUTABLE_FOLDER_NAME_deep = MacOS
               BUNDLE_EXTENSIONS_FOLDER_PATH = Extensions
               BUNDLE_FORMAT = shallow
               BUNDLE_FRAMEWORKS_FOLDER_PATH = Frameworks
               BUNDLE_PLUGINS_FOLDER_PATH = PlugIns
               BUNDLE_PRIVATE_HEADERS_FOLDER_PATH = PrivateHeaders
               BUNDLE_PUBLIC_HEADERS_FOLDER_PATH = Headers
               CACHE_ROOT = /var/folders/4y/xy3fflts0nqfk1tsxg0t3mmr0000gn/C/com.apple.DeveloperTools/16.3-16E140/Xcode
               CCHROOT = /var/folders/4y/xy3fflts0nqfk1tsxg0t3mmr0000gn/C/com.apple.DeveloperTools/16.3-16E140/Xcode
               CHMOD = /bin/chmod
               CHOWN = /usr/sbin/chown
               CLANG_ANALYZER_LOCALIZABILITY_NONLOCALIZED = YES
               CLANG_ANALYZER_NONNULL = YES
               CLANG_ANALYZER_NUMBER_OBJECT_CONVERSION = YES_AGGRESSIVE
               CLANG_CACHE_FINE_GRAINED_OUTPUTS = YES
               CLANG_CXX_LANGUAGE_STANDARD = gnu++14
               CLANG_CXX_LIBRARY = libc++
               CLANG_ENABLE_EXPLICIT_MODULES = YES
               CLANG_ENABLE_MODULES = YES
               CLANG_ENABLE_OBJC_ARC = YES
               CLANG_ENABLE_OBJC_WEAK = NO
               CLANG_MODULES_BUILD_SESSION_FILE = /var/folders/4y/xy3fflts0nqfk1tsxg0t3mmr0000gn/C/org.llvm.clang/ModuleCache.noindex/Session.modulevalidation
               CLANG_WARN_BLOCK_CAPTURE_AUTORELEASING = YES
               CLANG_WARN_BOOL_CONVERSION = YES
               CLANG_WARN_COMMA = YES
               CLANG_WARN_CONSTANT_CONVERSION = YES
               CLANG_WARN_DEPRECATED_OBJC_IMPLEMENTATIONS = YES
               CLANG_WARN_DIRECT_OBJC_ISA_USAGE = YES_ERROR
               CLANG_WARN_DOCUMENTATION_COMMENTS = YES
               CLANG_WARN_EMPTY_BODY = YES
               CLANG_WARN_ENUM_CONVERSION = YES
               CLANG_WARN_INFINITE_RECURSION = YES
               CLANG_WARN_INT_CONVERSION = YES
               CLANG_WARN_NON_LITERAL_NULL_CONVERSION = YES
               CLANG_WARN_OBJC_IMPLICIT_RETAIN_SELF = YES
               CLANG_WARN_OBJC_LITERAL_CONVERSION = YES
               CLANG_WARN_OBJC_ROOT_CLASS = YES_ERROR
               CLANG_WARN_QUOTED_INCLUDE_IN_FRAMEWORK_HEADER = NO
               CLANG_WARN_RANGE_LOOP_ANALYSIS = YES
               CLANG_WARN_STRICT_PROTOTYPES = YES
               CLANG_WARN_SUSPICIOUS_MOVE = YES
               CLANG_WARN_UNGUARDED_AVAILABILITY = YES_AGGRESSIVE
               CLANG_WARN_UNREACHABLE_CODE = YES
               CLANG_WARN__DUPLICATE_METHOD_MATCH = YES
               CLASS_FILE_DIR = /Users/otislewis/arena/build/ios/Pods.build/Release-iphonesimulator/RecaptchaInterop.build/JavaClasses
               CLEAN_PRECOMPS = YES
               CLONE_HEADERS = NO
               CODESIGNING_FOLDER_PATH = /Users/otislewis/arena/build/ios/Release-iphonesimulator/RecaptchaInterop/RecaptchaInterop.framework
               CODE_SIGNING_ALLOWED = YES
               CODE_SIGNING_REQUIRED = NO
               CODE_SIGNING_REQUIRES_TEAM = YES
               CODE_SIGN_CONTEXT_CLASS = XCiPhoneSimulatorCodeSignContext
               CODE_SIGN_IDENTITY = -
               CODE_SIGN_INJECT_BASE_ENTITLEMENTS = YES
               COLOR_DIAGNOSTICS = NO
               COMBINE_HIDPI_IMAGES = NO
               COMPILATION_CACHE_CAS_PATH = /var/folders/4y/xy3fflts0nqfk1tsxg0t3mmr0000gn/C/com.apple.DeveloperTools/16.3-16E140/Xcode/CompilationCache.noindex
               COMPILATION_CACHE_KEEP_CAS_DIRECTORY = YES
               COMPILER_INDEX_STORE_ENABLE = Default
               COMPOSITE_SDK_DIRS = /Users/otislewis/arena/build/ios/CompositeSDKs
               COMPRESS_PNG_FILES = YES
               CONFIGURATION = Release
               CONFIGURATION_BUILD_DIR = /Users/otislewis/arena/build/ios/Release-iphonesimulator/RecaptchaInterop
               CONFIGURATION_TEMP_DIR = /Users/otislewis/arena/build/ios/Pods.build/Release-iphonesimulator
               CONTENTS_FOLDER_PATH = RecaptchaInterop.framework
               CONTENTS_FOLDER_PATH_SHALLOW_BUNDLE_NO = RecaptchaInterop.framework/A
               CONTENTS_FOLDER_PATH_SHALLOW_BUNDLE_YES = RecaptchaInterop.framework
               COPYING_PRESERVES_HFS_DATA = NO
               COPY_HEADERS_RUN_UNIFDEF = NO
               COPY_PHASE_STRIP = NO
               CORRESPONDING_DEVICE_PLATFORM_DIR = /Applications/Xcode.app/Contents/Developer/Platforms/iPhoneOS.platform
               CORRESPONDING_DEVICE_PLATFORM_NAME = iphoneos
               CORRESPONDING_DEVICE_SDK_DIR = /Applications/Xcode.app/Contents/Developer/Platforms/iPhoneOS.platform/Developer/SDKs/iPhoneOS18.4.sdk
               CORRESPONDING_DEVICE_SDK_NAME = iphoneos18.4
               CP = /bin/cp
               CREATE_INFOPLIST_SECTION_IN_BINARY = NO
               CURRENT_ARCH = undefined_arch
               CURRENT_PROJECT_VERSION = 1
               CURRENT_VARIANT = normal
               CURRENT_VERSION = Current
               DEAD_CODE_STRIPPING = YES
               DEBUGGING_SYMBOLS = YES
               DEBUG_INFORMATION_FORMAT = dwarf-with-dsym
               DEBUG_INFORMATION_VERSION = compiler-default
               DEFAULT_COMPILER = com.apple.compilers.llvm.clang.1_0
               DEFAULT_DEXT_INSTALL_PATH = /System/Library/DriverExtensions
               DEFAULT_KEXT_INSTALL_PATH = /System/Library/Extensions
               DEFINES_MODULE = YES
               DEPLOYMENT_LOCATION = NO
               DEPLOYMENT_POSTPROCESSING = NO
               DEPLOYMENT_TARGET_SETTING_NAME = IPHONEOS_DEPLOYMENT_TARGET
               DEPLOYMENT_TARGET_SUGGESTED_VALUES = 12.0 12.1 12.2 12.3 12.4 13.0 13.1 13.2 13.3 13.4 13.5 13.6 14.0 14.1 14.2 14.3 14.4 14.5 14.6 14.7 15.0 15.1 15.2 15.3 15.4 15.5 15.6 16.0 16.1 16.2 16.3 16.4 16.5 16.6 17.0 17.1 17.2 17.3 17.4 17.5 17.6 18.0 18.1 18.2 18.3 18.4
               DERIVED_FILES_DIR = /Users/otislewis/arena/build/ios/Pods.build/Release-iphonesimulator/RecaptchaInterop.build/DerivedSources
               DERIVED_FILE_DIR = /Users/otislewis/arena/build/ios/Pods.build/Release-iphonesimulator/RecaptchaInterop.build/DerivedSources
               DERIVED_SOURCES_DIR = /Users/otislewis/arena/build/ios/Pods.build/Release-iphonesimulator/RecaptchaInterop.build/DerivedSources
               DEVELOPER_APPLICATIONS_DIR = /Applications/Xcode.app/Contents/Developer/Applications
               DEVELOPER_BIN_DIR = /Applications/Xcode.app/Contents/Developer/usr/bin
               DEVELOPER_DIR = /Applications/Xcode.app/Contents/Developer
               DEVELOPER_FRAMEWORKS_DIR = /Applications/Xcode.app/Contents/Developer/Library/Frameworks
               DEVELOPER_FRAMEWORKS_DIR_QUOTED = /Applications/Xcode.app/Contents/Developer/Library/Frameworks
               DEVELOPER_LIBRARY_DIR = /Applications/Xcode.app/Contents/Developer/Library
               DEVELOPER_SDK_DIR = /Applications/Xcode.app/Contents/Developer/Platforms/MacOSX.platform/Developer/SDKs
               DEVELOPER_TOOLS_DIR = /Applications/Xcode.app/Contents/Developer/Tools
               DEVELOPER_USR_DIR = /Applications/Xcode.app/Contents/Developer/usr
               DEVELOPMENT_LANGUAGE = en
               DIAGNOSE_MISSING_TARGET_DEPENDENCIES = YES
               DIFF = /usr/bin/diff
               DOCUMENTATION_FOLDER_PATH = RecaptchaInterop.framework/en.lproj/Documentation
               DONT_GENERATE_INFOPLIST_FILE = NO
               DSTROOT = /tmp/Pods.dst
               DT_TOOLCHAIN_DIR = /Applications/Xcode.app/Contents/Developer/Toolchains/XcodeDefault.xctoolchain
               DWARF_DSYM_FILE_NAME = RecaptchaInterop.framework.dSYM
               DWARF_DSYM_FILE_SHOULD_ACCOMPANY_PRODUCT = NO
               DWARF_DSYM_FOLDER_PATH = /Users/otislewis/arena/build/ios/Release-iphonesimulator/RecaptchaInterop
               DYLIB_COMPATIBILITY_VERSION = 1
               DYLIB_CURRENT_VERSION = 1
               DYLIB_INSTALL_NAME_BASE = @rpath
               DYNAMIC_LIBRARY_EXTENSION = dylib
               EAGER_COMPILATION_ALLOW_SCRIPTS = NO
               EAGER_LINKING = NO
               EFFECTIVE_PLATFORM_NAME = -iphonesimulator
               EMBEDDED_CONTENT_CONTAINS_SWIFT = NO
               EMBED_ASSET_PACKS_IN_PRODUCT_BUNDLE = NO
               ENABLE_APP_SANDBOX = NO
               ENABLE_BITCODE = NO
               ENABLE_CODE_COVERAGE = YES
               ENABLE_DEFAULT_HEADER_SEARCH_PATHS = YES
               ENABLE_DEFAULT_SEARCH_PATHS = YES
               ENABLE_HARDENED_RUNTIME = NO
               ENABLE_HEADER_DEPENDENCIES = YES
               ENABLE_INCOMING_NETWORK_CONNECTIONS = NO
               ENABLE_MODULE_VERIFIER = NO
               ENABLE_NS_ASSERTIONS = NO
               ENABLE_ON_DEMAND_RESOURCES = NO
               ENABLE_OUTGOING_NETWORK_CONNECTIONS = NO
               ENABLE_RESOURCE_ACCESS_AUDIO_INPUT = NO
               ENABLE_RESOURCE_ACCESS_BLUETOOTH = NO
               ENABLE_RESOURCE_ACCESS_CALENDARS = NO
               ENABLE_RESOURCE_ACCESS_CAMERA = NO
               ENABLE_RESOURCE_ACCESS_CONTACTS = NO
               ENABLE_RESOURCE_ACCESS_LOCATION = NO
               ENABLE_RESOURCE_ACCESS_PRINTING = NO
               ENABLE_RESOURCE_ACCESS_USB = NO
               ENABLE_SDK_IMPORTS = NO
               ENABLE_STRICT_OBJC_MSGSEND = YES
               ENABLE_TESTABILITY = NO
               ENABLE_TESTING_SEARCH_PATHS = NO
               ENABLE_USER_SCRIPT_SANDBOXING = NO
               ENFORCE_VALID_ARCHS = YES
               ENTITLEMENTS_DESTINATION = __entitlements
               ENTITLEMENTS_REQUIRED = NO
               EXCLUDED_ARCHS = arm64
               EXCLUDED_INSTALLSRC_SUBDIRECTORY_PATTERNS = .DS_Store .svn .git .hg CVS
               EXCLUDED_RECURSIVE_SEARCH_PATH_SUBDIRECTORIES = *.nib *.lproj *.framework *.gch *.xcode* *.xcassets (*) .DS_Store CVS .svn .git .hg *.pbproj *.pbxproj
               EXECUTABLES_FOLDER_PATH = RecaptchaInterop.framework/en.lproj
               EXECUTABLE_FOLDER_PATH = RecaptchaInterop.framework
               EXECUTABLE_FOLDER_PATH_SHALLOW_BUNDLE_NO = RecaptchaInterop.framework
               EXECUTABLE_FOLDER_PATH_SHALLOW_BUNDLE_YES = RecaptchaInterop.framework
               EXECUTABLE_NAME = RecaptchaInterop
               EXECUTABLE_PATH = RecaptchaInterop.framework/RecaptchaInterop
               EXTENSIONS_FOLDER_PATH = RecaptchaInterop.framework/Extensions
               FILE_LIST = /Users/otislewis/arena/build/ios/Pods.build/Release-iphonesimulator/RecaptchaInterop.build/Objects/LinkFileList
               FIXED_FILES_DIR = /Users/otislewis/arena/build/ios/Pods.build/Release-iphonesimulator/RecaptchaInterop.build/FixedFiles
               FRAMEWORKS_FOLDER_PATH = RecaptchaInterop.framework/Frameworks
               FRAMEWORK_FLAG_PREFIX = -framework
               FRAMEWORK_SEARCH_PATHS = /Users/otislewis/arena/build/ios/Release-iphonesimulator/RecaptchaInterop 
               FRAMEWORK_VERSION = A
               FULL_PRODUCT_NAME = RecaptchaInterop.framework
               FUSE_BUILD_PHASES = YES
               FUSE_BUILD_SCRIPT_PHASES = NO
               GCC3_VERSION = 3.3
               GCC_C_LANGUAGE_STANDARD = gnu11
               GCC_INLINES_ARE_PRIVATE_EXTERN = YES
               GCC_NO_COMMON_BLOCKS = YES
               GCC_OBJC_LEGACY_DISPATCH = YES
               GCC_PFE_FILE_C_DIALECTS = c objective-c c++ objective-c++
               GCC_PREFIX_HEADER = Target Support Files/RecaptchaInterop/RecaptchaInterop-prefix.pch
               GCC_PREPROCESSOR_DEFINITIONS = POD_CONFIGURATION_RELEASE=1  COCOAPODS=1
               GCC_TREAT_WARNINGS_AS_ERRORS = NO
               GCC_VERSION = com.apple.compilers.llvm.clang.1_0
               GCC_VERSION_IDENTIFIER = com_apple_compilers_llvm_clang_1_0
               GCC_WARN_64_TO_32_BIT_CONVERSION = YES
               GCC_WARN_ABOUT_RETURN_TYPE = YES_ERROR
               GCC_WARN_UNDECLARED_SELECTOR = YES
               GCC_WARN_UNINITIALIZED_AUTOS = YES_AGGRESSIVE
               GCC_WARN_UNUSED_FUNCTION = YES
               GCC_WARN_UNUSED_VARIABLE = YES
               GENERATED_MODULEMAP_DIR = /Users/otislewis/arena/build/ios/GeneratedModuleMaps-iphonesimulator
               GENERATE_INFOPLIST_FILE = NO
               GENERATE_INTERMEDIATE_TEXT_BASED_STUBS = YES
               GENERATE_MASTER_OBJECT_FILE = NO
               GENERATE_PKGINFO_FILE = NO
               GENERATE_PROFILING_CODE = NO
               GENERATE_TEXT_BASED_STUBS = NO
               GID = 20
               GROUP = staff
               HEADERMAP_INCLUDES_FLAT_ENTRIES_FOR_TARGET_BEING_BUILT = YES
               HEADERMAP_INCLUDES_FRAMEWORK_ENTRIES_FOR_ALL_PRODUCT_TYPES = YES
               HEADERMAP_INCLUDES_FRAMEWORK_ENTRIES_FOR_TARGETS_NOT_BEING_BUILT = YES
               HEADERMAP_INCLUDES_NONPUBLIC_NONPRIVATE_HEADERS = YES
               HEADERMAP_INCLUDES_PROJECT_HEADERS = YES
               HEADERMAP_USES_FRAMEWORK_PREFIX_ENTRIES = YES
               HEADERMAP_USES_VFS = YES
               HEADER_SEARCH_PATHS = /Users/otislewis/arena/build/ios/Release-iphonesimulator/RecaptchaInterop/include 
               HIDE_BITCODE_SYMBOLS = YES
               HOME = /Users/otislewis
               HOST_ARCH = arm64
               HOST_PLATFORM = macosx
               ICONV = /usr/bin/iconv
               IMPLICIT_DEPENDENCY_DOMAIN = default
               INFOPLIST_ENABLE_CFBUNDLEICONS_MERGE = YES
               INFOPLIST_EXPAND_BUILD_SETTINGS = YES
               INFOPLIST_FILE = Target Support Files/RecaptchaInterop/RecaptchaInterop-Info.plist
               INFOPLIST_OUTPUT_FORMAT = binary
               INFOPLIST_PATH = RecaptchaInterop.framework/Info.plist
               INFOPLIST_PREPROCESS = NO
               INFOSTRINGS_PATH = RecaptchaInterop.framework/en.lproj/InfoPlist.strings
               INLINE_PRIVATE_FRAMEWORKS = NO
               INSTALLAPI_IGNORE_SKIP_INSTALL = YES
               INSTALLHDRS_COPY_PHASE = NO
               INSTALLHDRS_SCRIPT_PHASE = NO
               INSTALL_DIR = /tmp/Pods.dst/Library/Frameworks
               INSTALL_GROUP = staff
               INSTALL_MODE_FLAG = u+w,go-w,a+rX
               INSTALL_OWNER = otislewis
               INSTALL_PATH = /Library/Frameworks
               INSTALL_ROOT = /tmp/Pods.dst
               IPHONEOS_DEPLOYMENT_TARGET = 13.0
               IS_UNOPTIMIZED_BUILD = NO
               JAVAC_DEFAULT_FLAGS = -J-Xms64m -J-XX:NewSize=4M -J-Dfile.encoding=UTF8
               JAVA_APP_STUB = /System/Library/Frameworks/JavaVM.framework/Resources/MacOS/JavaApplicationStub
               JAVA_ARCHIVE_CLASSES = YES
               JAVA_ARCHIVE_TYPE = JAR
               JAVA_COMPILER = /usr/bin/javac
               JAVA_FOLDER_PATH = RecaptchaInterop.framework/Java
               JAVA_FRAMEWORK_RESOURCES_DIRS = Resources
               JAVA_JAR_FLAGS = cv
               JAVA_SOURCE_SUBDIR = .
               JAVA_USE_DEPENDENCIES = YES
               JAVA_ZIP_FLAGS = -urg
               JIKES_DEFAULT_FLAGS = +E +OLDCSO
               KEEP_PRIVATE_EXTERNS = NO
               LD_DEPENDENCY_INFO_FILE = /Users/otislewis/arena/build/ios/Pods.build/Release-iphonesimulator/RecaptchaInterop.build/Objects-normal/undefined_arch/RecaptchaInterop_dependency_info.dat
               LD_DYLIB_INSTALL_NAME = @rpath/RecaptchaInterop.framework/RecaptchaInterop
               LD_EXPORT_SYMBOLS = YES
               LD_GENERATE_MAP_FILE = NO
               LD_MAP_FILE_PATH = /Users/otislewis/arena/build/ios/Pods.build/Release-iphonesimulator/RecaptchaInterop.build/RecaptchaInterop-LinkMap-normal-undefined_arch.txt
               LD_NO_PIE = NO
               LD_QUOTE_LINKER_ARGUMENTS_FOR_COMPILER_DRIVER = YES
               LD_RUNPATH_SEARCH_PATHS =  @executable_path/Frameworks @loader_path/Frameworks
               LD_SHARED_CACHE_ELIGIBLE = Automatic
               LD_WARN_DUPLICATE_LIBRARIES = NO
               LD_WARN_UNUSED_DYLIBS = NO
               LEGACY_DEVELOPER_DIR = /Applications/Xcode.app/Contents/PlugIns/Xcode3Core.ideplugin/Contents/SharedSupport/Developer
               LEX = lex
               LIBRARY_DEXT_INSTALL_PATH = /Library/DriverExtensions
               LIBRARY_FLAG_NOSPACE = YES
               LIBRARY_FLAG_PREFIX = -l
               LIBRARY_KEXT_INSTALL_PATH = /Library/Extensions
               LIBRARY_SEARCH_PATHS = /Users/otislewis/arena/build/ios/Release-iphonesimulator/RecaptchaInterop 
               LINKER_DISPLAYS_MANGLED_NAMES = NO
               LINK_OBJC_RUNTIME = YES
               LINK_WITH_STANDARD_LIBRARIES = YES
               LLVM_TARGET_TRIPLE_OS_VERSION = ios13.0
               LLVM_TARGET_TRIPLE_SUFFIX = -simulator
               LLVM_TARGET_TRIPLE_VENDOR = apple
               LOCALIZATION_EXPORT_SUPPORTED = YES
               LOCALIZATION_PREFERS_STRING_CATALOGS = NO
               LOCALIZED_RESOURCES_FOLDER_PATH = RecaptchaInterop.framework/en.lproj
               LOCALIZED_STRING_MACRO_NAMES = NSLocalizedString CFCopyLocalizedString
               LOCALIZED_STRING_SWIFTUI_SUPPORT = YES
               LOCAL_ADMIN_APPS_DIR = /Applications/Utilities
               LOCAL_APPS_DIR = /Applications
               LOCAL_DEVELOPER_DIR = /Library/Developer
               LOCAL_LIBRARY_DIR = /Library
               LOCROOT = /Users/otislewis/arena/ios/Pods
               LOCSYMROOT = /Users/otislewis/arena/ios/Pods
               MACH_O_TYPE = mh_dylib
               MAC_OS_X_PRODUCT_BUILD_VERSION = 24F74
               MAC_OS_X_VERSION_ACTUAL = 150500
               MAC_OS_X_VERSION_MAJOR = 150000
               MAC_OS_X_VERSION_MINOR = 150500
               MAKE_MERGEABLE = NO
               MERGEABLE_LIBRARY = NO
               MERGED_BINARY_TYPE = none
               MERGE_LINKED_LIBRARIES = NO
               METAL_LIBRARY_FILE_BASE = default
               METAL_LIBRARY_OUTPUT_DIR = /Users/otislewis/arena/build/ios/Release-iphonesimulator/RecaptchaInterop/RecaptchaInterop.framework
               MODULEMAP_FILE = Target Support Files/RecaptchaInterop/RecaptchaInterop.modulemap
               MODULES_FOLDER_PATH = RecaptchaInterop.framework/Modules
               MTL_ENABLE_DEBUG_INFO = NO
               MTL_FAST_MATH = YES
               NATIVE_ARCH = arm64
               NATIVE_ARCH_32_BIT = arm
               NATIVE_ARCH_64_BIT = arm64
               NATIVE_ARCH_ACTUAL = arm64
               NO_COMMON = YES
               OBJC_ABI_VERSION = 2
               OBJECT_FILE_DIR = /Users/otislewis/arena/build/ios/Pods.build/Release-iphonesimulator/RecaptchaInterop.build/Objects
               OBJECT_FILE_DIR_normal = /Users/otislewis/arena/build/ios/Pods.build/Release-iphonesimulator/RecaptchaInterop.build/Objects-normal
               OBJROOT = /Users/otislewis/arena/build/ios
               ONLY_ACTIVE_ARCH = NO
               OS = MACOS
               OSAC = /usr/bin/osacompile
               PACKAGE_TYPE = com.apple.package-type.wrapper.framework
               PASCAL_STRINGS = YES
               PATH = /Applications/Xcode.app/Contents/SharedFrameworks/SwiftBuild.framework/Versions/A/PlugIns/SWBBuildService.bundle/Contents/PlugIns/SWBUniversalPlatformPlugin.bundle/Contents/Frameworks/SWBUniversalPlatform.framework/Resources:/Applications/Xcode.app/Contents/Developer/Toolchains/XcodeDefault.xctoolchain/usr/bin:/Applications/Xcode.app/Contents/Developer/Toolchains/XcodeDefault.xctoolchain/usr/local/bin:/Applications/Xcode.app/Contents/Developer/Toolchains/XcodeDefault.xctoolchain/usr/libexec:/Applications/Xcode.app/Contents/Developer/Platforms/iPhoneSimulator.platform/usr/bin:/Applications/Xcode.app/Contents/Developer/Platforms/iPhoneSimulator.platform/usr/local/bin:/Applications/Xcode.app/Contents/Developer/Platforms/iPhoneSimulator.platform/Developer/usr/bin:/Applications/Xcode.app/Contents/Developer/Platforms/iPhoneSimulator.platform/Developer/usr/local/bin:/Applications/Xcode.app/Contents/Developer/usr/bin:/Applications/Xcode.app/Contents/Developer/usr/local/bin:/Users/otislewis/.gem/ruby/3.3.0/bin:/opt/homebrew/bin:/opt/homebrew/sbin:/usr/local/bin:/System/Cryptexes/App/usr/bin:/usr/bin:/bin:/usr/sbin:/sbin:/var/run/com.apple.security.cryptexd/codex.system/bootstrap/usr/local/bin:/var/run/com.apple.security.cryptexd/codex.system/bootstrap/usr/bin:/var/run/com.apple.security.cryptexd/codex.system/bootstrap/usr/appleinternal/bin:/Library/Apple/usr/bin:/opt/homebrew/Caskroom/flutter/3.32.0/flutter/bin:/Users/otislewis/Library/Android/sdk/emulator:/Users/otislewis/Library/Android/sdk/tools:/Users/otislewis/Library/Android/sdk/tools/bin:/Users/otislewis/Library/Android/sdk/platform-tools:/opt/homebrew/Caskroom/flutter/3.32.0/flutter/bin/cache/dart-sdk/bin
               PATH_PREFIXES_EXCLUDED_FROM_HEADER_DEPENDENCIES = /usr/include /usr/local/include /System/Library/Frameworks /System/Library/PrivateFrameworks /Applications/Xcode.app/Contents/Developer/Headers /Applications/Xcode.app/Contents/Developer/SDKs /Applications/Xcode.app/Contents/Developer/Platforms
               PBDEVELOPMENTPLIST_PATH = RecaptchaInterop.framework/pbdevelopment.plist
               PER_ARCH_MODULE_FILE_DIR = /Users/otislewis/arena/build/ios/Pods.build/Release-iphonesimulator/RecaptchaInterop.build/Objects-normal/undefined_arch
               PER_ARCH_OBJECT_FILE_DIR = /Users/otislewis/arena/build/ios/Pods.build/Release-iphonesimulator/RecaptchaInterop.build/Objects-normal/undefined_arch
               PER_VARIANT_OBJECT_FILE_DIR = /Users/otislewis/arena/build/ios/Pods.build/Release-iphonesimulator/RecaptchaInterop.build/Objects-normal
               PKGINFO_FILE_PATH = /Users/otislewis/arena/build/ios/Pods.build/Release-iphonesimulator/RecaptchaInterop.build/PkgInfo
               PKGINFO_PATH = RecaptchaInterop.framework/PkgInfo
               PLATFORM_DEVELOPER_APPLICATIONS_DIR = /Applications/Xcode.app/Contents/Developer/Platforms/iPhoneSimulator.platform/Developer/Applications
               PLATFORM_DEVELOPER_BIN_DIR = /Applications/Xcode.app/Contents/Developer/Platforms/iPhoneSimulator.platform/Developer/usr/bin
               PLATFORM_DEVELOPER_LIBRARY_DIR = /Applications/Xcode.app/Contents/Developer/Platforms/iPhoneSimulator.platform/Developer/Library
               PLATFORM_DEVELOPER_SDK_DIR = /Applications/Xcode.app/Contents/Developer/Platforms/iPhoneSimulator.platform/Developer/SDKs
               PLATFORM_DEVELOPER_TOOLS_DIR = /Applications/Xcode.app/Contents/Developer/Platforms/iPhoneSimulator.platform/Developer/Tools
               PLATFORM_DEVELOPER_USR_DIR = /Applications/Xcode.app/Contents/Developer/Platforms/iPhoneSimulator.platform/Developer/usr
               PLATFORM_DIR = /Applications/Xcode.app/Contents/Developer/Platforms/iPhoneSimulator.platform
               PLATFORM_DISPLAY_NAME = iOS Simulator
               PLATFORM_FAMILY_NAME = iOS
               PLATFORM_NAME = iphonesimulator
               PLATFORM_PREFERRED_ARCH = x86_64
               PLATFORM_PRODUCT_BUILD_VERSION = 22E235
               PLATFORM_REQUIRES_SWIFT_AUTOLINK_EXTRACT = NO
               PLATFORM_REQUIRES_SWIFT_MODULEWRAP = NO
               PLIST_FILE_OUTPUT_FORMAT = binary
               PLUGINS_FOLDER_PATH = RecaptchaInterop.framework/PlugIns
               PODS_BUILD_DIR = /Users/otislewis/arena/build/ios
               PODS_CONFIGURATION_BUILD_DIR = /Users/otislewis/arena/build/ios/Release-iphonesimulator
               PODS_DEVELOPMENT_LANGUAGE = en
               PODS_ROOT = /Users/otislewis/arena/ios/Pods
               PODS_TARGET_SRCROOT = /Users/otislewis/arena/ios/Pods/RecaptchaInterop
               PODS_XCFRAMEWORKS_BUILD_DIR = /Users/otislewis/arena/build/ios/Release-iphonesimulator/XCFrameworkIntermediates
               PRECOMPS_INCLUDE_HEADERS_FROM_BUILT_PRODUCTS_DIR = YES
               PRECOMP_DESTINATION_DIR = /Users/otislewis/arena/build/ios/Pods.build/Release-iphonesimulator/RecaptchaInterop.build/PrefixHeaders
               PRIVATE_HEADERS_FOLDER_PATH = RecaptchaInterop.framework/PrivateHeaders
               PROCESSED_INFOPLIST_PATH = /Users/otislewis/arena/build/ios/Pods.build/Release-iphonesimulator/RecaptchaInterop.build/Objects-normal/undefined_arch/Processed-Info.plist
               PRODUCT_BUNDLE_IDENTIFIER = org.cocoapods.RecaptchaInterop
               PRODUCT_BUNDLE_PACKAGE_TYPE = FMWK
               PRODUCT_MODULE_NAME = RecaptchaInterop
               PRODUCT_NAME = RecaptchaInterop
               PRODUCT_SETTINGS_PATH = /Users/otislewis/arena/ios/Pods/Target Support Files/RecaptchaInterop/RecaptchaInterop-Info.plist
               PRODUCT_TYPE = com.apple.product-type.framework
               PROFILING_CODE = NO
               PROJECT = Pods
               PROJECT_DERIVED_FILE_DIR = /Users/otislewis/arena/build/ios/Pods.build/DerivedSources
               PROJECT_DIR = /Users/otislewis/arena/ios/Pods
               PROJECT_FILE_PATH = /Users/otislewis/arena/ios/Pods/Pods.xcodeproj
               PROJECT_GUID = bfdfe7dc352907fc980b868725387e98
               PROJECT_NAME = Pods
               PROJECT_TEMP_DIR = /Users/otislewis/arena/build/ios/Pods.build
               PROJECT_TEMP_ROOT = /Users/otislewis/arena/build/ios
               PUBLIC_HEADERS_FOLDER_PATH = RecaptchaInterop.framework/Headers
               RECOMMENDED_IPHONEOS_DEPLOYMENT_TARGET = 15.0
               RECURSIVE_SEARCH_PATHS_FOLLOW_SYMLINKS = YES
               REMOVE_CVS_FROM_RESOURCES = YES
               REMOVE_GIT_FROM_RESOURCES = YES
               REMOVE_HEADERS_FROM_EMBEDDED_BUNDLES = YES
               REMOVE_HG_FROM_RESOURCES = YES
               REMOVE_STATIC_EXECUTABLES_FROM_EMBEDDED_BUNDLES = YES
               REMOVE_SVN_FROM_RESOURCES = YES
               RESCHEDULE_INDEPENDENT_HEADERS_PHASES = YES
               REZ_COLLECTOR_DIR = /Users/otislewis/arena/build/ios/Pods.build/Release-iphonesimulator/RecaptchaInterop.build/ResourceManagerResources
               REZ_OBJECTS_DIR = /Users/otislewis/arena/build/ios/Pods.build/Release-iphonesimulator/RecaptchaInterop.build/ResourceManagerResources/Objects
               REZ_SEARCH_PATHS = /Users/otislewis/arena/build/ios/Release-iphonesimulator/RecaptchaInterop 
               SCAN_ALL_SOURCE_FILES_FOR_INCLUDES = NO
               SCRIPTS_FOLDER_PATH = RecaptchaInterop.framework/Scripts
               SDKROOT = /Applications/Xcode.app/Contents/Developer/Platforms/iPhoneSimulator.platform/Developer/SDKs/iPhoneSimulator18.4.sdk
               SDK_DIR = /Applications/Xcode.app/Contents/Developer/Platforms/iPhoneSimulator.platform/Developer/SDKs/iPhoneSimulator18.4.sdk
               SDK_DIR_iphonesimulator = /Applications/Xcode.app/Contents/Developer/Platforms/iPhoneSimulator.platform/Developer/SDKs/iPhoneSimulator18.4.sdk
               SDK_DIR_iphonesimulator18_4 = /Applications/Xcode.app/Contents/Developer/Platforms/iPhoneSimulator.platform/Developer/SDKs/iPhoneSimulator18.4.sdk
               SDK_NAME = iphonesimulator18.4
               SDK_NAMES = iphonesimulator18.4
               SDK_PRODUCT_BUILD_VERSION = 22E235
               SDK_STAT_CACHE_DIR = /var/folders/4y/xy3fflts0nqfk1tsxg0t3mmr0000gn/C/com.apple.DeveloperTools/16.3-16E140/Xcode
               SDK_STAT_CACHE_ENABLE = YES
               SDK_STAT_CACHE_PATH = /var/folders/4y/xy3fflts0nqfk1tsxg0t3mmr0000gn/C/com.apple.DeveloperTools/16.3-16E140/Xcode/SDKStatCaches.noindex/iphonesimulator18.4-22E235-71825a6d136aa4733edcbe86ece5525b.sdkstatcache
               SDK_VERSION = 18.4
               SDK_VERSION_ACTUAL = 180400
               SDK_VERSION_MAJOR = 180000
               SDK_VERSION_MINOR = 180400
               SED = /usr/bin/sed
               SEPARATE_STRIP = NO
               SEPARATE_SYMBOL_EDIT = NO
               SET_DIR_MODE_OWNER_GROUP = YES
               SET_FILE_MODE_OWNER_GROUP = NO
               SHALLOW_BUNDLE = YES
               SHALLOW_BUNDLE_TRIPLE = ios-simulator
               SHALLOW_BUNDLE_ios_macabi = NO
               SHALLOW_BUNDLE_macos = NO
               SHARED_DERIVED_FILE_DIR = /Users/otislewis/arena/build/ios/Release-iphonesimulator/RecaptchaInterop/DerivedSources
               SHARED_FRAMEWORKS_FOLDER_PATH = RecaptchaInterop.framework/SharedFrameworks
               SHARED_PRECOMPS_DIR = /Users/otislewis/arena/build/ios/SharedPrecompiledHeaders
               SHARED_SUPPORT_FOLDER_PATH = RecaptchaInterop.framework
               SKIP_INSTALL = YES
               SOURCE_ROOT = /Users/otislewis/arena/ios/Pods
               SRCROOT = /Users/otislewis/arena/ios/Pods
               STRINGSDATA_DIR = /Users/otislewis/arena/build/ios/Pods.build/Release-iphonesimulator/RecaptchaInterop.build/Objects-normal/undefined_arch
               STRINGSDATA_ROOT = /Users/otislewis/arena/build/ios/Pods.build/Release-iphonesimulator/RecaptchaInterop.build
               STRINGS_FILE_INFOPLIST_RENAME = YES
               STRINGS_FILE_OUTPUT_ENCODING = binary
               STRIP_BITCODE_FROM_COPIED_FILES = NO
               STRIP_INSTALLED_PRODUCT = NO
               STRIP_STYLE = debugging
               STRIP_SWIFT_SYMBOLS = YES
               SUPPORTED_DEVICE_FAMILIES = 1,2
               SUPPORTED_PLATFORMS = iphoneos iphonesimulator
               SUPPORTS_TEXT_BASED_API = NO
               SUPPRESS_WARNINGS = NO
               SWIFT_ACTIVE_COMPILATION_CONDITIONS =  
               SWIFT_COMPILATION_MODE = wholemodule
               SWIFT_EMIT_LOC_STRINGS = NO
               SWIFT_INSTALL_MODULE_FOR_DEPLOYMENT = YES
               SWIFT_INSTALL_OBJC_HEADER = YES
               SWIFT_OPTIMIZATION_LEVEL = -O
               SWIFT_PLATFORM_TARGET_PREFIX = ios
               SWIFT_VERSION = 5.0
               SYMROOT = /Users/otislewis/arena/ios/build
               SYSTEM_ADMIN_APPS_DIR = /Applications/Utilities
               SYSTEM_APPS_DIR = /Applications
               SYSTEM_CORE_SERVICES_DIR = /System/Library/CoreServices
               SYSTEM_DEMOS_DIR = /Applications/Extras
               SYSTEM_DEVELOPER_APPS_DIR = /Applications/Xcode.app/Contents/Developer/Applications
               SYSTEM_DEVELOPER_BIN_DIR = /Applications/Xcode.app/Contents/Developer/usr/bin
               SYSTEM_DEVELOPER_DEMOS_DIR = /Applications/Xcode.app/Contents/Developer/Applications/Utilities/Built Examples
               SYSTEM_DEVELOPER_DIR = /Applications/Xcode.app/Contents/Developer
               SYSTEM_DEVELOPER_DOC_DIR = /Applications/Xcode.app/Contents/Developer/ADC Reference Library
               SYSTEM_DEVELOPER_GRAPHICS_TOOLS_DIR = /Applications/Xcode.app/Contents/Developer/Applications/Graphics Tools
               SYSTEM_DEVELOPER_JAVA_TOOLS_DIR = /Applications/Xcode.app/Contents/Developer/Applications/Java Tools
               SYSTEM_DEVELOPER_PERFORMANCE_TOOLS_DIR = /Applications/Xcode.app/Contents/Developer/Applications/Performance Tools
               SYSTEM_DEVELOPER_RELEASENOTES_DIR = /Applications/Xcode.app/Contents/Developer/ADC Reference Library/releasenotes
               SYSTEM_DEVELOPER_TOOLS = /Applications/Xcode.app/Contents/Developer/Tools
               SYSTEM_DEVELOPER_TOOLS_DOC_DIR = /Applications/Xcode.app/Contents/Developer/ADC Reference Library/documentation/DeveloperTools
               SYSTEM_DEVELOPER_TOOLS_RELEASENOTES_DIR = /Applications/Xcode.app/Contents/Developer/ADC Reference Library/releasenotes/DeveloperTools
               SYSTEM_DEVELOPER_USR_DIR = /Applications/Xcode.app/Contents/Developer/usr
               SYSTEM_DEVELOPER_UTILITIES_DIR = /Applications/Xcode.app/Contents/Developer/Applications/Utilities
               SYSTEM_DEXT_INSTALL_PATH = /System/Library/DriverExtensions
               SYSTEM_DOCUMENTATION_DIR = /Library/Documentation
               SYSTEM_EXTENSIONS_FOLDER_PATH = RecaptchaInterop.framework/SystemExtensions
               SYSTEM_EXTENSIONS_FOLDER_PATH_SHALLOW_BUNDLE_NO = RecaptchaInterop.framework/Library/SystemExtensions
               SYSTEM_EXTENSIONS_FOLDER_PATH_SHALLOW_BUNDLE_YES = RecaptchaInterop.framework/SystemExtensions
               SYSTEM_KEXT_INSTALL_PATH = /System/Library/Extensions
               SYSTEM_LIBRARY_DIR = /System/Library
               TAPI_DEMANGLE = YES
               TAPI_ENABLE_PROJECT_HEADERS = NO
               TAPI_LANGUAGE = objective-c
               TAPI_LANGUAGE_STANDARD = compiler-default
               TAPI_USE_SRCROOT = YES
               TAPI_VERIFY_MODE = Pedantic
               TARGETED_DEVICE_FAMILY = 1,2
               TARGETNAME = RecaptchaInterop
               TARGET_BUILD_DIR = /Users/otislewis/arena/build/ios/Release-iphonesimulator/RecaptchaInterop
               TARGET_NAME = RecaptchaInterop
               TARGET_TEMP_DIR = /Users/otislewis/arena/build/ios/Pods.build/Release-iphonesimulator/RecaptchaInterop.build
               TEMP_DIR = /Users/otislewis/arena/build/ios/Pods.build/Release-iphonesimulator/RecaptchaInterop.build
               TEMP_FILES_DIR = /Users/otislewis/arena/build/ios/Pods.build/Release-iphonesimulator/RecaptchaInterop.build
               TEMP_FILE_DIR = /Users/otislewis/arena/build/ios/Pods.build/Release-iphonesimulator/RecaptchaInterop.build
               TEMP_ROOT = /Users/otislewis/arena/build/ios
               TEMP_SANDBOX_DIR = /Users/otislewis/arena/build/ios/TemporaryTaskSandboxes
               TEST_FRAMEWORK_SEARCH_PATHS =  /Applications/Xcode.app/Contents/Developer/Platforms/iPhoneSimulator.platform/Developer/Library/Frameworks /Applications/Xcode.app/Contents/Developer/Platforms/iPhoneSimulator.platform/Developer/SDKs/iPhoneSimulator18.4.sdk/Developer/Library/Frameworks
               TEST_LIBRARY_SEARCH_PATHS =  /Applications/Xcode.app/Contents/Developer/Platforms/iPhoneSimulator.platform/Developer/usr/lib
               TOOLCHAINS = com.apple.dt.toolchain.XcodeDefault
               TOOLCHAIN_DIR = /Applications/Xcode.app/Contents/Developer/Toolchains/XcodeDefault.xctoolchain
               TREAT_MISSING_BASELINES_AS_TEST_FAILURES = NO
               TREAT_MISSING_SCRIPT_PHASE_OUTPUTS_AS_ERRORS = NO
               UID = 501
               UNINSTALLED_PRODUCTS_DIR = /Users/otislewis/arena/build/ios/UninstalledProducts
               UNLOCALIZED_RESOURCES_FOLDER_PATH = RecaptchaInterop.framework
               UNLOCALIZED_RESOURCES_FOLDER_PATH_SHALLOW_BUNDLE_NO = RecaptchaInterop.framework/Resources
               UNLOCALIZED_RESOURCES_FOLDER_PATH_SHALLOW_BUNDLE_YES = RecaptchaInterop.framework
               UNSTRIPPED_PRODUCT = NO
               USER = otislewis
               USER_APPS_DIR = /Users/otislewis/Applications
               USER_LIBRARY_DIR = /Users/otislewis/Library
               USE_DYNAMIC_NO_PIC = YES
               USE_HEADERMAP = YES
               USE_HEADER_SYMLINKS = NO
               USE_RECURSIVE_SCRIPT_INPUTS_IN_SCRIPT_PHASES = YES
               VALIDATE_DEVELOPMENT_ASSET_PATHS = YES_ERROR
               VALIDATE_PRODUCT = YES
               VALID_ARCHS = arm64
               VERBOSE_PBXCP = NO
               VERSIONING_SYSTEM = apple-generic
               VERSIONPLIST_PATH = RecaptchaInterop.framework/version.plist
               VERSIONS_FOLDER_PATH = RecaptchaInterop.framework
               VERSIONS_FOLDER_PATH_SHALLOW_BUNDLE_NO = RecaptchaInterop.framework/Versions
               VERSIONS_FOLDER_PATH_SHALLOW_BUNDLE_YES = RecaptchaInterop.framework
               VERSION_INFO_BUILDER = otislewis
               VERSION_INFO_FILE = RecaptchaInterop_vers.c
               VERSION_INFO_STRING = "@(#)PROGRAM:RecaptchaInterop  PROJECT:Pods-1"
               WORKSPACE_DIR = /Users/otislewis/arena/ios/Pods/Pods.xcodeproj
               WRAPPER_EXTENSION = framework
               WRAPPER_NAME = RecaptchaInterop.framework
               WRAPPER_SUFFIX = .framework
               WRAP_ASSET_PACKS_IN_SEPARATE_DIRECTORIES = NO
               XCODE_APP_SUPPORT_DIR = /Applications/Xcode.app/Contents/Developer/Library/Xcode
               XCODE_PRODUCT_BUILD_VERSION = 16E140
               XCODE_VERSION_ACTUAL = 1630
               XCODE_VERSION_MAJOR = 1600
               XCODE_VERSION_MINOR = 1630
               XPCSERVICES_FOLDER_PATH = RecaptchaInterop.framework/XPCServices
               YACC = yacc
               _DISCOVER_COMMAND_LINE_LINKER_INPUTS = YES
               _DISCOVER_COMMAND_LINE_LINKER_INPUTS_INCLUDE_WL = YES
               _WRAPPER_CONTENTS_DIR_SHALLOW_BUNDLE_NO = /Contents
               _WRAPPER_PARENT_PATH_SHALLOW_BUNDLE_NO = /..
               _WRAPPER_RESOURCES_DIR_SHALLOW_BUNDLE_NO = /Resources
               __DIAGNOSE_DEPRECATED_ARCHS = YES
               arch = undefined_arch
               variant = normal

           Build settings for action build and target abseil:
               ACTION = build
               AD_HOC_CODE_SIGNING_ALLOWED = YES
               ALLOW_BUILD_REQUEST_OVERRIDES = NO
               ALLOW_TARGET_PLATFORM_SPECIALIZATION = NO
               ALTERNATE_GROUP = staff
               ALTERNATE_MODE = u+w,go-w,a+rX
               ALTERNATE_OWNER = otislewis
               ALTERNATIVE_DISTRIBUTION_WEB = NO
               ALWAYS_EMBED_SWIFT_STANDARD_LIBRARIES = NO
               ALWAYS_SEARCH_USER_PATHS = NO
               ALWAYS_USE_SEPARATE_HEADERMAPS = NO
               APPLICATION_EXTENSION_API_ONLY = NO
               APPLY_RULES_IN_COPY_FILES = NO
               APPLY_RULES_IN_COPY_HEADERS = NO
               APP_SHORTCUTS_ENABLE_FLEXIBLE_MATCHING = YES
               ARCHS_STANDARD = arm64 x86_64
               ARCHS_STANDARD_32_64_BIT = arm64 x86_64
               ARCHS_STANDARD_64_BIT = arm64 x86_64
               ARCHS_STANDARD_INCLUDING_64_BIT = arm64 x86_64
               ARCHS_UNIVERSAL_IPHONE_OS = arm64 x86_64
               AUTOMATICALLY_MERGE_DEPENDENCIES = NO
               AVAILABLE_PLATFORMS = android appletvos appletvsimulator driverkit iphoneos iphonesimulator macosx qnx watchos watchsimulator xros xrsimulator
               BITCODE_GENERATION_MODE = marker
               BUILD_ACTIVE_RESOURCES_ONLY = NO
               BUILD_COMPONENTS = headers build
               BUILD_DIR = /Users/otislewis/arena/build/ios
               BUILD_LIBRARY_FOR_DISTRIBUTION = NO
               BUILD_ROOT = /Users/otislewis/arena/ios/build
               BUILD_STYLE = 
               BUILD_VARIANTS = normal
               BUILT_PRODUCTS_DIR = /Users/otislewis/arena/build/ios/Release-iphonesimulator/abseil
               BUNDLE_CONTENTS_FOLDER_PATH_deep = Contents/
               BUNDLE_EXECUTABLE_FOLDER_NAME_deep = MacOS
               BUNDLE_EXTENSIONS_FOLDER_PATH = Extensions
               BUNDLE_FORMAT = shallow
               BUNDLE_FRAMEWORKS_FOLDER_PATH = Frameworks
               BUNDLE_PLUGINS_FOLDER_PATH = PlugIns
               BUNDLE_PRIVATE_HEADERS_FOLDER_PATH = PrivateHeaders
               BUNDLE_PUBLIC_HEADERS_FOLDER_PATH = Headers
               CACHE_ROOT = /var/folders/4y/xy3fflts0nqfk1tsxg0t3mmr0000gn/C/com.apple.DeveloperTools/16.3-16E140/Xcode
               CCHROOT = /var/folders/4y/xy3fflts0nqfk1tsxg0t3mmr0000gn/C/com.apple.DeveloperTools/16.3-16E140/Xcode
               CHMOD = /bin/chmod
               CHOWN = /usr/sbin/chown
               CLANG_ANALYZER_LOCALIZABILITY_NONLOCALIZED = YES
               CLANG_ANALYZER_NONNULL = YES
               CLANG_ANALYZER_NUMBER_OBJECT_CONVERSION = YES_AGGRESSIVE
               CLANG_CACHE_FINE_GRAINED_OUTPUTS = YES
               CLANG_CXX_LANGUAGE_STANDARD = gnu++14
               CLANG_CXX_LIBRARY = libc++
               CLANG_ENABLE_EXPLICIT_MODULES = YES
               CLANG_ENABLE_MODULES = YES
               CLANG_ENABLE_OBJC_ARC = YES
               CLANG_ENABLE_OBJC_WEAK = YES
               CLANG_MODULES_BUILD_SESSION_FILE = /var/folders/4y/xy3fflts0nqfk1tsxg0t3mmr0000gn/C/org.llvm.clang/ModuleCache.noindex/Session.modulevalidation
               CLANG_WARN_BLOCK_CAPTURE_AUTORELEASING = YES
               CLANG_WARN_BOOL_CONVERSION = YES
               CLANG_WARN_COMMA = YES
               CLANG_WARN_CONSTANT_CONVERSION = YES
               CLANG_WARN_DEPRECATED_OBJC_IMPLEMENTATIONS = YES
               CLANG_WARN_DIRECT_OBJC_ISA_USAGE = YES_ERROR
               CLANG_WARN_DOCUMENTATION_COMMENTS = YES
               CLANG_WARN_EMPTY_BODY = YES
               CLANG_WARN_ENUM_CONVERSION = YES
               CLANG_WARN_INFINITE_RECURSION = YES
               CLANG_WARN_INT_CONVERSION = YES
               CLANG_WARN_NON_LITERAL_NULL_CONVERSION = YES
               CLANG_WARN_OBJC_IMPLICIT_RETAIN_SELF = YES
               CLANG_WARN_OBJC_LITERAL_CONVERSION = YES
               CLANG_WARN_OBJC_ROOT_CLASS = YES_ERROR
               CLANG_WARN_QUOTED_INCLUDE_IN_FRAMEWORK_HEADER = NO
               CLANG_WARN_RANGE_LOOP_ANALYSIS = YES
               CLANG_WARN_STRICT_PROTOTYPES = YES
               CLANG_WARN_SUSPICIOUS_MOVE = YES
               CLANG_WARN_UNGUARDED_AVAILABILITY = YES_AGGRESSIVE
               CLANG_WARN_UNREACHABLE_CODE = YES
               CLANG_WARN__DUPLICATE_METHOD_MATCH = YES
               CLASS_FILE_DIR = /Users/otislewis/arena/build/ios/Pods.build/Release-iphonesimulator/abseil.build/JavaClasses
               CLEAN_PRECOMPS = YES
               CLONE_HEADERS = NO
               CODESIGNING_FOLDER_PATH = /Users/otislewis/arena/build/ios/Release-iphonesimulator/abseil/absl.framework
               CODE_SIGNING_ALLOWED = YES
               CODE_SIGNING_REQUIRED = NO
               CODE_SIGNING_REQUIRES_TEAM = YES
               CODE_SIGN_CONTEXT_CLASS = XCiPhoneSimulatorCodeSignContext
               CODE_SIGN_IDENTITY = -
               CODE_SIGN_INJECT_BASE_ENTITLEMENTS = YES
               COLOR_DIAGNOSTICS = NO
               COMBINE_HIDPI_IMAGES = NO
               COMPILATION_CACHE_CAS_PATH = /var/folders/4y/xy3fflts0nqfk1tsxg0t3mmr0000gn/C/com.apple.DeveloperTools/16.3-16E140/Xcode/CompilationCache.noindex
               COMPILATION_CACHE_KEEP_CAS_DIRECTORY = YES
               COMPILER_INDEX_STORE_ENABLE = Default
               COMPOSITE_SDK_DIRS = /Users/otislewis/arena/build/ios/CompositeSDKs
               COMPRESS_PNG_FILES = YES
               CONFIGURATION = Release
               CONFIGURATION_BUILD_DIR = /Users/otislewis/arena/build/ios/Release-iphonesimulator/abseil
               CONFIGURATION_TEMP_DIR = /Users/otislewis/arena/build/ios/Pods.build/Release-iphonesimulator
               CONTENTS_FOLDER_PATH = absl.framework
               CONTENTS_FOLDER_PATH_SHALLOW_BUNDLE_NO = absl.framework/A
               CONTENTS_FOLDER_PATH_SHALLOW_BUNDLE_YES = absl.framework
               COPYING_PRESERVES_HFS_DATA = NO
               COPY_HEADERS_RUN_UNIFDEF = NO
               COPY_PHASE_STRIP = NO
               CORRESPONDING_DEVICE_PLATFORM_DIR = /Applications/Xcode.app/Contents/Developer/Platforms/iPhoneOS.platform
               CORRESPONDING_DEVICE_PLATFORM_NAME = iphoneos
               CORRESPONDING_DEVICE_SDK_DIR = /Applications/Xcode.app/Contents/Developer/Platforms/iPhoneOS.platform/Developer/SDKs/iPhoneOS18.4.sdk
               CORRESPONDING_DEVICE_SDK_NAME = iphoneos18.4
               CP = /bin/cp
               CREATE_INFOPLIST_SECTION_IN_BINARY = NO
               CURRENT_ARCH = undefined_arch
               CURRENT_PROJECT_VERSION = 1
               CURRENT_VARIANT = normal
               CURRENT_VERSION = Current
               DEAD_CODE_STRIPPING = YES
               DEBUGGING_SYMBOLS = YES
               DEBUG_INFORMATION_FORMAT = dwarf-with-dsym
               DEBUG_INFORMATION_VERSION = compiler-default
               DEFAULT_COMPILER = com.apple.compilers.llvm.clang.1_0
               DEFAULT_DEXT_INSTALL_PATH = /System/Library/DriverExtensions
               DEFAULT_KEXT_INSTALL_PATH = /System/Library/Extensions
               DEFINES_MODULE = YES
               DEPLOYMENT_LOCATION = NO
               DEPLOYMENT_POSTPROCESSING = NO
               DEPLOYMENT_TARGET_SETTING_NAME = IPHONEOS_DEPLOYMENT_TARGET
               DEPLOYMENT_TARGET_SUGGESTED_VALUES = 12.0 12.1 12.2 12.3 12.4 13.0 13.1 13.2 13.3 13.4 13.5 13.6 14.0 14.1 14.2 14.3 14.4 14.5 14.6 14.7 15.0 15.1 15.2 15.3 15.4 15.5 15.6 16.0 16.1 16.2 16.3 16.4 16.5 16.6 17.0 17.1 17.2 17.3 17.4 17.5 17.6 18.0 18.1 18.2 18.3 18.4
               DERIVED_FILES_DIR = /Users/otislewis/arena/build/ios/Pods.build/Release-iphonesimulator/abseil.build/DerivedSources
               DERIVED_FILE_DIR = /Users/otislewis/arena/build/ios/Pods.build/Release-iphonesimulator/abseil.build/DerivedSources
               DERIVED_SOURCES_DIR = /Users/otislewis/arena/build/ios/Pods.build/Release-iphonesimulator/abseil.build/DerivedSources
               DEVELOPER_APPLICATIONS_DIR = /Applications/Xcode.app/Contents/Developer/Applications
               DEVELOPER_BIN_DIR = /Applications/Xcode.app/Contents/Developer/usr/bin
               DEVELOPER_DIR = /Applications/Xcode.app/Contents/Developer
               DEVELOPER_FRAMEWORKS_DIR = /Applications/Xcode.app/Contents/Developer/Library/Frameworks
               DEVELOPER_FRAMEWORKS_DIR_QUOTED = /Applications/Xcode.app/Contents/Developer/Library/Frameworks
               DEVELOPER_LIBRARY_DIR = /Applications/Xcode.app/Contents/Developer/Library
               DEVELOPER_SDK_DIR = /Applications/Xcode.app/Contents/Developer/Platforms/MacOSX.platform/Developer/SDKs
               DEVELOPER_TOOLS_DIR = /Applications/Xcode.app/Contents/Developer/Tools
               DEVELOPER_USR_DIR = /Applications/Xcode.app/Contents/Developer/usr
               DEVELOPMENT_LANGUAGE = en
               DIAGNOSE_MISSING_TARGET_DEPENDENCIES = YES
               DIFF = /usr/bin/diff
               DOCUMENTATION_FOLDER_PATH = absl.framework/en.lproj/Documentation
               DONT_GENERATE_INFOPLIST_FILE = NO
               DSTROOT = /tmp/Pods.dst
               DT_TOOLCHAIN_DIR = /Applications/Xcode.app/Contents/Developer/Toolchains/XcodeDefault.xctoolchain
               DWARF_DSYM_FILE_NAME = absl.framework.dSYM
               DWARF_DSYM_FILE_SHOULD_ACCOMPANY_PRODUCT = NO
               DWARF_DSYM_FOLDER_PATH = /Users/otislewis/arena/build/ios/Release-iphonesimulator/abseil
               DYLIB_COMPATIBILITY_VERSION = 1
               DYLIB_CURRENT_VERSION = 1
               DYLIB_INSTALL_NAME_BASE = @rpath
               DYNAMIC_LIBRARY_EXTENSION = dylib
               EAGER_COMPILATION_ALLOW_SCRIPTS = NO
               EAGER_LINKING = NO
               EFFECTIVE_PLATFORM_NAME = -iphonesimulator
               EMBEDDED_CONTENT_CONTAINS_SWIFT = NO
               EMBED_ASSET_PACKS_IN_PRODUCT_BUNDLE = NO
               ENABLE_APP_SANDBOX = NO
               ENABLE_BITCODE = NO
               ENABLE_CODE_COVERAGE = YES
               ENABLE_DEFAULT_HEADER_SEARCH_PATHS = YES
               ENABLE_DEFAULT_SEARCH_PATHS = YES
               ENABLE_HARDENED_RUNTIME = NO
               ENABLE_HEADER_DEPENDENCIES = YES
               ENABLE_INCOMING_NETWORK_CONNECTIONS = NO
               ENABLE_MODULE_VERIFIER = NO
               ENABLE_NS_ASSERTIONS = NO
               ENABLE_ON_DEMAND_RESOURCES = NO
               ENABLE_OUTGOING_NETWORK_CONNECTIONS = NO
               ENABLE_RESOURCE_ACCESS_AUDIO_INPUT = NO
               ENABLE_RESOURCE_ACCESS_BLUETOOTH = NO
               ENABLE_RESOURCE_ACCESS_CALENDARS = NO
               ENABLE_RESOURCE_ACCESS_CAMERA = NO
               ENABLE_RESOURCE_ACCESS_CONTACTS = NO
               ENABLE_RESOURCE_ACCESS_LOCATION = NO
               ENABLE_RESOURCE_ACCESS_PRINTING = NO
               ENABLE_RESOURCE_ACCESS_USB = NO
               ENABLE_SDK_IMPORTS = NO
               ENABLE_STRICT_OBJC_MSGSEND = YES
               ENABLE_TESTABILITY = NO
               ENABLE_TESTING_SEARCH_PATHS = NO
               ENABLE_USER_SCRIPT_SANDBOXING = NO
               ENFORCE_VALID_ARCHS = YES
               ENTITLEMENTS_DESTINATION = __entitlements
               ENTITLEMENTS_REQUIRED = NO
               EXCLUDED_ARCHS = arm64
               EXCLUDED_INSTALLSRC_SUBDIRECTORY_PATTERNS = .DS_Store .svn .git .hg CVS
               EXCLUDED_RECURSIVE_SEARCH_PATH_SUBDIRECTORIES = *.nib *.lproj *.framework *.gch *.xcode* *.xcassets (*) .DS_Store CVS .svn .git .hg *.pbproj *.pbxproj
               EXECUTABLES_FOLDER_PATH = absl.framework/en.lproj
               EXECUTABLE_FOLDER_PATH = absl.framework
               EXECUTABLE_FOLDER_PATH_SHALLOW_BUNDLE_NO = absl.framework
               EXECUTABLE_FOLDER_PATH_SHALLOW_BUNDLE_YES = absl.framework
               EXECUTABLE_NAME = absl
               EXECUTABLE_PATH = absl.framework/absl
               EXTENSIONS_FOLDER_PATH = absl.framework/Extensions
               FILE_LIST = /Users/otislewis/arena/build/ios/Pods.build/Release-iphonesimulator/abseil.build/Objects/LinkFileList
               FIXED_FILES_DIR = /Users/otislewis/arena/build/ios/Pods.build/Release-iphonesimulator/abseil.build/FixedFiles
               FRAMEWORKS_FOLDER_PATH = absl.framework/Frameworks
               FRAMEWORK_FLAG_PREFIX = -framework
               FRAMEWORK_SEARCH_PATHS = /Users/otislewis/arena/build/ios/Release-iphonesimulator/abseil 
               FRAMEWORK_VERSION = A
               FULL_PRODUCT_NAME = absl.framework
               FUSE_BUILD_PHASES = YES
               FUSE_BUILD_SCRIPT_PHASES = NO
               GCC3_VERSION = 3.3
               GCC_C_LANGUAGE_STANDARD = gnu11
               GCC_INLINES_ARE_PRIVATE_EXTERN = YES
               GCC_NO_COMMON_BLOCKS = YES
               GCC_OBJC_LEGACY_DISPATCH = YES
               GCC_PFE_FILE_C_DIALECTS = c objective-c c++ objective-c++
               GCC_PREFIX_HEADER = Target Support Files/abseil/abseil-prefix.pch
               GCC_PREPROCESSOR_DEFINITIONS = POD_CONFIGURATION_RELEASE=1  COCOAPODS=1
               GCC_TREAT_WARNINGS_AS_ERRORS = NO
               GCC_VERSION = com.apple.compilers.llvm.clang.1_0
               GCC_VERSION_IDENTIFIER = com_apple_compilers_llvm_clang_1_0
               GCC_WARN_64_TO_32_BIT_CONVERSION = YES
               GCC_WARN_ABOUT_RETURN_TYPE = YES_ERROR
               GCC_WARN_UNDECLARED_SELECTOR = YES
               GCC_WARN_UNINITIALIZED_AUTOS = YES_AGGRESSIVE
               GCC_WARN_UNUSED_FUNCTION = YES
               GCC_WARN_UNUSED_VARIABLE = YES
               GENERATED_MODULEMAP_DIR = /Users/otislewis/arena/build/ios/GeneratedModuleMaps-iphonesimulator
               GENERATE_INFOPLIST_FILE = NO
               GENERATE_INTERMEDIATE_TEXT_BASED_STUBS = YES
               GENERATE_MASTER_OBJECT_FILE = NO
               GENERATE_PKGINFO_FILE = NO
               GENERATE_PROFILING_CODE = NO
               GENERATE_TEXT_BASED_STUBS = NO
               GID = 20
               GROUP = staff
               HEADERMAP_INCLUDES_FLAT_ENTRIES_FOR_TARGET_BEING_BUILT = YES
               HEADERMAP_INCLUDES_FRAMEWORK_ENTRIES_FOR_ALL_PRODUCT_TYPES = YES
               HEADERMAP_INCLUDES_FRAMEWORK_ENTRIES_FOR_TARGETS_NOT_BEING_BUILT = YES
               HEADERMAP_INCLUDES_NONPUBLIC_NONPRIVATE_HEADERS = YES
               HEADERMAP_INCLUDES_PROJECT_HEADERS = YES
               HEADERMAP_USES_FRAMEWORK_PREFIX_ENTRIES = YES
               HEADERMAP_USES_VFS = YES
               HEADER_SEARCH_PATHS = /Users/otislewis/arena/build/ios/Release-iphonesimulator/abseil/include 
               HIDE_BITCODE_SYMBOLS = YES
               HOME = /Users/otislewis
               HOST_ARCH = arm64
               HOST_PLATFORM = macosx
               ICONV = /usr/bin/iconv
               IMPLICIT_DEPENDENCY_DOMAIN = default
               INFOPLIST_ENABLE_CFBUNDLEICONS_MERGE = YES
               INFOPLIST_EXPAND_BUILD_SETTINGS = YES
               INFOPLIST_FILE = Target Support Files/abseil/abseil-Info.plist
               INFOPLIST_OUTPUT_FORMAT = binary
               INFOPLIST_PATH = absl.framework/Info.plist
               INFOPLIST_PREPROCESS = NO
               INFOSTRINGS_PATH = absl.framework/en.lproj/InfoPlist.strings
               INLINE_PRIVATE_FRAMEWORKS = NO
               INSTALLAPI_IGNORE_SKIP_INSTALL = YES
               INSTALLHDRS_COPY_PHASE = NO
               INSTALLHDRS_SCRIPT_PHASE = NO
               INSTALL_DIR = /tmp/Pods.dst/Library/Frameworks
               INSTALL_GROUP = staff
               INSTALL_MODE_FLAG = u+w,go-w,a+rX
               INSTALL_OWNER = otislewis
               INSTALL_PATH = /Library/Frameworks
               INSTALL_ROOT = /tmp/Pods.dst
               IPHONEOS_DEPLOYMENT_TARGET = 13.0
               IS_UNOPTIMIZED_BUILD = NO
               JAVAC_DEFAULT_FLAGS = -J-Xms64m -J-XX:NewSize=4M -J-Dfile.encoding=UTF8
               JAVA_APP_STUB = /System/Library/Frameworks/JavaVM.framework/Resources/MacOS/JavaApplicationStub
               JAVA_ARCHIVE_CLASSES = YES
               JAVA_ARCHIVE_TYPE = JAR
               JAVA_COMPILER = /usr/bin/javac
               JAVA_FOLDER_PATH = absl.framework/Java
               JAVA_FRAMEWORK_RESOURCES_DIRS = Resources
               JAVA_JAR_FLAGS = cv
               JAVA_SOURCE_SUBDIR = .
               JAVA_USE_DEPENDENCIES = YES
               JAVA_ZIP_FLAGS = -urg
               JIKES_DEFAULT_FLAGS = +E +OLDCSO
               KEEP_PRIVATE_EXTERNS = NO
               LD_DEPENDENCY_INFO_FILE = /Users/otislewis/arena/build/ios/Pods.build/Release-iphonesimulator/abseil.build/Objects-normal/undefined_arch/absl_dependency_info.dat
               LD_DYLIB_INSTALL_NAME = @rpath/absl.framework/absl
               LD_EXPORT_SYMBOLS = YES
               LD_GENERATE_MAP_FILE = NO
               LD_MAP_FILE_PATH = /Users/otislewis/arena/build/ios/Pods.build/Release-iphonesimulator/abseil.build/absl-LinkMap-normal-undefined_arch.txt
               LD_NO_PIE = NO
               LD_QUOTE_LINKER_ARGUMENTS_FOR_COMPILER_DRIVER = YES
               LD_RUNPATH_SEARCH_PATHS =  @executable_path/Frameworks @loader_path/Frameworks
               LD_SHARED_CACHE_ELIGIBLE = Automatic
               LD_WARN_DUPLICATE_LIBRARIES = NO
               LD_WARN_UNUSED_DYLIBS = NO
               LEGACY_DEVELOPER_DIR = /Applications/Xcode.app/Contents/PlugIns/Xcode3Core.ideplugin/Contents/SharedSupport/Developer
               LEX = lex
               LIBRARY_DEXT_INSTALL_PATH = /Library/DriverExtensions
               LIBRARY_FLAG_NOSPACE = YES
               LIBRARY_FLAG_PREFIX = -l
               LIBRARY_KEXT_INSTALL_PATH = /Library/Extensions
               LIBRARY_SEARCH_PATHS = /Users/otislewis/arena/build/ios/Release-iphonesimulator/abseil 
               LINKER_DISPLAYS_MANGLED_NAMES = NO
               LINK_OBJC_RUNTIME = YES
               LINK_WITH_STANDARD_LIBRARIES = YES
               LLVM_TARGET_TRIPLE_OS_VERSION = ios13.0
               LLVM_TARGET_TRIPLE_SUFFIX = -simulator
               LLVM_TARGET_TRIPLE_VENDOR = apple
               LOCALIZATION_EXPORT_SUPPORTED = YES
               LOCALIZATION_PREFERS_STRING_CATALOGS = NO
               LOCALIZED_RESOURCES_FOLDER_PATH = absl.framework/en.lproj
               LOCALIZED_STRING_MACRO_NAMES = NSLocalizedString CFCopyLocalizedString
               LOCALIZED_STRING_SWIFTUI_SUPPORT = YES
               LOCAL_ADMIN_APPS_DIR = /Applications/Utilities
               LOCAL_APPS_DIR = /Applications
               LOCAL_DEVELOPER_DIR = /Library/Developer
               LOCAL_LIBRARY_DIR = /Library
               LOCROOT = /Users/otislewis/arena/ios/Pods
               LOCSYMROOT = /Users/otislewis/arena/ios/Pods
               MACH_O_TYPE = mh_dylib
               MAC_OS_X_PRODUCT_BUILD_VERSION = 24F74
               MAC_OS_X_VERSION_ACTUAL = 150500
               MAC_OS_X_VERSION_MAJOR = 150000
               MAC_OS_X_VERSION_MINOR = 150500
               MAKE_MERGEABLE = NO
               MERGEABLE_LIBRARY = NO
               MERGED_BINARY_TYPE = none
               MERGE_LINKED_LIBRARIES = NO
               METAL_LIBRARY_FILE_BASE = default
               METAL_LIBRARY_OUTPUT_DIR = /Users/otislewis/arena/build/ios/Release-iphonesimulator/abseil/absl.framework
               MODULEMAP_FILE = Target Support Files/abseil/abseil.modulemap
               MODULES_FOLDER_PATH = absl.framework/Modules
               MTL_ENABLE_DEBUG_INFO = NO
               MTL_FAST_MATH = YES
               NATIVE_ARCH = arm64
               NATIVE_ARCH_32_BIT = arm
               NATIVE_ARCH_64_BIT = arm64
               NATIVE_ARCH_ACTUAL = arm64
               NO_COMMON = YES
               OBJC_ABI_VERSION = 2
               OBJECT_FILE_DIR = /Users/otislewis/arena/build/ios/Pods.build/Release-iphonesimulator/abseil.build/Objects
               OBJECT_FILE_DIR_normal = /Users/otislewis/arena/build/ios/Pods.build/Release-iphonesimulator/abseil.build/Objects-normal
               OBJROOT = /Users/otislewis/arena/build/ios
               ONLY_ACTIVE_ARCH = NO
               OS = MACOS
               OSAC = /usr/bin/osacompile
               OTHER_LDFLAGS =  -l"c++"
               PACKAGE_TYPE = com.apple.package-type.wrapper.framework
               PASCAL_STRINGS = YES
               PATH = /Applications/Xcode.app/Contents/SharedFrameworks/SwiftBuild.framework/Versions/A/PlugIns/SWBBuildService.bundle/Contents/PlugIns/SWBUniversalPlatformPlugin.bundle/Contents/Frameworks/SWBUniversalPlatform.framework/Resources:/Applications/Xcode.app/Contents/Developer/Toolchains/XcodeDefault.xctoolchain/usr/bin:/Applications/Xcode.app/Contents/Developer/Toolchains/XcodeDefault.xctoolchain/usr/local/bin:/Applications/Xcode.app/Contents/Developer/Toolchains/XcodeDefault.xctoolchain/usr/libexec:/Applications/Xcode.app/Contents/Developer/Platforms/iPhoneSimulator.platform/usr/bin:/Applications/Xcode.app/Contents/Developer/Platforms/iPhoneSimulator.platform/usr/local/bin:/Applications/Xcode.app/Contents/Developer/Platforms/iPhoneSimulator.platform/Developer/usr/bin:/Applications/Xcode.app/Contents/Developer/Platforms/iPhoneSimulator.platform/Developer/usr/local/bin:/Applications/Xcode.app/Contents/Developer/usr/bin:/Applications/Xcode.app/Contents/Developer/usr/local/bin:/Users/otislewis/.gem/ruby/3.3.0/bin:/opt/homebrew/bin:/opt/homebrew/sbin:/usr/local/bin:/System/Cryptexes/App/usr/bin:/usr/bin:/bin:/usr/sbin:/sbin:/var/run/com.apple.security.cryptexd/codex.system/bootstrap/usr/local/bin:/var/run/com.apple.security.cryptexd/codex.system/bootstrap/usr/bin:/var/run/com.apple.security.cryptexd/codex.system/bootstrap/usr/appleinternal/bin:/Library/Apple/usr/bin:/opt/homebrew/Caskroom/flutter/3.32.0/flutter/bin:/Users/otislewis/Library/Android/sdk/emulator:/Users/otislewis/Library/Android/sdk/tools:/Users/otislewis/Library/Android/sdk/tools/bin:/Users/otislewis/Library/Android/sdk/platform-tools:/opt/homebrew/Caskroom/flutter/3.32.0/flutter/bin/cache/dart-sdk/bin
               PATH_PREFIXES_EXCLUDED_FROM_HEADER_DEPENDENCIES = /usr/include /usr/local/include /System/Library/Frameworks /System/Library/PrivateFrameworks /Applications/Xcode.app/Contents/Developer/Headers /Applications/Xcode.app/Contents/Developer/SDKs /Applications/Xcode.app/Contents/Developer/Platforms
               PBDEVELOPMENTPLIST_PATH = absl.framework/pbdevelopment.plist
               PER_ARCH_MODULE_FILE_DIR = /Users/otislewis/arena/build/ios/Pods.build/Release-iphonesimulator/abseil.build/Objects-normal/undefined_arch
               PER_ARCH_OBJECT_FILE_DIR = /Users/otislewis/arena/build/ios/Pods.build/Release-iphonesimulator/abseil.build/Objects-normal/undefined_arch
               PER_VARIANT_OBJECT_FILE_DIR = /Users/otislewis/arena/build/ios/Pods.build/Release-iphonesimulator/abseil.build/Objects-normal
               PKGINFO_FILE_PATH = /Users/otislewis/arena/build/ios/Pods.build/Release-iphonesimulator/abseil.build/PkgInfo
               PKGINFO_PATH = absl.framework/PkgInfo
               PLATFORM_DEVELOPER_APPLICATIONS_DIR = /Applications/Xcode.app/Contents/Developer/Platforms/iPhoneSimulator.platform/Developer/Applications
               PLATFORM_DEVELOPER_BIN_DIR = /Applications/Xcode.app/Contents/Developer/Platforms/iPhoneSimulator.platform/Developer/usr/bin
               PLATFORM_DEVELOPER_LIBRARY_DIR = /Applications/Xcode.app/Contents/Developer/Platforms/iPhoneSimulator.platform/Developer/Library
               PLATFORM_DEVELOPER_SDK_DIR = /Applications/Xcode.app/Contents/Developer/Platforms/iPhoneSimulator.platform/Developer/SDKs
               PLATFORM_DEVELOPER_TOOLS_DIR = /Applications/Xcode.app/Contents/Developer/Platforms/iPhoneSimulator.platform/Developer/Tools
               PLATFORM_DEVELOPER_USR_DIR = /Applications/Xcode.app/Contents/Developer/Platforms/iPhoneSimulator.platform/Developer/usr
               PLATFORM_DIR = /Applications/Xcode.app/Contents/Developer/Platforms/iPhoneSimulator.platform
               PLATFORM_DISPLAY_NAME = iOS Simulator
               PLATFORM_FAMILY_NAME = iOS
               PLATFORM_NAME = iphonesimulator
               PLATFORM_PREFERRED_ARCH = x86_64
               PLATFORM_PRODUCT_BUILD_VERSION = 22E235
               PLATFORM_REQUIRES_SWIFT_AUTOLINK_EXTRACT = NO
               PLATFORM_REQUIRES_SWIFT_MODULEWRAP = NO
               PLIST_FILE_OUTPUT_FORMAT = binary
               PLUGINS_FOLDER_PATH = absl.framework/PlugIns
               PODS_BUILD_DIR = /Users/otislewis/arena/build/ios
               PODS_CONFIGURATION_BUILD_DIR = /Users/otislewis/arena/build/ios/Release-iphonesimulator
               PODS_DEVELOPMENT_LANGUAGE = en
               PODS_ROOT = /Users/otislewis/arena/ios/Pods
               PODS_TARGET_SRCROOT = /Users/otislewis/arena/ios/Pods/abseil
               PODS_XCFRAMEWORKS_BUILD_DIR = /Users/otislewis/arena/build/ios/Release-iphonesimulator/XCFrameworkIntermediates
               PRECOMPS_INCLUDE_HEADERS_FROM_BUILT_PRODUCTS_DIR = YES
               PRECOMP_DESTINATION_DIR = /Users/otislewis/arena/build/ios/Pods.build/Release-iphonesimulator/abseil.build/PrefixHeaders
               PRIVATE_HEADERS_FOLDER_PATH = absl.framework/PrivateHeaders
               PROCESSED_INFOPLIST_PATH = /Users/otislewis/arena/build/ios/Pods.build/Release-iphonesimulator/abseil.build/Objects-normal/undefined_arch/Processed-Info.plist
               PRODUCT_BUNDLE_IDENTIFIER = org.cocoapods.absl
               PRODUCT_BUNDLE_PACKAGE_TYPE = FMWK
               PRODUCT_MODULE_NAME = absl
               PRODUCT_NAME = absl
               PRODUCT_SETTINGS_PATH = /Users/otislewis/arena/ios/Pods/Target Support Files/abseil/abseil-Info.plist
               PRODUCT_TYPE = com.apple.product-type.framework
               PROFILING_CODE = NO
               PROJECT = Pods
               PROJECT_DERIVED_FILE_DIR = /Users/otislewis/arena/build/ios/Pods.build/DerivedSources
               PROJECT_DIR = /Users/otislewis/arena/ios/Pods
               PROJECT_FILE_PATH = /Users/otislewis/arena/ios/Pods/Pods.xcodeproj
               PROJECT_GUID = bfdfe7dc352907fc980b868725387e98
               PROJECT_NAME = Pods
               PROJECT_TEMP_DIR = /Users/otislewis/arena/build/ios/Pods.build
               PROJECT_TEMP_ROOT = /Users/otislewis/arena/build/ios
               PUBLIC_HEADERS_FOLDER_PATH = absl.framework/Headers
               RECOMMENDED_IPHONEOS_DEPLOYMENT_TARGET = 15.0
               RECURSIVE_SEARCH_PATHS_FOLLOW_SYMLINKS = YES
               REMOVE_CVS_FROM_RESOURCES = YES
               REMOVE_GIT_FROM_RESOURCES = YES
               REMOVE_HEADERS_FROM_EMBEDDED_BUNDLES = YES
               REMOVE_HG_FROM_RESOURCES = YES
               REMOVE_STATIC_EXECUTABLES_FROM_EMBEDDED_BUNDLES = YES
               REMOVE_SVN_FROM_RESOURCES = YES
               RESCHEDULE_INDEPENDENT_HEADERS_PHASES = YES
               REZ_COLLECTOR_DIR = /Users/otislewis/arena/build/ios/Pods.build/Release-iphonesimulator/abseil.build/ResourceManagerResources
               REZ_OBJECTS_DIR = /Users/otislewis/arena/build/ios/Pods.build/Release-iphonesimulator/abseil.build/ResourceManagerResources/Objects
               REZ_SEARCH_PATHS = /Users/otislewis/arena/build/ios/Release-iphonesimulator/abseil 
               SCAN_ALL_SOURCE_FILES_FOR_INCLUDES = NO
               SCRIPTS_FOLDER_PATH = absl.framework/Scripts
               SDKROOT = /Applications/Xcode.app/Contents/Developer/Platforms/iPhoneSimulator.platform/Developer/SDKs/iPhoneSimulator18.4.sdk
               SDK_DIR = /Applications/Xcode.app/Contents/Developer/Platforms/iPhoneSimulator.platform/Developer/SDKs/iPhoneSimulator18.4.sdk
               SDK_DIR_iphonesimulator = /Applications/Xcode.app/Contents/Developer/Platforms/iPhoneSimulator.platform/Developer/SDKs/iPhoneSimulator18.4.sdk
               SDK_DIR_iphonesimulator18_4 = /Applications/Xcode.app/Contents/Developer/Platforms/iPhoneSimulator.platform/Developer/SDKs/iPhoneSimulator18.4.sdk
               SDK_NAME = iphonesimulator18.4
               SDK_NAMES = iphonesimulator18.4
               SDK_PRODUCT_BUILD_VERSION = 22E235
               SDK_STAT_CACHE_DIR = /var/folders/4y/xy3fflts0nqfk1tsxg0t3mmr0000gn/C/com.apple.DeveloperTools/16.3-16E140/Xcode
               SDK_STAT_CACHE_ENABLE = YES
               SDK_STAT_CACHE_PATH = /var/folders/4y/xy3fflts0nqfk1tsxg0t3mmr0000gn/C/com.apple.DeveloperTools/16.3-16E140/Xcode/SDKStatCaches.noindex/iphonesimulator18.4-22E235-71825a6d136aa4733edcbe86ece5525b.sdkstatcache
               SDK_VERSION = 18.4
               SDK_VERSION_ACTUAL = 180400
               SDK_VERSION_MAJOR = 180000
               SDK_VERSION_MINOR = 180400
               SED = /usr/bin/sed
               SEPARATE_STRIP = NO
               SEPARATE_SYMBOL_EDIT = NO
               SET_DIR_MODE_OWNER_GROUP = YES
               SET_FILE_MODE_OWNER_GROUP = NO
               SHALLOW_BUNDLE = YES
               SHALLOW_BUNDLE_TRIPLE = ios-simulator
               SHALLOW_BUNDLE_ios_macabi = NO
               SHALLOW_BUNDLE_macos = NO
               SHARED_DERIVED_FILE_DIR = /Users/otislewis/arena/build/ios/Release-iphonesimulator/abseil/DerivedSources
               SHARED_FRAMEWORKS_FOLDER_PATH = absl.framework/SharedFrameworks
               SHARED_PRECOMPS_DIR = /Users/otislewis/arena/build/ios/SharedPrecompiledHeaders
               SHARED_SUPPORT_FOLDER_PATH = absl.framework
               SKIP_INSTALL = YES
               SOURCE_ROOT = /Users/otislewis/arena/ios/Pods
               SRCROOT = /Users/otislewis/arena/ios/Pods
               STRINGSDATA_DIR = /Users/otislewis/arena/build/ios/Pods.build/Release-iphonesimulator/abseil.build/Objects-normal/undefined_arch
               STRINGSDATA_ROOT = /Users/otislewis/arena/build/ios/Pods.build/Release-iphonesimulator/abseil.build
               STRINGS_FILE_INFOPLIST_RENAME = YES
               STRINGS_FILE_OUTPUT_ENCODING = binary
               STRIP_BITCODE_FROM_COPIED_FILES = NO
               STRIP_INSTALLED_PRODUCT = NO
               STRIP_STYLE = debugging
               STRIP_SWIFT_SYMBOLS = YES
               SUPPORTED_DEVICE_FAMILIES = 1,2
               SUPPORTED_PLATFORMS = iphoneos iphonesimulator
               SUPPORTS_TEXT_BASED_API = NO
               SUPPRESS_WARNINGS = NO
               SWIFT_ACTIVE_COMPILATION_CONDITIONS =  
               SWIFT_COMPILATION_MODE = wholemodule
               SWIFT_EMIT_LOC_STRINGS = NO
               SWIFT_INSTALL_MODULE_FOR_DEPLOYMENT = YES
               SWIFT_INSTALL_OBJC_HEADER = YES
               SWIFT_OPTIMIZATION_LEVEL = -O
               SWIFT_PLATFORM_TARGET_PREFIX = ios
               SWIFT_VERSION = 5.0
               SYMROOT = /Users/otislewis/arena/ios/build
               SYSTEM_ADMIN_APPS_DIR = /Applications/Utilities
               SYSTEM_APPS_DIR = /Applications
               SYSTEM_CORE_SERVICES_DIR = /System/Library/CoreServices
               SYSTEM_DEMOS_DIR = /Applications/Extras
               SYSTEM_DEVELOPER_APPS_DIR = /Applications/Xcode.app/Contents/Developer/Applications
               SYSTEM_DEVELOPER_BIN_DIR = /Applications/Xcode.app/Contents/Developer/usr/bin
               SYSTEM_DEVELOPER_DEMOS_DIR = /Applications/Xcode.app/Contents/Developer/Applications/Utilities/Built Examples
               SYSTEM_DEVELOPER_DIR = /Applications/Xcode.app/Contents/Developer
               SYSTEM_DEVELOPER_DOC_DIR = /Applications/Xcode.app/Contents/Developer/ADC Reference Library
               SYSTEM_DEVELOPER_GRAPHICS_TOOLS_DIR = /Applications/Xcode.app/Contents/Developer/Applications/Graphics Tools
               SYSTEM_DEVELOPER_JAVA_TOOLS_DIR = /Applications/Xcode.app/Contents/Developer/Applications/Java Tools
               SYSTEM_DEVELOPER_PERFORMANCE_TOOLS_DIR = /Applications/Xcode.app/Contents/Developer/Applications/Performance Tools
               SYSTEM_DEVELOPER_RELEASENOTES_DIR = /Applications/Xcode.app/Contents/Developer/ADC Reference Library/releasenotes
               SYSTEM_DEVELOPER_TOOLS = /Applications/Xcode.app/Contents/Developer/Tools
               SYSTEM_DEVELOPER_TOOLS_DOC_DIR = /Applications/Xcode.app/Contents/Developer/ADC Reference Library/documentation/DeveloperTools
               SYSTEM_DEVELOPER_TOOLS_RELEASENOTES_DIR = /Applications/Xcode.app/Contents/Developer/ADC Reference Library/releasenotes/DeveloperTools
               SYSTEM_DEVELOPER_USR_DIR = /Applications/Xcode.app/Contents/Developer/usr
               SYSTEM_DEVELOPER_UTILITIES_DIR = /Applications/Xcode.app/Contents/Developer/Applications/Utilities
               SYSTEM_DEXT_INSTALL_PATH = /System/Library/DriverExtensions
               SYSTEM_DOCUMENTATION_DIR = /Library/Documentation
               SYSTEM_EXTENSIONS_FOLDER_PATH = absl.framework/SystemExtensions
               SYSTEM_EXTENSIONS_FOLDER_PATH_SHALLOW_BUNDLE_NO = absl.framework/Library/SystemExtensions
               SYSTEM_EXTENSIONS_FOLDER_PATH_SHALLOW_BUNDLE_YES = absl.framework/SystemExtensions
               SYSTEM_KEXT_INSTALL_PATH = /System/Library/Extensions
               SYSTEM_LIBRARY_DIR = /System/Library
               TAPI_DEMANGLE = YES
               TAPI_ENABLE_PROJECT_HEADERS = NO
               TAPI_LANGUAGE = objective-c
               TAPI_LANGUAGE_STANDARD = compiler-default
               TAPI_USE_SRCROOT = YES
               TAPI_VERIFY_MODE = Pedantic
               TARGETED_DEVICE_FAMILY = 1,2
               TARGETNAME = abseil
               TARGET_BUILD_DIR = /Users/otislewis/arena/build/ios/Release-iphonesimulator/abseil
               TARGET_NAME = abseil
               TARGET_TEMP_DIR = /Users/otislewis/arena/build/ios/Pods.build/Release-iphonesimulator/abseil.build
               TEMP_DIR = /Users/otislewis/arena/build/ios/Pods.build/Release-iphonesimulator/abseil.build
               TEMP_FILES_DIR = /Users/otislewis/arena/build/ios/Pods.build/Release-iphonesimulator/abseil.build
               TEMP_FILE_DIR = /Users/otislewis/arena/build/ios/Pods.build/Release-iphonesimulator/abseil.build
               TEMP_ROOT = /Users/otislewis/arena/build/ios
               TEMP_SANDBOX_DIR = /Users/otislewis/arena/build/ios/TemporaryTaskSandboxes
               TEST_FRAMEWORK_SEARCH_PATHS =  /Applications/Xcode.app/Contents/Developer/Platforms/iPhoneSimulator.platform/Developer/Library/Frameworks /Applications/Xcode.app/Contents/Developer/Platforms/iPhoneSimulator.platform/Developer/SDKs/iPhoneSimulator18.4.sdk/Developer/Library/Frameworks
               TEST_LIBRARY_SEARCH_PATHS =  /Applications/Xcode.app/Contents/Developer/Platforms/iPhoneSimulator.platform/Developer/usr/lib
               TOOLCHAINS = com.apple.dt.toolchain.XcodeDefault
               TOOLCHAIN_DIR = /Applications/Xcode.app/Contents/Developer/Toolchains/XcodeDefault.xctoolchain
               TREAT_MISSING_BASELINES_AS_TEST_FAILURES = NO
               TREAT_MISSING_SCRIPT_PHASE_OUTPUTS_AS_ERRORS = NO
               UID = 501
               UNINSTALLED_PRODUCTS_DIR = /Users/otislewis/arena/build/ios/UninstalledProducts
               UNLOCALIZED_RESOURCES_FOLDER_PATH = absl.framework
               UNLOCALIZED_RESOURCES_FOLDER_PATH_SHALLOW_BUNDLE_NO = absl.framework/Resources
               UNLOCALIZED_RESOURCES_FOLDER_PATH_SHALLOW_BUNDLE_YES = absl.framework
               UNSTRIPPED_PRODUCT = NO
               USER = otislewis
               USER_APPS_DIR = /Users/otislewis/Applications
               USER_HEADER_SEARCH_PATHS =  "/Users/otislewis/arena/ios/Pods/abseil"
               USER_LIBRARY_DIR = /Users/otislewis/Library
               USE_DYNAMIC_NO_PIC = YES
               USE_HEADERMAP = NO
               USE_HEADER_SYMLINKS = NO
               USE_RECURSIVE_SCRIPT_INPUTS_IN_SCRIPT_PHASES = YES
               VALIDATE_DEVELOPMENT_ASSET_PATHS = YES_ERROR
               VALIDATE_PRODUCT = YES
               VALID_ARCHS = arm64
               VERBOSE_PBXCP = NO
               VERSIONING_SYSTEM = apple-generic
               VERSIONPLIST_PATH = absl.framework/version.plist
               VERSIONS_FOLDER_PATH = absl.framework
               VERSIONS_FOLDER_PATH_SHALLOW_BUNDLE_NO = absl.framework/Versions
               VERSIONS_FOLDER_PATH_SHALLOW_BUNDLE_YES = absl.framework
               VERSION_INFO_BUILDER = otislewis
               VERSION_INFO_FILE = absl_vers.c
               VERSION_INFO_STRING = "@(#)PROGRAM:absl  PROJECT:Pods-1"
               WORKSPACE_DIR = /Users/otislewis/arena/ios/Pods/Pods.xcodeproj
               WRAPPER_EXTENSION = framework
               WRAPPER_NAME = absl.framework
               WRAPPER_SUFFIX = .framework
               WRAP_ASSET_PACKS_IN_SEPARATE_DIRECTORIES = NO
               XCODE_APP_SUPPORT_DIR = /Applications/Xcode.app/Contents/Developer/Library/Xcode
               XCODE_PRODUCT_BUILD_VERSION = 16E140
               XCODE_VERSION_ACTUAL = 1630
               XCODE_VERSION_MAJOR = 1600
               XCODE_VERSION_MINOR = 1630
               XPCSERVICES_FOLDER_PATH = absl.framework/XPCServices
               YACC = yacc
               _DISCOVER_COMMAND_LINE_LINKER_INPUTS = YES
               _DISCOVER_COMMAND_LINE_LINKER_INPUTS_INCLUDE_WL = YES
               _WRAPPER_CONTENTS_DIR_SHALLOW_BUNDLE_NO = /Contents
               _WRAPPER_PARENT_PATH_SHALLOW_BUNDLE_NO = /..
               _WRAPPER_RESOURCES_DIR_SHALLOW_BUNDLE_NO = /Resources
               __DIAGNOSE_DEPRECATED_ARCHS = YES
               arch = undefined_arch
               variant = normal
[  +36 ms] executing: [/Users/otislewis/arena/] /opt/homebrew/Caskroom/flutter/3.32.0/flutter/bin/cache/dart-sdk/bin/dart pub --suppress-analytics deps --json
[ +108 ms] {
             "root": "arena",
             "packages": [
               {
                 "name": "arena",
                 "version": "1.0.0+1",
                 "kind": "root",
                 "source": "root",
                 "dependencies": [
                   "flutter",
                   "cupertino_icons",
                   "provider",
                   "firebase_core",
                   "firebase_auth",
                   "cloud_firestore",
                   "firebase_storage",
                   "uuid",
                   "image_picker",
                   "flutter_test",
                   "flutter_lints",
                   "firebase_core_web",
                   "firebase_auth_web",
                   "firebase_storage_web",
                   "cloud_firestore_web",
                   "js",
                   "web"
                 ],
                 "directDependencies": [
                   "flutter",
                   "cupertino_icons",
                   "provider",
                   "firebase_core",
                   "firebase_auth",
                   "cloud_firestore",
                   "firebase_storage",
                   "uuid",
                   "image_picker"
                 ],
                 "devDependencies": [
                   "flutter_test",
                   "flutter_lints"
                 ]
               },
               {
                 "name": "web",
                 "version": "0.1.4-beta",
                 "kind": "transitive",
                 "source": "hosted",
                 "dependencies": [],
                 "directDependencies": []
               },
               {
                 "name": "js",
                 "version": "0.6.7",
                 "kind": "transitive",
                 "source": "hosted",
                 "dependencies": [
                   "meta"
                 ],
                 "directDependencies": [
                   "meta"
                 ]
               },
               {
                 "name": "meta",
                 "version": "1.16.0",
                 "kind": "transitive",
                 "source": "hosted",
                 "dependencies": [],
                 "directDependencies": []
               },
               {
                 "name": "cloud_firestore_web",
                 "version": "3.12.5",
                 "kind": "transitive",
                 "source": "hosted",
                 "dependencies": [
                   "_flutterfire_internals",
                   "cloud_firestore_platform_interface",
                   "collection",
                   "firebase_core",
                   "firebase_core_web",
                   "flutter",
                   "flutter_web_plugins"
                 ],
                 "directDependencies": [
                   "_flutterfire_internals",
                   "cloud_firestore_platform_interface",
                   "collection",
                   "firebase_core",
                   "firebase_core_web",
                   "flutter",
                   "flutter_web_plugins"
                 ]
               },
               {
                 "name": "flutter_web_plugins",
                 "version": "0.0.0",
                 "kind": "transitive",
                 "source": "sdk",
                 "dependencies": [
                   "flutter",
                   "characters",
                   "collection",
                   "material_color_utilities",
                   "meta",
                   "vector_math"
                 ],
                 "directDependencies": [
                   "flutter",
                   "characters",
                   "collection",
                   "material_color_utilities",
                   "meta",
                   "vector_math"
                 ]
               },
               {
                 "name": "vector_math",
                 "version": "2.1.4",
                 "kind": "transitive",
                 "source": "hosted",
                 "dependencies": [],
                 "directDependencies": []
               },
               {
                 "name": "material_color_utilities",
                 "version": "0.11.1",
                 "kind": "transitive",
                 "source": "hosted",
                 "dependencies": [
                   "collection"
                 ],
                 "directDependencies": [
                   "collection"
                 ]
               },
               {
                 "name": "collection",
                 "version": "1.19.1",
                 "kind": "transitive",
                 "source": "hosted",
                 "dependencies": [],
                 "directDependencies": []
               },
               {
                 "name": "characters",
                 "version": "1.4.0",
                 "kind": "transitive",
                 "source": "hosted",
                 "dependencies": [],
                 "directDependencies": []
               },
               {
                 "name": "flutter",
                 "version": "0.0.0",
                 "kind": "direct",
                 "source": "sdk",
                 "dependencies": [
                   "characters",
                   "collection",
                   "material_color_utilities",
                   "meta",
                   "vector_math",
                   "sky_engine"
                 ],
                 "directDependencies": [
                   "characters",
                   "collection",
                   "material_color_utilities",
                   "meta",
                   "vector_math",
                   "sky_engine"
                 ]
               },
               {
                 "name": "sky_engine",
                 "version": "0.0.0",
                 "kind": "transitive",
                 "source": "sdk",
                 "dependencies": [],
                 "directDependencies": []
               },
               {
                 "name": "firebase_core_web",
                 "version": "2.23.0",
                 "kind": "transitive",
                 "source": "hosted",
                 "dependencies": [
                   "firebase_core_platform_interface",
                   "flutter",
                   "flutter_web_plugins",
                   "meta",
                   "web"
                 ],
                 "directDependencies": [
                   "firebase_core_platform_interface",
                   "flutter",
                   "flutter_web_plugins",
                   "meta",
                   "web"
                 ]
               },
               {
                 "name": "firebase_core_platform_interface",
                 "version": "5.4.0",
                 "kind": "transitive",
                 "source": "hosted",
                 "dependencies": [
                   "collection",
                   "flutter",
                   "flutter_test",
                   "meta",
                   "plugin_platform_interface"
                 ],
                 "directDependencies": [
                   "collection",
                   "flutter",
                   "flutter_test",
                   "meta",
                   "plugin_platform_interface"
                 ]
               },
               {
                 "name": "plugin_platform_interface",
                 "version": "2.1.8",
                 "kind": "transitive",
                 "source": "hosted",
                 "dependencies": [
                   "meta"
                 ],
                 "directDependencies": [
                   "meta"
                 ]
               },
               {
                 "name": "flutter_test",
                 "version": "0.0.0",
                 "kind": "dev",
                 "source": "sdk",
                 "dependencies": [
                   "flutter",
                   "test_api",
                   "matcher",
                   "path",
                   "fake_async",
                   "clock",
                   "stack_trace",
                   "vector_math",
                   "leak_tracker_flutter_testing",
                   "async",
                   "boolean_selector",
                   "characters",
                   "collection",
                   "leak_tracker",
                   "leak_tracker_testing",
                   "material_color_utilities",
                   "meta",
                   "source_span",
                   "stream_channel",
                   "string_scanner",
                   "term_glyph",
                   "vm_service"
                 ],
                 "directDependencies": [
                   "flutter",
                   "test_api",
                   "matcher",
                   "path",
                   "fake_async",
                   "clock",
                   "stack_trace",
                   "vector_math",
                   "leak_tracker_flutter_testing",
                   "async",
                   "boolean_selector",
                   "characters",
                   "collection",
                   "leak_tracker",
                   "leak_tracker_testing",
                   "material_color_utilities",
                   "meta",
                   "source_span",
                   "stream_channel",
                   "string_scanner",
                   "term_glyph",
                   "vm_service"
                 ]
               },
               {
                 "name": "vm_service",
                 "version": "15.0.0",
                 "kind": "transitive",
                 "source": "hosted",
                 "dependencies": [],
                 "directDependencies": []
               },
               {
                 "name": "term_glyph",
                 "version": "1.2.2",
                 "kind": "transitive",
                 "source": "hosted",
                 "dependencies": [],
                 "directDependencies": []
               },
               {
                 "name": "string_scanner",
                 "version": "1.4.1",
                 "kind": "transitive",
                 "source": "hosted",
                 "dependencies": [
                   "source_span"
                 ],
                 "directDependencies": [
                   "source_span"
                 ]
               },
               {
                 "name": "source_span",
                 "version": "1.10.1",
                 "kind": "transitive",
                 "source": "hosted",
                 "dependencies": [
                   "collection",
                   "path",
                   "term_glyph"
                 ],
                 "directDependencies": [
                   "collection",
                   "path",
                   "term_glyph"
                 ]
               },
               {
                 "name": "path",
                 "version": "1.9.1",
                 "kind": "transitive",
                 "source": "hosted",
                 "dependencies": [],
                 "directDependencies": []
               },
               {
                 "name": "stream_channel",
                 "version": "2.1.4",
                 "kind": "transitive",
                 "source": "hosted",
                 "dependencies": [
                   "async"
                 ],
                 "directDependencies": [
                   "async"
                 ]
               },
               {
                 "name": "async",
                 "version": "2.13.0",
                 "kind": "transitive",
                 "source": "hosted",
                 "dependencies": [
                   "collection",
                   "meta"
                 ],
                 "directDependencies": [
                   "collection",
                   "meta"
                 ]
               },
               {
                 "name": "leak_tracker_testing",
                 "version": "3.0.1",
                 "kind": "transitive",
                 "source": "hosted",
                 "dependencies": [
                   "leak_tracker",
                   "matcher",
                   "meta"
                 ],
                 "directDependencies": [
                   "leak_tracker",
                   "matcher",
                   "meta"
                 ]
               },
               {
                 "name": "matcher",
                 "version": "0.12.17",
                 "kind": "transitive",
                 "source": "hosted",
                 "dependencies": [
                   "async",
                   "meta",
                   "stack_trace",
                   "term_glyph",
                   "test_api"
                 ],
                 "directDependencies": [
                   "async",
                   "meta",
                   "stack_trace",
                   "term_glyph",
                   "test_api"
                 ]
               },
               {
                 "name": "test_api",
                 "version": "0.7.4",
                 "kind": "transitive",
                 "source": "hosted",
                 "dependencies": [
                   "async",
                   "boolean_selector",
                   "collection",
                   "meta",
                   "source_span",
                   "stack_trace",
                   "stream_channel",
                   "string_scanner",
                   "term_glyph"
                 ],
                 "directDependencies": [
                   "async",
                   "boolean_selector",
                   "collection",
                   "meta",
                   "source_span",
                   "stack_trace",
                   "stream_channel",
                   "string_scanner",
                   "term_glyph"
                 ]
               },
               {
                 "name": "stack_trace",
                 "version": "1.12.1",
                 "kind": "transitive",
                 "source": "hosted",
                 "dependencies": [
                   "path"
                 ],
                 "directDependencies": [
                   "path"
                 ]
               },
               {
                 "name": "boolean_selector",
                 "version": "2.1.2",
                 "kind": "transitive",
                 "source": "hosted",
                 "dependencies": [
                   "source_span",
                   "string_scanner"
                 ],
                 "directDependencies": [
                   "source_span",
                   "string_scanner"
                 ]
               },
               {
                 "name": "leak_tracker",
                 "version": "10.0.9",
                 "kind": "transitive",
                 "source": "hosted",
                 "dependencies": [
                   "clock",
                   "collection",
                   "meta",
                   "path",
                   "vm_service"
                 ],
                 "directDependencies": [
                   "clock",
                   "collection",
                   "meta",
                   "path",
                   "vm_service"
                 ]
               },
               {
                 "name": "clock",
                 "version": "1.1.2",
                 "kind": "transitive",
                 "source": "hosted",
                 "dependencies": [],
                 "directDependencies": []
               },
               {
                 "name": "leak_tracker_flutter_testing",
                 "version": "3.0.9",
                 "kind": "transitive",
                 "source": "hosted",
                 "dependencies": [
                   "flutter",
                   "leak_tracker",
                   "leak_tracker_testing",
                   "matcher",
                   "meta"
                 ],
                 "directDependencies": [
                   "flutter",
                   "leak_tracker",
                   "leak_tracker_testing",
                   "matcher",
                   "meta"
                 ]
               },
               {
                 "name": "fake_async",
                 "version": "1.3.3",
                 "kind": "transitive",
                 "source": "hosted",
                 "dependencies": [
                   "clock",
                   "collection"
                 ],
                 "directDependencies": [
                   "clock",
                   "collection"
                 ]
               },
               {
                 "name": "firebase_core",
                 "version": "2.32.0",
                 "kind": "direct",
                 "source": "hosted",
                 "dependencies": [
                   "firebase_core_platform_interface",
                   "firebase_core_web",
                   "flutter",
                   "meta"
                 ],
                 "directDependencies": [
                   "firebase_core_platform_interface",
                   "firebase_core_web",
                   "flutter",
                   "meta"
                 ]
               },
               {
                 "name": "cloud_firestore_platform_interface",
                 "version": "6.2.5",
                 "kind": "transitive",
                 "source": "hosted",
                 "dependencies": [
                   "_flutterfire_internals",
                   "collection",
                   "firebase_core",
                   "flutter",
                   "meta",
                   "plugin_platform_interface"
                 ],
                 "directDependencies": [
                   "_flutterfire_internals",
                   "collection",
                   "firebase_core",
                   "flutter",
                   "meta",
                   "plugin_platform_interface"
                 ]
               },
               {
                 "name": "_flutterfire_internals",
                 "version": "1.3.35",
                 "kind": "transitive",
                 "source": "hosted",
                 "dependencies": [
                   "collection",
                   "firebase_core",
                   "firebase_core_platform_interface",
                   "flutter",
                   "meta"
                 ],
                 "directDependencies": [
                   "collection",
                   "firebase_core",
                   "firebase_core_platform_interface",
                   "flutter",
                   "meta"
                 ]
               },
               {
                 "name": "firebase_storage_web",
                 "version": "3.6.22",
                 "kind": "transitive",
                 "source": "hosted",
                 "dependencies": [
                   "_flutterfire_internals",
                   "async",
                   "firebase_core",
                   "firebase_core_web",
                   "firebase_storage_platform_interface",
                   "flutter",
                   "flutter_web_plugins",
                   "http",
                   "js",
                   "meta"
                 ],
                 "directDependencies": [
                   "_flutterfire_internals",
                   "async",
                   "firebase_core",
                   "firebase_core_web",
                   "firebase_storage_platform_interface",
                   "flutter",
                   "flutter_web_plugins",
                   "http",
                   "js",
                   "meta"
                 ]
               },
               {
                 "name": "http",
                 "version": "1.4.0",
                 "kind": "transitive",
                 "source": "hosted",
                 "dependencies": [
                   "async",
                   "http_parser",
                   "meta",
                   "web"
                 ],
                 "directDependencies": [
                   "async",
                   "http_parser",
                   "meta",
                   "web"
                 ]
               },
               {
                 "name": "http_parser",
                 "version": "4.1.2",
                 "kind": "transitive",
                 "source": "hosted",
                 "dependencies": [
                   "collection",
                   "source_span",
                   "string_scanner",
                   "typed_data"
                 ],
                 "directDependencies": [
                   "collection",
                   "source_span",
                   "string_scanner",
                   "typed_data"
                 ]
               },
               {
                 "name": "typed_data",
                 "version": "1.4.0",
                 "kind": "transitive",
                 "source": "hosted",
                 "dependencies": [
                   "collection"
                 ],
                 "directDependencies": [
                   "collection"
                 ]
               },
               {
                 "name": "firebase_storage_platform_interface",
                 "version": "5.1.22",
                 "kind": "transitive",
                 "source": "hosted",
                 "dependencies": [
                   "_flutterfire_internals",
                   "collection",
                   "firebase_core",
                   "flutter",
                   "meta",
                   "plugin_platform_interface"
                 ],
                 "directDependencies": [
                   "_flutterfire_internals",
                   "collection",
                   "firebase_core",
                   "flutter",
                   "meta",
                   "plugin_platform_interface"
                 ]
               },
               {
                 "name": "firebase_auth_web",
                 "version": "5.8.13",
                 "kind": "transitive",
                 "source": "hosted",
                 "dependencies": [
                   "firebase_auth_platform_interface",
                   "firebase_core",
                   "firebase_core_web",
                   "flutter",
                   "flutter_web_plugins",
                   "http_parser",
                   "js",
                   "meta"
                 ],
                 "directDependencies": [
                   "firebase_auth_platform_interface",
                   "firebase_core",
                   "firebase_core_web",
                   "flutter",
                   "flutter_web_plugins",
                   "http_parser",
                   "js",
                   "meta"
                 ]
               },
               {
                 "name": "firebase_auth_platform_interface",
                 "version": "7.3.0",
                 "kind": "transitive",
                 "source": "hosted",
                 "dependencies": [
                   "_flutterfire_internals",
                   "collection",
                   "firebase_core",
                   "flutter",
                   "meta",
                   "plugin_platform_interface"
                 ],
                 "directDependencies": [
                   "_flutterfire_internals",
                   "collection",
                   "firebase_core",
                   "flutter",
                   "meta",
                   "plugin_platform_interface"
                 ]
               },
               {
                 "name": "flutter_lints",
                 "version": "5.0.0",
                 "kind": "dev",
                 "source": "hosted",
                 "dependencies": [
                   "lints"
                 ],
                 "directDependencies": [
                   "lints"
                 ]
               },
               {
                 "name": "lints",
                 "version": "5.1.1",
                 "kind": "transitive",
                 "source": "hosted",
                 "dependencies": [],
                 "directDependencies": []
               },
               {
                 "name": "image_picker",
                 "version": "1.1.2",
                 "kind": "direct",
                 "source": "hosted",
                 "dependencies": [
                   "flutter",
                   "image_picker_android",
                   "image_picker_for_web",
                   "image_picker_ios",
                   "image_picker_linux",
                   "image_picker_macos",
                   "image_picker_platform_interface",
                   "image_picker_windows"
                 ],
                 "directDependencies": [
                   "flutter",
                   "image_picker_android",
                   "image_picker_for_web",
                   "image_picker_ios",
                   "image_picker_linux",
                   "image_picker_macos",
                   "image_picker_platform_interface",
                   "image_picker_windows"
                 ]
               },
               {
                 "name": "image_picker_windows",
                 "version": "0.2.1+1",
                 "kind": "transitive",
                 "source": "hosted",
                 "dependencies": [
                   "file_selector_platform_interface",
                   "file_selector_windows",
                   "flutter",
                   "image_picker_platform_interface"
                 ],
                 "directDependencies": [
                   "file_selector_platform_interface",
                   "file_selector_windows",
                   "flutter",
                   "image_picker_platform_interface"
                 ]
               },
               {
                 "name": "image_picker_platform_interface",
                 "version": "2.10.1",
                 "kind": "transitive",
                 "source": "hosted",
                 "dependencies": [
                   "cross_file",
                   "flutter",
                   "http",
                   "plugin_platform_interface"
                 ],
                 "directDependencies": [
                   "cross_file",
                   "flutter",
                   "http",
                   "plugin_platform_interface"
                 ]
               },
               {
                 "name": "cross_file",
                 "version": "0.3.4+2",
                 "kind": "transitive",
                 "source": "hosted",
                 "dependencies": [
                   "meta",
                   "web"
                 ],
                 "directDependencies": [
                   "meta",
                   "web"
                 ]
               },
               {
                 "name": "file_selector_windows",
                 "version": "0.9.3+4",
                 "kind": "transitive",
                 "source": "hosted",
                 "dependencies": [
                   "cross_file",
                   "file_selector_platform_interface",
                   "flutter"
                 ],
                 "directDependencies": [
                   "cross_file",
                   "file_selector_platform_interface",
                   "flutter"
                 ]
               },
               {
                 "name": "file_selector_platform_interface",
                 "version": "2.6.2",
                 "kind": "transitive",
                 "source": "hosted",
                 "dependencies": [
                   "cross_file",
                   "flutter",
                   "http",
                   "plugin_platform_interface"
                 ],
                 "directDependencies": [
                   "cross_file",
                   "flutter",
                   "http",
                   "plugin_platform_interface"
                 ]
               },
               {
                 "name": "image_picker_macos",
                 "version": "0.2.1+2",
                 "kind": "transitive",
                 "source": "hosted",
                 "dependencies": [
                   "file_selector_macos",
                   "file_selector_platform_interface",
                   "flutter",
                   "image_picker_platform_interface"
                 ],
                 "directDependencies": [
                   "file_selector_macos",
                   "file_selector_platform_interface",
                   "flutter",
                   "image_picker_platform_interface"
                 ]
               },
               {
                 "name": "file_selector_macos",
                 "version": "0.9.4+3",
                 "kind": "transitive",
                 "source": "hosted",
                 "dependencies": [
                   "cross_file",
                   "file_selector_platform_interface",
                   "flutter"
                 ],
                 "directDependencies": [
                   "cross_file",
                   "file_selector_platform_interface",
                   "flutter"
                 ]
               },
               {
                 "name": "image_picker_linux",
                 "version": "0.2.1+2",
                 "kind": "transitive",
                 "source": "hosted",
                 "dependencies": [
                   "file_selector_linux",
                   "file_selector_platform_interface",
                   "flutter",
                   "image_picker_platform_interface"
                 ],
                 "directDependencies": [
                   "file_selector_linux",
                   "file_selector_platform_interface",
                   "flutter",
                   "image_picker_platform_interface"
                 ]
               },
               {
                 "name": "file_selector_linux",
                 "version": "0.9.3+2",
                 "kind": "transitive",
                 "source": "hosted",
                 "dependencies": [
                   "cross_file",
                   "file_selector_platform_interface",
                   "flutter"
                 ],
                 "directDependencies": [
                   "cross_file",
                   "file_selector_platform_interface",
                   "flutter"
                 ]
               },
               {
                 "name": "image_picker_ios",
                 "version": "0.8.12+2",
                 "kind": "transitive",
                 "source": "hosted",
                 "dependencies": [
                   "flutter",
                   "image_picker_platform_interface"
                 ],
                 "directDependencies": [
                   "flutter",
                   "image_picker_platform_interface"
                 ]
               },
               {
                 "name": "image_picker_for_web",
                 "version": "3.0.6",
                 "kind": "transitive",
                 "source": "hosted",
                 "dependencies": [
                   "flutter",
                   "flutter_web_plugins",
                   "image_picker_platform_interface",
                   "mime",
                   "web"
                 ],
                 "directDependencies": [
                   "flutter",
                   "flutter_web_plugins",
                   "image_picker_platform_interface",
                   "mime",
                   "web"
                 ]
               },
               {
                 "name": "mime",
                 "version": "2.0.0",
                 "kind": "transitive",
                 "source": "hosted",
                 "dependencies": [],
                 "directDependencies": []
               },
               {
                 "name": "image_picker_android",
                 "version": "0.8.12+23",
                 "kind": "transitive",
                 "source": "hosted",
                 "dependencies": [
                   "flutter",
                   "flutter_plugin_android_lifecycle",
                   "image_picker_platform_interface"
                 ],
                 "directDependencies": [
                   "flutter",
                   "flutter_plugin_android_lifecycle",
                   "image_picker_platform_interface"
                 ]
               },
               {
                 "name": "flutter_plugin_android_lifecycle",
                 "version": "2.0.28",
                 "kind": "transitive",
                 "source": "hosted",
                 "dependencies": [
                   "flutter"
                 ],
                 "directDependencies": [
                   "flutter"
                 ]
               },
               {
                 "name": "uuid",
                 "version": "4.5.1",
                 "kind": "direct",
                 "source": "hosted",
                 "dependencies": [
                   "crypto",
                   "sprintf",
                   "meta",
                   "fixnum"
                 ],
                 "directDependencies": [
                   "crypto",
                   "sprintf",
                   "meta",
                   "fixnum"
                 ]
               },
               {
                 "name": "fixnum",
                 "version": "1.1.1",
                 "kind": "transitive",
                 "source": "hosted",
                 "dependencies": [],
                 "directDependencies": []
               },
               {
                 "name": "sprintf",
                 "version": "7.0.0",
                 "kind": "transitive",
                 "source": "hosted",
                 "dependencies": [],
                 "directDependencies": []
               },
               {
                 "name": "crypto",
                 "version": "3.0.6",
                 "kind": "transitive",
                 "source": "hosted",
                 "dependencies": [
                   "typed_data"
                 ],
                 "directDependencies": [
                   "typed_data"
                 ]
               },
               {
                 "name": "firebase_storage",
                 "version": "11.6.5",
                 "kind": "direct",
                 "source": "hosted",
                 "dependencies": [
                   "firebase_core",
                   "firebase_core_platform_interface",
                   "firebase_storage_platform_interface",
                   "firebase_storage_web",
                   "flutter"
                 ],
                 "directDependencies": [
                   "firebase_core",
                   "firebase_core_platform_interface",
                   "firebase_storage_platform_interface",
                   "firebase_storage_web",
                   "flutter"
                 ]
               },
               {
                 "name": "cloud_firestore",
                 "version": "4.17.5",
                 "kind": "direct",
                 "source": "hosted",
                 "dependencies": [
                   "cloud_firestore_platform_interface",
                   "cloud_firestore_web",
                   "collection",
                   "firebase_core",
                   "firebase_core_platform_interface",
                   "flutter",
                   "meta"
                 ],
                 "directDependencies": [
                   "cloud_firestore_platform_interface",
                   "cloud_firestore_web",
                   "collection",
                   "firebase_core",
                   "firebase_core_platform_interface",
                   "flutter",
                   "meta"
                 ]
               },
               {
                 "name": "firebase_auth",
                 "version": "4.16.0",
                 "kind": "direct",
                 "source": "hosted",
                 "dependencies": [
                   "firebase_auth_platform_interface",
                   "firebase_auth_web",
                   "firebase_core",
                   "firebase_core_platform_interface",
                   "flutter",
                   "meta"
                 ],
                 "directDependencies": [
                   "firebase_auth_platform_interface",
                   "firebase_auth_web",
                   "firebase_core",
                   "firebase_core_platform_interface",
                   "flutter",
                   "meta"
                 ]
               },
               {
                 "name": "provider",
                 "version": "6.1.5",
                 "kind": "direct",
                 "source": "hosted",
                 "dependencies": [
                   "collection",
                   "flutter",
                   "nested"
                 ],
                 "directDependencies": [
                   "collection",
                   "flutter",
                   "nested"
                 ]
               },
               {
                 "name": "nested",
                 "version": "1.0.0",
                 "kind": "transitive",
                 "source": "hosted",
                 "dependencies": [
                   "flutter"
                 ],
                 "directDependencies": [
                   "flutter"
                 ]
               },
               {
                 "name": "cupertino_icons",
                 "version": "1.0.8",
                 "kind": "direct",
                 "source": "hosted",
                 "dependencies": [],
                 "directDependencies": []
               }
             ],
             "sdks": [
               {
                 "name": "Dart",
                 "version": "3.8.1"
               },
               {
                 "name": "Flutter",
                 "version": "3.32.1"
               }
             ],
             "executables": []
           }
[   +3 ms] Found plugin cloud_firestore at /Users/otislewis/.pub-cache/hosted/pub.dev/cloud_firestore-4.17.5/
[   +2 ms] Found plugin cloud_firestore_web at /Users/otislewis/.pub-cache/hosted/pub.dev/cloud_firestore_web-3.12.5/
[   +1 ms] Found plugin file_selector_linux at /Users/otislewis/.pub-cache/hosted/pub.dev/file_selector_linux-0.9.3+2/
[        ] Found plugin file_selector_macos at /Users/otislewis/.pub-cache/hosted/pub.dev/file_selector_macos-0.9.4+3/
[        ] Found plugin file_selector_windows at /Users/otislewis/.pub-cache/hosted/pub.dev/file_selector_windows-0.9.3+4/
[        ] Found plugin firebase_auth at /Users/otislewis/.pub-cache/hosted/pub.dev/firebase_auth-4.16.0/
[        ] Found plugin firebase_auth_web at /Users/otislewis/.pub-cache/hosted/pub.dev/firebase_auth_web-5.8.13/
[        ] Found plugin firebase_core at /Users/otislewis/.pub-cache/hosted/pub.dev/firebase_core-2.32.0/
[        ] Found plugin firebase_core_web at /Users/otislewis/.pub-cache/hosted/pub.dev/firebase_core_web-2.23.0/
[        ] Found plugin firebase_storage at /Users/otislewis/.pub-cache/hosted/pub.dev/firebase_storage-11.6.5/
[        ] Found plugin firebase_storage_web at /Users/otislewis/.pub-cache/hosted/pub.dev/firebase_storage_web-3.6.22/
[        ] Found plugin flutter_plugin_android_lifecycle at /Users/otislewis/.pub-cache/hosted/pub.dev/flutter_plugin_android_lifecycle-2.0.28/
[        ] Found plugin image_picker at /Users/otislewis/.pub-cache/hosted/pub.dev/image_picker-1.1.2/
[        ] Found plugin image_picker_android at /Users/otislewis/.pub-cache/hosted/pub.dev/image_picker_android-0.8.12+23/
[        ] Found plugin image_picker_for_web at /Users/otislewis/.pub-cache/hosted/pub.dev/image_picker_for_web-3.0.6/
[        ] Found plugin image_picker_ios at /Users/otislewis/.pub-cache/hosted/pub.dev/image_picker_ios-0.8.12+2/
[        ] Found plugin image_picker_linux at /Users/otislewis/.pub-cache/hosted/pub.dev/image_picker_linux-0.2.1+2/
[        ] Found plugin image_picker_macos at /Users/otislewis/.pub-cache/hosted/pub.dev/image_picker_macos-0.2.1+2/
[        ] Found plugin image_picker_windows at /Users/otislewis/.pub-cache/hosted/pub.dev/image_picker_windows-0.2.1+1/
[  +12 ms] executing: /usr/bin/plutil -convert xml1 -o - /Users/otislewis/arena/ios/Runner/Info.plist
[   +5 ms] Exit code 0 from: /usr/bin/plutil -convert xml1 -o - /Users/otislewis/arena/ios/Runner/Info.plist
[        ] <?xml version="1.0" encoding="UTF-8"?>
           <!DOCTYPE plist PUBLIC "-//Apple//DTD PLIST 1.0//EN" "http://www.apple.com/DTDs/PropertyList-1.0.dtd">
           <plist version="1.0">
           <dict>
           	<key>CADisableMinimumFrameDurationOnPhone</key>
           	<true/>
           	<key>CFBundleDevelopmentRegion</key>
           	<string>$(DEVELOPMENT_LANGUAGE)</string>
           	<key>CFBundleDisplayName</key>
           	<string>Arena</string>
           	<key>CFBundleExecutable</key>
           	<string>$(EXECUTABLE_NAME)</string>
           	<key>CFBundleIdentifier</key>
           	<string>$(PRODUCT_BUNDLE_IDENTIFIER)</string>
           	<key>CFBundleInfoDictionaryVersion</key>
           	<string>6.0</string>
           	<key>CFBundleName</key>
           	<string>arena</string>
           	<key>CFBundlePackageType</key>
           	<string>APPL</string>
           	<key>CFBundleShortVersionString</key>
           	<string>$(FLUTTER_BUILD_NAME)</string>
           	<key>CFBundleSignature</key>
           	<string>????</string>
           	<key>CFBundleVersion</key>
           	<string>$(FLUTTER_BUILD_NUMBER)</string>
           	<key>LSRequiresIPhoneOS</key>
           	<true/>
           	<key>NSCameraUsageDescription</key>
           	<string>Arena needs camera access to take profile pictures and enable video streaming during debates.</string>
           	<key>NSMicrophoneUsageDescription</key>
           	<string>Arena needs microphone access to record audio during live debates and discussions.</string>
           	<key>NSPhotoLibraryAddUsageDescription</key>
           	<string>Arena needs permission to save photos you take to your photo library.</string>
           	<key>NSPhotoLibraryUsageDescription</key>
           	<string>Arena needs photo library access to let you select images for your profile and share visual content in debates.</string>
           	<key>UIApplicationSupportsIndirectInputEvents</key>
           	<true/>
           	<key>UILaunchStoryboardName</key>
           	<string>LaunchScreen</string>
           	<key>UIMainStoryboardFile</key>
           	<string>Main</string>
           	<key>UISupportedInterfaceOrientations</key>
           	<array>
           		<string>UIInterfaceOrientationPortrait</string>
           		<string>UIInterfaceOrientationLandscapeLeft</string>
           		<string>UIInterfaceOrientationLandscapeRight</string>
           	</array>
           	<key>UISupportedInterfaceOrientations~ipad</key>
           	<array>
           		<string>UIInterfaceOrientationPortrait</string>
           		<string>UIInterfaceOrientationPortraitUpsideDown</string>
           		<string>UIInterfaceOrientationLandscapeLeft</string>
           		<string>UIInterfaceOrientationLandscapeRight</string>
           	</array>
           </dict>
           </plist>
[   +1 ms] executing: mkfifo /var/folders/4y/xy3fflts0nqfk1tsxg0t3mmr0000gn/T/flutter_tools.IRW92X/flutter_ios_build_temp_dirVfNg6K/pipe_to_stdout
[   +2 ms] Exit code 0 from: mkfifo /var/folders/4y/xy3fflts0nqfk1tsxg0t3mmr0000gn/T/flutter_tools.IRW92X/flutter_ios_build_temp_dirVfNg6K/pipe_to_stdout
[        ] Running Xcode build...
[        ] executing: [/Users/otislewis/arena/ios/] /usr/bin/arch -arm64e xcrun xcodebuild -configuration Release VERBOSE_SCRIPT_LOGGING=YES -allowProvisioningUpdates -allowProvisioningDeviceRegistration -workspace Runner.xcworkspace -scheme Runner BUILD_DIR=/Users/otislewis/arena/build/ios -sdk iphoneos -destination generic/platform=iOS SCRIPT_OUTPUT_STREAM_FILE=/var/folders/4y/xy3fflts0nqfk1tsxg0t3mmr0000gn/T/flutter_tools.IRW92X/flutter_ios_build_temp_dirVfNg6K/pipe_to_stdout -resultBundlePath /var/folders/4y/xy3fflts0nqfk1tsxg0t3mmr0000gn/T/flutter_tools.IRW92X/flutter_ios_build_temp_dirVfNg6K/temporary_xcresult_bundle -resultBundleVersion 3 FLUTTER_SUPPRESS_ANALYTICS=true COMPILER_INDEX_STORE_ENABLE=NO
[+3393 ms] Command line invocation:
               /Applications/Xcode.app/Contents/Developer/usr/bin/xcodebuild -configuration Release VERBOSE_SCRIPT_LOGGING=YES -allowProvisioningUpdates -allowProvisioningDeviceRegistration -workspace Runner.xcworkspace -scheme Runner BUILD_DIR=/Users/otislewis/arena/build/ios -sdk iphoneos -destination generic/platform=iOS SCRIPT_OUTPUT_STREAM_FILE=/var/folders/4y/xy3fflts0nqfk1tsxg0t3mmr0000gn/T/flutter_tools.IRW92X/flutter_ios_build_temp_dirVfNg6K/pipe_to_stdout -resultBundlePath /var/folders/4y/xy3fflts0nqfk1tsxg0t3mmr0000gn/T/flutter_tools.IRW92X/flutter_ios_build_temp_dirVfNg6K/temporary_xcresult_bundle -resultBundleVersion 3 FLUTTER_SUPPRESS_ANALYTICS=true COMPILER_INDEX_STORE_ENABLE=NO

           Build settings from command line:
               BUILD_DIR = /Users/otislewis/arena/build/ios
               COMPILER_INDEX_STORE_ENABLE = NO
               FLUTTER_SUPPRESS_ANALYTICS = true
               SCRIPT_OUTPUT_STREAM_FILE = /var/folders/4y/xy3fflts0nqfk1tsxg0t3mmr0000gn/T/flutter_tools.IRW92X/flutter_ios_build_temp_dirVfNg6K/pipe_to_stdout
               SDKROOT = iphoneos18.4
               VERBOSE_SCRIPT_LOGGING = YES

           Writing result bundle at path:
           	/var/folders/4y/xy3fflts0nqfk1tsxg0t3mmr0000gn/T/flutter_tools.IRW92X/flutter_ios_build_temp_dirVfNg6K/temporary_xcresult_bundle

           ComputePackagePrebuildTargetDependencyGraph

           Prepare packages

           CreateBuildRequest

           SendProjectDescription

           CreateBuildOperation

           ComputeTargetDependencyGraph
           note: Building targets in dependency order
           note: Target dependency graph (46 targets)
               Target 'Runner' in project 'Runner'
                   ➜ Implicit dependency on target 'Pods-Runner' in project 'Pods' via file 'Pods_Runner.framework' in build phase 'Link Binary'
                   ➜ Implicit dependency on target 'PromisesObjC' in project 'Pods' via options '-framework FBLPromises' in build setting 'OTHER_LDFLAGS'
                   ➜ Implicit dependency on target 'FirebaseAppCheckInterop' in project 'Pods' via options '-framework FirebaseAppCheckInterop' in build setting 'OTHER_LDFLAGS'
                   ➜ Implicit dependency on target 'FirebaseAuth' in project 'Pods' via options '-framework FirebaseAuth' in build setting 'OTHER_LDFLAGS'
                   ➜ Implicit dependency on target 'FirebaseAuthInterop' in project 'Pods' via options '-framework FirebaseAuthInterop' in build setting 'OTHER_LDFLAGS'
                   ➜ Implicit dependency on target 'FirebaseCore' in project 'Pods' via options '-framework FirebaseCore' in build setting 'OTHER_LDFLAGS'
                   ➜ Implicit dependency on target 'FirebaseCoreExtension' in project 'Pods' via options '-framework FirebaseCoreExtension' in build setting 'OTHER_LDFLAGS'
                   ➜ Implicit dependency on target 'FirebaseCoreInternal' in project 'Pods' via options '-framework FirebaseCoreInternal' in build setting 'OTHER_LDFLAGS'
                   ➜ Implicit dependency on target 'FirebaseFirestore' in project 'Pods' via options '-framework FirebaseFirestore' in build setting 'OTHER_LDFLAGS'
                   ➜ Implicit dependency on target 'FirebaseFirestoreInternal' in project 'Pods' via options '-framework FirebaseFirestoreInternal' in build setting 'OTHER_LDFLAGS'
                   ➜ Implicit dependency on target 'FirebaseSharedSwift' in project 'Pods' via options '-framework FirebaseSharedSwift' in build setting 'OTHER_LDFLAGS'
                   ➜ Implicit dependency on target 'FirebaseStorage' in project 'Pods' via options '-framework FirebaseStorage' in build setting 'OTHER_LDFLAGS'
                   ➜ Implicit dependency on target 'GTMSessionFetcher' in project 'Pods' via options '-framework GTMSessionFetcher' in build setting 'OTHER_LDFLAGS'
                   ➜ Implicit dependency on target 'GoogleUtilities' in project 'Pods' via options '-framework GoogleUtilities' in build setting 'OTHER_LDFLAGS'
                   ➜ Implicit dependency on target 'RecaptchaInterop' in project 'Pods' via options '-framework RecaptchaInterop' in build setting 'OTHER_LDFLAGS'
                   ➜ Implicit dependency on target 'abseil' in project 'Pods' via options '-framework absl' in build setting 'OTHER_LDFLAGS'
                   ➜ Implicit dependency on target 'cloud_firestore' in project 'Pods' via options '-framework cloud_firestore' in build setting 'OTHER_LDFLAGS'
                   ➜ Implicit dependency on target 'firebase_auth' in project 'Pods' via options '-framework firebase_auth' in build setting 'OTHER_LDFLAGS'
                   ➜ Implicit dependency on target 'firebase_core' in project 'Pods' via options '-framework firebase_core' in build setting 'OTHER_LDFLAGS'
                   ➜ Implicit dependency on target 'firebase_storage' in project 'Pods' via options '-framework firebase_storage' in build setting 'OTHER_LDFLAGS'
                   ➜ Implicit dependency on target 'gRPC-Core' in project 'Pods' via options '-framework grpc' in build setting 'OTHER_LDFLAGS'
                   ➜ Implicit dependency on target 'gRPC-C++' in project 'Pods' via options '-framework grpcpp' in build setting 'OTHER_LDFLAGS'
                   ➜ Implicit dependency on target 'image_picker_ios' in project 'Pods' via options '-framework image_picker_ios' in build setting 'OTHER_LDFLAGS'
                   ➜ Implicit dependency on target 'leveldb-library' in project 'Pods' via options '-framework leveldb' in build setting 'OTHER_LDFLAGS'
                   ➜ Implicit dependency on target 'nanopb' in project 'Pods' via options '-framework nanopb' in build setting 'OTHER_LDFLAGS'
                   ➜ Implicit dependency on target 'BoringSSL-GRPC' in project 'Pods' via options '-framework openssl_grpc' in build setting 'OTHER_LDFLAGS'
               Target 'Pods-Runner' in project 'Pods'
                   ➜ Explicit dependency on target 'BoringSSL-GRPC' in project 'Pods'
                   ➜ Explicit dependency on target 'Firebase' in project 'Pods'
                   ➜ Explicit dependency on target 'FirebaseAppCheckInterop' in project 'Pods'
                   ➜ Explicit dependency on target 'FirebaseAuth' in project 'Pods'
                   ➜ Explicit dependency on target 'FirebaseAuthInterop' in project 'Pods'
                   ➜ Explicit dependency on target 'FirebaseCore' in project 'Pods'
                   ➜ Explicit dependency on target 'FirebaseCoreExtension' in project 'Pods'
                   ➜ Explicit dependency on target 'FirebaseCoreInternal' in project 'Pods'
                   ➜ Explicit dependency on target 'FirebaseFirestore' in project 'Pods'
                   ➜ Explicit dependency on target 'FirebaseFirestoreInternal' in project 'Pods'
                   ➜ Explicit dependency on target 'FirebaseSharedSwift' in project 'Pods'
                   ➜ Explicit dependency on target 'FirebaseStorage' in project 'Pods'
                   ➜ Explicit dependency on target 'Flutter' in project 'Pods'
                   ➜ Explicit dependency on target 'GTMSessionFetcher' in project 'Pods'
                   ➜ Explicit dependency on target 'GoogleUtilities' in project 'Pods'
                   ➜ Explicit dependency on target 'PromisesObjC' in project 'Pods'
                   ➜ Explicit dependency on target 'RecaptchaInterop' in project 'Pods'
                   ➜ Explicit dependency on target 'abseil' in project 'Pods'
                   ➜ Explicit dependency on target 'cloud_firestore' in project 'Pods'
                   ➜ Explicit dependency on target 'firebase_auth' in project 'Pods'
                   ➜ Explicit dependency on target 'firebase_core' in project 'Pods'
                   ➜ Explicit dependency on target 'firebase_storage' in project 'Pods'
                   ➜ Explicit dependency on target 'gRPC-C++' in project 'Pods'
                   ➜ Explicit dependency on target 'gRPC-Core' in project 'Pods'
                   ➜ Explicit dependency on target 'image_picker_ios' in project 'Pods'
                   ➜ Explicit dependency on target 'leveldb-library' in project 'Pods'
                   ➜ Explicit dependency on target 'nanopb' in project 'Pods'
               Target 'image_picker_ios' in project 'Pods'
                   ➜ Explicit dependency on target 'Flutter' in project 'Pods'
                   ➜ Explicit dependency on target 'image_picker_ios-image_picker_ios_privacy' in project 'Pods'
               Target 'image_picker_ios-image_picker_ios_privacy' in project 'Pods' (no dependencies)
               Target 'firebase_storage' in project 'Pods'
                   ➜ Explicit dependency on target 'Firebase' in project 'Pods'
                   ➜ Explicit dependency on target 'Flutter' in project 'Pods'
                   ➜ Explicit dependency on target 'firebase_core' in project 'Pods'
               Target 'firebase_auth' in project 'Pods'
                   ➜ Explicit dependency on target 'Firebase' in project 'Pods'
                   ➜ Explicit dependency on target 'Flutter' in project 'Pods'
                   ➜ Explicit dependency on target 'firebase_core' in project 'Pods'
               Target 'cloud_firestore' in project 'Pods'
                   ➜ Explicit dependency on target 'Firebase' in project 'Pods'
                   ➜ Explicit dependency on target 'Flutter' in project 'Pods'
                   ➜ Explicit dependency on target 'firebase_core' in project 'Pods'
               Target 'firebase_core' in project 'Pods'
                   ➜ Explicit dependency on target 'Firebase' in project 'Pods'
                   ➜ Explicit dependency on target 'Flutter' in project 'Pods'
               Target 'Flutter' in project 'Pods' (no dependencies)
               Target 'Firebase' in project 'Pods'
                   ➜ Explicit dependency on target 'FirebaseAuth' in project 'Pods'
                   ➜ Explicit dependency on target 'FirebaseCore' in project 'Pods'
                   ➜ Explicit dependency on target 'FirebaseFirestore' in project 'Pods'
                   ➜ Explicit dependency on target 'FirebaseStorage' in project 'Pods'
                   ➜ Implicit dependency on target 'FirebaseFirestoreInternal' in project 'Pods' via options '-weak_framework FirebaseFirestoreInternal' in build setting 'OTHER_LDFLAGS'
               Target 'FirebaseStorage' in project 'Pods'
                   ➜ Explicit dependency on target 'FirebaseAppCheckInterop' in project 'Pods'
                   ➜ Explicit dependency on target 'FirebaseAuthInterop' in project 'Pods'
                   ➜ Explicit dependency on target 'FirebaseCore' in project 'Pods'
                   ➜ Explicit dependency on target 'FirebaseCoreExtension' in project 'Pods'
                   ➜ Explicit dependency on target 'GTMSessionFetcher' in project 'Pods'
                   ➜ Explicit dependency on target 'GoogleUtilities' in project 'Pods'
               Target 'FirebaseAuthInterop' in project 'Pods' (no dependencies)
               Target 'FirebaseFirestore' in project 'Pods'
                   ➜ Explicit dependency on target 'FirebaseCore' in project 'Pods'
                   ➜ Explicit dependency on target 'FirebaseCoreExtension' in project 'Pods'
                   ➜ Explicit dependency on target 'FirebaseFirestore-FirebaseFirestore_Privacy' in project 'Pods'
                   ➜ Explicit dependency on target 'FirebaseFirestoreInternal' in project 'Pods'
                   ➜ Explicit dependency on target 'FirebaseSharedSwift' in project 'Pods'
               Target 'FirebaseFirestore-FirebaseFirestore_Privacy' in project 'Pods'
                   ➜ Implicit dependency on target 'FirebaseCore' in project 'Pods' via options '-framework FirebaseCore' in build setting 'OTHER_LDFLAGS'
                   ➜ Implicit dependency on target 'FirebaseCoreExtension' in project 'Pods' via options '-framework FirebaseCoreExtension' in build setting 'OTHER_LDFLAGS'
                   ➜ Implicit dependency on target 'FirebaseFirestoreInternal' in project 'Pods' via options '-framework FirebaseFirestoreInternal' in build setting 'OTHER_LDFLAGS'
                   ➜ Implicit dependency on target 'FirebaseSharedSwift' in project 'Pods' via options '-framework FirebaseSharedSwift' in build setting 'OTHER_LDFLAGS'
               Target 'FirebaseSharedSwift' in project 'Pods' (no dependencies)
               Target 'FirebaseFirestoreInternal' in project 'Pods'
                   ➜ Explicit dependency on target 'FirebaseAppCheckInterop' in project 'Pods'
                   ➜ Explicit dependency on target 'FirebaseCore' in project 'Pods'
                   ➜ Explicit dependency on target 'FirebaseFirestoreInternal-FirebaseFirestoreInternal_Privacy' in project 'Pods'
                   ➜ Explicit dependency on target 'abseil' in project 'Pods'
                   ➜ Explicit dependency on target 'gRPC-C++' in project 'Pods'
                   ➜ Explicit dependency on target 'gRPC-Core' in project 'Pods'
                   ➜ Explicit dependency on target 'leveldb-library' in project 'Pods'
                   ➜ Explicit dependency on target 'nanopb' in project 'Pods'
               Target 'FirebaseFirestoreInternal-FirebaseFirestoreInternal_Privacy' in project 'Pods'
                   ➜ Implicit dependency on target 'FirebaseAppCheckInterop' in project 'Pods' via options '-framework FirebaseAppCheckInterop' in build setting 'OTHER_LDFLAGS'
                   ➜ Implicit dependency on target 'FirebaseCore' in project 'Pods' via options '-framework FirebaseCore' in build setting 'OTHER_LDFLAGS'
                   ➜ Implicit dependency on target 'abseil' in project 'Pods' via options '-framework absl' in build setting 'OTHER_LDFLAGS'
                   ➜ Implicit dependency on target 'gRPC-Core' in project 'Pods' via options '-framework grpc' in build setting 'OTHER_LDFLAGS'
                   ➜ Implicit dependency on target 'gRPC-C++' in project 'Pods' via options '-framework grpcpp' in build setting 'OTHER_LDFLAGS'
                   ➜ Implicit dependency on target 'leveldb-library' in project 'Pods' via options '-framework leveldb' in build setting 'OTHER_LDFLAGS'
                   ➜ Implicit dependency on target 'nanopb' in project 'Pods' via options '-framework nanopb' in build setting 'OTHER_LDFLAGS'
               Target 'nanopb' in project 'Pods'
                   ➜ Explicit dependency on target 'nanopb-nanopb_Privacy' in project 'Pods'
               Target 'nanopb-nanopb_Privacy' in project 'Pods' (no dependencies)
               Target 'leveldb-library' in project 'Pods'
                   ➜ Explicit dependency on target 'leveldb-library-leveldb_Privacy' in project 'Pods'
               Target 'leveldb-library-leveldb_Privacy' in project 'Pods' (no dependencies)
               Target 'gRPC-C++' in project 'Pods'
                   ➜ Explicit dependency on target 'abseil' in project 'Pods'
                   ➜ Explicit dependency on target 'gRPC-C++-gRPCCertificates-Cpp' in project 'Pods'
                   ➜ Explicit dependency on target 'gRPC-C++-grpcpp' in project 'Pods'
                   ➜ Explicit dependency on target 'gRPC-Core' in project 'Pods'
               Target 'gRPC-C++-grpcpp' in project 'Pods'
                   ➜ Implicit dependency on target 'abseil' in project 'Pods' via options '-framework absl' in build setting 'OTHER_LDFLAGS'
                   ➜ Implicit dependency on target 'gRPC-Core' in project 'Pods' via options '-framework grpc' in build setting 'OTHER_LDFLAGS'
               Target 'gRPC-C++-gRPCCertificates-Cpp' in project 'Pods'
                   ➜ Implicit dependency on target 'abseil' in project 'Pods' via options '-framework absl' in build setting 'OTHER_LDFLAGS'
                   ➜ Implicit dependency on target 'gRPC-Core' in project 'Pods' via options '-framework grpc' in build setting 'OTHER_LDFLAGS'
               Target 'gRPC-Core' in project 'Pods'
                   ➜ Explicit dependency on target 'BoringSSL-GRPC' in project 'Pods'
                   ➜ Explicit dependency on target 'abseil' in project 'Pods'
                   ➜ Explicit dependency on target 'gRPC-Core-grpc' in project 'Pods'
               Target 'gRPC-Core-grpc' in project 'Pods'
                   ➜ Implicit dependency on target 'abseil' in project 'Pods' via options '-framework absl' in build setting 'OTHER_LDFLAGS'
                   ➜ Implicit dependency on target 'BoringSSL-GRPC' in project 'Pods' via options '-framework openssl_grpc' in build setting 'OTHER_LDFLAGS'
               Target 'abseil' in project 'Pods'
                   ➜ Explicit dependency on target 'abseil-xcprivacy' in project 'Pods'
               Target 'abseil-xcprivacy' in project 'Pods' (no dependencies)
               Target 'FirebaseCoreExtension' in project 'Pods'
                   ➜ Explicit dependency on target 'FirebaseCore' in project 'Pods'
                   ➜ Explicit dependency on target 'FirebaseCoreExtension-FirebaseCoreExtension_Privacy' in project 'Pods'
               Target 'FirebaseCoreExtension-FirebaseCoreExtension_Privacy' in project 'Pods'
                   ➜ Implicit dependency on target 'FirebaseCore' in project 'Pods' via options '-framework FirebaseCore' in build setting 'OTHER_LDFLAGS'
               Target 'FirebaseAuth' in project 'Pods'
                   ➜ Explicit dependency on target 'FirebaseAppCheckInterop' in project 'Pods'
                   ➜ Explicit dependency on target 'FirebaseAuth-FirebaseAuth_Privacy' in project 'Pods'
                   ➜ Explicit dependency on target 'FirebaseCore' in project 'Pods'
                   ➜ Explicit dependency on target 'GTMSessionFetcher' in project 'Pods'
                   ➜ Explicit dependency on target 'GoogleUtilities' in project 'Pods'
                   ➜ Explicit dependency on target 'RecaptchaInterop' in project 'Pods'
               Target 'FirebaseAuth-FirebaseAuth_Privacy' in project 'Pods'
                   ➜ Implicit dependency on target 'FirebaseAppCheckInterop' in project 'Pods' via options '-framework FirebaseAppCheckInterop' in build setting 'OTHER_LDFLAGS'
                   ➜ Implicit dependency on target 'FirebaseCore' in project 'Pods' via options '-framework FirebaseCore' in build setting 'OTHER_LDFLAGS'
                   ➜ Implicit dependency on target 'GTMSessionFetcher' in project 'Pods' via options '-framework GTMSessionFetcher' in build setting 'OTHER_LDFLAGS'
                   ➜ Implicit dependency on target 'GoogleUtilities' in project 'Pods' via options '-framework GoogleUtilities' in build setting 'OTHER_LDFLAGS'
                   ➜ Implicit dependency on target 'RecaptchaInterop' in project 'Pods' via options '-framework RecaptchaInterop' in build setting 'OTHER_LDFLAGS'
               Target 'RecaptchaInterop' in project 'Pods' (no dependencies)
               Target 'GTMSessionFetcher' in project 'Pods'
                   ➜ Explicit dependency on target 'GTMSessionFetcher-GTMSessionFetcher_Core_Privacy' in project 'Pods'
               Target 'GTMSessionFetcher-GTMSessionFetcher_Core_Privacy' in project 'Pods' (no dependencies)
               Target 'FirebaseCore' in project 'Pods'
                   ➜ Explicit dependency on target 'FirebaseCore-FirebaseCore_Privacy' in project 'Pods'
                   ➜ Explicit dependency on target 'FirebaseCoreInternal' in project 'Pods'
                   ➜ Explicit dependency on target 'GoogleUtilities' in project 'Pods'
               Target 'FirebaseCore-FirebaseCore_Privacy' in project 'Pods'
                   ➜ Implicit dependency on target 'FirebaseCoreInternal' in project 'Pods' via options '-framework FirebaseCoreInternal' in build setting 'OTHER_LDFLAGS'
                   ➜ Implicit dependency on target 'GoogleUtilities' in project 'Pods' via options '-framework GoogleUtilities' in build setting 'OTHER_LDFLAGS'
               Target 'FirebaseCoreInternal' in project 'Pods'
                   ➜ Explicit dependency on target 'FirebaseCoreInternal-FirebaseCoreInternal_Privacy' in project 'Pods'
                   ➜ Explicit dependency on target 'GoogleUtilities' in project 'Pods'
               Target 'FirebaseCoreInternal-FirebaseCoreInternal_Privacy' in project 'Pods'
                   ➜ Implicit dependency on target 'GoogleUtilities' in project 'Pods' via options '-framework GoogleUtilities' in build setting 'OTHER_LDFLAGS'
               Target 'GoogleUtilities' in project 'Pods'
                   ➜ Explicit dependency on target 'GoogleUtilities-GoogleUtilities_Privacy' in project 'Pods'
                   ➜ Explicit dependency on target 'PromisesObjC' in project 'Pods'
               Target 'GoogleUtilities-GoogleUtilities_Privacy' in project 'Pods'
                   ➜ Implicit dependency on target 'PromisesObjC' in project 'Pods' via options '-framework FBLPromises' in build setting 'OTHER_LDFLAGS'
               Target 'PromisesObjC' in project 'Pods'
                   ➜ Explicit dependency on target 'PromisesObjC-FBLPromises_Privacy' in project 'Pods'
               Target 'PromisesObjC-FBLPromises_Privacy' in project 'Pods' (no dependencies)
               Target 'FirebaseAppCheckInterop' in project 'Pods' (no dependencies)
               Target 'BoringSSL-GRPC' in project 'Pods'
                   ➜ Explicit dependency on target 'BoringSSL-GRPC-openssl_grpc' in project 'Pods'
               Target 'BoringSSL-GRPC-openssl_grpc' in project 'Pods' (no dependencies)

           GatherProvisioningInputs

           CreateBuildDescription

           ExecuteExternalTool /Applications/Xcode.app/Contents/Developer/Toolchains/XcodeDefault.xctoolchain/usr/bin/clang -v -E -dM -arch arm64 -isysroot /Applications/Xcode.app/Contents/Developer/Platforms/iPhoneOS.platform/Developer/SDKs/iPhoneOS18.4.sdk -x c -c /dev/null

           ExecuteExternalTool /Applications/Xcode.app/Contents/Developer/usr/bin/ibtool --version --output-format xml1

           ExecuteExternalTool /Applications/Xcode.app/Contents/Developer/Toolchains/XcodeDefault.xctoolchain/usr/bin/clang -v -E -dM -isysroot /Applications/Xcode.app/Contents/Developer/Platforms/iPhoneOS.platform/Developer/SDKs/iPhoneOS18.4.sdk -x c -c /dev/null

           ExecuteExternalTool /Applications/Xcode.app/Contents/Developer/Toolchains/XcodeDefault.xctoolchain/usr/bin/clang -v -E -dM -arch arm64 -isysroot /Applications/Xcode.app/Contents/Developer/Platforms/iPhoneOS.platform/Developer/SDKs/iPhoneOS18.4.sdk -x objective-c -c /dev/null

           ExecuteExternalTool /Applications/Xcode.app/Contents/Developer/Toolchains/XcodeDefault.xctoolchain/usr/bin/clang -v -E -dM -arch arm64 -isysroot /Applications/Xcode.app/Contents/Developer/Platforms/iPhoneOS.platform/Developer/SDKs/iPhoneOS18.4.sdk -x c++ -c /dev/null

           ExecuteExternalTool /Applications/Xcode.app/Contents/Developer/Toolchains/XcodeDefault.xctoolchain/usr/bin/swiftc --version

           ExecuteExternalTool /Applications/Xcode.app/Contents/Developer/usr/bin/actool --print-asset-tag-combinations --output-format xml1 /Users/otislewis/arena/ios/Runner/Assets.xcassets

           ExecuteExternalTool /Applications/Xcode.app/Contents/Developer/Toolchains/XcodeDefault.xctoolchain/usr/bin/libtool -V

           ExecuteExternalTool /Applications/Xcode.app/Contents/Developer/Toolchains/XcodeDefault.xctoolchain/usr/bin/ld -version_details

           ExecuteExternalTool /Applications/Xcode.app/Contents/Developer/usr/bin/actool --version --output-format xml1

           ExecuteExternalTool /Applications/Xcode.app/Contents/Developer/Toolchains/XcodeDefault.xctoolchain/usr/bin/clang -v -E -dM -arch arm64 -isysroot /Applications/Xcode.app/Contents/Developer/Platforms/iPhoneOS.platform/Developer/SDKs/iPhoneOS18.4.sdk -x objective-c++ -c /dev/null

           Build description signature: 77b788af4aad82dd3093fa5f367be6d5
           Build description path: /Users/otislewis/Library/Developer/Xcode/DerivedData/Runner-esoacwgbkaegjwbptogltxadamin/Build/Intermediates.noindex/XCBuildData/77b788af4aad82dd3093fa5f367be6d5.xcbuilddata
           ClangStatCache /Applications/Xcode.app/Contents/Developer/Toolchains/XcodeDefault.xctoolchain/usr/bin/clang-stat-cache /Applications/Xcode.app/Contents/Developer/Platforms/iPhoneOS.platform/Developer/SDKs/iPhoneOS18.4.sdk /Users/otislewis/Library/Developer/Xcode/DerivedData/SDKStatCaches.noindex/iphoneos18.4-22E235-a09501eccf75f892bc376f81961b27ba.sdkstatcache
               cd /Users/otislewis/arena/ios
               /Applications/Xcode.app/Contents/Developer/Toolchains/XcodeDefault.xctoolchain/usr/bin/clang-stat-cache /Applications/Xcode.app/Contents/Developer/Platforms/iPhoneOS.platform/Developer/SDKs/iPhoneOS18.4.sdk -o /Users/otislewis/Library/Developer/Xcode/DerivedData/SDKStatCaches.noindex/iphoneos18.4-22E235-a09501eccf75f892bc376f81961b27ba.sdkstatcache

           ProcessInfoPlistFile /Users/otislewis/arena/build/ios/Release-iphoneos/nanopb/nanopb_Privacy.bundle/Info.plist /Users/otislewis/arena/ios/Pods/Target\ Support\ Files/nanopb/ResourceBundle-nanopb_Privacy-nanopb-Info.plist (in target 'nanopb-nanopb_Privacy' from project 'Pods')
               cd /Users/otislewis/arena/ios/Pods
               builtin-infoPlistUtility /Users/otislewis/arena/ios/Pods/Target\ Support\ Files/nanopb/ResourceBundle-nanopb_Privacy-nanopb-Info.plist -producttype com.apple.product-type.bundle -expandbuildsettings -format binary -platform iphoneos -requiredArchitecture arm64 -o /Users/otislewis/arena/build/ios/Release-iphoneos/nanopb/nanopb_Privacy.bundle/Info.plist

           ProcessInfoPlistFile /Users/otislewis/arena/build/ios/Release-iphoneos/abseil/xcprivacy.bundle/Info.plist /Users/otislewis/arena/ios/Pods/Target\ Support\ Files/abseil/ResourceBundle-xcprivacy-abseil-Info.plist (in target 'abseil-xcprivacy' from project 'Pods')
               cd /Users/otislewis/arena/ios/Pods
               builtin-infoPlistUtility /Users/otislewis/arena/ios/Pods/Target\ Support\ Files/abseil/ResourceBundle-xcprivacy-abseil-Info.plist -producttype com.apple.product-type.bundle -expandbuildsettings -format binary -platform iphoneos -requiredArchitecture arm64 -o /Users/otislewis/arena/build/ios/Release-iphoneos/abseil/xcprivacy.bundle/Info.plist

           ProcessInfoPlistFile /Users/otislewis/arena/build/ios/Release-iphoneos/leveldb-library/leveldb_Privacy.bundle/Info.plist /Users/otislewis/arena/ios/Pods/Target\ Support\ Files/leveldb-library/ResourceBundle-leveldb_Privacy-leveldb-library-Info.plist (in target 'leveldb-library-leveldb_Privacy' from project 'Pods')
               cd /Users/otislewis/arena/ios/Pods
               builtin-infoPlistUtility /Users/otislewis/arena/ios/Pods/Target\ Support\ Files/leveldb-library/ResourceBundle-leveldb_Privacy-leveldb-library-Info.plist -producttype com.apple.product-type.bundle -expandbuildsettings -format binary -platform iphoneos -requiredArchitecture arm64 -o /Users/otislewis/arena/build/ios/Release-iphoneos/leveldb-library/leveldb_Privacy.bundle/Info.plist

           ProcessInfoPlistFile /Users/otislewis/arena/build/ios/Release-iphoneos/PromisesObjC/FBLPromises_Privacy.bundle/Info.plist /Users/otislewis/arena/ios/Pods/Target\ Support\ Files/PromisesObjC/ResourceBundle-FBLPromises_Privacy-PromisesObjC-Info.plist (in target 'PromisesObjC-FBLPromises_Privacy' from project 'Pods')
               cd /Users/otislewis/arena/ios/Pods
               builtin-infoPlistUtility /Users/otislewis/arena/ios/Pods/Target\ Support\ Files/PromisesObjC/ResourceBundle-FBLPromises_Privacy-PromisesObjC-Info.plist -producttype com.apple.product-type.bundle -expandbuildsettings -format binary -platform iphoneos -requiredArchitecture arm64 -o /Users/otislewis/arena/build/ios/Release-iphoneos/PromisesObjC/FBLPromises_Privacy.bundle/Info.plist

           ProcessInfoPlistFile /Users/otislewis/arena/build/ios/Release-iphoneos/image_picker_ios/image_picker_ios_privacy.bundle/Info.plist /Users/otislewis/arena/ios/Pods/Target\ Support\ Files/image_picker_ios/ResourceBundle-image_picker_ios_privacy-image_picker_ios-Info.plist (in target 'image_picker_ios-image_picker_ios_privacy' from project 'Pods')
               cd /Users/otislewis/arena/ios/Pods
               builtin-infoPlistUtility /Users/otislewis/arena/ios/Pods/Target\ Support\ Files/image_picker_ios/ResourceBundle-image_picker_ios_privacy-image_picker_ios-Info.plist -producttype com.apple.product-type.bundle -expandbuildsettings -format binary -platform iphoneos -requiredArchitecture arm64 -o /Users/otislewis/arena/build/ios/Release-iphoneos/image_picker_ios/image_picker_ios_privacy.bundle/Info.plist

           ProcessInfoPlistFile /Users/otislewis/arena/build/ios/Release-iphoneos/FirebaseSharedSwift/FirebaseSharedSwift.framework/Info.plist /Users/otislewis/arena/ios/Pods/Target\ Support\ Files/FirebaseSharedSwift/FirebaseSharedSwift-Info.plist (in target 'FirebaseSharedSwift' from project 'Pods')
               cd /Users/otislewis/arena/ios/Pods
               builtin-infoPlistUtility /Users/otislewis/arena/ios/Pods/Target\ Support\ Files/FirebaseSharedSwift/FirebaseSharedSwift-Info.plist -producttype com.apple.product-type.framework -expandbuildsettings -format binary -platform iphoneos -requiredArchitecture arm64 -o /Users/otislewis/arena/build/ios/Release-iphoneos/FirebaseSharedSwift/FirebaseSharedSwift.framework/Info.plist

           ProcessInfoPlistFile /Users/otislewis/arena/build/ios/Release-iphoneos/BoringSSL-GRPC/openssl_grpc.bundle/Info.plist /Users/otislewis/arena/ios/Pods/Target\ Support\ Files/BoringSSL-GRPC/ResourceBundle-openssl_grpc-BoringSSL-GRPC-Info.plist (in target 'BoringSSL-GRPC-openssl_grpc' from project 'Pods')
               cd /Users/otislewis/arena/ios/Pods
               builtin-infoPlistUtility /Users/otislewis/arena/ios/Pods/Target\ Support\ Files/BoringSSL-GRPC/ResourceBundle-openssl_grpc-BoringSSL-GRPC-Info.plist -producttype com.apple.product-type.bundle -expandbuildsettings -format binary -platform iphoneos -requiredArchitecture arm64 -o /Users/otislewis/arena/build/ios/Release-iphoneos/BoringSSL-GRPC/openssl_grpc.bundle/Info.plist

           ProcessInfoPlistFile /Users/otislewis/arena/build/ios/Release-iphoneos/GTMSessionFetcher/GTMSessionFetcher_Core_Privacy.bundle/Info.plist /Users/otislewis/arena/ios/Pods/Target\ Support\ Files/GTMSessionFetcher/ResourceBundle-GTMSessionFetcher_Core_Privacy-GTMSessionFetcher-Info.plist (in target 'GTMSessionFetcher-GTMSessionFetcher_Core_Privacy' from project 'Pods')
               cd /Users/otislewis/arena/ios/Pods
               builtin-infoPlistUtility /Users/otislewis/arena/ios/Pods/Target\ Support\ Files/GTMSessionFetcher/ResourceBundle-GTMSessionFetcher_Core_Privacy-GTMSessionFetcher-Info.plist -producttype com.apple.product-type.bundle -expandbuildsettings -format binary -platform iphoneos -requiredArchitecture arm64 -o /Users/otislewis/arena/build/ios/Release-iphoneos/GTMSessionFetcher/GTMSessionFetcher_Core_Privacy.bundle/Info.plist

           ProcessInfoPlistFile /Users/otislewis/arena/build/ios/Release-iphoneos/RecaptchaInterop/RecaptchaInterop.framework/Info.plist /Users/otislewis/arena/ios/Pods/Target\ Support\ Files/RecaptchaInterop/RecaptchaInterop-Info.plist (in target 'RecaptchaInterop' from project 'Pods')
               cd /Users/otislewis/arena/ios/Pods
               builtin-infoPlistUtility /Users/otislewis/arena/ios/Pods/Target\ Support\ Files/RecaptchaInterop/RecaptchaInterop-Info.plist -producttype com.apple.product-type.framework -expandbuildsettings -format binary -platform iphoneos -requiredArchitecture arm64 -o /Users/otislewis/arena/build/ios/Release-iphoneos/RecaptchaInterop/RecaptchaInterop.framework/Info.plist

           ProcessInfoPlistFile /Users/otislewis/arena/build/ios/Release-iphoneos/FirebaseAuthInterop/FirebaseAuthInterop.framework/Info.plist /Users/otislewis/arena/ios/Pods/Target\ Support\ Files/FirebaseAuthInterop/FirebaseAuthInterop-Info.plist (in target 'FirebaseAuthInterop' from project 'Pods')
               cd /Users/otislewis/arena/ios/Pods
               builtin-infoPlistUtility /Users/otislewis/arena/ios/Pods/Target\ Support\ Files/FirebaseAuthInterop/FirebaseAuthInterop-Info.plist -producttype com.apple.product-type.framework -expandbuildsettings -format binary -platform iphoneos -requiredArchitecture arm64 -o /Users/otislewis/arena/build/ios/Release-iphoneos/FirebaseAuthInterop/FirebaseAuthInterop.framework/Info.plist

           ProcessInfoPlistFile /Users/otislewis/arena/build/ios/Release-iphoneos/FirebaseAppCheckInterop/FirebaseAppCheckInterop.framework/Info.plist /Users/otislewis/arena/ios/Pods/Target\ Support\ Files/FirebaseAppCheckInterop/FirebaseAppCheckInterop-Info.plist (in target 'FirebaseAppCheckInterop' from project 'Pods')
               cd /Users/otislewis/arena/ios/Pods
               builtin-infoPlistUtility /Users/otislewis/arena/ios/Pods/Target\ Support\ Files/FirebaseAppCheckInterop/FirebaseAppCheckInterop-Info.plist -producttype com.apple.product-type.framework -expandbuildsettings -format binary -platform iphoneos -requiredArchitecture arm64 -o /Users/otislewis/arena/build/ios/Release-iphoneos/FirebaseAppCheckInterop/FirebaseAppCheckInterop.framework/Info.plist

           ProcessInfoPlistFile /Users/otislewis/arena/build/ios/Release-iphoneos/image_picker_ios/image_picker_ios.framework/Info.plist /Users/otislewis/arena/ios/Pods/Target\ Support\ Files/image_picker_ios/image_picker_ios-Info.plist (in target 'image_picker_ios' from project 'Pods')
               cd /Users/otislewis/arena/ios/Pods
               builtin-infoPlistUtility /Users/otislewis/arena/ios/Pods/Target\ Support\ Files/image_picker_ios/image_picker_ios-Info.plist -producttype com.apple.product-type.framework -expandbuildsettings -format binary -platform iphoneos -requiredArchitecture arm64 -o /Users/otislewis/arena/build/ios/Release-iphoneos/image_picker_ios/image_picker_ios.framework/Info.plist

           ProcessInfoPlistFile /Users/otislewis/arena/build/ios/Release-iphoneos/nanopb/nanopb.framework/Info.plist /Users/otislewis/arena/ios/Pods/Target\ Support\ Files/nanopb/nanopb-Info.plist (in target 'nanopb' from project 'Pods')
               cd /Users/otislewis/arena/ios/Pods
               builtin-infoPlistUtility /Users/otislewis/arena/ios/Pods/Target\ Support\ Files/nanopb/nanopb-Info.plist -producttype com.apple.product-type.framework -expandbuildsettings -format binary -platform iphoneos -requiredArchitecture arm64 -o /Users/otislewis/arena/build/ios/Release-iphoneos/nanopb/nanopb.framework/Info.plist

           ProcessInfoPlistFile /Users/otislewis/arena/build/ios/Release-iphoneos/abseil/absl.framework/Info.plist /Users/otislewis/arena/ios/Pods/Target\ Support\ Files/abseil/abseil-Info.plist (in target 'abseil' from project 'Pods')
               cd /Users/otislewis/arena/ios/Pods
               builtin-infoPlistUtility /Users/otislewis/arena/ios/Pods/Target\ Support\ Files/abseil/abseil-Info.plist -producttype com.apple.product-type.framework -expandbuildsettings -format binary -platform iphoneos -requiredArchitecture arm64 -o /Users/otislewis/arena/build/ios/Release-iphoneos/abseil/absl.framework/Info.plist

           CpResource /Users/otislewis/arena/build/ios/Release-iphoneos/image_picker_ios/image_picker_ios.framework/image_picker_ios_privacy.bundle /Users/otislewis/arena/build/ios/Release-iphoneos/image_picker_ios/image_picker_ios_privacy.bundle (in target 'image_picker_ios' from project 'Pods')
               cd /Users/otislewis/arena/ios/Pods
               builtin-copy -exclude .DS_Store -exclude CVS -exclude .svn -exclude .git -exclude .hg -resolve-src-symlinks /Users/otislewis/arena/build/ios/Release-iphoneos/image_picker_ios/image_picker_ios_privacy.bundle /Users/otislewis/arena/build/ios/Release-iphoneos/image_picker_ios/image_picker_ios.framework

           CpResource /Users/otislewis/arena/build/ios/Release-iphoneos/nanopb/nanopb.framework/nanopb_Privacy.bundle /Users/otislewis/arena/build/ios/Release-iphoneos/nanopb/nanopb_Privacy.bundle (in target 'nanopb' from project 'Pods')
               cd /Users/otislewis/arena/ios/Pods
               builtin-copy -exclude .DS_Store -exclude CVS -exclude .svn -exclude .git -exclude .hg -resolve-src-symlinks /Users/otislewis/arena/build/ios/Release-iphoneos/nanopb/nanopb_Privacy.bundle /Users/otislewis/arena/build/ios/Release-iphoneos/nanopb/nanopb.framework

           ProcessInfoPlistFile /Users/otislewis/arena/build/ios/Release-iphoneos/leveldb-library/leveldb.framework/Info.plist /Users/otislewis/arena/ios/Pods/Target\ Support\ Files/leveldb-library/leveldb-library-Info.plist (in target 'leveldb-library' from project 'Pods')
               cd /Users/otislewis/arena/ios/Pods
               builtin-infoPlistUtility /Users/otislewis/arena/ios/Pods/Target\ Support\ Files/leveldb-library/leveldb-library-Info.plist -producttype com.apple.product-type.framework -expandbuildsettings -format binary -platform iphoneos -requiredArchitecture arm64 -o /Users/otislewis/arena/build/ios/Release-iphoneos/leveldb-library/leveldb.framework/Info.plist

           CpResource /Users/otislewis/arena/build/ios/Release-iphoneos/leveldb-library/leveldb.framework/leveldb_Privacy.bundle /Users/otislewis/arena/build/ios/Release-iphoneos/leveldb-library/leveldb_Privacy.bundle (in target 'leveldb-library' from project 'Pods')
               cd /Users/otislewis/arena/ios/Pods
               builtin-copy -exclude .DS_Store -exclude CVS -exclude .svn -exclude .git -exclude .hg -resolve-src-symlinks /Users/otislewis/arena/build/ios/Release-iphoneos/leveldb-library/leveldb_Privacy.bundle /Users/otislewis/arena/build/ios/Release-iphoneos/leveldb-library/leveldb.framework

           CpResource /Users/otislewis/arena/build/ios/Release-iphoneos/abseil/absl.framework/xcprivacy.bundle /Users/otislewis/arena/build/ios/Release-iphoneos/abseil/xcprivacy.bundle (in target 'abseil' from project 'Pods')
               cd /Users/otislewis/arena/ios/Pods
               builtin-copy -exclude .DS_Store -exclude CVS -exclude .svn -exclude .git -exclude .hg -resolve-src-symlinks /Users/otislewis/arena/build/ios/Release-iphoneos/abseil/xcprivacy.bundle /Users/otislewis/arena/build/ios/Release-iphoneos/abseil/absl.framework

           ProcessInfoPlistFile /Users/otislewis/arena/build/ios/Release-iphoneos/PromisesObjC/FBLPromises.framework/Info.plist /Users/otislewis/arena/ios/Pods/Target\ Support\ Files/PromisesObjC/PromisesObjC-Info.plist (in target 'PromisesObjC' from project 'Pods')
               cd /Users/otislewis/arena/ios/Pods
               builtin-infoPlistUtility /Users/otislewis/arena/ios/Pods/Target\ Support\ Files/PromisesObjC/PromisesObjC-Info.plist -producttype com.apple.product-type.framework -expandbuildsettings -format binary -platform iphoneos -requiredArchitecture arm64 -o /Users/otislewis/arena/build/ios/Release-iphoneos/PromisesObjC/FBLPromises.framework/Info.plist

           CpResource /Users/otislewis/arena/build/ios/Release-iphoneos/PromisesObjC/FBLPromises.framework/FBLPromises_Privacy.bundle /Users/otislewis/arena/build/ios/Release-iphoneos/PromisesObjC/FBLPromises_Privacy.bundle (in target 'PromisesObjC' from project 'Pods')
               cd /Users/otislewis/arena/ios/Pods
               builtin-copy -exclude .DS_Store -exclude CVS -exclude .svn -exclude .git -exclude .hg -resolve-src-symlinks /Users/otislewis/arena/build/ios/Release-iphoneos/PromisesObjC/FBLPromises_Privacy.bundle /Users/otislewis/arena/build/ios/Release-iphoneos/PromisesObjC/FBLPromises.framework

           ProcessInfoPlistFile /Users/otislewis/arena/build/ios/Release-iphoneos/GTMSessionFetcher/GTMSessionFetcher.framework/Info.plist /Users/otislewis/arena/ios/Pods/Target\ Support\ Files/GTMSessionFetcher/GTMSessionFetcher-Info.plist (in target 'GTMSessionFetcher' from project 'Pods')
               cd /Users/otislewis/arena/ios/Pods
               builtin-infoPlistUtility /Users/otislewis/arena/ios/Pods/Target\ Support\ Files/GTMSessionFetcher/GTMSessionFetcher-Info.plist -producttype com.apple.product-type.framework -expandbuildsettings -format binary -platform iphoneos -requiredArchitecture arm64 -o /Users/otislewis/arena/build/ios/Release-iphoneos/GTMSessionFetcher/GTMSessionFetcher.framework/Info.plist

           CpResource /Users/otislewis/arena/build/ios/Release-iphoneos/GTMSessionFetcher/GTMSessionFetcher.framework/GTMSessionFetcher_Core_Privacy.bundle /Users/otislewis/arena/build/ios/Release-iphoneos/GTMSessionFetcher/GTMSessionFetcher_Core_Privacy.bundle (in target 'GTMSessionFetcher' from project 'Pods')
               cd /Users/otislewis/arena/ios/Pods
               builtin-copy -exclude .DS_Store -exclude CVS -exclude .svn -exclude .git -exclude .hg -resolve-src-symlinks /Users/otislewis/arena/build/ios/Release-iphoneos/GTMSessionFetcher/GTMSessionFetcher_Core_Privacy.bundle /Users/otislewis/arena/build/ios/Release-iphoneos/GTMSessionFetcher/GTMSessionFetcher.framework

           ProcessInfoPlistFile /Users/otislewis/arena/build/ios/Release-iphoneos/BoringSSL-GRPC/openssl_grpc.framework/Info.plist /Users/otislewis/arena/ios/Pods/Target\ Support\ Files/BoringSSL-GRPC/BoringSSL-GRPC-Info.plist (in target 'BoringSSL-GRPC' from project 'Pods')
               cd /Users/otislewis/arena/ios/Pods
               builtin-infoPlistUtility /Users/otislewis/arena/ios/Pods/Target\ Support\ Files/BoringSSL-GRPC/BoringSSL-GRPC-Info.plist -producttype com.apple.product-type.framework -expandbuildsettings -format binary -platform iphoneos -requiredArchitecture arm64 -o /Users/otislewis/arena/build/ios/Release-iphoneos/BoringSSL-GRPC/openssl_grpc.framework/Info.plist

           CpResource /Users/otislewis/arena/build/ios/Release-iphoneos/BoringSSL-GRPC/openssl_grpc.framework/openssl_grpc.bundle /Users/otislewis/arena/build/ios/Release-iphoneos/BoringSSL-GRPC/openssl_grpc.bundle (in target 'BoringSSL-GRPC' from project 'Pods')
               cd /Users/otislewis/arena/ios/Pods
               builtin-copy -exclude .DS_Store -exclude CVS -exclude .svn -exclude .git -exclude .hg -resolve-src-symlinks /Users/otislewis/arena/build/ios/Release-iphoneos/BoringSSL-GRPC/openssl_grpc.bundle /Users/otislewis/arena/build/ios/Release-iphoneos/BoringSSL-GRPC/openssl_grpc.framework

           ExtractAppIntentsMetadata (in target 'FirebaseSharedSwift' from project 'Pods')
               cd /Users/otislewis/arena/ios/Pods
               /Applications/Xcode.app/Contents/Developer/Toolchains/XcodeDefault.xctoolchain/usr/bin/appintentsmetadataprocessor --toolchain-dir /Applications/Xcode.app/Contents/Developer/Toolchains/XcodeDefault.xctoolchain --module-name FirebaseSharedSwift --sdk-root /Applications/Xcode.app/Contents/Developer/Platforms/iPhoneOS.platform/Developer/SDKs/iPhoneOS18.4.sdk --xcode-version 16E140 --platform-family iOS --deployment-target 13.0 --bundle-identifier org.cocoapods.FirebaseSharedSwift --output /Users/otislewis/arena/build/ios/Release-iphoneos/FirebaseSharedSwift/FirebaseSharedSwift.framework --target-triple arm64-apple-ios13.0 --binary-file /Users/otislewis/arena/build/ios/Release-iphoneos/FirebaseSharedSwift/FirebaseSharedSwift.framework/FirebaseSharedSwift --dependency-file /Users/otislewis/Library/Developer/Xcode/DerivedData/Runner-esoacwgbkaegjwbptogltxadamin/Build/Intermediates.noindex/Pods.build/Release-iphoneos/FirebaseSharedSwift.build/Objects-normal/arm64/FirebaseSharedSwift_dependency_info.dat --stringsdata-file /Users/otislewis/Library/Developer/Xcode/DerivedData/Runner-esoacwgbkaegjwbptogltxadamin/Build/Intermediates.noindex/Pods.build/Release-iphoneos/FirebaseSharedSwift.build/Objects-normal/arm64/ExtractedAppShortcutsMetadata.stringsdata --source-file-list /Users/otislewis/Library/Developer/Xcode/DerivedData/Runner-esoacwgbkaegjwbptogltxadamin/Build/Intermediates.noindex/Pods.build/Release-iphoneos/FirebaseSharedSwift.build/Objects-normal/arm64/FirebaseSharedSwift.SwiftFileList --metadata-file-list /Users/otislewis/Library/Developer/Xcode/DerivedData/Runner-esoacwgbkaegjwbptogltxadamin/Build/Intermediates.noindex/Pods.build/Release-iphoneos/FirebaseSharedSwift.build/FirebaseSharedSwift.DependencyMetadataFileList --static-metadata-file-list /Users/otislewis/Library/Developer/Xcode/DerivedData/Runner-esoacwgbkaegjwbptogltxadamin/Build/Intermediates.noindex/Pods.build/Release-iphoneos/FirebaseSharedSwift.build/FirebaseSharedSwift.DependencyStaticMetadataFileList --swift-const-vals-list /Users/otislewis/Library/Developer/Xcode/DerivedData/Runner-esoacwgbkaegjwbptogltxadamin/Build/Intermediates.noindex/Pods.build/Release-iphoneos/FirebaseSharedSwift.build/Objects-normal/arm64/FirebaseSharedSwift.SwiftConstValuesFileList --compile-time-extraction --deployment-aware-processing --validate-assistant-intents --no-app-shortcuts-localization
           2025-05-29 19:35:25.799 appintentsmetadataprocessor[18543:3048848] Starting appintentsmetadataprocessor export
           2025-05-29 19:35:25.801 appintentsmetadataprocessor[18543:3048848] warning: Metadata extraction skipped. No AppIntents.framework dependency found.

           ScanDependencies /Users/otislewis/Library/Developer/Xcode/DerivedData/Runner-esoacwgbkaegjwbptogltxadamin/Build/Intermediates.noindex/Pods.build/Release-iphoneos/BoringSSL-GRPC.build/Objects-normal/arm64/x_x509a.o /Users/otislewis/arena/ios/Pods/BoringSSL-GRPC/src/crypto/x509/x_x509a.c normal arm64 c com.apple.compilers.llvm.clang.1_0.compiler (in target 'BoringSSL-GRPC' from project 'Pods')
               cd /Users/otislewis/arena/ios/Pods

               Using response file: /Users/otislewis/Library/Developer/Xcode/DerivedData/Runner-esoacwgbkaegjwbptogltxadamin/Build/Intermediates.noindex/Pods.build/Release-iphoneos/BoringSSL-GRPC.build/Objects-normal/arm64/7187679823f38a2a940e0043cdf9d637-common-args.resp

               builtin-ScanDependencies -o /Users/otislewis/Library/Developer/Xcode/DerivedData/Runner-esoacwgbkaegjwbptogltxadamin/Build/Intermediates.noindex/Pods.build/Release-iphoneos/BoringSSL-GRPC.build/Objects-normal/arm64/x_x509a.o.scan -- /Applications/Xcode.app/Contents/Developer/Toolchains/XcodeDefault.xctoolchain/usr/bin/clang -x c -ivfsstatcache /Users/otislewis/Library/Developer/Xcode/DerivedData/SDKStatCaches.noindex/iphoneos18.4-22E235-a09501eccf75f892bc376f81961b27ba.sdkstatcache -fmessage-length\=0 -fdiagnostics-show-note-include-stack -fmacro-backtrace-limit\=0 -fno-color-diagnostics -fmodules-prune-interval\=86400 -fmodules-prune-after\=345600 -fbuild-session-file\=/Users/otislewis/Library/Developer/Xcode/DerivedData/ModuleCache.noindex/Session.modulevalidation -fmodules-validate-once-per-build-session -Wnon-modular-include-in-framework-module -Werror\=non-modular-include-in-framework-module -Wno-trigraphs -Wno-missing-field-initializers -Wno-missing-prototypes -Werror\=return-type -Wdocumentation -Wunreachable-code -Werror\=deprecated-objc-isa-usage -Werror\=objc-root-class -Wno-missing-braces -Wparentheses -Wswitch -Wunused-function -Wno-unused-label -Wno-unused-parameter -Wunused-variable -Wunused-value -Wempty-body -Wuninitialized -Wconditional-uninitialized -Wno-unknown-pragmas -Wno-shadow -Wno-four-char-constants -Wno-conversion -Wconstant-conversion -Wint-conversion -Wbool-conversion -Wenum-conversion -Wno-float-conversion -Wnon-literal-null-conversion -Wobjc-literal-conversion -Wshorten-64-to-32 -Wpointer-sign -Wno-newline-eof -Wno-implicit-fallthrough -fstrict-aliasing -Wdeprecated-declarations -Wno-sign-conversion -Winfinite-recursion -Wcomma -Wblock-capture-autoreleasing -Wstrict-prototypes -Wno-semicolon-before-method-body -Wunguarded-availability @/Users/otislewis/Library/Developer/Xcode/DerivedData/Runner-esoacwgbkaegjwbptogltxadamin/Build/Intermediates.noindex/Pods.build/Release-iphoneos/BoringSSL-GRPC.build/Objects-normal/arm64/7187679823f38a2a940e0043cdf9d637-common-args.resp -DOPENSSL_NO_ASM -GCC_WARN_INHIBIT_ALL_WARNINGS -w -DBORINGSSL_PREFIX\=GRPC -fno-objc-arc -include /Users/otislewis/arena/ios/Pods/Target\ Support\ Files/BoringSSL-GRPC/BoringSSL-GRPC-prefix.pch -MMD -MT dependencies -MF /Users/otislewis/Library/Developer/Xcode/DerivedData/Runner-esoacwgbkaegjwbptogltxadamin/Build/Intermediates.noindex/Pods.build/Release-iphoneos/BoringSSL-GRPC.build/Objects-normal/arm64/x_x509a.d --serialize-diagnostics /Users/otislewis/Library/Developer/Xcode/DerivedData/Runner-esoacwgbkaegjwbptogltxadamin/Build/Intermediates.noindex/Pods.build/Release-iphoneos/BoringSSL-GRPC.build/Objects-normal/arm64/x_x509a.dia -c /Users/otislewis/arena/ios/Pods/BoringSSL-GRPC/src/crypto/x509/x_x509a.c -o /Users/otislewis/Library/Developer/Xcode/DerivedData/Runner-esoacwgbkaegjwbptogltxadamin/Build/Intermediates.noindex/Pods.build/Release-iphoneos/BoringSSL-GRPC.build/Objects-normal/arm64/x_x509a.o
           error: unsupported option '-G' for target 'arm64-apple-ios13.0' (in target 'BoringSSL-GRPC' from project 'Pods')

           ScanDependencies /Users/otislewis/Library/Developer/Xcode/DerivedData/Runner-esoacwgbkaegjwbptogltxadamin/Build/Intermediates.noindex/Pods.build/Release-iphoneos/BoringSSL-GRPC.build/Objects-normal/arm64/x_x509.o /Users/otislewis/arena/ios/Pods/BoringSSL-GRPC/src/crypto/x509/x_x509.c normal arm64 c com.apple.compilers.llvm.clang.1_0.compiler (in target 'BoringSSL-GRPC' from project 'Pods')
               cd /Users/otislewis/arena/ios/Pods

               Using response file: /Users/otislewis/Library/Developer/Xcode/DerivedData/Runner-esoacwgbkaegjwbptogltxadamin/Build/Intermediates.noindex/Pods.build/Release-iphoneos/BoringSSL-GRPC.build/Objects-normal/arm64/7187679823f38a2a940e0043cdf9d637-common-args.resp

               builtin-ScanDependencies -o /Users/otislewis/Library/Developer/Xcode/DerivedData/Runner-esoacwgbkaegjwbptogltxadamin/Build/Intermediates.noindex/Pods.build/Release-iphoneos/BoringSSL-GRPC.build/Objects-normal/arm64/x_x509.o.scan -- /Applications/Xcode.app/Contents/Developer/Toolchains/XcodeDefault.xctoolchain/usr/bin/clang -x c -ivfsstatcache /Users/otislewis/Library/Developer/Xcode/DerivedData/SDKStatCaches.noindex/iphoneos18.4-22E235-a09501eccf75f892bc376f81961b27ba.sdkstatcache -fmessage-length\=0 -fdiagnostics-show-note-include-stack -fmacro-backtrace-limit\=0 -fno-color-diagnostics -fmodules-prune-interval\=86400 -fmodules-prune-after\=345600 -fbuild-session-file\=/Users/otislewis/Library/Developer/Xcode/DerivedData/ModuleCache.noindex/Session.modulevalidation -fmodules-validate-once-per-build-session -Wnon-modular-include-in-framework-module -Werror\=non-modular-include-in-framework-module -Wno-trigraphs -Wno-missing-field-initializers -Wno-missing-prototypes -Werror\=return-type -Wdocumentation -Wunreachable-code -Werror\=deprecated-objc-isa-usage -Werror\=objc-root-class -Wno-missing-braces -Wparentheses -Wswitch -Wunused-function -Wno-unused-label -Wno-unused-parameter -Wunused-variable -Wunused-value -Wempty-body -Wuninitialized -Wconditional-uninitialized -Wno-unknown-pragmas -Wno-shadow -Wno-four-char-constants -Wno-conversion -Wconstant-conversion -Wint-conversion -Wbool-conversion -Wenum-conversion -Wno-float-conversion -Wnon-literal-null-conversion -Wobjc-literal-conversion -Wshorten-64-to-32 -Wpointer-sign -Wno-newline-eof -Wno-implicit-fallthrough -fstrict-aliasing -Wdeprecated-declarations -Wno-sign-conversion -Winfinite-recursion -Wcomma -Wblock-capture-autoreleasing -Wstrict-prototypes -Wno-semicolon-before-method-body -Wunguarded-availability @/Users/otislewis/Library/Developer/Xcode/DerivedData/Runner-esoacwgbkaegjwbptogltxadamin/Build/Intermediates.noindex/Pods.build/Release-iphoneos/BoringSSL-GRPC.build/Objects-normal/arm64/7187679823f38a2a940e0043cdf9d637-common-args.resp -DOPENSSL_NO_ASM -GCC_WARN_INHIBIT_ALL_WARNINGS -w -DBORINGSSL_PREFIX\=GRPC -fno-objc-arc -include /Users/otislewis/arena/ios/Pods/Target\ Support\ Files/BoringSSL-GRPC/BoringSSL-GRPC-prefix.pch -MMD -MT dependencies -MF /Users/otislewis/Library/Developer/Xcode/DerivedData/Runner-esoacwgbkaegjwbptogltxadamin/Build/Intermediates.noindex/Pods.build/Release-iphoneos/BoringSSL-GRPC.build/Objects-normal/arm64/x_x509.d --serialize-diagnostics /Users/otislewis/Library/Developer/Xcode/DerivedData/Runner-esoacwgbkaegjwbptogltxadamin/Build/Intermediates.noindex/Pods.build/Release-iphoneos/BoringSSL-GRPC.build/Objects-normal/arm64/x_x509.dia -c /Users/otislewis/arena/ios/Pods/BoringSSL-GRPC/src/crypto/x509/x_x509.c -o /Users/otislewis/Library/Developer/Xcode/DerivedData/Runner-esoacwgbkaegjwbptogltxadamin/Build/Intermediates.noindex/Pods.build/Release-iphoneos/BoringSSL-GRPC.build/Objects-normal/arm64/x_x509.o
           error: unsupported option '-G' for target 'arm64-apple-ios13.0' (in target 'BoringSSL-GRPC' from project 'Pods')

           ScanDependencies /Users/otislewis/Library/Developer/Xcode/DerivedData/Runner-esoacwgbkaegjwbptogltxadamin/Build/Intermediates.noindex/Pods.build/Release-iphoneos/BoringSSL-GRPC.build/Objects-normal/arm64/x_val.o /Users/otislewis/arena/ios/Pods/BoringSSL-GRPC/src/crypto/x509/x_val.c normal arm64 c com.apple.compilers.llvm.clang.1_0.compiler (in target 'BoringSSL-GRPC' from project 'Pods')
               cd /Users/otislewis/arena/ios/Pods

               Using response file: /Users/otislewis/Library/Developer/Xcode/DerivedData/Runner-esoacwgbkaegjwbptogltxadamin/Build/Intermediates.noindex/Pods.build/Release-iphoneos/BoringSSL-GRPC.build/Objects-normal/arm64/7187679823f38a2a940e0043cdf9d637-common-args.resp

               builtin-ScanDependencies -o /Users/otislewis/Library/Developer/Xcode/DerivedData/Runner-esoacwgbkaegjwbptogltxadamin/Build/Intermediates.noindex/Pods.build/Release-iphoneos/BoringSSL-GRPC.build/Objects-normal/arm64/x_val.o.scan -- /Applications/Xcode.app/Contents/Developer/Toolchains/XcodeDefault.xctoolchain/usr/bin/clang -x c -ivfsstatcache /Users/otislewis/Library/Developer/Xcode/DerivedData/SDKStatCaches.noindex/iphoneos18.4-22E235-a09501eccf75f892bc376f81961b27ba.sdkstatcache -fmessage-length\=0 -fdiagnostics-show-note-include-stack -fmacro-backtrace-limit\=0 -fno-color-diagnostics -fmodules-prune-interval\=86400 -fmodules-prune-after\=345600 -fbuild-session-file\=/Users/otislewis/Library/Developer/Xcode/DerivedData/ModuleCache.noindex/Session.modulevalidation -fmodules-validate-once-per-build-session -Wnon-modular-include-in-framework-module -Werror\=non-modular-include-in-framework-module -Wno-trigraphs -Wno-missing-field-initializers -Wno-missing-prototypes -Werror\=return-type -Wdocumentation -Wunreachable-code -Werror\=deprecated-objc-isa-usage -Werror\=objc-root-class -Wno-missing-braces -Wparentheses -Wswitch -Wunused-function -Wno-unused-label -Wno-unused-parameter -Wunused-variable -Wunused-value -Wempty-body -Wuninitialized -Wconditional-uninitialized -Wno-unknown-pragmas -Wno-shadow -Wno-four-char-constants -Wno-conversion -Wconstant-conversion -Wint-conversion -Wbool-conversion -Wenum-conversion -Wno-float-conversion -Wnon-literal-null-conversion -Wobjc-literal-conversion -Wshorten-64-to-32 -Wpointer-sign -Wno-newline-eof -Wno-implicit-fallthrough -fstrict-aliasing -Wdeprecated-declarations -Wno-sign-conversion -Winfinite-recursion -Wcomma -Wblock-capture-autoreleasing -Wstrict-prototypes -Wno-semicolon-before-method-body -Wunguarded-availability @/Users/otislewis/Library/Developer/Xcode/DerivedData/Runner-esoacwgbkaegjwbptogltxadamin/Build/Intermediates.noindex/Pods.build/Release-iphoneos/BoringSSL-GRPC.build/Objects-normal/arm64/7187679823f38a2a940e0043cdf9d637-common-args.resp -DOPENSSL_NO_ASM -GCC_WARN_INHIBIT_ALL_WARNINGS -w -DBORINGSSL_PREFIX\=GRPC -fno-objc-arc -include /Users/otislewis/arena/ios/Pods/Target\ Support\ Files/BoringSSL-GRPC/BoringSSL-GRPC-prefix.pch -MMD -MT dependencies -MF /Users/otislewis/Library/Developer/Xcode/DerivedData/Runner-esoacwgbkaegjwbptogltxadamin/Build/Intermediates.noindex/Pods.build/Release-iphoneos/BoringSSL-GRPC.build/Objects-normal/arm64/x_val.d --serialize-diagnostics /Users/otislewis/Library/Developer/Xcode/DerivedData/Runner-esoacwgbkaegjwbptogltxadamin/Build/Intermediates.noindex/Pods.build/Release-iphoneos/BoringSSL-GRPC.build/Objects-normal/arm64/x_val.dia -c /Users/otislewis/arena/ios/Pods/BoringSSL-GRPC/src/crypto/x509/x_val.c -o /Users/otislewis/Library/Developer/Xcode/DerivedData/Runner-esoacwgbkaegjwbptogltxadamin/Build/Intermediates.noindex/Pods.build/Release-iphoneos/BoringSSL-GRPC.build/Objects-normal/arm64/x_val.o
           error: unsupported option '-G' for target 'arm64-apple-ios13.0' (in target 'BoringSSL-GRPC' from project 'Pods')

           ScanDependencies /Users/otislewis/Library/Developer/Xcode/DerivedData/Runner-esoacwgbkaegjwbptogltxadamin/Build/Intermediates.noindex/Pods.build/Release-iphoneos/BoringSSL-GRPC.build/Objects-normal/arm64/x_sig.o /Users/otislewis/arena/ios/Pods/BoringSSL-GRPC/src/crypto/x509/x_sig.c normal arm64 c com.apple.compilers.llvm.clang.1_0.compiler (in target 'BoringSSL-GRPC' from project 'Pods')
               cd /Users/otislewis/arena/ios/Pods

               Using response file: /Users/otislewis/Library/Developer/Xcode/DerivedData/Runner-esoacwgbkaegjwbptogltxadamin/Build/Intermediates.noindex/Pods.build/Release-iphoneos/BoringSSL-GRPC.build/Objects-normal/arm64/7187679823f38a2a940e0043cdf9d637-common-args.resp

               builtin-ScanDependencies -o /Users/otislewis/Library/Developer/Xcode/DerivedData/Runner-esoacwgbkaegjwbptogltxadamin/Build/Intermediates.noindex/Pods.build/Release-iphoneos/BoringSSL-GRPC.build/Objects-normal/arm64/x_sig.o.scan -- /Applications/Xcode.app/Contents/Developer/Toolchains/XcodeDefault.xctoolchain/usr/bin/clang -x c -ivfsstatcache /Users/otislewis/Library/Developer/Xcode/DerivedData/SDKStatCaches.noindex/iphoneos18.4-22E235-a09501eccf75f892bc376f81961b27ba.sdkstatcache -fmessage-length\=0 -fdiagnostics-show-note-include-stack -fmacro-backtrace-limit\=0 -fno-color-diagnostics -fmodules-prune-interval\=86400 -fmodules-prune-after\=345600 -fbuild-session-file\=/Users/otislewis/Library/Developer/Xcode/DerivedData/ModuleCache.noindex/Session.modulevalidation -fmodules-validate-once-per-build-session -Wnon-modular-include-in-framework-module -Werror\=non-modular-include-in-framework-module -Wno-trigraphs -Wno-missing-field-initializers -Wno-missing-prototypes -Werror\=return-type -Wdocumentation -Wunreachable-code -Werror\=deprecated-objc-isa-usage -Werror\=objc-root-class -Wno-missing-braces -Wparentheses -Wswitch -Wunused-function -Wno-unused-label -Wno-unused-parameter -Wunused-variable -Wunused-value -Wempty-body -Wuninitialized -Wconditional-uninitialized -Wno-unknown-pragmas -Wno-shadow -Wno-four-char-constants -Wno-conversion -Wconstant-conversion -Wint-conversion -Wbool-conversion -Wenum-conversion -Wno-float-conversion -Wnon-literal-null-conversion -Wobjc-literal-conversion -Wshorten-64-to-32 -Wpointer-sign -Wno-newline-eof -Wno-implicit-fallthrough -fstrict-aliasing -Wdeprecated-declarations -Wno-sign-conversion -Winfinite-recursion -Wcomma -Wblock-capture-autoreleasing -Wstrict-prototypes -Wno-semicolon-before-method-body -Wunguarded-availability @/Users/otislewis/Library/Developer/Xcode/DerivedData/Runner-esoacwgbkaegjwbptogltxadamin/Build/Intermediates.noindex/Pods.build/Release-iphoneos/BoringSSL-GRPC.build/Objects-normal/arm64/7187679823f38a2a940e0043cdf9d637-common-args.resp -DOPENSSL_NO_ASM -GCC_WARN_INHIBIT_ALL_WARNINGS -w -DBORINGSSL_PREFIX\=GRPC -fno-objc-arc -include /Users/otislewis/arena/ios/Pods/Target\ Support\ Files/BoringSSL-GRPC/BoringSSL-GRPC-prefix.pch -MMD -MT dependencies -MF /Users/otislewis/Library/Developer/Xcode/DerivedData/Runner-esoacwgbkaegjwbptogltxadamin/Build/Intermediates.noindex/Pods.build/Release-iphoneos/BoringSSL-GRPC.build/Objects-normal/arm64/x_sig.d --serialize-diagnostics /Users/otislewis/Library/Developer/Xcode/DerivedData/Runner-esoacwgbkaegjwbptogltxadamin/Build/Intermediates.noindex/Pods.build/Release-iphoneos/BoringSSL-GRPC.build/Objects-normal/arm64/x_sig.dia -c /Users/otislewis/arena/ios/Pods/BoringSSL-GRPC/src/crypto/x509/x_sig.c -o /Users/otislewis/Library/Developer/Xcode/DerivedData/Runner-esoacwgbkaegjwbptogltxadamin/Build/Intermediates.noindex/Pods.build/Release-iphoneos/BoringSSL-GRPC.build/Objects-normal/arm64/x_sig.o
           error: unsupported option '-G' for target 'arm64-apple-ios13.0' (in target 'BoringSSL-GRPC' from project 'Pods')

           ScanDependencies /Users/otislewis/Library/Developer/Xcode/DerivedData/Runner-esoacwgbkaegjwbptogltxadamin/Build/Intermediates.noindex/Pods.build/Release-iphoneos/BoringSSL-GRPC.build/Objects-normal/arm64/x_spki.o /Users/otislewis/arena/ios/Pods/BoringSSL-GRPC/src/crypto/x509/x_spki.c normal arm64 c com.apple.compilers.llvm.clang.1_0.compiler (in target 'BoringSSL-GRPC' from project 'Pods')
               cd /Users/otislewis/arena/ios/Pods

               Using response file: /Users/otislewis/Library/Developer/Xcode/DerivedData/Runner-esoacwgbkaegjwbptogltxadamin/Build/Intermediates.noindex/Pods.build/Release-iphoneos/BoringSSL-GRPC.build/Objects-normal/arm64/7187679823f38a2a940e0043cdf9d637-common-args.resp

               builtin-ScanDependencies -o /Users/otislewis/Library/Developer/Xcode/DerivedData/Runner-esoacwgbkaegjwbptogltxadamin/Build/Intermediates.noindex/Pods.build/Release-iphoneos/BoringSSL-GRPC.build/Objects-normal/arm64/x_spki.o.scan -- /Applications/Xcode.app/Contents/Developer/Toolchains/XcodeDefault.xctoolchain/usr/bin/clang -x c -ivfsstatcache /Users/otislewis/Library/Developer/Xcode/DerivedData/SDKStatCaches.noindex/iphoneos18.4-22E235-a09501eccf75f892bc376f81961b27ba.sdkstatcache -fmessage-length\=0 -fdiagnostics-show-note-include-stack -fmacro-backtrace-limit\=0 -fno-color-diagnostics -fmodules-prune-interval\=86400 -fmodules-prune-after\=345600 -fbuild-session-file\=/Users/otislewis/Library/Developer/Xcode/DerivedData/ModuleCache.noindex/Session.modulevalidation -fmodules-validate-once-per-build-session -Wnon-modular-include-in-framework-module -Werror\=non-modular-include-in-framework-module -Wno-trigraphs -Wno-missing-field-initializers -Wno-missing-prototypes -Werror\=return-type -Wdocumentation -Wunreachable-code -Werror\=deprecated-objc-isa-usage -Werror\=objc-root-class -Wno-missing-braces -Wparentheses -Wswitch -Wunused-function -Wno-unused-label -Wno-unused-parameter -Wunused-variable -Wunused-value -Wempty-body -Wuninitialized -Wconditional-uninitialized -Wno-unknown-pragmas -Wno-shadow -Wno-four-char-constants -Wno-conversion -Wconstant-conversion -Wint-conversion -Wbool-conversion -Wenum-conversion -Wno-float-conversion -Wnon-literal-null-conversion -Wobjc-literal-conversion -Wshorten-64-to-32 -Wpointer-sign -Wno-newline-eof -Wno-implicit-fallthrough -fstrict-aliasing -Wdeprecated-declarations -Wno-sign-conversion -Winfinite-recursion -Wcomma -Wblock-capture-autoreleasing -Wstrict-prototypes -Wno-semicolon-before-method-body -Wunguarded-availability @/Users/otislewis/Library/Developer/Xcode/DerivedData/Runner-esoacwgbkaegjwbptogltxadamin/Build/Intermediates.noindex/Pods.build/Release-iphoneos/BoringSSL-GRPC.build/Objects-normal/arm64/7187679823f38a2a940e0043cdf9d637-common-args.resp -DOPENSSL_NO_ASM -GCC_WARN_INHIBIT_ALL_WARNINGS -w -DBORINGSSL_PREFIX\=GRPC -fno-objc-arc -include /Users/otislewis/arena/ios/Pods/Target\ Support\ Files/BoringSSL-GRPC/BoringSSL-GRPC-prefix.pch -MMD -MT dependencies -MF /Users/otislewis/Library/Developer/Xcode/DerivedData/Runner-esoacwgbkaegjwbptogltxadamin/Build/Intermediates.noindex/Pods.build/Release-iphoneos/BoringSSL-GRPC.build/Objects-normal/arm64/x_spki.d --serialize-diagnostics /Users/otislewis/Library/Developer/Xcode/DerivedData/Runner-esoacwgbkaegjwbptogltxadamin/Build/Intermediates.noindex/Pods.build/Release-iphoneos/BoringSSL-GRPC.build/Objects-normal/arm64/x_spki.dia -c /Users/otislewis/arena/ios/Pods/BoringSSL-GRPC/src/crypto/x509/x_spki.c -o /Users/otislewis/Library/Developer/Xcode/DerivedData/Runner-esoacwgbkaegjwbptogltxadamin/Build/Intermediates.noindex/Pods.build/Release-iphoneos/BoringSSL-GRPC.build/Objects-normal/arm64/x_spki.o
           error: unsupported option '-G' for target 'arm64-apple-ios13.0' (in target 'BoringSSL-GRPC' from project 'Pods')

           ScanDependencies /Users/otislewis/Library/Developer/Xcode/DerivedData/Runner-esoacwgbkaegjwbptogltxadamin/Build/Intermediates.noindex/Pods.build/Release-iphoneos/BoringSSL-GRPC.build/Objects-normal/arm64/x_req.o /Users/otislewis/arena/ios/Pods/BoringSSL-GRPC/src/crypto/x509/x_req.c normal arm64 c com.apple.compilers.llvm.clang.1_0.compiler (in target 'BoringSSL-GRPC' from project 'Pods')
               cd /Users/otislewis/arena/ios/Pods

               Using response file: /Users/otislewis/Library/Developer/Xcode/DerivedData/Runner-esoacwgbkaegjwbptogltxadamin/Build/Intermediates.noindex/Pods.build/Release-iphoneos/BoringSSL-GRPC.build/Objects-normal/arm64/7187679823f38a2a940e0043cdf9d637-common-args.resp

               builtin-ScanDependencies -o /Users/otislewis/Library/Developer/Xcode/DerivedData/Runner-esoacwgbkaegjwbptogltxadamin/Build/Intermediates.noindex/Pods.build/Release-iphoneos/BoringSSL-GRPC.build/Objects-normal/arm64/x_req.o.scan -- /Applications/Xcode.app/Contents/Developer/Toolchains/XcodeDefault.xctoolchain/usr/bin/clang -x c -ivfsstatcache /Users/otislewis/Library/Developer/Xcode/DerivedData/SDKStatCaches.noindex/iphoneos18.4-22E235-a09501eccf75f892bc376f81961b27ba.sdkstatcache -fmessage-length\=0 -fdiagnostics-show-note-include-stack -fmacro-backtrace-limit\=0 -fno-color-diagnostics -fmodules-prune-interval\=86400 -fmodules-prune-after\=345600 -fbuild-session-file\=/Users/otislewis/Library/Developer/Xcode/DerivedData/ModuleCache.noindex/Session.modulevalidation -fmodules-validate-once-per-build-session -Wnon-modular-include-in-framework-module -Werror\=non-modular-include-in-framework-module -Wno-trigraphs -Wno-missing-field-initializers -Wno-missing-prototypes -Werror\=return-type -Wdocumentation -Wunreachable-code -Werror\=deprecated-objc-isa-usage -Werror\=objc-root-class -Wno-missing-braces -Wparentheses -Wswitch -Wunused-function -Wno-unused-label -Wno-unused-parameter -Wunused-variable -Wunused-value -Wempty-body -Wuninitialized -Wconditional-uninitialized -Wno-unknown-pragmas -Wno-shadow -Wno-four-char-constants -Wno-conversion -Wconstant-conversion -Wint-conversion -Wbool-conversion -Wenum-conversion -Wno-float-conversion -Wnon-literal-null-conversion -Wobjc-literal-conversion -Wshorten-64-to-32 -Wpointer-sign -Wno-newline-eof -Wno-implicit-fallthrough -fstrict-aliasing -Wdeprecated-declarations -Wno-sign-conversion -Winfinite-recursion -Wcomma -Wblock-capture-autoreleasing -Wstrict-prototypes -Wno-semicolon-before-method-body -Wunguarded-availability @/Users/otislewis/Library/Developer/Xcode/DerivedData/Runner-esoacwgbkaegjwbptogltxadamin/Build/Intermediates.noindex/Pods.build/Release-iphoneos/BoringSSL-GRPC.build/Objects-normal/arm64/7187679823f38a2a940e0043cdf9d637-common-args.resp -DOPENSSL_NO_ASM -GCC_WARN_INHIBIT_ALL_WARNINGS -w -DBORINGSSL_PREFIX\=GRPC -fno-objc-arc -include /Users/otislewis/arena/ios/Pods/Target\ Support\ Files/BoringSSL-GRPC/BoringSSL-GRPC-prefix.pch -MMD -MT dependencies -MF /Users/otislewis/Library/Developer/Xcode/DerivedData/Runner-esoacwgbkaegjwbptogltxadamin/Build/Intermediates.noindex/Pods.build/Release-iphoneos/BoringSSL-GRPC.build/Objects-normal/arm64/x_req.d --serialize-diagnostics /Users/otislewis/Library/Developer/Xcode/DerivedData/Runner-esoacwgbkaegjwbptogltxadamin/Build/Intermediates.noindex/Pods.build/Release-iphoneos/BoringSSL-GRPC.build/Objects-normal/arm64/x_req.dia -c /Users/otislewis/arena/ios/Pods/BoringSSL-GRPC/src/crypto/x509/x_req.c -o /Users/otislewis/Library/Developer/Xcode/DerivedData/Runner-esoacwgbkaegjwbptogltxadamin/Build/Intermediates.noindex/Pods.build/Release-iphoneos/BoringSSL-GRPC.build/Objects-normal/arm64/x_req.o
           error: unsupported option '-G' for target 'arm64-apple-ios13.0' (in target 'BoringSSL-GRPC' from project 'Pods')

           ScanDependencies /Users/otislewis/Library/Developer/Xcode/DerivedData/Runner-esoacwgbkaegjwbptogltxadamin/Build/Intermediates.noindex/Pods.build/Release-iphoneos/BoringSSL-GRPC.build/Objects-normal/arm64/x_pubkey.o /Users/otislewis/arena/ios/Pods/BoringSSL-GRPC/src/crypto/x509/x_pubkey.c normal arm64 c com.apple.compilers.llvm.clang.1_0.compiler (in target 'BoringSSL-GRPC' from project 'Pods')
               cd /Users/otislewis/arena/ios/Pods

               Using response file: /Users/otislewis/Library/Developer/Xcode/DerivedData/Runner-esoacwgbkaegjwbptogltxadamin/Build/Intermediates.noindex/Pods.build/Release-iphoneos/BoringSSL-GRPC.build/Objects-normal/arm64/7187679823f38a2a940e0043cdf9d637-common-args.resp

               builtin-ScanDependencies -o /Users/otislewis/Library/Developer/Xcode/DerivedData/Runner-esoacwgbkaegjwbptogltxadamin/Build/Intermediates.noindex/Pods.build/Release-iphoneos/BoringSSL-GRPC.build/Objects-normal/arm64/x_pubkey.o.scan -- /Applications/Xcode.app/Contents/Developer/Toolchains/XcodeDefault.xctoolchain/usr/bin/clang -x c -ivfsstatcache /Users/otislewis/Library/Developer/Xcode/DerivedData/SDKStatCaches.noindex/iphoneos18.4-22E235-a09501eccf75f892bc376f81961b27ba.sdkstatcache -fmessage-length\=0 -fdiagnostics-show-note-include-stack -fmacro-backtrace-limit\=0 -fno-color-diagnostics -fmodules-prune-interval\=86400 -fmodules-prune-after\=345600 -fbuild-session-file\=/Users/otislewis/Library/Developer/Xcode/DerivedData/ModuleCache.noindex/Session.modulevalidation -fmodules-validate-once-per-build-session -Wnon-modular-include-in-framework-module -Werror\=non-modular-include-in-framework-module -Wno-trigraphs -Wno-missing-field-initializers -Wno-missing-prototypes -Werror\=return-type -Wdocumentation -Wunreachable-code -Werror\=deprecated-objc-isa-usage -Werror\=objc-root-class -Wno-missing-braces -Wparentheses -Wswitch -Wunused-function -Wno-unused-label -Wno-unused-parameter -Wunused-variable -Wunused-value -Wempty-body -Wuninitialized -Wconditional-uninitialized -Wno-unknown-pragmas -Wno-shadow -Wno-four-char-constants -Wno-conversion -Wconstant-conversion -Wint-conversion -Wbool-conversion -Wenum-conversion -Wno-float-conversion -Wnon-literal-null-conversion -Wobjc-literal-conversion -Wshorten-64-to-32 -Wpointer-sign -Wno-newline-eof -Wno-implicit-fallthrough -fstrict-aliasing -Wdeprecated-declarations -Wno-sign-conversion -Winfinite-recursion -Wcomma -Wblock-capture-autoreleasing -Wstrict-prototypes -Wno-semicolon-before-method-body -Wunguarded-availability @/Users/otislewis/Library/Developer/Xcode/DerivedData/Runner-esoacwgbkaegjwbptogltxadamin/Build/Intermediates.noindex/Pods.build/Release-iphoneos/BoringSSL-GRPC.build/Objects-normal/arm64/7187679823f38a2a940e0043cdf9d637-common-args.resp -DOPENSSL_NO_ASM -GCC_WARN_INHIBIT_ALL_WARNINGS -w -DBORINGSSL_PREFIX\=GRPC -fno-objc-arc -include /Users/otislewis/arena/ios/Pods/Target\ Support\ Files/BoringSSL-GRPC/BoringSSL-GRPC-prefix.pch -MMD -MT dependencies -MF /Users/otislewis/Library/Developer/Xcode/DerivedData/Runner-esoacwgbkaegjwbptogltxadamin/Build/Intermediates.noindex/Pods.build/Release-iphoneos/BoringSSL-GRPC.build/Objects-normal/arm64/x_pubkey.d --serialize-diagnostics /Users/otislewis/Library/Developer/Xcode/DerivedData/Runner-esoacwgbkaegjwbptogltxadamin/Build/Intermediates.noindex/Pods.build/Release-iphoneos/BoringSSL-GRPC.build/Objects-normal/arm64/x_pubkey.dia -c /Users/otislewis/arena/ios/Pods/BoringSSL-GRPC/src/crypto/x509/x_pubkey.c -o /Users/otislewis/Library/Developer/Xcode/DerivedData/Runner-esoacwgbkaegjwbptogltxadamin/Build/Intermediates.noindex/Pods.build/Release-iphoneos/BoringSSL-GRPC.build/Objects-normal/arm64/x_pubkey.o
           error: unsupported option '-G' for target 'arm64-apple-ios13.0' (in target 'BoringSSL-GRPC' from project 'Pods')

           ScanDependencies /Users/otislewis/Library/Developer/Xcode/DerivedData/Runner-esoacwgbkaegjwbptogltxadamin/Build/Intermediates.noindex/Pods.build/Release-iphoneos/BoringSSL-GRPC.build/Objects-normal/arm64/x_name.o /Users/otislewis/arena/ios/Pods/BoringSSL-GRPC/src/crypto/x509/x_name.c normal arm64 c com.apple.compilers.llvm.clang.1_0.compiler (in target 'BoringSSL-GRPC' from project 'Pods')
               cd /Users/otislewis/arena/ios/Pods

               Using response file: /Users/otislewis/Library/Developer/Xcode/DerivedData/Runner-esoacwgbkaegjwbptogltxadamin/Build/Intermediates.noindex/Pods.build/Release-iphoneos/BoringSSL-GRPC.build/Objects-normal/arm64/7187679823f38a2a940e0043cdf9d637-common-args.resp

               builtin-ScanDependencies -o /Users/otislewis/Library/Developer/Xcode/DerivedData/Runner-esoacwgbkaegjwbptogltxadamin/Build/Intermediates.noindex/Pods.build/Release-iphoneos/BoringSSL-GRPC.build/Objects-normal/arm64/x_name.o.scan -- /Applications/Xcode.app/Contents/Developer/Toolchains/XcodeDefault.xctoolchain/usr/bin/clang -x c -ivfsstatcache /Users/otislewis/Library/Developer/Xcode/DerivedData/SDKStatCaches.noindex/iphoneos18.4-22E235-a09501eccf75f892bc376f81961b27ba.sdkstatcache -fmessage-length\=0 -fdiagnostics-show-note-include-stack -fmacro-backtrace-limit\=0 -fno-color-diagnostics -fmodules-prune-interval\=86400 -fmodules-prune-after\=345600 -fbuild-session-file\=/Users/otislewis/Library/Developer/Xcode/DerivedData/ModuleCache.noindex/Session.modulevalidation -fmodules-validate-once-per-build-session -Wnon-modular-include-in-framework-module -Werror\=non-modular-include-in-framework-module -Wno-trigraphs -Wno-missing-field-initializers -Wno-missing-prototypes -Werror\=return-type -Wdocumentation -Wunreachable-code -Werror\=deprecated-objc-isa-usage -Werror\=objc-root-class -Wno-missing-braces -Wparentheses -Wswitch -Wunused-function -Wno-unused-label -Wno-unused-parameter -Wunused-variable -Wunused-value -Wempty-body -Wuninitialized -Wconditional-uninitialized -Wno-unknown-pragmas -Wno-shadow -Wno-four-char-constants -Wno-conversion -Wconstant-conversion -Wint-conversion -Wbool-conversion -Wenum-conversion -Wno-float-conversion -Wnon-literal-null-conversion -Wobjc-literal-conversion -Wshorten-64-to-32 -Wpointer-sign -Wno-newline-eof -Wno-implicit-fallthrough -fstrict-aliasing -Wdeprecated-declarations -Wno-sign-conversion -Winfinite-recursion -Wcomma -Wblock-capture-autoreleasing -Wstrict-prototypes -Wno-semicolon-before-method-body -Wunguarded-availability @/Users/otislewis/Library/Developer/Xcode/DerivedData/Runner-esoacwgbkaegjwbptogltxadamin/Build/Intermediates.noindex/Pods.build/Release-iphoneos/BoringSSL-GRPC.build/Objects-normal/arm64/7187679823f38a2a940e0043cdf9d637-common-args.resp -DOPENSSL_NO_ASM -GCC_WARN_INHIBIT_ALL_WARNINGS -w -DBORINGSSL_PREFIX\=GRPC -fno-objc-arc -include /Users/otislewis/arena/ios/Pods/Target\ Support\ Files/BoringSSL-GRPC/BoringSSL-GRPC-prefix.pch -MMD -MT dependencies -MF /Users/otislewis/Library/Developer/Xcode/DerivedData/Runner-esoacwgbkaegjwbptogltxadamin/Build/Intermediates.noindex/Pods.build/Release-iphoneos/BoringSSL-GRPC.build/Objects-normal/arm64/x_name.d --serialize-diagnostics /Users/otislewis/Library/Developer/Xcode/DerivedData/Runner-esoacwgbkaegjwbptogltxadamin/Build/Intermediates.noindex/Pods.build/Release-iphoneos/BoringSSL-GRPC.build/Objects-normal/arm64/x_name.dia -c /Users/otislewis/arena/ios/Pods/BoringSSL-GRPC/src/crypto/x509/x_name.c -o /Users/otislewis/Library/Developer/Xcode/DerivedData/Runner-esoacwgbkaegjwbptogltxadamin/Build/Intermediates.noindex/Pods.build/Release-iphoneos/BoringSSL-GRPC.build/Objects-normal/arm64/x_name.o
           error: unsupported option '-G' for target 'arm64-apple-ios13.0' (in target 'BoringSSL-GRPC' from project 'Pods')

           ScanDependencies /Users/otislewis/Library/Developer/Xcode/DerivedData/Runner-esoacwgbkaegjwbptogltxadamin/Build/Intermediates.noindex/Pods.build/Release-iphoneos/BoringSSL-GRPC.build/Objects-normal/arm64/x_exten.o /Users/otislewis/arena/ios/Pods/BoringSSL-GRPC/src/crypto/x509/x_exten.c normal arm64 c com.apple.compilers.llvm.clang.1_0.compiler (in target 'BoringSSL-GRPC' from project 'Pods')
               cd /Users/otislewis/arena/ios/Pods

               Using response file: /Users/otislewis/Library/Developer/Xcode/DerivedData/Runner-esoacwgbkaegjwbptogltxadamin/Build/Intermediates.noindex/Pods.build/Release-iphoneos/BoringSSL-GRPC.build/Objects-normal/arm64/7187679823f38a2a940e0043cdf9d637-common-args.resp

               builtin-ScanDependencies -o /Users/otislewis/Library/Developer/Xcode/DerivedData/Runner-esoacwgbkaegjwbptogltxadamin/Build/Intermediates.noindex/Pods.build/Release-iphoneos/BoringSSL-GRPC.build/Objects-normal/arm64/x_exten.o.scan -- /Applications/Xcode.app/Contents/Developer/Toolchains/XcodeDefault.xctoolchain/usr/bin/clang -x c -ivfsstatcache /Users/otislewis/Library/Developer/Xcode/DerivedData/SDKStatCaches.noindex/iphoneos18.4-22E235-a09501eccf75f892bc376f81961b27ba.sdkstatcache -fmessage-length\=0 -fdiagnostics-show-note-include-stack -fmacro-backtrace-limit\=0 -fno-color-diagnostics -fmodules-prune-interval\=86400 -fmodules-prune-after\=345600 -fbuild-session-file\=/Users/otislewis/Library/Developer/Xcode/DerivedData/ModuleCache.noindex/Session.modulevalidation -fmodules-validate-once-per-build-session -Wnon-modular-include-in-framework-module -Werror\=non-modular-include-in-framework-module -Wno-trigraphs -Wno-missing-field-initializers -Wno-missing-prototypes -Werror\=return-type -Wdocumentation -Wunreachable-code -Werror\=deprecated-objc-isa-usage -Werror\=objc-root-class -Wno-missing-braces -Wparentheses -Wswitch -Wunused-function -Wno-unused-label -Wno-unused-parameter -Wunused-variable -Wunused-value -Wempty-body -Wuninitialized -Wconditional-uninitialized -Wno-unknown-pragmas -Wno-shadow -Wno-four-char-constants -Wno-conversion -Wconstant-conversion -Wint-conversion -Wbool-conversion -Wenum-conversion -Wno-float-conversion -Wnon-literal-null-conversion -Wobjc-literal-conversion -Wshorten-64-to-32 -Wpointer-sign -Wno-newline-eof -Wno-implicit-fallthrough -fstrict-aliasing -Wdeprecated-declarations -Wno-sign-conversion -Winfinite-recursion -Wcomma -Wblock-capture-autoreleasing -Wstrict-prototypes -Wno-semicolon-before-method-body -Wunguarded-availability @/Users/otislewis/Library/Developer/Xcode/DerivedData/Runner-esoacwgbkaegjwbptogltxadamin/Build/Intermediates.noindex/Pods.build/Release-iphoneos/BoringSSL-GRPC.build/Objects-normal/arm64/7187679823f38a2a940e0043cdf9d637-common-args.resp -DOPENSSL_NO_ASM -GCC_WARN_INHIBIT_ALL_WARNINGS -w -DBORINGSSL_PREFIX\=GRPC -fno-objc-arc -include /Users/otislewis/arena/ios/Pods/Target\ Support\ Files/BoringSSL-GRPC/BoringSSL-GRPC-prefix.pch -MMD -MT dependencies -MF /Users/otislewis/Library/Developer/Xcode/DerivedData/Runner-esoacwgbkaegjwbptogltxadamin/Build/Intermediates.noindex/Pods.build/Release-iphoneos/BoringSSL-GRPC.build/Objects-normal/arm64/x_exten.d --serialize-diagnostics /Users/otislewis/Library/Developer/Xcode/DerivedData/Runner-esoacwgbkaegjwbptogltxadamin/Build/Intermediates.noindex/Pods.build/Release-iphoneos/BoringSSL-GRPC.build/Objects-normal/arm64/x_exten.dia -c /Users/otislewis/arena/ios/Pods/BoringSSL-GRPC/src/crypto/x509/x_exten.c -o /Users/otislewis/Library/Developer/Xcode/DerivedData/Runner-esoacwgbkaegjwbptogltxadamin/Build/Intermediates.noindex/Pods.build/Release-iphoneos/BoringSSL-GRPC.build/Objects-normal/arm64/x_exten.o
           error: unsupported option '-G' for target 'arm64-apple-ios13.0' (in target 'BoringSSL-GRPC' from project 'Pods')

           PhaseScriptExecution Create\ Symlinks\ to\ Header\ Folders /Users/otislewis/Library/Developer/Xcode/DerivedData/Runner-esoacwgbkaegjwbptogltxadamin/Build/Intermediates.noindex/Pods.build/Release-iphoneos/abseil.build/Script-5364DA217A15254040E8B9B3A9D22899.sh (in target 'abseil' from project 'Pods')
               cd /Users/otislewis/arena/ios/Pods
               export ACTION\=build
               export AD_HOC_CODE_SIGNING_ALLOWED\=NO
               export ALLOW_BUILD_REQUEST_OVERRIDES\=NO
               export ALLOW_TARGET_PLATFORM_SPECIALIZATION\=NO
               export ALTERNATE_GROUP\=staff
               export ALTERNATE_MODE\=u+w,go-w,a+rX
               export ALTERNATE_OWNER\=otislewis
               export ALTERNATIVE_DISTRIBUTION_WEB\=NO
               export ALWAYS_EMBED_SWIFT_STANDARD_LIBRARIES\=NO
               export ALWAYS_SEARCH_USER_PATHS\=NO
               export ALWAYS_USE_SEPARATE_HEADERMAPS\=NO
               export APPLICATION_EXTENSION_API_ONLY\=NO
               export APPLY_RULES_IN_COPY_FILES\=NO
               export APPLY_RULES_IN_COPY_HEADERS\=NO
               export APP_SHORTCUTS_ENABLE_FLEXIBLE_MATCHING\=YES
               export ARCHS\=arm64
               export ARCHS_STANDARD\=arm64
               export ARCHS_STANDARD_32_64_BIT\=armv7\ arm64
               export ARCHS_STANDARD_32_BIT\=armv7
               export ARCHS_STANDARD_64_BIT\=arm64
               export ARCHS_STANDARD_INCLUDING_64_BIT\=arm64
               export ARCHS_UNIVERSAL_IPHONE_OS\=armv7\ arm64
               export AUTOMATICALLY_MERGE_DEPENDENCIES\=NO
               export AVAILABLE_PLATFORMS\=android\ appletvos\ appletvsimulator\ driverkit\ iphoneos\ iphonesimulator\ macosx\ qnx\ watchos\ watchsimulator\ xros\ xrsimulator
               export BITCODE_GENERATION_MODE\=marker
               export BUILD_ACTIVE_RESOURCES_ONLY\=NO
               export BUILD_COMPONENTS\=headers\ build
               export BUILD_DIR\=/Users/otislewis/arena/build/ios
               export BUILD_LIBRARY_FOR_DISTRIBUTION\=NO
               export BUILD_ROOT\=/Users/otislewis/Library/Developer/Xcode/DerivedData/Runner-esoacwgbkaegjwbptogltxadamin/Build/Products
               export BUILD_STYLE\=
               export BUILD_VARIANTS\=normal
               export BUILT_PRODUCTS_DIR\=/Users/otislewis/arena/build/ios/Release-iphoneos/abseil
               export BUNDLE_CONTENTS_FOLDER_PATH_deep\=Contents/
               export BUNDLE_EXECUTABLE_FOLDER_NAME_deep\=MacOS
               export BUNDLE_EXTENSIONS_FOLDER_PATH\=Extensions
               export BUNDLE_FORMAT\=shallow
               export BUNDLE_FRAMEWORKS_FOLDER_PATH\=Frameworks
               export BUNDLE_PLUGINS_FOLDER_PATH\=PlugIns
               export BUNDLE_PRIVATE_HEADERS_FOLDER_PATH\=PrivateHeaders
               export BUNDLE_PUBLIC_HEADERS_FOLDER_PATH\=Headers
               export CACHE_ROOT\=/var/folders/4y/xy3fflts0nqfk1tsxg0t3mmr0000gn/C/com.apple.DeveloperTools/16.3-16E140/Xcode
               export CCHROOT\=/var/folders/4y/xy3fflts0nqfk1tsxg0t3mmr0000gn/C/com.apple.DeveloperTools/16.3-16E140/Xcode
               export CHMOD\=/bin/chmod
               export CHOWN\=/usr/sbin/chown
               export CLANG_ANALYZER_LOCALIZABILITY_NONLOCALIZED\=YES
               export CLANG_ANALYZER_NONNULL\=YES
               export CLANG_ANALYZER_NUMBER_OBJECT_CONVERSION\=YES_AGGRESSIVE
               export CLANG_CACHE_FINE_GRAINED_OUTPUTS\=YES
               export CLANG_CXX_LANGUAGE_STANDARD\=gnu++14
               export CLANG_CXX_LIBRARY\=libc++
               export CLANG_ENABLE_EXPLICIT_MODULES\=YES
               export CLANG_ENABLE_MODULES\=YES
               export CLANG_ENABLE_OBJC_ARC\=YES
               export CLANG_ENABLE_OBJC_WEAK\=YES
               export CLANG_MODULES_BUILD_SESSION_FILE\=/Users/otislewis/Library/Developer/Xcode/DerivedData/ModuleCache.noindex/Session.modulevalidation
               export CLANG_WARN_BLOCK_CAPTURE_AUTORELEASING\=YES
               export CLANG_WARN_BOOL_CONVERSION\=YES
               export CLANG_WARN_COMMA\=YES
               export CLANG_WARN_CONSTANT_CONVERSION\=YES
               export CLANG_WARN_DEPRECATED_OBJC_IMPLEMENTATIONS\=YES
               export CLANG_WARN_DIRECT_OBJC_ISA_USAGE\=YES_ERROR
               export CLANG_WARN_DOCUMENTATION_COMMENTS\=YES
               export CLANG_WARN_EMPTY_BODY\=YES
               export CLANG_WARN_ENUM_CONVERSION\=YES
               export CLANG_WARN_INFINITE_RECURSION\=YES
               export CLANG_WARN_INT_CONVERSION\=YES
               export CLANG_WARN_NON_LITERAL_NULL_CONVERSION\=YES
               export CLANG_WARN_OBJC_IMPLICIT_RETAIN_SELF\=YES
               export CLANG_WARN_OBJC_LITERAL_CONVERSION\=YES
               export CLANG_WARN_OBJC_ROOT_CLASS\=YES_ERROR
               export CLANG_WARN_QUOTED_INCLUDE_IN_FRAMEWORK_HEADER\=NO
               export CLANG_WARN_RANGE_LOOP_ANALYSIS\=YES
               export CLANG_WARN_STRICT_PROTOTYPES\=YES
               export CLANG_WARN_SUSPICIOUS_MOVE\=YES
               export CLANG_WARN_UNGUARDED_AVAILABILITY\=YES_AGGRESSIVE
               export CLANG_WARN_UNREACHABLE_CODE\=YES
               export CLANG_WARN__DUPLICATE_METHOD_MATCH\=YES
               export CLASS_FILE_DIR\=/Users/otislewis/Library/Developer/Xcode/DerivedData/Runner-esoacwgbkaegjwbptogltxadamin/Build/Intermediates.noindex/Pods.build/Release-iphoneos/abseil.build/JavaClasses
               export CLEAN_PRECOMPS\=YES
               export CLONE_HEADERS\=NO
               export CODESIGNING_FOLDER_PATH\=/Users/otislewis/arena/build/ios/Release-iphoneos/abseil/absl.framework
               export CODE_SIGNING_ALLOWED\=YES
               export CODE_SIGNING_REQUIRED\=NO
               export CODE_SIGNING_REQUIRES_TEAM\=YES
               export CODE_SIGN_CONTEXT_CLASS\=XCiPhoneOSCodeSignContext
               export CODE_SIGN_INJECT_BASE_ENTITLEMENTS\=YES
               export COLOR_DIAGNOSTICS\=NO
               export COMBINE_HIDPI_IMAGES\=NO
               export COMPILATION_CACHE_CAS_PATH\=/Users/otislewis/Library/Developer/Xcode/DerivedData/CompilationCache.noindex
               export COMPILATION_CACHE_KEEP_CAS_DIRECTORY\=YES
               export COMPILER_INDEX_STORE_ENABLE\=NO
               export COMPOSITE_SDK_DIRS\=/Users/otislewis/Library/Developer/Xcode/DerivedData/Runner-esoacwgbkaegjwbptogltxadamin/Build/Intermediates.noindex/CompositeSDKs
               export COMPRESS_PNG_FILES\=YES
               export CONFIGURATION\=Release
               export CONFIGURATION_BUILD_DIR\=/Users/otislewis/arena/build/ios/Release-iphoneos/abseil
               export CONFIGURATION_TEMP_DIR\=/Users/otislewis/Library/Developer/Xcode/DerivedData/Runner-esoacwgbkaegjwbptogltxadamin/Build/Intermediates.noindex/Pods.build/Release-iphoneos
               export CONTENTS_FOLDER_PATH\=absl.framework
               export CONTENTS_FOLDER_PATH_SHALLOW_BUNDLE_NO\=absl.framework/A
               export CONTENTS_FOLDER_PATH_SHALLOW_BUNDLE_YES\=absl.framework
               export COPYING_PRESERVES_HFS_DATA\=NO
               export COPY_HEADERS_RUN_UNIFDEF\=NO
               export COPY_PHASE_STRIP\=NO
               export CORRESPONDING_SIMULATOR_PLATFORM_DIR\=/Applications/Xcode.app/Contents/Developer/Platforms/iPhoneSimulator.platform
               export CORRESPONDING_SIMULATOR_PLATFORM_NAME\=iphonesimulator
               export CORRESPONDING_SIMULATOR_SDK_DIR\=/Applications/Xcode.app/Contents/Developer/Platforms/iPhoneSimulator.platform/Developer/SDKs/iPhoneSimulator18.4.sdk
               export CORRESPONDING_SIMULATOR_SDK_NAME\=iphonesimulator18.4
               export CP\=/bin/cp
               export CREATE_INFOPLIST_SECTION_IN_BINARY\=NO
               export CURRENT_ARCH\=undefined_arch
               export CURRENT_PROJECT_VERSION\=1
               export CURRENT_VARIANT\=normal
               export CURRENT_VERSION\=Current
               export DEAD_CODE_STRIPPING\=YES
               export DEBUGGING_SYMBOLS\=YES
               export DEBUG_INFORMATION_FORMAT\=dwarf-with-dsym
               export DEBUG_INFORMATION_VERSION\=compiler-default
               export DEFAULT_COMPILER\=com.apple.compilers.llvm.clang.1_0
               export DEFAULT_DEXT_INSTALL_PATH\=/System/Library/DriverExtensions
               export DEFAULT_KEXT_INSTALL_PATH\=/System/Library/Extensions
               export DEFINES_MODULE\=YES
               export DEPLOYMENT_LOCATION\=NO
               export DEPLOYMENT_POSTPROCESSING\=NO
               export DEPLOYMENT_TARGET_SETTING_NAME\=IPHONEOS_DEPLOYMENT_TARGET
               export DEPLOYMENT_TARGET_SUGGESTED_VALUES\=12.0\ 12.1\ 12.2\ 12.3\ 12.4\ 13.0\ 13.1\ 13.2\ 13.3\ 13.4\ 13.5\ 13.6\ 14.0\ 14.1\ 14.2\ 14.3\ 14.4\ 14.5\ 14.6\ 14.7\ 15.0\ 15.1\ 15.2\ 15.3\ 15.4\ 15.5\ 15.6\ 16.0\ 16.1\ 16.2\ 16.3\ 16.4\ 16.5\ 16.6\ 17.0\ 17.1\ 17.2\ 17.3\ 17.4\ 17.5\ 17.6\ 18.0\ 18.1\ 18.2\ 18.3\ 18.4
               export DERIVED_FILES_DIR\=/Users/otislewis/Library/Developer/Xcode/DerivedData/Runner-esoacwgbkaegjwbptogltxadamin/Build/Intermediates.noindex/Pods.build/Release-iphoneos/abseil.build/DerivedSources
               export DERIVED_FILE_DIR\=/Users/otislewis/Library/Developer/Xcode/DerivedData/Runner-esoacwgbkaegjwbptogltxadamin/Build/Intermediates.noindex/Pods.build/Release-iphoneos/abseil.build/DerivedSources
               export DERIVED_SOURCES_DIR\=/Users/otislewis/Library/Developer/Xcode/DerivedData/Runner-esoacwgbkaegjwbptogltxadamin/Build/Intermediates.noindex/Pods.build/Release-iphoneos/abseil.build/DerivedSources
               export DERIVE_MACCATALYST_PRODUCT_BUNDLE_IDENTIFIER\=NO
               export DEVELOPER_APPLICATIONS_DIR\=/Applications/Xcode.app/Contents/Developer/Applications
               export DEVELOPER_BIN_DIR\=/Applications/Xcode.app/Contents/Developer/usr/bin
               export DEVELOPER_DIR\=/Applications/Xcode.app/Contents/Developer
               export DEVELOPER_FRAMEWORKS_DIR\=/Applications/Xcode.app/Contents/Developer/Library/Frameworks
               export DEVELOPER_FRAMEWORKS_DIR_QUOTED\=/Applications/Xcode.app/Contents/Developer/Library/Frameworks
               export DEVELOPER_LIBRARY_DIR\=/Applications/Xcode.app/Contents/Developer/Library
               export DEVELOPER_SDK_DIR\=/Applications/Xcode.app/Contents/Developer/Platforms/MacOSX.platform/Developer/SDKs
               export DEVELOPER_TOOLS_DIR\=/Applications/Xcode.app/Contents/Developer/Tools
               export DEVELOPER_USR_DIR\=/Applications/Xcode.app/Contents/Developer/usr
               export DEVELOPMENT_LANGUAGE\=en
               export DIAGNOSE_MISSING_TARGET_DEPENDENCIES\=YES
               export DIFF\=/usr/bin/diff
               export DOCUMENTATION_FOLDER_PATH\=absl.framework/en.lproj/Documentation
               export DONT_GENERATE_INFOPLIST_FILE\=NO
               export DSTROOT\=/tmp/Pods.dst
               export DT_TOOLCHAIN_DIR\=/Applications/Xcode.app/Contents/Developer/Toolchains/XcodeDefault.xctoolchain
               export DWARF_DSYM_FILE_NAME\=absl.framework.dSYM
               export DWARF_DSYM_FILE_SHOULD_ACCOMPANY_PRODUCT\=NO
               export DWARF_DSYM_FOLDER_PATH\=/Users/otislewis/arena/build/ios/Release-iphoneos/abseil
               export DYLIB_COMPATIBILITY_VERSION\=1
               export DYLIB_CURRENT_VERSION\=1
               export DYLIB_INSTALL_NAME_BASE\=@rpath
               export DYNAMIC_LIBRARY_EXTENSION\=dylib
               export EAGER_COMPILATION_ALLOW_SCRIPTS\=NO
               export EAGER_LINKING\=NO
               export EFFECTIVE_PLATFORM_NAME\=-iphoneos
               export EMBEDDED_CONTENT_CONTAINS_SWIFT\=NO
               export EMBEDDED_PROFILE_NAME\=embedded.mobileprovision
               export EMBED_ASSET_PACKS_IN_PRODUCT_BUNDLE\=NO
               export ENABLE_APP_SANDBOX\=NO
               export ENABLE_BITCODE\=NO
               export ENABLE_CODE_COVERAGE\=YES
               export ENABLE_DEBUG_DYLIB\=NO
               export ENABLE_DEFAULT_HEADER_SEARCH_PATHS\=YES
               export ENABLE_DEFAULT_SEARCH_PATHS\=YES
               export ENABLE_HARDENED_RUNTIME\=NO
               export ENABLE_HEADER_DEPENDENCIES\=YES
               export ENABLE_INCOMING_NETWORK_CONNECTIONS\=NO
               export ENABLE_MODULE_VERIFIER\=NO
               export ENABLE_NS_ASSERTIONS\=NO
               export ENABLE_ON_DEMAND_RESOURCES\=NO
               export ENABLE_OUTGOING_NETWORK_CONNECTIONS\=NO
               export ENABLE_PREVIEWS\=NO
               export ENABLE_RESOURCE_ACCESS_AUDIO_INPUT\=NO
               export ENABLE_RESOURCE_ACCESS_BLUETOOTH\=NO
               export ENABLE_RESOURCE_ACCESS_CALENDARS\=NO
               export ENABLE_RESOURCE_ACCESS_CAMERA\=NO
               export ENABLE_RESOURCE_ACCESS_CONTACTS\=NO
               export ENABLE_RESOURCE_ACCESS_LOCATION\=NO
               export ENABLE_RESOURCE_ACCESS_PRINTING\=NO
               export ENABLE_RESOURCE_ACCESS_USB\=NO
               export ENABLE_SDK_IMPORTS\=NO
               export ENABLE_STRICT_OBJC_MSGSEND\=YES
               export ENABLE_TESTABILITY\=NO
               export ENABLE_TESTING_SEARCH_PATHS\=NO
               export ENABLE_USER_SCRIPT_SANDBOXING\=NO
               export ENABLE_XOJIT_PREVIEWS\=NO
               export ENFORCE_VALID_ARCHS\=YES
               export ENTITLEMENTS_DESTINATION\=Signature
               export ENTITLEMENTS_REQUIRED\=NO
               export EXCLUDED_INSTALLSRC_SUBDIRECTORY_PATTERNS\=.DS_Store\ .svn\ .git\ .hg\ CVS
               export EXCLUDED_RECURSIVE_SEARCH_PATH_SUBDIRECTORIES\=\*.nib\ \*.lproj\ \*.framework\ \*.gch\ \*.xcode\*\ \*.xcassets\ \(\*\)\ .DS_Store\ CVS\ .svn\ .git\ .hg\ \*.pbproj\ \*.pbxproj
               export EXECUTABLES_FOLDER_PATH\=absl.framework/en.lproj
               export EXECUTABLE_FOLDER_PATH\=absl.framework
               export EXECUTABLE_FOLDER_PATH_SHALLOW_BUNDLE_NO\=absl.framework
               export EXECUTABLE_FOLDER_PATH_SHALLOW_BUNDLE_YES\=absl.framework
               export EXECUTABLE_NAME\=absl
               export EXECUTABLE_PATH\=absl.framework/absl
               export EXTENSIONS_FOLDER_PATH\=absl.framework/Extensions
               export FILE_LIST\=/Users/otislewis/Library/Developer/Xcode/DerivedData/Runner-esoacwgbkaegjwbptogltxadamin/Build/Intermediates.noindex/Pods.build/Release-iphoneos/abseil.build/Objects/LinkFileList
               export FIXED_FILES_DIR\=/Users/otislewis/Library/Developer/Xcode/DerivedData/Runner-esoacwgbkaegjwbptogltxadamin/Build/Intermediates.noindex/Pods.build/Release-iphoneos/abseil.build/FixedFiles
               export FLUTTER_SUPPRESS_ANALYTICS\=true
               export FRAMEWORKS_FOLDER_PATH\=absl.framework/Frameworks
               export FRAMEWORK_FLAG_PREFIX\=-framework
               export FRAMEWORK_SEARCH_PATHS\=/Users/otislewis/arena/build/ios/Release-iphoneos/abseil\ 
               export FRAMEWORK_VERSION\=A
               export FULL_PRODUCT_NAME\=absl.framework
               export FUSE_BUILD_PHASES\=YES
               export FUSE_BUILD_SCRIPT_PHASES\=NO
               export GCC3_VERSION\=3.3
               export GCC_C_LANGUAGE_STANDARD\=gnu11
               export GCC_INLINES_ARE_PRIVATE_EXTERN\=YES
               export GCC_NO_COMMON_BLOCKS\=YES
               export GCC_PFE_FILE_C_DIALECTS\=c\ objective-c\ c++\ objective-c++
               export GCC_PREFIX_HEADER\=Target\ Support\ Files/abseil/abseil-prefix.pch
               export GCC_PREPROCESSOR_DEFINITIONS\=POD_CONFIGURATION_RELEASE\=1\ \ COCOAPODS\=1
               export GCC_THUMB_SUPPORT\=YES
               export GCC_TREAT_WARNINGS_AS_ERRORS\=NO
               export GCC_VERSION\=com.apple.compilers.llvm.clang.1_0
               export GCC_VERSION_IDENTIFIER\=com_apple_compilers_llvm_clang_1_0
               export GCC_WARN_64_TO_32_BIT_CONVERSION\=YES
               export GCC_WARN_ABOUT_RETURN_TYPE\=YES_ERROR
               export GCC_WARN_UNDECLARED_SELECTOR\=YES
               export GCC_WARN_UNINITIALIZED_AUTOS\=YES_AGGRESSIVE
               export GCC_WARN_UNUSED_FUNCTION\=YES
               export GCC_WARN_UNUSED_VARIABLE\=YES
               export GENERATED_MODULEMAP_DIR\=/Users/otislewis/Library/Developer/Xcode/DerivedData/Runner-esoacwgbkaegjwbptogltxadamin/Build/Intermediates.noindex/GeneratedModuleMaps-iphoneos
               export GENERATE_INFOPLIST_FILE\=NO
               export GENERATE_INTERMEDIATE_TEXT_BASED_STUBS\=YES
               export GENERATE_MASTER_OBJECT_FILE\=NO
               export GENERATE_PKGINFO_FILE\=NO
               export GENERATE_PROFILING_CODE\=NO
               export GENERATE_TEXT_BASED_STUBS\=NO
               export GID\=20
               export GROUP\=staff
               export HEADERMAP_INCLUDES_FLAT_ENTRIES_FOR_TARGET_BEING_BUILT\=YES
               export HEADERMAP_INCLUDES_FRAMEWORK_ENTRIES_FOR_ALL_PRODUCT_TYPES\=YES
               export HEADERMAP_INCLUDES_FRAMEWORK_ENTRIES_FOR_TARGETS_NOT_BEING_BUILT\=YES
               export HEADERMAP_INCLUDES_NONPUBLIC_NONPRIVATE_HEADERS\=YES
               export HEADERMAP_INCLUDES_PROJECT_HEADERS\=YES
               export HEADERMAP_USES_FRAMEWORK_PREFIX_ENTRIES\=YES
               export HEADERMAP_USES_VFS\=YES
               export HEADER_SEARCH_PATHS\=/Users/otislewis/arena/build/ios/Release-iphoneos/abseil/include\ 
               export HIDE_BITCODE_SYMBOLS\=YES
               export HOME\=/Users/otislewis
               export HOST_ARCH\=arm64
               export HOST_PLATFORM\=macosx
               export ICONV\=/usr/bin/iconv
               export IMPLICIT_DEPENDENCY_DOMAIN\=default
               export INFOPLIST_ENABLE_CFBUNDLEICONS_MERGE\=YES
               export INFOPLIST_EXPAND_BUILD_SETTINGS\=YES
               export INFOPLIST_FILE\=Target\ Support\ Files/abseil/abseil-Info.plist
               export INFOPLIST_OUTPUT_FORMAT\=binary
               export INFOPLIST_PATH\=absl.framework/Info.plist
               export INFOPLIST_PREPROCESS\=NO
               export INFOSTRINGS_PATH\=absl.framework/en.lproj/InfoPlist.strings
               export INLINE_PRIVATE_FRAMEWORKS\=NO
               export INSTALLAPI_IGNORE_SKIP_INSTALL\=YES
               export INSTALLHDRS_COPY_PHASE\=NO
               export INSTALLHDRS_SCRIPT_PHASE\=NO
               export INSTALL_DIR\=/tmp/Pods.dst/Library/Frameworks
               export INSTALL_GROUP\=staff
               export INSTALL_MODE_FLAG\=u+w,go-w,a+rX
               export INSTALL_OWNER\=otislewis
               export INSTALL_PATH\=/Library/Frameworks
               export INSTALL_ROOT\=/tmp/Pods.dst
               export IPHONEOS_DEPLOYMENT_TARGET\=13.0
               export IS_UNOPTIMIZED_BUILD\=NO
               export JAVAC_DEFAULT_FLAGS\=-J-Xms64m\ -J-XX:NewSize\=4M\ -J-Dfile.encoding\=UTF8
               export JAVA_APP_STUB\=/System/Library/Frameworks/JavaVM.framework/Resources/MacOS/JavaApplicationStub
               export JAVA_ARCHIVE_CLASSES\=YES
               export JAVA_ARCHIVE_TYPE\=JAR
               export JAVA_COMPILER\=/usr/bin/javac
               export JAVA_FOLDER_PATH\=absl.framework/Java
               export JAVA_FRAMEWORK_RESOURCES_DIRS\=Resources
               export JAVA_JAR_FLAGS\=cv
               export JAVA_SOURCE_SUBDIR\=.
               export JAVA_USE_DEPENDENCIES\=YES
               export JAVA_ZIP_FLAGS\=-urg
               export JIKES_DEFAULT_FLAGS\=+E\ +OLDCSO
               export KASAN_CFLAGS_CLASSIC\=-DKASAN\=1\ -DKASAN_CLASSIC\=1\ -fsanitize\=address\ -mllvm\ -asan-globals-live-support\ -mllvm\ -asan-force-dynamic-shadow
               export KASAN_CFLAGS_TBI\=-DKASAN\=1\ -DKASAN_TBI\=1\ -fsanitize\=kernel-hwaddress\ -mllvm\ -hwasan-recover\=0\ -mllvm\ -hwasan-instrument-atomics\=0\ -mllvm\ -hwasan-instrument-stack\=1\ -mllvm\ -hwasan-generate-tags-with-calls\=1\ -mllvm\ -hwasan-instrument-with-calls\=1\ -mllvm\ -hwasan-use-short-granules\=0\ -mllvm\ -hwasan-memory-access-callback-prefix\=__asan_
               export KASAN_DEFAULT_CFLAGS\=-DKASAN\=1\ -DKASAN_CLASSIC\=1\ -fsanitize\=address\ -mllvm\ -asan-globals-live-support\ -mllvm\ -asan-force-dynamic-shadow
               export KEEP_PRIVATE_EXTERNS\=NO
               export LD_DEPENDENCY_INFO_FILE\=/Users/otislewis/Library/Developer/Xcode/DerivedData/Runner-esoacwgbkaegjwbptogltxadamin/Build/Intermediates.noindex/Pods.build/Release-iphoneos/abseil.build/Objects-normal/undefined_arch/absl_dependency_info.dat
               export LD_DYLIB_INSTALL_NAME\=@rpath/absl.framework/absl
               export LD_EXPORT_SYMBOLS\=YES
               export LD_GENERATE_MAP_FILE\=NO
               export LD_MAP_FILE_PATH\=/Users/otislewis/Library/Developer/Xcode/DerivedData/Runner-esoacwgbkaegjwbptogltxadamin/Build/Intermediates.noindex/Pods.build/Release-iphoneos/abseil.build/absl-LinkMap-normal-undefined_arch.txt
               export LD_NO_PIE\=NO
               export LD_QUOTE_LINKER_ARGUMENTS_FOR_COMPILER_DRIVER\=YES
               export LD_RUNPATH_SEARCH_PATHS\=\ @executable_path/Frameworks\ @loader_path/Frameworks
               export LD_SHARED_CACHE_ELIGIBLE\=Automatic
               export LD_WARN_DUPLICATE_LIBRARIES\=NO
               export LD_WARN_UNUSED_DYLIBS\=NO
               export LEGACY_DEVELOPER_DIR\=/Applications/Xcode.app/Contents/PlugIns/Xcode3Core.ideplugin/Contents/SharedSupport/Developer
               export LEX\=lex
               export LIBRARY_DEXT_INSTALL_PATH\=/Library/DriverExtensions
               export LIBRARY_FLAG_NOSPACE\=YES
               export LIBRARY_FLAG_PREFIX\=-l
               export LIBRARY_KEXT_INSTALL_PATH\=/Library/Extensions
               export LIBRARY_SEARCH_PATHS\=/Users/otislewis/arena/build/ios/Release-iphoneos/abseil\ 
               export LINKER_DISPLAYS_MANGLED_NAMES\=NO
               export LINK_FILE_LIST_normal_arm64\=/Users/otislewis/Library/Developer/Xcode/DerivedData/Runner-esoacwgbkaegjwbptogltxadamin/Build/Intermediates.noindex/Pods.build/Release-iphoneos/abseil.build/Objects-normal/arm64/absl.LinkFileList
               export LINK_OBJC_RUNTIME\=YES
               export LINK_WITH_STANDARD_LIBRARIES\=YES
               export LLVM_TARGET_TRIPLE_OS_VERSION\=ios13.0
               export LLVM_TARGET_TRIPLE_VENDOR\=apple
               export LM_AUX_CONST_METADATA_LIST_PATH_normal_arm64\=/Users/otislewis/Library/Developer/Xcode/DerivedData/Runner-esoacwgbkaegjwbptogltxadamin/Build/Intermediates.noindex/Pods.build/Release-iphoneos/abseil.build/Objects-normal/arm64/absl.SwiftConstValuesFileList
               export LOCALIZATION_EXPORT_SUPPORTED\=YES
               export LOCALIZATION_PREFERS_STRING_CATALOGS\=NO
               export LOCALIZED_RESOURCES_FOLDER_PATH\=absl.framework/en.lproj
               export LOCALIZED_STRING_MACRO_NAMES\=NSLocalizedString\ CFCopyLocalizedString
               export LOCALIZED_STRING_SWIFTUI_SUPPORT\=YES
               export LOCAL_ADMIN_APPS_DIR\=/Applications/Utilities
               export LOCAL_APPS_DIR\=/Applications
               export LOCAL_DEVELOPER_DIR\=/Library/Developer
               export LOCAL_LIBRARY_DIR\=/Library
               export LOCROOT\=/Users/otislewis/arena/ios/Pods
               export LOCSYMROOT\=/Users/otislewis/arena/ios/Pods
               export MACH_O_TYPE\=mh_dylib
               export MAC_OS_X_PRODUCT_BUILD_VERSION\=24F74
               export MAC_OS_X_VERSION_ACTUAL\=150500
               export MAC_OS_X_VERSION_MAJOR\=150000
               export MAC_OS_X_VERSION_MINOR\=150500
               export MAKE_MERGEABLE\=NO
               export MERGEABLE_LIBRARY\=NO
               export MERGED_BINARY_TYPE\=none
               export MERGE_LINKED_LIBRARIES\=NO
               export METAL_LIBRARY_FILE_BASE\=default
               export METAL_LIBRARY_OUTPUT_DIR\=/Users/otislewis/arena/build/ios/Release-iphoneos/abseil/absl.framework
               export MODULEMAP_FILE\=Target\ Support\ Files/abseil/abseil.modulemap
               export MODULES_FOLDER_PATH\=absl.framework/Modules
               export MODULE_CACHE_DIR\=/Users/otislewis/Library/Developer/Xcode/DerivedData/ModuleCache.noindex
               export MTL_ENABLE_DEBUG_INFO\=NO
               export MTL_FAST_MATH\=YES
               export NATIVE_ARCH\=arm64
               export NATIVE_ARCH_32_BIT\=arm
               export NATIVE_ARCH_64_BIT\=arm64
               export NATIVE_ARCH_ACTUAL\=arm64
               export NO_COMMON\=YES
               export OBJECT_FILE_DIR\=/Users/otislewis/Library/Developer/Xcode/DerivedData/Runner-esoacwgbkaegjwbptogltxadamin/Build/Intermediates.noindex/Pods.build/Release-iphoneos/abseil.build/Objects
               export OBJECT_FILE_DIR_normal\=/Users/otislewis/Library/Developer/Xcode/DerivedData/Runner-esoacwgbkaegjwbptogltxadamin/Build/Intermediates.noindex/Pods.build/Release-iphoneos/abseil.build/Objects-normal
               export OBJROOT\=/Users/otislewis/Library/Developer/Xcode/DerivedData/Runner-esoacwgbkaegjwbptogltxadamin/Build/Intermediates.noindex
               export ONLY_ACTIVE_ARCH\=NO
               export OS\=MACOS
               export OSAC\=/usr/bin/osacompile
               export OTHER_LDFLAGS\=\ -l\"c++\"
               export PACKAGE_TYPE\=com.apple.package-type.wrapper.framework
               export PASCAL_STRINGS\=YES
               export PATH\=/Applications/Xcode.app/Contents/SharedFrameworks/SwiftBuild.framework/Versions/A/PlugIns/SWBBuildService.bundle/Contents/PlugIns/SWBUniversalPlatformPlugin.bundle/Contents/Frameworks/SWBUniversalPlatform.framework/Resources:/Applications/Xcode.app/Contents/Developer/Toolchains/XcodeDefault.xctoolchain/usr/bin:/Applications/Xcode.app/Contents/Developer/Toolchains/XcodeDefault.xctoolchain/usr/local/bin:/Applications/Xcode.app/Contents/Developer/Toolchains/XcodeDefault.xctoolchain/usr/libexec:/Applications/Xcode.app/Contents/Developer/Platforms/iPhoneOS.platform/usr/bin:/Applications/Xcode.app/Contents/Developer/Platforms/iPhoneOS.platform/usr/local/bin:/Applications/Xcode.app/Contents/Developer/Platforms/iPhoneOS.platform/Developer/usr/bin:/Applications/Xcode.app/Contents/Developer/Platforms/iPhoneOS.platform/Developer/usr/local/bin:/Applications/Xcode.app/Contents/Developer/usr/bin:/Applications/Xcode.app/Contents/Developer/usr/local/bin:/Users/otislewis/.gem/ruby/3.3.0/bin:/opt/homebrew/bin:/opt/homebrew/sbin:/usr/local/bin:/System/Cryptexes/App/usr/bin:/usr/bin:/bin:/usr/sbin:/sbin:/var/run/com.apple.security.cryptexd/codex.system/bootstrap/usr/local/bin:/var/run/com.apple.security.cryptexd/codex.system/bootstrap/usr/bin:/var/run/com.apple.security.cryptexd/codex.system/bootstrap/usr/appleinternal/bin:/Library/Apple/usr/bin:/opt/homebrew/Caskroom/flutter/3.32.0/flutter/bin:/Users/otislewis/Library/Android/sdk/emulator:/Users/otislewis/Library/Android/sdk/tools:/Users/otislewis/Library/Android/sdk/tools/bin:/Users/otislewis/Library/Android/sdk/platform-tools:/opt/homebrew/Caskroom/flutter/3.32.0/flutter/bin/cache/dart-sdk/bin
               export PATH_PREFIXES_EXCLUDED_FROM_HEADER_DEPENDENCIES\=/usr/include\ /usr/local/include\ /System/Library/Frameworks\ /System/Library/PrivateFrameworks\ /Applications/Xcode.app/Contents/Developer/Headers\ /Applications/Xcode.app/Contents/Developer/SDKs\ /Applications/Xcode.app/Contents/Developer/Platforms
               export PBDEVELOPMENTPLIST_PATH\=absl.framework/pbdevelopment.plist
               export PER_ARCH_MODULE_FILE_DIR\=/Users/otislewis/Library/Developer/Xcode/DerivedData/Runner-esoacwgbkaegjwbptogltxadamin/Build/Intermediates.noindex/Pods.build/Release-iphoneos/abseil.build/Objects-normal/undefined_arch
               export PER_ARCH_OBJECT_FILE_DIR\=/Users/otislewis/Library/Developer/Xcode/DerivedData/Runner-esoacwgbkaegjwbptogltxadamin/Build/Intermediates.noindex/Pods.build/Release-iphoneos/abseil.build/Objects-normal/undefined_arch
               export PER_VARIANT_OBJECT_FILE_DIR\=/Users/otislewis/Library/Developer/Xcode/DerivedData/Runner-esoacwgbkaegjwbptogltxadamin/Build/Intermediates.noindex/Pods.build/Release-iphoneos/abseil.build/Objects-normal
               export PKGINFO_FILE_PATH\=/Users/otislewis/Library/Developer/Xcode/DerivedData/Runner-esoacwgbkaegjwbptogltxadamin/Build/Intermediates.noindex/Pods.build/Release-iphoneos/abseil.build/PkgInfo
               export PKGINFO_PATH\=absl.framework/PkgInfo
               export PLATFORM_DEVELOPER_APPLICATIONS_DIR\=/Applications/Xcode.app/Contents/Developer/Platforms/iPhoneOS.platform/Developer/Applications
               export PLATFORM_DEVELOPER_BIN_DIR\=/Applications/Xcode.app/Contents/Developer/Platforms/iPhoneOS.platform/Developer/usr/bin
               export PLATFORM_DEVELOPER_LIBRARY_DIR\=/Applications/Xcode.app/Contents/Developer/Platforms/iPhoneOS.platform/Developer/Library
               export PLATFORM_DEVELOPER_SDK_DIR\=/Applications/Xcode.app/Contents/Developer/Platforms/iPhoneOS.platform/Developer/SDKs
               export PLATFORM_DEVELOPER_TOOLS_DIR\=/Applications/Xcode.app/Contents/Developer/Platforms/iPhoneOS.platform/Developer/Tools
               export PLATFORM_DEVELOPER_USR_DIR\=/Applications/Xcode.app/Contents/Developer/Platforms/iPhoneOS.platform/Developer/usr
               export PLATFORM_DIR\=/Applications/Xcode.app/Contents/Developer/Platforms/iPhoneOS.platform
               export PLATFORM_DISPLAY_NAME\=iOS
               export PLATFORM_FAMILY_NAME\=iOS
               export PLATFORM_NAME\=iphoneos
               export PLATFORM_PREFERRED_ARCH\=arm64
               export PLATFORM_PRODUCT_BUILD_VERSION\=22E235
               export PLATFORM_REQUIRES_SWIFT_AUTOLINK_EXTRACT\=NO
               export PLATFORM_REQUIRES_SWIFT_MODULEWRAP\=NO
               export PLIST_FILE_OUTPUT_FORMAT\=binary
               export PLUGINS_FOLDER_PATH\=absl.framework/PlugIns
               export PODS_BUILD_DIR\=/Users/otislewis/arena/build/ios
               export PODS_CONFIGURATION_BUILD_DIR\=/Users/otislewis/arena/build/ios/Release-iphoneos
               export PODS_DEVELOPMENT_LANGUAGE\=en
               export PODS_ROOT\=/Users/otislewis/arena/ios/Pods
               export PODS_TARGET_SRCROOT\=/Users/otislewis/arena/ios/Pods/abseil
               export PODS_XCFRAMEWORKS_BUILD_DIR\=/Users/otislewis/arena/build/ios/Release-iphoneos/XCFrameworkIntermediates
               export PRECOMPS_INCLUDE_HEADERS_FROM_BUILT_PRODUCTS_DIR\=YES
               export PRECOMP_DESTINATION_DIR\=/Users/otislewis/Library/Developer/Xcode/DerivedData/Runner-esoacwgbkaegjwbptogltxadamin/Build/Intermediates.noindex/Pods.build/Release-iphoneos/abseil.build/PrefixHeaders
               export PRIVATE_HEADERS_FOLDER_PATH\=absl.framework/PrivateHeaders
               export PROCESSED_INFOPLIST_PATH\=/Users/otislewis/Library/Developer/Xcode/DerivedData/Runner-esoacwgbkaegjwbptogltxadamin/Build/Intermediates.noindex/Pods.build/Release-iphoneos/abseil.build/Objects-normal/undefined_arch/Processed-Info.plist
               export PRODUCT_BUNDLE_IDENTIFIER\=org.cocoapods.absl
               export PRODUCT_BUNDLE_PACKAGE_TYPE\=FMWK
               export PRODUCT_MODULE_NAME\=absl
               export PRODUCT_NAME\=absl
               export PRODUCT_SETTINGS_PATH\=/Users/otislewis/arena/ios/Pods/Target\ Support\ Files/abseil/abseil-Info.plist
               export PRODUCT_TYPE\=com.apple.product-type.framework
               export PROFILING_CODE\=NO
               export PROJECT\=Pods
               export PROJECT_DERIVED_FILE_DIR\=/Users/otislewis/Library/Developer/Xcode/DerivedData/Runner-esoacwgbkaegjwbptogltxadamin/Build/Intermediates.noindex/Pods.build/DerivedSources
               export PROJECT_DIR\=/Users/otislewis/arena/ios/Pods
               export PROJECT_FILE_PATH\=/Users/otislewis/arena/ios/Pods/Pods.xcodeproj
               export PROJECT_GUID\=8699adb1dd336b26511df848a716bd42
               export PROJECT_NAME\=Pods
               export PROJECT_TEMP_DIR\=/Users/otislewis/Library/Developer/Xcode/DerivedData/Runner-esoacwgbkaegjwbptogltxadamin/Build/Intermediates.noindex/Pods.build
               export PROJECT_TEMP_ROOT\=/Users/otislewis/Library/Developer/Xcode/DerivedData/Runner-esoacwgbkaegjwbptogltxadamin/Build/Intermediates.noindex
               export PUBLIC_HEADERS_FOLDER_PATH\=absl.framework/Headers
               export RECOMMENDED_IPHONEOS_DEPLOYMENT_TARGET\=15.0
               export RECURSIVE_SEARCH_PATHS_FOLLOW_SYMLINKS\=YES
               export REMOVE_CVS_FROM_RESOURCES\=YES
               export REMOVE_GIT_FROM_RESOURCES\=YES
               export REMOVE_HEADERS_FROM_EMBEDDED_BUNDLES\=YES
               export REMOVE_HG_FROM_RESOURCES\=YES
               export REMOVE_STATIC_EXECUTABLES_FROM_EMBEDDED_BUNDLES\=YES
               export REMOVE_SVN_FROM_RESOURCES\=YES
               export RESCHEDULE_INDEPENDENT_HEADERS_PHASES\=YES
               export REZ_COLLECTOR_DIR\=/Users/otislewis/Library/Developer/Xcode/DerivedData/Runner-esoacwgbkaegjwbptogltxadamin/Build/Intermediates.noindex/Pods.build/Release-iphoneos/abseil.build/ResourceManagerResources
               export REZ_OBJECTS_DIR\=/Users/otislewis/Library/Developer/Xcode/DerivedData/Runner-esoacwgbkaegjwbptogltxadamin/Build/Intermediates.noindex/Pods.build/Release-iphoneos/abseil.build/ResourceManagerResources/Objects
               export REZ_SEARCH_PATHS\=/Users/otislewis/arena/build/ios/Release-iphoneos/abseil\ 
               export SCAN_ALL_SOURCE_FILES_FOR_INCLUDES\=NO
               export SCRIPTS_FOLDER_PATH\=absl.framework/Scripts
               export SCRIPT_INPUT_FILE_COUNT\=0
               export SCRIPT_INPUT_FILE_LIST_COUNT\=0
               export SCRIPT_OUTPUT_FILE_COUNT\=0
               export SCRIPT_OUTPUT_FILE_LIST_COUNT\=0
               export SCRIPT_OUTPUT_STREAM_FILE\=/var/folders/4y/xy3fflts0nqfk1tsxg0t3mmr0000gn/T/flutter_tools.IRW92X/flutter_ios_build_temp_dirVfNg6K/pipe_to_stdout
               export SDKROOT\=/Applications/Xcode.app/Contents/Developer/Platforms/iPhoneOS.platform/Developer/SDKs/iPhoneOS18.4.sdk
               export SDK_DIR\=/Applications/Xcode.app/Contents/Developer/Platforms/iPhoneOS.platform/Developer/SDKs/iPhoneOS18.4.sdk
               export SDK_DIR_iphoneos\=/Applications/Xcode.app/Contents/Developer/Platforms/iPhoneOS.platform/Developer/SDKs/iPhoneOS18.4.sdk
               export SDK_DIR_iphoneos18_4\=/Applications/Xcode.app/Contents/Developer/Platforms/iPhoneOS.platform/Developer/SDKs/iPhoneOS18.4.sdk
               export SDK_NAME\=iphoneos18.4
               export SDK_NAMES\=iphoneos18.4
               export SDK_PRODUCT_BUILD_VERSION\=22E235
               export SDK_STAT_CACHE_DIR\=/Users/otislewis/Library/Developer/Xcode/DerivedData
               export SDK_STAT_CACHE_ENABLE\=YES
               export SDK_STAT_CACHE_PATH\=/Users/otislewis/Library/Developer/Xcode/DerivedData/SDKStatCaches.noindex/iphoneos18.4-22E235-a09501eccf75f892bc376f81961b27ba.sdkstatcache
               export SDK_VERSION\=18.4
               export SDK_VERSION_ACTUAL\=180400
               export SDK_VERSION_MAJOR\=180000
               export SDK_VERSION_MINOR\=180400
               export SED\=/usr/bin/sed
               export SEPARATE_STRIP\=NO
               export SEPARATE_SYMBOL_EDIT\=NO
               export SET_DIR_MODE_OWNER_GROUP\=YES
               export SET_FILE_MODE_OWNER_GROUP\=NO
               export SHALLOW_BUNDLE\=YES
               export SHALLOW_BUNDLE_TRIPLE\=ios
               export SHALLOW_BUNDLE_ios_macabi\=NO
               export SHALLOW_BUNDLE_macos\=NO
               export SHARED_DERIVED_FILE_DIR\=/Users/otislewis/arena/build/ios/Release-iphoneos/abseil/DerivedSources
               export SHARED_FRAMEWORKS_FOLDER_PATH\=absl.framework/SharedFrameworks
               export SHARED_PRECOMPS_DIR\=/Users/otislewis/Library/Developer/Xcode/DerivedData/Runner-esoacwgbkaegjwbptogltxadamin/Build/Intermediates.noindex/PrecompiledHeaders
               export SHARED_SUPPORT_FOLDER_PATH\=absl.framework
               export SKIP_INSTALL\=YES
               export SOURCE_ROOT\=/Users/otislewis/arena/ios/Pods
               export SRCROOT\=/Users/otislewis/arena/ios/Pods
               export STRINGSDATA_DIR\=/Users/otislewis/Library/Developer/Xcode/DerivedData/Runner-esoacwgbkaegjwbptogltxadamin/Build/Intermediates.noindex/Pods.build/Release-iphoneos/abseil.build/Objects-normal/undefined_arch
               export STRINGSDATA_ROOT\=/Users/otislewis/Library/Developer/Xcode/DerivedData/Runner-esoacwgbkaegjwbptogltxadamin/Build/Intermediates.noindex/Pods.build/Release-iphoneos/abseil.build
               export STRINGS_FILE_INFOPLIST_RENAME\=YES
               export STRINGS_FILE_OUTPUT_ENCODING\=binary
               export STRIP_BITCODE_FROM_COPIED_FILES\=YES
               export STRIP_INSTALLED_PRODUCT\=NO
               export STRIP_STYLE\=debugging
               export STRIP_SWIFT_SYMBOLS\=YES
               export SUPPORTED_DEVICE_FAMILIES\=1,2
               export SUPPORTED_PLATFORMS\=iphoneos\ iphonesimulator
               export SUPPORTS_MACCATALYST\=YES
               export SUPPORTS_MAC_DESIGNED_FOR_IPHONE_IPAD\=YES
               export SUPPORTS_TEXT_BASED_API\=NO
               export SUPPORTS_XR_DESIGNED_FOR_IPHONE_IPAD\=YES
               export SUPPRESS_WARNINGS\=NO
               export SWIFT_ACTIVE_COMPILATION_CONDITIONS\=\ 
               export SWIFT_COMPILATION_MODE\=wholemodule
               export SWIFT_EMIT_LOC_STRINGS\=NO
               export SWIFT_INSTALL_MODULE_FOR_DEPLOYMENT\=YES
               export SWIFT_INSTALL_OBJC_HEADER\=YES
               export SWIFT_OPTIMIZATION_LEVEL\=-O
               export SWIFT_PLATFORM_TARGET_PREFIX\=ios
               export SWIFT_RESPONSE_FILE_PATH_normal_arm64\=/Users/otislewis/Library/Developer/Xcode/DerivedData/Runner-esoacwgbkaegjwbptogltxadamin/Build/Intermediates.noindex/Pods.build/Release-iphoneos/abseil.build/Objects-normal/arm64/absl.SwiftFileList
               export SWIFT_VERSION\=5.0
               export SYMROOT\=/Users/otislewis/Library/Developer/Xcode/DerivedData/Runner-esoacwgbkaegjwbptogltxadamin/Build/Products
               export SYSTEM_ADMIN_APPS_DIR\=/Applications/Utilities
               export SYSTEM_APPS_DIR\=/Applications
               export SYSTEM_CORE_SERVICES_DIR\=/System/Library/CoreServices
               export SYSTEM_DEMOS_DIR\=/Applications/Extras
               export SYSTEM_DEVELOPER_APPS_DIR\=/Applications/Xcode.app/Contents/Developer/Applications
               export SYSTEM_DEVELOPER_BIN_DIR\=/Applications/Xcode.app/Contents/Developer/usr/bin
               export SYSTEM_DEVELOPER_DEMOS_DIR\=/Applications/Xcode.app/Contents/Developer/Applications/Utilities/Built\ Examples
               export SYSTEM_DEVELOPER_DIR\=/Applications/Xcode.app/Contents/Developer
               export SYSTEM_DEVELOPER_DOC_DIR\=/Applications/Xcode.app/Contents/Developer/ADC\ Reference\ Library
               export SYSTEM_DEVELOPER_GRAPHICS_TOOLS_DIR\=/Applications/Xcode.app/Contents/Developer/Applications/Graphics\ Tools
               export SYSTEM_DEVELOPER_JAVA_TOOLS_DIR\=/Applications/Xcode.app/Contents/Developer/Applications/Java\ Tools
               export SYSTEM_DEVELOPER_PERFORMANCE_TOOLS_DIR\=/Applications/Xcode.app/Contents/Developer/Applications/Performance\ Tools
               export SYSTEM_DEVELOPER_RELEASENOTES_DIR\=/Applications/Xcode.app/Contents/Developer/ADC\ Reference\ Library/releasenotes
               export SYSTEM_DEVELOPER_TOOLS\=/Applications/Xcode.app/Contents/Developer/Tools
               export SYSTEM_DEVELOPER_TOOLS_DOC_DIR\=/Applications/Xcode.app/Contents/Developer/ADC\ Reference\ Library/documentation/DeveloperTools
               export SYSTEM_DEVELOPER_TOOLS_RELEASENOTES_DIR\=/Applications/Xcode.app/Contents/Developer/ADC\ Reference\ Library/releasenotes/DeveloperTools
               export SYSTEM_DEVELOPER_USR_DIR\=/Applications/Xcode.app/Contents/Developer/usr
               export SYSTEM_DEVELOPER_UTILITIES_DIR\=/Applications/Xcode.app/Contents/Developer/Applications/Utilities
               export SYSTEM_DEXT_INSTALL_PATH\=/System/Library/DriverExtensions
               export SYSTEM_DOCUMENTATION_DIR\=/Library/Documentation
               export SYSTEM_EXTENSIONS_FOLDER_PATH\=absl.framework/SystemExtensions
               export SYSTEM_EXTENSIONS_FOLDER_PATH_SHALLOW_BUNDLE_NO\=absl.framework/Library/SystemExtensions
               export SYSTEM_EXTENSIONS_FOLDER_PATH_SHALLOW_BUNDLE_YES\=absl.framework/SystemExtensions
               export SYSTEM_KEXT_INSTALL_PATH\=/System/Library/Extensions
               export SYSTEM_LIBRARY_DIR\=/System/Library
               export TAPI_DEMANGLE\=YES
               export TAPI_ENABLE_PROJECT_HEADERS\=NO
               export TAPI_LANGUAGE\=objective-c
               export TAPI_LANGUAGE_STANDARD\=compiler-default
               export TAPI_USE_SRCROOT\=YES
               export TAPI_VERIFY_MODE\=Pedantic
               export TARGETED_DEVICE_FAMILY\=1,2
               export TARGETNAME\=abseil
               export TARGET_BUILD_DIR\=/Users/otislewis/arena/build/ios/Release-iphoneos/abseil
               export TARGET_NAME\=abseil
               export TARGET_TEMP_DIR\=/Users/otislewis/Library/Developer/Xcode/DerivedData/Runner-esoacwgbkaegjwbptogltxadamin/Build/Intermediates.noindex/Pods.build/Release-iphoneos/abseil.build
               export TEMP_DIR\=/Users/otislewis/Library/Developer/Xcode/DerivedData/Runner-esoacwgbkaegjwbptogltxadamin/Build/Intermediates.noindex/Pods.build/Release-iphoneos/abseil.build
               export TEMP_FILES_DIR\=/Users/otislewis/Library/Developer/Xcode/DerivedData/Runner-esoacwgbkaegjwbptogltxadamin/Build/Intermediates.noindex/Pods.build/Release-iphoneos/abseil.build
               export TEMP_FILE_DIR\=/Users/otislewis/Library/Developer/Xcode/DerivedData/Runner-esoacwgbkaegjwbptogltxadamin/Build/Intermediates.noindex/Pods.build/Release-iphoneos/abseil.build
               export TEMP_ROOT\=/Users/otislewis/Library/Developer/Xcode/DerivedData/Runner-esoacwgbkaegjwbptogltxadamin/Build/Intermediates.noindex
               export TEMP_SANDBOX_DIR\=/Users/otislewis/Library/Developer/Xcode/DerivedData/Runner-esoacwgbkaegjwbptogltxadamin/Build/Intermediates.noindex/TemporaryTaskSandboxes
               export TEST_FRAMEWORK_SEARCH_PATHS\=\ /Applications/Xcode.app/Contents/Developer/Platforms/iPhoneOS.platform/Developer/Library/Frameworks\ /Applications/Xcode.app/Contents/Developer/Platforms/iPhoneOS.platform/Developer/SDKs/iPhoneOS18.4.sdk/Developer/Library/Frameworks
               export TEST_LIBRARY_SEARCH_PATHS\=\ /Applications/Xcode.app/Contents/Developer/Platforms/iPhoneOS.platform/Developer/usr/lib
               export TOOLCHAINS\=com.apple.dt.toolchain.XcodeDefault
               export TOOLCHAIN_DIR\=/Applications/Xcode.app/Contents/Developer/Toolchains/XcodeDefault.xctoolchain
               export TREAT_MISSING_BASELINES_AS_TEST_FAILURES\=NO
               export TREAT_MISSING_SCRIPT_PHASE_OUTPUTS_AS_ERRORS\=NO
               export UID\=501
               export UNINSTALLED_PRODUCTS_DIR\=/Users/otislewis/Library/Developer/Xcode/DerivedData/Runner-esoacwgbkaegjwbptogltxadamin/Build/Intermediates.noindex/UninstalledProducts
               export UNLOCALIZED_RESOURCES_FOLDER_PATH\=absl.framework
               export UNLOCALIZED_RESOURCES_FOLDER_PATH_SHALLOW_BUNDLE_NO\=absl.framework/Resources
               export UNLOCALIZED_RESOURCES_FOLDER_PATH_SHALLOW_BUNDLE_YES\=absl.framework
               export UNSTRIPPED_PRODUCT\=NO
               export USER\=otislewis
               export USER_APPS_DIR\=/Users/otislewis/Applications
               export USER_HEADER_SEARCH_PATHS\=\ \"/Users/otislewis/arena/ios/Pods/abseil\"
               export USER_LIBRARY_DIR\=/Users/otislewis/Library
               export USE_DYNAMIC_NO_PIC\=YES
               export USE_HEADERMAP\=NO
               export USE_HEADER_SYMLINKS\=NO
               export USE_RECURSIVE_SCRIPT_INPUTS_IN_SCRIPT_PHASES\=YES
               export VALIDATE_DEVELOPMENT_ASSET_PATHS\=YES_ERROR
               export VALIDATE_PRODUCT\=YES
               export VALID_ARCHS\=arm64
               export VERBOSE_PBXCP\=NO
               export VERBOSE_SCRIPT_LOGGING\=YES
               export VERSIONING_SYSTEM\=apple-generic
               export VERSIONPLIST_PATH\=absl.framework/version.plist
               export VERSIONS_FOLDER_PATH\=absl.framework
               export VERSIONS_FOLDER_PATH_SHALLOW_BUNDLE_NO\=absl.framework/Versions
               export VERSIONS_FOLDER_PATH_SHALLOW_BUNDLE_YES\=absl.framework
               export VERSION_INFO_BUILDER\=otislewis
               export VERSION_INFO_FILE\=absl_vers.c
               export VERSION_INFO_STRING\=\"@\(\#\)PROGRAM:absl\ \ PROJECT:Pods-1\"
               export WORKSPACE_DIR\=/Users/otislewis/arena/ios
               export WRAPPER_EXTENSION\=framework
               export WRAPPER_NAME\=absl.framework
               export WRAPPER_SUFFIX\=.framework
               export WRAP_ASSET_PACKS_IN_SEPARATE_DIRECTORIES\=NO
               export XCODE_APP_SUPPORT_DIR\=/Applications/Xcode.app/Contents/Developer/Library/Xcode
               export XCODE_PRODUCT_BUILD_VERSION\=16E140
               export XCODE_VERSION_ACTUAL\=1630
               export XCODE_VERSION_MAJOR\=1600
               export XCODE_VERSION_MINOR\=1630
               export XPCSERVICES_FOLDER_PATH\=absl.framework/XPCServices
               export YACC\=yacc
               export _DISCOVER_COMMAND_LINE_LINKER_INPUTS\=YES
               export _DISCOVER_COMMAND_LINE_LINKER_INPUTS_INCLUDE_WL\=YES
               export _WRAPPER_CONTENTS_DIR_SHALLOW_BUNDLE_NO\=/Contents
               export _WRAPPER_PARENT_PATH_SHALLOW_BUNDLE_NO\=/..
               export _WRAPPER_RESOURCES_DIR_SHALLOW_BUNDLE_NO\=/Resources
               export __DIAGNOSE_DEPRECATED_ARCHS\=YES
               export arch\=undefined_arch
               export variant\=normal
               /bin/sh -c /Users/otislewis/Library/Developer/Xcode/DerivedData/Runner-esoacwgbkaegjwbptogltxadamin/Build/Intermediates.noindex/Pods.build/Release-iphoneos/abseil.build/Script-5364DA217A15254040E8B9B3A9D22899.sh

           CompileC /Users/otislewis/Library/Developer/Xcode/DerivedData/Runner-esoacwgbkaegjwbptogltxadamin/Build/Intermediates.noindex/Pods.build/Release-iphoneos/BoringSSL-GRPC.build/Objects-normal/arm64/tls_record.o /Users/otislewis/arena/ios/Pods/BoringSSL-GRPC/src/ssl/tls_record.cc normal arm64 c++ com.apple.compilers.llvm.clang.1_0.compiler (in target 'BoringSSL-GRPC' from project 'Pods')
               cd /Users/otislewis/arena/ios/Pods

               Using response file: /Users/otislewis/Library/Developer/Xcode/DerivedData/Runner-esoacwgbkaegjwbptogltxadamin/Build/Intermediates.noindex/Pods.build/Release-iphoneos/BoringSSL-GRPC.build/Objects-normal/arm64/82b82416624d2658e5098eb0a28c15c5-common-args.resp

               /Applications/Xcode.app/Contents/Developer/Toolchains/XcodeDefault.xctoolchain/usr/bin/clang -x c++ -ivfsstatcache /Users/otislewis/Library/Developer/Xcode/DerivedData/SDKStatCaches.noindex/iphoneos18.4-22E235-a09501eccf75f892bc376f81961b27ba.sdkstatcache -fmessage-length\=0 -fdiagnostics-show-note-include-stack -fmacro-backtrace-limit\=0 -fno-color-diagnostics -fmodules-prune-interval\=86400 -fmodules-prune-after\=345600 -fbuild-session-file\=/Users/otislewis/Library/Developer/Xcode/DerivedData/ModuleCache.noindex/Session.modulevalidation -fmodules-validate-once-per-build-session -Wnon-modular-include-in-framework-module -Werror\=non-modular-include-in-framework-module -Wno-trigraphs -Wno-missing-field-initializers -Wno-missing-prototypes -Werror\=return-type -Wdocumentation -Wunreachable-code -Werror\=deprecated-objc-isa-usage -Werror\=objc-root-class -Wno-non-virtual-dtor -Wno-overloaded-virtual -Wno-exit-time-destructors -Wno-missing-braces -Wparentheses -Wswitch -Wunused-function -Wno-unused-label -Wno-unused-parameter -Wunused-variable -Wunused-value -Wempty-body -Wuninitialized -Wconditional-uninitialized -Wno-unknown-pragmas -Wno-shadow -Wno-four-char-constants -Wno-conversion -Wconstant-conversion -Wint-conversion -Wbool-conversion -Wenum-conversion -Wno-float-conversion -Wnon-literal-null-conversion -Wobjc-literal-conversion -Wshorten-64-to-32 -Wno-newline-eof -Wno-c++11-extensions -Wno-implicit-fallthrough -fstrict-aliasing -Wdeprecated-declarations -Winvalid-offsetof -Wno-sign-conversion -Winfinite-recursion -Wmove -Wcomma -Wblock-capture-autoreleasing -Wstrict-prototypes -Wrange-loop-analysis -Wno-semicolon-before-method-body -Wunguarded-availability @/Users/otislewis/Library/Developer/Xcode/DerivedData/Runner-esoacwgbkaegjwbptogltxadamin/Build/Intermediates.noindex/Pods.build/Release-iphoneos/BoringSSL-GRPC.build/Objects-normal/arm64/82b82416624d2658e5098eb0a28c15c5-common-args.resp -DOPENSSL_NO_ASM -GCC_WARN_INHIBIT_ALL_WARNINGS -w -DBORINGSSL_PREFIX\=GRPC -fno-objc-arc -include /Users/otislewis/arena/ios/Pods/Target\ Support\ Files/BoringSSL-GRPC/BoringSSL-GRPC-prefix.pch -MMD -MT dependencies -MF /Users/otislewis/Library/Developer/Xcode/DerivedData/Runner-esoacwgbkaegjwbptogltxadamin/Build/Intermediates.noindex/Pods.build/Release-iphoneos/BoringSSL-GRPC.build/Objects-normal/arm64/tls_record.d --serialize-diagnostics /Users/otislewis/Library/Developer/Xcode/DerivedData/Runner-esoacwgbkaegjwbptogltxadamin/Build/Intermediates.noindex/Pods.build/Release-iphoneos/BoringSSL-GRPC.build/Objects-normal/arm64/tls_record.dia -c /Users/otislewis/arena/ios/Pods/BoringSSL-GRPC/src/ssl/tls_record.cc -o /Users/otislewis/Library/Developer/Xcode/DerivedData/Runner-esoacwgbkaegjwbptogltxadamin/Build/Intermediates.noindex/Pods.build/Release-iphoneos/BoringSSL-GRPC.build/Objects-normal/arm64/tls_record.o
           clang: error: unsupported option '-G' for target 'arm64-apple-ios13.0'

           CompileC /Users/otislewis/Library/Developer/Xcode/DerivedData/Runner-esoacwgbkaegjwbptogltxadamin/Build/Intermediates.noindex/Pods.build/Release-iphoneos/BoringSSL-GRPC.build/Objects-normal/arm64/tls_method.o /Users/otislewis/arena/ios/Pods/BoringSSL-GRPC/src/ssl/tls_method.cc normal arm64 c++ com.apple.compilers.llvm.clang.1_0.compiler (in target 'BoringSSL-GRPC' from project 'Pods')
               cd /Users/otislewis/arena/ios/Pods

               Using response file: /Users/otislewis/Library/Developer/Xcode/DerivedData/Runner-esoacwgbkaegjwbptogltxadamin/Build/Intermediates.noindex/Pods.build/Release-iphoneos/BoringSSL-GRPC.build/Objects-normal/arm64/82b82416624d2658e5098eb0a28c15c5-common-args.resp

               /Applications/Xcode.app/Contents/Developer/Toolchains/XcodeDefault.xctoolchain/usr/bin/clang -x c++ -ivfsstatcache /Users/otislewis/Library/Developer/Xcode/DerivedData/SDKStatCaches.noindex/iphoneos18.4-22E235-a09501eccf75f892bc376f81961b27ba.sdkstatcache -fmessage-length\=0 -fdiagnostics-show-note-include-stack -fmacro-backtrace-limit\=0 -fno-color-diagnostics -fmodules-prune-interval\=86400 -fmodules-prune-after\=345600 -fbuild-session-file\=/Users/otislewis/Library/Developer/Xcode/DerivedData/ModuleCache.noindex/Session.modulevalidation -fmodules-validate-once-per-build-session -Wnon-modular-include-in-framework-module -Werror\=non-modular-include-in-framework-module -Wno-trigraphs -Wno-missing-field-initializers -Wno-missing-prototypes -Werror\=return-type -Wdocumentation -Wunreachable-code -Werror\=deprecated-objc-isa-usage -Werror\=objc-root-class -Wno-non-virtual-dtor -Wno-overloaded-virtual -Wno-exit-time-destructors -Wno-missing-braces -Wparentheses -Wswitch -Wunused-function -Wno-unused-label -Wno-unused-parameter -Wunused-variable -Wunused-value -Wempty-body -Wuninitialized -Wconditional-uninitialized -Wno-unknown-pragmas -Wno-shadow -Wno-four-char-constants -Wno-conversion -Wconstant-conversion -Wint-conversion -Wbool-conversion -Wenum-conversion -Wno-float-conversion -Wnon-literal-null-conversion -Wobjc-literal-conversion -Wshorten-64-to-32 -Wno-newline-eof -Wno-c++11-extensions -Wno-implicit-fallthrough -fstrict-aliasing -Wdeprecated-declarations -Winvalid-offsetof -Wno-sign-conversion -Winfinite-recursion -Wmove -Wcomma -Wblock-capture-autoreleasing -Wstrict-prototypes -Wrange-loop-analysis -Wno-semicolon-before-method-body -Wunguarded-availability @/Users/otislewis/Library/Developer/Xcode/DerivedData/Runner-esoacwgbkaegjwbptogltxadamin/Build/Intermediates.noindex/Pods.build/Release-iphoneos/BoringSSL-GRPC.build/Objects-normal/arm64/82b82416624d2658e5098eb0a28c15c5-common-args.resp -DOPENSSL_NO_ASM -GCC_WARN_INHIBIT_ALL_WARNINGS -w -DBORINGSSL_PREFIX\=GRPC -fno-objc-arc -include /Users/otislewis/arena/ios/Pods/Target\ Support\ Files/BoringSSL-GRPC/BoringSSL-GRPC-prefix.pch -MMD -MT dependencies -MF /Users/otislewis/Library/Developer/Xcode/DerivedData/Runner-esoacwgbkaegjwbptogltxadamin/Build/Intermediates.noindex/Pods.build/Release-iphoneos/BoringSSL-GRPC.build/Objects-normal/arm64/tls_method.d --serialize-diagnostics /Users/otislewis/Library/Developer/Xcode/DerivedData/Runner-esoacwgbkaegjwbptogltxadamin/Build/Intermediates.noindex/Pods.build/Release-iphoneos/BoringSSL-GRPC.build/Objects-normal/arm64/tls_method.dia -c /Users/otislewis/arena/ios/Pods/BoringSSL-GRPC/src/ssl/tls_method.cc -o /Users/otislewis/Library/Developer/Xcode/DerivedData/Runner-esoacwgbkaegjwbptogltxadamin/Build/Intermediates.noindex/Pods.build/Release-iphoneos/BoringSSL-GRPC.build/Objects-normal/arm64/tls_method.o
           clang: error: unsupported option '-G' for target 'arm64-apple-ios13.0'

           CompileC /Users/otislewis/Library/Developer/Xcode/DerivedData/Runner-esoacwgbkaegjwbptogltxadamin/Build/Intermediates.noindex/Pods.build/Release-iphoneos/BoringSSL-GRPC.build/Objects-normal/arm64/tls13_server.o /Users/otislewis/arena/ios/Pods/BoringSSL-GRPC/src/ssl/tls13_server.cc normal arm64 c++ com.apple.compilers.llvm.clang.1_0.compiler (in target 'BoringSSL-GRPC' from project 'Pods')
               cd /Users/otislewis/arena/ios/Pods

               Using response file: /Users/otislewis/Library/Developer/Xcode/DerivedData/Runner-esoacwgbkaegjwbptogltxadamin/Build/Intermediates.noindex/Pods.build/Release-iphoneos/BoringSSL-GRPC.build/Objects-normal/arm64/82b82416624d2658e5098eb0a28c15c5-common-args.resp

               /Applications/Xcode.app/Contents/Developer/Toolchains/XcodeDefault.xctoolchain/usr/bin/clang -x c++ -ivfsstatcache /Users/otislewis/Library/Developer/Xcode/DerivedData/SDKStatCaches.noindex/iphoneos18.4-22E235-a09501eccf75f892bc376f81961b27ba.sdkstatcache -fmessage-length\=0 -fdiagnostics-show-note-include-stack -fmacro-backtrace-limit\=0 -fno-color-diagnostics -fmodules-prune-interval\=86400 -fmodules-prune-after\=345600 -fbuild-session-file\=/Users/otislewis/Library/Developer/Xcode/DerivedData/ModuleCache.noindex/Session.modulevalidation -fmodules-validate-once-per-build-session -Wnon-modular-include-in-framework-module -Werror\=non-modular-include-in-framework-module -Wno-trigraphs -Wno-missing-field-initializers -Wno-missing-prototypes -Werror\=return-type -Wdocumentation -Wunreachable-code -Werror\=deprecated-objc-isa-usage -Werror\=objc-root-class -Wno-non-virtual-dtor -Wno-overloaded-virtual -Wno-exit-time-destructors -Wno-missing-braces -Wparentheses -Wswitch -Wunused-function -Wno-unused-label -Wno-unused-parameter -Wunused-variable -Wunused-value -Wempty-body -Wuninitialized -Wconditional-uninitialized -Wno-unknown-pragmas -Wno-shadow -Wno-four-char-constants -Wno-conversion -Wconstant-conversion -Wint-conversion -Wbool-conversion -Wenum-conversion -Wno-float-conversion -Wnon-literal-null-conversion -Wobjc-literal-conversion -Wshorten-64-to-32 -Wno-newline-eof -Wno-c++11-extensions -Wno-implicit-fallthrough -fstrict-aliasing -Wdeprecated-declarations -Winvalid-offsetof -Wno-sign-conversion -Winfinite-recursion -Wmove -Wcomma -Wblock-capture-autoreleasing -Wstrict-prototypes -Wrange-loop-analysis -Wno-semicolon-before-method-body -Wunguarded-availability @/Users/otislewis/Library/Developer/Xcode/DerivedData/Runner-esoacwgbkaegjwbptogltxadamin/Build/Intermediates.noindex/Pods.build/Release-iphoneos/BoringSSL-GRPC.build/Objects-normal/arm64/82b82416624d2658e5098eb0a28c15c5-common-args.resp -DOPENSSL_NO_ASM -GCC_WARN_INHIBIT_ALL_WARNINGS -w -DBORINGSSL_PREFIX\=GRPC -fno-objc-arc -include /Users/otislewis/arena/ios/Pods/Target\ Support\ Files/BoringSSL-GRPC/BoringSSL-GRPC-prefix.pch -MMD -MT dependencies -MF /Users/otislewis/Library/Developer/Xcode/DerivedData/Runner-esoacwgbkaegjwbptogltxadamin/Build/Intermediates.noindex/Pods.build/Release-iphoneos/BoringSSL-GRPC.build/Objects-normal/arm64/tls13_server.d --serialize-diagnostics /Users/otislewis/Library/Developer/Xcode/DerivedData/Runner-esoacwgbkaegjwbptogltxadamin/Build/Intermediates.noindex/Pods.build/Release-iphoneos/BoringSSL-GRPC.build/Objects-normal/arm64/tls13_server.dia -c /Users/otislewis/arena/ios/Pods/BoringSSL-GRPC/src/ssl/tls13_server.cc -o /Users/otislewis/Library/Developer/Xcode/DerivedData/Runner-esoacwgbkaegjwbptogltxadamin/Build/Intermediates.noindex/Pods.build/Release-iphoneos/BoringSSL-GRPC.build/Objects-normal/arm64/tls13_server.o
           clang: error: unsupported option '-G' for target 'arm64-apple-ios13.0'

           CompileC /Users/otislewis/Library/Developer/Xcode/DerivedData/Runner-esoacwgbkaegjwbptogltxadamin/Build/Intermediates.noindex/Pods.build/Release-iphoneos/BoringSSL-GRPC.build/Objects-normal/arm64/tls13_enc.o /Users/otislewis/arena/ios/Pods/BoringSSL-GRPC/src/ssl/tls13_enc.cc normal arm64 c++ com.apple.compilers.llvm.clang.1_0.compiler (in target 'BoringSSL-GRPC' from project 'Pods')
               cd /Users/otislewis/arena/ios/Pods

               Using response file: /Users/otislewis/Library/Developer/Xcode/DerivedData/Runner-esoacwgbkaegjwbptogltxadamin/Build/Intermediates.noindex/Pods.build/Release-iphoneos/BoringSSL-GRPC.build/Objects-normal/arm64/82b82416624d2658e5098eb0a28c15c5-common-args.resp

               /Applications/Xcode.app/Contents/Developer/Toolchains/XcodeDefault.xctoolchain/usr/bin/clang -x c++ -ivfsstatcache /Users/otislewis/Library/Developer/Xcode/DerivedData/SDKStatCaches.noindex/iphoneos18.4-22E235-a09501eccf75f892bc376f81961b27ba.sdkstatcache -fmessage-length\=0 -fdiagnostics-show-note-include-stack -fmacro-backtrace-limit\=0 -fno-color-diagnostics -fmodules-prune-interval\=86400 -fmodules-prune-after\=345600 -fbuild-session-file\=/Users/otislewis/Library/Developer/Xcode/DerivedData/ModuleCache.noindex/Session.modulevalidation -fmodules-validate-once-per-build-session -Wnon-modular-include-in-framework-module -Werror\=non-modular-include-in-framework-module -Wno-trigraphs -Wno-missing-field-initializers -Wno-missing-prototypes -Werror\=return-type -Wdocumentation -Wunreachable-code -Werror\=deprecated-objc-isa-usage -Werror\=objc-root-class -Wno-non-virtual-dtor -Wno-overloaded-virtual -Wno-exit-time-destructors -Wno-missing-braces -Wparentheses -Wswitch -Wunused-function -Wno-unused-label -Wno-unused-parameter -Wunused-variable -Wunused-value -Wempty-body -Wuninitialized -Wconditional-uninitialized -Wno-unknown-pragmas -Wno-shadow -Wno-four-char-constants -Wno-conversion -Wconstant-conversion -Wint-conversion -Wbool-conversion -Wenum-conversion -Wno-float-conversion -Wnon-literal-null-conversion -Wobjc-literal-conversion -Wshorten-64-to-32 -Wno-newline-eof -Wno-c++11-extensions -Wno-implicit-fallthrough -fstrict-aliasing -Wdeprecated-declarations -Winvalid-offsetof -Wno-sign-conversion -Winfinite-recursion -Wmove -Wcomma -Wblock-capture-autoreleasing -Wstrict-prototypes -Wrange-loop-analysis -Wno-semicolon-before-method-body -Wunguarded-availability @/Users/otislewis/Library/Developer/Xcode/DerivedData/Runner-esoacwgbkaegjwbptogltxadamin/Build/Intermediates.noindex/Pods.build/Release-iphoneos/BoringSSL-GRPC.build/Objects-normal/arm64/82b82416624d2658e5098eb0a28c15c5-common-args.resp -DOPENSSL_NO_ASM -GCC_WARN_INHIBIT_ALL_WARNINGS -w -DBORINGSSL_PREFIX\=GRPC -fno-objc-arc -include /Users/otislewis/arena/ios/Pods/Target\ Support\ Files/BoringSSL-GRPC/BoringSSL-GRPC-prefix.pch -MMD -MT dependencies -MF /Users/otislewis/Library/Developer/Xcode/DerivedData/Runner-esoacwgbkaegjwbptogltxadamin/Build/Intermediates.noindex/Pods.build/Release-iphoneos/BoringSSL-GRPC.build/Objects-normal/arm64/tls13_enc.d --serialize-diagnostics /Users/otislewis/Library/Developer/Xcode/DerivedData/Runner-esoacwgbkaegjwbptogltxadamin/Build/Intermediates.noindex/Pods.build/Release-iphoneos/BoringSSL-GRPC.build/Objects-normal/arm64/tls13_enc.dia -c /Users/otislewis/arena/ios/Pods/BoringSSL-GRPC/src/ssl/tls13_enc.cc -o /Users/otislewis/Library/Developer/Xcode/DerivedData/Runner-esoacwgbkaegjwbptogltxadamin/Build/Intermediates.noindex/Pods.build/Release-iphoneos/BoringSSL-GRPC.build/Objects-normal/arm64/tls13_enc.o
           clang: error: unsupported option '-G' for target 'arm64-apple-ios13.0'

           CompileC /Users/otislewis/Library/Developer/Xcode/DerivedData/Runner-esoacwgbkaegjwbptogltxadamin/Build/Intermediates.noindex/Pods.build/Release-iphoneos/BoringSSL-GRPC.build/Objects-normal/arm64/tls13_client.o /Users/otislewis/arena/ios/Pods/BoringSSL-GRPC/src/ssl/tls13_client.cc normal arm64 c++ com.apple.compilers.llvm.clang.1_0.compiler (in target 'BoringSSL-GRPC' from project 'Pods')
               cd /Users/otislewis/arena/ios/Pods

               Using response file: /Users/otislewis/Library/Developer/Xcode/DerivedData/Runner-esoacwgbkaegjwbptogltxadamin/Build/Intermediates.noindex/Pods.build/Release-iphoneos/BoringSSL-GRPC.build/Objects-normal/arm64/82b82416624d2658e5098eb0a28c15c5-common-args.resp

               /Applications/Xcode.app/Contents/Developer/Toolchains/XcodeDefault.xctoolchain/usr/bin/clang -x c++ -ivfsstatcache /Users/otislewis/Library/Developer/Xcode/DerivedData/SDKStatCaches.noindex/iphoneos18.4-22E235-a09501eccf75f892bc376f81961b27ba.sdkstatcache -fmessage-length\=0 -fdiagnostics-show-note-include-stack -fmacro-backtrace-limit\=0 -fno-color-diagnostics -fmodules-prune-interval\=86400 -fmodules-prune-after\=345600 -fbuild-session-file\=/Users/otislewis/Library/Developer/Xcode/DerivedData/ModuleCache.noindex/Session.modulevalidation -fmodules-validate-once-per-build-session -Wnon-modular-include-in-framework-module -Werror\=non-modular-include-in-framework-module -Wno-trigraphs -Wno-missing-field-initializers -Wno-missing-prototypes -Werror\=return-type -Wdocumentation -Wunreachable-code -Werror\=deprecated-objc-isa-usage -Werror\=objc-root-class -Wno-non-virtual-dtor -Wno-overloaded-virtual -Wno-exit-time-destructors -Wno-missing-braces -Wparentheses -Wswitch -Wunused-function -Wno-unused-label -Wno-unused-parameter -Wunused-variable -Wunused-value -Wempty-body -Wuninitialized -Wconditional-uninitialized -Wno-unknown-pragmas -Wno-shadow -Wno-four-char-constants -Wno-conversion -Wconstant-conversion -Wint-conversion -Wbool-conversion -Wenum-conversion -Wno-float-conversion -Wnon-literal-null-conversion -Wobjc-literal-conversion -Wshorten-64-to-32 -Wno-newline-eof -Wno-c++11-extensions -Wno-implicit-fallthrough -fstrict-aliasing -Wdeprecated-declarations -Winvalid-offsetof -Wno-sign-conversion -Winfinite-recursion -Wmove -Wcomma -Wblock-capture-autoreleasing -Wstrict-prototypes -Wrange-loop-analysis -Wno-semicolon-before-method-body -Wunguarded-availability @/Users/otislewis/Library/Developer/Xcode/DerivedData/Runner-esoacwgbkaegjwbptogltxadamin/Build/Intermediates.noindex/Pods.build/Release-iphoneos/BoringSSL-GRPC.build/Objects-normal/arm64/82b82416624d2658e5098eb0a28c15c5-common-args.resp -DOPENSSL_NO_ASM -GCC_WARN_INHIBIT_ALL_WARNINGS -w -DBORINGSSL_PREFIX\=GRPC -fno-objc-arc -include /Users/otislewis/arena/ios/Pods/Target\ Support\ Files/BoringSSL-GRPC/BoringSSL-GRPC-prefix.pch -MMD -MT dependencies -MF /Users/otislewis/Library/Developer/Xcode/DerivedData/Runner-esoacwgbkaegjwbptogltxadamin/Build/Intermediates.noindex/Pods.build/Release-iphoneos/BoringSSL-GRPC.build/Objects-normal/arm64/tls13_client.d --serialize-diagnostics /Users/otislewis/Library/Developer/Xcode/DerivedData/Runner-esoacwgbkaegjwbptogltxadamin/Build/Intermediates.noindex/Pods.build/Release-iphoneos/BoringSSL-GRPC.build/Objects-normal/arm64/tls13_client.dia -c /Users/otislewis/arena/ios/Pods/BoringSSL-GRPC/src/ssl/tls13_client.cc -o /Users/otislewis/Library/Developer/Xcode/DerivedData/Runner-esoacwgbkaegjwbptogltxadamin/Build/Intermediates.noindex/Pods.build/Release-iphoneos/BoringSSL-GRPC.build/Objects-normal/arm64/tls13_client.o
           clang: error: unsupported option '-G' for target 'arm64-apple-ios13.0'

           CompileC /Users/otislewis/Library/Developer/Xcode/DerivedData/Runner-esoacwgbkaegjwbptogltxadamin/Build/Intermediates.noindex/Pods.build/Release-iphoneos/BoringSSL-GRPC.build/Objects-normal/arm64/tls13_both.o /Users/otislewis/arena/ios/Pods/BoringSSL-GRPC/src/ssl/tls13_both.cc normal arm64 c++ com.apple.compilers.llvm.clang.1_0.compiler (in target 'BoringSSL-GRPC' from project 'Pods')
               cd /Users/otislewis/arena/ios/Pods

               Using response file: /Users/otislewis/Library/Developer/Xcode/DerivedData/Runner-esoacwgbkaegjwbptogltxadamin/Build/Intermediates.noindex/Pods.build/Release-iphoneos/BoringSSL-GRPC.build/Objects-normal/arm64/82b82416624d2658e5098eb0a28c15c5-common-args.resp

               /Applications/Xcode.app/Contents/Developer/Toolchains/XcodeDefault.xctoolchain/usr/bin/clang -x c++ -ivfsstatcache /Users/otislewis/Library/Developer/Xcode/DerivedData/SDKStatCaches.noindex/iphoneos18.4-22E235-a09501eccf75f892bc376f81961b27ba.sdkstatcache -fmessage-length\=0 -fdiagnostics-show-note-include-stack -fmacro-backtrace-limit\=0 -fno-color-diagnostics -fmodules-prune-interval\=86400 -fmodules-prune-after\=345600 -fbuild-session-file\=/Users/otislewis/Library/Developer/Xcode/DerivedData/ModuleCache.noindex/Session.modulevalidation -fmodules-validate-once-per-build-session -Wnon-modular-include-in-framework-module -Werror\=non-modular-include-in-framework-module -Wno-trigraphs -Wno-missing-field-initializers -Wno-missing-prototypes -Werror\=return-type -Wdocumentation -Wunreachable-code -Werror\=deprecated-objc-isa-usage -Werror\=objc-root-class -Wno-non-virtual-dtor -Wno-overloaded-virtual -Wno-exit-time-destructors -Wno-missing-braces -Wparentheses -Wswitch -Wunused-function -Wno-unused-label -Wno-unused-parameter -Wunused-variable -Wunused-value -Wempty-body -Wuninitialized -Wconditional-uninitialized -Wno-unknown-pragmas -Wno-shadow -Wno-four-char-constants -Wno-conversion -Wconstant-conversion -Wint-conversion -Wbool-conversion -Wenum-conversion -Wno-float-conversion -Wnon-literal-null-conversion -Wobjc-literal-conversion -Wshorten-64-to-32 -Wno-newline-eof -Wno-c++11-extensions -Wno-implicit-fallthrough -fstrict-aliasing -Wdeprecated-declarations -Winvalid-offsetof -Wno-sign-conversion -Winfinite-recursion -Wmove -Wcomma -Wblock-capture-autoreleasing -Wstrict-prototypes -Wrange-loop-analysis -Wno-semicolon-before-method-body -Wunguarded-availability @/Users/otislewis/Library/Developer/Xcode/DerivedData/Runner-esoacwgbkaegjwbptogltxadamin/Build/Intermediates.noindex/Pods.build/Release-iphoneos/BoringSSL-GRPC.build/Objects-normal/arm64/82b82416624d2658e5098eb0a28c15c5-common-args.resp -DOPENSSL_NO_ASM -GCC_WARN_INHIBIT_ALL_WARNINGS -w -DBORINGSSL_PREFIX\=GRPC -fno-objc-arc -include /Users/otislewis/arena/ios/Pods/Target\ Support\ Files/BoringSSL-GRPC/BoringSSL-GRPC-prefix.pch -MMD -MT dependencies -MF /Users/otislewis/Library/Developer/Xcode/DerivedData/Runner-esoacwgbkaegjwbptogltxadamin/Build/Intermediates.noindex/Pods.build/Release-iphoneos/BoringSSL-GRPC.build/Objects-normal/arm64/tls13_both.d --serialize-diagnostics /Users/otislewis/Library/Developer/Xcode/DerivedData/Runner-esoacwgbkaegjwbptogltxadamin/Build/Intermediates.noindex/Pods.build/Release-iphoneos/BoringSSL-GRPC.build/Objects-normal/arm64/tls13_both.dia -c /Users/otislewis/arena/ios/Pods/BoringSSL-GRPC/src/ssl/tls13_both.cc -o /Users/otislewis/Library/Developer/Xcode/DerivedData/Runner-esoacwgbkaegjwbptogltxadamin/Build/Intermediates.noindex/Pods.build/Release-iphoneos/BoringSSL-GRPC.build/Objects-normal/arm64/tls13_both.o

           note: Disabling previews because SWIFT_VERSION is set and SWIFT_OPTIMIZATION_LEVEL=-O, expected -Onone (in target 'FirebaseFirestoreInternal-FirebaseFirestoreInternal_Privacy' from project 'Pods')
           note: Disabling previews because SWIFT_VERSION is set and SWIFT_OPTIMIZATION_LEVEL=-O, expected -Onone (in target 'FirebaseCoreInternal' from project 'Pods')
           note: Disabling previews because SWIFT_VERSION is set and SWIFT_OPTIMIZATION_LEVEL=-O, expected -Onone (in target 'FirebaseAuth' from project 'Pods')
           note: Disabling previews because SWIFT_VERSION is set and SWIFT_OPTIMIZATION_LEVEL=-O, expected -Onone (in target 'GoogleUtilities-GoogleUtilities_Privacy' from project 'Pods')
           note: Disabling previews because SWIFT_VERSION is set and SWIFT_OPTIMIZATION_LEVEL=-O, expected -Onone (in target 'gRPC-C++-grpcpp' from project 'Pods')
           note: Disabling previews because SWIFT_VERSION is set and SWIFT_OPTIMIZATION_LEVEL=-O, expected -Onone (in target 'FirebaseCore' from project 'Pods')
           note: Disabling previews because SWIFT_VERSION is set and SWIFT_OPTIMIZATION_LEVEL=-O, expected -Onone (in target 'gRPC-C++' from project 'Pods')
           warning: Run script build phase 'Create Symlinks to Header Folders' will be run during every build because it does not specify any outputs. To address this issue, either add output dependencies to the script phase, or configure it to run in every build by unchecking "Based on dependency analysis" in the script phase. (in target 'gRPC-C++' from project 'Pods')
           note: Disabling previews because SWIFT_VERSION is set and SWIFT_OPTIMIZATION_LEVEL=-O, expected -Onone (in target 'FirebaseCoreExtension-FirebaseCoreExtension_Privacy' from project 'Pods')
           note: Disabling previews because SWIFT_VERSION is set and SWIFT_OPTIMIZATION_LEVEL=-O, expected -Onone (in target 'FirebaseCoreExtension' from project 'Pods')
           note: Disabling previews because SWIFT_VERSION is set and SWIFT_OPTIMIZATION_LEVEL=-O, expected -Onone (in target 'firebase_auth' from project 'Pods')
           note: Disabling previews because SWIFT_VERSION is set and SWIFT_OPTIMIZATION_LEVEL=-O, expected -Onone (in target 'cloud_firestore' from project 'Pods')
           note: Disabling previews because SWIFT_VERSION is set and SWIFT_OPTIMIZATION_LEVEL=-O, expected -Onone (in target 'FirebaseCore-FirebaseCore_Privacy' from project 'Pods')
           note: Disabling previews because SWIFT_VERSION is set and SWIFT_OPTIMIZATION_LEVEL=-O, expected -Onone (in target 'FirebaseStorage' from project 'Pods')
           note: Disabling previews because SWIFT_VERSION is set and SWIFT_OPTIMIZATION_LEVEL=-O, expected -Onone (in target 'FirebaseAuth-FirebaseAuth_Privacy' from project 'Pods')
           note: Disabling previews because SWIFT_VERSION is set and SWIFT_OPTIMIZATION_LEVEL=-O, expected -Onone (in target 'gRPC-Core' from project 'Pods')
           warning: Run script build phase 'Create Symlinks to Header Folders' will be run during every build because it does not specify any outputs. To address this issue, either add output dependencies to the script phase, or configure it to run in every build by unchecking "Based on dependency analysis" in the script phase. (in target 'gRPC-Core' from project 'Pods')
           note: Disabling previews because SWIFT_VERSION is set and SWIFT_OPTIMIZATION_LEVEL=-O, expected -Onone (in target 'Flutter' from project 'Pods')
           note: Disabling previews because SWIFT_VERSION is set and SWIFT_OPTIMIZATION_LEVEL=-O, expected -Onone (in target 'firebase_storage' from project 'Pods')
           note: Disabling previews because SWIFT_VERSION is set and SWIFT_OPTIMIZATION_LEVEL=-O, expected -Onone (in target 'gRPC-C++-gRPCCertificates-Cpp' from project 'Pods')
           note: Disabling previews because SWIFT_VERSION is set and SWIFT_OPTIMIZATION_LEVEL=-O, expected -Onone (in target 'Runner' from project 'Runner')
           note: Run script build phase 'Run Script' will be run during every build because the option to run the script phase "Based on dependency analysis" is unchecked. (in target 'Runner' from project 'Runner')
           note: Run script build phase 'Thin Binary' will be run during every build because the option to run the script phase "Based on dependency analysis" is unchecked. (in target 'Runner' from project 'Runner')
           note: Disabling previews because SWIFT_VERSION is set and SWIFT_OPTIMIZATION_LEVEL=-O, expected -Onone (in target 'FirebaseFirestore' from project 'Pods')
           note: Disabling previews because SWIFT_VERSION is set and SWIFT_OPTIMIZATION_LEVEL=-O, expected -Onone (in target 'FirebaseCoreInternal-FirebaseCoreInternal_Privacy' from project 'Pods')
           note: Disabling previews because SWIFT_VERSION is set and SWIFT_OPTIMIZATION_LEVEL=-O, expected -Onone (in target 'FirebaseFirestore-FirebaseFirestore_Privacy' from project 'Pods')
           note: Disabling previews because SWIFT_VERSION is set and SWIFT_OPTIMIZATION_LEVEL=-O, expected -Onone (in target 'gRPC-Core-grpc' from project 'Pods')
           note: Disabling previews because SWIFT_VERSION is set and SWIFT_OPTIMIZATION_LEVEL=-O, expected -Onone (in target 'FirebaseFirestoreInternal' from project 'Pods')
           note: Disabling previews because SWIFT_VERSION is set and SWIFT_OPTIMIZATION_LEVEL=-O, expected -Onone (in target 'firebase_core' from project 'Pods')
           note: Disabling previews because SWIFT_VERSION is set and SWIFT_OPTIMIZATION_LEVEL=-O, expected -Onone (in target 'Pods-Runner' from project 'Pods')
           note: Disabling previews because SWIFT_VERSION is set and SWIFT_OPTIMIZATION_LEVEL=-O, expected -Onone (in target 'GoogleUtilities' from project 'Pods')
           note: Disabling previews because SWIFT_VERSION is set and SWIFT_OPTIMIZATION_LEVEL=-O, expected -Onone (in target 'Firebase' from project 'Pods')
           note: Disabling previews because SWIFT_VERSION is set and SWIFT_OPTIMIZATION_LEVEL=-O, expected -Onone (in target 'nanopb-nanopb_Privacy' from project 'Pods')
           note: Disabling previews because SWIFT_VERSION is set and SWIFT_OPTIMIZATION_LEVEL=-O, expected -Onone (in target 'abseil-xcprivacy' from project 'Pods')
           note: Disabling previews because SWIFT_VERSION is set and SWIFT_OPTIMIZATION_LEVEL=-O, expected -Onone (in target 'leveldb-library-leveldb_Privacy' from project 'Pods')
           note: Disabling previews because SWIFT_VERSION is set and SWIFT_OPTIMIZATION_LEVEL=-O, expected -Onone (in target 'PromisesObjC-FBLPromises_Privacy' from project 'Pods')
           note: Disabling previews because SWIFT_VERSION is set and SWIFT_OPTIMIZATION_LEVEL=-O, expected -Onone (in target 'image_picker_ios-image_picker_ios_privacy' from project 'Pods')
           note: Disabling previews because SWIFT_VERSION is set and SWIFT_OPTIMIZATION_LEVEL=-O, expected -Onone (in target 'FirebaseSharedSwift' from project 'Pods')
           note: Disabling previews because SWIFT_VERSION is set and SWIFT_OPTIMIZATION_LEVEL=-O, expected -Onone (in target 'BoringSSL-GRPC-openssl_grpc' from project 'Pods')
           note: Disabling previews because SWIFT_VERSION is set and SWIFT_OPTIMIZATION_LEVEL=-O, expected -Onone (in target 'GTMSessionFetcher-GTMSessionFetcher_Core_Privacy' from project 'Pods')
           note: Disabling previews because SWIFT_VERSION is set and SWIFT_OPTIMIZATION_LEVEL=-O, expected -Onone (in target 'RecaptchaInterop' from project 'Pods')
           note: Disabling previews because SWIFT_VERSION is set and SWIFT_OPTIMIZATION_LEVEL=-O, expected -Onone (in target 'FirebaseAuthInterop' from project 'Pods')
           note: Disabling previews because SWIFT_VERSION is set and SWIFT_OPTIMIZATION_LEVEL=-O, expected -Onone (in target 'FirebaseAppCheckInterop' from project 'Pods')
           note: Disabling previews because SWIFT_VERSION is set and SWIFT_OPTIMIZATION_LEVEL=-O, expected -Onone (in target 'image_picker_ios' from project 'Pods')
           note: Disabling previews because SWIFT_VERSION is set and SWIFT_OPTIMIZATION_LEVEL=-O, expected -Onone (in target 'nanopb' from project 'Pods')
           note: Disabling previews because SWIFT_VERSION is set and SWIFT_OPTIMIZATION_LEVEL=-O, expected -Onone (in target 'abseil' from project 'Pods')
           warning: Run script build phase 'Create Symlinks to Header Folders' will be run during every build because it does not specify any outputs. To address this issue, either add output dependencies to the script phase, or configure it to run in every build by unchecking "Based on dependency analysis" in the script phase. (in target 'abseil' from project 'Pods')
           note: Disabling previews because SWIFT_VERSION is set and SWIFT_OPTIMIZATION_LEVEL=-O, expected -Onone (in target 'leveldb-library' from project 'Pods')
           note: Disabling previews because SWIFT_VERSION is set and SWIFT_OPTIMIZATION_LEVEL=-O, expected -Onone (in target 'PromisesObjC' from project 'Pods')
           note: Disabling previews because SWIFT_VERSION is set and SWIFT_OPTIMIZATION_LEVEL=-O, expected -Onone (in target 'GTMSessionFetcher' from project 'Pods')
           note: Disabling previews because SWIFT_VERSION is set and SWIFT_OPTIMIZATION_LEVEL=-O, expected -Onone (in target 'BoringSSL-GRPC' from project 'Pods')
           warning: Run script build phase 'Create Symlinks to Header Folders' will be run during every build because it does not specify any outputs. To address this issue, either add output dependencies to the script phase, or configure it to run in every build by unchecking "Based on dependency analysis" in the script phase. (in target 'BoringSSL-GRPC' from project 'Pods')

           Result bundle written to path:
           	/var/folders/4y/xy3fflts0nqfk1tsxg0t3mmr0000gn/T/flutter_tools.IRW92X/flutter_ios_build_temp_dirVfNg6K/temporary_xcresult_bundle


           ** BUILD FAILED **


           The following build commands failed:
           	ScanDependencies /Users/otislewis/Library/Developer/Xcode/DerivedData/Runner-esoacwgbkaegjwbptogltxadamin/Build/Intermediates.noindex/Pods.build/Release-iphoneos/BoringSSL-GRPC.build/Objects-normal/arm64/x_x509a.o /Users/otislewis/arena/ios/Pods/BoringSSL-GRPC/src/crypto/x509/x_x509a.c normal arm64 c com.apple.compilers.llvm.clang.1_0.compiler (in target 'BoringSSL-GRPC' from project 'Pods')
           	ScanDependencies /Users/otislewis/Library/Developer/Xcode/DerivedData/Runner-esoacwgbkaegjwbptogltxadamin/Build/Intermediates.noindex/Pods.build/Release-iphoneos/BoringSSL-GRPC.build/Objects-normal/arm64/x_x509.o /Users/otislewis/arena/ios/Pods/BoringSSL-GRPC/src/crypto/x509/x_x509.c normal arm64 c com.apple.compilers.llvm.clang.1_0.compiler (in target 'BoringSSL-GRPC' from project 'Pods')
           	ScanDependencies /Users/otislewis/Library/Developer/Xcode/DerivedData/Runner-esoacwgbkaegjwbptogltxadamin/Build/Intermediates.noindex/Pods.build/Release-iphoneos/BoringSSL-GRPC.build/Objects-normal/arm64/x_val.o /Users/otislewis/arena/ios/Pods/BoringSSL-GRPC/src/crypto/x509/x_val.c normal arm64 c com.apple.compilers.llvm.clang.1_0.compiler (in target 'BoringSSL-GRPC' from project 'Pods')
           	ScanDependencies /Users/otislewis/Library/Developer/Xcode/DerivedData/Runner-esoacwgbkaegjwbptogltxadamin/Build/Intermediates.noindex/Pods.build/Release-iphoneos/BoringSSL-GRPC.build/Objects-normal/arm64/x_sig.o /Users/otislewis/arena/ios/Pods/BoringSSL-GRPC/src/crypto/x509/x_sig.c normal arm64 c com.apple.compilers.llvm.clang.1_0.compiler (in target 'BoringSSL-GRPC' from project 'Pods')
           	ScanDependencies /Users/otislewis/Library/Developer/Xcode/DerivedData/Runner-esoacwgbkaegjwbptogltxadamin/Build/Intermediates.noindex/Pods.build/Release-iphoneos/BoringSSL-GRPC.build/Objects-normal/arm64/x_spki.o /Users/otislewis/arena/ios/Pods/BoringSSL-GRPC/src/crypto/x509/x_spki.c normal arm64 c com.apple.compilers.llvm.clang.1_0.compiler (in target 'BoringSSL-GRPC' from project 'Pods')
           	ScanDependencies /Users/otislewis/Library/Developer/Xcode/DerivedData/Runner-esoacwgbkaegjwbptogltxadamin/Build/Intermediates.noindex/Pods.build/Release-iphoneos/BoringSSL-GRPC.build/Objects-normal/arm64/x_req.o /Users/otislewis/arena/ios/Pods/BoringSSL-GRPC/src/crypto/x509/x_req.c normal arm64 c com.apple.compilers.llvm.clang.1_0.compiler (in target 'BoringSSL-GRPC' from project 'Pods')
           	ScanDependencies /Users/otislewis/Library/Developer/Xcode/DerivedData/Runner-esoacwgbkaegjwbptogltxadamin/Build/Intermediates.noindex/Pods.build/Release-iphoneos/BoringSSL-GRPC.build/Objects-normal/arm64/x_pubkey.o /Users/otislewis/arena/ios/Pods/BoringSSL-GRPC/src/crypto/x509/x_pubkey.c normal arm64 c com.apple.compilers.llvm.clang.1_0.compiler (in target 'BoringSSL-GRPC' from project 'Pods')
           	ScanDependencies /Users/otislewis/Library/Developer/Xcode/DerivedData/Runner-esoacwgbkaegjwbptogltxadamin/Build/Intermediates.noindex/Pods.build/Release-iphoneos/BoringSSL-GRPC.build/Objects-normal/arm64/x_name.o /Users/otislewis/arena/ios/Pods/BoringSSL-GRPC/src/crypto/x509/x_name.c normal arm64 c com.apple.compilers.llvm.clang.1_0.compiler (in target 'BoringSSL-GRPC' from project 'Pods')
           	ScanDependencies /Users/otislewis/Library/Developer/Xcode/DerivedData/Runner-esoacwgbkaegjwbptogltxadamin/Build/Intermediates.noindex/Pods.build/Release-iphoneos/BoringSSL-GRPC.build/Objects-normal/arm64/x_exten.o /Users/otislewis/arena/ios/Pods/BoringSSL-GRPC/src/crypto/x509/x_exten.c normal arm64 c com.apple.compilers.llvm.clang.1_0.compiler (in target 'BoringSSL-GRPC' from project 'Pods')
           	CompileC /Users/otislewis/Library/Developer/Xcode/DerivedData/Runner-esoacwgbkaegjwbptogltxadamin/Build/Intermediates.noindex/Pods.build/Release-iphoneos/BoringSSL-GRPC.build/Objects-normal/arm64/tls_record.o /Users/otislewis/arena/ios/Pods/BoringSSL-GRPC/src/ssl/tls_record.cc normal arm64 c++ com.apple.compilers.llvm.clang.1_0.compiler (in target 'BoringSSL-GRPC' from project 'Pods')
           	CompileC /Users/otislewis/Library/Developer/Xcode/DerivedData/Runner-esoacwgbkaegjwbptogltxadamin/Build/Intermediates.noindex/Pods.build/Release-iphoneos/BoringSSL-GRPC.build/Objects-normal/arm64/tls_method.o /Users/otislewis/arena/ios/Pods/BoringSSL-GRPC/src/ssl/tls_method.cc normal arm64 c++ com.apple.compilers.llvm.clang.1_0.compiler (in target 'BoringSSL-GRPC' from project 'Pods')
           	CompileC /Users/otislewis/Library/Developer/Xcode/DerivedData/Runner-esoacwgbkaegjwbptogltxadamin/Build/Intermediates.noindex/Pods.build/Release-iphoneos/BoringSSL-GRPC.build/Objects-normal/arm64/tls13_server.o /Users/otislewis/arena/ios/Pods/BoringSSL-GRPC/src/ssl/tls13_server.cc normal arm64 c++ com.apple.compilers.llvm.clang.1_0.compiler (in target 'BoringSSL-GRPC' from project 'Pods')
           	CompileC /Users/otislewis/Library/Developer/Xcode/DerivedData/Runner-esoacwgbkaegjwbptogltxadamin/Build/Intermediates.noindex/Pods.build/Release-iphoneos/BoringSSL-GRPC.build/Objects-normal/arm64/tls13_enc.o /Users/otislewis/arena/ios/Pods/BoringSSL-GRPC/src/ssl/tls13_enc.cc normal arm64 c++ com.apple.compilers.llvm.clang.1_0.compiler (in target 'BoringSSL-GRPC' from project 'Pods')
           	CompileC /Users/otislewis/Library/Developer/Xcode/DerivedData/Runner-esoacwgbkaegjwbptogltxadamin/Build/Intermediates.noindex/Pods.build/Release-iphoneos/BoringSSL-GRPC.build/Objects-normal/arm64/tls13_client.o /Users/otislewis/arena/ios/Pods/BoringSSL-GRPC/src/ssl/tls13_client.cc normal arm64 c++ com.apple.compilers.llvm.clang.1_0.compiler (in target 'BoringSSL-GRPC' from project 'Pods')
           	Building workspace Runner with scheme Runner and configuration Release
           (15 failures)
[   +7 ms] Running Xcode build... (completed in 3.4s)
[        ] Xcode build done.                                            3.4s
[   +3 ms] executing: /usr/bin/arch -arm64e xcrun xcresulttool get --legacy --path /var/folders/4y/xy3fflts0nqfk1tsxg0t3mmr0000gn/T/flutter_tools.IRW92X/flutter_ios_build_temp_dirVfNg6K/temporary_xcresult_bundle --format json
[  +20 ms] {
             "_type" : {
               "_name" : "ActionsInvocationRecord"
             },
             "actions" : {
               "_type" : {
                 "_name" : "Array"
               },
               "_values" : [
                 {
                   "_type" : {
                     "_name" : "ActionRecord"
                   },
                   "actionResult" : {
                     "_type" : {
                       "_name" : "ActionResult"
                     },
                     "coverage" : {
                       "_type" : {
                         "_name" : "CodeCoverageInfo"
                       }
                     },
                     "issues" : {
                       "_type" : {
                         "_name" : "ResultIssueSummaries"
                       }
                     },
                     "metrics" : {
                       "_type" : {
                         "_name" : "ResultMetrics"
                       }
                     },
                     "resultName" : {
                       "_type" : {
                         "_name" : "String"
                       },
                       "_value" : "action"
                     },
                     "status" : {
                       "_type" : {
                         "_name" : "String"
                       },
                       "_value" : "notRequested"
                     }
                   },
                   "buildResult" : {
                     "_type" : {
                       "_name" : "ActionResult"
                     },
                     "coverage" : {
                       "_type" : {
                         "_name" : "CodeCoverageInfo"
                       }
                     },
                     "issues" : {
                       "_type" : {
                         "_name" : "ResultIssueSummaries"
                       },
                       "errorSummaries" : {
                         "_type" : {
                           "_name" : "Array"
                         },
                         "_values" : [
                           {
                             "_type" : {
                               "_name" : "IssueSummary"
                             },
                             "issueType" : {
                               "_type" : {
                                 "_name" : "String"
                               },
                               "_value" : "Error"
                             },
                             "message" : {
                               "_type" : {
                                 "_name" : "String"
                               },
                               "_value" : "unsupported option '-G' for target 'arm64-apple-ios13.0'"
                             }
                           }
                         ]
                       },
                       "warningSummaries" : {
                         "_type" : {
                           "_name" : "Array"
                         },
                         "_values" : [
                           {
                             "_type" : {
                               "_name" : "IssueSummary"
                             },
                             "issueType" : {
                               "_type" : {
                                 "_name" : "String"
                               },
                               "_value" : "Warning"
                             },
                             "message" : {
                               "_type" : {
                                 "_name" : "String"
                               },
                               "_value" : "Run script build phase 'Create Symlinks to Header Folders' will be run during every build because it does not specify any outputs. To address this issue, either add output dependencies to the script phase, or configure it to run in every build by unchecking \"Based on dependency analysis\" in the script phase."
                             }
                           },
                           {
                             "_type" : {
                               "_name" : "IssueSummary"
                             },
                             "issueType" : {
                               "_type" : {
                                 "_name" : "String"
                               },
                               "_value" : "Warning"
                             },
                             "message" : {
                               "_type" : {
                                 "_name" : "String"
                               },
                               "_value" : "Ignoring duplicate libraries: '-lc++'"
                             }
                           }
                         ]
                       }
                     },
                     "logRef" : {
                       "_type" : {
                         "_name" : "Reference"
                       },
                       "id" : {
                         "_type" : {
                           "_name" : "String"
                         },
                         "_value" : "0~U40JdPC9ixkVJrvv99NKy7nx5d8dcAn5Fy3g7xuntL8FGq1NmU-WewjfrkVrYy09EMqRXAo2YRaHxD3FLiNdYw=="
                       },
                       "targetType" : {
                         "_type" : {
                           "_name" : "TypeDefinition"
                         },
                         "name" : {
                           "_type" : {
                             "_name" : "String"
                           },
                           "_value" : "ActivityLogSection"
                         }
                       }
                     },
                     "metrics" : {
                       "_type" : {
                         "_name" : "ResultMetrics"
                       },
                       "errorCount" : {
                         "_type" : {
                           "_name" : "Int"
                         },
                         "_value" : "1"
                       },
                       "warningCount" : {
                         "_type" : {
                           "_name" : "Int"
                         },
                         "_value" : "2"
                       }
                     },
                     "resultName" : {
                       "_type" : {
                         "_name" : "String"
                       },
                       "_value" : "build"
                     },
                     "status" : {
                       "_type" : {
                         "_name" : "String"
                       },
                       "_value" : "failed"
                     }
                   },
                   "endedTime" : {
                     "_type" : {
                       "_name" : "Date"
                     },
                     "_value" : "2025-05-29T19:35:25.881-0400"
                   },
                   "runDestination" : {
                     "_type" : {
                       "_name" : "ActionRunDestinationRecord"
                     },
                     "displayName" : {
                       "_type" : {
                         "_name" : "String"
                       },
                       "_value" : "Any iOS Device"
                     },
                     "localComputerRecord" : {
                       "_type" : {
                         "_name" : "ActionDeviceRecord"
                       },
                       "busSpeedInMHz" : {
                         "_type" : {
                           "_name" : "Int"
                         },
                         "_value" : "0"
                       },
                       "cpuCount" : {
                         "_type" : {
                           "_name" : "Int"
                         },
                         "_value" : "1"
                       },
                       "cpuKind" : {
                         "_type" : {
                           "_name" : "String"
                         },
                         "_value" : "Apple M4"
                       },
                       "cpuSpeedInMHz" : {
                         "_type" : {
                           "_name" : "Int"
                         },
                         "_value" : "0"
                       },
                       "identifier" : {
                         "_type" : {
                           "_name" : "String"
                         },
                         "_value" : "00008132-001609892121801C"
                       },
                       "isConcreteDevice" : {
                         "_type" : {
                           "_name" : "Bool"
                         },
                         "_value" : "true"
                       },
                       "logicalCPUCoresPerPackage" : {
                         "_type" : {
                           "_name" : "Int"
                         },
                         "_value" : "10"
                       },
                       "modelCode" : {
                         "_type" : {
                           "_name" : "String"
                         },
                         "_value" : "Mac16,10"
                       },
                       "modelName" : {
                         "_type" : {
                           "_name" : "String"
                         },
                         "_value" : "Mac mini"
                       },
                       "modelUTI" : {
                         "_type" : {
                           "_name" : "String"
                         },
                         "_value" : "com.apple.macmini-2024"
                       },
                       "name" : {
                         "_type" : {
                           "_name" : "String"
                         },
                         "_value" : "My Mac"
                       },
                       "nativeArchitecture" : {
                         "_type" : {
                           "_name" : "String"
                         },
                         "_value" : "arm64e"
                       },
                       "operatingSystemVersion" : {
                         "_type" : {
                           "_name" : "String"
                         },
                         "_value" : "15.5"
                       },
                       "operatingSystemVersionWithBuildNumber" : {
                         "_type" : {
                           "_name" : "String"
                         },
                         "_value" : "15.5 (24F74)"
                       },
                       "physicalCPUCoresPerPackage" : {
                         "_type" : {
                           "_name" : "Int"
                         },
                         "_value" : "10"
                       },
                       "platformRecord" : {
                         "_type" : {
                           "_name" : "ActionPlatformRecord"
                         },
                         "identifier" : {
                           "_type" : {
                             "_name" : "String"
                           },
                           "_value" : "com.apple.platform.macosx"
                         },
                         "userDescription" : {
                           "_type" : {
                             "_name" : "String"
                           },
                           "_value" : "macOS"
                         }
                       },
                       "ramSizeInMegabytes" : {
                         "_type" : {
                           "_name" : "Int"
                         },
                         "_value" : "16384"
                       }
                     },
                     "targetArchitecture" : {
                       "_type" : {
                         "_name" : "String"
                       },
                       "_value" : "undefined_arch"
                     },
                     "targetDeviceRecord" : {
                       "_type" : {
                         "_name" : "ActionDeviceRecord"
                       },
                       "busSpeedInMHz" : {
                         "_type" : {
                           "_name" : "Int"
                         },
                         "_value" : "0"
                       },
                       "cpuCount" : {
                         "_type" : {
                           "_name" : "Int"
                         },
                         "_value" : "0"
                       },
                       "cpuSpeedInMHz" : {
                         "_type" : {
                           "_name" : "Int"
                         },
                         "_value" : "0"
                       },
                       "identifier" : {
                         "_type" : {
                           "_name" : "String"
                         },
                         "_value" : "dvtdevice-DVTiPhonePlaceholder-iphoneos:placeholder"
                       },
                       "logicalCPUCoresPerPackage" : {
                         "_type" : {
                           "_name" : "Int"
                         },
                         "_value" : "0"
                       },
                       "modelCode" : {
                         "_type" : {
                           "_name" : "String"
                         },
                         "_value" : "GenericiOS"
                       },
                       "modelName" : {
                         "_type" : {
                           "_name" : "String"
                         },
                         "_value" : "GenericiOS"
                       },
                       "modelUTI" : {
                         "_type" : {
                           "_name" : "String"
                         },
                         "_value" : "com.apple.dt.Xcode.device.GenericiOS"
                       },
                       "name" : {
                         "_type" : {
                           "_name" : "String"
                         },
                         "_value" : "Any iOS Device"
                       },
                       "nativeArchitecture" : {
                         "_type" : {
                           "_name" : "String"
                         },
                         "_value" : "undefined_arch"
                       },
                       "physicalCPUCoresPerPackage" : {
                         "_type" : {
                           "_name" : "Int"
                         },
                         "_value" : "0"
                       },
                       "platformRecord" : {
                         "_type" : {
                           "_name" : "ActionPlatformRecord"
                         },
                         "identifier" : {
                           "_type" : {
                             "_name" : "String"
                           },
                           "_value" : "com.apple.platform.iphoneos"
                         },
                         "userDescription" : {
                           "_type" : {
                             "_name" : "String"
                           },
                           "_value" : "iOS"
                         }
                       },
                       "ramSizeInMegabytes" : {
                         "_type" : {
                           "_name" : "Int"
                         },
                         "_value" : "0"
                       }
                     },
                     "targetSDKRecord" : {
                       "_type" : {
                         "_name" : "ActionSDKRecord"
                       },
                       "identifier" : {
                         "_type" : {
                           "_name" : "String"
                         },
                         "_value" : "iphoneos18.4"
                       },
                       "name" : {
                         "_type" : {
                           "_name" : "String"
                         },
                         "_value" : "iOS 18.4"
                       },
                       "operatingSystemVersion" : {
                         "_type" : {
                           "_name" : "String"
                         },
                         "_value" : "18.4"
                       }
                     }
                   },
                   "schemeCommandName" : {
                     "_type" : {
                       "_name" : "String"
                     },
                     "_value" : "Run"
                   },
                   "schemeTaskName" : {
                     "_type" : {
                       "_name" : "String"
                     },
                     "_value" : "Build"
                   },
                   "startedTime" : {
                     "_type" : {
                       "_name" : "Date"
                     },
                     "_value" : "2025-05-29T19:35:23.202-0400"
                   },
                   "title" : {
                     "_type" : {
                       "_name" : "String"
                     },
                     "_value" : "Build \"Runner\""
                   }
                 }
               ]
             },
             "issues" : {
               "_type" : {
                 "_name" : "ResultIssueSummaries"
               },
               "errorSummaries" : {
                 "_type" : {
                   "_name" : "Array"
                 },
                 "_values" : [
                   {
                     "_type" : {
                       "_name" : "IssueSummary"
                     },
                     "issueType" : {
                       "_type" : {
                         "_name" : "String"
                       },
                       "_value" : "Error"
                     },
                     "message" : {
                       "_type" : {
                         "_name" : "String"
                       },
                       "_value" : "unsupported option '-G' for target 'arm64-apple-ios13.0'"
                     }
                   }
                 ]
               },
               "warningSummaries" : {
                 "_type" : {
                   "_name" : "Array"
                 },
                 "_values" : [
                   {
                     "_type" : {
                       "_name" : "IssueSummary"
                     },
                     "issueType" : {
                       "_type" : {
                         "_name" : "String"
                       },
                       "_value" : "Warning"
                     },
                     "message" : {
                       "_type" : {
                         "_name" : "String"
                       },
                       "_value" : "Run script build phase 'Create Symlinks to Header Folders' will be run during every build because it does not specify any outputs. To address this issue, either add output dependencies to the script phase, or configure it to run in every build by unchecking \"Based on dependency analysis\" in the script phase."
                     }
                   },
                   {
                     "_type" : {
                       "_name" : "IssueSummary"
                     },
                     "issueType" : {
                       "_type" : {
                         "_name" : "String"
                       },
                       "_value" : "Warning"
                     },
                     "message" : {
                       "_type" : {
                         "_name" : "String"
                       },
                       "_value" : "Ignoring duplicate libraries: '-lc++'"
                     }
                   }
                 ]
               }
             },
             "metadataRef" : {
               "_type" : {
                 "_name" : "Reference"
               },
               "id" : {
                 "_type" : {
                   "_name" : "String"
                 },
                 "_value" : "0~VUSl6sD9JPb8Z_bszMVKMQI2Ff1-Fi6WcRnbDW2M-7SEgnLj5qy-6893ZA6FP2UlhjpQuzCP0yj59Qr_ts6cCA=="
               },
               "targetType" : {
                 "_type" : {
                   "_name" : "TypeDefinition"
                 },
                 "name" : {
                   "_type" : {
                     "_name" : "String"
                   },
                   "_value" : "ActionsInvocationMetadata"
                 }
               }
             },
             "metrics" : {
               "_type" : {
                 "_name" : "ResultMetrics"
               },
               "errorCount" : {
                 "_type" : {
                   "_name" : "Int"
                 },
                 "_value" : "1"
               },
               "warningCount" : {
                 "_type" : {
                   "_name" : "Int"
                 },
                 "_value" : "2"
               }
             }
           }
[   +2 ms] Failed to build iOS app
[   +4 ms] Error (Xcode): unsupported option '-G' for target 'arm64-apple-ios13.0'

[   +1 ms] "flutter ios" took 6,420ms.
[   +1 ms] executing: sw_vers -productName
[   +7 ms] Exit code 0 from: sw_vers -productName
[        ] macOS
[        ] executing: sw_vers -productVersion
[   +6 ms] Exit code 0 from: sw_vers -productVersion
[        ] 15.5
[        ] executing: sw_vers -buildVersion
[   +7 ms] Exit code 0 from: sw_vers -buildVersion
[        ] 24F74
[        ] executing: uname -m
[   +3 ms] Exit code 0 from: uname -m
[        ] arm64
[   +9 ms] Encountered error while building for device.
[        ] 
           #0      throwToolExit (package:flutter_tools/src/base/common.dart:34:3)
           #1      _BuildIOSSubCommand.runCommand (package:flutter_tools/src/commands/build_ios.dart:783:7)
           <asynchronous suspension>
           #2      FlutterCommand.run.<anonymous closure> (package:flutter_tools/src/runner/flutter_command.dart:1563:27)
           <asynchronous suspension>
           #3      AppContext.run.<anonymous closure> (package:flutter_tools/src/base/context.dart:154:19)
           <asynchronous suspension>
           #4      CommandRunner.runCommand (package:args/command_runner.dart:212:13)
           <asynchronous suspension>
           #5      FlutterCommandRunner.runCommand.<anonymous closure> (package:flutter_tools/src/runner/flutter_command_runner.dart:494:9)
           <asynchronous suspension>
           #6      AppContext.run.<anonymous closure> (package:flutter_tools/src/base/context.dart:154:19)
           <asynchronous suspension>
           #7      FlutterCommandRunner.runCommand (package:flutter_tools/src/runner/flutter_command_runner.dart:431:5)
           <asynchronous suspension>
           #8      run.<anonymous closure>.<anonymous closure> (package:flutter_tools/runner.dart:98:11)
           <asynchronous suspension>
           #9      AppContext.run.<anonymous closure> (package:flutter_tools/src/base/context.dart:154:19)
           <asynchronous suspension>
           #10     main (package:flutter_tools/executable.dart:102:3)
           <asynchronous suspension>


[        ] Running 3 shutdown hooks
[        ] Shutdown hooks complete
[ +192 ms] exiting with code 1
